2026-08-21T16:48:35.918-0300 [INFO] [org.gradle.internal.nativeintegration.services.NativeServices] Initialized native services in: /Users/claratorres1414/.gradle/native
2026-08-21T16:48:35.940-0300 [INFO] [org.gradle.internal.nativeintegration.services.NativeServices] Initialized jansi services in: /Users/claratorres1414/.gradle/native
2026-08-21T16:48:35.953-0300 [LIFECYCLE] [org.gradle.launcher.cli.DebugLoggerWarningAction] 
#############################################################################
   WARNING WARNING WARNING WARNING WARNING WARNING WARNING WARNING WARNING

   Debug level logging will leak security sensitive information!

   For more details, please refer to https://docs.gradle.org/9.5.1/userguide/logging.html#sec:debug_security in the Gradle documentation.
#############################################################################

2026-08-21T16:48:36.003-0300 [DEBUG] [org.gradle.internal.remote.internal.inet.InetAddresses] Adding IP addresses for network interface utun5
2026-08-21T16:48:36.003-0300 [DEBUG] [org.gradle.internal.remote.internal.inet.InetAddresses] Is this a loopback interface? false
2026-08-21T16:48:36.003-0300 [DEBUG] [org.gradle.internal.remote.internal.inet.InetAddresses] Adding remote address /fe80:0:0:0:66c1:472:72f7:34ce%utun5
2026-08-21T16:48:36.003-0300 [DEBUG] [org.gradle.internal.remote.internal.inet.InetAddresses] Adding IP addresses for network interface utun4
2026-08-21T16:48:36.003-0300 [DEBUG] [org.gradle.internal.remote.internal.inet.InetAddresses] Is this a loopback interface? false
2026-08-21T16:48:36.003-0300 [DEBUG] [org.gradle.internal.remote.internal.inet.InetAddresses] Adding remote address /fe80:0:0:0:d7ed:a552:7f64:5343%utun4
2026-08-21T16:48:36.003-0300 [DEBUG] [org.gradle.internal.remote.internal.inet.InetAddresses] Adding IP addresses for network interface utun3
2026-08-21T16:48:36.003-0300 [DEBUG] [org.gradle.internal.remote.internal.inet.InetAddresses] Is this a loopback interface? false
2026-08-21T16:48:36.003-0300 [DEBUG] [org.gradle.internal.remote.internal.inet.InetAddresses] Adding remote address /fe80:0:0:0:ce81:b1c:bd2c:69e%utun3
2026-08-21T16:48:36.003-0300 [DEBUG] [org.gradle.internal.remote.internal.inet.InetAddresses] Adding IP addresses for network interface utun2
2026-08-21T16:48:36.003-0300 [DEBUG] [org.gradle.internal.remote.internal.inet.InetAddresses] Is this a loopback interface? false
2026-08-21T16:48:36.003-0300 [DEBUG] [org.gradle.internal.remote.internal.inet.InetAddresses] Adding remote address /fe80:0:0:0:f211:ff99:709c:2e23%utun2
2026-08-21T16:48:36.003-0300 [DEBUG] [org.gradle.internal.remote.internal.inet.InetAddresses] Adding IP addresses for network interface llw0
2026-08-21T16:48:36.003-0300 [DEBUG] [org.gradle.internal.remote.internal.inet.InetAddresses] Is this a loopback interface? false
2026-08-21T16:48:36.003-0300 [DEBUG] [org.gradle.internal.remote.internal.inet.InetAddresses] Adding remote address /fe80:0:0:0:a43b:89ff:fe1c:a9b%llw0
2026-08-21T16:48:36.003-0300 [DEBUG] [org.gradle.internal.remote.internal.inet.InetAddresses] Adding IP addresses for network interface awdl0
2026-08-21T16:48:36.003-0300 [DEBUG] [org.gradle.internal.remote.internal.inet.InetAddresses] Is this a loopback interface? false
2026-08-21T16:48:36.003-0300 [DEBUG] [org.gradle.internal.remote.internal.inet.InetAddresses] Adding remote address /fe80:0:0:0:a43b:89ff:fe1c:a9b%awdl0
2026-08-21T16:48:36.003-0300 [DEBUG] [org.gradle.internal.remote.internal.inet.InetAddresses] Adding IP addresses for network interface utun1
2026-08-21T16:48:36.003-0300 [DEBUG] [org.gradle.internal.remote.internal.inet.InetAddresses] Is this a loopback interface? false
2026-08-21T16:48:36.003-0300 [DEBUG] [org.gradle.internal.remote.internal.inet.InetAddresses] Adding remote address /fe80:0:0:0:c299:86f2:a24e:5a7c%utun1
2026-08-21T16:48:36.003-0300 [DEBUG] [org.gradle.internal.remote.internal.inet.InetAddresses] Adding IP addresses for network interface utun0
2026-08-21T16:48:36.003-0300 [DEBUG] [org.gradle.internal.remote.internal.inet.InetAddresses] Is this a loopback interface? false
2026-08-21T16:48:36.003-0300 [DEBUG] [org.gradle.internal.remote.internal.inet.InetAddresses] Adding remote address /fe80:0:0:0:1ccf:3432:479e:38f5%utun0
2026-08-21T16:48:36.003-0300 [DEBUG] [org.gradle.internal.remote.internal.inet.InetAddresses] Adding IP addresses for network interface en0
2026-08-21T16:48:36.003-0300 [DEBUG] [org.gradle.internal.remote.internal.inet.InetAddresses] Is this a loopback interface? false
2026-08-21T16:48:36.003-0300 [DEBUG] [org.gradle.internal.remote.internal.inet.InetAddresses] Adding remote address /fd00:0:0:0:481:e225:c0d3:6365%en0
2026-08-21T16:48:36.003-0300 [DEBUG] [org.gradle.internal.remote.internal.inet.InetAddresses] Adding remote address /fe80:0:0:0:1448:9da1:da4b:2637%en0
2026-08-21T16:48:36.003-0300 [DEBUG] [org.gradle.internal.remote.internal.inet.InetAddresses] Adding remote address /192.168.1.110
2026-08-21T16:48:36.003-0300 [DEBUG] [org.gradle.internal.remote.internal.inet.InetAddresses] Adding IP addresses for network interface lo0
2026-08-21T16:48:36.003-0300 [DEBUG] [org.gradle.internal.remote.internal.inet.InetAddresses] Is this a loopback interface? true
2026-08-21T16:48:36.003-0300 [DEBUG] [org.gradle.internal.remote.internal.inet.InetAddresses] Ignoring remote address on loopback interface /fe80:0:0:0:0:0:0:1%lo0
2026-08-21T16:48:36.003-0300 [DEBUG] [org.gradle.internal.remote.internal.inet.InetAddresses] Adding loopback address /0:0:0:0:0:0:0:1%lo0
2026-08-21T16:48:36.003-0300 [DEBUG] [org.gradle.internal.remote.internal.inet.InetAddresses] Adding loopback address /127.0.0.1
2026-08-21T16:48:36.033-0300 [DEBUG] [org.gradle.cache.internal.DefaultCacheCoordinator] Creating new cache for metadata, path /Users/claratorres1414/.gradle/caches/9.5.1/jvms/metadata.bin, access org.gradle.cache.internal.DefaultCacheCoordinator@7357a011
2026-08-21T16:48:36.054-0300 [DEBUG] [org.gradle.launcher.daemon.client.DaemonClient] Executing build ef36f9a2-c484-49d5-8208-dbf432800630 in daemon client {pid=6191}
2026-08-21T16:48:36.056-0300 [DEBUG] [org.gradle.cache.internal.DefaultFileLockManager] Waiting to acquire shared lock on daemon addresses registry.
2026-08-21T16:48:36.057-0300 [DEBUG] [org.gradle.cache.internal.DefaultFileLockManager] Lock acquired on daemon addresses registry.
2026-08-21T16:48:36.059-0300 [DEBUG] [org.gradle.cache.internal.DefaultFileLockManager] Releasing lock on daemon addresses registry.
2026-08-21T16:48:36.066-0300 [DEBUG] [org.gradle.internal.remote.internal.inet.TcpOutgoingConnector] Attempting to connect to [84728b73-e756-4b01-97ad-8df383ce37aa port:50033, addresses:[/127.0.0.1]].
2026-08-21T16:48:36.066-0300 [DEBUG] [org.gradle.internal.remote.internal.inet.TcpOutgoingConnector] Trying to connect to address /127.0.0.1.
2026-08-21T16:48:36.068-0300 [DEBUG] [org.gradle.internal.remote.internal.inet.TcpOutgoingConnector] Connected to address /127.0.0.1:50033.
2026-08-21T16:48:36.075-0300 [DEBUG] [org.gradle.launcher.daemon.client.DaemonClient] Connected to daemon DaemonInfo{pid=3855, address=[84728b73-e756-4b01-97ad-8df383ce37aa port:50033, addresses:[/127.0.0.1]], state=Idle, lastBusy=1787341271268, context=DefaultDaemonContext[uid=54c4bf81-9486-4488-80b5-29e5439be90e,javaHome=/Users/claratorres1414/Library/Java/JavaVirtualMachines/openjdk-24.0.1/Contents/Home,javaVersion=24,javaVendor=Oracle Corporation,daemonRegistryDir=/Users/claratorres1414/.gradle/daemon,pid=3855,idleTimeout=10800000,priority=NORMAL,applyInstrumentationAgent=true,nativeServicesMode=ENABLED,daemonOpts=-XX:MaxMetaspaceSize=384m,-XX:+HeapDumpOnOutOfMemoryError,-Xms256m,-Xmx512m,-Dfile.encoding=UTF-8,-Duser.country=BR,-Duser.language=pt,-Duser.variant]}. Dispatching request Build{id=ef36f9a2-c484-49d5-8208-dbf432800630, currentDir=/Users/claratorres1414/Desktop/spring-bootstrap}.
2026-08-21T16:48:36.075-0300 [DEBUG] [org.gradle.launcher.daemon.client.DaemonClientConnection] thread 3: dispatching class org.gradle.launcher.daemon.protocol.Build
2026-08-21T16:48:36.078-0300 [DEBUG] [org.gradle.launcher.daemon.client.DaemonClient] Received result org.gradle.launcher.daemon.protocol.BuildStarted@614df0a4 from daemon DaemonInfo{pid=3855, address=[84728b73-e756-4b01-97ad-8df383ce37aa port:50033, addresses:[/127.0.0.1]], state=Idle, lastBusy=1787341271268, context=DefaultDaemonContext[uid=54c4bf81-9486-4488-80b5-29e5439be90e,javaHome=/Users/claratorres1414/Library/Java/JavaVirtualMachines/openjdk-24.0.1/Contents/Home,javaVersion=24,javaVendor=Oracle Corporation,daemonRegistryDir=/Users/claratorres1414/.gradle/daemon,pid=3855,idleTimeout=10800000,priority=NORMAL,applyInstrumentationAgent=true,nativeServicesMode=ENABLED,daemonOpts=-XX:MaxMetaspaceSize=384m,-XX:+HeapDumpOnOutOfMemoryError,-Xms256m,-Xmx512m,-Dfile.encoding=UTF-8,-Duser.country=BR,-Duser.language=pt,-Duser.variant]} (build should be starting).
2026-08-21T16:48:36.078-0300 [INFO] [org.gradle.launcher.daemon.server.exec.LogToClient] The client will now receive all logging from the daemon (pid: 3855). The daemon log file: /Users/claratorres1414/.gradle/daemon/9.5.1/daemon-3855.out.log
2026-08-21T16:48:36.078-0300 [INFO] [org.gradle.launcher.daemon.server.exec.LogAndCheckHealth] Starting 11th build in daemon [uptime: 22 mins 12.058 secs, performance: 100%, GC rate: 0.00/s, heap usage: 2% of 512 MiB, non-heap usage: 22% of 384 MiB]
2026-08-21T16:48:36.078-0300 [DEBUG] [org.gradle.launcher.daemon.server.exec.ExecuteBuild] The daemon has started executing the build.
2026-08-21T16:48:36.078-0300 [DEBUG] [org.gradle.launcher.daemon.server.exec.ExecuteBuild] Executing build with daemon context: DefaultDaemonContext[uid=54c4bf81-9486-4488-80b5-29e5439be90e,javaHome=/Users/claratorres1414/Library/Java/JavaVirtualMachines/openjdk-24.0.1/Contents/Home,javaVersion=24,javaVendor=Oracle Corporation,daemonRegistryDir=/Users/claratorres1414/.gradle/daemon,pid=3855,idleTimeout=10800000,priority=NORMAL,applyInstrumentationAgent=true,nativeServicesMode=ENABLED,daemonOpts=-XX:MaxMetaspaceSize=384m,-XX:+HeapDumpOnOutOfMemoryError,-Xms256m,-Xmx512m,-Dfile.encoding=UTF-8,-Duser.country=BR,-Duser.language=pt,-Duser.variant]
2026-08-21T16:48:36.079-0300 [INFO] [org.gradle.internal.work.DefaultWorkerLeaseService] Using 12 worker leases.
2026-08-21T16:48:36.079-0300 [DEBUG] [org.gradle.internal.resources.AbstractTrackedResourceLock] Daemon worker Thread 6: acquired lock on worker lease
2026-08-21T16:48:36.079-0300 [DEBUG] [org.gradle.internal.operations.DefaultBuildOperationRunner] Build operation 'Run build' started
2026-08-21T16:48:36.079-0300 [INFO] [org.gradle.internal.buildtree.control.DefaultBuildModelParametersFactory] Operational build model parameters: {cachingModelBuilding=false, configurationCache=false, configurationCacheDisabledReason=null, configurationCacheParallelLoad=false, configurationCacheParallelStore=false, configureOnDemand=false, invalidateCoupledProjects=false, isolatedProjects=false, modelAsProjectDependency=false, modelBuilding=false, parallelModelBuilding=false, parallelProjectConfiguration=false, parallelProjectExecution=false, resilientModelBuilding=false}
2026-08-21T16:48:36.081-0300 [DEBUG] [org.gradle.cache.internal.DefaultCacheCoordinator] Creating new cache for fileHashes, path /Users/claratorres1414/Desktop/spring-bootstrap/.gradle/9.5.1/fileHashes/fileHashes.bin, access org.gradle.cache.internal.DefaultCacheCoordinator@2203c861
2026-08-21T16:48:36.081-0300 [DEBUG] [org.gradle.cache.internal.LockOnDemandCrossProcessCacheAccess] Acquiring file lock for file hash cache (/Users/claratorres1414/Desktop/spring-bootstrap/.gradle/9.5.1/fileHashes)
2026-08-21T16:48:36.081-0300 [DEBUG] [org.gradle.cache.internal.DefaultFileLockManager] Waiting to acquire exclusive lock on file hash cache (/Users/claratorres1414/Desktop/spring-bootstrap/.gradle/9.5.1/fileHashes).
2026-08-21T16:48:36.081-0300 [DEBUG] [org.gradle.cache.internal.DefaultFileLockManager] Lock acquired on file hash cache (/Users/claratorres1414/Desktop/spring-bootstrap/.gradle/9.5.1/fileHashes).
2026-08-21T16:48:36.082-0300 [DEBUG] [org.gradle.cache.internal.DefaultCacheCoordinator] Creating new cache for outputFiles, path /Users/claratorres1414/Desktop/spring-bootstrap/.gradle/buildOutputCleanup/outputFiles.bin, access org.gradle.cache.internal.DefaultCacheCoordinator@627a3f09
2026-08-21T16:48:36.082-0300 [DEBUG] [org.gradle.cache.internal.LockOnDemandCrossProcessCacheAccess] Acquiring file lock for Build Output Cleanup Cache (/Users/claratorres1414/Desktop/spring-bootstrap/.gradle/buildOutputCleanup)
2026-08-21T16:48:36.082-0300 [DEBUG] [org.gradle.cache.internal.DefaultFileLockManager] Waiting to acquire exclusive lock on Build Output Cleanup Cache (/Users/claratorres1414/Desktop/spring-bootstrap/.gradle/buildOutputCleanup).
2026-08-21T16:48:36.082-0300 [DEBUG] [org.gradle.cache.internal.DefaultFileLockManager] Lock acquired on Build Output Cleanup Cache (/Users/claratorres1414/Desktop/spring-bootstrap/.gradle/buildOutputCleanup).
2026-08-21T16:48:36.082-0300 [DEBUG] [org.gradle.cache.internal.DefaultCacheCoordinator] Creating new cache for resourceHashesCache, path /Users/claratorres1414/Desktop/spring-bootstrap/.gradle/9.5.1/fileHashes/resourceHashesCache.bin, access org.gradle.cache.internal.DefaultCacheCoordinator@2203c861
2026-08-21T16:48:36.083-0300 [INFO] [org.gradle.internal.watch.registry.impl.WatchableHierarchies] Now considering [/Users/claratorres1414/Desktop/spring-bootstrap] as hierarchies to watch
2026-08-21T16:48:36.083-0300 [INFO] [org.gradle.tooling.internal.provider.FileSystemWatchingBuildActionRunner] Watching the file system is configured to be enabled if available
2026-08-21T16:48:36.083-0300 [DEBUG] [org.gradle.tooling.internal.provider.FileSystemWatchingBuildActionRunner] Watching the file system computed to be enabled if available
2026-08-21T16:48:36.083-0300 [DEBUG] [org.gradle.internal.operations.DefaultBuildOperationRunner] Build operation 'Build started for file system watching' started
2026-08-21T16:48:36.084-0300 [DEBUG] [org.gradle.internal.watch.vfs.impl.DefaultWatchableFileSystemDetector] Detected apfs: / from /dev/disk3s1s1 (remote: false)
2026-08-21T16:48:36.084-0300 [DEBUG] [org.gradle.internal.watch.vfs.impl.DefaultWatchableFileSystemDetector] Detected devfs: /dev from devfs (remote: false)
2026-08-21T16:48:36.084-0300 [DEBUG] [org.gradle.internal.watch.vfs.impl.DefaultWatchableFileSystemDetector] Detected apfs: /System/Volumes/VM from /dev/disk3s6 (remote: false)
2026-08-21T16:48:36.084-0300 [DEBUG] [org.gradle.internal.watch.vfs.impl.DefaultWatchableFileSystemDetector] Detected apfs: /System/Volumes/Preboot from /dev/disk3s2 (remote: false)
2026-08-21T16:48:36.084-0300 [DEBUG] [org.gradle.internal.watch.vfs.impl.DefaultWatchableFileSystemDetector] Detected apfs: /System/Volumes/Update from /dev/disk3s4 (remote: false)
2026-08-21T16:48:36.084-0300 [DEBUG] [org.gradle.internal.watch.vfs.impl.DefaultWatchableFileSystemDetector] Detected apfs: /System/Volumes/xarts from /dev/disk1s2 (remote: false)
2026-08-21T16:48:36.084-0300 [DEBUG] [org.gradle.internal.watch.vfs.impl.DefaultWatchableFileSystemDetector] Detected apfs: /System/Volumes/iSCPreboot from /dev/disk1s1 (remote: false)
2026-08-21T16:48:36.084-0300 [DEBUG] [org.gradle.internal.watch.vfs.impl.DefaultWatchableFileSystemDetector] Detected apfs: /System/Volumes/Hardware from /dev/disk1s3 (remote: false)
2026-08-21T16:48:36.084-0300 [DEBUG] [org.gradle.internal.watch.vfs.impl.DefaultWatchableFileSystemDetector] Detected apfs: /System/Volumes/Data from /dev/disk3s5 (remote: false)
2026-08-21T16:48:36.084-0300 [DEBUG] [org.gradle.internal.watch.vfs.impl.DefaultWatchableFileSystemDetector] Detected autofs: /System/Volumes/Data/home from map auto_home (remote: true)
2026-08-21T16:48:36.084-0300 [DEBUG] [org.gradle.internal.watch.vfs.impl.DefaultWatchableFileSystemDetector] Detected apfs: /System/Volumes/Update/mnt1 from /dev/disk3s1 (remote: false)
2026-08-21T16:48:36.084-0300 [DEBUG] [org.gradle.internal.operations.DefaultBuildOperationRunner] Completing Build operation 'Build started for file system watching'
2026-08-21T16:48:36.084-0300 [DEBUG] [org.gradle.internal.operations.DefaultBuildOperationRunner] Build operation 'Build started for file system watching' completed
2026-08-21T16:48:36.084-0300 [INFO] [org.gradle.tooling.internal.provider.FileSystemWatchingBuildActionRunner] File system watching is active
2026-08-21T16:48:36.084-0300 [DEBUG] [org.gradle.internal.operations.DefaultBuildOperationRunner] Build operation 'Load build' started
2026-08-21T16:48:36.084-0300 [DEBUG] [org.gradle.initialization.properties.DefaultGradlePropertiesLoader] Found env project properties: []
2026-08-21T16:48:36.084-0300 [DEBUG] [org.gradle.initialization.properties.DefaultGradlePropertiesLoader] Found system project properties: []
2026-08-21T16:48:36.085-0300 [DEBUG] [org.gradle.initialization.DefaultSettingsPreparer] Loading build definition for build: ':'
2026-08-21T16:48:36.085-0300 [DEBUG] [org.gradle.internal.operations.DefaultBuildOperationRunner] Build operation 'Evaluate settings' started
2026-08-21T16:48:36.085-0300 [DEBUG] [org.gradle.cache.internal.DefaultCacheCoordinator] Creating new cache for workingDirs, path /Users/claratorres1414/Desktop/spring-bootstrap/.gradle/9.5.1/vcsMetadata/workingDirs.bin, access org.gradle.cache.internal.DefaultCacheCoordinator@3ae47fbe
2026-08-21T16:48:36.085-0300 [DEBUG] [org.gradle.internal.locking.LockFileReaderWriter] Lockfiles root: /Users/claratorres1414/Desktop/spring-bootstrap/gradle/dependency-locks
2026-08-21T16:48:36.085-0300 [DEBUG] [org.gradle.cache.internal.DefaultCacheCoordinator] Creating new cache for md5-checksums, path /Users/claratorres1414/Desktop/spring-bootstrap/.gradle/9.5.1/checksums/md5-checksums.bin, access org.gradle.cache.internal.DefaultCacheCoordinator@43d00540
2026-08-21T16:48:36.085-0300 [DEBUG] [org.gradle.cache.internal.LockOnDemandCrossProcessCacheAccess] Acquiring file lock for checksums cache (/Users/claratorres1414/Desktop/spring-bootstrap/.gradle/9.5.1/checksums)
2026-08-21T16:48:36.086-0300 [DEBUG] [org.gradle.cache.internal.DefaultFileLockManager] Waiting to acquire exclusive lock on checksums cache (/Users/claratorres1414/Desktop/spring-bootstrap/.gradle/9.5.1/checksums).
2026-08-21T16:48:36.086-0300 [DEBUG] [org.gradle.cache.internal.DefaultFileLockManager] Lock acquired on checksums cache (/Users/claratorres1414/Desktop/spring-bootstrap/.gradle/9.5.1/checksums).
2026-08-21T16:48:36.086-0300 [DEBUG] [org.gradle.cache.internal.DefaultCacheCoordinator] Creating new cache for sha1-checksums, path /Users/claratorres1414/Desktop/spring-bootstrap/.gradle/9.5.1/checksums/sha1-checksums.bin, access org.gradle.cache.internal.DefaultCacheCoordinator@43d00540
2026-08-21T16:48:36.086-0300 [DEBUG] [org.gradle.cache.internal.DefaultCacheCoordinator] Creating new cache for sha256-checksums, path /Users/claratorres1414/Desktop/spring-bootstrap/.gradle/9.5.1/checksums/sha256-checksums.bin, access org.gradle.cache.internal.DefaultCacheCoordinator@43d00540
2026-08-21T16:48:36.086-0300 [DEBUG] [org.gradle.cache.internal.DefaultCacheCoordinator] Creating new cache for sha512-checksums, path /Users/claratorres1414/Desktop/spring-bootstrap/.gradle/9.5.1/checksums/sha512-checksums.bin, access org.gradle.cache.internal.DefaultCacheCoordinator@43d00540
2026-08-21T16:48:36.086-0300 [DEBUG] [org.gradle.api.internal.artifacts.mvnsettings.DefaultLocalMavenRepositoryLocator] No local repository in Settings file defined. Using default path: /Users/claratorres1414/.m2/repository
2026-08-21T16:48:36.087-0300 [DEBUG] [org.gradle.cache.internal.DefaultCacheCoordinator] Creating new cache for md-supplier, path /Users/claratorres1414/.gradle/caches/9.5.1/md-supplier/md-supplier.bin, access org.gradle.cache.internal.DefaultCacheCoordinator@34c4891
2026-08-21T16:48:36.087-0300 [DEBUG] [org.gradle.cache.internal.LockOnDemandCrossProcessCacheAccess] Acquiring file lock for cache directory md-supplier (/Users/claratorres1414/.gradle/caches/9.5.1/md-supplier)
2026-08-21T16:48:36.087-0300 [DEBUG] [org.gradle.cache.internal.DefaultFileLockManager] Waiting to acquire exclusive lock on cache directory md-supplier (/Users/claratorres1414/.gradle/caches/9.5.1/md-supplier).
2026-08-21T16:48:36.087-0300 [DEBUG] [org.gradle.cache.internal.DefaultFileLockManager] Lock acquired on cache directory md-supplier (/Users/claratorres1414/.gradle/caches/9.5.1/md-supplier).
2026-08-21T16:48:36.088-0300 [DEBUG] [org.gradle.cache.internal.DefaultCacheCoordinator] Creating new cache for md-rule, path /Users/claratorres1414/.gradle/caches/9.5.1/md-rule/md-rule.bin, access org.gradle.cache.internal.DefaultCacheCoordinator@5ac5406a
2026-08-21T16:48:36.088-0300 [DEBUG] [org.gradle.cache.internal.LockOnDemandCrossProcessCacheAccess] Acquiring file lock for cache directory md-rule (/Users/claratorres1414/.gradle/caches/9.5.1/md-rule)
2026-08-21T16:48:36.088-0300 [DEBUG] [org.gradle.cache.internal.DefaultFileLockManager] Waiting to acquire exclusive lock on cache directory md-rule (/Users/claratorres1414/.gradle/caches/9.5.1/md-rule).
2026-08-21T16:48:36.088-0300 [DEBUG] [org.gradle.cache.internal.DefaultFileLockManager] Lock acquired on cache directory md-rule (/Users/claratorres1414/.gradle/caches/9.5.1/md-rule).
2026-08-21T16:48:36.088-0300 [INFO] [org.gradle.internal.buildevents.BuildLogger] Starting Build
2026-08-21T16:48:36.088-0300 [DEBUG] [org.gradle.internal.buildevents.BuildLogger] Gradle user home: /Users/claratorres1414/.gradle
2026-08-21T16:48:36.088-0300 [DEBUG] [org.gradle.internal.buildevents.BuildLogger] Current dir: /Users/claratorres1414/Desktop/spring-bootstrap
2026-08-21T16:48:36.089-0300 [DEBUG] [org.gradle.internal.operations.DefaultBuildOperationRunner] Build operation 'Apply settings file 'settings.gradle' to settings 'spring-bootstrap'' started
2026-08-21T16:48:36.089-0300 [DEBUG] [org.gradle.internal.operations.DefaultBuildOperationRunner] Completing Build operation 'Apply settings file 'settings.gradle' to settings 'spring-bootstrap''
2026-08-21T16:48:36.089-0300 [DEBUG] [org.gradle.internal.operations.DefaultBuildOperationRunner] Build operation 'Apply settings file 'settings.gradle' to settings 'spring-bootstrap'' completed
2026-08-21T16:48:36.089-0300 [DEBUG] [org.gradle.initialization.ScriptEvaluatingSettingsProcessor] Timing: Processing settings took: 0.004 secs
2026-08-21T16:48:36.089-0300 [INFO] [org.gradle.internal.buildevents.BuildLogger] Settings evaluated using settings file '/Users/claratorres1414/Desktop/spring-bootstrap/settings.gradle'.
2026-08-21T16:48:36.090-0300 [DEBUG] [org.gradle.internal.locking.LockFileReaderWriter] Lockfiles root: /Users/claratorres1414/Desktop/spring-bootstrap/gradle/dependency-locks
2026-08-21T16:48:36.090-0300 [DEBUG] [org.gradle.caching.configuration.internal.DefaultBuildCacheConfiguration] Found class org.gradle.caching.local.internal.DirectoryBuildCacheServiceFactory registered for class org.gradle.caching.local.DirectoryBuildCache
2026-08-21T16:48:36.090-0300 [DEBUG] [org.gradle.internal.operations.DefaultBuildOperationRunner] Build operation 'Finalize build cache configuration' started
2026-08-21T16:48:36.090-0300 [DEBUG] [org.gradle.internal.operations.DefaultBuildOperationRunner] Completing Build operation 'Finalize build cache configuration'
2026-08-21T16:48:36.090-0300 [DEBUG] [org.gradle.internal.operations.DefaultBuildOperationRunner] Build operation 'Finalize build cache configuration' completed
2026-08-21T16:48:36.090-0300 [DEBUG] [org.gradle.internal.operations.DefaultBuildOperationRunner] Completing Build operation 'Evaluate settings'
2026-08-21T16:48:36.090-0300 [DEBUG] [org.gradle.internal.operations.DefaultBuildOperationRunner] Build operation 'Evaluate settings' completed
2026-08-21T16:48:36.090-0300 [DEBUG] [org.gradle.internal.operations.DefaultBuildOperationRunner] Completing Build operation 'Load build'
2026-08-21T16:48:36.090-0300 [DEBUG] [org.gradle.internal.operations.DefaultBuildOperationRunner] Build operation 'Load build' completed
2026-08-21T16:48:36.090-0300 [DEBUG] [org.gradle.internal.operations.DefaultBuildOperationRunner] Build operation 'Configure build' started
2026-08-21T16:48:36.090-0300 [DEBUG] [org.gradle.internal.operations.DefaultBuildOperationRunner] Build operation 'Load projects' started
2026-08-21T16:48:36.091-0300 [DEBUG] [org.gradle.internal.operations.DefaultBuildOperationRunner] Completing Build operation 'Load projects'
2026-08-21T16:48:36.091-0300 [DEBUG] [org.gradle.internal.operations.DefaultBuildOperationRunner] Build operation 'Load projects' completed
2026-08-21T16:48:36.091-0300 [DEBUG] [org.gradle.internal.operations.DefaultBuildOperationRunner] Build operation 'Notify projectsLoaded listeners' started
2026-08-21T16:48:36.091-0300 [INFO] [org.gradle.internal.buildevents.BuildLogger] Projects loaded. Root project using build file '/Users/claratorres1414/Desktop/spring-bootstrap/build.gradle'.
2026-08-21T16:48:36.091-0300 [INFO] [org.gradle.internal.buildevents.BuildLogger] Included projects: [root project 'spring-bootstrap']
2026-08-21T16:48:36.091-0300 [DEBUG] [org.gradle.internal.operations.DefaultBuildOperationRunner] Completing Build operation 'Notify projectsLoaded listeners'
2026-08-21T16:48:36.091-0300 [DEBUG] [org.gradle.internal.operations.DefaultBuildOperationRunner] Build operation 'Notify projectsLoaded listeners' completed
2026-08-21T16:48:36.091-0300 [DEBUG] [org.gradle.internal.operations.DefaultBuildOperationRunner] Build operation 'Configure project :' started
2026-08-21T16:48:36.092-0300 [DEBUG] [org.gradle.internal.operations.DefaultBuildOperationRunner] Build operation 'Notify beforeEvaluate listeners of :' started
2026-08-21T16:48:36.092-0300 [DEBUG] [org.gradle.internal.operations.DefaultBuildOperationRunner] Completing Build operation 'Notify beforeEvaluate listeners of :'
2026-08-21T16:48:36.092-0300 [DEBUG] [org.gradle.internal.operations.DefaultBuildOperationRunner] Build operation 'Apply plugin org.gradle.help-tasks to root project 'spring-bootstrap'' started
2026-08-21T16:48:36.092-0300 [DEBUG] [org.gradle.internal.operations.DefaultBuildOperationRunner] Build operation 'Register task :help' started
2026-08-21T16:48:36.092-0300 [DEBUG] [org.gradle.internal.operations.DefaultBuildOperationRunner] Completing Build operation 'Register task :help'
2026-08-21T16:48:36.092-0300 [DEBUG] [org.gradle.internal.operations.DefaultBuildOperationRunner] Build operation 'Register task :projects' started
2026-08-21T16:48:36.092-0300 [DEBUG] [org.gradle.internal.operations.DefaultBuildOperationRunner] Completing Build operation 'Register task :projects'
2026-08-21T16:48:36.092-0300 [DEBUG] [org.gradle.internal.operations.DefaultBuildOperationRunner] Build operation 'Register task :tasks' started
2026-08-21T16:48:36.092-0300 [DEBUG] [org.gradle.internal.operations.DefaultBuildOperationRunner] Completing Build operation 'Register task :tasks'
2026-08-21T16:48:36.092-0300 [DEBUG] [org.gradle.internal.operations.DefaultBuildOperationRunner] Build operation 'Register task :properties' started
2026-08-21T16:48:36.092-0300 [DEBUG] [org.gradle.internal.operations.DefaultBuildOperationRunner] Completing Build operation 'Register task :properties'
2026-08-21T16:48:36.092-0300 [DEBUG] [org.gradle.internal.operations.DefaultBuildOperationRunner] Completing Build operation 'Apply plugin org.gradle.help-tasks to root project 'spring-bootstrap''
2026-08-21T16:48:36.093-0300 [DEBUG] [org.gradle.internal.operations.DefaultBuildOperationRunner] Build operation 'Apply plugin org.gradle.software-reporting-tasks to root project 'spring-bootstrap'' started
2026-08-21T16:48:36.093-0300 [DEBUG] [org.gradle.internal.operations.DefaultBuildOperationRunner] Build operation 'Register task :dependencyInsight' started
2026-08-21T16:48:36.093-0300 [DEBUG] [org.gradle.internal.operations.DefaultBuildOperationRunner] Completing Build operation 'Register task :dependencyInsight'
2026-08-21T16:48:36.093-0300 [DEBUG] [org.gradle.internal.operations.DefaultBuildOperationRunner] Build operation 'Register task :dependencies' started
2026-08-21T16:48:36.093-0300 [DEBUG] [org.gradle.internal.operations.DefaultBuildOperationRunner] Completing Build operation 'Register task :dependencies'
2026-08-21T16:48:36.093-0300 [DEBUG] [org.gradle.internal.operations.DefaultBuildOperationRunner] Build operation 'Register task :buildEnvironment' started
2026-08-21T16:48:36.093-0300 [DEBUG] [org.gradle.internal.operations.DefaultBuildOperationRunner] Completing Build operation 'Register task :buildEnvironment'
2026-08-21T16:48:36.093-0300 [DEBUG] [org.gradle.internal.operations.DefaultBuildOperationRunner] Build operation 'Register task :outgoingVariants' started
2026-08-21T16:48:36.093-0300 [DEBUG] [org.gradle.internal.operations.DefaultBuildOperationRunner] Completing Build operation 'Register task :outgoingVariants'
2026-08-21T16:48:36.093-0300 [DEBUG] [org.gradle.internal.operations.DefaultBuildOperationRunner] Build operation 'Register task :resolvableConfigurations' started
2026-08-21T16:48:36.093-0300 [DEBUG] [org.gradle.internal.operations.DefaultBuildOperationRunner] Completing Build operation 'Register task :resolvableConfigurations'
2026-08-21T16:48:36.093-0300 [DEBUG] [org.gradle.internal.operations.DefaultBuildOperationRunner] Build operation 'Register task :artifactTransforms' started
2026-08-21T16:48:36.093-0300 [DEBUG] [org.gradle.internal.operations.DefaultBuildOperationRunner] Completing Build operation 'Register task :artifactTransforms'
2026-08-21T16:48:36.093-0300 [DEBUG] [org.gradle.internal.operations.DefaultBuildOperationRunner] Completing Build operation 'Apply plugin org.gradle.software-reporting-tasks to root project 'spring-bootstrap''
2026-08-21T16:48:36.093-0300 [DEBUG] [org.gradle.internal.operations.DefaultBuildOperationRunner] Build operation 'Apply plugin org.gradle.build-init to root project 'spring-bootstrap'' started
2026-08-21T16:48:36.093-0300 [DEBUG] [org.gradle.internal.operations.DefaultBuildOperationRunner] Build operation 'Register task :init' started
2026-08-21T16:48:36.093-0300 [DEBUG] [org.gradle.internal.operations.DefaultBuildOperationRunner] Completing Build operation 'Register task :init'
2026-08-21T16:48:36.093-0300 [DEBUG] [org.gradle.internal.operations.DefaultBuildOperationRunner] Completing Build operation 'Apply plugin org.gradle.build-init to root project 'spring-bootstrap''
2026-08-21T16:48:36.093-0300 [DEBUG] [org.gradle.internal.operations.DefaultBuildOperationRunner] Build operation 'Apply plugin org.gradle.wrapper to root project 'spring-bootstrap'' started
2026-08-21T16:48:36.093-0300 [DEBUG] [org.gradle.internal.operations.DefaultBuildOperationRunner] Build operation 'Register task :wrapper' started
2026-08-21T16:48:36.093-0300 [DEBUG] [org.gradle.internal.operations.DefaultBuildOperationRunner] Completing Build operation 'Register task :wrapper'
2026-08-21T16:48:36.093-0300 [DEBUG] [org.gradle.internal.operations.DefaultBuildOperationRunner] Completing Build operation 'Apply plugin org.gradle.wrapper to root project 'spring-bootstrap''
2026-08-21T16:48:36.093-0300 [DEBUG] [org.gradle.internal.operations.DefaultBuildOperationRunner] Build operation 'Register task :updateDaemonJvm' started
2026-08-21T16:48:36.093-0300 [DEBUG] [org.gradle.internal.operations.DefaultBuildOperationRunner] Completing Build operation 'Register task :updateDaemonJvm'
2026-08-21T16:48:36.093-0300 [DEBUG] [org.gradle.internal.operations.DefaultBuildOperationRunner] Build operation 'Register task :javaToolchains' started
2026-08-21T16:48:36.093-0300 [DEBUG] [org.gradle.internal.operations.DefaultBuildOperationRunner] Completing Build operation 'Register task :javaToolchains'
2026-08-21T16:48:36.093-0300 [DEBUG] [org.gradle.internal.operations.DefaultBuildOperationRunner] Build operation 'Register task :prepareKotlinBuildScriptModel' started
2026-08-21T16:48:36.093-0300 [DEBUG] [org.gradle.internal.operations.DefaultBuildOperationRunner] Completing Build operation 'Register task :prepareKotlinBuildScriptModel'
2026-08-21T16:48:36.094-0300 [DEBUG] [org.gradle.internal.operations.DefaultBuildOperationRunner] Build operation 'Apply build file 'build.gradle' to root project 'spring-bootstrap'' started
2026-08-21T16:48:36.096-0300 [DEBUG] [org.gradle.internal.operations.DefaultBuildOperationRunner] Build operation 'Resolve dependencies of detachedConfiguration1' started
2026-08-21T16:48:36.098-0300 [DEBUG] [org.gradle.internal.operations.DefaultBuildOperationRunner] Completing Build operation 'Resolve dependencies of detachedConfiguration1'
2026-08-21T16:48:36.098-0300 [DEBUG] [org.gradle.internal.operations.DefaultBuildOperationRunner] Build operation 'Resolve files of configuration 'detachedConfiguration1'' started
2026-08-21T16:48:36.098-0300 [DEBUG] [org.gradle.internal.operations.DefaultBuildOperationRunner] Completing Build operation 'Resolve files of configuration 'detachedConfiguration1''
2026-08-21T16:48:36.099-0300 [DEBUG] [org.gradle.internal.operations.DefaultBuildOperationRunner] Build operation 'Resolve dependencies of detachedConfiguration2' started
2026-08-21T16:48:36.100-0300 [DEBUG] [org.gradle.internal.operations.DefaultBuildOperationRunner] Completing Build operation 'Resolve dependencies of detachedConfiguration2'
2026-08-21T16:48:36.100-0300 [DEBUG] [org.gradle.internal.operations.DefaultBuildOperationRunner] Build operation 'Resolve files of configuration 'detachedConfiguration2'' started
2026-08-21T16:48:36.100-0300 [DEBUG] [org.gradle.internal.operations.DefaultBuildOperationRunner] Completing Build operation 'Resolve files of configuration 'detachedConfiguration2''
2026-08-21T16:48:36.101-0300 [DEBUG] [org.gradle.internal.operations.DefaultBuildOperationRunner] Build operation 'Resolve buildscript classpath for configuration 'classpath'' started
2026-08-21T16:48:36.101-0300 [DEBUG] [org.gradle.internal.operations.DefaultBuildOperationRunner] Build operation 'Resolve dependencies of classpath' started
2026-08-21T16:48:36.111-0300 [DEBUG] [org.gradle.internal.operations.DefaultBuildOperationRunner] Completing Build operation 'Resolve dependencies of classpath'
2026-08-21T16:48:36.113-0300 [DEBUG] [org.gradle.internal.operations.DefaultBuildOperationRunner] Build operation 'Resolve files of configuration 'classpath'' started
2026-08-21T16:48:36.113-0300 [DEBUG] [org.gradle.internal.operations.DefaultBuildOperationRunner] Build operation 'Resolve spring-boot-gradle-plugin-4.1.0.jar (org.springframework.boot:spring-boot-gradle-plugin:4.1.0)' started
2026-08-21T16:48:36.113-0300 [DEBUG] [org.gradle.internal.operations.DefaultBuildOperationRunner] Build operation 'Resolve dependency-management-plugin-1.1.7.jar (io.spring.gradle:dependency-management-plugin:1.1.7)' started
2026-08-21T16:48:36.113-0300 [DEBUG] [org.gradle.internal.operations.DefaultBuildOperationRunner] Completing Build operation 'Resolve dependency-management-plugin-1.1.7.jar (io.spring.gradle:dependency-management-plugin:1.1.7)'
2026-08-21T16:48:36.113-0300 [DEBUG] [org.gradle.internal.operations.DefaultBuildOperationRunner] Build operation 'Resolve spring-boot-buildpack-platform-4.1.0.jar (org.springframework.boot:spring-boot-buildpack-platform:4.1.0)' started
2026-08-21T16:48:36.113-0300 [DEBUG] [org.gradle.internal.operations.DefaultBuildOperationRunner] Completing Build operation 'Resolve spring-boot-gradle-plugin-4.1.0.jar (org.springframework.boot:spring-boot-gradle-plugin:4.1.0)'
2026-08-21T16:48:36.114-0300 [DEBUG] [org.gradle.internal.operations.DefaultBuildOperationRunner] Completing Build operation 'Resolve spring-boot-buildpack-platform-4.1.0.jar (org.springframework.boot:spring-boot-buildpack-platform:4.1.0)'
2026-08-21T16:48:36.114-0300 [DEBUG] [org.gradle.internal.operations.DefaultBuildOperationRunner] Build operation 'Resolve commons-compress-1.27.1.jar (org.apache.commons:commons-compress:1.27.1)' started
2026-08-21T16:48:36.113-0300 [DEBUG] [org.gradle.internal.operations.DefaultBuildOperationRunner] Build operation 'Resolve spring-boot-loader-tools-4.1.0.jar (org.springframework.boot:spring-boot-loader-tools:4.1.0)' started
2026-08-21T16:48:36.114-0300 [DEBUG] [org.gradle.internal.operations.DefaultBuildOperationRunner] Completing Build operation 'Resolve commons-compress-1.27.1.jar (org.apache.commons:commons-compress:1.27.1)'
2026-08-21T16:48:36.114-0300 [DEBUG] [org.gradle.internal.operations.DefaultBuildOperationRunner] Build operation 'Resolve jna-platform-5.17.0.jar (net.java.dev.jna:jna-platform:5.17.0)' started
2026-08-21T16:48:36.114-0300 [DEBUG] [org.gradle.internal.operations.DefaultBuildOperationRunner] Build operation 'Resolve spring-core-7.0.8.jar (org.springframework:spring-core:7.0.8)' started
2026-08-21T16:48:36.114-0300 [DEBUG] [org.gradle.internal.operations.DefaultBuildOperationRunner] Completing Build operation 'Resolve jna-platform-5.17.0.jar (net.java.dev.jna:jna-platform:5.17.0)'
2026-08-21T16:48:36.114-0300 [DEBUG] [org.gradle.internal.operations.DefaultBuildOperationRunner] Build operation 'Resolve jackson-core-3.1.4.jar (tools.jackson.core:jackson-core:3.1.4)' started
2026-08-21T16:48:36.114-0300 [DEBUG] [org.gradle.internal.operations.DefaultBuildOperationRunner] Completing Build operation 'Resolve spring-boot-loader-tools-4.1.0.jar (org.springframework.boot:spring-boot-loader-tools:4.1.0)'
2026-08-21T16:48:36.114-0300 [DEBUG] [org.gradle.internal.operations.DefaultBuildOperationRunner] Build operation 'Resolve httpclient5-5.6.1.jar (org.apache.httpcomponents.client5:httpclient5:5.6.1)' started
2026-08-21T16:48:36.114-0300 [DEBUG] [org.gradle.internal.operations.DefaultBuildOperationRunner] Build operation 'Resolve commons-lang3-3.16.0.jar (org.apache.commons:commons-lang3:3.16.0)' started
2026-08-21T16:48:36.114-0300 [DEBUG] [org.gradle.internal.operations.DefaultBuildOperationRunner] Build operation 'Resolve commons-io-2.16.1.jar (commons-io:commons-io:2.16.1)' started
2026-08-21T16:48:36.114-0300 [DEBUG] [org.gradle.internal.operations.DefaultBuildOperationRunner] Build operation 'Resolve commons-codec-1.17.1.jar (commons-codec:commons-codec:1.17.1)' started
2026-08-21T16:48:36.114-0300 [DEBUG] [org.gradle.internal.operations.DefaultBuildOperationRunner] Completing Build operation 'Resolve spring-core-7.0.8.jar (org.springframework:spring-core:7.0.8)'
2026-08-21T16:48:36.114-0300 [DEBUG] [org.gradle.internal.operations.DefaultBuildOperationRunner] Build operation 'Resolve jackson-databind-3.1.4.jar (tools.jackson.core:jackson-databind:3.1.4)' started
2026-08-21T16:48:36.115-0300 [DEBUG] [org.gradle.internal.operations.DefaultBuildOperationRunner] Build operation 'Resolve jspecify-1.0.0.jar (org.jspecify:jspecify:1.0.0)' started
2026-08-21T16:48:36.114-0300 [DEBUG] [org.gradle.internal.operations.DefaultBuildOperationRunner] Completing Build operation 'Resolve jackson-core-3.1.4.jar (tools.jackson.core:jackson-core:3.1.4)'
2026-08-21T16:48:36.114-0300 [DEBUG] [org.gradle.internal.operations.DefaultBuildOperationRunner] Build operation 'Resolve commons-logging-1.3.5.jar (commons-logging:commons-logging:1.3.5)' started
2026-08-21T16:48:36.115-0300 [DEBUG] [org.gradle.internal.operations.DefaultBuildOperationRunner] Build operation 'Resolve httpcore5-h2-5.4.jar (org.apache.httpcomponents.core5:httpcore5-h2:5.4)' started
2026-08-21T16:48:36.115-0300 [DEBUG] [org.gradle.internal.operations.DefaultBuildOperationRunner] Completing Build operation 'Resolve commons-lang3-3.16.0.jar (org.apache.commons:commons-lang3:3.16.0)'
2026-08-21T16:48:36.115-0300 [DEBUG] [org.gradle.internal.operations.DefaultBuildOperationRunner] Completing Build operation 'Resolve httpcore5-h2-5.4.jar (org.apache.httpcomponents.core5:httpcore5-h2:5.4)'
2026-08-21T16:48:36.115-0300 [DEBUG] [org.gradle.internal.operations.DefaultBuildOperationRunner] Build operation 'Resolve slf4j-api-1.7.36.jar (org.slf4j:slf4j-api:1.7.36)' started
2026-08-21T16:48:36.115-0300 [DEBUG] [org.gradle.internal.operations.DefaultBuildOperationRunner] Completing Build operation 'Resolve commons-io-2.16.1.jar (commons-io:commons-io:2.16.1)'
2026-08-21T16:48:36.115-0300 [DEBUG] [org.gradle.internal.operations.DefaultBuildOperationRunner] Build operation 'Resolve antlr4-runtime-4.7.2.jar (org.antlr:antlr4-runtime:4.7.2)' started
2026-08-21T16:48:36.115-0300 [DEBUG] [org.gradle.internal.operations.DefaultBuildOperationRunner] Build operation 'Resolve jna-5.17.0.jar (net.java.dev.jna:jna:5.17.0)' started
2026-08-21T16:48:36.115-0300 [DEBUG] [org.gradle.internal.operations.DefaultBuildOperationRunner] Completing Build operation 'Resolve commons-codec-1.17.1.jar (commons-codec:commons-codec:1.17.1)'
2026-08-21T16:48:36.115-0300 [DEBUG] [org.gradle.internal.operations.DefaultBuildOperationRunner] Build operation 'Resolve jsr305-3.0.2.jar (com.google.code.findbugs:jsr305:3.0.2)' started
2026-08-21T16:48:36.115-0300 [DEBUG] [org.gradle.internal.operations.DefaultBuildOperationRunner] Completing Build operation 'Resolve jspecify-1.0.0.jar (org.jspecify:jspecify:1.0.0)'
2026-08-21T16:48:36.115-0300 [DEBUG] [org.gradle.internal.operations.DefaultBuildOperationRunner] Build operation 'Resolve jackson-annotations-2.21.jar (com.fasterxml.jackson.core:jackson-annotations:2.21)' started
2026-08-21T16:48:36.115-0300 [DEBUG] [org.gradle.internal.operations.DefaultBuildOperationRunner] Completing Build operation 'Resolve jackson-databind-3.1.4.jar (tools.jackson.core:jackson-databind:3.1.4)'
2026-08-21T16:48:36.115-0300 [DEBUG] [org.gradle.internal.operations.DefaultBuildOperationRunner] Completing Build operation 'Resolve jackson-annotations-2.21.jar (com.fasterxml.jackson.core:jackson-annotations:2.21)'
2026-08-21T16:48:36.115-0300 [DEBUG] [org.gradle.internal.operations.DefaultBuildOperationRunner] Completing Build operation 'Resolve jsr305-3.0.2.jar (com.google.code.findbugs:jsr305:3.0.2)'
2026-08-21T16:48:36.115-0300 [DEBUG] [org.gradle.internal.operations.DefaultBuildOperationRunner] Completing Build operation 'Resolve jna-5.17.0.jar (net.java.dev.jna:jna:5.17.0)'
2026-08-21T16:48:36.116-0300 [DEBUG] [org.gradle.internal.operations.DefaultBuildOperationRunner] Completing Build operation 'Resolve slf4j-api-1.7.36.jar (org.slf4j:slf4j-api:1.7.36)'
2026-08-21T16:48:36.115-0300 [DEBUG] [org.gradle.internal.operations.DefaultBuildOperationRunner] Build operation 'Resolve httpcore5-5.4.jar (org.apache.httpcomponents.core5:httpcore5:5.4)' started
2026-08-21T16:48:36.115-0300 [DEBUG] [org.gradle.internal.operations.DefaultBuildOperationRunner] Completing Build operation 'Resolve commons-logging-1.3.5.jar (commons-logging:commons-logging:1.3.5)'
2026-08-21T16:48:36.115-0300 [DEBUG] [org.gradle.internal.operations.DefaultBuildOperationRunner] Completing Build operation 'Resolve httpclient5-5.6.1.jar (org.apache.httpcomponents.client5:httpclient5:5.6.1)'
2026-08-21T16:48:36.116-0300 [DEBUG] [org.gradle.internal.operations.DefaultBuildOperationRunner] Completing Build operation 'Resolve httpcore5-5.4.jar (org.apache.httpcomponents.core5:httpcore5:5.4)'
2026-08-21T16:48:36.116-0300 [DEBUG] [org.gradle.internal.operations.DefaultBuildOperationRunner] Completing Build operation 'Resolve antlr4-runtime-4.7.2.jar (org.antlr:antlr4-runtime:4.7.2)'
2026-08-21T16:48:36.117-0300 [DEBUG] [org.gradle.internal.operations.DefaultBuildOperationRunner] Completing Build operation 'Resolve files of configuration 'classpath''
2026-08-21T16:48:36.119-0300 [DEBUG] [org.gradle.internal.operations.DefaultBuildOperationRunner] Build operation 'Resolve files of configuration 'classpath'' started
2026-08-21T16:48:36.119-0300 [DEBUG] [org.gradle.internal.operations.DefaultBuildOperationRunner] Build operation 'Fingerprint transform inputs' started
2026-08-21T16:48:36.120-0300 [DEBUG] [org.gradle.internal.operations.DefaultBuildOperationRunner] Completing Build operation 'Fingerprint transform inputs'
2026-08-21T16:48:36.121-0300 [DEBUG] [org.gradle.internal.operations.DefaultBuildOperationRunner] Build operation 'Resolve files of configuration 'classpath'' started
2026-08-21T16:48:36.123-0300 [DEBUG] [org.gradle.internal.operations.DefaultBuildOperationRunner] Completing Build operation 'Resolve files of configuration 'classpath''
2026-08-21T16:48:36.123-0300 [DEBUG] [org.gradle.internal.operations.DefaultBuildOperationRunner] Build operation 'Fingerprint transform inputs' started
2026-08-21T16:48:36.123-0300 [DEBUG] [org.gradle.internal.operations.DefaultBuildOperationRunner] Completing Build operation 'Fingerprint transform inputs'
2026-08-21T16:48:36.123-0300 [DEBUG] [org.gradle.internal.operations.DefaultBuildOperationRunner] Build operation 'Fingerprint transform inputs' started
2026-08-21T16:48:36.123-0300 [DEBUG] [org.gradle.internal.operations.DefaultBuildOperationRunner] Completing Build operation 'Fingerprint transform inputs'
2026-08-21T16:48:36.124-0300 [DEBUG] [org.gradle.internal.operations.DefaultBuildOperationRunner] Build operation 'Execute transform chain: spring-boot-gradle-plugin-4.1.0.jar (org.springframework.boot:spring-boot-gradle-plugin:4.1.0)' started
2026-08-21T16:48:36.124-0300 [DEBUG] [org.gradle.internal.operations.DefaultBuildOperationRunner] Build operation 'Execute transform chain: dependency-management-plugin-1.1.7.jar (io.spring.gradle:dependency-management-plugin:1.1.7)' started
2026-08-21T16:48:36.124-0300 [DEBUG] [org.gradle.internal.operations.DefaultBuildOperationRunner] Build operation 'Execute transform chain: spring-boot-buildpack-platform-4.1.0.jar (org.springframework.boot:spring-boot-buildpack-platform:4.1.0)' started
2026-08-21T16:48:36.125-0300 [DEBUG] [org.gradle.internal.operations.DefaultBuildOperationRunner] Build operation 'Execute transform chain: spring-boot-loader-tools-4.1.0.jar (org.springframework.boot:spring-boot-loader-tools:4.1.0)' started
2026-08-21T16:48:36.125-0300 [DEBUG] [org.gradle.internal.operations.DefaultBuildOperationRunner] Build operation 'Execute transform chain: commons-compress-1.27.1.jar (org.apache.commons:commons-compress:1.27.1)' started
2026-08-21T16:48:36.125-0300 [DEBUG] [org.gradle.internal.operations.DefaultBuildOperationRunner] Build operation 'Execute transform chain: httpclient5-5.6.1.jar (org.apache.httpcomponents.client5:httpclient5:5.6.1)' started
2026-08-21T16:48:36.125-0300 [DEBUG] [org.gradle.internal.operations.DefaultBuildOperationRunner] Build operation 'Execute transform chain: spring-core-7.0.8.jar (org.springframework:spring-core:7.0.8)' started
2026-08-21T16:48:36.126-0300 [DEBUG] [org.gradle.internal.operations.DefaultBuildOperationRunner] Completing Build operation 'Execute transform chain: spring-boot-gradle-plugin-4.1.0.jar (org.springframework.boot:spring-boot-gradle-plugin:4.1.0)'
2026-08-21T16:48:36.125-0300 [DEBUG] [org.gradle.internal.operations.DefaultBuildOperationRunner] Build operation 'Execute transform chain: jna-platform-5.17.0.jar (net.java.dev.jna:jna-platform:5.17.0)' started
2026-08-21T16:48:36.126-0300 [DEBUG] [org.gradle.internal.operations.DefaultBuildOperationRunner] Build operation 'Execute transform chain: tomlj-1.0.0.jar (org.tomlj:tomlj:1.0.0)' started
2026-08-21T16:48:36.126-0300 [DEBUG] [org.gradle.internal.operations.DefaultBuildOperationRunner] Build operation 'Execute transform chain: jackson-databind-3.1.4.jar (tools.jackson.core:jackson-databind:3.1.4)' started
2026-08-21T16:48:36.126-0300 [DEBUG] [org.gradle.internal.operations.DefaultBuildOperationRunner] Build operation 'Execute transform chain: jackson-core-3.1.4.jar (tools.jackson.core:jackson-core:3.1.4)' started
2026-08-21T16:48:36.127-0300 [DEBUG] [org.gradle.internal.operations.DefaultBuildOperationRunner] Build operation 'Execute transform chain: commons-codec-1.17.1.jar (commons-codec:commons-codec:1.17.1)' started
2026-08-21T16:48:36.127-0300 [DEBUG] [org.gradle.internal.operations.DefaultBuildOperationRunner] Completing Build operation 'Execute transform chain: spring-boot-buildpack-platform-4.1.0.jar (org.springframework.boot:spring-boot-buildpack-platform:4.1.0)'
2026-08-21T16:48:36.128-0300 [DEBUG] [org.gradle.internal.operations.DefaultBuildOperationRunner] Build operation 'Execute transform chain: commons-io-2.16.1.jar (commons-io:commons-io:2.16.1)' started
2026-08-21T16:48:36.128-0300 [DEBUG] [org.gradle.internal.operations.DefaultBuildOperationRunner] Completing Build operation 'Execute transform chain: spring-boot-loader-tools-4.1.0.jar (org.springframework.boot:spring-boot-loader-tools:4.1.0)'
2026-08-21T16:48:36.129-0300 [DEBUG] [org.gradle.internal.operations.DefaultBuildOperationRunner] Completing Build operation 'Execute transform chain: commons-compress-1.27.1.jar (org.apache.commons:commons-compress:1.27.1)'
2026-08-21T16:48:36.129-0300 [DEBUG] [org.gradle.internal.operations.DefaultBuildOperationRunner] Completing Build operation 'Execute transform chain: spring-core-7.0.8.jar (org.springframework:spring-core:7.0.8)'
2026-08-21T16:48:36.130-0300 [DEBUG] [org.gradle.internal.operations.DefaultBuildOperationRunner] Build operation 'Execute transform chain: commons-logging-1.3.5.jar (commons-logging:commons-logging:1.3.5)' started
2026-08-21T16:48:36.130-0300 [DEBUG] [org.gradle.internal.operations.DefaultBuildOperationRunner] Build operation 'Execute transform chain: commons-lang3-3.16.0.jar (org.apache.commons:commons-lang3:3.16.0)' started
2026-08-21T16:48:36.130-0300 [DEBUG] [org.gradle.internal.operations.DefaultBuildOperationRunner] Completing Build operation 'Execute transform chain: httpclient5-5.6.1.jar (org.apache.httpcomponents.client5:httpclient5:5.6.1)'
2026-08-21T16:48:36.131-0300 [DEBUG] [org.gradle.internal.operations.DefaultBuildOperationRunner] Build operation 'Execute transform chain: jspecify-1.0.0.jar (org.jspecify:jspecify:1.0.0)' started
2026-08-21T16:48:36.132-0300 [DEBUG] [org.gradle.internal.operations.DefaultBuildOperationRunner] Completing Build operation 'Execute transform chain: tomlj-1.0.0.jar (org.tomlj:tomlj:1.0.0)'
2026-08-21T16:48:36.132-0300 [DEBUG] [org.gradle.internal.operations.DefaultBuildOperationRunner] Build operation 'Execute transform chain: jna-5.17.0.jar (net.java.dev.jna:jna:5.17.0)' started
2026-08-21T16:48:36.133-0300 [DEBUG] [org.gradle.internal.operations.DefaultBuildOperationRunner] Completing Build operation 'Execute transform chain: jackson-databind-3.1.4.jar (tools.jackson.core:jackson-databind:3.1.4)'
2026-08-21T16:48:36.133-0300 [DEBUG] [org.gradle.internal.operations.DefaultBuildOperationRunner] Completing Build operation 'Execute transform chain: dependency-management-plugin-1.1.7.jar (io.spring.gradle:dependency-management-plugin:1.1.7)'
2026-08-21T16:48:36.134-0300 [DEBUG] [org.gradle.internal.operations.DefaultBuildOperationRunner] Completing Build operation 'Execute transform chain: jackson-core-3.1.4.jar (tools.jackson.core:jackson-core:3.1.4)'
2026-08-21T16:48:36.134-0300 [DEBUG] [org.gradle.internal.operations.DefaultBuildOperationRunner] Completing Build operation 'Execute transform chain: commons-codec-1.17.1.jar (commons-codec:commons-codec:1.17.1)'
2026-08-21T16:48:36.135-0300 [DEBUG] [org.gradle.internal.operations.DefaultBuildOperationRunner] Build operation 'Execute transform chain: httpcore5-5.4.jar (org.apache.httpcomponents.core5:httpcore5:5.4)' started
2026-08-21T16:48:36.134-0300 [DEBUG] [org.gradle.internal.operations.DefaultBuildOperationRunner] Completing Build operation 'Execute transform chain: commons-io-2.16.1.jar (commons-io:commons-io:2.16.1)'
2026-08-21T16:48:36.135-0300 [DEBUG] [org.gradle.internal.operations.DefaultBuildOperationRunner] Build operation 'Execute transform chain: slf4j-api-1.7.36.jar (org.slf4j:slf4j-api:1.7.36)' started
2026-08-21T16:48:36.134-0300 [DEBUG] [org.gradle.internal.operations.DefaultBuildOperationRunner] Build operation 'Execute transform chain: httpcore5-h2-5.4.jar (org.apache.httpcomponents.core5:httpcore5-h2:5.4)' started
2026-08-21T16:48:36.135-0300 [DEBUG] [org.gradle.internal.operations.DefaultBuildOperationRunner] Build operation 'Execute transform chain: antlr4-runtime-4.7.2.jar (org.antlr:antlr4-runtime:4.7.2)' started
2026-08-21T16:48:36.135-0300 [DEBUG] [org.gradle.internal.operations.DefaultBuildOperationRunner] Completing Build operation 'Execute transform chain: jspecify-1.0.0.jar (org.jspecify:jspecify:1.0.0)'
2026-08-21T16:48:36.136-0300 [DEBUG] [org.gradle.internal.operations.DefaultBuildOperationRunner] Build operation 'Execute transform chain: jsr305-3.0.2.jar (com.google.code.findbugs:jsr305:3.0.2)' started
2026-08-21T16:48:36.136-0300 [DEBUG] [org.gradle.internal.operations.DefaultBuildOperationRunner] Completing Build operation 'Execute transform chain: commons-logging-1.3.5.jar (commons-logging:commons-logging:1.3.5)'
2026-08-21T16:48:36.137-0300 [DEBUG] [org.gradle.internal.operations.DefaultBuildOperationRunner] Build operation 'Execute transform chain: jackson-annotations-2.21.jar (com.fasterxml.jackson.core:jackson-annotations:2.21)' started
2026-08-21T16:48:36.136-0300 [DEBUG] [org.gradle.internal.operations.DefaultBuildOperationRunner] Completing Build operation 'Execute transform chain: jna-platform-5.17.0.jar (net.java.dev.jna:jna-platform:5.17.0)'
2026-08-21T16:48:36.137-0300 [DEBUG] [org.gradle.internal.operations.DefaultBuildOperationRunner] Completing Build operation 'Execute transform chain: jna-5.17.0.jar (net.java.dev.jna:jna:5.17.0)'
2026-08-21T16:48:36.138-0300 [DEBUG] [org.gradle.internal.operations.DefaultBuildOperationRunner] Completing Build operation 'Execute transform chain: slf4j-api-1.7.36.jar (org.slf4j:slf4j-api:1.7.36)'
2026-08-21T16:48:36.138-0300 [DEBUG] [org.gradle.internal.operations.DefaultBuildOperationRunner] Completing Build operation 'Execute transform chain: httpcore5-h2-5.4.jar (org.apache.httpcomponents.core5:httpcore5-h2:5.4)'
2026-08-21T16:48:36.138-0300 [DEBUG] [org.gradle.internal.operations.DefaultBuildOperationRunner] Completing Build operation 'Execute transform chain: httpcore5-5.4.jar (org.apache.httpcomponents.core5:httpcore5:5.4)'
2026-08-21T16:48:36.139-0300 [DEBUG] [org.gradle.internal.operations.DefaultBuildOperationRunner] Completing Build operation 'Execute transform chain: antlr4-runtime-4.7.2.jar (org.antlr:antlr4-runtime:4.7.2)'
2026-08-21T16:48:36.139-0300 [DEBUG] [org.gradle.internal.operations.DefaultBuildOperationRunner] Completing Build operation 'Execute transform chain: commons-lang3-3.16.0.jar (org.apache.commons:commons-lang3:3.16.0)'
2026-08-21T16:48:36.139-0300 [DEBUG] [org.gradle.internal.operations.DefaultBuildOperationRunner] Completing Build operation 'Execute transform chain: jackson-annotations-2.21.jar (com.fasterxml.jackson.core:jackson-annotations:2.21)'
2026-08-21T16:48:36.139-0300 [DEBUG] [org.gradle.internal.operations.DefaultBuildOperationRunner] Completing Build operation 'Execute transform chain: jsr305-3.0.2.jar (com.google.code.findbugs:jsr305:3.0.2)'
2026-08-21T16:48:36.140-0300 [DEBUG] [org.gradle.internal.operations.DefaultBuildOperationRunner] Completing Build operation 'Resolve files of configuration 'classpath''
2026-08-21T16:48:36.140-0300 [DEBUG] [org.gradle.internal.operations.DefaultBuildOperationRunner] Build operation 'Resolve files of configuration 'classpath'' started
2026-08-21T16:48:36.140-0300 [DEBUG] [org.gradle.internal.operations.DefaultBuildOperationRunner] Completing Build operation 'Resolve files of configuration 'classpath''
2026-08-21T16:48:36.140-0300 [DEBUG] [org.gradle.internal.operations.DefaultBuildOperationRunner] Completing Build operation 'Resolve buildscript classpath for configuration 'classpath''
2026-08-21T16:48:36.140-0300 [DEBUG] [org.gradle.internal.operations.DefaultBuildOperationRunner] Build operation 'Apply plugin org.gradle.java to root project 'spring-bootstrap'' started
2026-08-21T16:48:36.140-0300 [DEBUG] [org.gradle.internal.operations.DefaultBuildOperationRunner] Build operation 'Apply plugin org.gradle.api.plugins.JavaBasePlugin to root project 'spring-bootstrap'' started
2026-08-21T16:48:36.140-0300 [DEBUG] [org.gradle.internal.operations.DefaultBuildOperationRunner] Build operation 'Apply plugin org.gradle.api.plugins.BasePlugin to root project 'spring-bootstrap'' started
2026-08-21T16:48:36.140-0300 [DEBUG] [org.gradle.internal.operations.DefaultBuildOperationRunner] Build operation 'Apply plugin org.gradle.language.base.plugins.LifecycleBasePlugin to root project 'spring-bootstrap'' started
2026-08-21T16:48:36.140-0300 [DEBUG] [org.gradle.internal.operations.DefaultBuildOperationRunner] Build operation 'Register task :clean' started
2026-08-21T16:48:36.140-0300 [DEBUG] [org.gradle.internal.operations.DefaultBuildOperationRunner] Completing Build operation 'Register task :clean'
2026-08-21T16:48:36.140-0300 [DEBUG] [org.gradle.internal.operations.DefaultBuildOperationRunner] Build operation 'Register task :assemble' started
2026-08-21T16:48:36.140-0300 [DEBUG] [org.gradle.internal.operations.DefaultBuildOperationRunner] Completing Build operation 'Register task :assemble'
2026-08-21T16:48:36.141-0300 [DEBUG] [org.gradle.internal.operations.DefaultBuildOperationRunner] Build operation 'Register task :check' started
2026-08-21T16:48:36.141-0300 [DEBUG] [org.gradle.internal.operations.DefaultBuildOperationRunner] Completing Build operation 'Register task :check'
2026-08-21T16:48:36.141-0300 [DEBUG] [org.gradle.internal.operations.DefaultBuildOperationRunner] Build operation 'Register task :build' started
2026-08-21T16:48:36.141-0300 [DEBUG] [org.gradle.internal.operations.DefaultBuildOperationRunner] Completing Build operation 'Register task :build'
2026-08-21T16:48:36.141-0300 [DEBUG] [org.gradle.internal.operations.DefaultBuildOperationRunner] Completing Build operation 'Apply plugin org.gradle.language.base.plugins.LifecycleBasePlugin to root project 'spring-bootstrap''
2026-08-21T16:48:36.141-0300 [DEBUG] [org.gradle.internal.operations.DefaultBuildOperationRunner] Completing Build operation 'Apply plugin org.gradle.api.plugins.BasePlugin to root project 'spring-bootstrap''
2026-08-21T16:48:36.141-0300 [DEBUG] [org.gradle.internal.operations.DefaultBuildOperationRunner] Build operation 'Apply plugin org.gradle.api.plugins.JvmEcosystemPlugin to root project 'spring-bootstrap'' started
2026-08-21T16:48:36.142-0300 [DEBUG] [org.gradle.internal.operations.DefaultBuildOperationRunner] Completing Build operation 'Apply plugin org.gradle.api.plugins.JvmEcosystemPlugin to root project 'spring-bootstrap''
2026-08-21T16:48:36.142-0300 [DEBUG] [org.gradle.internal.operations.DefaultBuildOperationRunner] Build operation 'Apply plugin org.gradle.api.plugins.ReportingBasePlugin to root project 'spring-bootstrap'' started
2026-08-21T16:48:36.142-0300 [DEBUG] [org.gradle.internal.operations.DefaultBuildOperationRunner] Completing Build operation 'Apply plugin org.gradle.api.plugins.ReportingBasePlugin to root project 'spring-bootstrap''
2026-08-21T16:48:36.142-0300 [DEBUG] [org.gradle.internal.operations.DefaultBuildOperationRunner] Build operation 'Apply plugin org.gradle.api.plugins.JvmToolchainsPlugin to root project 'spring-bootstrap'' started
2026-08-21T16:48:36.142-0300 [DEBUG] [org.gradle.internal.operations.DefaultBuildOperationRunner] Completing Build operation 'Apply plugin org.gradle.api.plugins.JvmToolchainsPlugin to root project 'spring-bootstrap''
2026-08-21T16:48:36.142-0300 [DEBUG] [org.gradle.internal.operations.DefaultBuildOperationRunner] Build operation 'Register task :buildNeeded' started
2026-08-21T16:48:36.142-0300 [DEBUG] [org.gradle.internal.operations.DefaultBuildOperationRunner] Completing Build operation 'Register task :buildNeeded'
2026-08-21T16:48:36.142-0300 [DEBUG] [org.gradle.internal.operations.DefaultBuildOperationRunner] Build operation 'Register task :buildDependents' started
2026-08-21T16:48:36.142-0300 [DEBUG] [org.gradle.internal.operations.DefaultBuildOperationRunner] Completing Build operation 'Register task :buildDependents'
2026-08-21T16:48:36.143-0300 [DEBUG] [org.gradle.internal.operations.DefaultBuildOperationRunner] Completing Build operation 'Apply plugin org.gradle.api.plugins.JavaBasePlugin to root project 'spring-bootstrap''
2026-08-21T16:48:36.143-0300 [DEBUG] [org.gradle.internal.operations.DefaultBuildOperationRunner] Build operation 'Apply plugin org.gradle.jvm-test-suite to root project 'spring-bootstrap'' started
2026-08-21T16:48:36.143-0300 [DEBUG] [org.gradle.internal.operations.DefaultBuildOperationRunner] Build operation 'Apply plugin org.gradle.testing.base.plugins.TestSuiteBasePlugin to root project 'spring-bootstrap'' started
2026-08-21T16:48:36.143-0300 [DEBUG] [org.gradle.internal.operations.DefaultBuildOperationRunner] Completing Build operation 'Apply plugin org.gradle.testing.base.plugins.TestSuiteBasePlugin to root project 'spring-bootstrap''
2026-08-21T16:48:36.143-0300 [DEBUG] [org.gradle.internal.operations.DefaultBuildOperationRunner] Completing Build operation 'Apply plugin org.gradle.jvm-test-suite to root project 'spring-bootstrap''
2026-08-21T16:48:36.143-0300 [DEBUG] [org.gradle.internal.operations.DefaultBuildOperationRunner] Build operation 'Execute container callback action' started
2026-08-21T16:48:36.143-0300 [DEBUG] [org.gradle.internal.operations.DefaultBuildOperationRunner] Build operation 'Execute container callback action' started
2026-08-21T16:48:36.143-0300 [DEBUG] [org.gradle.internal.operations.DefaultBuildOperationRunner] Build operation 'Register task :processResources' started
2026-08-21T16:48:36.143-0300 [DEBUG] [org.gradle.internal.operations.DefaultBuildOperationRunner] Completing Build operation 'Register task :processResources'
2026-08-21T16:48:36.143-0300 [DEBUG] [org.gradle.internal.operations.DefaultBuildOperationRunner] Build operation 'Register task :compileJava' started
2026-08-21T16:48:36.143-0300 [DEBUG] [org.gradle.internal.operations.DefaultBuildOperationRunner] Completing Build operation 'Register task :compileJava'
2026-08-21T16:48:36.144-0300 [DEBUG] [org.gradle.internal.operations.DefaultBuildOperationRunner] Build operation 'Register task :classes' started
2026-08-21T16:48:36.144-0300 [DEBUG] [org.gradle.internal.operations.DefaultBuildOperationRunner] Completing Build operation 'Register task :classes'
2026-08-21T16:48:36.144-0300 [DEBUG] [org.gradle.internal.operations.DefaultBuildOperationRunner] Completing Build operation 'Execute container callback action'
2026-08-21T16:48:36.144-0300 [DEBUG] [org.gradle.internal.operations.DefaultBuildOperationRunner] Build operation 'Register task :jar' started
2026-08-21T16:48:36.144-0300 [DEBUG] [org.gradle.internal.operations.DefaultBuildOperationRunner] Completing Build operation 'Register task :jar'
2026-08-21T16:48:36.144-0300 [DEBUG] [org.gradle.internal.operations.DefaultBuildOperationRunner] Build operation 'Register task :javadoc' started
2026-08-21T16:48:36.144-0300 [DEBUG] [org.gradle.internal.operations.DefaultBuildOperationRunner] Completing Build operation 'Register task :javadoc'
2026-08-21T16:48:36.144-0300 [DEBUG] [org.gradle.internal.operations.DefaultBuildOperationRunner] Build operation 'Execute container callback action' started
2026-08-21T16:48:36.144-0300 [DEBUG] [org.gradle.internal.operations.DefaultBuildOperationRunner] Build operation 'Register task :processTestResources' started
2026-08-21T16:48:36.144-0300 [DEBUG] [org.gradle.internal.operations.DefaultBuildOperationRunner] Completing Build operation 'Register task :processTestResources'
2026-08-21T16:48:36.144-0300 [DEBUG] [org.gradle.internal.operations.DefaultBuildOperationRunner] Build operation 'Register task :compileTestJava' started
2026-08-21T16:48:36.144-0300 [DEBUG] [org.gradle.internal.operations.DefaultBuildOperationRunner] Completing Build operation 'Register task :compileTestJava'
2026-08-21T16:48:36.144-0300 [DEBUG] [org.gradle.internal.operations.DefaultBuildOperationRunner] Build operation 'Register task :testClasses' started
2026-08-21T16:48:36.144-0300 [DEBUG] [org.gradle.internal.operations.DefaultBuildOperationRunner] Completing Build operation 'Register task :testClasses'
2026-08-21T16:48:36.144-0300 [DEBUG] [org.gradle.internal.operations.DefaultBuildOperationRunner] Completing Build operation 'Execute container callback action'
2026-08-21T16:48:36.145-0300 [DEBUG] [org.gradle.internal.operations.DefaultBuildOperationRunner] Build operation 'Execute container callback action' started
2026-08-21T16:48:36.145-0300 [DEBUG] [org.gradle.internal.operations.DefaultBuildOperationRunner] Completing Build operation 'Execute container callback action'
2026-08-21T16:48:36.145-0300 [DEBUG] [org.gradle.internal.operations.DefaultBuildOperationRunner] Build operation 'Execute container callback action' started
2026-08-21T16:48:36.145-0300 [DEBUG] [org.gradle.internal.operations.DefaultBuildOperationRunner] Build operation 'Register task :test' started
2026-08-21T16:48:36.145-0300 [DEBUG] [org.gradle.internal.operations.DefaultBuildOperationRunner] Completing Build operation 'Register task :test'
2026-08-21T16:48:36.145-0300 [DEBUG] [org.gradle.internal.operations.DefaultBuildOperationRunner] Build operation 'Execute container callback action' started
2026-08-21T16:48:36.145-0300 [DEBUG] [org.gradle.internal.operations.DefaultBuildOperationRunner] Completing Build operation 'Execute container callback action'
2026-08-21T16:48:36.145-0300 [DEBUG] [org.gradle.internal.operations.DefaultBuildOperationRunner] Build operation 'Execute container callback action' started
2026-08-21T16:48:36.145-0300 [DEBUG] [org.gradle.internal.operations.DefaultBuildOperationRunner] Completing Build operation 'Execute container callback action'
2026-08-21T16:48:36.145-0300 [DEBUG] [org.gradle.internal.operations.DefaultBuildOperationRunner] Build operation 'Execute container callback action' started
2026-08-21T16:48:36.145-0300 [DEBUG] [org.gradle.internal.operations.DefaultBuildOperationRunner] Completing Build operation 'Execute container callback action'
2026-08-21T16:48:36.145-0300 [DEBUG] [org.gradle.internal.operations.DefaultBuildOperationRunner] Completing Build operation 'Execute container callback action'
2026-08-21T16:48:36.145-0300 [DEBUG] [org.gradle.internal.operations.DefaultBuildOperationRunner] Build operation 'Execute container callback action' started
2026-08-21T16:48:36.145-0300 [DEBUG] [org.gradle.internal.operations.DefaultBuildOperationRunner] Completing Build operation 'Execute container callback action'
2026-08-21T16:48:36.145-0300 [DEBUG] [org.gradle.internal.operations.DefaultBuildOperationRunner] Completing Build operation 'Execute container callback action'
2026-08-21T16:48:36.145-0300 [DEBUG] [org.gradle.internal.operations.DefaultBuildOperationRunner] Completing Build operation 'Apply plugin org.gradle.java to root project 'spring-bootstrap''
2026-08-21T16:48:36.146-0300 [DEBUG] [org.gradle.internal.operations.DefaultBuildOperationRunner] Build operation 'Apply plugin org.springframework.boot to root project 'spring-bootstrap'' started
2026-08-21T16:48:36.146-0300 [DEBUG] [org.gradle.internal.operations.DefaultBuildOperationRunner] Build operation 'Execute container callback action' started
2026-08-21T16:48:36.146-0300 [DEBUG] [org.gradle.internal.operations.DefaultBuildOperationRunner] Build operation 'Register task :resolveMainClassName' started
2026-08-21T16:48:36.146-0300 [DEBUG] [org.gradle.internal.operations.DefaultBuildOperationRunner] Completing Build operation 'Register task :resolveMainClassName'
2026-08-21T16:48:36.146-0300 [DEBUG] [org.gradle.internal.operations.DefaultBuildOperationRunner] Build operation 'Register task :bootJar' started
2026-08-21T16:48:36.146-0300 [DEBUG] [org.gradle.internal.operations.DefaultBuildOperationRunner] Completing Build operation 'Register task :bootJar'
2026-08-21T16:48:36.146-0300 [DEBUG] [org.gradle.internal.operations.DefaultBuildOperationRunner] Build operation 'Register task :bootBuildImage' started
2026-08-21T16:48:36.146-0300 [DEBUG] [org.gradle.internal.operations.DefaultBuildOperationRunner] Completing Build operation 'Register task :bootBuildImage'
2026-08-21T16:48:36.146-0300 [DEBUG] [org.gradle.internal.operations.DefaultBuildOperationRunner] Build operation 'Register task :bootRun' started
2026-08-21T16:48:36.146-0300 [DEBUG] [org.gradle.internal.operations.DefaultBuildOperationRunner] Completing Build operation 'Register task :bootRun'
2026-08-21T16:48:36.146-0300 [DEBUG] [org.gradle.internal.operations.DefaultBuildOperationRunner] Build operation 'Register task :resolveTestMainClassName' started
2026-08-21T16:48:36.146-0300 [DEBUG] [org.gradle.internal.operations.DefaultBuildOperationRunner] Completing Build operation 'Register task :resolveTestMainClassName'
2026-08-21T16:48:36.146-0300 [DEBUG] [org.gradle.internal.operations.DefaultBuildOperationRunner] Build operation 'Register task :bootTestRun' started
2026-08-21T16:48:36.146-0300 [DEBUG] [org.gradle.internal.operations.DefaultBuildOperationRunner] Completing Build operation 'Register task :bootTestRun'
2026-08-21T16:48:36.146-0300 [DEBUG] [org.gradle.internal.operations.DefaultBuildOperationRunner] Completing Build operation 'Execute container callback action'
2026-08-21T16:48:36.147-0300 [DEBUG] [org.gradle.internal.operations.DefaultBuildOperationRunner] Completing Build operation 'Apply plugin org.springframework.boot to root project 'spring-bootstrap''
2026-08-21T16:48:36.147-0300 [DEBUG] [org.gradle.internal.operations.DefaultBuildOperationRunner] Build operation 'Apply plugin io.spring.dependency-management to root project 'spring-bootstrap'' started
2026-08-21T16:48:36.147-0300 [DEBUG] [org.gradle.internal.operations.DefaultBuildOperationRunner] Build operation 'Realize task :dependencyManagement' started
2026-08-21T16:48:36.147-0300 [DEBUG] [org.gradle.internal.operations.DefaultBuildOperationRunner] Completing Build operation 'Realize task :dependencyManagement'
2026-08-21T16:48:36.147-0300 [DEBUG] [org.gradle.internal.operations.DefaultBuildOperationRunner] Build operation 'Execute container callback action' started
2026-08-21T16:48:36.147-0300 [DEBUG] [org.gradle.internal.operations.DefaultBuildOperationRunner] Completing Build operation 'Execute container callback action'
2026-08-21T16:48:36.147-0300 [DEBUG] [org.gradle.internal.operations.DefaultBuildOperationRunner] Build operation 'Execute container callback action' started
2026-08-21T16:48:36.147-0300 [DEBUG] [org.gradle.internal.operations.DefaultBuildOperationRunner] Build operation 'Execute container callback action' started
2026-08-21T16:48:36.147-0300 [DEBUG] [org.gradle.internal.operations.DefaultBuildOperationRunner] Completing Build operation 'Execute container callback action'
2026-08-21T16:48:36.147-0300 [DEBUG] [org.gradle.internal.operations.DefaultBuildOperationRunner] Completing Build operation 'Execute container callback action'
2026-08-21T16:48:36.147-0300 [DEBUG] [org.gradle.internal.operations.DefaultBuildOperationRunner] Build operation 'Execute container callback action' started
2026-08-21T16:48:36.147-0300 [DEBUG] [org.gradle.internal.operations.DefaultBuildOperationRunner] Completing Build operation 'Execute container callback action'
2026-08-21T16:48:36.147-0300 [DEBUG] [org.gradle.internal.operations.DefaultBuildOperationRunner] Build operation 'Execute container callback action' started
2026-08-21T16:48:36.147-0300 [DEBUG] [org.gradle.internal.operations.DefaultBuildOperationRunner] Completing Build operation 'Execute container callback action'
2026-08-21T16:48:36.148-0300 [DEBUG] [org.gradle.internal.operations.DefaultBuildOperationRunner] Build operation 'Execute container callback action' started
2026-08-21T16:48:36.148-0300 [DEBUG] [org.gradle.internal.operations.DefaultBuildOperationRunner] Completing Build operation 'Execute container callback action'
2026-08-21T16:48:36.148-0300 [DEBUG] [org.gradle.internal.operations.DefaultBuildOperationRunner] Build operation 'Execute container callback action' started
2026-08-21T16:48:36.148-0300 [DEBUG] [org.gradle.internal.operations.DefaultBuildOperationRunner] Completing Build operation 'Execute container callback action'
2026-08-21T16:48:36.148-0300 [DEBUG] [org.gradle.internal.operations.DefaultBuildOperationRunner] Build operation 'Execute container callback action' started
2026-08-21T16:48:36.148-0300 [DEBUG] [org.gradle.internal.operations.DefaultBuildOperationRunner] Completing Build operation 'Execute container callback action'
2026-08-21T16:48:36.148-0300 [DEBUG] [org.gradle.internal.operations.DefaultBuildOperationRunner] Build operation 'Execute container callback action' started
2026-08-21T16:48:36.148-0300 [DEBUG] [org.gradle.internal.operations.DefaultBuildOperationRunner] Completing Build operation 'Execute container callback action'
2026-08-21T16:48:36.148-0300 [DEBUG] [org.gradle.internal.operations.DefaultBuildOperationRunner] Build operation 'Execute container callback action' started
2026-08-21T16:48:36.148-0300 [DEBUG] [org.gradle.internal.operations.DefaultBuildOperationRunner] Completing Build operation 'Execute container callback action'
2026-08-21T16:48:36.148-0300 [DEBUG] [org.gradle.internal.operations.DefaultBuildOperationRunner] Build operation 'Execute container callback action' started
2026-08-21T16:48:36.148-0300 [DEBUG] [org.gradle.internal.operations.DefaultBuildOperationRunner] Completing Build operation 'Execute container callback action'
2026-08-21T16:48:36.148-0300 [DEBUG] [org.gradle.internal.operations.DefaultBuildOperationRunner] Build operation 'Execute container callback action' started
2026-08-21T16:48:36.148-0300 [DEBUG] [org.gradle.internal.operations.DefaultBuildOperationRunner] Completing Build operation 'Execute container callback action'
2026-08-21T16:48:36.148-0300 [DEBUG] [org.gradle.internal.operations.DefaultBuildOperationRunner] Build operation 'Execute container callback action' started
2026-08-21T16:48:36.148-0300 [DEBUG] [org.gradle.internal.operations.DefaultBuildOperationRunner] Completing Build operation 'Execute container callback action'
2026-08-21T16:48:36.148-0300 [DEBUG] [org.gradle.internal.operations.DefaultBuildOperationRunner] Build operation 'Execute container callback action' started
2026-08-21T16:48:36.148-0300 [DEBUG] [org.gradle.internal.operations.DefaultBuildOperationRunner] Completing Build operation 'Execute container callback action'
2026-08-21T16:48:36.148-0300 [DEBUG] [org.gradle.internal.operations.DefaultBuildOperationRunner] Build operation 'Execute container callback action' started
2026-08-21T16:48:36.148-0300 [DEBUG] [org.gradle.internal.operations.DefaultBuildOperationRunner] Completing Build operation 'Execute container callback action'
2026-08-21T16:48:36.148-0300 [DEBUG] [org.gradle.internal.operations.DefaultBuildOperationRunner] Build operation 'Execute container callback action' started
2026-08-21T16:48:36.148-0300 [DEBUG] [org.gradle.internal.operations.DefaultBuildOperationRunner] Completing Build operation 'Execute container callback action'
2026-08-21T16:48:36.148-0300 [DEBUG] [org.gradle.internal.operations.DefaultBuildOperationRunner] Build operation 'Execute container callback action' started
2026-08-21T16:48:36.148-0300 [DEBUG] [org.gradle.internal.operations.DefaultBuildOperationRunner] Completing Build operation 'Execute container callback action'
2026-08-21T16:48:36.148-0300 [DEBUG] [org.gradle.internal.operations.DefaultBuildOperationRunner] Build operation 'Execute container callback action' started
2026-08-21T16:48:36.148-0300 [DEBUG] [org.gradle.internal.operations.DefaultBuildOperationRunner] Completing Build operation 'Execute container callback action'
2026-08-21T16:48:36.148-0300 [DEBUG] [org.gradle.internal.operations.DefaultBuildOperationRunner] Build operation 'Execute container callback action' started
2026-08-21T16:48:36.148-0300 [DEBUG] [org.gradle.internal.operations.DefaultBuildOperationRunner] Completing Build operation 'Execute container callback action'
2026-08-21T16:48:36.148-0300 [DEBUG] [org.gradle.internal.operations.DefaultBuildOperationRunner] Build operation 'Execute container callback action' started
2026-08-21T16:48:36.148-0300 [DEBUG] [org.gradle.internal.operations.DefaultBuildOperationRunner] Completing Build operation 'Execute container callback action'
2026-08-21T16:48:36.148-0300 [DEBUG] [org.gradle.internal.operations.DefaultBuildOperationRunner] Build operation 'Execute container callback action' started
2026-08-21T16:48:36.148-0300 [DEBUG] [org.gradle.internal.operations.DefaultBuildOperationRunner] Completing Build operation 'Execute container callback action'
2026-08-21T16:48:36.148-0300 [DEBUG] [org.gradle.internal.operations.DefaultBuildOperationRunner] Build operation 'Execute container callback action' started
2026-08-21T16:48:36.148-0300 [DEBUG] [org.gradle.internal.operations.DefaultBuildOperationRunner] Completing Build operation 'Execute container callback action'
2026-08-21T16:48:36.148-0300 [DEBUG] [org.gradle.internal.operations.DefaultBuildOperationRunner] Build operation 'Execute container callback action' started
2026-08-21T16:48:36.148-0300 [DEBUG] [org.gradle.internal.operations.DefaultBuildOperationRunner] Completing Build operation 'Execute container callback action'
2026-08-21T16:48:36.149-0300 [DEBUG] [org.gradle.internal.operations.DefaultBuildOperationRunner] Build operation 'Execute container callback action' started
2026-08-21T16:48:36.149-0300 [DEBUG] [org.gradle.internal.operations.DefaultBuildOperationRunner] Completing Build operation 'Execute container callback action'
2026-08-21T16:48:36.149-0300 [DEBUG] [org.gradle.internal.operations.DefaultBuildOperationRunner] Build operation 'Execute container callback action' started
2026-08-21T16:48:36.149-0300 [DEBUG] [org.gradle.internal.operations.DefaultBuildOperationRunner] Completing Build operation 'Execute container callback action'
2026-08-21T16:48:36.149-0300 [DEBUG] [org.gradle.internal.operations.DefaultBuildOperationRunner] Build operation 'Execute container callback action' started
2026-08-21T16:48:36.149-0300 [DEBUG] [org.gradle.internal.operations.DefaultBuildOperationRunner] Completing Build operation 'Execute container callback action'
2026-08-21T16:48:36.149-0300 [DEBUG] [org.gradle.internal.operations.DefaultBuildOperationRunner] Build operation 'Execute container callback action' started
2026-08-21T16:48:36.149-0300 [DEBUG] [org.gradle.internal.operations.DefaultBuildOperationRunner] Completing Build operation 'Execute container callback action'
2026-08-21T16:48:36.149-0300 [DEBUG] [org.gradle.internal.operations.DefaultBuildOperationRunner] Build operation 'Execute container callback action' started
2026-08-21T16:48:36.149-0300 [DEBUG] [org.gradle.internal.operations.DefaultBuildOperationRunner] Completing Build operation 'Execute container callback action'
2026-08-21T16:48:36.149-0300 [DEBUG] [org.gradle.internal.operations.DefaultBuildOperationRunner] Build operation 'Execute container callback action' started
2026-08-21T16:48:36.149-0300 [DEBUG] [org.gradle.internal.operations.DefaultBuildOperationRunner] Completing Build operation 'Execute container callback action'
2026-08-21T16:48:36.149-0300 [DEBUG] [org.gradle.internal.operations.DefaultBuildOperationRunner] Build operation 'Execute container callback action' started
2026-08-21T16:48:36.149-0300 [DEBUG] [org.gradle.internal.operations.DefaultBuildOperationRunner] Completing Build operation 'Execute container callback action'
2026-08-21T16:48:36.149-0300 [DEBUG] [org.gradle.internal.operations.DefaultBuildOperationRunner] Build operation 'Execute container callback action' started
2026-08-21T16:48:36.149-0300 [DEBUG] [org.gradle.internal.operations.DefaultBuildOperationRunner] Completing Build operation 'Execute container callback action'
2026-08-21T16:48:36.149-0300 [DEBUG] [org.gradle.internal.operations.DefaultBuildOperationRunner] Build operation 'Execute container callback action' started
2026-08-21T16:48:36.149-0300 [DEBUG] [org.gradle.internal.operations.DefaultBuildOperationRunner] Completing Build operation 'Execute container callback action'
2026-08-21T16:48:36.149-0300 [DEBUG] [org.gradle.internal.operations.DefaultBuildOperationRunner] Build operation 'Execute container callback action' started
2026-08-21T16:48:36.149-0300 [DEBUG] [org.gradle.internal.operations.DefaultBuildOperationRunner] Completing Build operation 'Execute container callback action'
2026-08-21T16:48:36.149-0300 [DEBUG] [org.gradle.internal.operations.DefaultBuildOperationRunner] Build operation 'Execute container callback action' started
2026-08-21T16:48:36.149-0300 [DEBUG] [org.gradle.internal.operations.DefaultBuildOperationRunner] Completing Build operation 'Execute container callback action'
2026-08-21T16:48:36.149-0300 [DEBUG] [org.gradle.internal.operations.DefaultBuildOperationRunner] Build operation 'Execute container callback action' started
2026-08-21T16:48:36.149-0300 [DEBUG] [org.gradle.internal.operations.DefaultBuildOperationRunner] Completing Build operation 'Execute container callback action'
2026-08-21T16:48:36.149-0300 [DEBUG] [org.gradle.internal.operations.DefaultBuildOperationRunner] Build operation 'Execute container callback action' started
2026-08-21T16:48:36.149-0300 [DEBUG] [org.gradle.internal.operations.DefaultBuildOperationRunner] Completing Build operation 'Execute container callback action'
2026-08-21T16:48:36.149-0300 [DEBUG] [org.gradle.internal.operations.DefaultBuildOperationRunner] Build operation 'Execute container callback action' started
2026-08-21T16:48:36.150-0300 [DEBUG] [org.gradle.internal.operations.DefaultBuildOperationRunner] Completing Build operation 'Execute container callback action'
2026-08-21T16:48:36.150-0300 [DEBUG] [org.gradle.internal.operations.DefaultBuildOperationRunner] Build operation 'Execute container callback action' started
2026-08-21T16:48:36.150-0300 [DEBUG] [org.gradle.internal.operations.DefaultBuildOperationRunner] Completing Build operation 'Execute container callback action'
2026-08-21T16:48:36.150-0300 [DEBUG] [org.gradle.internal.operations.DefaultBuildOperationRunner] Build operation 'Execute container callback action' started
2026-08-21T16:48:36.150-0300 [DEBUG] [org.gradle.internal.operations.DefaultBuildOperationRunner] Completing Build operation 'Execute container callback action'
2026-08-21T16:48:36.150-0300 [DEBUG] [org.gradle.internal.operations.DefaultBuildOperationRunner] Build operation 'Execute container callback action' started
2026-08-21T16:48:36.150-0300 [DEBUG] [org.gradle.internal.operations.DefaultBuildOperationRunner] Completing Build operation 'Execute container callback action'
2026-08-21T16:48:36.150-0300 [DEBUG] [org.gradle.internal.operations.DefaultBuildOperationRunner] Build operation 'Execute container callback action' started
2026-08-21T16:48:36.150-0300 [DEBUG] [org.gradle.internal.operations.DefaultBuildOperationRunner] Completing Build operation 'Execute container callback action'
2026-08-21T16:48:36.150-0300 [DEBUG] [org.gradle.internal.operations.DefaultBuildOperationRunner] Build operation 'Execute container callback action' started
2026-08-21T16:48:36.150-0300 [DEBUG] [org.gradle.internal.operations.DefaultBuildOperationRunner] Completing Build operation 'Execute container callback action'
2026-08-21T16:48:36.150-0300 [DEBUG] [org.gradle.internal.operations.DefaultBuildOperationRunner] Build operation 'Execute container callback action' started
2026-08-21T16:48:36.150-0300 [DEBUG] [org.gradle.internal.operations.DefaultBuildOperationRunner] Completing Build operation 'Execute container callback action'
2026-08-21T16:48:36.150-0300 [DEBUG] [org.gradle.internal.operations.DefaultBuildOperationRunner] Build operation 'Execute container callback action' started
2026-08-21T16:48:36.150-0300 [DEBUG] [org.gradle.internal.operations.DefaultBuildOperationRunner] Completing Build operation 'Execute container callback action'
2026-08-21T16:48:36.150-0300 [DEBUG] [org.gradle.internal.operations.DefaultBuildOperationRunner] Build operation 'Execute container callback action' started
2026-08-21T16:48:36.150-0300 [DEBUG] [org.gradle.internal.operations.DefaultBuildOperationRunner] Completing Build operation 'Execute container callback action'
2026-08-21T16:48:36.150-0300 [DEBUG] [org.gradle.internal.operations.DefaultBuildOperationRunner] Build operation 'Execute container callback action' started
2026-08-21T16:48:36.150-0300 [DEBUG] [org.gradle.internal.operations.DefaultBuildOperationRunner] Completing Build operation 'Execute container callback action'
2026-08-21T16:48:36.150-0300 [DEBUG] [org.gradle.internal.operations.DefaultBuildOperationRunner] Build operation 'Execute container callback action' started
2026-08-21T16:48:36.150-0300 [DEBUG] [org.gradle.internal.operations.DefaultBuildOperationRunner] Completing Build operation 'Execute container callback action'
2026-08-21T16:48:36.150-0300 [DEBUG] [org.gradle.internal.operations.DefaultBuildOperationRunner] Build operation 'Execute container callback action' started
2026-08-21T16:48:36.150-0300 [DEBUG] [org.gradle.internal.operations.DefaultBuildOperationRunner] Completing Build operation 'Execute container callback action'
2026-08-21T16:48:36.150-0300 [DEBUG] [org.gradle.internal.operations.DefaultBuildOperationRunner] Build operation 'Execute container callback action' started
2026-08-21T16:48:36.150-0300 [DEBUG] [org.gradle.internal.operations.DefaultBuildOperationRunner] Completing Build operation 'Execute container callback action'
2026-08-21T16:48:36.151-0300 [DEBUG] [org.gradle.internal.operations.DefaultBuildOperationRunner] Build operation 'Execute container callback action' started
2026-08-21T16:48:36.151-0300 [DEBUG] [org.gradle.internal.operations.DefaultBuildOperationRunner] Completing Build operation 'Execute container callback action'
2026-08-21T16:48:36.151-0300 [DEBUG] [org.gradle.internal.operations.DefaultBuildOperationRunner] Build operation 'Execute container callback action' started
2026-08-21T16:48:36.151-0300 [DEBUG] [org.gradle.internal.operations.DefaultBuildOperationRunner] Completing Build operation 'Execute container callback action'
2026-08-21T16:48:36.151-0300 [DEBUG] [org.gradle.internal.operations.DefaultBuildOperationRunner] Build operation 'Execute container callback action' started
2026-08-21T16:48:36.151-0300 [DEBUG] [org.gradle.internal.operations.DefaultBuildOperationRunner] Completing Build operation 'Execute container callback action'
2026-08-21T16:48:36.151-0300 [DEBUG] [org.gradle.internal.operations.DefaultBuildOperationRunner] Completing Build operation 'Apply plugin io.spring.dependency-management to root project 'spring-bootstrap''
2026-08-21T16:48:36.152-0300 [DEBUG] [org.gradle.internal.operations.DefaultBuildOperationRunner] Completing Build operation 'Apply build file 'build.gradle' to root project 'spring-bootstrap''
2026-08-21T16:48:36.152-0300 [DEBUG] [org.gradle.internal.operations.DefaultBuildOperationRunner] Build operation 'Notify afterEvaluate listeners of :' started
2026-08-21T16:48:36.152-0300 [DEBUG] [org.gradle.internal.operations.DefaultBuildOperationRunner] Build operation 'Execute Project.afterEvaluate listener' started
2026-08-21T16:48:36.152-0300 [DEBUG] [org.gradle.internal.operations.DefaultBuildOperationRunner] Completing Build operation 'Execute Project.afterEvaluate listener'
2026-08-21T16:48:36.152-0300 [DEBUG] [org.gradle.internal.operations.DefaultBuildOperationRunner] Build operation 'Execute Project.afterEvaluate listener' started
2026-08-21T16:48:36.152-0300 [DEBUG] [org.gradle.internal.operations.DefaultBuildOperationRunner] Completing Build operation 'Execute Project.afterEvaluate listener'
2026-08-21T16:48:36.152-0300 [DEBUG] [org.gradle.internal.operations.DefaultBuildOperationRunner] Completing Build operation 'Notify afterEvaluate listeners of :'
2026-08-21T16:48:36.091-0300 [LIFECYCLE] [org.gradle.internal.logging.progress.ProgressLoggerFactory] 
2026-08-21T16:48:36.091-0300 [LIFECYCLE] [org.gradle.internal.logging.progress.ProgressLoggerFactory] > Configure project :
2026-08-21T16:48:36.092-0300 [DEBUG] [org.gradle.internal.resources.AbstractTrackedResourceLock] Daemon worker Thread 6: acquired lock on state of build :
2026-08-21T16:48:36.092-0300 [DEBUG] [org.gradle.internal.operations.DefaultBuildOperationRunner] Build operation 'Notify beforeEvaluate listeners of :' completed
2026-08-21T16:48:36.092-0300 [DEBUG] [org.gradle.model.internal.registry.DefaultModelRegistry] Project : - Transitioning model element '<root>' from state Registered to Created
2026-08-21T16:48:36.092-0300 [DEBUG] [org.gradle.model.internal.registry.DefaultModelRegistry] Project : - Transitioning model element '<root>' to state Discovered.
2026-08-21T16:48:36.092-0300 [DEBUG] [org.gradle.model.internal.registry.DefaultModelRegistry] Project : - Transitioning model element '<root>' to state Created.
2026-08-21T16:48:36.092-0300 [DEBUG] [org.gradle.internal.operations.DefaultBuildOperationRunner] Build operation 'Register task :help' completed
2026-08-21T16:48:36.092-0300 [DEBUG] [org.gradle.internal.operations.DefaultBuildOperationRunner] Build operation 'Register task :projects' completed
2026-08-21T16:48:36.092-0300 [DEBUG] [org.gradle.internal.operations.DefaultBuildOperationRunner] Build operation 'Register task :tasks' completed
2026-08-21T16:48:36.092-0300 [DEBUG] [org.gradle.internal.operations.DefaultBuildOperationRunner] Build operation 'Register task :properties' completed
2026-08-21T16:48:36.092-0300 [DEBUG] [org.gradle.internal.operations.DefaultBuildOperationRunner] Build operation 'Apply plugin org.gradle.help-tasks to root project 'spring-bootstrap'' completed
2026-08-21T16:48:36.093-0300 [DEBUG] [org.gradle.internal.operations.DefaultBuildOperationRunner] Build operation 'Register task :dependencyInsight' completed
2026-08-21T16:48:36.093-0300 [DEBUG] [org.gradle.internal.operations.DefaultBuildOperationRunner] Build operation 'Register task :dependencies' completed
2026-08-21T16:48:36.093-0300 [DEBUG] [org.gradle.internal.operations.DefaultBuildOperationRunner] Build operation 'Register task :buildEnvironment' completed
2026-08-21T16:48:36.093-0300 [DEBUG] [org.gradle.internal.operations.DefaultBuildOperationRunner] Build operation 'Register task :outgoingVariants' completed
2026-08-21T16:48:36.093-0300 [DEBUG] [org.gradle.internal.operations.DefaultBuildOperationRunner] Build operation 'Register task :resolvableConfigurations' completed
2026-08-21T16:48:36.093-0300 [DEBUG] [org.gradle.internal.operations.DefaultBuildOperationRunner] Build operation 'Register task :artifactTransforms' completed
2026-08-21T16:48:36.093-0300 [DEBUG] [org.gradle.internal.operations.DefaultBuildOperationRunner] Build operation 'Apply plugin org.gradle.software-reporting-tasks to root project 'spring-bootstrap'' completed
2026-08-21T16:48:36.093-0300 [DEBUG] [org.gradle.internal.operations.DefaultBuildOperationRunner] Build operation 'Register task :init' completed
2026-08-21T16:48:36.093-0300 [DEBUG] [org.gradle.internal.operations.DefaultBuildOperationRunner] Build operation 'Apply plugin org.gradle.build-init to root project 'spring-bootstrap'' completed
2026-08-21T16:48:36.093-0300 [DEBUG] [org.gradle.internal.operations.DefaultBuildOperationRunner] Build operation 'Register task :wrapper' completed
2026-08-21T16:48:36.093-0300 [DEBUG] [org.gradle.internal.operations.DefaultBuildOperationRunner] Build operation 'Apply plugin org.gradle.wrapper to root project 'spring-bootstrap'' completed
2026-08-21T16:48:36.093-0300 [DEBUG] [org.gradle.internal.operations.DefaultBuildOperationRunner] Build operation 'Register task :updateDaemonJvm' completed
2026-08-21T16:48:36.093-0300 [DEBUG] [org.gradle.internal.operations.DefaultBuildOperationRunner] Build operation 'Register task :javaToolchains' completed
2026-08-21T16:48:36.093-0300 [DEBUG] [org.gradle.internal.operations.DefaultBuildOperationRunner] Build operation 'Register task :prepareKotlinBuildScriptModel' completed
2026-08-21T16:48:36.094-0300 [INFO] [org.gradle.configuration.project.BuildScriptProcessor] Evaluating root project 'spring-bootstrap' using build file '/Users/claratorres1414/Desktop/spring-bootstrap/build.gradle'.
2026-08-21T16:48:36.094-0300 [DEBUG] [org.gradle.internal.locking.LockFileReaderWriter] Lockfiles root: /Users/claratorres1414/Desktop/spring-bootstrap/gradle/dependency-locks
2026-08-21T16:48:36.096-0300 [INFO] [org.gradle.plugin.use.internal.DefaultPluginRequestApplicator] Resolved plugin [id: 'java']
2026-08-21T16:48:36.096-0300 [DEBUG] [org.gradle.api.internal.artifacts.ivyservice.modulecache.ResolvedArtifactCaches] Creating new in-memory cache for repo 'Gradle Central Plugin Repository' [2f8748e965ecb2135dad092e9ef808de].
2026-08-21T16:48:36.097-0300 [DEBUG] [org.gradle.api.internal.artifacts.ivyservice.ivyresolve.RepositoryChainComponentMetaDataResolver] Attempting to resolve component for org.springframework.boot:org.springframework.boot.gradle.plugin:4.1.0 using repositories [Gradle Central Plugin Repository]
2026-08-21T16:48:36.097-0300 [DEBUG] [org.gradle.api.internal.artifacts.ivyservice.ivyresolve.CachingModuleComponentRepository] Using cached module metadata for module 'org.springframework.boot:org.springframework.boot.gradle.plugin:4.1.0' in 'Gradle Central Plugin Repository'
2026-08-21T16:48:36.097-0300 [DEBUG] [org.gradle.api.internal.artifacts.ivyservice.ivyresolve.RepositoryChainComponentMetaDataResolver] Using org.springframework.boot:org.springframework.boot.gradle.plugin:4.1.0 from Maven repository 'Gradle Central Plugin Repository'
2026-08-21T16:48:36.098-0300 [DEBUG] [org.gradle.api.internal.attributes.matching.DefaultAttributeMatcher] Selected matches [1] from candidates [{org.gradle.category=library, org.gradle.libraryelements=jar, org.gradle.status=release, org.gradle.usage=java-api}, {org.gradle.category=library, org.gradle.libraryelements=jar, org.gradle.status=release, org.gradle.usage=java-runtime}, {org.gradle.category=documentation, org.gradle.dependency.bundling=external, org.gradle.docstype=sources, org.gradle.status=release, org.gradle.usage=java-runtime}, {org.gradle.category=documentation, org.gradle.dependency.bundling=external, org.gradle.docstype=javadoc, org.gradle.status=release, org.gradle.usage=java-runtime}, {org.gradle.category=platform, org.gradle.status=release, org.gradle.usage=java-api}, {org.gradle.category=platform, org.gradle.status=release, org.gradle.usage=java-runtime}, {org.gradle.category=enforced-platform, org.gradle.status=release, org.gradle.usage=java-api}, {org.gradle.category=enforced-platform, org.gradle.status=release, org.gradle.usage=java-runtime}] for {}
2026-08-21T16:48:36.098-0300 [DEBUG] [org.gradle.internal.operations.DefaultBuildOperationRunner] Build operation 'Resolve dependencies of detachedConfiguration1' completed
2026-08-21T16:48:36.098-0300 [DEBUG] [org.gradle.internal.component.model.LoggingAttributeMatchingExplanationBuilder] Selected match {artifactType=jar, org.gradle.category=library, org.gradle.libraryelements=jar, org.gradle.status=release, org.gradle.usage=java-runtime} from candidates [{artifactType=jar, org.gradle.category=library, org.gradle.libraryelements=jar, org.gradle.status=release, org.gradle.usage=java-runtime}] for {}
2026-08-21T16:48:36.098-0300 [DEBUG] [org.gradle.api.internal.artifacts.ivyservice.ivyresolve.CachingModuleComponentRepository] Detected non-existence of artifact 'org.springframework.boot.gradle.plugin-4.1.0.jar (org.springframework.boot:org.springframework.boot.gradle.plugin:4.1.0)' in resolver cache
2026-08-21T16:48:36.098-0300 [DEBUG] [org.gradle.internal.operations.DefaultBuildOperationRunner] Build operation 'Resolve files of configuration 'detachedConfiguration1'' completed
2026-08-21T16:48:36.099-0300 [INFO] [org.gradle.plugin.use.internal.DefaultPluginRequestApplicator] Resolved plugin [id: 'org.springframework.boot', version: '4.1.0']
2026-08-21T16:48:36.099-0300 [DEBUG] [org.gradle.api.internal.artifacts.ivyservice.modulecache.ResolvedArtifactCaches] Reusing in-memory cache for repo 'Gradle Central Plugin Repository' [2f8748e965ecb2135dad092e9ef808de].
2026-08-21T16:48:36.099-0300 [DEBUG] [org.gradle.api.internal.artifacts.ivyservice.ivyresolve.RepositoryChainComponentMetaDataResolver] Attempting to resolve component for io.spring.dependency-management:io.spring.dependency-management.gradle.plugin:1.1.7 using repositories [Gradle Central Plugin Repository]
2026-08-21T16:48:36.099-0300 [DEBUG] [org.gradle.api.internal.artifacts.ivyservice.ivyresolve.CachingModuleComponentRepository] Using cached module metadata for module 'io.spring.dependency-management:io.spring.dependency-management.gradle.plugin:1.1.7' in 'Gradle Central Plugin Repository'
2026-08-21T16:48:36.099-0300 [DEBUG] [org.gradle.api.internal.artifacts.ivyservice.ivyresolve.RepositoryChainComponentMetaDataResolver] Using io.spring.dependency-management:io.spring.dependency-management.gradle.plugin:1.1.7 from Maven repository 'Gradle Central Plugin Repository'
2026-08-21T16:48:36.100-0300 [DEBUG] [org.gradle.internal.operations.DefaultBuildOperationRunner] Build operation 'Resolve dependencies of detachedConfiguration2' completed
2026-08-21T16:48:36.100-0300 [DEBUG] [org.gradle.internal.component.model.LoggingAttributeMatchingExplanationBuilder] Selected match {artifactType=jar, org.gradle.category=library, org.gradle.libraryelements=jar, org.gradle.status=release, org.gradle.usage=java-runtime} from candidates [{artifactType=jar, org.gradle.category=library, org.gradle.libraryelements=jar, org.gradle.status=release, org.gradle.usage=java-runtime}] for {}
2026-08-21T16:48:36.100-0300 [DEBUG] [org.gradle.api.internal.artifacts.ivyservice.ivyresolve.CachingModuleComponentRepository] Detected non-existence of artifact 'io.spring.dependency-management.gradle.plugin-1.1.7.jar (io.spring.dependency-management:io.spring.dependency-management.gradle.plugin:1.1.7)' in resolver cache
2026-08-21T16:48:36.100-0300 [DEBUG] [org.gradle.internal.operations.DefaultBuildOperationRunner] Build operation 'Resolve files of configuration 'detachedConfiguration2'' completed
2026-08-21T16:48:36.100-0300 [INFO] [org.gradle.plugin.use.internal.DefaultPluginRequestApplicator] Resolved plugin [id: 'io.spring.dependency-management', version: '1.1.7']
2026-08-21T16:48:36.101-0300 [DEBUG] [org.gradle.api.internal.artifacts.ivyservice.resolveengine.graph.builder.NodeState] org.springframework.boot:org.springframework.boot.gradle.plugin:4.1.0 is filtered.
2026-08-21T16:48:36.101-0300 [DEBUG] [org.gradle.api.internal.artifacts.ivyservice.resolveengine.graph.builder.NodeState] io.spring.dependency-management:io.spring.dependency-management.gradle.plugin:1.1.7 is filtered.
2026-08-21T16:48:36.101-0300 [DEBUG] [org.gradle.api.internal.artifacts.ivyservice.resolveengine.graph.builder.NodeState] org.apache.logging.log4j:log4j-core:{require 2.17.1; reject [2.0, 2.17.1)} is filtered.
2026-08-21T16:48:36.101-0300 [DEBUG] [org.gradle.api.internal.artifacts.ivyservice.modulecache.ResolvedArtifactCaches] Reusing in-memory cache for repo 'Gradle Central Plugin Repository' [2f8748e965ecb2135dad092e9ef808de].
2026-08-21T16:48:36.101-0300 [DEBUG] [org.gradle.api.internal.artifacts.ivyservice.ivyresolve.RepositoryChainComponentMetaDataResolver] Attempting to resolve component for org.springframework.boot:org.springframework.boot.gradle.plugin:4.1.0 using repositories [Gradle Central Plugin Repository]
2026-08-21T16:48:36.101-0300 [DEBUG] [org.gradle.api.internal.artifacts.ivyservice.ivyresolve.CachingModuleComponentRepository] Using cached module metadata for module 'org.springframework.boot:org.springframework.boot.gradle.plugin:4.1.0' in 'Gradle Central Plugin Repository'
2026-08-21T16:48:36.101-0300 [DEBUG] [org.gradle.api.internal.artifacts.ivyservice.ivyresolve.RepositoryChainComponentMetaDataResolver] Using org.springframework.boot:org.springframework.boot.gradle.plugin:4.1.0 from Maven repository 'Gradle Central Plugin Repository'
2026-08-21T16:48:36.102-0300 [DEBUG] [org.gradle.internal.component.model.LoggingAttributeMatchingExplanationBuilder] Candidate {org.gradle.category=library, org.gradle.libraryelements=jar, org.gradle.status=release, org.gradle.usage=java-api} attribute org.gradle.usage value org.gradle.usage=java-api doesn't requested value java-runtime
2026-08-21T16:48:36.102-0300 [DEBUG] [org.gradle.internal.component.model.LoggingAttributeMatchingExplanationBuilder] Candidate {org.gradle.category=library, org.gradle.libraryelements=jar, org.gradle.status=release, org.gradle.usage=java-runtime} doesn't have attribute org.gradle.dependency.bundling
2026-08-21T16:48:36.102-0300 [DEBUG] [org.gradle.internal.component.model.LoggingAttributeMatchingExplanationBuilder] Candidate {org.gradle.category=library, org.gradle.libraryelements=jar, org.gradle.status=release, org.gradle.usage=java-runtime} doesn't have attribute org.gradle.jvm.version
2026-08-21T16:48:36.102-0300 [DEBUG] [org.gradle.internal.component.model.LoggingAttributeMatchingExplanationBuilder] Candidate {org.gradle.category=library, org.gradle.libraryelements=jar, org.gradle.status=release, org.gradle.usage=java-runtime} doesn't have attribute org.gradle.plugin.api-version
2026-08-21T16:48:36.102-0300 [DEBUG] [org.gradle.internal.component.model.LoggingAttributeMatchingExplanationBuilder] Candidate {org.gradle.category=documentation, org.gradle.dependency.bundling=external, org.gradle.docstype=sources, org.gradle.status=release, org.gradle.usage=java-runtime} attribute org.gradle.category value org.gradle.category=documentation doesn't requested value library
2026-08-21T16:48:36.102-0300 [DEBUG] [org.gradle.internal.component.model.LoggingAttributeMatchingExplanationBuilder] Candidate {org.gradle.category=documentation, org.gradle.dependency.bundling=external, org.gradle.docstype=javadoc, org.gradle.status=release, org.gradle.usage=java-runtime} attribute org.gradle.category value org.gradle.category=documentation doesn't requested value library
2026-08-21T16:48:36.102-0300 [DEBUG] [org.gradle.internal.component.model.LoggingAttributeMatchingExplanationBuilder] Candidate {org.gradle.category=platform, org.gradle.status=release, org.gradle.usage=java-api} attribute org.gradle.usage value org.gradle.usage=java-api doesn't requested value java-runtime
2026-08-21T16:48:36.102-0300 [DEBUG] [org.gradle.internal.component.model.LoggingAttributeMatchingExplanationBuilder] Candidate {org.gradle.category=platform, org.gradle.status=release, org.gradle.usage=java-runtime} attribute org.gradle.category value org.gradle.category=platform doesn't requested value library
2026-08-21T16:48:36.102-0300 [DEBUG] [org.gradle.internal.component.model.LoggingAttributeMatchingExplanationBuilder] Candidate {org.gradle.category=enforced-platform, org.gradle.status=release, org.gradle.usage=java-api} attribute org.gradle.usage value org.gradle.usage=java-api doesn't requested value java-runtime
2026-08-21T16:48:36.102-0300 [DEBUG] [org.gradle.internal.component.model.LoggingAttributeMatchingExplanationBuilder] Candidate {org.gradle.category=enforced-platform, org.gradle.status=release, org.gradle.usage=java-runtime} attribute org.gradle.category value org.gradle.category=enforced-platform doesn't requested value library
2026-08-21T16:48:36.102-0300 [DEBUG] [org.gradle.api.internal.attributes.matching.DefaultAttributeMatcher] Selected matches [1] from candidates [{org.gradle.category=library, org.gradle.libraryelements=jar, org.gradle.status=release, org.gradle.usage=java-api}, {org.gradle.category=library, org.gradle.libraryelements=jar, org.gradle.status=release, org.gradle.usage=java-runtime}, {org.gradle.category=documentation, org.gradle.dependency.bundling=external, org.gradle.docstype=sources, org.gradle.status=release, org.gradle.usage=java-runtime}, {org.gradle.category=documentation, org.gradle.dependency.bundling=external, org.gradle.docstype=javadoc, org.gradle.status=release, org.gradle.usage=java-runtime}, {org.gradle.category=platform, org.gradle.status=release, org.gradle.usage=java-api}, {org.gradle.category=platform, org.gradle.status=release, org.gradle.usage=java-runtime}, {org.gradle.category=enforced-platform, org.gradle.status=release, org.gradle.usage=java-api}, {org.gradle.category=enforced-platform, org.gradle.status=release, org.gradle.usage=java-runtime}] for {org.gradle.category=library, org.gradle.dependency.bundling=external, org.gradle.jvm.version=24, org.gradle.libraryelements=jar, org.gradle.plugin.api-version=9.5.1, org.gradle.usage=java-runtime}
2026-08-21T16:48:36.102-0300 [DEBUG] [org.gradle.api.internal.artifacts.ivyservice.ivyresolve.RepositoryChainComponentMetaDataResolver] Attempting to resolve component for io.spring.dependency-management:io.spring.dependency-management.gradle.plugin:1.1.7 using repositories [Gradle Central Plugin Repository]
2026-08-21T16:48:36.102-0300 [DEBUG] [org.gradle.api.internal.artifacts.ivyservice.ivyresolve.CachingModuleComponentRepository] Using cached module metadata for module 'io.spring.dependency-management:io.spring.dependency-management.gradle.plugin:1.1.7' in 'Gradle Central Plugin Repository'
2026-08-21T16:48:36.102-0300 [DEBUG] [org.gradle.api.internal.artifacts.ivyservice.ivyresolve.RepositoryChainComponentMetaDataResolver] Using io.spring.dependency-management:io.spring.dependency-management.gradle.plugin:1.1.7 from Maven repository 'Gradle Central Plugin Repository'
2026-08-21T16:48:36.102-0300 [DEBUG] [org.gradle.api.internal.artifacts.ivyservice.ivyresolve.RepositoryChainComponentMetaDataResolver] Attempting to resolve component for org.springframework.boot:spring-boot-gradle-plugin:4.1.0 using repositories [Gradle Central Plugin Repository]
2026-08-21T16:48:36.102-0300 [DEBUG] [org.gradle.api.internal.artifacts.ivyservice.ivyresolve.CachingModuleComponentRepository] Using cached module metadata for module 'org.springframework.boot:spring-boot-gradle-plugin:4.1.0' in 'Gradle Central Plugin Repository'
2026-08-21T16:48:36.102-0300 [DEBUG] [org.gradle.api.internal.artifacts.ivyservice.ivyresolve.RepositoryChainComponentMetaDataResolver] Using org.springframework.boot:spring-boot-gradle-plugin:4.1.0 from Maven repository 'Gradle Central Plugin Repository'
2026-08-21T16:48:36.102-0300 [DEBUG] [org.gradle.internal.component.model.LoggingAttributeMatchingExplanationBuilder] Candidate {org.gradle.category=library, org.gradle.dependency.bundling=external, org.gradle.jvm.version=17, org.gradle.libraryelements=jar, org.gradle.status=release, org.gradle.usage=java-api} attribute org.gradle.usage value org.gradle.usage=java-api doesn't requested value java-runtime
2026-08-21T16:48:36.102-0300 [DEBUG] [org.gradle.internal.component.model.LoggingAttributeMatchingExplanationBuilder] Candidate {org.gradle.category=library, org.gradle.dependency.bundling=external, org.gradle.jvm.version=17, org.gradle.libraryelements=jar, org.gradle.status=release, org.gradle.usage=java-runtime} doesn't have attribute org.gradle.plugin.api-version
2026-08-21T16:48:36.102-0300 [DEBUG] [org.gradle.internal.component.model.LoggingAttributeMatchingExplanationBuilder] Candidate {org.gradle.category=documentation, org.gradle.dependency.bundling=external, org.gradle.docstype=javadoc, org.gradle.status=release, org.gradle.usage=java-runtime} attribute org.gradle.category value org.gradle.category=documentation doesn't requested value library
2026-08-21T16:48:36.102-0300 [DEBUG] [org.gradle.internal.component.model.LoggingAttributeMatchingExplanationBuilder] Candidate {org.gradle.category=documentation, org.gradle.dependency.bundling=external, org.gradle.docstype=sources, org.gradle.status=release, org.gradle.usage=java-runtime} attribute org.gradle.category value org.gradle.category=documentation doesn't requested value library
2026-08-21T16:48:36.102-0300 [DEBUG] [org.gradle.api.internal.attributes.matching.DefaultAttributeMatcher] Selected matches [1] from candidates [{org.gradle.category=library, org.gradle.dependency.bundling=external, org.gradle.jvm.version=17, org.gradle.libraryelements=jar, org.gradle.status=release, org.gradle.usage=java-api}, {org.gradle.category=library, org.gradle.dependency.bundling=external, org.gradle.jvm.version=17, org.gradle.libraryelements=jar, org.gradle.status=release, org.gradle.usage=java-runtime}, {org.gradle.category=documentation, org.gradle.dependency.bundling=external, org.gradle.docstype=javadoc, org.gradle.status=release, org.gradle.usage=java-runtime}, {org.gradle.category=documentation, org.gradle.dependency.bundling=external, org.gradle.docstype=sources, org.gradle.status=release, org.gradle.usage=java-runtime}] for {org.gradle.category=library, org.gradle.dependency.bundling=external, org.gradle.jvm.version=24, org.gradle.libraryelements=jar, org.gradle.plugin.api-version=9.5.1, org.gradle.usage=java-runtime}
2026-08-21T16:48:36.103-0300 [DEBUG] [org.gradle.api.internal.artifacts.ivyservice.ivyresolve.RepositoryChainComponentMetaDataResolver] Attempting to resolve component for io.spring.gradle:dependency-management-plugin:1.1.7 using repositories [Gradle Central Plugin Repository]
2026-08-21T16:48:36.103-0300 [DEBUG] [org.gradle.api.internal.artifacts.ivyservice.ivyresolve.CachingModuleComponentRepository] Using cached module metadata for module 'io.spring.gradle:dependency-management-plugin:1.1.7' in 'Gradle Central Plugin Repository'
2026-08-21T16:48:36.103-0300 [DEBUG] [org.gradle.api.internal.artifacts.ivyservice.ivyresolve.RepositoryChainComponentMetaDataResolver] Using io.spring.gradle:dependency-management-plugin:1.1.7 from Maven repository 'Gradle Central Plugin Repository'
2026-08-21T16:48:36.103-0300 [DEBUG] [org.gradle.internal.component.model.LoggingAttributeMatchingExplanationBuilder] Candidate {org.gradle.category=library, org.gradle.dependency.bundling=external, org.gradle.jvm.version=8, org.gradle.libraryelements=jar, org.gradle.status=release, org.gradle.usage=java-api} attribute org.gradle.usage value org.gradle.usage=java-api doesn't requested value java-runtime
2026-08-21T16:48:36.103-0300 [DEBUG] [org.gradle.internal.component.model.LoggingAttributeMatchingExplanationBuilder] Candidate {org.gradle.category=library, org.gradle.dependency.bundling=external, org.gradle.jvm.version=8, org.gradle.libraryelements=jar, org.gradle.status=release, org.gradle.usage=java-runtime} doesn't have attribute org.gradle.plugin.api-version
2026-08-21T16:48:36.103-0300 [DEBUG] [org.gradle.internal.component.model.LoggingAttributeMatchingExplanationBuilder] Candidate {org.gradle.category=documentation, org.gradle.dependency.bundling=external, org.gradle.docstype=javadoc, org.gradle.status=release, org.gradle.usage=java-runtime} attribute org.gradle.category value org.gradle.category=documentation doesn't requested value library
2026-08-21T16:48:36.103-0300 [DEBUG] [org.gradle.internal.component.model.LoggingAttributeMatchingExplanationBuilder] Candidate {org.gradle.category=documentation, org.gradle.dependency.bundling=external, org.gradle.docstype=sources, org.gradle.status=release, org.gradle.usage=java-runtime} attribute org.gradle.category value org.gradle.category=documentation doesn't requested value library
2026-08-21T16:48:36.103-0300 [DEBUG] [org.gradle.api.internal.attributes.matching.DefaultAttributeMatcher] Selected matches [1] from candidates [{org.gradle.category=library, org.gradle.dependency.bundling=external, org.gradle.jvm.version=8, org.gradle.libraryelements=jar, org.gradle.status=release, org.gradle.usage=java-api}, {org.gradle.category=library, org.gradle.dependency.bundling=external, org.gradle.jvm.version=8, org.gradle.libraryelements=jar, org.gradle.status=release, org.gradle.usage=java-runtime}, {org.gradle.category=documentation, org.gradle.dependency.bundling=external, org.gradle.docstype=javadoc, org.gradle.status=release, org.gradle.usage=java-runtime}, {org.gradle.category=documentation, org.gradle.dependency.bundling=external, org.gradle.docstype=sources, org.gradle.status=release, org.gradle.usage=java-runtime}] for {org.gradle.category=library, org.gradle.dependency.bundling=external, org.gradle.jvm.version=24, org.gradle.libraryelements=jar, org.gradle.plugin.api-version=9.5.1, org.gradle.usage=java-runtime}
2026-08-21T16:48:36.104-0300 [DEBUG] [org.gradle.api.internal.artifacts.ivyservice.ivyresolve.RepositoryChainComponentMetaDataResolver] Attempting to resolve component for org.springframework.boot:spring-boot-buildpack-platform:4.1.0 using repositories [Gradle Central Plugin Repository]
2026-08-21T16:48:36.104-0300 [DEBUG] [org.gradle.api.internal.artifacts.ivyservice.ivyresolve.CachingModuleComponentRepository] Using cached module metadata for module 'org.springframework.boot:spring-boot-buildpack-platform:4.1.0' in 'Gradle Central Plugin Repository'
2026-08-21T16:48:36.104-0300 [DEBUG] [org.gradle.api.internal.artifacts.ivyservice.ivyresolve.RepositoryChainComponentMetaDataResolver] Using org.springframework.boot:spring-boot-buildpack-platform:4.1.0 from Maven repository 'Gradle Central Plugin Repository'
2026-08-21T16:48:36.104-0300 [DEBUG] [org.gradle.api.internal.artifacts.ivyservice.ivyresolve.RepositoryChainComponentMetaDataResolver] Attempting to resolve component for org.springframework.boot:spring-boot-loader-tools:4.1.0 using repositories [Gradle Central Plugin Repository]
2026-08-21T16:48:36.104-0300 [DEBUG] [org.gradle.api.internal.artifacts.ivyservice.ivyresolve.CachingModuleComponentRepository] Using cached module metadata for module 'org.springframework.boot:spring-boot-loader-tools:4.1.0' in 'Gradle Central Plugin Repository'
2026-08-21T16:48:36.104-0300 [DEBUG] [org.gradle.api.internal.artifacts.ivyservice.ivyresolve.RepositoryChainComponentMetaDataResolver] Using org.springframework.boot:spring-boot-loader-tools:4.1.0 from Maven repository 'Gradle Central Plugin Repository'
2026-08-21T16:48:36.104-0300 [DEBUG] [org.gradle.api.internal.artifacts.ivyservice.ivyresolve.RepositoryChainComponentMetaDataResolver] Attempting to resolve component for org.apache.commons:commons-compress:1.27.1 using repositories [Gradle Central Plugin Repository]
2026-08-21T16:48:36.104-0300 [DEBUG] [org.gradle.api.internal.artifacts.ivyservice.ivyresolve.CachingModuleComponentRepository] Using cached module metadata for module 'org.apache.commons:commons-compress:1.27.1' in 'Gradle Central Plugin Repository'
2026-08-21T16:48:36.104-0300 [DEBUG] [org.gradle.api.internal.artifacts.ivyservice.ivyresolve.RepositoryChainComponentMetaDataResolver] Using org.apache.commons:commons-compress:1.27.1 from Maven repository 'Gradle Central Plugin Repository'
2026-08-21T16:48:36.104-0300 [DEBUG] [org.gradle.api.internal.artifacts.ivyservice.ivyresolve.RepositoryChainComponentMetaDataResolver] Attempting to resolve component for org.springframework:spring-core:7.0.8 using repositories [Gradle Central Plugin Repository]
2026-08-21T16:48:36.104-0300 [DEBUG] [org.gradle.api.internal.artifacts.ivyservice.ivyresolve.CachingModuleComponentRepository] Using cached module metadata for module 'org.springframework:spring-core:7.0.8' in 'Gradle Central Plugin Repository'
2026-08-21T16:48:36.104-0300 [DEBUG] [org.gradle.api.internal.artifacts.ivyservice.ivyresolve.RepositoryChainComponentMetaDataResolver] Using org.springframework:spring-core:7.0.8 from Maven repository 'Gradle Central Plugin Repository'
2026-08-21T16:48:36.104-0300 [DEBUG] [org.gradle.internal.component.model.LoggingAttributeMatchingExplanationBuilder] Candidate {org.gradle.category=library, org.gradle.dependency.bundling=external, org.gradle.jvm.environment=standard-jvm, org.gradle.jvm.version=17, org.gradle.libraryelements=jar, org.gradle.status=release, org.gradle.usage=java-api, org.jetbrains.kotlin.platform.type=jvm} attribute org.gradle.usage value org.gradle.usage=java-api doesn't requested value java-runtime
2026-08-21T16:48:36.104-0300 [DEBUG] [org.gradle.internal.component.model.LoggingAttributeMatchingExplanationBuilder] Candidate {org.gradle.category=library, org.gradle.dependency.bundling=external, org.gradle.jvm.environment=standard-jvm, org.gradle.jvm.version=17, org.gradle.libraryelements=jar, org.gradle.status=release, org.gradle.usage=java-runtime, org.jetbrains.kotlin.platform.type=jvm} doesn't have attribute org.gradle.plugin.api-version
2026-08-21T16:48:36.104-0300 [DEBUG] [org.gradle.api.internal.attributes.matching.DefaultAttributeMatcher] Selected matches [1] from candidates [{org.gradle.category=library, org.gradle.dependency.bundling=external, org.gradle.jvm.environment=standard-jvm, org.gradle.jvm.version=17, org.gradle.libraryelements=jar, org.gradle.status=release, org.gradle.usage=java-api, org.jetbrains.kotlin.platform.type=jvm}, {org.gradle.category=library, org.gradle.dependency.bundling=external, org.gradle.jvm.environment=standard-jvm, org.gradle.jvm.version=17, org.gradle.libraryelements=jar, org.gradle.status=release, org.gradle.usage=java-runtime, org.jetbrains.kotlin.platform.type=jvm}] for {org.gradle.category=library, org.gradle.dependency.bundling=external, org.gradle.jvm.version=24, org.gradle.libraryelements=jar, org.gradle.plugin.api-version=9.5.1, org.gradle.usage=java-runtime}
2026-08-21T16:48:36.105-0300 [DEBUG] [org.gradle.api.internal.artifacts.ivyservice.ivyresolve.RepositoryChainComponentMetaDataResolver] Attempting to resolve component for net.java.dev.jna:jna-platform:5.17.0 using repositories [Gradle Central Plugin Repository]
2026-08-21T16:48:36.105-0300 [DEBUG] [org.gradle.api.internal.artifacts.ivyservice.ivyresolve.CachingModuleComponentRepository] Using cached module metadata for module 'net.java.dev.jna:jna-platform:5.17.0' in 'Gradle Central Plugin Repository'
2026-08-21T16:48:36.105-0300 [DEBUG] [org.gradle.api.internal.artifacts.ivyservice.ivyresolve.RepositoryChainComponentMetaDataResolver] Using net.java.dev.jna:jna-platform:5.17.0 from Maven repository 'Gradle Central Plugin Repository'
2026-08-21T16:48:36.106-0300 [DEBUG] [org.gradle.api.internal.artifacts.ivyservice.ivyresolve.RepositoryChainComponentMetaDataResolver] Attempting to resolve component for org.apache.httpcomponents.client5:httpclient5:5.6.1 using repositories [Gradle Central Plugin Repository]
2026-08-21T16:48:36.106-0300 [DEBUG] [org.gradle.api.internal.artifacts.ivyservice.ivyresolve.CachingModuleComponentRepository] Using cached module metadata for module 'org.apache.httpcomponents.client5:httpclient5:5.6.1' in 'Gradle Central Plugin Repository'
2026-08-21T16:48:36.106-0300 [DEBUG] [org.gradle.api.internal.artifacts.ivyservice.ivyresolve.RepositoryChainComponentMetaDataResolver] Using org.apache.httpcomponents.client5:httpclient5:5.6.1 from Maven repository 'Gradle Central Plugin Repository'
2026-08-21T16:48:36.106-0300 [DEBUG] [org.gradle.api.internal.artifacts.ivyservice.ivyresolve.RepositoryChainComponentMetaDataResolver] Attempting to resolve component for org.tomlj:tomlj:1.0.0 using repositories [Gradle Central Plugin Repository]
2026-08-21T16:48:36.106-0300 [DEBUG] [org.gradle.api.internal.artifacts.ivyservice.ivyresolve.CachingModuleComponentRepository] Using cached module metadata for module 'org.tomlj:tomlj:1.0.0' in 'Gradle Central Plugin Repository'
2026-08-21T16:48:36.106-0300 [DEBUG] [org.gradle.api.internal.artifacts.ivyservice.ivyresolve.RepositoryChainComponentMetaDataResolver] Using org.tomlj:tomlj:1.0.0 from Maven repository 'Gradle Central Plugin Repository'
2026-08-21T16:48:36.106-0300 [DEBUG] [org.gradle.api.internal.artifacts.ivyservice.ivyresolve.RepositoryChainComponentMetaDataResolver] Attempting to resolve component for tools.jackson.core:jackson-databind:3.1.4 using repositories [Gradle Central Plugin Repository]
2026-08-21T16:48:36.106-0300 [DEBUG] [org.gradle.api.internal.artifacts.ivyservice.ivyresolve.CachingModuleComponentRepository] Using cached module metadata for module 'tools.jackson.core:jackson-databind:3.1.4' in 'Gradle Central Plugin Repository'
2026-08-21T16:48:36.106-0300 [DEBUG] [org.gradle.api.internal.artifacts.ivyservice.ivyresolve.RepositoryChainComponentMetaDataResolver] Using tools.jackson.core:jackson-databind:3.1.4 from Maven repository 'Gradle Central Plugin Repository'
2026-08-21T16:48:36.106-0300 [DEBUG] [org.gradle.internal.component.model.LoggingAttributeMatchingExplanationBuilder] Candidate {org.gradle.category=library, org.gradle.dependency.bundling=external, org.gradle.libraryelements=jar, org.gradle.status=release, org.gradle.usage=java-api} attribute org.gradle.usage value org.gradle.usage=java-api doesn't requested value java-runtime
2026-08-21T16:48:36.106-0300 [DEBUG] [org.gradle.internal.component.model.LoggingAttributeMatchingExplanationBuilder] Candidate {org.gradle.category=library, org.gradle.dependency.bundling=external, org.gradle.libraryelements=jar, org.gradle.status=release, org.gradle.usage=java-runtime} doesn't have attribute org.gradle.jvm.version
2026-08-21T16:48:36.106-0300 [DEBUG] [org.gradle.internal.component.model.LoggingAttributeMatchingExplanationBuilder] Candidate {org.gradle.category=library, org.gradle.dependency.bundling=external, org.gradle.libraryelements=jar, org.gradle.status=release, org.gradle.usage=java-runtime} doesn't have attribute org.gradle.plugin.api-version
2026-08-21T16:48:36.106-0300 [DEBUG] [org.gradle.internal.component.model.LoggingAttributeMatchingExplanationBuilder] Candidate {org.gradle.category=documentation, org.gradle.dependency.bundling=external, org.gradle.docstype=javadoc, org.gradle.status=release, org.gradle.usage=java-runtime} attribute org.gradle.category value org.gradle.category=documentation doesn't requested value library
2026-08-21T16:48:36.106-0300 [DEBUG] [org.gradle.internal.component.model.LoggingAttributeMatchingExplanationBuilder] Candidate {org.gradle.category=documentation, org.gradle.dependency.bundling=external, org.gradle.docstype=sources, org.gradle.status=release, org.gradle.usage=java-runtime} attribute org.gradle.category value org.gradle.category=documentation doesn't requested value library
2026-08-21T16:48:36.106-0300 [DEBUG] [org.gradle.api.internal.attributes.matching.DefaultAttributeMatcher] Selected matches [1] from candidates [{org.gradle.category=library, org.gradle.dependency.bundling=external, org.gradle.libraryelements=jar, org.gradle.status=release, org.gradle.usage=java-api}, {org.gradle.category=library, org.gradle.dependency.bundling=external, org.gradle.libraryelements=jar, org.gradle.status=release, org.gradle.usage=java-runtime}, {org.gradle.category=documentation, org.gradle.dependency.bundling=external, org.gradle.docstype=javadoc, org.gradle.status=release, org.gradle.usage=java-runtime}, {org.gradle.category=documentation, org.gradle.dependency.bundling=external, org.gradle.docstype=sources, org.gradle.status=release, org.gradle.usage=java-runtime}] for {org.gradle.category=library, org.gradle.dependency.bundling=external, org.gradle.jvm.version=24, org.gradle.libraryelements=jar, org.gradle.plugin.api-version=9.5.1, org.gradle.usage=java-runtime}
2026-08-21T16:48:36.107-0300 [DEBUG] [org.gradle.api.internal.artifacts.ivyservice.ivyresolve.RepositoryChainComponentMetaDataResolver] Attempting to resolve component for commons-codec:commons-codec:1.17.1 using repositories [Gradle Central Plugin Repository]
2026-08-21T16:48:36.107-0300 [DEBUG] [org.gradle.api.internal.artifacts.ivyservice.ivyresolve.CachingModuleComponentRepository] Using cached module metadata for module 'commons-codec:commons-codec:1.17.1' in 'Gradle Central Plugin Repository'
2026-08-21T16:48:36.107-0300 [DEBUG] [org.gradle.api.internal.artifacts.ivyservice.ivyresolve.RepositoryChainComponentMetaDataResolver] Using commons-codec:commons-codec:1.17.1 from Maven repository 'Gradle Central Plugin Repository'
2026-08-21T16:48:36.107-0300 [DEBUG] [org.gradle.api.internal.artifacts.ivyservice.ivyresolve.RepositoryChainComponentMetaDataResolver] Attempting to resolve component for commons-io:commons-io:2.16.1 using repositories [Gradle Central Plugin Repository]
2026-08-21T16:48:36.107-0300 [DEBUG] [org.gradle.api.internal.artifacts.ivyservice.ivyresolve.CachingModuleComponentRepository] Using cached module metadata for module 'commons-io:commons-io:2.16.1' in 'Gradle Central Plugin Repository'
2026-08-21T16:48:36.107-0300 [DEBUG] [org.gradle.api.internal.artifacts.ivyservice.ivyresolve.RepositoryChainComponentMetaDataResolver] Using commons-io:commons-io:2.16.1 from Maven repository 'Gradle Central Plugin Repository'
2026-08-21T16:48:36.107-0300 [DEBUG] [org.gradle.api.internal.artifacts.ivyservice.ivyresolve.RepositoryChainComponentMetaDataResolver] Attempting to resolve component for org.apache.commons:commons-lang3:3.16.0 using repositories [Gradle Central Plugin Repository]
2026-08-21T16:48:36.107-0300 [DEBUG] [org.gradle.api.internal.artifacts.ivyservice.ivyresolve.CachingModuleComponentRepository] Using cached module metadata for module 'org.apache.commons:commons-lang3:3.16.0' in 'Gradle Central Plugin Repository'
2026-08-21T16:48:36.107-0300 [DEBUG] [org.gradle.api.internal.artifacts.ivyservice.ivyresolve.RepositoryChainComponentMetaDataResolver] Using org.apache.commons:commons-lang3:3.16.0 from Maven repository 'Gradle Central Plugin Repository'
2026-08-21T16:48:36.108-0300 [DEBUG] [org.gradle.api.internal.artifacts.ivyservice.ivyresolve.RepositoryChainComponentMetaDataResolver] Attempting to resolve component for commons-logging:commons-logging:1.3.5 using repositories [Gradle Central Plugin Repository]
2026-08-21T16:48:36.108-0300 [DEBUG] [org.gradle.api.internal.artifacts.ivyservice.ivyresolve.CachingModuleComponentRepository] Using cached module metadata for module 'commons-logging:commons-logging:1.3.5' in 'Gradle Central Plugin Repository'
2026-08-21T16:48:36.108-0300 [DEBUG] [org.gradle.api.internal.artifacts.ivyservice.ivyresolve.RepositoryChainComponentMetaDataResolver] Using commons-logging:commons-logging:1.3.5 from Maven repository 'Gradle Central Plugin Repository'
2026-08-21T16:48:36.108-0300 [DEBUG] [org.gradle.api.internal.artifacts.ivyservice.ivyresolve.RepositoryChainComponentMetaDataResolver] Attempting to resolve component for org.jspecify:jspecify:1.0.0 using repositories [Gradle Central Plugin Repository]
2026-08-21T16:48:36.108-0300 [DEBUG] [org.gradle.api.internal.artifacts.ivyservice.ivyresolve.CachingModuleComponentRepository] Using cached module metadata for module 'org.jspecify:jspecify:1.0.0' in 'Gradle Central Plugin Repository'
2026-08-21T16:48:36.108-0300 [DEBUG] [org.gradle.api.internal.artifacts.ivyservice.ivyresolve.RepositoryChainComponentMetaDataResolver] Using org.jspecify:jspecify:1.0.0 from Maven repository 'Gradle Central Plugin Repository'
2026-08-21T16:48:36.108-0300 [DEBUG] [org.gradle.api.internal.artifacts.ivyservice.ivyresolve.RepositoryChainComponentMetaDataResolver] Attempting to resolve component for net.java.dev.jna:jna:5.17.0 using repositories [Gradle Central Plugin Repository]
2026-08-21T16:48:36.108-0300 [DEBUG] [org.gradle.api.internal.artifacts.ivyservice.ivyresolve.CachingModuleComponentRepository] Using cached module metadata for module 'net.java.dev.jna:jna:5.17.0' in 'Gradle Central Plugin Repository'
2026-08-21T16:48:36.108-0300 [DEBUG] [org.gradle.api.internal.artifacts.ivyservice.ivyresolve.RepositoryChainComponentMetaDataResolver] Using net.java.dev.jna:jna:5.17.0 from Maven repository 'Gradle Central Plugin Repository'
2026-08-21T16:48:36.109-0300 [DEBUG] [org.gradle.api.internal.artifacts.ivyservice.ivyresolve.RepositoryChainComponentMetaDataResolver] Attempting to resolve component for org.apache.httpcomponents.core5:httpcore5:5.4 using repositories [Gradle Central Plugin Repository]
2026-08-21T16:48:36.109-0300 [DEBUG] [org.gradle.api.internal.artifacts.ivyservice.ivyresolve.CachingModuleComponentRepository] Using cached module metadata for module 'org.apache.httpcomponents.core5:httpcore5:5.4' in 'Gradle Central Plugin Repository'
2026-08-21T16:48:36.109-0300 [DEBUG] [org.gradle.api.internal.artifacts.ivyservice.ivyresolve.RepositoryChainComponentMetaDataResolver] Using org.apache.httpcomponents.core5:httpcore5:5.4 from Maven repository 'Gradle Central Plugin Repository'
2026-08-21T16:48:36.109-0300 [DEBUG] [org.gradle.api.internal.artifacts.ivyservice.ivyresolve.RepositoryChainComponentMetaDataResolver] Attempting to resolve component for org.apache.httpcomponents.core5:httpcore5-h2:5.4 using repositories [Gradle Central Plugin Repository]
2026-08-21T16:48:36.109-0300 [DEBUG] [org.gradle.api.internal.artifacts.ivyservice.ivyresolve.CachingModuleComponentRepository] Using cached module metadata for module 'org.apache.httpcomponents.core5:httpcore5-h2:5.4' in 'Gradle Central Plugin Repository'
2026-08-21T16:48:36.109-0300 [DEBUG] [org.gradle.api.internal.artifacts.ivyservice.ivyresolve.RepositoryChainComponentMetaDataResolver] Using org.apache.httpcomponents.core5:httpcore5-h2:5.4 from Maven repository 'Gradle Central Plugin Repository'
2026-08-21T16:48:36.109-0300 [DEBUG] [org.gradle.api.internal.artifacts.ivyservice.ivyresolve.RepositoryChainComponentMetaDataResolver] Attempting to resolve component for org.slf4j:slf4j-api:1.7.36 using repositories [Gradle Central Plugin Repository]
2026-08-21T16:48:36.109-0300 [DEBUG] [org.gradle.api.internal.artifacts.ivyservice.ivyresolve.CachingModuleComponentRepository] Using cached module metadata for module 'org.slf4j:slf4j-api:1.7.36' in 'Gradle Central Plugin Repository'
2026-08-21T16:48:36.109-0300 [DEBUG] [org.gradle.api.internal.artifacts.ivyservice.ivyresolve.RepositoryChainComponentMetaDataResolver] Using org.slf4j:slf4j-api:1.7.36 from Maven repository 'Gradle Central Plugin Repository'
2026-08-21T16:48:36.109-0300 [DEBUG] [org.gradle.api.internal.artifacts.ivyservice.ivyresolve.RepositoryChainComponentMetaDataResolver] Attempting to resolve component for org.antlr:antlr4-runtime:4.7.2 using repositories [Gradle Central Plugin Repository]
2026-08-21T16:48:36.109-0300 [DEBUG] [org.gradle.api.internal.artifacts.ivyservice.ivyresolve.CachingModuleComponentRepository] Using cached module metadata for module 'org.antlr:antlr4-runtime:4.7.2' in 'Gradle Central Plugin Repository'
2026-08-21T16:48:36.109-0300 [DEBUG] [org.gradle.api.internal.artifacts.ivyservice.ivyresolve.RepositoryChainComponentMetaDataResolver] Using org.antlr:antlr4-runtime:4.7.2 from Maven repository 'Gradle Central Plugin Repository'
2026-08-21T16:48:36.109-0300 [DEBUG] [org.gradle.api.internal.artifacts.ivyservice.ivyresolve.RepositoryChainComponentMetaDataResolver] Attempting to resolve component for com.google.code.findbugs:jsr305:3.0.2 using repositories [Gradle Central Plugin Repository]
2026-08-21T16:48:36.109-0300 [DEBUG] [org.gradle.api.internal.artifacts.ivyservice.ivyresolve.CachingModuleComponentRepository] Using cached module metadata for module 'com.google.code.findbugs:jsr305:3.0.2' in 'Gradle Central Plugin Repository'
2026-08-21T16:48:36.109-0300 [DEBUG] [org.gradle.api.internal.artifacts.ivyservice.ivyresolve.RepositoryChainComponentMetaDataResolver] Using com.google.code.findbugs:jsr305:3.0.2 from Maven repository 'Gradle Central Plugin Repository'
2026-08-21T16:48:36.110-0300 [DEBUG] [org.gradle.api.internal.artifacts.ivyservice.ivyresolve.RepositoryChainComponentMetaDataResolver] Attempting to resolve component for com.fasterxml.jackson.core:jackson-annotations:2.21 using repositories [Gradle Central Plugin Repository]
2026-08-21T16:48:36.110-0300 [DEBUG] [org.gradle.api.internal.artifacts.ivyservice.ivyresolve.CachingModuleComponentRepository] Using cached module metadata for module 'com.fasterxml.jackson.core:jackson-annotations:2.21' in 'Gradle Central Plugin Repository'
2026-08-21T16:48:36.110-0300 [DEBUG] [org.gradle.api.internal.artifacts.ivyservice.ivyresolve.RepositoryChainComponentMetaDataResolver] Using com.fasterxml.jackson.core:jackson-annotations:2.21 from Maven repository 'Gradle Central Plugin Repository'
2026-08-21T16:48:36.110-0300 [DEBUG] [org.gradle.internal.component.model.LoggingAttributeMatchingExplanationBuilder] Candidate {org.gradle.category=library, org.gradle.dependency.bundling=external, org.gradle.libraryelements=jar, org.gradle.status=release, org.gradle.usage=java-api} attribute org.gradle.usage value org.gradle.usage=java-api doesn't requested value java-runtime
2026-08-21T16:48:36.110-0300 [DEBUG] [org.gradle.internal.component.model.LoggingAttributeMatchingExplanationBuilder] Candidate {org.gradle.category=library, org.gradle.dependency.bundling=external, org.gradle.libraryelements=jar, org.gradle.status=release, org.gradle.usage=java-runtime} doesn't have attribute org.gradle.jvm.version
2026-08-21T16:48:36.110-0300 [DEBUG] [org.gradle.internal.component.model.LoggingAttributeMatchingExplanationBuilder] Candidate {org.gradle.category=library, org.gradle.dependency.bundling=external, org.gradle.libraryelements=jar, org.gradle.status=release, org.gradle.usage=java-runtime} doesn't have attribute org.gradle.plugin.api-version
2026-08-21T16:48:36.111-0300 [DEBUG] [org.gradle.api.internal.attributes.matching.DefaultAttributeMatcher] Selected matches [1] from candidates [{org.gradle.category=library, org.gradle.dependency.bundling=external, org.gradle.libraryelements=jar, org.gradle.status=release, org.gradle.usage=java-api}, {org.gradle.category=library, org.gradle.dependency.bundling=external, org.gradle.libraryelements=jar, org.gradle.status=release, org.gradle.usage=java-runtime}] for {org.gradle.category=library, org.gradle.dependency.bundling=external, org.gradle.jvm.version=24, org.gradle.libraryelements=jar, org.gradle.plugin.api-version=9.5.1, org.gradle.usage=java-runtime}
2026-08-21T16:48:36.111-0300 [DEBUG] [org.gradle.api.internal.artifacts.ivyservice.ivyresolve.RepositoryChainComponentMetaDataResolver] Attempting to resolve component for tools.jackson.core:jackson-core:3.1.4 using repositories [Gradle Central Plugin Repository]
2026-08-21T16:48:36.111-0300 [DEBUG] [org.gradle.api.internal.artifacts.ivyservice.ivyresolve.CachingModuleComponentRepository] Using cached module metadata for module 'tools.jackson.core:jackson-core:3.1.4' in 'Gradle Central Plugin Repository'
2026-08-21T16:48:36.111-0300 [DEBUG] [org.gradle.api.internal.artifacts.ivyservice.ivyresolve.RepositoryChainComponentMetaDataResolver] Using tools.jackson.core:jackson-core:3.1.4 from Maven repository 'Gradle Central Plugin Repository'
2026-08-21T16:48:36.111-0300 [DEBUG] [org.gradle.api.internal.artifacts.ivyservice.ivyresolve.RepositoryChainComponentMetaDataResolver] Attempting to resolve component for tools.jackson:jackson-bom:3.1.4 using repositories [Gradle Central Plugin Repository]
2026-08-21T16:48:36.111-0300 [DEBUG] [org.gradle.api.internal.artifacts.ivyservice.ivyresolve.CachingModuleComponentRepository] Using cached module metadata for module 'tools.jackson:jackson-bom:3.1.4' in 'Gradle Central Plugin Repository'
2026-08-21T16:48:36.111-0300 [DEBUG] [org.gradle.api.internal.artifacts.ivyservice.ivyresolve.RepositoryChainComponentMetaDataResolver] Using tools.jackson:jackson-bom:3.1.4 from Maven repository 'Gradle Central Plugin Repository'
2026-08-21T16:48:36.111-0300 [DEBUG] [org.gradle.internal.component.model.LoggingAttributeMatchingExplanationBuilder] Candidate {org.gradle.category=library, org.gradle.libraryelements=jar, org.gradle.status=release, org.gradle.usage=java-api} attribute org.gradle.category value org.gradle.category=library doesn't requested value platform
2026-08-21T16:48:36.111-0300 [DEBUG] [org.gradle.internal.component.model.LoggingAttributeMatchingExplanationBuilder] Candidate {org.gradle.category=library, org.gradle.libraryelements=jar, org.gradle.status=release, org.gradle.usage=java-runtime} attribute org.gradle.category value org.gradle.category=library doesn't requested value platform
2026-08-21T16:48:36.111-0300 [DEBUG] [org.gradle.internal.component.model.LoggingAttributeMatchingExplanationBuilder] Candidate {org.gradle.category=documentation, org.gradle.dependency.bundling=external, org.gradle.docstype=sources, org.gradle.status=release, org.gradle.usage=java-runtime} attribute org.gradle.category value org.gradle.category=documentation doesn't requested value platform
2026-08-21T16:48:36.111-0300 [DEBUG] [org.gradle.internal.component.model.LoggingAttributeMatchingExplanationBuilder] Candidate {org.gradle.category=documentation, org.gradle.dependency.bundling=external, org.gradle.docstype=javadoc, org.gradle.status=release, org.gradle.usage=java-runtime} attribute org.gradle.category value org.gradle.category=documentation doesn't requested value platform
2026-08-21T16:48:36.111-0300 [DEBUG] [org.gradle.internal.component.model.LoggingAttributeMatchingExplanationBuilder] Candidate {org.gradle.category=platform, org.gradle.status=release, org.gradle.usage=java-api} attribute org.gradle.usage value org.gradle.usage=java-api doesn't requested value java-runtime
2026-08-21T16:48:36.111-0300 [DEBUG] [org.gradle.internal.component.model.LoggingAttributeMatchingExplanationBuilder] Candidate {org.gradle.category=platform, org.gradle.status=release, org.gradle.usage=java-runtime} doesn't have attribute org.gradle.libraryelements
2026-08-21T16:48:36.111-0300 [DEBUG] [org.gradle.internal.component.model.LoggingAttributeMatchingExplanationBuilder] Candidate {org.gradle.category=platform, org.gradle.status=release, org.gradle.usage=java-runtime} doesn't have attribute org.gradle.dependency.bundling
2026-08-21T16:48:36.111-0300 [DEBUG] [org.gradle.internal.component.model.LoggingAttributeMatchingExplanationBuilder] Candidate {org.gradle.category=platform, org.gradle.status=release, org.gradle.usage=java-runtime} doesn't have attribute org.gradle.jvm.version
2026-08-21T16:48:36.111-0300 [DEBUG] [org.gradle.internal.component.model.LoggingAttributeMatchingExplanationBuilder] Candidate {org.gradle.category=platform, org.gradle.status=release, org.gradle.usage=java-runtime} doesn't have attribute org.gradle.plugin.api-version
2026-08-21T16:48:36.111-0300 [DEBUG] [org.gradle.internal.component.model.LoggingAttributeMatchingExplanationBuilder] Candidate {org.gradle.category=enforced-platform, org.gradle.status=release, org.gradle.usage=java-api} attribute org.gradle.category value org.gradle.category=enforced-platform doesn't requested value platform
2026-08-21T16:48:36.111-0300 [DEBUG] [org.gradle.internal.component.model.LoggingAttributeMatchingExplanationBuilder] Candidate {org.gradle.category=enforced-platform, org.gradle.status=release, org.gradle.usage=java-runtime} attribute org.gradle.category value org.gradle.category=enforced-platform doesn't requested value platform
2026-08-21T16:48:36.111-0300 [DEBUG] [org.gradle.api.internal.attributes.matching.DefaultAttributeMatcher] Selected matches [5] from candidates [{org.gradle.category=library, org.gradle.libraryelements=jar, org.gradle.status=release, org.gradle.usage=java-api}, {org.gradle.category=library, org.gradle.libraryelements=jar, org.gradle.status=release, org.gradle.usage=java-runtime}, {org.gradle.category=documentation, org.gradle.dependency.bundling=external, org.gradle.docstype=sources, org.gradle.status=release, org.gradle.usage=java-runtime}, {org.gradle.category=documentation, org.gradle.dependency.bundling=external, org.gradle.docstype=javadoc, org.gradle.status=release, org.gradle.usage=java-runtime}, {org.gradle.category=platform, org.gradle.status=release, org.gradle.usage=java-api}, {org.gradle.category=platform, org.gradle.status=release, org.gradle.usage=java-runtime}, {org.gradle.category=enforced-platform, org.gradle.status=release, org.gradle.usage=java-api}, {org.gradle.category=enforced-platform, org.gradle.status=release, org.gradle.usage=java-runtime}] for {org.gradle.category=platform, org.gradle.dependency.bundling=external, org.gradle.jvm.version=24, org.gradle.libraryelements=jar, org.gradle.plugin.api-version=9.5.1, org.gradle.usage=java-runtime}
2026-08-21T16:48:36.111-0300 [DEBUG] [org.gradle.internal.operations.DefaultBuildOperationRunner] Build operation 'Resolve dependencies of classpath' completed
2026-08-21T16:48:36.111-0300 [DEBUG] [org.gradle.internal.component.model.LoggingAttributeMatchingExplanationBuilder] Selected match {artifactType=jar, org.gradle.category=library, org.gradle.internal.instrumented=not-instrumented, org.gradle.libraryelements=jar, org.gradle.status=release, org.gradle.usage=java-runtime} from candidates [{artifactType=jar, org.gradle.category=library, org.gradle.internal.instrumented=not-instrumented, org.gradle.libraryelements=jar, org.gradle.status=release, org.gradle.usage=java-runtime}] for {org.gradle.category=library, org.gradle.dependency.bundling=external, org.gradle.jvm.version=24, org.gradle.libraryelements=jar, org.gradle.plugin.api-version=9.5.1, org.gradle.usage=java-runtime}
2026-08-21T16:48:36.111-0300 [DEBUG] [org.gradle.internal.component.model.LoggingAttributeMatchingExplanationBuilder] Selected match {artifactType=jar, org.gradle.category=library, org.gradle.internal.instrumented=not-instrumented, org.gradle.libraryelements=jar, org.gradle.status=release, org.gradle.usage=java-runtime} from candidates [{artifactType=jar, org.gradle.category=library, org.gradle.internal.instrumented=not-instrumented, org.gradle.libraryelements=jar, org.gradle.status=release, org.gradle.usage=java-runtime}] for {org.gradle.category=library, org.gradle.dependency.bundling=external, org.gradle.jvm.version=24, org.gradle.libraryelements=jar, org.gradle.plugin.api-version=9.5.1, org.gradle.usage=java-runtime}
2026-08-21T16:48:36.112-0300 [DEBUG] [org.gradle.internal.component.model.LoggingAttributeMatchingExplanationBuilder] Selected match {artifactType=jar, org.gradle.category=library, org.gradle.dependency.bundling=external, org.gradle.internal.instrumented=not-instrumented, org.gradle.jvm.version=17, org.gradle.libraryelements=jar, org.gradle.status=release, org.gradle.usage=java-runtime} from candidates [{artifactType=jar, org.gradle.category=library, org.gradle.dependency.bundling=external, org.gradle.internal.instrumented=not-instrumented, org.gradle.jvm.version=17, org.gradle.libraryelements=jar, org.gradle.status=release, org.gradle.usage=java-runtime}] for {org.gradle.category=library, org.gradle.dependency.bundling=external, org.gradle.jvm.version=24, org.gradle.libraryelements=jar, org.gradle.plugin.api-version=9.5.1, org.gradle.usage=java-runtime}
2026-08-21T16:48:36.112-0300 [DEBUG] [org.gradle.internal.component.model.LoggingAttributeMatchingExplanationBuilder] Selected match {artifactType=jar, org.gradle.category=library, org.gradle.dependency.bundling=external, org.gradle.internal.instrumented=not-instrumented, org.gradle.jvm.version=8, org.gradle.libraryelements=jar, org.gradle.status=release, org.gradle.usage=java-runtime} from candidates [{artifactType=jar, org.gradle.category=library, org.gradle.dependency.bundling=external, org.gradle.internal.instrumented=not-instrumented, org.gradle.jvm.version=8, org.gradle.libraryelements=jar, org.gradle.status=release, org.gradle.usage=java-runtime}] for {org.gradle.category=library, org.gradle.dependency.bundling=external, org.gradle.jvm.version=24, org.gradle.libraryelements=jar, org.gradle.plugin.api-version=9.5.1, org.gradle.usage=java-runtime}
2026-08-21T16:48:36.112-0300 [DEBUG] [org.gradle.internal.component.model.LoggingAttributeMatchingExplanationBuilder] Selected match {artifactType=jar, org.gradle.category=library, org.gradle.dependency.bundling=external, org.gradle.internal.instrumented=not-instrumented, org.gradle.jvm.version=17, org.gradle.libraryelements=jar, org.gradle.status=release, org.gradle.usage=java-runtime} from candidates [{artifactType=jar, org.gradle.category=library, org.gradle.dependency.bundling=external, org.gradle.internal.instrumented=not-instrumented, org.gradle.jvm.version=17, org.gradle.libraryelements=jar, org.gradle.status=release, org.gradle.usage=java-runtime}] for {org.gradle.category=library, org.gradle.dependency.bundling=external, org.gradle.jvm.version=24, org.gradle.libraryelements=jar, org.gradle.plugin.api-version=9.5.1, org.gradle.usage=java-runtime}
2026-08-21T16:48:36.112-0300 [DEBUG] [org.gradle.internal.component.model.LoggingAttributeMatchingExplanationBuilder] Selected match {artifactType=jar, org.gradle.category=library, org.gradle.dependency.bundling=external, org.gradle.internal.instrumented=not-instrumented, org.gradle.jvm.version=17, org.gradle.libraryelements=jar, org.gradle.status=release, org.gradle.usage=java-runtime} from candidates [{artifactType=jar, org.gradle.category=library, org.gradle.dependency.bundling=external, org.gradle.internal.instrumented=not-instrumented, org.gradle.jvm.version=17, org.gradle.libraryelements=jar, org.gradle.status=release, org.gradle.usage=java-runtime}] for {org.gradle.category=library, org.gradle.dependency.bundling=external, org.gradle.jvm.version=24, org.gradle.libraryelements=jar, org.gradle.plugin.api-version=9.5.1, org.gradle.usage=java-runtime}
2026-08-21T16:48:36.112-0300 [DEBUG] [org.gradle.internal.component.model.LoggingAttributeMatchingExplanationBuilder] Selected match {artifactType=jar, org.gradle.category=library, org.gradle.internal.instrumented=not-instrumented, org.gradle.libraryelements=jar, org.gradle.status=release, org.gradle.usage=java-runtime} from candidates [{artifactType=jar, org.gradle.category=library, org.gradle.internal.instrumented=not-instrumented, org.gradle.libraryelements=jar, org.gradle.status=release, org.gradle.usage=java-runtime}] for {org.gradle.category=library, org.gradle.dependency.bundling=external, org.gradle.jvm.version=24, org.gradle.libraryelements=jar, org.gradle.plugin.api-version=9.5.1, org.gradle.usage=java-runtime}
2026-08-21T16:48:36.112-0300 [DEBUG] [org.gradle.internal.component.model.LoggingAttributeMatchingExplanationBuilder] Selected match {artifactType=jar, org.gradle.category=library, org.gradle.dependency.bundling=external, org.gradle.internal.instrumented=not-instrumented, org.gradle.jvm.environment=standard-jvm, org.gradle.jvm.version=17, org.gradle.libraryelements=jar, org.gradle.status=release, org.gradle.usage=java-runtime, org.jetbrains.kotlin.platform.type=jvm} from candidates [{artifactType=jar, org.gradle.category=library, org.gradle.dependency.bundling=external, org.gradle.internal.instrumented=not-instrumented, org.gradle.jvm.environment=standard-jvm, org.gradle.jvm.version=17, org.gradle.libraryelements=jar, org.gradle.status=release, org.gradle.usage=java-runtime, org.jetbrains.kotlin.platform.type=jvm}] for {org.gradle.category=library, org.gradle.dependency.bundling=external, org.gradle.jvm.version=24, org.gradle.libraryelements=jar, org.gradle.plugin.api-version=9.5.1, org.gradle.usage=java-runtime}
2026-08-21T16:48:36.112-0300 [DEBUG] [org.gradle.internal.component.model.LoggingAttributeMatchingExplanationBuilder] Selected match {artifactType=jar, org.gradle.category=library, org.gradle.internal.instrumented=not-instrumented, org.gradle.libraryelements=jar, org.gradle.status=release, org.gradle.usage=java-runtime} from candidates [{artifactType=jar, org.gradle.category=library, org.gradle.internal.instrumented=not-instrumented, org.gradle.libraryelements=jar, org.gradle.status=release, org.gradle.usage=java-runtime}] for {org.gradle.category=library, org.gradle.dependency.bundling=external, org.gradle.jvm.version=24, org.gradle.libraryelements=jar, org.gradle.plugin.api-version=9.5.1, org.gradle.usage=java-runtime}
2026-08-21T16:48:36.112-0300 [DEBUG] [org.gradle.internal.component.model.LoggingAttributeMatchingExplanationBuilder] Selected match {artifactType=jar, org.gradle.category=library, org.gradle.internal.instrumented=not-instrumented, org.gradle.libraryelements=jar, org.gradle.status=release, org.gradle.usage=java-runtime} from candidates [{artifactType=jar, org.gradle.category=library, org.gradle.internal.instrumented=not-instrumented, org.gradle.libraryelements=jar, org.gradle.status=release, org.gradle.usage=java-runtime}] for {org.gradle.category=library, org.gradle.dependency.bundling=external, org.gradle.jvm.version=24, org.gradle.libraryelements=jar, org.gradle.plugin.api-version=9.5.1, org.gradle.usage=java-runtime}
2026-08-21T16:48:36.112-0300 [DEBUG] [org.gradle.internal.component.model.LoggingAttributeMatchingExplanationBuilder] Selected match {artifactType=jar, org.gradle.category=library, org.gradle.internal.instrumented=not-instrumented, org.gradle.libraryelements=jar, org.gradle.status=release, org.gradle.usage=java-runtime} from candidates [{artifactType=jar, org.gradle.category=library, org.gradle.internal.instrumented=not-instrumented, org.gradle.libraryelements=jar, org.gradle.status=release, org.gradle.usage=java-runtime}] for {org.gradle.category=library, org.gradle.dependency.bundling=external, org.gradle.jvm.version=24, org.gradle.libraryelements=jar, org.gradle.plugin.api-version=9.5.1, org.gradle.usage=java-runtime}
2026-08-21T16:48:36.112-0300 [DEBUG] [org.gradle.api.internal.artifacts.ivyservice.ivyresolve.CachingModuleComponentRepository] Found artifact 'tomlj-1.0.0.jar (org.tomlj:tomlj:1.0.0)' in resolver cache: /Users/claratorres1414/.gradle/caches/modules-2/files-2.1/org.tomlj/tomlj/1.0.0/d1922fb5e672e04d8e8d8dac0b058b1897e6e940/tomlj-1.0.0.jar
2026-08-21T16:48:36.112-0300 [DEBUG] [org.gradle.internal.component.model.LoggingAttributeMatchingExplanationBuilder] Selected match {artifactType=jar, org.gradle.category=library, org.gradle.dependency.bundling=external, org.gradle.internal.instrumented=not-instrumented, org.gradle.libraryelements=jar, org.gradle.status=release, org.gradle.usage=java-runtime} from candidates [{artifactType=jar, org.gradle.category=library, org.gradle.dependency.bundling=external, org.gradle.internal.instrumented=not-instrumented, org.gradle.libraryelements=jar, org.gradle.status=release, org.gradle.usage=java-runtime}] for {org.gradle.category=library, org.gradle.dependency.bundling=external, org.gradle.jvm.version=24, org.gradle.libraryelements=jar, org.gradle.plugin.api-version=9.5.1, org.gradle.usage=java-runtime}
2026-08-21T16:48:36.112-0300 [DEBUG] [org.gradle.internal.component.model.LoggingAttributeMatchingExplanationBuilder] Selected match {org.gradle.category=platform, org.gradle.internal.instrumented=not-instrumented, org.gradle.status=release, org.gradle.usage=java-runtime} from candidates [{org.gradle.category=platform, org.gradle.internal.instrumented=not-instrumented, org.gradle.status=release, org.gradle.usage=java-runtime}] for {org.gradle.category=platform, org.gradle.dependency.bundling=external, org.gradle.jvm.version=24, org.gradle.libraryelements=jar, org.gradle.plugin.api-version=9.5.1, org.gradle.usage=java-runtime}
2026-08-21T16:48:36.112-0300 [DEBUG] [org.gradle.internal.component.model.LoggingAttributeMatchingExplanationBuilder] Selected match {org.gradle.category=platform, org.gradle.internal.instrumented=not-instrumented, org.gradle.status=release, org.gradle.usage=java-runtime} from candidates [{org.gradle.category=platform, org.gradle.internal.instrumented=not-instrumented, org.gradle.status=release, org.gradle.usage=java-runtime}] for {org.gradle.category=platform, org.gradle.dependency.bundling=external, org.gradle.jvm.version=24, org.gradle.libraryelements=jar, org.gradle.plugin.api-version=9.5.1, org.gradle.usage=java-runtime}
2026-08-21T16:48:36.112-0300 [DEBUG] [org.gradle.internal.component.model.LoggingAttributeMatchingExplanationBuilder] Selected match {artifactType=jar, org.gradle.category=library, org.gradle.dependency.bundling=external, org.gradle.internal.instrumented=not-instrumented, org.gradle.libraryelements=jar, org.gradle.status=release, org.gradle.usage=java-runtime} from candidates [{artifactType=jar, org.gradle.category=library, org.gradle.dependency.bundling=external, org.gradle.internal.instrumented=not-instrumented, org.gradle.libraryelements=jar, org.gradle.status=release, org.gradle.usage=java-runtime}] for {org.gradle.category=library, org.gradle.dependency.bundling=external, org.gradle.jvm.version=24, org.gradle.libraryelements=jar, org.gradle.plugin.api-version=9.5.1, org.gradle.usage=java-runtime}
2026-08-21T16:48:36.112-0300 [DEBUG] [org.gradle.internal.component.model.LoggingAttributeMatchingExplanationBuilder] Selected match {artifactType=jar, org.gradle.category=library, org.gradle.internal.instrumented=not-instrumented, org.gradle.libraryelements=jar, org.gradle.status=release, org.gradle.usage=java-runtime} from candidates [{artifactType=jar, org.gradle.category=library, org.gradle.internal.instrumented=not-instrumented, org.gradle.libraryelements=jar, org.gradle.status=release, org.gradle.usage=java-runtime}] for {org.gradle.category=library, org.gradle.dependency.bundling=external, org.gradle.jvm.version=24, org.gradle.libraryelements=jar, org.gradle.plugin.api-version=9.5.1, org.gradle.usage=java-runtime}
2026-08-21T16:48:36.112-0300 [DEBUG] [org.gradle.internal.component.model.LoggingAttributeMatchingExplanationBuilder] Selected match {artifactType=jar, org.gradle.category=library, org.gradle.internal.instrumented=not-instrumented, org.gradle.libraryelements=jar, org.gradle.status=release, org.gradle.usage=java-runtime} from candidates [{artifactType=jar, org.gradle.category=library, org.gradle.internal.instrumented=not-instrumented, org.gradle.libraryelements=jar, org.gradle.status=release, org.gradle.usage=java-runtime}] for {org.gradle.category=library, org.gradle.dependency.bundling=external, org.gradle.jvm.version=24, org.gradle.libraryelements=jar, org.gradle.plugin.api-version=9.5.1, org.gradle.usage=java-runtime}
2026-08-21T16:48:36.112-0300 [DEBUG] [org.gradle.internal.component.model.LoggingAttributeMatchingExplanationBuilder] Selected match {artifactType=jar, org.gradle.category=library, org.gradle.internal.instrumented=not-instrumented, org.gradle.libraryelements=jar, org.gradle.status=release, org.gradle.usage=java-runtime} from candidates [{artifactType=jar, org.gradle.category=library, org.gradle.internal.instrumented=not-instrumented, org.gradle.libraryelements=jar, org.gradle.status=release, org.gradle.usage=java-runtime}] for {org.gradle.category=library, org.gradle.dependency.bundling=external, org.gradle.jvm.version=24, org.gradle.libraryelements=jar, org.gradle.plugin.api-version=9.5.1, org.gradle.usage=java-runtime}
2026-08-21T16:48:36.112-0300 [DEBUG] [org.gradle.internal.component.model.LoggingAttributeMatchingExplanationBuilder] Selected match {artifactType=jar, org.gradle.category=library, org.gradle.internal.instrumented=not-instrumented, org.gradle.libraryelements=jar, org.gradle.status=release, org.gradle.usage=java-runtime} from candidates [{artifactType=jar, org.gradle.category=library, org.gradle.internal.instrumented=not-instrumented, org.gradle.libraryelements=jar, org.gradle.status=release, org.gradle.usage=java-runtime}] for {org.gradle.category=library, org.gradle.dependency.bundling=external, org.gradle.jvm.version=24, org.gradle.libraryelements=jar, org.gradle.plugin.api-version=9.5.1, org.gradle.usage=java-runtime}
2026-08-21T16:48:36.112-0300 [DEBUG] [org.gradle.internal.component.model.LoggingAttributeMatchingExplanationBuilder] Selected match {artifactType=jar, org.gradle.category=library, org.gradle.dependency.bundling=external, org.gradle.internal.instrumented=not-instrumented, org.gradle.jvm.version=8, org.gradle.libraryelements=jar, org.gradle.status=release, org.gradle.usage=java-runtime} from candidates [{artifactType=jar, org.gradle.category=library, org.gradle.dependency.bundling=external, org.gradle.internal.instrumented=not-instrumented, org.gradle.jvm.version=8, org.gradle.libraryelements=jar, org.gradle.status=release, org.gradle.usage=java-runtime}] for {org.gradle.category=library, org.gradle.dependency.bundling=external, org.gradle.jvm.version=24, org.gradle.libraryelements=jar, org.gradle.plugin.api-version=9.5.1, org.gradle.usage=java-runtime}
2026-08-21T16:48:36.112-0300 [DEBUG] [org.gradle.internal.component.model.LoggingAttributeMatchingExplanationBuilder] Selected match {artifactType=jar, org.gradle.category=library, org.gradle.internal.instrumented=not-instrumented, org.gradle.libraryelements=jar, org.gradle.status=release, org.gradle.usage=java-runtime} from candidates [{artifactType=jar, org.gradle.category=library, org.gradle.internal.instrumented=not-instrumented, org.gradle.libraryelements=jar, org.gradle.status=release, org.gradle.usage=java-runtime}] for {org.gradle.category=library, org.gradle.dependency.bundling=external, org.gradle.jvm.version=24, org.gradle.libraryelements=jar, org.gradle.plugin.api-version=9.5.1, org.gradle.usage=java-runtime}
2026-08-21T16:48:36.112-0300 [DEBUG] [org.gradle.internal.component.model.LoggingAttributeMatchingExplanationBuilder] Selected match {artifactType=jar, org.gradle.category=library, org.gradle.internal.instrumented=not-instrumented, org.gradle.libraryelements=jar, org.gradle.status=release, org.gradle.usage=java-runtime} from candidates [{artifactType=jar, org.gradle.category=library, org.gradle.internal.instrumented=not-instrumented, org.gradle.libraryelements=jar, org.gradle.status=release, org.gradle.usage=java-runtime}] for {org.gradle.category=library, org.gradle.dependency.bundling=external, org.gradle.jvm.version=24, org.gradle.libraryelements=jar, org.gradle.plugin.api-version=9.5.1, org.gradle.usage=java-runtime}
2026-08-21T16:48:36.112-0300 [DEBUG] [org.gradle.internal.component.model.LoggingAttributeMatchingExplanationBuilder] Selected match {artifactType=jar, org.gradle.category=library, org.gradle.internal.instrumented=not-instrumented, org.gradle.libraryelements=jar, org.gradle.status=release, org.gradle.usage=java-runtime} from candidates [{artifactType=jar, org.gradle.category=library, org.gradle.internal.instrumented=not-instrumented, org.gradle.libraryelements=jar, org.gradle.status=release, org.gradle.usage=java-runtime}] for {org.gradle.category=library, org.gradle.dependency.bundling=external, org.gradle.jvm.version=24, org.gradle.libraryelements=jar, org.gradle.plugin.api-version=9.5.1, org.gradle.usage=java-runtime}
2026-08-21T16:48:36.112-0300 [DEBUG] [org.gradle.internal.component.model.LoggingAttributeMatchingExplanationBuilder] Selected match {artifactType=jar, org.gradle.category=library, org.gradle.internal.instrumented=not-instrumented, org.gradle.libraryelements=jar, org.gradle.status=release, org.gradle.usage=java-runtime} from candidates [{artifactType=jar, org.gradle.category=library, org.gradle.internal.instrumented=not-instrumented, org.gradle.libraryelements=jar, org.gradle.status=release, org.gradle.usage=java-runtime}] for {org.gradle.category=library, org.gradle.dependency.bundling=external, org.gradle.jvm.version=24, org.gradle.libraryelements=jar, org.gradle.plugin.api-version=9.5.1, org.gradle.usage=java-runtime}
2026-08-21T16:48:36.112-0300 [DEBUG] [org.gradle.internal.component.model.LoggingAttributeMatchingExplanationBuilder] Selected match {artifactType=jar, org.gradle.category=library, org.gradle.internal.instrumented=not-instrumented, org.gradle.libraryelements=jar, org.gradle.status=release, org.gradle.usage=java-runtime} from candidates [{artifactType=jar, org.gradle.category=library, org.gradle.internal.instrumented=not-instrumented, org.gradle.libraryelements=jar, org.gradle.status=release, org.gradle.usage=java-runtime}] for {org.gradle.category=library, org.gradle.dependency.bundling=external, org.gradle.jvm.version=24, org.gradle.libraryelements=jar, org.gradle.plugin.api-version=9.5.1, org.gradle.usage=java-runtime}
2026-08-21T16:48:36.112-0300 [DEBUG] [org.gradle.internal.component.model.LoggingAttributeMatchingExplanationBuilder] Selected match {artifactType=jar, org.gradle.category=library, org.gradle.internal.instrumented=not-instrumented, org.gradle.libraryelements=jar, org.gradle.status=release, org.gradle.usage=java-runtime} from candidates [{artifactType=jar, org.gradle.category=library, org.gradle.internal.instrumented=not-instrumented, org.gradle.libraryelements=jar, org.gradle.status=release, org.gradle.usage=java-runtime}] for {org.gradle.category=library, org.gradle.dependency.bundling=external, org.gradle.jvm.version=24, org.gradle.libraryelements=jar, org.gradle.plugin.api-version=9.5.1, org.gradle.usage=java-runtime}
2026-08-21T16:48:36.113-0300 [DEBUG] [org.gradle.internal.component.model.LoggingAttributeMatchingExplanationBuilder] Selected match {artifactType=jar, org.gradle.category=library, org.gradle.dependency.bundling=external, org.gradle.internal.instrumented=not-instrumented, org.gradle.libraryelements=jar, org.gradle.status=release, org.gradle.usage=java-runtime} from candidates [{artifactType=jar, org.gradle.category=library, org.gradle.dependency.bundling=external, org.gradle.internal.instrumented=not-instrumented, org.gradle.libraryelements=jar, org.gradle.status=release, org.gradle.usage=java-runtime}] for {org.gradle.category=library, org.gradle.dependency.bundling=external, org.gradle.jvm.version=24, org.gradle.libraryelements=jar, org.gradle.plugin.api-version=9.5.1, org.gradle.usage=java-runtime}
2026-08-21T16:48:36.113-0300 [DEBUG] [org.gradle.internal.resources.AbstractTrackedResourceLock] Build operations Thread 11: acquired lock on worker lease
2026-08-21T16:48:36.113-0300 [DEBUG] [org.gradle.api.internal.artifacts.ivyservice.ivyresolve.CachingModuleComponentRepository] Found artifact 'org.gradle.internal.component.external.model.UrlBackedArtifactMetadata@c3269b1' in resolver cache: /Users/claratorres1414/.gradle/caches/modules-2/files-2.1/org.springframework.boot/spring-boot-gradle-plugin/4.1.0/fe587fdb178438da1703d5aa43bb6e9f77439eac/spring-boot-gradle-plugin-4.1.0.jar
2026-08-21T16:48:36.113-0300 [DEBUG] [org.gradle.internal.resources.AbstractTrackedResourceLock] Build operations Thread 10: acquired lock on worker lease
2026-08-21T16:48:36.113-0300 [DEBUG] [org.gradle.internal.resources.AbstractTrackedResourceLock] Build operations Thread 9: acquired lock on worker lease
2026-08-21T16:48:36.113-0300 [DEBUG] [org.gradle.api.internal.artifacts.ivyservice.ivyresolve.CachingModuleComponentRepository] Found artifact 'org.gradle.internal.component.external.model.UrlBackedArtifactMetadata@1e18f68e' in resolver cache: /Users/claratorres1414/.gradle/caches/modules-2/files-2.1/io.spring.gradle/dependency-management-plugin/1.1.7/6afc1b5cbc631be173fe497b528d8154479e9371/dependency-management-plugin-1.1.7.jar
2026-08-21T16:48:36.114-0300 [DEBUG] [org.gradle.internal.operations.DefaultBuildOperationRunner] Build operation 'Resolve dependency-management-plugin-1.1.7.jar (io.spring.gradle:dependency-management-plugin:1.1.7)' completed
2026-08-21T16:48:36.114-0300 [DEBUG] [org.gradle.api.internal.artifacts.ivyservice.ivyresolve.CachingModuleComponentRepository] Found artifact 'org.gradle.internal.component.external.model.UrlBackedArtifactMetadata@68454465' in resolver cache: /Users/claratorres1414/.gradle/caches/modules-2/files-2.1/org.springframework.boot/spring-boot-buildpack-platform/4.1.0/cd47e427811fd1e108afcee9555c65b7234fc0c9/spring-boot-buildpack-platform-4.1.0.jar
2026-08-21T16:48:36.114-0300 [DEBUG] [org.gradle.internal.operations.DefaultBuildOperationRunner] Build operation 'Resolve spring-boot-buildpack-platform-4.1.0.jar (org.springframework.boot:spring-boot-buildpack-platform:4.1.0)' completed
2026-08-21T16:48:36.113-0300 [DEBUG] [org.gradle.internal.resources.AbstractTrackedResourceLock] Build operations Thread 8: acquired lock on worker lease
2026-08-21T16:48:36.114-0300 [DEBUG] [org.gradle.api.internal.artifacts.ivyservice.ivyresolve.CachingModuleComponentRepository] Found artifact 'commons-compress-1.27.1.jar (org.apache.commons:commons-compress:1.27.1)' in resolver cache: /Users/claratorres1414/.gradle/caches/modules-2/files-2.1/org.apache.commons/commons-compress/1.27.1/a19151084758e2fbb6b41eddaa88e7b8ff4e6599/commons-compress-1.27.1.jar
2026-08-21T16:48:36.114-0300 [DEBUG] [org.gradle.internal.resources.AbstractTrackedResourceLock] Build operations Thread 7: acquired lock on worker lease
2026-08-21T16:48:36.114-0300 [DEBUG] [org.gradle.api.internal.artifacts.ivyservice.ivyresolve.CachingModuleComponentRepository] Found artifact 'org.gradle.internal.component.external.model.UrlBackedArtifactMetadata@65daf6fb' in resolver cache: /Users/claratorres1414/.gradle/caches/modules-2/files-2.1/org.springframework.boot/spring-boot-loader-tools/4.1.0/1b7196eacd5d6da777c00ac7610d3981e7543d90/spring-boot-loader-tools-4.1.0.jar
2026-08-21T16:48:36.114-0300 [DEBUG] [org.gradle.internal.operations.DefaultBuildOperationRunner] Build operation 'Resolve commons-compress-1.27.1.jar (org.apache.commons:commons-compress:1.27.1)' completed
2026-08-21T16:48:36.114-0300 [DEBUG] [org.gradle.internal.operations.DefaultBuildOperationRunner] Build operation 'Resolve spring-boot-gradle-plugin-4.1.0.jar (org.springframework.boot:spring-boot-gradle-plugin:4.1.0)' completed
2026-08-21T16:48:36.114-0300 [DEBUG] [org.gradle.api.internal.artifacts.ivyservice.ivyresolve.CachingModuleComponentRepository] Found artifact 'org.gradle.internal.component.external.model.UrlBackedArtifactMetadata@6c7addb5' in resolver cache: /Users/claratorres1414/.gradle/caches/modules-2/files-2.1/org.springframework/spring-core/7.0.8/25f5ebd179f92d7d12779e3761c96da4b0109ad/spring-core-7.0.8.jar
2026-08-21T16:48:36.114-0300 [DEBUG] [org.gradle.api.internal.artifacts.ivyservice.ivyresolve.CachingModuleComponentRepository] Found artifact 'jna-platform-5.17.0.jar (net.java.dev.jna:jna-platform:5.17.0)' in resolver cache: /Users/claratorres1414/.gradle/caches/modules-2/files-2.1/net.java.dev.jna/jna-platform/5.17.0/a4934c44d25a9d8c2ddf4203affd20330cb3426f/jna-platform-5.17.0.jar
2026-08-21T16:48:36.114-0300 [DEBUG] [org.gradle.internal.operations.DefaultBuildOperationRunner] Build operation 'Resolve jna-platform-5.17.0.jar (net.java.dev.jna:jna-platform:5.17.0)' completed
2026-08-21T16:48:36.114-0300 [DEBUG] [org.gradle.internal.operations.DefaultBuildOperationRunner] Build operation 'Resolve spring-boot-loader-tools-4.1.0.jar (org.springframework.boot:spring-boot-loader-tools:4.1.0)' completed
2026-08-21T16:48:36.114-0300 [DEBUG] [org.gradle.internal.resources.AbstractTrackedResourceLock] Build operations Thread 6: acquired lock on worker lease
2026-08-21T16:48:36.114-0300 [DEBUG] [org.gradle.internal.resources.AbstractTrackedResourceLock] Build operations Thread 2: acquired lock on worker lease
2026-08-21T16:48:36.114-0300 [DEBUG] [org.gradle.api.internal.artifacts.ivyservice.ivyresolve.CachingModuleComponentRepository] Found artifact 'org.gradle.internal.component.external.model.UrlBackedArtifactMetadata@1a277195' in resolver cache: /Users/claratorres1414/.gradle/caches/modules-2/files-2.1/tools.jackson.core/jackson-core/3.1.4/f9fd39204bd3d4922b42f6a54b81f46bd8ed575a/jackson-core-3.1.4.jar
2026-08-21T16:48:36.114-0300 [DEBUG] [org.gradle.internal.operations.DefaultBuildOperationRunner] Build operation 'Resolve spring-core-7.0.8.jar (org.springframework:spring-core:7.0.8)' completed
2026-08-21T16:48:36.114-0300 [DEBUG] [org.gradle.api.internal.artifacts.ivyservice.ivyresolve.CachingModuleComponentRepository] Found artifact 'commons-codec-1.17.1.jar (commons-codec:commons-codec:1.17.1)' in resolver cache: /Users/claratorres1414/.gradle/caches/modules-2/files-2.1/commons-codec/commons-codec/1.17.1/973638b7149d333563584137ebf13a691bb60579/commons-codec-1.17.1.jar
2026-08-21T16:48:36.115-0300 [DEBUG] [org.gradle.internal.operations.DefaultBuildOperationRunner] Build operation 'Resolve jackson-core-3.1.4.jar (tools.jackson.core:jackson-core:3.1.4)' completed
2026-08-21T16:48:36.114-0300 [DEBUG] [org.gradle.api.internal.artifacts.ivyservice.ivyresolve.CachingModuleComponentRepository] Found artifact 'commons-io-2.16.1.jar (commons-io:commons-io:2.16.1)' in resolver cache: /Users/claratorres1414/.gradle/caches/modules-2/files-2.1/commons-io/commons-io/2.16.1/377d592e740dc77124e0901291dbfaa6810a200e/commons-io-2.16.1.jar
2026-08-21T16:48:36.114-0300 [DEBUG] [org.gradle.api.internal.artifacts.ivyservice.ivyresolve.CachingModuleComponentRepository] Found artifact 'commons-lang3-3.16.0.jar (org.apache.commons:commons-lang3:3.16.0)' in resolver cache: /Users/claratorres1414/.gradle/caches/modules-2/files-2.1/org.apache.commons/commons-lang3/3.16.0/3eb54effe40946dfb06dc5cd6c7ce4116cd51ea4/commons-lang3-3.16.0.jar
2026-08-21T16:48:36.114-0300 [DEBUG] [org.gradle.internal.resources.AbstractTrackedResourceLock] Build operations Thread 5: acquired lock on worker lease
2026-08-21T16:48:36.114-0300 [DEBUG] [org.gradle.api.internal.artifacts.ivyservice.ivyresolve.CachingModuleComponentRepository] Found artifact 'httpclient5-5.6.1.jar (org.apache.httpcomponents.client5:httpclient5:5.6.1)' in resolver cache: /Users/claratorres1414/.gradle/caches/modules-2/files-2.1/org.apache.httpcomponents.client5/httpclient5/5.6.1/b418ba210ace28adf920f1decf64d673953d07cf/httpclient5-5.6.1.jar
2026-08-21T16:48:36.115-0300 [DEBUG] [org.gradle.api.internal.artifacts.ivyservice.ivyresolve.CachingModuleComponentRepository] Found artifact 'commons-logging-1.3.5.jar (commons-logging:commons-logging:1.3.5)' in resolver cache: /Users/claratorres1414/.gradle/caches/modules-2/files-2.1/commons-logging/commons-logging/1.3.5/a3fcc5d3c29b2b03433aa2d2f2d2c1b1638924a1/commons-logging-1.3.5.jar
2026-08-21T16:48:36.115-0300 [DEBUG] [org.gradle.internal.resources.AbstractTrackedResourceLock] Build operations Thread 4: acquired lock on worker lease
2026-08-21T16:48:36.115-0300 [DEBUG] [org.gradle.api.internal.artifacts.ivyservice.ivyresolve.CachingModuleComponentRepository] Found artifact 'httpcore5-h2-5.4.jar (org.apache.httpcomponents.core5:httpcore5-h2:5.4)' in resolver cache: /Users/claratorres1414/.gradle/caches/modules-2/files-2.1/org.apache.httpcomponents.core5/httpcore5-h2/5.4/83cdd62ef3140664f46be59c2c2727141d1c5a32/httpcore5-h2-5.4.jar
2026-08-21T16:48:36.115-0300 [DEBUG] [org.gradle.internal.operations.DefaultBuildOperationRunner] Build operation 'Resolve httpcore5-h2-5.4.jar (org.apache.httpcomponents.core5:httpcore5-h2:5.4)' completed
2026-08-21T16:48:36.115-0300 [DEBUG] [org.gradle.internal.operations.DefaultBuildOperationRunner] Build operation 'Resolve commons-io-2.16.1.jar (commons-io:commons-io:2.16.1)' completed
2026-08-21T16:48:36.115-0300 [DEBUG] [org.gradle.internal.operations.DefaultBuildOperationRunner] Build operation 'Resolve commons-codec-1.17.1.jar (commons-codec:commons-codec:1.17.1)' completed
2026-08-21T16:48:36.115-0300 [DEBUG] [org.gradle.api.internal.artifacts.ivyservice.ivyresolve.CachingModuleComponentRepository] Found artifact 'org.gradle.internal.component.external.model.UrlBackedArtifactMetadata@29784e5e' in resolver cache: /Users/claratorres1414/.gradle/caches/modules-2/files-2.1/org.jspecify/jspecify/1.0.0/7425a601c1c7ec76645a78d22b8c6a627edee507/jspecify-1.0.0.jar
2026-08-21T16:48:36.115-0300 [DEBUG] [org.gradle.internal.operations.DefaultBuildOperationRunner] Build operation 'Resolve jspecify-1.0.0.jar (org.jspecify:jspecify:1.0.0)' completed
2026-08-21T16:48:36.115-0300 [DEBUG] [org.gradle.api.internal.artifacts.ivyservice.ivyresolve.CachingModuleComponentRepository] Found artifact 'org.gradle.internal.component.external.model.UrlBackedArtifactMetadata@2b35ed4b' in resolver cache: /Users/claratorres1414/.gradle/caches/modules-2/files-2.1/tools.jackson.core/jackson-databind/3.1.4/c7be3c757289893a791b2a4967ec09d1a8b6c576/jackson-databind-3.1.4.jar
2026-08-21T16:48:36.115-0300 [DEBUG] [org.gradle.internal.operations.DefaultBuildOperationRunner] Build operation 'Resolve jackson-databind-3.1.4.jar (tools.jackson.core:jackson-databind:3.1.4)' completed
2026-08-21T16:48:36.115-0300 [DEBUG] [org.gradle.api.internal.artifacts.ivyservice.ivyresolve.CachingModuleComponentRepository] Found artifact 'org.gradle.internal.component.external.model.UrlBackedArtifactMetadata@5a3ff12a' in resolver cache: /Users/claratorres1414/.gradle/caches/modules-2/files-2.1/com.fasterxml.jackson.core/jackson-annotations/2.21/b1bc1868bf02dc0bd6c7836257a036a331005309/jackson-annotations-2.21.jar
2026-08-21T16:48:36.115-0300 [DEBUG] [org.gradle.internal.operations.DefaultBuildOperationRunner] Build operation 'Resolve jackson-annotations-2.21.jar (com.fasterxml.jackson.core:jackson-annotations:2.21)' completed
2026-08-21T16:48:36.115-0300 [DEBUG] [org.gradle.api.internal.artifacts.ivyservice.ivyresolve.CachingModuleComponentRepository] Found artifact 'jsr305-3.0.2.jar (com.google.code.findbugs:jsr305:3.0.2)' in resolver cache: /Users/claratorres1414/.gradle/caches/modules-2/files-2.1/com.google.code.findbugs/jsr305/3.0.2/25ea2e8b0c338a877313bd4672d3fe056ea78f0d/jsr305-3.0.2.jar
2026-08-21T16:48:36.115-0300 [DEBUG] [org.gradle.internal.operations.DefaultBuildOperationRunner] Build operation 'Resolve jsr305-3.0.2.jar (com.google.code.findbugs:jsr305:3.0.2)' completed
2026-08-21T16:48:36.115-0300 [DEBUG] [org.gradle.api.internal.artifacts.ivyservice.ivyresolve.CachingModuleComponentRepository] Found artifact 'jna-5.17.0.jar (net.java.dev.jna:jna:5.17.0)' in resolver cache: /Users/claratorres1414/.gradle/caches/modules-2/files-2.1/net.java.dev.jna/jna/5.17.0/33d12735bef894440780fce64f9758d420c7bae2/jna-5.17.0.jar
2026-08-21T16:48:36.115-0300 [DEBUG] [org.gradle.internal.operations.DefaultBuildOperationRunner] Build operation 'Resolve jna-5.17.0.jar (net.java.dev.jna:jna:5.17.0)' completed
2026-08-21T16:48:36.115-0300 [DEBUG] [org.gradle.api.internal.artifacts.ivyservice.ivyresolve.CachingModuleComponentRepository] Found artifact 'antlr4-runtime-4.7.2.jar (org.antlr:antlr4-runtime:4.7.2)' in resolver cache: /Users/claratorres1414/.gradle/caches/modules-2/files-2.1/org.antlr/antlr4-runtime/4.7.2/e27d8ab4f984f9d186f54da984a6ab1cccac755e/antlr4-runtime-4.7.2.jar
2026-08-21T16:48:36.115-0300 [DEBUG] [org.gradle.api.internal.artifacts.ivyservice.ivyresolve.CachingModuleComponentRepository] Found artifact 'slf4j-api-1.7.36.jar (org.slf4j:slf4j-api:1.7.36)' in resolver cache: /Users/claratorres1414/.gradle/caches/modules-2/files-2.1/org.slf4j/slf4j-api/1.7.36/6c62681a2f655b49963a5983b8b0950a6120ae14/slf4j-api-1.7.36.jar
2026-08-21T16:48:36.116-0300 [DEBUG] [org.gradle.internal.operations.DefaultBuildOperationRunner] Build operation 'Resolve slf4j-api-1.7.36.jar (org.slf4j:slf4j-api:1.7.36)' completed
2026-08-21T16:48:36.115-0300 [DEBUG] [org.gradle.internal.operations.DefaultBuildOperationRunner] Build operation 'Resolve commons-lang3-3.16.0.jar (org.apache.commons:commons-lang3:3.16.0)' completed
2026-08-21T16:48:36.115-0300 [DEBUG] [org.gradle.internal.resources.AbstractTrackedResourceLock] Build operations Thread 3: acquired lock on worker lease
2026-08-21T16:48:36.116-0300 [DEBUG] [org.gradle.internal.resources.AbstractTrackedResourceLock] Build operations Thread 3: released lock on worker lease
2026-08-21T16:48:36.116-0300 [DEBUG] [org.gradle.internal.operations.DefaultBuildOperationRunner] Build operation 'Resolve commons-logging-1.3.5.jar (commons-logging:commons-logging:1.3.5)' completed
2026-08-21T16:48:36.116-0300 [DEBUG] [org.gradle.api.internal.artifacts.ivyservice.ivyresolve.CachingModuleComponentRepository] Found artifact 'httpcore5-5.4.jar (org.apache.httpcomponents.core5:httpcore5:5.4)' in resolver cache: /Users/claratorres1414/.gradle/caches/modules-2/files-2.1/org.apache.httpcomponents.core5/httpcore5/5.4/e40011ec0dae056466399f8e414ede4772001621/httpcore5-5.4.jar
2026-08-21T16:48:36.116-0300 [DEBUG] [org.gradle.internal.operations.DefaultBuildOperationRunner] Build operation 'Resolve httpcore5-5.4.jar (org.apache.httpcomponents.core5:httpcore5:5.4)' completed
2026-08-21T16:48:36.116-0300 [DEBUG] [org.gradle.internal.resources.AbstractTrackedResourceLock] Build operations: acquired lock on worker lease
2026-08-21T16:48:36.116-0300 [DEBUG] [org.gradle.internal.operations.DefaultBuildOperationRunner] Build operation 'Resolve antlr4-runtime-4.7.2.jar (org.antlr:antlr4-runtime:4.7.2)' completed
2026-08-21T16:48:36.116-0300 [DEBUG] [org.gradle.internal.resources.AbstractTrackedResourceLock] Build operations: released lock on worker lease
2026-08-21T16:48:36.116-0300 [DEBUG] [org.gradle.internal.operations.DefaultBuildOperationRunner] Build operation 'Resolve httpclient5-5.6.1.jar (org.apache.httpcomponents.client5:httpclient5:5.6.1)' completed
2026-08-21T16:48:36.116-0300 [DEBUG] [org.gradle.internal.resources.AbstractTrackedResourceLock] Build operations Thread 4: released lock on worker lease
2026-08-21T16:48:36.117-0300 [DEBUG] [org.gradle.internal.resources.AbstractTrackedResourceLock] Build operations Thread 2: released lock on worker lease
2026-08-21T16:48:36.117-0300 [DEBUG] [org.gradle.internal.resources.AbstractTrackedResourceLock] Build operations Thread 6: released lock on worker lease
2026-08-21T16:48:36.117-0300 [DEBUG] [org.gradle.internal.resources.AbstractTrackedResourceLock] Build operations Thread 5: released lock on worker lease
2026-08-21T16:48:36.117-0300 [DEBUG] [org.gradle.internal.resources.AbstractTrackedResourceLock] Build operations Thread 11: released lock on worker lease
2026-08-21T16:48:36.117-0300 [DEBUG] [org.gradle.internal.resources.AbstractTrackedResourceLock] Build operations Thread 8: released lock on worker lease
2026-08-21T16:48:36.117-0300 [DEBUG] [org.gradle.internal.resources.AbstractTrackedResourceLock] Build operations Thread 10: released lock on worker lease
2026-08-21T16:48:36.117-0300 [DEBUG] [org.gradle.internal.resources.AbstractTrackedResourceLock] Build operations Thread 7: released lock on worker lease
2026-08-21T16:48:36.117-0300 [DEBUG] [org.gradle.internal.resources.AbstractTrackedResourceLock] Build operations Thread 9: released lock on worker lease
2026-08-21T16:48:36.117-0300 [DEBUG] [org.gradle.internal.resources.AbstractTrackedResourceLock] Daemon worker Thread 6: released lock on state of build :
2026-08-21T16:48:36.117-0300 [DEBUG] [org.gradle.internal.resources.AbstractTrackedResourceLock] Daemon worker Thread 6: released lock on worker lease
2026-08-21T16:48:36.117-0300 [DEBUG] [org.gradle.internal.resources.AbstractTrackedResourceLock] Daemon worker Thread 6: acquired lock on state of build :
2026-08-21T16:48:36.117-0300 [DEBUG] [org.gradle.internal.resources.AbstractTrackedResourceLock] Daemon worker Thread 6: acquired lock on worker lease
2026-08-21T16:48:36.117-0300 [DEBUG] [org.gradle.internal.operations.DefaultBuildOperationRunner] Build operation 'Resolve files of configuration 'classpath'' completed
2026-08-21T16:48:36.118-0300 [DEBUG] [org.gradle.internal.component.model.LoggingAttributeMatchingExplanationBuilder] Candidate {artifactType=jar, org.gradle.category=library, org.gradle.internal.instrumented=not-instrumented, org.gradle.libraryelements=jar, org.gradle.status=release, org.gradle.usage=java-runtime} doesn't match attributes {org.gradle.category=library, org.gradle.dependency.bundling=external, org.gradle.internal.instrumented=instrumented-and-upgraded, org.gradle.jvm.version=24, org.gradle.libraryelements=jar, org.gradle.plugin.api-version=9.5.1, org.gradle.usage=java-runtime}
2026-08-21T16:48:36.118-0300 [DEBUG] [org.gradle.internal.component.model.LoggingAttributeMatchingExplanationBuilder] Candidate {artifactType=jar, org.gradle.category=library, org.gradle.internal.instrumented=not-instrumented, org.gradle.libraryelements=jar, org.gradle.status=release, org.gradle.usage=java-runtime} doesn't match attributes {org.gradle.category=library, org.gradle.dependency.bundling=external, org.gradle.internal.instrumented=instrumented-and-upgraded, org.gradle.jvm.version=24, org.gradle.libraryelements=jar, org.gradle.plugin.api-version=9.5.1, org.gradle.usage=java-runtime}
2026-08-21T16:48:36.118-0300 [DEBUG] [org.gradle.internal.component.model.LoggingAttributeMatchingExplanationBuilder] Candidate {artifactType=jar, org.gradle.category=library, org.gradle.dependency.bundling=external, org.gradle.internal.instrumented=not-instrumented, org.gradle.jvm.version=17, org.gradle.libraryelements=jar, org.gradle.status=release, org.gradle.usage=java-runtime} doesn't match attributes {org.gradle.category=library, org.gradle.dependency.bundling=external, org.gradle.internal.instrumented=instrumented-and-upgraded, org.gradle.jvm.version=24, org.gradle.libraryelements=jar, org.gradle.plugin.api-version=9.5.1, org.gradle.usage=java-runtime}
2026-08-21T16:48:36.118-0300 [DEBUG] [org.gradle.internal.component.model.LoggingAttributeMatchingExplanationBuilder] Candidate {artifactType=jar, org.gradle.category=library, org.gradle.dependency.bundling=external, org.gradle.internal.instrumented=not-instrumented, org.gradle.jvm.version=8, org.gradle.libraryelements=jar, org.gradle.status=release, org.gradle.usage=java-runtime} doesn't match attributes {org.gradle.category=library, org.gradle.dependency.bundling=external, org.gradle.internal.instrumented=instrumented-and-upgraded, org.gradle.jvm.version=24, org.gradle.libraryelements=jar, org.gradle.plugin.api-version=9.5.1, org.gradle.usage=java-runtime}
2026-08-21T16:48:36.118-0300 [DEBUG] [org.gradle.internal.component.model.LoggingAttributeMatchingExplanationBuilder] Candidate {artifactType=jar, org.gradle.category=library, org.gradle.dependency.bundling=external, org.gradle.internal.instrumented=not-instrumented, org.gradle.jvm.version=17, org.gradle.libraryelements=jar, org.gradle.status=release, org.gradle.usage=java-runtime} doesn't match attributes {org.gradle.category=library, org.gradle.dependency.bundling=external, org.gradle.internal.instrumented=instrumented-and-upgraded, org.gradle.jvm.version=24, org.gradle.libraryelements=jar, org.gradle.plugin.api-version=9.5.1, org.gradle.usage=java-runtime}
2026-08-21T16:48:36.118-0300 [DEBUG] [org.gradle.internal.component.model.LoggingAttributeMatchingExplanationBuilder] Candidate {artifactType=jar, org.gradle.category=library, org.gradle.dependency.bundling=external, org.gradle.internal.instrumented=not-instrumented, org.gradle.jvm.version=17, org.gradle.libraryelements=jar, org.gradle.status=release, org.gradle.usage=java-runtime} doesn't match attributes {org.gradle.category=library, org.gradle.dependency.bundling=external, org.gradle.internal.instrumented=instrumented-and-upgraded, org.gradle.jvm.version=24, org.gradle.libraryelements=jar, org.gradle.plugin.api-version=9.5.1, org.gradle.usage=java-runtime}
2026-08-21T16:48:36.118-0300 [DEBUG] [org.gradle.internal.component.model.LoggingAttributeMatchingExplanationBuilder] Candidate {artifactType=jar, org.gradle.category=library, org.gradle.internal.instrumented=not-instrumented, org.gradle.libraryelements=jar, org.gradle.status=release, org.gradle.usage=java-runtime} doesn't match attributes {org.gradle.category=library, org.gradle.dependency.bundling=external, org.gradle.internal.instrumented=instrumented-and-upgraded, org.gradle.jvm.version=24, org.gradle.libraryelements=jar, org.gradle.plugin.api-version=9.5.1, org.gradle.usage=java-runtime}
2026-08-21T16:48:36.118-0300 [DEBUG] [org.gradle.internal.component.model.LoggingAttributeMatchingExplanationBuilder] Candidate {artifactType=jar, org.gradle.category=library, org.gradle.dependency.bundling=external, org.gradle.internal.instrumented=not-instrumented, org.gradle.jvm.environment=standard-jvm, org.gradle.jvm.version=17, org.gradle.libraryelements=jar, org.gradle.status=release, org.gradle.usage=java-runtime, org.jetbrains.kotlin.platform.type=jvm} doesn't match attributes {org.gradle.category=library, org.gradle.dependency.bundling=external, org.gradle.internal.instrumented=instrumented-and-upgraded, org.gradle.jvm.version=24, org.gradle.libraryelements=jar, org.gradle.plugin.api-version=9.5.1, org.gradle.usage=java-runtime}
2026-08-21T16:48:36.118-0300 [DEBUG] [org.gradle.internal.component.model.LoggingAttributeMatchingExplanationBuilder] Candidate {artifactType=jar, org.gradle.category=library, org.gradle.internal.instrumented=not-instrumented, org.gradle.libraryelements=jar, org.gradle.status=release, org.gradle.usage=java-runtime} doesn't match attributes {org.gradle.category=library, org.gradle.dependency.bundling=external, org.gradle.internal.instrumented=instrumented-and-upgraded, org.gradle.jvm.version=24, org.gradle.libraryelements=jar, org.gradle.plugin.api-version=9.5.1, org.gradle.usage=java-runtime}
2026-08-21T16:48:36.118-0300 [DEBUG] [org.gradle.internal.component.model.LoggingAttributeMatchingExplanationBuilder] Candidate {artifactType=jar, org.gradle.category=library, org.gradle.internal.instrumented=not-instrumented, org.gradle.libraryelements=jar, org.gradle.status=release, org.gradle.usage=java-runtime} doesn't match attributes {org.gradle.category=library, org.gradle.dependency.bundling=external, org.gradle.internal.instrumented=instrumented-and-upgraded, org.gradle.jvm.version=24, org.gradle.libraryelements=jar, org.gradle.plugin.api-version=9.5.1, org.gradle.usage=java-runtime}
2026-08-21T16:48:36.118-0300 [DEBUG] [org.gradle.internal.component.model.LoggingAttributeMatchingExplanationBuilder] Candidate {artifactType=jar, org.gradle.category=library, org.gradle.internal.instrumented=not-instrumented, org.gradle.libraryelements=jar, org.gradle.status=release, org.gradle.usage=java-runtime} doesn't match attributes {org.gradle.category=library, org.gradle.dependency.bundling=external, org.gradle.internal.instrumented=instrumented-and-upgraded, org.gradle.jvm.version=24, org.gradle.libraryelements=jar, org.gradle.plugin.api-version=9.5.1, org.gradle.usage=java-runtime}
2026-08-21T16:48:36.118-0300 [DEBUG] [org.gradle.internal.component.model.LoggingAttributeMatchingExplanationBuilder] Candidate {artifactType=jar, org.gradle.category=library, org.gradle.dependency.bundling=external, org.gradle.internal.instrumented=not-instrumented, org.gradle.libraryelements=jar, org.gradle.status=release, org.gradle.usage=java-runtime} doesn't match attributes {org.gradle.category=library, org.gradle.dependency.bundling=external, org.gradle.internal.instrumented=instrumented-and-upgraded, org.gradle.jvm.version=24, org.gradle.libraryelements=jar, org.gradle.plugin.api-version=9.5.1, org.gradle.usage=java-runtime}
2026-08-21T16:48:36.118-0300 [DEBUG] [org.gradle.internal.component.model.LoggingAttributeMatchingExplanationBuilder] Candidate {org.gradle.category=platform, org.gradle.internal.instrumented=not-instrumented, org.gradle.status=release, org.gradle.usage=java-runtime} doesn't match attributes {org.gradle.category=platform, org.gradle.dependency.bundling=external, org.gradle.internal.instrumented=instrumented-and-upgraded, org.gradle.jvm.version=24, org.gradle.libraryelements=jar, org.gradle.plugin.api-version=9.5.1, org.gradle.usage=java-runtime}
2026-08-21T16:48:36.119-0300 [DEBUG] [org.gradle.internal.component.model.LoggingAttributeMatchingExplanationBuilder] Candidate {org.gradle.category=platform, org.gradle.internal.instrumented=not-instrumented, org.gradle.status=release, org.gradle.usage=java-runtime} doesn't match attributes {org.gradle.category=platform, org.gradle.dependency.bundling=external, org.gradle.internal.instrumented=instrumented-and-upgraded, org.gradle.jvm.version=24, org.gradle.libraryelements=jar, org.gradle.plugin.api-version=9.5.1, org.gradle.usage=java-runtime}
2026-08-21T16:48:36.119-0300 [DEBUG] [org.gradle.internal.component.model.LoggingAttributeMatchingExplanationBuilder] Candidate {artifactType=jar, org.gradle.category=library, org.gradle.dependency.bundling=external, org.gradle.internal.instrumented=not-instrumented, org.gradle.libraryelements=jar, org.gradle.status=release, org.gradle.usage=java-runtime} doesn't match attributes {org.gradle.category=library, org.gradle.dependency.bundling=external, org.gradle.internal.instrumented=instrumented-and-upgraded, org.gradle.jvm.version=24, org.gradle.libraryelements=jar, org.gradle.plugin.api-version=9.5.1, org.gradle.usage=java-runtime}
2026-08-21T16:48:36.119-0300 [DEBUG] [org.gradle.internal.component.model.LoggingAttributeMatchingExplanationBuilder] Candidate {artifactType=jar, org.gradle.category=library, org.gradle.internal.instrumented=not-instrumented, org.gradle.libraryelements=jar, org.gradle.status=release, org.gradle.usage=java-runtime} doesn't match attributes {org.gradle.category=library, org.gradle.dependency.bundling=external, org.gradle.internal.instrumented=instrumented-and-upgraded, org.gradle.jvm.version=24, org.gradle.libraryelements=jar, org.gradle.plugin.api-version=9.5.1, org.gradle.usage=java-runtime}
2026-08-21T16:48:36.119-0300 [DEBUG] [org.gradle.internal.component.model.LoggingAttributeMatchingExplanationBuilder] Candidate {artifactType=jar, org.gradle.category=library, org.gradle.internal.instrumented=not-instrumented, org.gradle.libraryelements=jar, org.gradle.status=release, org.gradle.usage=java-runtime} doesn't match attributes {org.gradle.category=library, org.gradle.dependency.bundling=external, org.gradle.internal.instrumented=instrumented-and-upgraded, org.gradle.jvm.version=24, org.gradle.libraryelements=jar, org.gradle.plugin.api-version=9.5.1, org.gradle.usage=java-runtime}
2026-08-21T16:48:36.119-0300 [DEBUG] [org.gradle.internal.component.model.LoggingAttributeMatchingExplanationBuilder] Candidate {artifactType=jar, org.gradle.category=library, org.gradle.internal.instrumented=not-instrumented, org.gradle.libraryelements=jar, org.gradle.status=release, org.gradle.usage=java-runtime} doesn't match attributes {org.gradle.category=library, org.gradle.dependency.bundling=external, org.gradle.internal.instrumented=instrumented-and-upgraded, org.gradle.jvm.version=24, org.gradle.libraryelements=jar, org.gradle.plugin.api-version=9.5.1, org.gradle.usage=java-runtime}
2026-08-21T16:48:36.119-0300 [DEBUG] [org.gradle.internal.component.model.LoggingAttributeMatchingExplanationBuilder] Candidate {artifactType=jar, org.gradle.category=library, org.gradle.internal.instrumented=not-instrumented, org.gradle.libraryelements=jar, org.gradle.status=release, org.gradle.usage=java-runtime} doesn't match attributes {org.gradle.category=library, org.gradle.dependency.bundling=external, org.gradle.internal.instrumented=instrumented-and-upgraded, org.gradle.jvm.version=24, org.gradle.libraryelements=jar, org.gradle.plugin.api-version=9.5.1, org.gradle.usage=java-runtime}
2026-08-21T16:48:36.119-0300 [DEBUG] [org.gradle.internal.component.model.LoggingAttributeMatchingExplanationBuilder] Candidate {artifactType=jar, org.gradle.category=library, org.gradle.dependency.bundling=external, org.gradle.internal.instrumented=not-instrumented, org.gradle.jvm.version=8, org.gradle.libraryelements=jar, org.gradle.status=release, org.gradle.usage=java-runtime} doesn't match attributes {org.gradle.category=library, org.gradle.dependency.bundling=external, org.gradle.internal.instrumented=instrumented-and-upgraded, org.gradle.jvm.version=24, org.gradle.libraryelements=jar, org.gradle.plugin.api-version=9.5.1, org.gradle.usage=java-runtime}
2026-08-21T16:48:36.119-0300 [DEBUG] [org.gradle.internal.component.model.LoggingAttributeMatchingExplanationBuilder] Candidate {artifactType=jar, org.gradle.category=library, org.gradle.internal.instrumented=not-instrumented, org.gradle.libraryelements=jar, org.gradle.status=release, org.gradle.usage=java-runtime} doesn't match attributes {org.gradle.category=library, org.gradle.dependency.bundling=external, org.gradle.internal.instrumented=instrumented-and-upgraded, org.gradle.jvm.version=24, org.gradle.libraryelements=jar, org.gradle.plugin.api-version=9.5.1, org.gradle.usage=java-runtime}
2026-08-21T16:48:36.119-0300 [DEBUG] [org.gradle.internal.component.model.LoggingAttributeMatchingExplanationBuilder] Candidate {artifactType=jar, org.gradle.category=library, org.gradle.internal.instrumented=not-instrumented, org.gradle.libraryelements=jar, org.gradle.status=release, org.gradle.usage=java-runtime} doesn't match attributes {org.gradle.category=library, org.gradle.dependency.bundling=external, org.gradle.internal.instrumented=instrumented-and-upgraded, org.gradle.jvm.version=24, org.gradle.libraryelements=jar, org.gradle.plugin.api-version=9.5.1, org.gradle.usage=java-runtime}
2026-08-21T16:48:36.119-0300 [DEBUG] [org.gradle.internal.component.model.LoggingAttributeMatchingExplanationBuilder] Candidate {artifactType=jar, org.gradle.category=library, org.gradle.internal.instrumented=not-instrumented, org.gradle.libraryelements=jar, org.gradle.status=release, org.gradle.usage=java-runtime} doesn't match attributes {org.gradle.category=library, org.gradle.dependency.bundling=external, org.gradle.internal.instrumented=instrumented-and-upgraded, org.gradle.jvm.version=24, org.gradle.libraryelements=jar, org.gradle.plugin.api-version=9.5.1, org.gradle.usage=java-runtime}
2026-08-21T16:48:36.119-0300 [DEBUG] [org.gradle.internal.component.model.LoggingAttributeMatchingExplanationBuilder] Candidate {artifactType=jar, org.gradle.category=library, org.gradle.internal.instrumented=not-instrumented, org.gradle.libraryelements=jar, org.gradle.status=release, org.gradle.usage=java-runtime} doesn't match attributes {org.gradle.category=library, org.gradle.dependency.bundling=external, org.gradle.internal.instrumented=instrumented-and-upgraded, org.gradle.jvm.version=24, org.gradle.libraryelements=jar, org.gradle.plugin.api-version=9.5.1, org.gradle.usage=java-runtime}
2026-08-21T16:48:36.119-0300 [DEBUG] [org.gradle.internal.component.model.LoggingAttributeMatchingExplanationBuilder] Candidate {artifactType=jar, org.gradle.category=library, org.gradle.internal.instrumented=not-instrumented, org.gradle.libraryelements=jar, org.gradle.status=release, org.gradle.usage=java-runtime} doesn't match attributes {org.gradle.category=library, org.gradle.dependency.bundling=external, org.gradle.internal.instrumented=instrumented-and-upgraded, org.gradle.jvm.version=24, org.gradle.libraryelements=jar, org.gradle.plugin.api-version=9.5.1, org.gradle.usage=java-runtime}
2026-08-21T16:48:36.119-0300 [DEBUG] [org.gradle.internal.component.model.LoggingAttributeMatchingExplanationBuilder] Candidate {artifactType=jar, org.gradle.category=library, org.gradle.internal.instrumented=not-instrumented, org.gradle.libraryelements=jar, org.gradle.status=release, org.gradle.usage=java-runtime} doesn't match attributes {org.gradle.category=library, org.gradle.dependency.bundling=external, org.gradle.internal.instrumented=instrumented-and-upgraded, org.gradle.jvm.version=24, org.gradle.libraryelements=jar, org.gradle.plugin.api-version=9.5.1, org.gradle.usage=java-runtime}
2026-08-21T16:48:36.119-0300 [DEBUG] [org.gradle.internal.component.model.LoggingAttributeMatchingExplanationBuilder] Candidate {artifactType=jar, org.gradle.category=library, org.gradle.dependency.bundling=external, org.gradle.internal.instrumented=not-instrumented, org.gradle.libraryelements=jar, org.gradle.status=release, org.gradle.usage=java-runtime} doesn't match attributes {org.gradle.category=library, org.gradle.dependency.bundling=external, org.gradle.internal.instrumented=instrumented-and-upgraded, org.gradle.jvm.version=24, org.gradle.libraryelements=jar, org.gradle.plugin.api-version=9.5.1, org.gradle.usage=java-runtime}
2026-08-21T16:48:36.120-0300 [DEBUG] [org.gradle.internal.operations.DefaultBuildOperationRunner] Build operation 'Fingerprint transform inputs' completed
2026-08-21T16:48:36.120-0300 [DEBUG] [org.gradle.internal.component.model.LoggingAttributeMatchingExplanationBuilder] Candidate {artifactType=jar, org.gradle.category=library, org.gradle.internal.instrumented=not-instrumented, org.gradle.libraryelements=jar, org.gradle.status=release, org.gradle.usage=java-runtime} doesn't match attributes {org.gradle.category=library, org.gradle.dependency.bundling=external, org.gradle.internal.instrumented=analyzed-artifact, org.gradle.jvm.version=24, org.gradle.libraryelements=classes, org.gradle.plugin.api-version=9.5.1, org.gradle.usage=java-runtime}
2026-08-21T16:48:36.120-0300 [DEBUG] [org.gradle.internal.component.model.LoggingAttributeMatchingExplanationBuilder] Candidate {artifactType=jar, org.gradle.category=library, org.gradle.internal.instrumented=not-instrumented, org.gradle.libraryelements=jar, org.gradle.status=release, org.gradle.usage=java-runtime} doesn't match attributes {org.gradle.category=library, org.gradle.dependency.bundling=external, org.gradle.internal.instrumented=analyzed-artifact, org.gradle.jvm.version=24, org.gradle.libraryelements=classes, org.gradle.plugin.api-version=9.5.1, org.gradle.usage=java-runtime}
2026-08-21T16:48:36.120-0300 [DEBUG] [org.gradle.internal.component.model.LoggingAttributeMatchingExplanationBuilder] Candidate {artifactType=jar, org.gradle.category=library, org.gradle.dependency.bundling=external, org.gradle.internal.instrumented=not-instrumented, org.gradle.jvm.version=17, org.gradle.libraryelements=jar, org.gradle.status=release, org.gradle.usage=java-runtime} doesn't match attributes {org.gradle.category=library, org.gradle.dependency.bundling=external, org.gradle.internal.instrumented=analyzed-artifact, org.gradle.jvm.version=24, org.gradle.libraryelements=classes, org.gradle.plugin.api-version=9.5.1, org.gradle.usage=java-runtime}
2026-08-21T16:48:36.120-0300 [DEBUG] [org.gradle.internal.component.model.LoggingAttributeMatchingExplanationBuilder] Candidate {artifactType=jar, org.gradle.category=library, org.gradle.dependency.bundling=external, org.gradle.internal.instrumented=not-instrumented, org.gradle.jvm.version=8, org.gradle.libraryelements=jar, org.gradle.status=release, org.gradle.usage=java-runtime} doesn't match attributes {org.gradle.category=library, org.gradle.dependency.bundling=external, org.gradle.internal.instrumented=analyzed-artifact, org.gradle.jvm.version=24, org.gradle.libraryelements=classes, org.gradle.plugin.api-version=9.5.1, org.gradle.usage=java-runtime}
2026-08-21T16:48:36.120-0300 [DEBUG] [org.gradle.internal.component.model.LoggingAttributeMatchingExplanationBuilder] Candidate {artifactType=jar, org.gradle.category=library, org.gradle.dependency.bundling=external, org.gradle.internal.instrumented=not-instrumented, org.gradle.jvm.version=17, org.gradle.libraryelements=jar, org.gradle.status=release, org.gradle.usage=java-runtime} doesn't match attributes {org.gradle.category=library, org.gradle.dependency.bundling=external, org.gradle.internal.instrumented=analyzed-artifact, org.gradle.jvm.version=24, org.gradle.libraryelements=classes, org.gradle.plugin.api-version=9.5.1, org.gradle.usage=java-runtime}
2026-08-21T16:48:36.120-0300 [DEBUG] [org.gradle.internal.component.model.LoggingAttributeMatchingExplanationBuilder] Candidate {artifactType=jar, org.gradle.category=library, org.gradle.dependency.bundling=external, org.gradle.internal.instrumented=not-instrumented, org.gradle.jvm.version=17, org.gradle.libraryelements=jar, org.gradle.status=release, org.gradle.usage=java-runtime} doesn't match attributes {org.gradle.category=library, org.gradle.dependency.bundling=external, org.gradle.internal.instrumented=analyzed-artifact, org.gradle.jvm.version=24, org.gradle.libraryelements=classes, org.gradle.plugin.api-version=9.5.1, org.gradle.usage=java-runtime}
2026-08-21T16:48:36.120-0300 [DEBUG] [org.gradle.internal.component.model.LoggingAttributeMatchingExplanationBuilder] Candidate {artifactType=jar, org.gradle.category=library, org.gradle.internal.instrumented=not-instrumented, org.gradle.libraryelements=jar, org.gradle.status=release, org.gradle.usage=java-runtime} doesn't match attributes {org.gradle.category=library, org.gradle.dependency.bundling=external, org.gradle.internal.instrumented=analyzed-artifact, org.gradle.jvm.version=24, org.gradle.libraryelements=classes, org.gradle.plugin.api-version=9.5.1, org.gradle.usage=java-runtime}
2026-08-21T16:48:36.120-0300 [DEBUG] [org.gradle.internal.component.model.LoggingAttributeMatchingExplanationBuilder] Candidate {artifactType=jar, org.gradle.category=library, org.gradle.dependency.bundling=external, org.gradle.internal.instrumented=not-instrumented, org.gradle.jvm.environment=standard-jvm, org.gradle.jvm.version=17, org.gradle.libraryelements=jar, org.gradle.status=release, org.gradle.usage=java-runtime, org.jetbrains.kotlin.platform.type=jvm} doesn't match attributes {org.gradle.category=library, org.gradle.dependency.bundling=external, org.gradle.internal.instrumented=analyzed-artifact, org.gradle.jvm.version=24, org.gradle.libraryelements=classes, org.gradle.plugin.api-version=9.5.1, org.gradle.usage=java-runtime}
2026-08-21T16:48:36.120-0300 [DEBUG] [org.gradle.internal.component.model.LoggingAttributeMatchingExplanationBuilder] Candidate {artifactType=jar, org.gradle.category=library, org.gradle.internal.instrumented=not-instrumented, org.gradle.libraryelements=jar, org.gradle.status=release, org.gradle.usage=java-runtime} doesn't match attributes {org.gradle.category=library, org.gradle.dependency.bundling=external, org.gradle.internal.instrumented=analyzed-artifact, org.gradle.jvm.version=24, org.gradle.libraryelements=classes, org.gradle.plugin.api-version=9.5.1, org.gradle.usage=java-runtime}
2026-08-21T16:48:36.120-0300 [DEBUG] [org.gradle.internal.component.model.LoggingAttributeMatchingExplanationBuilder] Candidate {artifactType=jar, org.gradle.category=library, org.gradle.internal.instrumented=not-instrumented, org.gradle.libraryelements=jar, org.gradle.status=release, org.gradle.usage=java-runtime} doesn't match attributes {org.gradle.category=library, org.gradle.dependency.bundling=external, org.gradle.internal.instrumented=analyzed-artifact, org.gradle.jvm.version=24, org.gradle.libraryelements=classes, org.gradle.plugin.api-version=9.5.1, org.gradle.usage=java-runtime}
2026-08-21T16:48:36.120-0300 [DEBUG] [org.gradle.internal.component.model.LoggingAttributeMatchingExplanationBuilder] Candidate {artifactType=jar, org.gradle.category=library, org.gradle.internal.instrumented=not-instrumented, org.gradle.libraryelements=jar, org.gradle.status=release, org.gradle.usage=java-runtime} doesn't match attributes {org.gradle.category=library, org.gradle.dependency.bundling=external, org.gradle.internal.instrumented=analyzed-artifact, org.gradle.jvm.version=24, org.gradle.libraryelements=classes, org.gradle.plugin.api-version=9.5.1, org.gradle.usage=java-runtime}
2026-08-21T16:48:36.120-0300 [DEBUG] [org.gradle.internal.component.model.LoggingAttributeMatchingExplanationBuilder] Candidate {artifactType=jar, org.gradle.category=library, org.gradle.dependency.bundling=external, org.gradle.internal.instrumented=not-instrumented, org.gradle.libraryelements=jar, org.gradle.status=release, org.gradle.usage=java-runtime} doesn't match attributes {org.gradle.category=library, org.gradle.dependency.bundling=external, org.gradle.internal.instrumented=analyzed-artifact, org.gradle.jvm.version=24, org.gradle.libraryelements=classes, org.gradle.plugin.api-version=9.5.1, org.gradle.usage=java-runtime}
2026-08-21T16:48:36.120-0300 [DEBUG] [org.gradle.internal.component.model.LoggingAttributeMatchingExplanationBuilder] Candidate {org.gradle.category=platform, org.gradle.internal.instrumented=not-instrumented, org.gradle.status=release, org.gradle.usage=java-runtime} doesn't match attributes {org.gradle.category=platform, org.gradle.dependency.bundling=external, org.gradle.internal.instrumented=analyzed-artifact, org.gradle.jvm.version=24, org.gradle.libraryelements=classes, org.gradle.plugin.api-version=9.5.1, org.gradle.usage=java-runtime}
2026-08-21T16:48:36.120-0300 [DEBUG] [org.gradle.internal.component.model.LoggingAttributeMatchingExplanationBuilder] Candidate {org.gradle.category=platform, org.gradle.internal.instrumented=not-instrumented, org.gradle.status=release, org.gradle.usage=java-runtime} doesn't match attributes {org.gradle.category=platform, org.gradle.dependency.bundling=external, org.gradle.internal.instrumented=analyzed-artifact, org.gradle.jvm.version=24, org.gradle.libraryelements=classes, org.gradle.plugin.api-version=9.5.1, org.gradle.usage=java-runtime}
2026-08-21T16:48:36.120-0300 [DEBUG] [org.gradle.internal.component.model.LoggingAttributeMatchingExplanationBuilder] Candidate {artifactType=jar, org.gradle.category=library, org.gradle.dependency.bundling=external, org.gradle.internal.instrumented=not-instrumented, org.gradle.libraryelements=jar, org.gradle.status=release, org.gradle.usage=java-runtime} doesn't match attributes {org.gradle.category=library, org.gradle.dependency.bundling=external, org.gradle.internal.instrumented=analyzed-artifact, org.gradle.jvm.version=24, org.gradle.libraryelements=classes, org.gradle.plugin.api-version=9.5.1, org.gradle.usage=java-runtime}
2026-08-21T16:48:36.120-0300 [DEBUG] [org.gradle.internal.component.model.LoggingAttributeMatchingExplanationBuilder] Candidate {artifactType=jar, org.gradle.category=library, org.gradle.internal.instrumented=not-instrumented, org.gradle.libraryelements=jar, org.gradle.status=release, org.gradle.usage=java-runtime} doesn't match attributes {org.gradle.category=library, org.gradle.dependency.bundling=external, org.gradle.internal.instrumented=analyzed-artifact, org.gradle.jvm.version=24, org.gradle.libraryelements=classes, org.gradle.plugin.api-version=9.5.1, org.gradle.usage=java-runtime}
2026-08-21T16:48:36.120-0300 [DEBUG] [org.gradle.internal.component.model.LoggingAttributeMatchingExplanationBuilder] Candidate {artifactType=jar, org.gradle.category=library, org.gradle.internal.instrumented=not-instrumented, org.gradle.libraryelements=jar, org.gradle.status=release, org.gradle.usage=java-runtime} doesn't match attributes {org.gradle.category=library, org.gradle.dependency.bundling=external, org.gradle.internal.instrumented=analyzed-artifact, org.gradle.jvm.version=24, org.gradle.libraryelements=classes, org.gradle.plugin.api-version=9.5.1, org.gradle.usage=java-runtime}
2026-08-21T16:48:36.120-0300 [DEBUG] [org.gradle.internal.component.model.LoggingAttributeMatchingExplanationBuilder] Candidate {artifactType=jar, org.gradle.category=library, org.gradle.internal.instrumented=not-instrumented, org.gradle.libraryelements=jar, org.gradle.status=release, org.gradle.usage=java-runtime} doesn't match attributes {org.gradle.category=library, org.gradle.dependency.bundling=external, org.gradle.internal.instrumented=analyzed-artifact, org.gradle.jvm.version=24, org.gradle.libraryelements=classes, org.gradle.plugin.api-version=9.5.1, org.gradle.usage=java-runtime}
2026-08-21T16:48:36.120-0300 [DEBUG] [org.gradle.internal.component.model.LoggingAttributeMatchingExplanationBuilder] Candidate {artifactType=jar, org.gradle.category=library, org.gradle.internal.instrumented=not-instrumented, org.gradle.libraryelements=jar, org.gradle.status=release, org.gradle.usage=java-runtime} doesn't match attributes {org.gradle.category=library, org.gradle.dependency.bundling=external, org.gradle.internal.instrumented=analyzed-artifact, org.gradle.jvm.version=24, org.gradle.libraryelements=classes, org.gradle.plugin.api-version=9.5.1, org.gradle.usage=java-runtime}
2026-08-21T16:48:36.120-0300 [DEBUG] [org.gradle.internal.component.model.LoggingAttributeMatchingExplanationBuilder] Candidate {artifactType=jar, org.gradle.category=library, org.gradle.dependency.bundling=external, org.gradle.internal.instrumented=not-instrumented, org.gradle.jvm.version=8, org.gradle.libraryelements=jar, org.gradle.status=release, org.gradle.usage=java-runtime} doesn't match attributes {org.gradle.category=library, org.gradle.dependency.bundling=external, org.gradle.internal.instrumented=analyzed-artifact, org.gradle.jvm.version=24, org.gradle.libraryelements=classes, org.gradle.plugin.api-version=9.5.1, org.gradle.usage=java-runtime}
2026-08-21T16:48:36.120-0300 [DEBUG] [org.gradle.internal.component.model.LoggingAttributeMatchingExplanationBuilder] Candidate {artifactType=jar, org.gradle.category=library, org.gradle.internal.instrumented=not-instrumented, org.gradle.libraryelements=jar, org.gradle.status=release, org.gradle.usage=java-runtime} doesn't match attributes {org.gradle.category=library, org.gradle.dependency.bundling=external, org.gradle.internal.instrumented=analyzed-artifact, org.gradle.jvm.version=24, org.gradle.libraryelements=classes, org.gradle.plugin.api-version=9.5.1, org.gradle.usage=java-runtime}
2026-08-21T16:48:36.120-0300 [DEBUG] [org.gradle.internal.component.model.LoggingAttributeMatchingExplanationBuilder] Candidate {artifactType=jar, org.gradle.category=library, org.gradle.internal.instrumented=not-instrumented, org.gradle.libraryelements=jar, org.gradle.status=release, org.gradle.usage=java-runtime} doesn't match attributes {org.gradle.category=library, org.gradle.dependency.bundling=external, org.gradle.internal.instrumented=analyzed-artifact, org.gradle.jvm.version=24, org.gradle.libraryelements=classes, org.gradle.plugin.api-version=9.5.1, org.gradle.usage=java-runtime}
2026-08-21T16:48:36.121-0300 [DEBUG] [org.gradle.internal.component.model.LoggingAttributeMatchingExplanationBuilder] Candidate {artifactType=jar, org.gradle.category=library, org.gradle.internal.instrumented=not-instrumented, org.gradle.libraryelements=jar, org.gradle.status=release, org.gradle.usage=java-runtime} doesn't match attributes {org.gradle.category=library, org.gradle.dependency.bundling=external, org.gradle.internal.instrumented=analyzed-artifact, org.gradle.jvm.version=24, org.gradle.libraryelements=classes, org.gradle.plugin.api-version=9.5.1, org.gradle.usage=java-runtime}
2026-08-21T16:48:36.121-0300 [DEBUG] [org.gradle.internal.component.model.LoggingAttributeMatchingExplanationBuilder] Candidate {artifactType=jar, org.gradle.category=library, org.gradle.internal.instrumented=not-instrumented, org.gradle.libraryelements=jar, org.gradle.status=release, org.gradle.usage=java-runtime} doesn't match attributes {org.gradle.category=library, org.gradle.dependency.bundling=external, org.gradle.internal.instrumented=analyzed-artifact, org.gradle.jvm.version=24, org.gradle.libraryelements=classes, org.gradle.plugin.api-version=9.5.1, org.gradle.usage=java-runtime}
2026-08-21T16:48:36.121-0300 [DEBUG] [org.gradle.internal.component.model.LoggingAttributeMatchingExplanationBuilder] Candidate {artifactType=jar, org.gradle.category=library, org.gradle.internal.instrumented=not-instrumented, org.gradle.libraryelements=jar, org.gradle.status=release, org.gradle.usage=java-runtime} doesn't match attributes {org.gradle.category=library, org.gradle.dependency.bundling=external, org.gradle.internal.instrumented=analyzed-artifact, org.gradle.jvm.version=24, org.gradle.libraryelements=classes, org.gradle.plugin.api-version=9.5.1, org.gradle.usage=java-runtime}
2026-08-21T16:48:36.121-0300 [DEBUG] [org.gradle.internal.component.model.LoggingAttributeMatchingExplanationBuilder] Candidate {artifactType=jar, org.gradle.category=library, org.gradle.internal.instrumented=not-instrumented, org.gradle.libraryelements=jar, org.gradle.status=release, org.gradle.usage=java-runtime} doesn't match attributes {org.gradle.category=library, org.gradle.dependency.bundling=external, org.gradle.internal.instrumented=analyzed-artifact, org.gradle.jvm.version=24, org.gradle.libraryelements=classes, org.gradle.plugin.api-version=9.5.1, org.gradle.usage=java-runtime}
2026-08-21T16:48:36.121-0300 [DEBUG] [org.gradle.internal.component.model.LoggingAttributeMatchingExplanationBuilder] Candidate {artifactType=jar, org.gradle.category=library, org.gradle.dependency.bundling=external, org.gradle.internal.instrumented=not-instrumented, org.gradle.libraryelements=jar, org.gradle.status=release, org.gradle.usage=java-runtime} doesn't match attributes {org.gradle.category=library, org.gradle.dependency.bundling=external, org.gradle.internal.instrumented=analyzed-artifact, org.gradle.jvm.version=24, org.gradle.libraryelements=classes, org.gradle.plugin.api-version=9.5.1, org.gradle.usage=java-runtime}
2026-08-21T16:48:36.121-0300 [DEBUG] [org.gradle.internal.execution.steps.IdentifyStep] Implementation for InstrumentationAnalysisTransform: /Users/claratorres1414/.gradle/caches/modules-2/files-2.1/org.springframework.boot/spring-boot-gradle-plugin/4.1.0/fe587fdb178438da1703d5aa43bb6e9f77439eac/spring-boot-gradle-plugin-4.1.0.jar: org.gradle.api.internal.initialization.transform.InstrumentationAnalysisTransform@12e53c4dcaf376ce9cae4cc1ce1513e1
2026-08-21T16:48:36.121-0300 [DEBUG] [org.gradle.internal.execution.steps.IdentifyStep] Additional implementations for InstrumentationAnalysisTransform: /Users/claratorres1414/.gradle/caches/modules-2/files-2.1/org.springframework.boot/spring-boot-gradle-plugin/4.1.0/fe587fdb178438da1703d5aa43bb6e9f77439eac/spring-boot-gradle-plugin-4.1.0.jar: []
2026-08-21T16:48:36.121-0300 [DEBUG] [org.gradle.internal.execution.steps.IdentifyStep] Implementation for InstrumentationAnalysisTransform: /Users/claratorres1414/.gradle/caches/modules-2/files-2.1/io.spring.gradle/dependency-management-plugin/1.1.7/6afc1b5cbc631be173fe497b528d8154479e9371/dependency-management-plugin-1.1.7.jar: org.gradle.api.internal.initialization.transform.InstrumentationAnalysisTransform@12e53c4dcaf376ce9cae4cc1ce1513e1
2026-08-21T16:48:36.121-0300 [DEBUG] [org.gradle.internal.execution.steps.IdentifyStep] Additional implementations for InstrumentationAnalysisTransform: /Users/claratorres1414/.gradle/caches/modules-2/files-2.1/io.spring.gradle/dependency-management-plugin/1.1.7/6afc1b5cbc631be173fe497b528d8154479e9371/dependency-management-plugin-1.1.7.jar: []
2026-08-21T16:48:36.121-0300 [DEBUG] [org.gradle.internal.execution.steps.IdentifyStep] Implementation for InstrumentationAnalysisTransform: /Users/claratorres1414/.gradle/caches/modules-2/files-2.1/org.springframework.boot/spring-boot-buildpack-platform/4.1.0/cd47e427811fd1e108afcee9555c65b7234fc0c9/spring-boot-buildpack-platform-4.1.0.jar: org.gradle.api.internal.initialization.transform.InstrumentationAnalysisTransform@12e53c4dcaf376ce9cae4cc1ce1513e1
2026-08-21T16:48:36.121-0300 [DEBUG] [org.gradle.internal.execution.steps.IdentifyStep] Additional implementations for InstrumentationAnalysisTransform: /Users/claratorres1414/.gradle/caches/modules-2/files-2.1/org.springframework.boot/spring-boot-buildpack-platform/4.1.0/cd47e427811fd1e108afcee9555c65b7234fc0c9/spring-boot-buildpack-platform-4.1.0.jar: []
2026-08-21T16:48:36.121-0300 [DEBUG] [org.gradle.internal.execution.steps.IdentifyStep] Implementation for InstrumentationAnalysisTransform: /Users/claratorres1414/.gradle/caches/modules-2/files-2.1/org.springframework.boot/spring-boot-loader-tools/4.1.0/1b7196eacd5d6da777c00ac7610d3981e7543d90/spring-boot-loader-tools-4.1.0.jar: org.gradle.api.internal.initialization.transform.InstrumentationAnalysisTransform@12e53c4dcaf376ce9cae4cc1ce1513e1
2026-08-21T16:48:36.121-0300 [DEBUG] [org.gradle.internal.execution.steps.IdentifyStep] Additional implementations for InstrumentationAnalysisTransform: /Users/claratorres1414/.gradle/caches/modules-2/files-2.1/org.springframework.boot/spring-boot-loader-tools/4.1.0/1b7196eacd5d6da777c00ac7610d3981e7543d90/spring-boot-loader-tools-4.1.0.jar: []
2026-08-21T16:48:36.121-0300 [DEBUG] [org.gradle.internal.execution.steps.IdentifyStep] Implementation for InstrumentationAnalysisTransform: /Users/claratorres1414/.gradle/caches/modules-2/files-2.1/org.apache.commons/commons-compress/1.27.1/a19151084758e2fbb6b41eddaa88e7b8ff4e6599/commons-compress-1.27.1.jar: org.gradle.api.internal.initialization.transform.InstrumentationAnalysisTransform@12e53c4dcaf376ce9cae4cc1ce1513e1
2026-08-21T16:48:36.121-0300 [DEBUG] [org.gradle.internal.execution.steps.IdentifyStep] Additional implementations for InstrumentationAnalysisTransform: /Users/claratorres1414/.gradle/caches/modules-2/files-2.1/org.apache.commons/commons-compress/1.27.1/a19151084758e2fbb6b41eddaa88e7b8ff4e6599/commons-compress-1.27.1.jar: []
2026-08-21T16:48:36.122-0300 [DEBUG] [org.gradle.internal.execution.steps.IdentifyStep] Implementation for InstrumentationAnalysisTransform: /Users/claratorres1414/.gradle/caches/modules-2/files-2.1/org.springframework/spring-core/7.0.8/25f5ebd179f92d7d12779e3761c96da4b0109ad/spring-core-7.0.8.jar: org.gradle.api.internal.initialization.transform.InstrumentationAnalysisTransform@12e53c4dcaf376ce9cae4cc1ce1513e1
2026-08-21T16:48:36.122-0300 [DEBUG] [org.gradle.internal.execution.steps.IdentifyStep] Additional implementations for InstrumentationAnalysisTransform: /Users/claratorres1414/.gradle/caches/modules-2/files-2.1/org.springframework/spring-core/7.0.8/25f5ebd179f92d7d12779e3761c96da4b0109ad/spring-core-7.0.8.jar: []
2026-08-21T16:48:36.122-0300 [DEBUG] [org.gradle.internal.execution.steps.IdentifyStep] Implementation for InstrumentationAnalysisTransform: /Users/claratorres1414/.gradle/caches/modules-2/files-2.1/net.java.dev.jna/jna-platform/5.17.0/a4934c44d25a9d8c2ddf4203affd20330cb3426f/jna-platform-5.17.0.jar: org.gradle.api.internal.initialization.transform.InstrumentationAnalysisTransform@12e53c4dcaf376ce9cae4cc1ce1513e1
2026-08-21T16:48:36.122-0300 [DEBUG] [org.gradle.internal.execution.steps.IdentifyStep] Additional implementations for InstrumentationAnalysisTransform: /Users/claratorres1414/.gradle/caches/modules-2/files-2.1/net.java.dev.jna/jna-platform/5.17.0/a4934c44d25a9d8c2ddf4203affd20330cb3426f/jna-platform-5.17.0.jar: []
2026-08-21T16:48:36.122-0300 [DEBUG] [org.gradle.internal.execution.steps.IdentifyStep] Implementation for InstrumentationAnalysisTransform: /Users/claratorres1414/.gradle/caches/modules-2/files-2.1/org.apache.httpcomponents.client5/httpclient5/5.6.1/b418ba210ace28adf920f1decf64d673953d07cf/httpclient5-5.6.1.jar: org.gradle.api.internal.initialization.transform.InstrumentationAnalysisTransform@12e53c4dcaf376ce9cae4cc1ce1513e1
2026-08-21T16:48:36.122-0300 [DEBUG] [org.gradle.internal.execution.steps.IdentifyStep] Additional implementations for InstrumentationAnalysisTransform: /Users/claratorres1414/.gradle/caches/modules-2/files-2.1/org.apache.httpcomponents.client5/httpclient5/5.6.1/b418ba210ace28adf920f1decf64d673953d07cf/httpclient5-5.6.1.jar: []
2026-08-21T16:48:36.122-0300 [DEBUG] [org.gradle.internal.execution.steps.IdentifyStep] Implementation for InstrumentationAnalysisTransform: /Users/claratorres1414/.gradle/caches/modules-2/files-2.1/org.tomlj/tomlj/1.0.0/d1922fb5e672e04d8e8d8dac0b058b1897e6e940/tomlj-1.0.0.jar: org.gradle.api.internal.initialization.transform.InstrumentationAnalysisTransform@12e53c4dcaf376ce9cae4cc1ce1513e1
2026-08-21T16:48:36.122-0300 [DEBUG] [org.gradle.internal.execution.steps.IdentifyStep] Additional implementations for InstrumentationAnalysisTransform: /Users/claratorres1414/.gradle/caches/modules-2/files-2.1/org.tomlj/tomlj/1.0.0/d1922fb5e672e04d8e8d8dac0b058b1897e6e940/tomlj-1.0.0.jar: []
2026-08-21T16:48:36.122-0300 [DEBUG] [org.gradle.internal.execution.steps.IdentifyStep] Implementation for InstrumentationAnalysisTransform: /Users/claratorres1414/.gradle/caches/modules-2/files-2.1/tools.jackson.core/jackson-core/3.1.4/f9fd39204bd3d4922b42f6a54b81f46bd8ed575a/jackson-core-3.1.4.jar: org.gradle.api.internal.initialization.transform.InstrumentationAnalysisTransform@12e53c4dcaf376ce9cae4cc1ce1513e1
2026-08-21T16:48:36.122-0300 [DEBUG] [org.gradle.internal.execution.steps.IdentifyStep] Additional implementations for InstrumentationAnalysisTransform: /Users/claratorres1414/.gradle/caches/modules-2/files-2.1/tools.jackson.core/jackson-core/3.1.4/f9fd39204bd3d4922b42f6a54b81f46bd8ed575a/jackson-core-3.1.4.jar: []
2026-08-21T16:48:36.122-0300 [DEBUG] [org.gradle.internal.execution.steps.IdentifyStep] Implementation for InstrumentationAnalysisTransform: /Users/claratorres1414/.gradle/caches/modules-2/files-2.1/tools.jackson.core/jackson-databind/3.1.4/c7be3c757289893a791b2a4967ec09d1a8b6c576/jackson-databind-3.1.4.jar: org.gradle.api.internal.initialization.transform.InstrumentationAnalysisTransform@12e53c4dcaf376ce9cae4cc1ce1513e1
2026-08-21T16:48:36.122-0300 [DEBUG] [org.gradle.internal.execution.steps.IdentifyStep] Additional implementations for InstrumentationAnalysisTransform: /Users/claratorres1414/.gradle/caches/modules-2/files-2.1/tools.jackson.core/jackson-databind/3.1.4/c7be3c757289893a791b2a4967ec09d1a8b6c576/jackson-databind-3.1.4.jar: []
2026-08-21T16:48:36.122-0300 [DEBUG] [org.gradle.internal.execution.steps.IdentifyStep] Implementation for InstrumentationAnalysisTransform: /Users/claratorres1414/.gradle/caches/modules-2/files-2.1/commons-codec/commons-codec/1.17.1/973638b7149d333563584137ebf13a691bb60579/commons-codec-1.17.1.jar: org.gradle.api.internal.initialization.transform.InstrumentationAnalysisTransform@12e53c4dcaf376ce9cae4cc1ce1513e1
2026-08-21T16:48:36.122-0300 [DEBUG] [org.gradle.internal.execution.steps.IdentifyStep] Additional implementations for InstrumentationAnalysisTransform: /Users/claratorres1414/.gradle/caches/modules-2/files-2.1/commons-codec/commons-codec/1.17.1/973638b7149d333563584137ebf13a691bb60579/commons-codec-1.17.1.jar: []
2026-08-21T16:48:36.122-0300 [DEBUG] [org.gradle.internal.execution.steps.IdentifyStep] Implementation for InstrumentationAnalysisTransform: /Users/claratorres1414/.gradle/caches/modules-2/files-2.1/commons-io/commons-io/2.16.1/377d592e740dc77124e0901291dbfaa6810a200e/commons-io-2.16.1.jar: org.gradle.api.internal.initialization.transform.InstrumentationAnalysisTransform@12e53c4dcaf376ce9cae4cc1ce1513e1
2026-08-21T16:48:36.122-0300 [DEBUG] [org.gradle.internal.execution.steps.IdentifyStep] Additional implementations for InstrumentationAnalysisTransform: /Users/claratorres1414/.gradle/caches/modules-2/files-2.1/commons-io/commons-io/2.16.1/377d592e740dc77124e0901291dbfaa6810a200e/commons-io-2.16.1.jar: []
2026-08-21T16:48:36.122-0300 [DEBUG] [org.gradle.internal.execution.steps.IdentifyStep] Implementation for InstrumentationAnalysisTransform: /Users/claratorres1414/.gradle/caches/modules-2/files-2.1/org.apache.commons/commons-lang3/3.16.0/3eb54effe40946dfb06dc5cd6c7ce4116cd51ea4/commons-lang3-3.16.0.jar: org.gradle.api.internal.initialization.transform.InstrumentationAnalysisTransform@12e53c4dcaf376ce9cae4cc1ce1513e1
2026-08-21T16:48:36.122-0300 [DEBUG] [org.gradle.internal.execution.steps.IdentifyStep] Additional implementations for InstrumentationAnalysisTransform: /Users/claratorres1414/.gradle/caches/modules-2/files-2.1/org.apache.commons/commons-lang3/3.16.0/3eb54effe40946dfb06dc5cd6c7ce4116cd51ea4/commons-lang3-3.16.0.jar: []
2026-08-21T16:48:36.122-0300 [DEBUG] [org.gradle.internal.execution.steps.IdentifyStep] Implementation for InstrumentationAnalysisTransform: /Users/claratorres1414/.gradle/caches/modules-2/files-2.1/commons-logging/commons-logging/1.3.5/a3fcc5d3c29b2b03433aa2d2f2d2c1b1638924a1/commons-logging-1.3.5.jar: org.gradle.api.internal.initialization.transform.InstrumentationAnalysisTransform@12e53c4dcaf376ce9cae4cc1ce1513e1
2026-08-21T16:48:36.122-0300 [DEBUG] [org.gradle.internal.execution.steps.IdentifyStep] Additional implementations for InstrumentationAnalysisTransform: /Users/claratorres1414/.gradle/caches/modules-2/files-2.1/commons-logging/commons-logging/1.3.5/a3fcc5d3c29b2b03433aa2d2f2d2c1b1638924a1/commons-logging-1.3.5.jar: []
2026-08-21T16:48:36.122-0300 [DEBUG] [org.gradle.internal.execution.steps.IdentifyStep] Implementation for InstrumentationAnalysisTransform: /Users/claratorres1414/.gradle/caches/modules-2/files-2.1/org.jspecify/jspecify/1.0.0/7425a601c1c7ec76645a78d22b8c6a627edee507/jspecify-1.0.0.jar: org.gradle.api.internal.initialization.transform.InstrumentationAnalysisTransform@12e53c4dcaf376ce9cae4cc1ce1513e1
2026-08-21T16:48:36.122-0300 [DEBUG] [org.gradle.internal.execution.steps.IdentifyStep] Additional implementations for InstrumentationAnalysisTransform: /Users/claratorres1414/.gradle/caches/modules-2/files-2.1/org.jspecify/jspecify/1.0.0/7425a601c1c7ec76645a78d22b8c6a627edee507/jspecify-1.0.0.jar: []
2026-08-21T16:48:36.122-0300 [DEBUG] [org.gradle.internal.execution.steps.IdentifyStep] Implementation for InstrumentationAnalysisTransform: /Users/claratorres1414/.gradle/caches/modules-2/files-2.1/net.java.dev.jna/jna/5.17.0/33d12735bef894440780fce64f9758d420c7bae2/jna-5.17.0.jar: org.gradle.api.internal.initialization.transform.InstrumentationAnalysisTransform@12e53c4dcaf376ce9cae4cc1ce1513e1
2026-08-21T16:48:36.122-0300 [DEBUG] [org.gradle.internal.execution.steps.IdentifyStep] Additional implementations for InstrumentationAnalysisTransform: /Users/claratorres1414/.gradle/caches/modules-2/files-2.1/net.java.dev.jna/jna/5.17.0/33d12735bef894440780fce64f9758d420c7bae2/jna-5.17.0.jar: []
2026-08-21T16:48:36.122-0300 [DEBUG] [org.gradle.internal.execution.steps.IdentifyStep] Implementation for InstrumentationAnalysisTransform: /Users/claratorres1414/.gradle/caches/modules-2/files-2.1/org.apache.httpcomponents.core5/httpcore5-h2/5.4/83cdd62ef3140664f46be59c2c2727141d1c5a32/httpcore5-h2-5.4.jar: org.gradle.api.internal.initialization.transform.InstrumentationAnalysisTransform@12e53c4dcaf376ce9cae4cc1ce1513e1
2026-08-21T16:48:36.122-0300 [DEBUG] [org.gradle.internal.execution.steps.IdentifyStep] Additional implementations for InstrumentationAnalysisTransform: /Users/claratorres1414/.gradle/caches/modules-2/files-2.1/org.apache.httpcomponents.core5/httpcore5-h2/5.4/83cdd62ef3140664f46be59c2c2727141d1c5a32/httpcore5-h2-5.4.jar: []
2026-08-21T16:48:36.122-0300 [DEBUG] [org.gradle.internal.execution.steps.IdentifyStep] Implementation for InstrumentationAnalysisTransform: /Users/claratorres1414/.gradle/caches/modules-2/files-2.1/org.apache.httpcomponents.core5/httpcore5/5.4/e40011ec0dae056466399f8e414ede4772001621/httpcore5-5.4.jar: org.gradle.api.internal.initialization.transform.InstrumentationAnalysisTransform@12e53c4dcaf376ce9cae4cc1ce1513e1
2026-08-21T16:48:36.122-0300 [DEBUG] [org.gradle.internal.execution.steps.IdentifyStep] Additional implementations for InstrumentationAnalysisTransform: /Users/claratorres1414/.gradle/caches/modules-2/files-2.1/org.apache.httpcomponents.core5/httpcore5/5.4/e40011ec0dae056466399f8e414ede4772001621/httpcore5-5.4.jar: []
2026-08-21T16:48:36.122-0300 [DEBUG] [org.gradle.internal.execution.steps.IdentifyStep] Implementation for InstrumentationAnalysisTransform: /Users/claratorres1414/.gradle/caches/modules-2/files-2.1/org.slf4j/slf4j-api/1.7.36/6c62681a2f655b49963a5983b8b0950a6120ae14/slf4j-api-1.7.36.jar: org.gradle.api.internal.initialization.transform.InstrumentationAnalysisTransform@12e53c4dcaf376ce9cae4cc1ce1513e1
2026-08-21T16:48:36.122-0300 [DEBUG] [org.gradle.internal.execution.steps.IdentifyStep] Additional implementations for InstrumentationAnalysisTransform: /Users/claratorres1414/.gradle/caches/modules-2/files-2.1/org.slf4j/slf4j-api/1.7.36/6c62681a2f655b49963a5983b8b0950a6120ae14/slf4j-api-1.7.36.jar: []
2026-08-21T16:48:36.123-0300 [DEBUG] [org.gradle.internal.execution.steps.IdentifyStep] Implementation for InstrumentationAnalysisTransform: /Users/claratorres1414/.gradle/caches/modules-2/files-2.1/org.antlr/antlr4-runtime/4.7.2/e27d8ab4f984f9d186f54da984a6ab1cccac755e/antlr4-runtime-4.7.2.jar: org.gradle.api.internal.initialization.transform.InstrumentationAnalysisTransform@12e53c4dcaf376ce9cae4cc1ce1513e1
2026-08-21T16:48:36.123-0300 [DEBUG] [org.gradle.internal.execution.steps.IdentifyStep] Additional implementations for InstrumentationAnalysisTransform: /Users/claratorres1414/.gradle/caches/modules-2/files-2.1/org.antlr/antlr4-runtime/4.7.2/e27d8ab4f984f9d186f54da984a6ab1cccac755e/antlr4-runtime-4.7.2.jar: []
2026-08-21T16:48:36.123-0300 [DEBUG] [org.gradle.internal.execution.steps.IdentifyStep] Implementation for InstrumentationAnalysisTransform: /Users/claratorres1414/.gradle/caches/modules-2/files-2.1/com.google.code.findbugs/jsr305/3.0.2/25ea2e8b0c338a877313bd4672d3fe056ea78f0d/jsr305-3.0.2.jar: org.gradle.api.internal.initialization.transform.InstrumentationAnalysisTransform@12e53c4dcaf376ce9cae4cc1ce1513e1
2026-08-21T16:48:36.123-0300 [DEBUG] [org.gradle.internal.execution.steps.IdentifyStep] Additional implementations for InstrumentationAnalysisTransform: /Users/claratorres1414/.gradle/caches/modules-2/files-2.1/com.google.code.findbugs/jsr305/3.0.2/25ea2e8b0c338a877313bd4672d3fe056ea78f0d/jsr305-3.0.2.jar: []
2026-08-21T16:48:36.123-0300 [DEBUG] [org.gradle.internal.execution.steps.IdentifyStep] Implementation for InstrumentationAnalysisTransform: /Users/claratorres1414/.gradle/caches/modules-2/files-2.1/com.fasterxml.jackson.core/jackson-annotations/2.21/b1bc1868bf02dc0bd6c7836257a036a331005309/jackson-annotations-2.21.jar: org.gradle.api.internal.initialization.transform.InstrumentationAnalysisTransform@12e53c4dcaf376ce9cae4cc1ce1513e1
2026-08-21T16:48:36.123-0300 [DEBUG] [org.gradle.internal.execution.steps.IdentifyStep] Additional implementations for InstrumentationAnalysisTransform: /Users/claratorres1414/.gradle/caches/modules-2/files-2.1/com.fasterxml.jackson.core/jackson-annotations/2.21/b1bc1868bf02dc0bd6c7836257a036a331005309/jackson-annotations-2.21.jar: []
2026-08-21T16:48:36.123-0300 [DEBUG] [org.gradle.internal.operations.DefaultBuildOperationRunner] Build operation 'Resolve files of configuration 'classpath'' completed
2026-08-21T16:48:36.123-0300 [DEBUG] [org.gradle.internal.operations.DefaultBuildOperationRunner] Build operation 'Fingerprint transform inputs' completed
2026-08-21T16:48:36.123-0300 [DEBUG] [org.gradle.internal.operations.DefaultBuildOperationRunner] Build operation 'Fingerprint transform inputs' completed
2026-08-21T16:48:36.124-0300 [DEBUG] [org.gradle.internal.execution.steps.IdentifyStep] Implementation for InstrumentationAnalysisTransform: /Users/claratorres1414/.gradle/caches/modules-2/files-2.1/org.springframework.boot/spring-boot-gradle-plugin/4.1.0/fe587fdb178438da1703d5aa43bb6e9f77439eac/spring-boot-gradle-plugin-4.1.0.jar: org.gradle.api.internal.initialization.transform.InstrumentationAnalysisTransform@12e53c4dcaf376ce9cae4cc1ce1513e1
2026-08-21T16:48:36.124-0300 [DEBUG] [org.gradle.internal.execution.steps.IdentifyStep] Additional implementations for InstrumentationAnalysisTransform: /Users/claratorres1414/.gradle/caches/modules-2/files-2.1/org.springframework.boot/spring-boot-gradle-plugin/4.1.0/fe587fdb178438da1703d5aa43bb6e9f77439eac/spring-boot-gradle-plugin-4.1.0.jar: []
2026-08-21T16:48:36.124-0300 [DEBUG] [org.gradle.internal.execution.steps.IdentifyStep] Implementation for InstrumentationAnalysisTransform: /Users/claratorres1414/.gradle/caches/modules-2/files-2.1/io.spring.gradle/dependency-management-plugin/1.1.7/6afc1b5cbc631be173fe497b528d8154479e9371/dependency-management-plugin-1.1.7.jar: org.gradle.api.internal.initialization.transform.InstrumentationAnalysisTransform@12e53c4dcaf376ce9cae4cc1ce1513e1
2026-08-21T16:48:36.124-0300 [DEBUG] [org.gradle.internal.execution.steps.IdentifyStep] Additional implementations for InstrumentationAnalysisTransform: /Users/claratorres1414/.gradle/caches/modules-2/files-2.1/io.spring.gradle/dependency-management-plugin/1.1.7/6afc1b5cbc631be173fe497b528d8154479e9371/dependency-management-plugin-1.1.7.jar: []
2026-08-21T16:48:36.124-0300 [DEBUG] [org.gradle.internal.resources.AbstractTrackedResourceLock] Build operations Thread 12: acquired lock on worker lease
2026-08-21T16:48:36.124-0300 [DEBUG] [org.gradle.internal.execution.steps.IdentifyStep] Implementation for InstrumentationAnalysisTransform: /Users/claratorres1414/.gradle/caches/modules-2/files-2.1/org.springframework.boot/spring-boot-buildpack-platform/4.1.0/cd47e427811fd1e108afcee9555c65b7234fc0c9/spring-boot-buildpack-platform-4.1.0.jar: org.gradle.api.internal.initialization.transform.InstrumentationAnalysisTransform@12e53c4dcaf376ce9cae4cc1ce1513e1
2026-08-21T16:48:36.124-0300 [DEBUG] [org.gradle.internal.execution.steps.IdentifyStep] Additional implementations for InstrumentationAnalysisTransform: /Users/claratorres1414/.gradle/caches/modules-2/files-2.1/org.springframework.boot/spring-boot-buildpack-platform/4.1.0/cd47e427811fd1e108afcee9555c65b7234fc0c9/spring-boot-buildpack-platform-4.1.0.jar: []
2026-08-21T16:48:36.124-0300 [DEBUG] [org.gradle.internal.resources.AbstractTrackedResourceLock] Build operations Thread 3: acquired lock on worker lease
2026-08-21T16:48:36.124-0300 [DEBUG] [org.gradle.internal.execution.steps.IdentifyStep] Implementation for MergeInstrumentationAnalysisTransform: /Users/claratorres1414/.gradle/caches/9.5.1/transforms/3b127d5024fab1c52a6525afa0379bcb/transformed/.gradle-instrumented-classpath.marker: org.gradle.api.internal.initialization.transform.MergeInstrumentationAnalysisTransform@12e53c4dcaf376ce9cae4cc1ce1513e1
2026-08-21T16:48:36.124-0300 [DEBUG] [org.gradle.internal.execution.steps.IdentifyStep] Implementation for InstrumentationAnalysisTransform: /Users/claratorres1414/.gradle/caches/modules-2/files-2.1/org.springframework.boot/spring-boot-loader-tools/4.1.0/1b7196eacd5d6da777c00ac7610d3981e7543d90/spring-boot-loader-tools-4.1.0.jar: org.gradle.api.internal.initialization.transform.InstrumentationAnalysisTransform@12e53c4dcaf376ce9cae4cc1ce1513e1
2026-08-21T16:48:36.124-0300 [DEBUG] [org.gradle.internal.execution.steps.IdentifyStep] Additional implementations for MergeInstrumentationAnalysisTransform: /Users/claratorres1414/.gradle/caches/9.5.1/transforms/3b127d5024fab1c52a6525afa0379bcb/transformed/.gradle-instrumented-classpath.marker: []
2026-08-21T16:48:36.124-0300 [DEBUG] [org.gradle.internal.resources.AbstractTrackedResourceLock] Build operations: acquired lock on worker lease
2026-08-21T16:48:36.124-0300 [DEBUG] [org.gradle.internal.execution.steps.IdentifyStep] Implementation for MergeInstrumentationAnalysisTransform: /Users/claratorres1414/.gradle/caches/9.5.1/transforms/3b127d5024fab1c52a6525afa0379bcb/transformed/analysis/instrumentation-hierarchy.bin: org.gradle.api.internal.initialization.transform.MergeInstrumentationAnalysisTransform@12e53c4dcaf376ce9cae4cc1ce1513e1
2026-08-21T16:48:36.124-0300 [DEBUG] [org.gradle.internal.execution.steps.IdentifyStep] Additional implementations for MergeInstrumentationAnalysisTransform: /Users/claratorres1414/.gradle/caches/9.5.1/transforms/3b127d5024fab1c52a6525afa0379bcb/transformed/analysis/instrumentation-hierarchy.bin: []
2026-08-21T16:48:36.124-0300 [DEBUG] [org.gradle.internal.execution.steps.IdentifyStep] Implementation for MergeInstrumentationAnalysisTransform: /Users/claratorres1414/.gradle/caches/9.5.1/transforms/3b127d5024fab1c52a6525afa0379bcb/transformed/analysis/instrumentation-dependencies.bin: org.gradle.api.internal.initialization.transform.MergeInstrumentationAnalysisTransform@12e53c4dcaf376ce9cae4cc1ce1513e1
2026-08-21T16:48:36.124-0300 [DEBUG] [org.gradle.internal.execution.steps.IdentifyStep] Additional implementations for MergeInstrumentationAnalysisTransform: /Users/claratorres1414/.gradle/caches/9.5.1/transforms/3b127d5024fab1c52a6525afa0379bcb/transformed/analysis/instrumentation-dependencies.bin: []
2026-08-21T16:48:36.124-0300 [DEBUG] [org.gradle.internal.execution.steps.IdentifyStep] Additional implementations for InstrumentationAnalysisTransform: /Users/claratorres1414/.gradle/caches/modules-2/files-2.1/org.springframework.boot/spring-boot-loader-tools/4.1.0/1b7196eacd5d6da777c00ac7610d3981e7543d90/spring-boot-loader-tools-4.1.0.jar: []
2026-08-21T16:48:36.124-0300 [DEBUG] [org.gradle.internal.execution.steps.IdentifyStep] Implementation for MergeInstrumentationAnalysisTransform: /Users/claratorres1414/.gradle/caches/9.5.1/transforms/caad5e9974b1761f7f482de09e10911a/transformed/.gradle-instrumented-classpath.marker: org.gradle.api.internal.initialization.transform.MergeInstrumentationAnalysisTransform@12e53c4dcaf376ce9cae4cc1ce1513e1
2026-08-21T16:48:36.124-0300 [DEBUG] [org.gradle.internal.execution.steps.IdentifyStep] Additional implementations for MergeInstrumentationAnalysisTransform: /Users/claratorres1414/.gradle/caches/9.5.1/transforms/caad5e9974b1761f7f482de09e10911a/transformed/.gradle-instrumented-classpath.marker: []
2026-08-21T16:48:36.124-0300 [DEBUG] [org.gradle.internal.execution.steps.IdentifyStep] Implementation for InstrumentationAnalysisTransform: /Users/claratorres1414/.gradle/caches/modules-2/files-2.1/org.apache.commons/commons-compress/1.27.1/a19151084758e2fbb6b41eddaa88e7b8ff4e6599/commons-compress-1.27.1.jar: org.gradle.api.internal.initialization.transform.InstrumentationAnalysisTransform@12e53c4dcaf376ce9cae4cc1ce1513e1
2026-08-21T16:48:36.124-0300 [DEBUG] [org.gradle.internal.execution.steps.IdentifyStep] Additional implementations for InstrumentationAnalysisTransform: /Users/claratorres1414/.gradle/caches/modules-2/files-2.1/org.apache.commons/commons-compress/1.27.1/a19151084758e2fbb6b41eddaa88e7b8ff4e6599/commons-compress-1.27.1.jar: []
2026-08-21T16:48:36.124-0300 [DEBUG] [org.gradle.internal.execution.steps.IdentifyStep] Implementation for MergeInstrumentationAnalysisTransform: /Users/claratorres1414/.gradle/caches/modules-2/files-2.1/org.springframework.boot/spring-boot-gradle-plugin/4.1.0/fe587fdb178438da1703d5aa43bb6e9f77439eac/spring-boot-gradle-plugin-4.1.0.jar: org.gradle.api.internal.initialization.transform.MergeInstrumentationAnalysisTransform@12e53c4dcaf376ce9cae4cc1ce1513e1
2026-08-21T16:48:36.124-0300 [DEBUG] [org.gradle.internal.execution.steps.IdentifyStep] Implementation for InstrumentationAnalysisTransform: /Users/claratorres1414/.gradle/caches/modules-2/files-2.1/org.springframework/spring-core/7.0.8/25f5ebd179f92d7d12779e3761c96da4b0109ad/spring-core-7.0.8.jar: org.gradle.api.internal.initialization.transform.InstrumentationAnalysisTransform@12e53c4dcaf376ce9cae4cc1ce1513e1
2026-08-21T16:48:36.124-0300 [DEBUG] [org.gradle.internal.execution.steps.IdentifyStep] Additional implementations for InstrumentationAnalysisTransform: /Users/claratorres1414/.gradle/caches/modules-2/files-2.1/org.springframework/spring-core/7.0.8/25f5ebd179f92d7d12779e3761c96da4b0109ad/spring-core-7.0.8.jar: []
2026-08-21T16:48:36.124-0300 [DEBUG] [org.gradle.internal.execution.steps.IdentifyStep] Implementation for MergeInstrumentationAnalysisTransform: /Users/claratorres1414/.gradle/caches/9.5.1/transforms/3cf930821b1dad6d5cabb1e15d93dff2/transformed/.gradle-instrumented-classpath.marker: org.gradle.api.internal.initialization.transform.MergeInstrumentationAnalysisTransform@12e53c4dcaf376ce9cae4cc1ce1513e1
2026-08-21T16:48:36.125-0300 [DEBUG] [org.gradle.internal.execution.steps.IdentifyStep] Implementation for InstrumentationAnalysisTransform: /Users/claratorres1414/.gradle/caches/modules-2/files-2.1/net.java.dev.jna/jna-platform/5.17.0/a4934c44d25a9d8c2ddf4203affd20330cb3426f/jna-platform-5.17.0.jar: org.gradle.api.internal.initialization.transform.InstrumentationAnalysisTransform@12e53c4dcaf376ce9cae4cc1ce1513e1
2026-08-21T16:48:36.125-0300 [DEBUG] [org.gradle.internal.execution.steps.IdentifyStep] Additional implementations for InstrumentationAnalysisTransform: /Users/claratorres1414/.gradle/caches/modules-2/files-2.1/net.java.dev.jna/jna-platform/5.17.0/a4934c44d25a9d8c2ddf4203affd20330cb3426f/jna-platform-5.17.0.jar: []
2026-08-21T16:48:36.124-0300 [DEBUG] [org.gradle.internal.execution.steps.IdentifyStep] Additional implementations for MergeInstrumentationAnalysisTransform: /Users/claratorres1414/.gradle/caches/modules-2/files-2.1/org.springframework.boot/spring-boot-gradle-plugin/4.1.0/fe587fdb178438da1703d5aa43bb6e9f77439eac/spring-boot-gradle-plugin-4.1.0.jar: []
2026-08-21T16:48:36.124-0300 [DEBUG] [org.gradle.internal.resources.AbstractTrackedResourceLock] Build operations Thread 4: acquired lock on worker lease
2026-08-21T16:48:36.124-0300 [DEBUG] [org.gradle.internal.execution.steps.IdentifyStep] Implementation for MergeInstrumentationAnalysisTransform: /Users/claratorres1414/.gradle/caches/9.5.1/transforms/caad5e9974b1761f7f482de09e10911a/transformed/analysis/instrumentation-hierarchy.bin: org.gradle.api.internal.initialization.transform.MergeInstrumentationAnalysisTransform@12e53c4dcaf376ce9cae4cc1ce1513e1
2026-08-21T16:48:36.125-0300 [DEBUG] [org.gradle.internal.execution.steps.IdentifyStep] Additional implementations for MergeInstrumentationAnalysisTransform: /Users/claratorres1414/.gradle/caches/9.5.1/transforms/caad5e9974b1761f7f482de09e10911a/transformed/analysis/instrumentation-hierarchy.bin: []
2026-08-21T16:48:36.125-0300 [DEBUG] [org.gradle.internal.resources.AbstractTrackedResourceLock] Build operations Thread 5: acquired lock on worker lease
2026-08-21T16:48:36.125-0300 [DEBUG] [org.gradle.internal.execution.steps.IdentifyStep] Implementation for ExternalDependencyInstrumentingArtifactTransform: /Users/claratorres1414/.gradle/caches/9.5.1/transforms/778838d4947aad5402d354dcbdca5c17/transformed/.gradle-instrumented-classpath.marker: org.gradle.api.internal.initialization.transform.ExternalDependencyInstrumentingArtifactTransform@12e53c4dcaf376ce9cae4cc1ce1513e1
2026-08-21T16:48:36.125-0300 [DEBUG] [org.gradle.internal.execution.steps.IdentifyStep] Additional implementations for ExternalDependencyInstrumentingArtifactTransform: /Users/claratorres1414/.gradle/caches/9.5.1/transforms/778838d4947aad5402d354dcbdca5c17/transformed/.gradle-instrumented-classpath.marker: []
2026-08-21T16:48:36.125-0300 [DEBUG] [org.gradle.internal.execution.steps.IdentifyStep] Implementation for InstrumentationAnalysisTransform: /Users/claratorres1414/.gradle/caches/modules-2/files-2.1/org.apache.httpcomponents.client5/httpclient5/5.6.1/b418ba210ace28adf920f1decf64d673953d07cf/httpclient5-5.6.1.jar: org.gradle.api.internal.initialization.transform.InstrumentationAnalysisTransform@12e53c4dcaf376ce9cae4cc1ce1513e1
2026-08-21T16:48:36.125-0300 [DEBUG] [org.gradle.internal.execution.steps.IdentifyStep] Additional implementations for InstrumentationAnalysisTransform: /Users/claratorres1414/.gradle/caches/modules-2/files-2.1/org.apache.httpcomponents.client5/httpclient5/5.6.1/b418ba210ace28adf920f1decf64d673953d07cf/httpclient5-5.6.1.jar: []
2026-08-21T16:48:36.125-0300 [DEBUG] [org.gradle.internal.execution.steps.IdentifyStep] Additional implementations for MergeInstrumentationAnalysisTransform: /Users/claratorres1414/.gradle/caches/9.5.1/transforms/3cf930821b1dad6d5cabb1e15d93dff2/transformed/.gradle-instrumented-classpath.marker: []
2026-08-21T16:48:36.125-0300 [DEBUG] [org.gradle.internal.execution.steps.IdentifyStep] Implementation for InstrumentationAnalysisTransform: /Users/claratorres1414/.gradle/caches/modules-2/files-2.1/org.tomlj/tomlj/1.0.0/d1922fb5e672e04d8e8d8dac0b058b1897e6e940/tomlj-1.0.0.jar: org.gradle.api.internal.initialization.transform.InstrumentationAnalysisTransform@12e53c4dcaf376ce9cae4cc1ce1513e1
2026-08-21T16:48:36.125-0300 [DEBUG] [org.gradle.internal.execution.steps.IdentifyStep] Additional implementations for InstrumentationAnalysisTransform: /Users/claratorres1414/.gradle/caches/modules-2/files-2.1/org.tomlj/tomlj/1.0.0/d1922fb5e672e04d8e8d8dac0b058b1897e6e940/tomlj-1.0.0.jar: []
2026-08-21T16:48:36.125-0300 [DEBUG] [org.gradle.internal.execution.steps.IdentifyStep] Implementation for ExternalDependencyInstrumentingArtifactTransform: /Users/claratorres1414/.gradle/caches/9.5.1/transforms/778838d4947aad5402d354dcbdca5c17/transformed/merge/instrumentation-dependencies.bin: org.gradle.api.internal.initialization.transform.ExternalDependencyInstrumentingArtifactTransform@12e53c4dcaf376ce9cae4cc1ce1513e1
2026-08-21T16:48:36.125-0300 [DEBUG] [org.gradle.internal.execution.steps.IdentifyStep] Additional implementations for ExternalDependencyInstrumentingArtifactTransform: /Users/claratorres1414/.gradle/caches/9.5.1/transforms/778838d4947aad5402d354dcbdca5c17/transformed/merge/instrumentation-dependencies.bin: []
2026-08-21T16:48:36.125-0300 [DEBUG] [org.gradle.internal.execution.steps.IdentifyStep] Implementation for MergeInstrumentationAnalysisTransform: /Users/claratorres1414/.gradle/caches/9.5.1/transforms/b0842753e22e32854000481673aaff27/transformed/.gradle-instrumented-classpath.marker: org.gradle.api.internal.initialization.transform.MergeInstrumentationAnalysisTransform@12e53c4dcaf376ce9cae4cc1ce1513e1
2026-08-21T16:48:36.125-0300 [DEBUG] [org.gradle.internal.execution.steps.IdentifyStep] Additional implementations for MergeInstrumentationAnalysisTransform: /Users/claratorres1414/.gradle/caches/9.5.1/transforms/b0842753e22e32854000481673aaff27/transformed/.gradle-instrumented-classpath.marker: []
2026-08-21T16:48:36.125-0300 [DEBUG] [org.gradle.internal.resources.AbstractTrackedResourceLock] Build operations Thread 6: acquired lock on worker lease
2026-08-21T16:48:36.125-0300 [DEBUG] [org.gradle.internal.execution.steps.IdentifyStep] Implementation for MergeInstrumentationAnalysisTransform: /Users/claratorres1414/.gradle/caches/9.5.1/transforms/caad5e9974b1761f7f482de09e10911a/transformed/analysis/instrumentation-dependencies.bin: org.gradle.api.internal.initialization.transform.MergeInstrumentationAnalysisTransform@12e53c4dcaf376ce9cae4cc1ce1513e1
2026-08-21T16:48:36.125-0300 [DEBUG] [org.gradle.internal.execution.steps.IdentifyStep] Additional implementations for MergeInstrumentationAnalysisTransform: /Users/claratorres1414/.gradle/caches/9.5.1/transforms/caad5e9974b1761f7f482de09e10911a/transformed/analysis/instrumentation-dependencies.bin: []
2026-08-21T16:48:36.125-0300 [DEBUG] [org.gradle.internal.resources.AbstractTrackedResourceLock] Build operations Thread 2: acquired lock on worker lease
2026-08-21T16:48:36.125-0300 [DEBUG] [org.gradle.internal.execution.steps.IdentifyStep] Implementation for MergeInstrumentationAnalysisTransform: /Users/claratorres1414/.gradle/caches/modules-2/files-2.1/org.springframework.boot/spring-boot-buildpack-platform/4.1.0/cd47e427811fd1e108afcee9555c65b7234fc0c9/spring-boot-buildpack-platform-4.1.0.jar: org.gradle.api.internal.initialization.transform.MergeInstrumentationAnalysisTransform@12e53c4dcaf376ce9cae4cc1ce1513e1
2026-08-21T16:48:36.125-0300 [DEBUG] [org.gradle.internal.resources.AbstractTrackedResourceLock] Build operations Thread 8: acquired lock on worker lease
2026-08-21T16:48:36.125-0300 [DEBUG] [org.gradle.internal.execution.steps.IdentifyStep] Implementation for MergeInstrumentationAnalysisTransform: /Users/claratorres1414/.gradle/caches/9.5.1/transforms/98d6dc0da4d4ce77535b2df7e481df38/transformed/.gradle-instrumented-classpath.marker: org.gradle.api.internal.initialization.transform.MergeInstrumentationAnalysisTransform@12e53c4dcaf376ce9cae4cc1ce1513e1
2026-08-21T16:48:36.125-0300 [DEBUG] [org.gradle.internal.execution.steps.IdentifyStep] Additional implementations for MergeInstrumentationAnalysisTransform: /Users/claratorres1414/.gradle/caches/9.5.1/transforms/98d6dc0da4d4ce77535b2df7e481df38/transformed/.gradle-instrumented-classpath.marker: []
2026-08-21T16:48:36.125-0300 [DEBUG] [org.gradle.internal.execution.steps.IdentifyStep] Implementation for MergeInstrumentationAnalysisTransform: /Users/claratorres1414/.gradle/caches/9.5.1/transforms/b0842753e22e32854000481673aaff27/transformed/analysis/instrumentation-hierarchy.bin: org.gradle.api.internal.initialization.transform.MergeInstrumentationAnalysisTransform@12e53c4dcaf376ce9cae4cc1ce1513e1
2026-08-21T16:48:36.125-0300 [DEBUG] [org.gradle.internal.execution.steps.IdentifyStep] Additional implementations for MergeInstrumentationAnalysisTransform: /Users/claratorres1414/.gradle/caches/9.5.1/transforms/b0842753e22e32854000481673aaff27/transformed/analysis/instrumentation-hierarchy.bin: []
2026-08-21T16:48:36.125-0300 [DEBUG] [org.gradle.internal.execution.steps.IdentifyStep] Implementation for ExternalDependencyInstrumentingArtifactTransform: /Users/claratorres1414/.gradle/caches/modules-2/files-2.1/org.springframework.boot/spring-boot-gradle-plugin/4.1.0/fe587fdb178438da1703d5aa43bb6e9f77439eac/spring-boot-gradle-plugin-4.1.0.jar: org.gradle.api.internal.initialization.transform.ExternalDependencyInstrumentingArtifactTransform@12e53c4dcaf376ce9cae4cc1ce1513e1
2026-08-21T16:48:36.125-0300 [DEBUG] [org.gradle.internal.execution.steps.IdentifyStep] Additional implementations for ExternalDependencyInstrumentingArtifactTransform: /Users/claratorres1414/.gradle/caches/modules-2/files-2.1/org.springframework.boot/spring-boot-gradle-plugin/4.1.0/fe587fdb178438da1703d5aa43bb6e9f77439eac/spring-boot-gradle-plugin-4.1.0.jar: []
2026-08-21T16:48:36.125-0300 [DEBUG] [org.gradle.internal.execution.steps.IdentifyStep] Implementation for InstrumentationAnalysisTransform: /Users/claratorres1414/.gradle/caches/modules-2/files-2.1/tools.jackson.core/jackson-core/3.1.4/f9fd39204bd3d4922b42f6a54b81f46bd8ed575a/jackson-core-3.1.4.jar: org.gradle.api.internal.initialization.transform.InstrumentationAnalysisTransform@12e53c4dcaf376ce9cae4cc1ce1513e1
2026-08-21T16:48:36.126-0300 [DEBUG] [org.gradle.internal.execution.steps.IdentifyStep] Additional implementations for InstrumentationAnalysisTransform: /Users/claratorres1414/.gradle/caches/modules-2/files-2.1/tools.jackson.core/jackson-core/3.1.4/f9fd39204bd3d4922b42f6a54b81f46bd8ed575a/jackson-core-3.1.4.jar: []
2026-08-21T16:48:36.125-0300 [DEBUG] [org.gradle.internal.execution.steps.IdentifyStep] Implementation for MergeInstrumentationAnalysisTransform: /Users/claratorres1414/.gradle/caches/9.5.1/transforms/3cf930821b1dad6d5cabb1e15d93dff2/transformed/analysis/instrumentation-hierarchy.bin: org.gradle.api.internal.initialization.transform.MergeInstrumentationAnalysisTransform@12e53c4dcaf376ce9cae4cc1ce1513e1
2026-08-21T16:48:36.126-0300 [DEBUG] [org.gradle.internal.execution.steps.IdentifyStep] Additional implementations for MergeInstrumentationAnalysisTransform: /Users/claratorres1414/.gradle/caches/9.5.1/transforms/3cf930821b1dad6d5cabb1e15d93dff2/transformed/analysis/instrumentation-hierarchy.bin: []
2026-08-21T16:48:36.126-0300 [DEBUG] [org.gradle.internal.execution.steps.IdentifyStep] Implementation for InstrumentationAnalysisTransform: /Users/claratorres1414/.gradle/caches/modules-2/files-2.1/tools.jackson.core/jackson-databind/3.1.4/c7be3c757289893a791b2a4967ec09d1a8b6c576/jackson-databind-3.1.4.jar: org.gradle.api.internal.initialization.transform.InstrumentationAnalysisTransform@12e53c4dcaf376ce9cae4cc1ce1513e1
2026-08-21T16:48:36.126-0300 [DEBUG] [org.gradle.internal.execution.steps.IdentifyStep] Additional implementations for InstrumentationAnalysisTransform: /Users/claratorres1414/.gradle/caches/modules-2/files-2.1/tools.jackson.core/jackson-databind/3.1.4/c7be3c757289893a791b2a4967ec09d1a8b6c576/jackson-databind-3.1.4.jar: []
2026-08-21T16:48:36.125-0300 [DEBUG] [org.gradle.internal.execution.steps.IdentifyStep] Implementation for MergeInstrumentationAnalysisTransform: /Users/claratorres1414/.gradle/caches/9.5.1/transforms/b0842753e22e32854000481673aaff27/transformed/analysis/instrumentation-dependencies.bin: org.gradle.api.internal.initialization.transform.MergeInstrumentationAnalysisTransform@12e53c4dcaf376ce9cae4cc1ce1513e1
2026-08-21T16:48:36.126-0300 [DEBUG] [org.gradle.internal.execution.steps.IdentifyStep] Additional implementations for MergeInstrumentationAnalysisTransform: /Users/claratorres1414/.gradle/caches/9.5.1/transforms/b0842753e22e32854000481673aaff27/transformed/analysis/instrumentation-dependencies.bin: []
2026-08-21T16:48:36.125-0300 [DEBUG] [org.gradle.internal.execution.steps.IdentifyStep] Implementation for MergeInstrumentationAnalysisTransform: /Users/claratorres1414/.gradle/caches/9.5.1/transforms/98d6dc0da4d4ce77535b2df7e481df38/transformed/analysis/instrumentation-hierarchy.bin: org.gradle.api.internal.initialization.transform.MergeInstrumentationAnalysisTransform@12e53c4dcaf376ce9cae4cc1ce1513e1
2026-08-21T16:48:36.126-0300 [DEBUG] [org.gradle.internal.execution.steps.IdentifyStep] Additional implementations for MergeInstrumentationAnalysisTransform: /Users/claratorres1414/.gradle/caches/9.5.1/transforms/98d6dc0da4d4ce77535b2df7e481df38/transformed/analysis/instrumentation-hierarchy.bin: []
2026-08-21T16:48:36.125-0300 [DEBUG] [org.gradle.internal.execution.steps.IdentifyStep] Implementation for MergeInstrumentationAnalysisTransform: /Users/claratorres1414/.gradle/caches/9.5.1/transforms/77bd2008cd46e87250f8057608eb4810/transformed/.gradle-instrumented-classpath.marker: org.gradle.api.internal.initialization.transform.MergeInstrumentationAnalysisTransform@12e53c4dcaf376ce9cae4cc1ce1513e1
2026-08-21T16:48:36.126-0300 [DEBUG] [org.gradle.internal.execution.steps.IdentifyStep] Additional implementations for MergeInstrumentationAnalysisTransform: /Users/claratorres1414/.gradle/caches/9.5.1/transforms/77bd2008cd46e87250f8057608eb4810/transformed/.gradle-instrumented-classpath.marker: []
2026-08-21T16:48:36.125-0300 [DEBUG] [org.gradle.internal.execution.steps.IdentifyStep] Implementation for MergeInstrumentationAnalysisTransform: /Users/claratorres1414/.gradle/caches/9.5.1/transforms/0ae22fbbf7224b76f01163ed525348a7/transformed/.gradle-instrumented-classpath.marker: org.gradle.api.internal.initialization.transform.MergeInstrumentationAnalysisTransform@12e53c4dcaf376ce9cae4cc1ce1513e1
2026-08-21T16:48:36.126-0300 [DEBUG] [org.gradle.internal.execution.steps.IdentifyStep] Additional implementations for MergeInstrumentationAnalysisTransform: /Users/claratorres1414/.gradle/caches/9.5.1/transforms/0ae22fbbf7224b76f01163ed525348a7/transformed/.gradle-instrumented-classpath.marker: []
2026-08-21T16:48:36.125-0300 [DEBUG] [org.gradle.internal.resources.AbstractTrackedResourceLock] Build operations Thread 11: acquired lock on worker lease
2026-08-21T16:48:36.125-0300 [DEBUG] [org.gradle.internal.execution.steps.IdentifyStep] Additional implementations for MergeInstrumentationAnalysisTransform: /Users/claratorres1414/.gradle/caches/modules-2/files-2.1/org.springframework.boot/spring-boot-buildpack-platform/4.1.0/cd47e427811fd1e108afcee9555c65b7234fc0c9/spring-boot-buildpack-platform-4.1.0.jar: []
2026-08-21T16:48:36.126-0300 [DEBUG] [org.gradle.internal.execution.steps.IdentifyStep] Implementation for ExternalDependencyInstrumentingArtifactTransform: /Users/claratorres1414/.gradle/caches/9.5.1/transforms/efc953a73eeba63a1faaf25f9a15ff5c/transformed/.gradle-instrumented-classpath.marker: org.gradle.api.internal.initialization.transform.ExternalDependencyInstrumentingArtifactTransform@12e53c4dcaf376ce9cae4cc1ce1513e1
2026-08-21T16:48:36.126-0300 [DEBUG] [org.gradle.internal.execution.steps.IdentifyStep] Additional implementations for ExternalDependencyInstrumentingArtifactTransform: /Users/claratorres1414/.gradle/caches/9.5.1/transforms/efc953a73eeba63a1faaf25f9a15ff5c/transformed/.gradle-instrumented-classpath.marker: []
2026-08-21T16:48:36.126-0300 [DEBUG] [org.gradle.internal.resources.AbstractTrackedResourceLock] Build operations Thread 7: acquired lock on worker lease
2026-08-21T16:48:36.126-0300 [DEBUG] [org.gradle.internal.execution.steps.IdentifyStep] Implementation for MergeInstrumentationAnalysisTransform: /Users/claratorres1414/.gradle/caches/9.5.1/transforms/0ae22fbbf7224b76f01163ed525348a7/transformed/analysis/instrumentation-hierarchy.bin: org.gradle.api.internal.initialization.transform.MergeInstrumentationAnalysisTransform@12e53c4dcaf376ce9cae4cc1ce1513e1
2026-08-21T16:48:36.126-0300 [DEBUG] [org.gradle.internal.execution.steps.IdentifyStep] Additional implementations for MergeInstrumentationAnalysisTransform: /Users/claratorres1414/.gradle/caches/9.5.1/transforms/0ae22fbbf7224b76f01163ed525348a7/transformed/analysis/instrumentation-hierarchy.bin: []
2026-08-21T16:48:36.126-0300 [DEBUG] [org.gradle.internal.execution.steps.IdentifyStep] Implementation for MergeInstrumentationAnalysisTransform: /Users/claratorres1414/.gradle/caches/9.5.1/transforms/77bd2008cd46e87250f8057608eb4810/transformed/analysis/instrumentation-hierarchy.bin: org.gradle.api.internal.initialization.transform.MergeInstrumentationAnalysisTransform@12e53c4dcaf376ce9cae4cc1ce1513e1
2026-08-21T16:48:36.126-0300 [DEBUG] [org.gradle.internal.execution.steps.IdentifyStep] Additional implementations for MergeInstrumentationAnalysisTransform: /Users/claratorres1414/.gradle/caches/9.5.1/transforms/77bd2008cd46e87250f8057608eb4810/transformed/analysis/instrumentation-hierarchy.bin: []
2026-08-21T16:48:36.126-0300 [DEBUG] [org.gradle.internal.execution.steps.IdentifyStep] Implementation for MergeInstrumentationAnalysisTransform: /Users/claratorres1414/.gradle/caches/9.5.1/transforms/98d6dc0da4d4ce77535b2df7e481df38/transformed/analysis/instrumentation-dependencies.bin: org.gradle.api.internal.initialization.transform.MergeInstrumentationAnalysisTransform@12e53c4dcaf376ce9cae4cc1ce1513e1
2026-08-21T16:48:36.126-0300 [DEBUG] [org.gradle.internal.execution.steps.IdentifyStep] Additional implementations for MergeInstrumentationAnalysisTransform: /Users/claratorres1414/.gradle/caches/9.5.1/transforms/98d6dc0da4d4ce77535b2df7e481df38/transformed/analysis/instrumentation-dependencies.bin: []
2026-08-21T16:48:36.126-0300 [DEBUG] [org.gradle.internal.execution.steps.IdentifyStep] Implementation for MergeInstrumentationAnalysisTransform: /Users/claratorres1414/.gradle/caches/modules-2/files-2.1/org.springframework.boot/spring-boot-loader-tools/4.1.0/1b7196eacd5d6da777c00ac7610d3981e7543d90/spring-boot-loader-tools-4.1.0.jar: org.gradle.api.internal.initialization.transform.MergeInstrumentationAnalysisTransform@12e53c4dcaf376ce9cae4cc1ce1513e1
2026-08-21T16:48:36.126-0300 [DEBUG] [org.gradle.internal.execution.steps.IdentifyStep] Additional implementations for MergeInstrumentationAnalysisTransform: /Users/claratorres1414/.gradle/caches/modules-2/files-2.1/org.springframework.boot/spring-boot-loader-tools/4.1.0/1b7196eacd5d6da777c00ac7610d3981e7543d90/spring-boot-loader-tools-4.1.0.jar: []
2026-08-21T16:48:36.126-0300 [DEBUG] [org.gradle.internal.operations.DefaultBuildOperationRunner] Build operation 'Execute transform chain: spring-boot-gradle-plugin-4.1.0.jar (org.springframework.boot:spring-boot-gradle-plugin:4.1.0)' completed
2026-08-21T16:48:36.126-0300 [DEBUG] [org.gradle.internal.execution.steps.IdentifyStep] Implementation for InstrumentationAnalysisTransform: /Users/claratorres1414/.gradle/caches/modules-2/files-2.1/commons-codec/commons-codec/1.17.1/973638b7149d333563584137ebf13a691bb60579/commons-codec-1.17.1.jar: org.gradle.api.internal.initialization.transform.InstrumentationAnalysisTransform@12e53c4dcaf376ce9cae4cc1ce1513e1
2026-08-21T16:48:36.126-0300 [DEBUG] [org.gradle.internal.execution.steps.IdentifyStep] Implementation for MergeInstrumentationAnalysisTransform: /Users/claratorres1414/.gradle/caches/9.5.1/transforms/3cf930821b1dad6d5cabb1e15d93dff2/transformed/analysis/instrumentation-dependencies.bin: org.gradle.api.internal.initialization.transform.MergeInstrumentationAnalysisTransform@12e53c4dcaf376ce9cae4cc1ce1513e1
2026-08-21T16:48:36.127-0300 [DEBUG] [org.gradle.internal.execution.steps.IdentifyStep] Additional implementations for MergeInstrumentationAnalysisTransform: /Users/claratorres1414/.gradle/caches/9.5.1/transforms/3cf930821b1dad6d5cabb1e15d93dff2/transformed/analysis/instrumentation-dependencies.bin: []
2026-08-21T16:48:36.126-0300 [DEBUG] [org.gradle.internal.execution.steps.IdentifyStep] Additional implementations for InstrumentationAnalysisTransform: /Users/claratorres1414/.gradle/caches/modules-2/files-2.1/commons-codec/commons-codec/1.17.1/973638b7149d333563584137ebf13a691bb60579/commons-codec-1.17.1.jar: []
2026-08-21T16:48:36.126-0300 [DEBUG] [org.gradle.internal.execution.steps.IdentifyStep] Implementation for ExternalDependencyInstrumentingArtifactTransform: /Users/claratorres1414/.gradle/caches/9.5.1/transforms/9b265b10d85a18db0d2557caa17ca5ba/transformed/.gradle-instrumented-classpath.marker: org.gradle.api.internal.initialization.transform.ExternalDependencyInstrumentingArtifactTransform@12e53c4dcaf376ce9cae4cc1ce1513e1
2026-08-21T16:48:36.127-0300 [DEBUG] [org.gradle.internal.execution.steps.IdentifyStep] Additional implementations for ExternalDependencyInstrumentingArtifactTransform: /Users/claratorres1414/.gradle/caches/9.5.1/transforms/9b265b10d85a18db0d2557caa17ca5ba/transformed/.gradle-instrumented-classpath.marker: []
2026-08-21T16:48:36.126-0300 [DEBUG] [org.gradle.internal.execution.steps.IdentifyStep] Implementation for MergeInstrumentationAnalysisTransform: /Users/claratorres1414/.gradle/caches/modules-2/files-2.1/org.apache.commons/commons-compress/1.27.1/a19151084758e2fbb6b41eddaa88e7b8ff4e6599/commons-compress-1.27.1.jar: org.gradle.api.internal.initialization.transform.MergeInstrumentationAnalysisTransform@12e53c4dcaf376ce9cae4cc1ce1513e1
2026-08-21T16:48:36.127-0300 [DEBUG] [org.gradle.internal.execution.steps.IdentifyStep] Additional implementations for MergeInstrumentationAnalysisTransform: /Users/claratorres1414/.gradle/caches/modules-2/files-2.1/org.apache.commons/commons-compress/1.27.1/a19151084758e2fbb6b41eddaa88e7b8ff4e6599/commons-compress-1.27.1.jar: []
2026-08-21T16:48:36.126-0300 [DEBUG] [org.gradle.internal.execution.steps.IdentifyStep] Implementation for MergeInstrumentationAnalysisTransform: /Users/claratorres1414/.gradle/caches/9.5.1/transforms/77bd2008cd46e87250f8057608eb4810/transformed/analysis/instrumentation-dependencies.bin: org.gradle.api.internal.initialization.transform.MergeInstrumentationAnalysisTransform@12e53c4dcaf376ce9cae4cc1ce1513e1
2026-08-21T16:48:36.127-0300 [DEBUG] [org.gradle.internal.execution.steps.IdentifyStep] Additional implementations for MergeInstrumentationAnalysisTransform: /Users/claratorres1414/.gradle/caches/9.5.1/transforms/77bd2008cd46e87250f8057608eb4810/transformed/analysis/instrumentation-dependencies.bin: []
2026-08-21T16:48:36.126-0300 [DEBUG] [org.gradle.internal.execution.steps.IdentifyStep] Implementation for MergeInstrumentationAnalysisTransform: /Users/claratorres1414/.gradle/caches/9.5.1/transforms/0ae22fbbf7224b76f01163ed525348a7/transformed/analysis/instrumentation-dependencies.bin: org.gradle.api.internal.initialization.transform.MergeInstrumentationAnalysisTransform@12e53c4dcaf376ce9cae4cc1ce1513e1
2026-08-21T16:48:36.127-0300 [DEBUG] [org.gradle.internal.execution.steps.IdentifyStep] Additional implementations for MergeInstrumentationAnalysisTransform: /Users/claratorres1414/.gradle/caches/9.5.1/transforms/0ae22fbbf7224b76f01163ed525348a7/transformed/analysis/instrumentation-dependencies.bin: []
2026-08-21T16:48:36.126-0300 [DEBUG] [org.gradle.internal.execution.steps.IdentifyStep] Implementation for MergeInstrumentationAnalysisTransform: /Users/claratorres1414/.gradle/caches/9.5.1/transforms/1453a8be40a884a2e394d9bed2e6e918/transformed/.gradle-instrumented-classpath.marker: org.gradle.api.internal.initialization.transform.MergeInstrumentationAnalysisTransform@12e53c4dcaf376ce9cae4cc1ce1513e1
2026-08-21T16:48:36.127-0300 [DEBUG] [org.gradle.internal.execution.steps.IdentifyStep] Additional implementations for MergeInstrumentationAnalysisTransform: /Users/claratorres1414/.gradle/caches/9.5.1/transforms/1453a8be40a884a2e394d9bed2e6e918/transformed/.gradle-instrumented-classpath.marker: []
2026-08-21T16:48:36.126-0300 [DEBUG] [org.gradle.internal.resources.AbstractTrackedResourceLock] Build operations Thread 10: acquired lock on worker lease
2026-08-21T16:48:36.126-0300 [DEBUG] [org.gradle.internal.execution.steps.IdentifyStep] Implementation for ExternalDependencyInstrumentingArtifactTransform: /Users/claratorres1414/.gradle/caches/9.5.1/transforms/efc953a73eeba63a1faaf25f9a15ff5c/transformed/merge/instrumentation-dependencies.bin: org.gradle.api.internal.initialization.transform.ExternalDependencyInstrumentingArtifactTransform@12e53c4dcaf376ce9cae4cc1ce1513e1
2026-08-21T16:48:36.127-0300 [DEBUG] [org.gradle.internal.execution.steps.IdentifyStep] Additional implementations for ExternalDependencyInstrumentingArtifactTransform: /Users/claratorres1414/.gradle/caches/9.5.1/transforms/efc953a73eeba63a1faaf25f9a15ff5c/transformed/merge/instrumentation-dependencies.bin: []
2026-08-21T16:48:36.126-0300 [DEBUG] [org.gradle.internal.execution.steps.IdentifyStep] Implementation for MergeInstrumentationAnalysisTransform: /Users/claratorres1414/.gradle/caches/9.5.1/transforms/2521a7a2c987dcc68ce10a0a4f08ca58/transformed/.gradle-instrumented-classpath.marker: org.gradle.api.internal.initialization.transform.MergeInstrumentationAnalysisTransform@12e53c4dcaf376ce9cae4cc1ce1513e1
2026-08-21T16:48:36.127-0300 [DEBUG] [org.gradle.internal.execution.steps.IdentifyStep] Additional implementations for MergeInstrumentationAnalysisTransform: /Users/claratorres1414/.gradle/caches/9.5.1/transforms/2521a7a2c987dcc68ce10a0a4f08ca58/transformed/.gradle-instrumented-classpath.marker: []
2026-08-21T16:48:36.127-0300 [DEBUG] [org.gradle.internal.execution.steps.IdentifyStep] Implementation for ExternalDependencyInstrumentingArtifactTransform: /Users/claratorres1414/.gradle/caches/modules-2/files-2.1/org.springframework.boot/spring-boot-buildpack-platform/4.1.0/cd47e427811fd1e108afcee9555c65b7234fc0c9/spring-boot-buildpack-platform-4.1.0.jar: org.gradle.api.internal.initialization.transform.ExternalDependencyInstrumentingArtifactTransform@12e53c4dcaf376ce9cae4cc1ce1513e1
2026-08-21T16:48:36.127-0300 [DEBUG] [org.gradle.internal.execution.steps.IdentifyStep] Additional implementations for ExternalDependencyInstrumentingArtifactTransform: /Users/claratorres1414/.gradle/caches/modules-2/files-2.1/org.springframework.boot/spring-boot-buildpack-platform/4.1.0/cd47e427811fd1e108afcee9555c65b7234fc0c9/spring-boot-buildpack-platform-4.1.0.jar: []
2026-08-21T16:48:36.127-0300 [DEBUG] [org.gradle.internal.execution.steps.IdentifyStep] Implementation for MergeInstrumentationAnalysisTransform: /Users/claratorres1414/.gradle/caches/9.5.1/transforms/edd5fc1b260e1b8ac20e6a0e0dd66685/transformed/.gradle-instrumented-classpath.marker: org.gradle.api.internal.initialization.transform.MergeInstrumentationAnalysisTransform@12e53c4dcaf376ce9cae4cc1ce1513e1
2026-08-21T16:48:36.127-0300 [DEBUG] [org.gradle.internal.execution.steps.IdentifyStep] Additional implementations for MergeInstrumentationAnalysisTransform: /Users/claratorres1414/.gradle/caches/9.5.1/transforms/edd5fc1b260e1b8ac20e6a0e0dd66685/transformed/.gradle-instrumented-classpath.marker: []
2026-08-21T16:48:36.127-0300 [DEBUG] [org.gradle.internal.execution.steps.IdentifyStep] Implementation for MergeInstrumentationAnalysisTransform: /Users/claratorres1414/.gradle/caches/9.5.1/transforms/1453a8be40a884a2e394d9bed2e6e918/transformed/analysis/instrumentation-hierarchy.bin: org.gradle.api.internal.initialization.transform.MergeInstrumentationAnalysisTransform@12e53c4dcaf376ce9cae4cc1ce1513e1
2026-08-21T16:48:36.127-0300 [DEBUG] [org.gradle.internal.execution.steps.IdentifyStep] Additional implementations for MergeInstrumentationAnalysisTransform: /Users/claratorres1414/.gradle/caches/9.5.1/transforms/1453a8be40a884a2e394d9bed2e6e918/transformed/analysis/instrumentation-hierarchy.bin: []
2026-08-21T16:48:36.127-0300 [DEBUG] [org.gradle.internal.execution.steps.IdentifyStep] Implementation for MergeInstrumentationAnalysisTransform: /Users/claratorres1414/.gradle/caches/modules-2/files-2.1/org.apache.httpcomponents.client5/httpclient5/5.6.1/b418ba210ace28adf920f1decf64d673953d07cf/httpclient5-5.6.1.jar: org.gradle.api.internal.initialization.transform.MergeInstrumentationAnalysisTransform@12e53c4dcaf376ce9cae4cc1ce1513e1
2026-08-21T16:48:36.127-0300 [DEBUG] [org.gradle.internal.execution.steps.IdentifyStep] Additional implementations for MergeInstrumentationAnalysisTransform: /Users/claratorres1414/.gradle/caches/modules-2/files-2.1/org.apache.httpcomponents.client5/httpclient5/5.6.1/b418ba210ace28adf920f1decf64d673953d07cf/httpclient5-5.6.1.jar: []
2026-08-21T16:48:36.127-0300 [DEBUG] [org.gradle.internal.execution.steps.IdentifyStep] Implementation for MergeInstrumentationAnalysisTransform: /Users/claratorres1414/.gradle/caches/modules-2/files-2.1/org.springframework/spring-core/7.0.8/25f5ebd179f92d7d12779e3761c96da4b0109ad/spring-core-7.0.8.jar: org.gradle.api.internal.initialization.transform.MergeInstrumentationAnalysisTransform@12e53c4dcaf376ce9cae4cc1ce1513e1
2026-08-21T16:48:36.127-0300 [DEBUG] [org.gradle.internal.execution.steps.IdentifyStep] Additional implementations for MergeInstrumentationAnalysisTransform: /Users/claratorres1414/.gradle/caches/modules-2/files-2.1/org.springframework/spring-core/7.0.8/25f5ebd179f92d7d12779e3761c96da4b0109ad/spring-core-7.0.8.jar: []
2026-08-21T16:48:36.127-0300 [DEBUG] [org.gradle.internal.execution.steps.IdentifyStep] Implementation for ExternalDependencyInstrumentingArtifactTransform: /Users/claratorres1414/.gradle/caches/9.5.1/transforms/1ce2e47b5e6973543d7f5bf9762f6e13/transformed/.gradle-instrumented-classpath.marker: org.gradle.api.internal.initialization.transform.ExternalDependencyInstrumentingArtifactTransform@12e53c4dcaf376ce9cae4cc1ce1513e1
2026-08-21T16:48:36.128-0300 [DEBUG] [org.gradle.internal.execution.steps.IdentifyStep] Additional implementations for ExternalDependencyInstrumentingArtifactTransform: /Users/claratorres1414/.gradle/caches/9.5.1/transforms/1ce2e47b5e6973543d7f5bf9762f6e13/transformed/.gradle-instrumented-classpath.marker: []
2026-08-21T16:48:36.127-0300 [DEBUG] [org.gradle.internal.execution.steps.IdentifyStep] Implementation for ExternalDependencyInstrumentingArtifactTransform: /Users/claratorres1414/.gradle/caches/9.5.1/transforms/9b265b10d85a18db0d2557caa17ca5ba/transformed/merge/instrumentation-dependencies.bin: org.gradle.api.internal.initialization.transform.ExternalDependencyInstrumentingArtifactTransform@12e53c4dcaf376ce9cae4cc1ce1513e1
2026-08-21T16:48:36.128-0300 [DEBUG] [org.gradle.internal.execution.steps.IdentifyStep] Additional implementations for ExternalDependencyInstrumentingArtifactTransform: /Users/claratorres1414/.gradle/caches/9.5.1/transforms/9b265b10d85a18db0d2557caa17ca5ba/transformed/merge/instrumentation-dependencies.bin: []
2026-08-21T16:48:36.127-0300 [DEBUG] [org.gradle.internal.execution.steps.IdentifyStep] Implementation for MergeInstrumentationAnalysisTransform: /Users/claratorres1414/.gradle/caches/9.5.1/transforms/dc38cb7fafd6887dfe0b48b58d9cb438/transformed/.gradle-instrumented-classpath.marker: org.gradle.api.internal.initialization.transform.MergeInstrumentationAnalysisTransform@12e53c4dcaf376ce9cae4cc1ce1513e1
2026-08-21T16:48:36.128-0300 [DEBUG] [org.gradle.internal.execution.steps.IdentifyStep] Additional implementations for MergeInstrumentationAnalysisTransform: /Users/claratorres1414/.gradle/caches/9.5.1/transforms/dc38cb7fafd6887dfe0b48b58d9cb438/transformed/.gradle-instrumented-classpath.marker: []
2026-08-21T16:48:36.127-0300 [DEBUG] [org.gradle.internal.execution.steps.IdentifyStep] Implementation for InstrumentationAnalysisTransform: /Users/claratorres1414/.gradle/caches/modules-2/files-2.1/commons-io/commons-io/2.16.1/377d592e740dc77124e0901291dbfaa6810a200e/commons-io-2.16.1.jar: org.gradle.api.internal.initialization.transform.InstrumentationAnalysisTransform@12e53c4dcaf376ce9cae4cc1ce1513e1
2026-08-21T16:48:36.128-0300 [DEBUG] [org.gradle.internal.execution.steps.IdentifyStep] Additional implementations for InstrumentationAnalysisTransform: /Users/claratorres1414/.gradle/caches/modules-2/files-2.1/commons-io/commons-io/2.16.1/377d592e740dc77124e0901291dbfaa6810a200e/commons-io-2.16.1.jar: []
2026-08-21T16:48:36.127-0300 [DEBUG] [org.gradle.internal.execution.steps.IdentifyStep] Implementation for MergeInstrumentationAnalysisTransform: /Users/claratorres1414/.gradle/caches/modules-2/files-2.1/io.spring.gradle/dependency-management-plugin/1.1.7/6afc1b5cbc631be173fe497b528d8154479e9371/dependency-management-plugin-1.1.7.jar: org.gradle.api.internal.initialization.transform.MergeInstrumentationAnalysisTransform@12e53c4dcaf376ce9cae4cc1ce1513e1
2026-08-21T16:48:36.128-0300 [DEBUG] [org.gradle.internal.execution.steps.IdentifyStep] Additional implementations for MergeInstrumentationAnalysisTransform: /Users/claratorres1414/.gradle/caches/modules-2/files-2.1/io.spring.gradle/dependency-management-plugin/1.1.7/6afc1b5cbc631be173fe497b528d8154479e9371/dependency-management-plugin-1.1.7.jar: []
2026-08-21T16:48:36.128-0300 [DEBUG] [org.gradle.internal.execution.steps.IdentifyStep] Implementation for InstrumentationAnalysisTransform: /Users/claratorres1414/.gradle/caches/modules-2/files-2.1/org.apache.commons/commons-lang3/3.16.0/3eb54effe40946dfb06dc5cd6c7ce4116cd51ea4/commons-lang3-3.16.0.jar: org.gradle.api.internal.initialization.transform.InstrumentationAnalysisTransform@12e53c4dcaf376ce9cae4cc1ce1513e1
2026-08-21T16:48:36.128-0300 [DEBUG] [org.gradle.internal.execution.steps.IdentifyStep] Additional implementations for InstrumentationAnalysisTransform: /Users/claratorres1414/.gradle/caches/modules-2/files-2.1/org.apache.commons/commons-lang3/3.16.0/3eb54effe40946dfb06dc5cd6c7ce4116cd51ea4/commons-lang3-3.16.0.jar: []
2026-08-21T16:48:36.128-0300 [DEBUG] [org.gradle.internal.execution.steps.IdentifyStep] Implementation for MergeInstrumentationAnalysisTransform: /Users/claratorres1414/.gradle/caches/9.5.1/transforms/dc38cb7fafd6887dfe0b48b58d9cb438/transformed/analysis/instrumentation-hierarchy.bin: org.gradle.api.internal.initialization.transform.MergeInstrumentationAnalysisTransform@12e53c4dcaf376ce9cae4cc1ce1513e1
2026-08-21T16:48:36.128-0300 [DEBUG] [org.gradle.internal.execution.steps.IdentifyStep] Additional implementations for MergeInstrumentationAnalysisTransform: /Users/claratorres1414/.gradle/caches/9.5.1/transforms/dc38cb7fafd6887dfe0b48b58d9cb438/transformed/analysis/instrumentation-hierarchy.bin: []
2026-08-21T16:48:36.128-0300 [DEBUG] [org.gradle.internal.execution.steps.IdentifyStep] Implementation for ExternalDependencyInstrumentingArtifactTransform: /Users/claratorres1414/.gradle/caches/modules-2/files-2.1/org.springframework.boot/spring-boot-loader-tools/4.1.0/1b7196eacd5d6da777c00ac7610d3981e7543d90/spring-boot-loader-tools-4.1.0.jar: org.gradle.api.internal.initialization.transform.ExternalDependencyInstrumentingArtifactTransform@12e53c4dcaf376ce9cae4cc1ce1513e1
2026-08-21T16:48:36.128-0300 [DEBUG] [org.gradle.internal.execution.steps.IdentifyStep] Additional implementations for ExternalDependencyInstrumentingArtifactTransform: /Users/claratorres1414/.gradle/caches/modules-2/files-2.1/org.springframework.boot/spring-boot-loader-tools/4.1.0/1b7196eacd5d6da777c00ac7610d3981e7543d90/spring-boot-loader-tools-4.1.0.jar: []
2026-08-21T16:48:36.128-0300 [DEBUG] [org.gradle.internal.execution.steps.IdentifyStep] Implementation for ExternalDependencyInstrumentingArtifactTransform: /Users/claratorres1414/.gradle/caches/9.5.1/transforms/1ce2e47b5e6973543d7f5bf9762f6e13/transformed/merge/instrumentation-dependencies.bin: org.gradle.api.internal.initialization.transform.ExternalDependencyInstrumentingArtifactTransform@12e53c4dcaf376ce9cae4cc1ce1513e1
2026-08-21T16:48:36.128-0300 [DEBUG] [org.gradle.internal.execution.steps.IdentifyStep] Additional implementations for ExternalDependencyInstrumentingArtifactTransform: /Users/claratorres1414/.gradle/caches/9.5.1/transforms/1ce2e47b5e6973543d7f5bf9762f6e13/transformed/merge/instrumentation-dependencies.bin: []
2026-08-21T16:48:36.128-0300 [DEBUG] [org.gradle.internal.execution.steps.IdentifyStep] Implementation for ExternalDependencyInstrumentingArtifactTransform: /Users/claratorres1414/.gradle/caches/9.5.1/transforms/20a10687c17030a3212f27498fd4affa/transformed/.gradle-instrumented-classpath.marker: org.gradle.api.internal.initialization.transform.ExternalDependencyInstrumentingArtifactTransform@12e53c4dcaf376ce9cae4cc1ce1513e1
2026-08-21T16:48:36.128-0300 [DEBUG] [org.gradle.internal.execution.steps.IdentifyStep] Additional implementations for ExternalDependencyInstrumentingArtifactTransform: /Users/claratorres1414/.gradle/caches/9.5.1/transforms/20a10687c17030a3212f27498fd4affa/transformed/.gradle-instrumented-classpath.marker: []
2026-08-21T16:48:36.127-0300 [DEBUG] [org.gradle.internal.execution.steps.IdentifyStep] Implementation for ExternalDependencyInstrumentingArtifactTransform: /Users/claratorres1414/.gradle/caches/9.5.1/transforms/7c7f8b22d1425ef4d1d91ed36cd2cbf5/transformed/.gradle-instrumented-classpath.marker: org.gradle.api.internal.initialization.transform.ExternalDependencyInstrumentingArtifactTransform@12e53c4dcaf376ce9cae4cc1ce1513e1
2026-08-21T16:48:36.128-0300 [DEBUG] [org.gradle.internal.execution.steps.IdentifyStep] Additional implementations for ExternalDependencyInstrumentingArtifactTransform: /Users/claratorres1414/.gradle/caches/9.5.1/transforms/7c7f8b22d1425ef4d1d91ed36cd2cbf5/transformed/.gradle-instrumented-classpath.marker: []
2026-08-21T16:48:36.127-0300 [DEBUG] [org.gradle.internal.execution.steps.IdentifyStep] Implementation for MergeInstrumentationAnalysisTransform: /Users/claratorres1414/.gradle/caches/9.5.1/transforms/1453a8be40a884a2e394d9bed2e6e918/transformed/analysis/instrumentation-dependencies.bin: org.gradle.api.internal.initialization.transform.MergeInstrumentationAnalysisTransform@12e53c4dcaf376ce9cae4cc1ce1513e1
2026-08-21T16:48:36.128-0300 [DEBUG] [org.gradle.internal.execution.steps.IdentifyStep] Additional implementations for MergeInstrumentationAnalysisTransform: /Users/claratorres1414/.gradle/caches/9.5.1/transforms/1453a8be40a884a2e394d9bed2e6e918/transformed/analysis/instrumentation-dependencies.bin: []
2026-08-21T16:48:36.127-0300 [DEBUG] [org.gradle.internal.execution.steps.IdentifyStep] Implementation for MergeInstrumentationAnalysisTransform: /Users/claratorres1414/.gradle/caches/9.5.1/transforms/99666762a7d740593854225d90544d56/transformed/.gradle-instrumented-classpath.marker: org.gradle.api.internal.initialization.transform.MergeInstrumentationAnalysisTransform@12e53c4dcaf376ce9cae4cc1ce1513e1
2026-08-21T16:48:36.128-0300 [DEBUG] [org.gradle.internal.execution.steps.IdentifyStep] Additional implementations for MergeInstrumentationAnalysisTransform: /Users/claratorres1414/.gradle/caches/9.5.1/transforms/99666762a7d740593854225d90544d56/transformed/.gradle-instrumented-classpath.marker: []
2026-08-21T16:48:36.127-0300 [DEBUG] [org.gradle.internal.execution.steps.IdentifyStep] Implementation for MergeInstrumentationAnalysisTransform: /Users/claratorres1414/.gradle/caches/9.5.1/transforms/edd5fc1b260e1b8ac20e6a0e0dd66685/transformed/analysis/instrumentation-hierarchy.bin: org.gradle.api.internal.initialization.transform.MergeInstrumentationAnalysisTransform@12e53c4dcaf376ce9cae4cc1ce1513e1
2026-08-21T16:48:36.128-0300 [DEBUG] [org.gradle.internal.execution.steps.IdentifyStep] Additional implementations for MergeInstrumentationAnalysisTransform: /Users/claratorres1414/.gradle/caches/9.5.1/transforms/edd5fc1b260e1b8ac20e6a0e0dd66685/transformed/analysis/instrumentation-hierarchy.bin: []
2026-08-21T16:48:36.128-0300 [DEBUG] [org.gradle.internal.operations.DefaultBuildOperationRunner] Build operation 'Execute transform chain: spring-boot-buildpack-platform-4.1.0.jar (org.springframework.boot:spring-boot-buildpack-platform:4.1.0)' completed
2026-08-21T16:48:36.127-0300 [DEBUG] [org.gradle.internal.execution.steps.IdentifyStep] Implementation for MergeInstrumentationAnalysisTransform: /Users/claratorres1414/.gradle/caches/9.5.1/transforms/2521a7a2c987dcc68ce10a0a4f08ca58/transformed/analysis/instrumentation-hierarchy.bin: org.gradle.api.internal.initialization.transform.MergeInstrumentationAnalysisTransform@12e53c4dcaf376ce9cae4cc1ce1513e1
2026-08-21T16:48:36.128-0300 [DEBUG] [org.gradle.internal.execution.steps.IdentifyStep] Additional implementations for MergeInstrumentationAnalysisTransform: /Users/claratorres1414/.gradle/caches/9.5.1/transforms/2521a7a2c987dcc68ce10a0a4f08ca58/transformed/analysis/instrumentation-hierarchy.bin: []
2026-08-21T16:48:36.128-0300 [DEBUG] [org.gradle.internal.execution.steps.IdentifyStep] Implementation for MergeInstrumentationAnalysisTransform: /Users/claratorres1414/.gradle/caches/9.5.1/transforms/f05e8afde4569a91a13e1ba5b34c3494/transformed/.gradle-instrumented-classpath.marker: org.gradle.api.internal.initialization.transform.MergeInstrumentationAnalysisTransform@12e53c4dcaf376ce9cae4cc1ce1513e1
2026-08-21T16:48:36.129-0300 [DEBUG] [org.gradle.internal.execution.steps.IdentifyStep] Additional implementations for MergeInstrumentationAnalysisTransform: /Users/claratorres1414/.gradle/caches/9.5.1/transforms/f05e8afde4569a91a13e1ba5b34c3494/transformed/.gradle-instrumented-classpath.marker: []
2026-08-21T16:48:36.128-0300 [DEBUG] [org.gradle.internal.execution.steps.IdentifyStep] Implementation for MergeInstrumentationAnalysisTransform: /Users/claratorres1414/.gradle/caches/9.5.1/transforms/edd5fc1b260e1b8ac20e6a0e0dd66685/transformed/analysis/instrumentation-dependencies.bin: org.gradle.api.internal.initialization.transform.MergeInstrumentationAnalysisTransform@12e53c4dcaf376ce9cae4cc1ce1513e1
2026-08-21T16:48:36.129-0300 [DEBUG] [org.gradle.internal.execution.steps.IdentifyStep] Additional implementations for MergeInstrumentationAnalysisTransform: /Users/claratorres1414/.gradle/caches/9.5.1/transforms/edd5fc1b260e1b8ac20e6a0e0dd66685/transformed/analysis/instrumentation-dependencies.bin: []
2026-08-21T16:48:36.128-0300 [DEBUG] [org.gradle.internal.execution.steps.IdentifyStep] Implementation for MergeInstrumentationAnalysisTransform: /Users/claratorres1414/.gradle/caches/9.5.1/transforms/99666762a7d740593854225d90544d56/transformed/analysis/instrumentation-hierarchy.bin: org.gradle.api.internal.initialization.transform.MergeInstrumentationAnalysisTransform@12e53c4dcaf376ce9cae4cc1ce1513e1
2026-08-21T16:48:36.129-0300 [DEBUG] [org.gradle.internal.execution.steps.IdentifyStep] Additional implementations for MergeInstrumentationAnalysisTransform: /Users/claratorres1414/.gradle/caches/9.5.1/transforms/99666762a7d740593854225d90544d56/transformed/analysis/instrumentation-hierarchy.bin: []
2026-08-21T16:48:36.128-0300 [DEBUG] [org.gradle.internal.execution.steps.IdentifyStep] Implementation for MergeInstrumentationAnalysisTransform: /Users/claratorres1414/.gradle/caches/modules-2/files-2.1/org.tomlj/tomlj/1.0.0/d1922fb5e672e04d8e8d8dac0b058b1897e6e940/tomlj-1.0.0.jar: org.gradle.api.internal.initialization.transform.MergeInstrumentationAnalysisTransform@12e53c4dcaf376ce9cae4cc1ce1513e1
2026-08-21T16:48:36.129-0300 [DEBUG] [org.gradle.internal.execution.steps.IdentifyStep] Additional implementations for MergeInstrumentationAnalysisTransform: /Users/claratorres1414/.gradle/caches/modules-2/files-2.1/org.tomlj/tomlj/1.0.0/d1922fb5e672e04d8e8d8dac0b058b1897e6e940/tomlj-1.0.0.jar: []
2026-08-21T16:48:36.128-0300 [DEBUG] [org.gradle.internal.execution.steps.IdentifyStep] Implementation for ExternalDependencyInstrumentingArtifactTransform: /Users/claratorres1414/.gradle/caches/9.5.1/transforms/7c7f8b22d1425ef4d1d91ed36cd2cbf5/transformed/merge/instrumentation-dependencies.bin: org.gradle.api.internal.initialization.transform.ExternalDependencyInstrumentingArtifactTransform@12e53c4dcaf376ce9cae4cc1ce1513e1
2026-08-21T16:48:36.129-0300 [DEBUG] [org.gradle.internal.execution.steps.IdentifyStep] Additional implementations for ExternalDependencyInstrumentingArtifactTransform: /Users/claratorres1414/.gradle/caches/9.5.1/transforms/7c7f8b22d1425ef4d1d91ed36cd2cbf5/transformed/merge/instrumentation-dependencies.bin: []
2026-08-21T16:48:36.128-0300 [DEBUG] [org.gradle.internal.execution.steps.IdentifyStep] Implementation for ExternalDependencyInstrumentingArtifactTransform: /Users/claratorres1414/.gradle/caches/9.5.1/transforms/20a10687c17030a3212f27498fd4affa/transformed/merge/instrumentation-dependencies.bin: org.gradle.api.internal.initialization.transform.ExternalDependencyInstrumentingArtifactTransform@12e53c4dcaf376ce9cae4cc1ce1513e1
2026-08-21T16:48:36.129-0300 [DEBUG] [org.gradle.internal.execution.steps.IdentifyStep] Additional implementations for ExternalDependencyInstrumentingArtifactTransform: /Users/claratorres1414/.gradle/caches/9.5.1/transforms/20a10687c17030a3212f27498fd4affa/transformed/merge/instrumentation-dependencies.bin: []
2026-08-21T16:48:36.129-0300 [DEBUG] [org.gradle.internal.execution.steps.IdentifyStep] Implementation for ExternalDependencyInstrumentingArtifactTransform: /Users/claratorres1414/.gradle/caches/modules-2/files-2.1/org.springframework/spring-core/7.0.8/25f5ebd179f92d7d12779e3761c96da4b0109ad/spring-core-7.0.8.jar: org.gradle.api.internal.initialization.transform.ExternalDependencyInstrumentingArtifactTransform@12e53c4dcaf376ce9cae4cc1ce1513e1
2026-08-21T16:48:36.129-0300 [DEBUG] [org.gradle.internal.execution.steps.IdentifyStep] Additional implementations for ExternalDependencyInstrumentingArtifactTransform: /Users/claratorres1414/.gradle/caches/modules-2/files-2.1/org.springframework/spring-core/7.0.8/25f5ebd179f92d7d12779e3761c96da4b0109ad/spring-core-7.0.8.jar: []
2026-08-21T16:48:36.128-0300 [DEBUG] [org.gradle.internal.execution.steps.IdentifyStep] Implementation for ExternalDependencyInstrumentingArtifactTransform: /Users/claratorres1414/.gradle/caches/modules-2/files-2.1/org.apache.commons/commons-compress/1.27.1/a19151084758e2fbb6b41eddaa88e7b8ff4e6599/commons-compress-1.27.1.jar: org.gradle.api.internal.initialization.transform.ExternalDependencyInstrumentingArtifactTransform@12e53c4dcaf376ce9cae4cc1ce1513e1
2026-08-21T16:48:36.129-0300 [DEBUG] [org.gradle.internal.execution.steps.IdentifyStep] Additional implementations for ExternalDependencyInstrumentingArtifactTransform: /Users/claratorres1414/.gradle/caches/modules-2/files-2.1/org.apache.commons/commons-compress/1.27.1/a19151084758e2fbb6b41eddaa88e7b8ff4e6599/commons-compress-1.27.1.jar: []
2026-08-21T16:48:36.128-0300 [DEBUG] [org.gradle.internal.execution.steps.IdentifyStep] Implementation for MergeInstrumentationAnalysisTransform: /Users/claratorres1414/.gradle/caches/9.5.1/transforms/dc38cb7fafd6887dfe0b48b58d9cb438/transformed/analysis/instrumentation-dependencies.bin: org.gradle.api.internal.initialization.transform.MergeInstrumentationAnalysisTransform@12e53c4dcaf376ce9cae4cc1ce1513e1
2026-08-21T16:48:36.128-0300 [DEBUG] [org.gradle.internal.execution.steps.IdentifyStep] Implementation for InstrumentationAnalysisTransform: /Users/claratorres1414/.gradle/caches/modules-2/files-2.1/commons-logging/commons-logging/1.3.5/a3fcc5d3c29b2b03433aa2d2f2d2c1b1638924a1/commons-logging-1.3.5.jar: org.gradle.api.internal.initialization.transform.InstrumentationAnalysisTransform@12e53c4dcaf376ce9cae4cc1ce1513e1
2026-08-21T16:48:36.128-0300 [DEBUG] [org.gradle.internal.execution.steps.IdentifyStep] Implementation for ExternalDependencyInstrumentingArtifactTransform: /Users/claratorres1414/.gradle/caches/9.5.1/transforms/9da32ad3f5c7d9af65f83124728a2695/transformed/.gradle-instrumented-classpath.marker: org.gradle.api.internal.initialization.transform.ExternalDependencyInstrumentingArtifactTransform@12e53c4dcaf376ce9cae4cc1ce1513e1
2026-08-21T16:48:36.129-0300 [DEBUG] [org.gradle.internal.execution.steps.IdentifyStep] Additional implementations for InstrumentationAnalysisTransform: /Users/claratorres1414/.gradle/caches/modules-2/files-2.1/commons-logging/commons-logging/1.3.5/a3fcc5d3c29b2b03433aa2d2f2d2c1b1638924a1/commons-logging-1.3.5.jar: []
2026-08-21T16:48:36.129-0300 [DEBUG] [org.gradle.internal.execution.steps.IdentifyStep] Additional implementations for MergeInstrumentationAnalysisTransform: /Users/claratorres1414/.gradle/caches/9.5.1/transforms/dc38cb7fafd6887dfe0b48b58d9cb438/transformed/analysis/instrumentation-dependencies.bin: []
2026-08-21T16:48:36.129-0300 [DEBUG] [org.gradle.internal.operations.DefaultBuildOperationRunner] Build operation 'Execute transform chain: spring-boot-loader-tools-4.1.0.jar (org.springframework.boot:spring-boot-loader-tools:4.1.0)' completed
2026-08-21T16:48:36.130-0300 [DEBUG] [org.gradle.internal.operations.DefaultBuildOperationRunner] Build operation 'Execute transform chain: commons-compress-1.27.1.jar (org.apache.commons:commons-compress:1.27.1)' completed
2026-08-21T16:48:36.130-0300 [DEBUG] [org.gradle.internal.operations.DefaultBuildOperationRunner] Build operation 'Execute transform chain: spring-core-7.0.8.jar (org.springframework:spring-core:7.0.8)' completed
2026-08-21T16:48:36.129-0300 [DEBUG] [org.gradle.internal.execution.steps.IdentifyStep] Implementation for ExternalDependencyInstrumentingArtifactTransform: /Users/claratorres1414/.gradle/caches/modules-2/files-2.1/org.apache.httpcomponents.client5/httpclient5/5.6.1/b418ba210ace28adf920f1decf64d673953d07cf/httpclient5-5.6.1.jar: org.gradle.api.internal.initialization.transform.ExternalDependencyInstrumentingArtifactTransform@12e53c4dcaf376ce9cae4cc1ce1513e1
2026-08-21T16:48:36.129-0300 [DEBUG] [org.gradle.internal.execution.steps.IdentifyStep] Implementation for ExternalDependencyInstrumentingArtifactTransform: /Users/claratorres1414/.gradle/caches/9.5.1/transforms/d154dcae1209da779cc5855a0e352f50/transformed/.gradle-instrumented-classpath.marker: org.gradle.api.internal.initialization.transform.ExternalDependencyInstrumentingArtifactTransform@12e53c4dcaf376ce9cae4cc1ce1513e1
2026-08-21T16:48:36.129-0300 [DEBUG] [org.gradle.internal.execution.steps.IdentifyStep] Implementation for MergeInstrumentationAnalysisTransform: /Users/claratorres1414/.gradle/caches/9.5.1/transforms/99666762a7d740593854225d90544d56/transformed/analysis/instrumentation-dependencies.bin: org.gradle.api.internal.initialization.transform.MergeInstrumentationAnalysisTransform@12e53c4dcaf376ce9cae4cc1ce1513e1
2026-08-21T16:48:36.129-0300 [DEBUG] [org.gradle.internal.execution.steps.IdentifyStep] Implementation for MergeInstrumentationAnalysisTransform: /Users/claratorres1414/.gradle/caches/modules-2/files-2.1/tools.jackson.core/jackson-core/3.1.4/f9fd39204bd3d4922b42f6a54b81f46bd8ed575a/jackson-core-3.1.4.jar: org.gradle.api.internal.initialization.transform.MergeInstrumentationAnalysisTransform@12e53c4dcaf376ce9cae4cc1ce1513e1
2026-08-21T16:48:36.130-0300 [DEBUG] [org.gradle.internal.execution.steps.IdentifyStep] Additional implementations for MergeInstrumentationAnalysisTransform: /Users/claratorres1414/.gradle/caches/modules-2/files-2.1/tools.jackson.core/jackson-core/3.1.4/f9fd39204bd3d4922b42f6a54b81f46bd8ed575a/jackson-core-3.1.4.jar: []
2026-08-21T16:48:36.129-0300 [DEBUG] [org.gradle.internal.execution.steps.IdentifyStep] Implementation for MergeInstrumentationAnalysisTransform: /Users/claratorres1414/.gradle/caches/9.5.1/transforms/f05e8afde4569a91a13e1ba5b34c3494/transformed/analysis/instrumentation-hierarchy.bin: org.gradle.api.internal.initialization.transform.MergeInstrumentationAnalysisTransform@12e53c4dcaf376ce9cae4cc1ce1513e1
2026-08-21T16:48:36.130-0300 [DEBUG] [org.gradle.internal.execution.steps.IdentifyStep] Additional implementations for MergeInstrumentationAnalysisTransform: /Users/claratorres1414/.gradle/caches/9.5.1/transforms/f05e8afde4569a91a13e1ba5b34c3494/transformed/analysis/instrumentation-hierarchy.bin: []
2026-08-21T16:48:36.129-0300 [DEBUG] [org.gradle.internal.execution.steps.IdentifyStep] Implementation for MergeInstrumentationAnalysisTransform: /Users/claratorres1414/.gradle/caches/9.5.1/transforms/2521a7a2c987dcc68ce10a0a4f08ca58/transformed/analysis/instrumentation-dependencies.bin: org.gradle.api.internal.initialization.transform.MergeInstrumentationAnalysisTransform@12e53c4dcaf376ce9cae4cc1ce1513e1
2026-08-21T16:48:36.130-0300 [DEBUG] [org.gradle.internal.execution.steps.IdentifyStep] Additional implementations for MergeInstrumentationAnalysisTransform: /Users/claratorres1414/.gradle/caches/9.5.1/transforms/2521a7a2c987dcc68ce10a0a4f08ca58/transformed/analysis/instrumentation-dependencies.bin: []
2026-08-21T16:48:36.130-0300 [DEBUG] [org.gradle.internal.execution.steps.IdentifyStep] Implementation for MergeInstrumentationAnalysisTransform: /Users/claratorres1414/.gradle/caches/9.5.1/transforms/f05e8afde4569a91a13e1ba5b34c3494/transformed/analysis/instrumentation-dependencies.bin: org.gradle.api.internal.initialization.transform.MergeInstrumentationAnalysisTransform@12e53c4dcaf376ce9cae4cc1ce1513e1
2026-08-21T16:48:36.130-0300 [DEBUG] [org.gradle.internal.execution.steps.IdentifyStep] Additional implementations for MergeInstrumentationAnalysisTransform: /Users/claratorres1414/.gradle/caches/9.5.1/transforms/f05e8afde4569a91a13e1ba5b34c3494/transformed/analysis/instrumentation-dependencies.bin: []
2026-08-21T16:48:36.130-0300 [DEBUG] [org.gradle.internal.execution.steps.IdentifyStep] Implementation for ExternalDependencyInstrumentingArtifactTransform: /Users/claratorres1414/.gradle/caches/9.5.1/transforms/7b4b5d7181ccbdc467e8dae3cd43cf59/transformed/.gradle-instrumented-classpath.marker: org.gradle.api.internal.initialization.transform.ExternalDependencyInstrumentingArtifactTransform@12e53c4dcaf376ce9cae4cc1ce1513e1
2026-08-21T16:48:36.130-0300 [DEBUG] [org.gradle.internal.execution.steps.IdentifyStep] Additional implementations for MergeInstrumentationAnalysisTransform: /Users/claratorres1414/.gradle/caches/9.5.1/transforms/99666762a7d740593854225d90544d56/transformed/analysis/instrumentation-dependencies.bin: []
2026-08-21T16:48:36.130-0300 [DEBUG] [org.gradle.internal.execution.steps.IdentifyStep] Additional implementations for ExternalDependencyInstrumentingArtifactTransform: /Users/claratorres1414/.gradle/caches/9.5.1/transforms/d154dcae1209da779cc5855a0e352f50/transformed/.gradle-instrumented-classpath.marker: []
2026-08-21T16:48:36.130-0300 [DEBUG] [org.gradle.internal.execution.steps.IdentifyStep] Additional implementations for ExternalDependencyInstrumentingArtifactTransform: /Users/claratorres1414/.gradle/caches/modules-2/files-2.1/org.apache.httpcomponents.client5/httpclient5/5.6.1/b418ba210ace28adf920f1decf64d673953d07cf/httpclient5-5.6.1.jar: []
2026-08-21T16:48:36.130-0300 [DEBUG] [org.gradle.internal.execution.steps.IdentifyStep] Implementation for ExternalDependencyInstrumentingArtifactTransform: /Users/claratorres1414/.gradle/caches/9.5.1/transforms/d154dcae1209da779cc5855a0e352f50/transformed/merge/instrumentation-dependencies.bin: org.gradle.api.internal.initialization.transform.ExternalDependencyInstrumentingArtifactTransform@12e53c4dcaf376ce9cae4cc1ce1513e1
2026-08-21T16:48:36.131-0300 [DEBUG] [org.gradle.internal.execution.steps.IdentifyStep] Additional implementations for ExternalDependencyInstrumentingArtifactTransform: /Users/claratorres1414/.gradle/caches/9.5.1/transforms/d154dcae1209da779cc5855a0e352f50/transformed/merge/instrumentation-dependencies.bin: []
2026-08-21T16:48:36.130-0300 [DEBUG] [org.gradle.internal.resources.AbstractTrackedResourceLock] Build operations Thread 6: released lock on worker lease
2026-08-21T16:48:36.130-0300 [DEBUG] [org.gradle.internal.execution.steps.IdentifyStep] Implementation for InstrumentationAnalysisTransform: /Users/claratorres1414/.gradle/caches/modules-2/files-2.1/org.jspecify/jspecify/1.0.0/7425a601c1c7ec76645a78d22b8c6a627edee507/jspecify-1.0.0.jar: org.gradle.api.internal.initialization.transform.InstrumentationAnalysisTransform@12e53c4dcaf376ce9cae4cc1ce1513e1
2026-08-21T16:48:36.130-0300 [DEBUG] [org.gradle.internal.execution.steps.IdentifyStep] Implementation for MergeInstrumentationAnalysisTransform: /Users/claratorres1414/.gradle/caches/modules-2/files-2.1/tools.jackson.core/jackson-databind/3.1.4/c7be3c757289893a791b2a4967ec09d1a8b6c576/jackson-databind-3.1.4.jar: org.gradle.api.internal.initialization.transform.MergeInstrumentationAnalysisTransform@12e53c4dcaf376ce9cae4cc1ce1513e1
2026-08-21T16:48:36.129-0300 [DEBUG] [org.gradle.internal.execution.steps.IdentifyStep] Additional implementations for ExternalDependencyInstrumentingArtifactTransform: /Users/claratorres1414/.gradle/caches/9.5.1/transforms/9da32ad3f5c7d9af65f83124728a2695/transformed/.gradle-instrumented-classpath.marker: []
2026-08-21T16:48:36.131-0300 [DEBUG] [org.gradle.internal.execution.steps.IdentifyStep] Implementation for MergeInstrumentationAnalysisTransform: /Users/claratorres1414/.gradle/caches/9.5.1/transforms/6879f444975462f2359803a0f8b08a58/transformed/.gradle-instrumented-classpath.marker: org.gradle.api.internal.initialization.transform.MergeInstrumentationAnalysisTransform@12e53c4dcaf376ce9cae4cc1ce1513e1
2026-08-21T16:48:36.131-0300 [DEBUG] [org.gradle.internal.execution.steps.IdentifyStep] Additional implementations for MergeInstrumentationAnalysisTransform: /Users/claratorres1414/.gradle/caches/modules-2/files-2.1/tools.jackson.core/jackson-databind/3.1.4/c7be3c757289893a791b2a4967ec09d1a8b6c576/jackson-databind-3.1.4.jar: []
2026-08-21T16:48:36.131-0300 [DEBUG] [org.gradle.internal.execution.steps.IdentifyStep] Additional implementations for InstrumentationAnalysisTransform: /Users/claratorres1414/.gradle/caches/modules-2/files-2.1/org.jspecify/jspecify/1.0.0/7425a601c1c7ec76645a78d22b8c6a627edee507/jspecify-1.0.0.jar: []
2026-08-21T16:48:36.131-0300 [DEBUG] [org.gradle.internal.execution.steps.IdentifyStep] Implementation for MergeInstrumentationAnalysisTransform: /Users/claratorres1414/.gradle/caches/9.5.1/transforms/36a8b1e731658da494f99ad80f8cbfc5/transformed/.gradle-instrumented-classpath.marker: org.gradle.api.internal.initialization.transform.MergeInstrumentationAnalysisTransform@12e53c4dcaf376ce9cae4cc1ce1513e1
2026-08-21T16:48:36.131-0300 [DEBUG] [org.gradle.internal.execution.steps.IdentifyStep] Implementation for ExternalDependencyInstrumentingArtifactTransform: /Users/claratorres1414/.gradle/caches/modules-2/files-2.1/org.tomlj/tomlj/1.0.0/d1922fb5e672e04d8e8d8dac0b058b1897e6e940/tomlj-1.0.0.jar: org.gradle.api.internal.initialization.transform.ExternalDependencyInstrumentingArtifactTransform@12e53c4dcaf376ce9cae4cc1ce1513e1
2026-08-21T16:48:36.131-0300 [DEBUG] [org.gradle.internal.operations.DefaultBuildOperationRunner] Build operation 'Execute transform chain: httpclient5-5.6.1.jar (org.apache.httpcomponents.client5:httpclient5:5.6.1)' completed
2026-08-21T16:48:36.130-0300 [DEBUG] [org.gradle.internal.execution.steps.IdentifyStep] Implementation for MergeInstrumentationAnalysisTransform: /Users/claratorres1414/.gradle/caches/modules-2/files-2.1/commons-codec/commons-codec/1.17.1/973638b7149d333563584137ebf13a691bb60579/commons-codec-1.17.1.jar: org.gradle.api.internal.initialization.transform.MergeInstrumentationAnalysisTransform@12e53c4dcaf376ce9cae4cc1ce1513e1
2026-08-21T16:48:36.130-0300 [DEBUG] [org.gradle.internal.execution.steps.IdentifyStep] Additional implementations for ExternalDependencyInstrumentingArtifactTransform: /Users/claratorres1414/.gradle/caches/9.5.1/transforms/7b4b5d7181ccbdc467e8dae3cd43cf59/transformed/.gradle-instrumented-classpath.marker: []
2026-08-21T16:48:36.130-0300 [DEBUG] [org.gradle.internal.execution.steps.IdentifyStep] Implementation for MergeInstrumentationAnalysisTransform: /Users/claratorres1414/.gradle/caches/modules-2/files-2.1/commons-io/commons-io/2.16.1/377d592e740dc77124e0901291dbfaa6810a200e/commons-io-2.16.1.jar: org.gradle.api.internal.initialization.transform.MergeInstrumentationAnalysisTransform@12e53c4dcaf376ce9cae4cc1ce1513e1
2026-08-21T16:48:36.130-0300 [DEBUG] [org.gradle.internal.execution.steps.IdentifyStep] Implementation for MergeInstrumentationAnalysisTransform: /Users/claratorres1414/.gradle/caches/modules-2/files-2.1/net.java.dev.jna/jna-platform/5.17.0/a4934c44d25a9d8c2ddf4203affd20330cb3426f/jna-platform-5.17.0.jar: org.gradle.api.internal.initialization.transform.MergeInstrumentationAnalysisTransform@12e53c4dcaf376ce9cae4cc1ce1513e1
2026-08-21T16:48:36.131-0300 [DEBUG] [org.gradle.internal.execution.steps.IdentifyStep] Additional implementations for MergeInstrumentationAnalysisTransform: /Users/claratorres1414/.gradle/caches/modules-2/files-2.1/net.java.dev.jna/jna-platform/5.17.0/a4934c44d25a9d8c2ddf4203affd20330cb3426f/jna-platform-5.17.0.jar: []
2026-08-21T16:48:36.131-0300 [DEBUG] [org.gradle.internal.execution.steps.IdentifyStep] Implementation for ExternalDependencyInstrumentingArtifactTransform: /Users/claratorres1414/.gradle/caches/9.5.1/transforms/7b4b5d7181ccbdc467e8dae3cd43cf59/transformed/merge/instrumentation-dependencies.bin: org.gradle.api.internal.initialization.transform.ExternalDependencyInstrumentingArtifactTransform@12e53c4dcaf376ce9cae4cc1ce1513e1
2026-08-21T16:48:36.131-0300 [DEBUG] [org.gradle.internal.execution.steps.IdentifyStep] Additional implementations for MergeInstrumentationAnalysisTransform: /Users/claratorres1414/.gradle/caches/modules-2/files-2.1/commons-io/commons-io/2.16.1/377d592e740dc77124e0901291dbfaa6810a200e/commons-io-2.16.1.jar: []
2026-08-21T16:48:36.131-0300 [DEBUG] [org.gradle.internal.execution.steps.IdentifyStep] Additional implementations for MergeInstrumentationAnalysisTransform: /Users/claratorres1414/.gradle/caches/modules-2/files-2.1/commons-codec/commons-codec/1.17.1/973638b7149d333563584137ebf13a691bb60579/commons-codec-1.17.1.jar: []
2026-08-21T16:48:36.131-0300 [DEBUG] [org.gradle.internal.execution.steps.IdentifyStep] Implementation for MergeInstrumentationAnalysisTransform: /Users/claratorres1414/.gradle/caches/9.5.1/transforms/586b7728c0b94e79832e6e75ba10f033/transformed/.gradle-instrumented-classpath.marker: org.gradle.api.internal.initialization.transform.MergeInstrumentationAnalysisTransform@12e53c4dcaf376ce9cae4cc1ce1513e1
2026-08-21T16:48:36.132-0300 [DEBUG] [org.gradle.internal.execution.steps.IdentifyStep] Additional implementations for MergeInstrumentationAnalysisTransform: /Users/claratorres1414/.gradle/caches/9.5.1/transforms/586b7728c0b94e79832e6e75ba10f033/transformed/.gradle-instrumented-classpath.marker: []
2026-08-21T16:48:36.131-0300 [DEBUG] [org.gradle.internal.execution.steps.IdentifyStep] Additional implementations for ExternalDependencyInstrumentingArtifactTransform: /Users/claratorres1414/.gradle/caches/modules-2/files-2.1/org.tomlj/tomlj/1.0.0/d1922fb5e672e04d8e8d8dac0b058b1897e6e940/tomlj-1.0.0.jar: []
2026-08-21T16:48:36.131-0300 [DEBUG] [org.gradle.internal.resources.AbstractTrackedResourceLock] Build operations Thread 6: acquired lock on worker lease
2026-08-21T16:48:36.131-0300 [DEBUG] [org.gradle.internal.execution.steps.IdentifyStep] Implementation for InstrumentationAnalysisTransform: /Users/claratorres1414/.gradle/caches/modules-2/files-2.1/net.java.dev.jna/jna/5.17.0/33d12735bef894440780fce64f9758d420c7bae2/jna-5.17.0.jar: org.gradle.api.internal.initialization.transform.InstrumentationAnalysisTransform@12e53c4dcaf376ce9cae4cc1ce1513e1
2026-08-21T16:48:36.131-0300 [DEBUG] [org.gradle.internal.execution.steps.IdentifyStep] Additional implementations for MergeInstrumentationAnalysisTransform: /Users/claratorres1414/.gradle/caches/9.5.1/transforms/36a8b1e731658da494f99ad80f8cbfc5/transformed/.gradle-instrumented-classpath.marker: []
2026-08-21T16:48:36.131-0300 [DEBUG] [org.gradle.internal.execution.steps.IdentifyStep] Implementation for ExternalDependencyInstrumentingArtifactTransform: /Users/claratorres1414/.gradle/caches/9.5.1/transforms/790adb4cb1149fcf3e99808e5bba686e/transformed/.gradle-instrumented-classpath.marker: org.gradle.api.internal.initialization.transform.ExternalDependencyInstrumentingArtifactTransform@12e53c4dcaf376ce9cae4cc1ce1513e1
2026-08-21T16:48:36.132-0300 [DEBUG] [org.gradle.internal.execution.steps.IdentifyStep] Additional implementations for ExternalDependencyInstrumentingArtifactTransform: /Users/claratorres1414/.gradle/caches/9.5.1/transforms/790adb4cb1149fcf3e99808e5bba686e/transformed/.gradle-instrumented-classpath.marker: []
2026-08-21T16:48:36.131-0300 [DEBUG] [org.gradle.internal.execution.steps.IdentifyStep] Implementation for ExternalDependencyInstrumentingArtifactTransform: /Users/claratorres1414/.gradle/caches/9.5.1/transforms/9da32ad3f5c7d9af65f83124728a2695/transformed/merge/instrumentation-dependencies.bin: org.gradle.api.internal.initialization.transform.ExternalDependencyInstrumentingArtifactTransform@12e53c4dcaf376ce9cae4cc1ce1513e1
2026-08-21T16:48:36.132-0300 [DEBUG] [org.gradle.internal.execution.steps.IdentifyStep] Additional implementations for ExternalDependencyInstrumentingArtifactTransform: /Users/claratorres1414/.gradle/caches/9.5.1/transforms/9da32ad3f5c7d9af65f83124728a2695/transformed/merge/instrumentation-dependencies.bin: []
2026-08-21T16:48:36.131-0300 [DEBUG] [org.gradle.internal.execution.steps.IdentifyStep] Additional implementations for MergeInstrumentationAnalysisTransform: /Users/claratorres1414/.gradle/caches/9.5.1/transforms/6879f444975462f2359803a0f8b08a58/transformed/.gradle-instrumented-classpath.marker: []
2026-08-21T16:48:36.132-0300 [DEBUG] [org.gradle.internal.execution.steps.IdentifyStep] Implementation for ExternalDependencyInstrumentingArtifactTransform: /Users/claratorres1414/.gradle/caches/modules-2/files-2.1/io.spring.gradle/dependency-management-plugin/1.1.7/6afc1b5cbc631be173fe497b528d8154479e9371/dependency-management-plugin-1.1.7.jar: org.gradle.api.internal.initialization.transform.ExternalDependencyInstrumentingArtifactTransform@12e53c4dcaf376ce9cae4cc1ce1513e1
2026-08-21T16:48:36.132-0300 [DEBUG] [org.gradle.internal.execution.steps.IdentifyStep] Implementation for ExternalDependencyInstrumentingArtifactTransform: /Users/claratorres1414/.gradle/caches/9.5.1/transforms/790adb4cb1149fcf3e99808e5bba686e/transformed/merge/instrumentation-dependencies.bin: org.gradle.api.internal.initialization.transform.ExternalDependencyInstrumentingArtifactTransform@12e53c4dcaf376ce9cae4cc1ce1513e1
2026-08-21T16:48:36.132-0300 [DEBUG] [org.gradle.internal.execution.steps.IdentifyStep] Additional implementations for ExternalDependencyInstrumentingArtifactTransform: /Users/claratorres1414/.gradle/caches/9.5.1/transforms/790adb4cb1149fcf3e99808e5bba686e/transformed/merge/instrumentation-dependencies.bin: []
2026-08-21T16:48:36.132-0300 [DEBUG] [org.gradle.internal.execution.steps.IdentifyStep] Implementation for MergeInstrumentationAnalysisTransform: /Users/claratorres1414/.gradle/caches/9.5.1/transforms/36a8b1e731658da494f99ad80f8cbfc5/transformed/analysis/instrumentation-hierarchy.bin: org.gradle.api.internal.initialization.transform.MergeInstrumentationAnalysisTransform@12e53c4dcaf376ce9cae4cc1ce1513e1
2026-08-21T16:48:36.132-0300 [DEBUG] [org.gradle.internal.execution.steps.IdentifyStep] Additional implementations for MergeInstrumentationAnalysisTransform: /Users/claratorres1414/.gradle/caches/9.5.1/transforms/36a8b1e731658da494f99ad80f8cbfc5/transformed/analysis/instrumentation-hierarchy.bin: []
2026-08-21T16:48:36.132-0300 [DEBUG] [org.gradle.internal.execution.steps.IdentifyStep] Additional implementations for InstrumentationAnalysisTransform: /Users/claratorres1414/.gradle/caches/modules-2/files-2.1/net.java.dev.jna/jna/5.17.0/33d12735bef894440780fce64f9758d420c7bae2/jna-5.17.0.jar: []
2026-08-21T16:48:36.132-0300 [DEBUG] [org.gradle.internal.resources.AbstractTrackedResourceLock] Build operations Thread 6: released lock on worker lease
2026-08-21T16:48:36.132-0300 [DEBUG] [org.gradle.internal.operations.DefaultBuildOperationRunner] Build operation 'Execute transform chain: tomlj-1.0.0.jar (org.tomlj:tomlj:1.0.0)' completed
2026-08-21T16:48:36.132-0300 [DEBUG] [org.gradle.internal.execution.steps.IdentifyStep] Implementation for MergeInstrumentationAnalysisTransform: /Users/claratorres1414/.gradle/caches/9.5.1/transforms/586b7728c0b94e79832e6e75ba10f033/transformed/analysis/instrumentation-hierarchy.bin: org.gradle.api.internal.initialization.transform.MergeInstrumentationAnalysisTransform@12e53c4dcaf376ce9cae4cc1ce1513e1
2026-08-21T16:48:36.132-0300 [DEBUG] [org.gradle.internal.execution.steps.IdentifyStep] Implementation for ExternalDependencyInstrumentingArtifactTransform: /Users/claratorres1414/.gradle/caches/9.5.1/transforms/ee0267cb3639f0d453a62d67691d6ba8/transformed/.gradle-instrumented-classpath.marker: org.gradle.api.internal.initialization.transform.ExternalDependencyInstrumentingArtifactTransform@12e53c4dcaf376ce9cae4cc1ce1513e1
2026-08-21T16:48:36.132-0300 [DEBUG] [org.gradle.internal.execution.steps.IdentifyStep] Implementation for ExternalDependencyInstrumentingArtifactTransform: /Users/claratorres1414/.gradle/caches/9.5.1/transforms/a60840c2244ea079123d3fd0ef1d8222/transformed/.gradle-instrumented-classpath.marker: org.gradle.api.internal.initialization.transform.ExternalDependencyInstrumentingArtifactTransform@12e53c4dcaf376ce9cae4cc1ce1513e1
2026-08-21T16:48:36.133-0300 [DEBUG] [org.gradle.internal.execution.steps.IdentifyStep] Additional implementations for ExternalDependencyInstrumentingArtifactTransform: /Users/claratorres1414/.gradle/caches/9.5.1/transforms/a60840c2244ea079123d3fd0ef1d8222/transformed/.gradle-instrumented-classpath.marker: []
2026-08-21T16:48:36.131-0300 [DEBUG] [org.gradle.internal.execution.steps.IdentifyStep] Additional implementations for ExternalDependencyInstrumentingArtifactTransform: /Users/claratorres1414/.gradle/caches/9.5.1/transforms/7b4b5d7181ccbdc467e8dae3cd43cf59/transformed/merge/instrumentation-dependencies.bin: []
2026-08-21T16:48:36.131-0300 [DEBUG] [org.gradle.internal.execution.steps.IdentifyStep] Implementation for ExternalDependencyInstrumentingArtifactTransform: /Users/claratorres1414/.gradle/caches/9.5.1/transforms/5db5bf1970c447bdaebbe6483b728c74/transformed/.gradle-instrumented-classpath.marker: org.gradle.api.internal.initialization.transform.ExternalDependencyInstrumentingArtifactTransform@12e53c4dcaf376ce9cae4cc1ce1513e1
2026-08-21T16:48:36.133-0300 [DEBUG] [org.gradle.internal.execution.steps.IdentifyStep] Implementation for ExternalDependencyInstrumentingArtifactTransform: /Users/claratorres1414/.gradle/caches/9.5.1/transforms/a60840c2244ea079123d3fd0ef1d8222/transformed/merge/instrumentation-dependencies.bin: org.gradle.api.internal.initialization.transform.ExternalDependencyInstrumentingArtifactTransform@12e53c4dcaf376ce9cae4cc1ce1513e1
2026-08-21T16:48:36.133-0300 [DEBUG] [org.gradle.internal.execution.steps.IdentifyStep] Additional implementations for ExternalDependencyInstrumentingArtifactTransform: /Users/claratorres1414/.gradle/caches/9.5.1/transforms/ee0267cb3639f0d453a62d67691d6ba8/transformed/.gradle-instrumented-classpath.marker: []
2026-08-21T16:48:36.133-0300 [DEBUG] [org.gradle.internal.execution.steps.IdentifyStep] Additional implementations for MergeInstrumentationAnalysisTransform: /Users/claratorres1414/.gradle/caches/9.5.1/transforms/586b7728c0b94e79832e6e75ba10f033/transformed/analysis/instrumentation-hierarchy.bin: []
2026-08-21T16:48:36.133-0300 [DEBUG] [org.gradle.internal.execution.steps.IdentifyStep] Implementation for MergeInstrumentationAnalysisTransform: /Users/claratorres1414/.gradle/caches/9.5.1/transforms/586b7728c0b94e79832e6e75ba10f033/transformed/analysis/instrumentation-dependencies.bin: org.gradle.api.internal.initialization.transform.MergeInstrumentationAnalysisTransform@12e53c4dcaf376ce9cae4cc1ce1513e1
2026-08-21T16:48:36.133-0300 [DEBUG] [org.gradle.internal.execution.steps.IdentifyStep] Additional implementations for MergeInstrumentationAnalysisTransform: /Users/claratorres1414/.gradle/caches/9.5.1/transforms/586b7728c0b94e79832e6e75ba10f033/transformed/analysis/instrumentation-dependencies.bin: []
2026-08-21T16:48:36.132-0300 [DEBUG] [org.gradle.internal.resources.AbstractTrackedResourceLock] Build operations Thread 6: acquired lock on worker lease
2026-08-21T16:48:36.132-0300 [DEBUG] [org.gradle.internal.execution.steps.IdentifyStep] Implementation for InstrumentationAnalysisTransform: /Users/claratorres1414/.gradle/caches/modules-2/files-2.1/org.apache.httpcomponents.core5/httpcore5-h2/5.4/83cdd62ef3140664f46be59c2c2727141d1c5a32/httpcore5-h2-5.4.jar: org.gradle.api.internal.initialization.transform.InstrumentationAnalysisTransform@12e53c4dcaf376ce9cae4cc1ce1513e1
2026-08-21T16:48:36.132-0300 [DEBUG] [org.gradle.internal.execution.steps.IdentifyStep] Implementation for MergeInstrumentationAnalysisTransform: /Users/claratorres1414/.gradle/caches/9.5.1/transforms/36a8b1e731658da494f99ad80f8cbfc5/transformed/analysis/instrumentation-dependencies.bin: org.gradle.api.internal.initialization.transform.MergeInstrumentationAnalysisTransform@12e53c4dcaf376ce9cae4cc1ce1513e1
2026-08-21T16:48:36.132-0300 [DEBUG] [org.gradle.internal.execution.steps.IdentifyStep] Implementation for ExternalDependencyInstrumentingArtifactTransform: /Users/claratorres1414/.gradle/caches/modules-2/files-2.1/tools.jackson.core/jackson-databind/3.1.4/c7be3c757289893a791b2a4967ec09d1a8b6c576/jackson-databind-3.1.4.jar: org.gradle.api.internal.initialization.transform.ExternalDependencyInstrumentingArtifactTransform@12e53c4dcaf376ce9cae4cc1ce1513e1
2026-08-21T16:48:36.133-0300 [DEBUG] [org.gradle.internal.execution.steps.IdentifyStep] Additional implementations for ExternalDependencyInstrumentingArtifactTransform: /Users/claratorres1414/.gradle/caches/modules-2/files-2.1/tools.jackson.core/jackson-databind/3.1.4/c7be3c757289893a791b2a4967ec09d1a8b6c576/jackson-databind-3.1.4.jar: []
2026-08-21T16:48:36.132-0300 [DEBUG] [org.gradle.internal.execution.steps.IdentifyStep] Additional implementations for ExternalDependencyInstrumentingArtifactTransform: /Users/claratorres1414/.gradle/caches/modules-2/files-2.1/io.spring.gradle/dependency-management-plugin/1.1.7/6afc1b5cbc631be173fe497b528d8154479e9371/dependency-management-plugin-1.1.7.jar: []
2026-08-21T16:48:36.133-0300 [DEBUG] [org.gradle.internal.operations.DefaultBuildOperationRunner] Build operation 'Execute transform chain: dependency-management-plugin-1.1.7.jar (io.spring.gradle:dependency-management-plugin:1.1.7)' completed
2026-08-21T16:48:36.132-0300 [DEBUG] [org.gradle.internal.execution.steps.IdentifyStep] Implementation for MergeInstrumentationAnalysisTransform: /Users/claratorres1414/.gradle/caches/9.5.1/transforms/6879f444975462f2359803a0f8b08a58/transformed/analysis/instrumentation-hierarchy.bin: org.gradle.api.internal.initialization.transform.MergeInstrumentationAnalysisTransform@12e53c4dcaf376ce9cae4cc1ce1513e1
2026-08-21T16:48:36.133-0300 [DEBUG] [org.gradle.internal.operations.DefaultBuildOperationRunner] Build operation 'Execute transform chain: jackson-databind-3.1.4.jar (tools.jackson.core:jackson-databind:3.1.4)' completed
2026-08-21T16:48:36.133-0300 [DEBUG] [org.gradle.internal.execution.steps.IdentifyStep] Additional implementations for MergeInstrumentationAnalysisTransform: /Users/claratorres1414/.gradle/caches/9.5.1/transforms/36a8b1e731658da494f99ad80f8cbfc5/transformed/analysis/instrumentation-dependencies.bin: []
2026-08-21T16:48:36.133-0300 [DEBUG] [org.gradle.internal.execution.steps.IdentifyStep] Additional implementations for InstrumentationAnalysisTransform: /Users/claratorres1414/.gradle/caches/modules-2/files-2.1/org.apache.httpcomponents.core5/httpcore5-h2/5.4/83cdd62ef3140664f46be59c2c2727141d1c5a32/httpcore5-h2-5.4.jar: []
2026-08-21T16:48:36.133-0300 [DEBUG] [org.gradle.internal.resources.AbstractTrackedResourceLock] Build operations Thread 6: released lock on worker lease
2026-08-21T16:48:36.133-0300 [DEBUG] [org.gradle.internal.execution.steps.IdentifyStep] Implementation for MergeInstrumentationAnalysisTransform: /Users/claratorres1414/.gradle/caches/modules-2/files-2.1/org.jspecify/jspecify/1.0.0/7425a601c1c7ec76645a78d22b8c6a627edee507/jspecify-1.0.0.jar: org.gradle.api.internal.initialization.transform.MergeInstrumentationAnalysisTransform@12e53c4dcaf376ce9cae4cc1ce1513e1
2026-08-21T16:48:36.133-0300 [DEBUG] [org.gradle.internal.execution.steps.IdentifyStep] Implementation for MergeInstrumentationAnalysisTransform: /Users/claratorres1414/.gradle/caches/9.5.1/transforms/4fa948ffde4e1a431e8d0535ab7c6310/transformed/.gradle-instrumented-classpath.marker: org.gradle.api.internal.initialization.transform.MergeInstrumentationAnalysisTransform@12e53c4dcaf376ce9cae4cc1ce1513e1
2026-08-21T16:48:36.134-0300 [DEBUG] [org.gradle.internal.execution.steps.IdentifyStep] Additional implementations for MergeInstrumentationAnalysisTransform: /Users/claratorres1414/.gradle/caches/9.5.1/transforms/4fa948ffde4e1a431e8d0535ab7c6310/transformed/.gradle-instrumented-classpath.marker: []
2026-08-21T16:48:36.133-0300 [DEBUG] [org.gradle.internal.execution.steps.IdentifyStep] Implementation for ExternalDependencyInstrumentingArtifactTransform: /Users/claratorres1414/.gradle/caches/9.5.1/transforms/ee0267cb3639f0d453a62d67691d6ba8/transformed/merge/instrumentation-dependencies.bin: org.gradle.api.internal.initialization.transform.ExternalDependencyInstrumentingArtifactTransform@12e53c4dcaf376ce9cae4cc1ce1513e1
2026-08-21T16:48:36.134-0300 [DEBUG] [org.gradle.internal.execution.steps.IdentifyStep] Additional implementations for ExternalDependencyInstrumentingArtifactTransform: /Users/claratorres1414/.gradle/caches/9.5.1/transforms/ee0267cb3639f0d453a62d67691d6ba8/transformed/merge/instrumentation-dependencies.bin: []
2026-08-21T16:48:36.133-0300 [DEBUG] [org.gradle.internal.execution.steps.IdentifyStep] Additional implementations for ExternalDependencyInstrumentingArtifactTransform: /Users/claratorres1414/.gradle/caches/9.5.1/transforms/a60840c2244ea079123d3fd0ef1d8222/transformed/merge/instrumentation-dependencies.bin: []
2026-08-21T16:48:36.133-0300 [DEBUG] [org.gradle.internal.execution.steps.IdentifyStep] Implementation for ExternalDependencyInstrumentingArtifactTransform: /Users/claratorres1414/.gradle/caches/modules-2/files-2.1/tools.jackson.core/jackson-core/3.1.4/f9fd39204bd3d4922b42f6a54b81f46bd8ed575a/jackson-core-3.1.4.jar: org.gradle.api.internal.initialization.transform.ExternalDependencyInstrumentingArtifactTransform@12e53c4dcaf376ce9cae4cc1ce1513e1
2026-08-21T16:48:36.134-0300 [DEBUG] [org.gradle.internal.execution.steps.IdentifyStep] Additional implementations for ExternalDependencyInstrumentingArtifactTransform: /Users/claratorres1414/.gradle/caches/modules-2/files-2.1/tools.jackson.core/jackson-core/3.1.4/f9fd39204bd3d4922b42f6a54b81f46bd8ed575a/jackson-core-3.1.4.jar: []
2026-08-21T16:48:36.133-0300 [DEBUG] [org.gradle.internal.execution.steps.IdentifyStep] Additional implementations for ExternalDependencyInstrumentingArtifactTransform: /Users/claratorres1414/.gradle/caches/9.5.1/transforms/5db5bf1970c447bdaebbe6483b728c74/transformed/.gradle-instrumented-classpath.marker: []
2026-08-21T16:48:36.134-0300 [DEBUG] [org.gradle.internal.operations.DefaultBuildOperationRunner] Build operation 'Execute transform chain: jackson-core-3.1.4.jar (tools.jackson.core:jackson-core:3.1.4)' completed
2026-08-21T16:48:36.134-0300 [DEBUG] [org.gradle.internal.execution.steps.IdentifyStep] Implementation for ExternalDependencyInstrumentingArtifactTransform: /Users/claratorres1414/.gradle/caches/modules-2/files-2.1/commons-io/commons-io/2.16.1/377d592e740dc77124e0901291dbfaa6810a200e/commons-io-2.16.1.jar: org.gradle.api.internal.initialization.transform.ExternalDependencyInstrumentingArtifactTransform@12e53c4dcaf376ce9cae4cc1ce1513e1
2026-08-21T16:48:36.134-0300 [DEBUG] [org.gradle.internal.execution.steps.IdentifyStep] Additional implementations for ExternalDependencyInstrumentingArtifactTransform: /Users/claratorres1414/.gradle/caches/modules-2/files-2.1/commons-io/commons-io/2.16.1/377d592e740dc77124e0901291dbfaa6810a200e/commons-io-2.16.1.jar: []
2026-08-21T16:48:36.134-0300 [DEBUG] [org.gradle.internal.execution.steps.IdentifyStep] Implementation for ExternalDependencyInstrumentingArtifactTransform: /Users/claratorres1414/.gradle/caches/modules-2/files-2.1/commons-codec/commons-codec/1.17.1/973638b7149d333563584137ebf13a691bb60579/commons-codec-1.17.1.jar: org.gradle.api.internal.initialization.transform.ExternalDependencyInstrumentingArtifactTransform@12e53c4dcaf376ce9cae4cc1ce1513e1
2026-08-21T16:48:36.134-0300 [DEBUG] [org.gradle.internal.execution.steps.IdentifyStep] Additional implementations for ExternalDependencyInstrumentingArtifactTransform: /Users/claratorres1414/.gradle/caches/modules-2/files-2.1/commons-codec/commons-codec/1.17.1/973638b7149d333563584137ebf13a691bb60579/commons-codec-1.17.1.jar: []
2026-08-21T16:48:36.134-0300 [DEBUG] [org.gradle.internal.execution.steps.IdentifyStep] Implementation for MergeInstrumentationAnalysisTransform: /Users/claratorres1414/.gradle/caches/9.5.1/transforms/4fa948ffde4e1a431e8d0535ab7c6310/transformed/analysis/instrumentation-hierarchy.bin: org.gradle.api.internal.initialization.transform.MergeInstrumentationAnalysisTransform@12e53c4dcaf376ce9cae4cc1ce1513e1
2026-08-21T16:48:36.134-0300 [DEBUG] [org.gradle.internal.execution.steps.IdentifyStep] Additional implementations for MergeInstrumentationAnalysisTransform: /Users/claratorres1414/.gradle/caches/9.5.1/transforms/4fa948ffde4e1a431e8d0535ab7c6310/transformed/analysis/instrumentation-hierarchy.bin: []
2026-08-21T16:48:36.134-0300 [DEBUG] [org.gradle.internal.execution.steps.IdentifyStep] Additional implementations for MergeInstrumentationAnalysisTransform: /Users/claratorres1414/.gradle/caches/modules-2/files-2.1/org.jspecify/jspecify/1.0.0/7425a601c1c7ec76645a78d22b8c6a627edee507/jspecify-1.0.0.jar: []
2026-08-21T16:48:36.134-0300 [DEBUG] [org.gradle.internal.execution.steps.IdentifyStep] Implementation for MergeInstrumentationAnalysisTransform: /Users/claratorres1414/.gradle/caches/9.5.1/transforms/4fa948ffde4e1a431e8d0535ab7c6310/transformed/analysis/instrumentation-dependencies.bin: org.gradle.api.internal.initialization.transform.MergeInstrumentationAnalysisTransform@12e53c4dcaf376ce9cae4cc1ce1513e1
2026-08-21T16:48:36.134-0300 [DEBUG] [org.gradle.internal.execution.steps.IdentifyStep] Implementation for ExternalDependencyInstrumentingArtifactTransform: /Users/claratorres1414/.gradle/caches/9.5.1/transforms/918518129c2abe2110ec9a110a04e355/transformed/.gradle-instrumented-classpath.marker: org.gradle.api.internal.initialization.transform.ExternalDependencyInstrumentingArtifactTransform@12e53c4dcaf376ce9cae4cc1ce1513e1
2026-08-21T16:48:36.134-0300 [DEBUG] [org.gradle.internal.execution.steps.IdentifyStep] Additional implementations for ExternalDependencyInstrumentingArtifactTransform: /Users/claratorres1414/.gradle/caches/9.5.1/transforms/918518129c2abe2110ec9a110a04e355/transformed/.gradle-instrumented-classpath.marker: []
2026-08-21T16:48:36.134-0300 [DEBUG] [org.gradle.internal.execution.steps.IdentifyStep] Implementation for InstrumentationAnalysisTransform: /Users/claratorres1414/.gradle/caches/modules-2/files-2.1/org.apache.httpcomponents.core5/httpcore5/5.4/e40011ec0dae056466399f8e414ede4772001621/httpcore5-5.4.jar: org.gradle.api.internal.initialization.transform.InstrumentationAnalysisTransform@12e53c4dcaf376ce9cae4cc1ce1513e1
2026-08-21T16:48:36.134-0300 [DEBUG] [org.gradle.internal.execution.steps.IdentifyStep] Additional implementations for InstrumentationAnalysisTransform: /Users/claratorres1414/.gradle/caches/modules-2/files-2.1/org.apache.httpcomponents.core5/httpcore5/5.4/e40011ec0dae056466399f8e414ede4772001621/httpcore5-5.4.jar: []
2026-08-21T16:48:36.134-0300 [DEBUG] [org.gradle.internal.resources.AbstractTrackedResourceLock] Build operations Thread 12: released lock on worker lease
2026-08-21T16:48:36.134-0300 [DEBUG] [org.gradle.internal.execution.steps.IdentifyStep] Implementation for MergeInstrumentationAnalysisTransform: /Users/claratorres1414/.gradle/caches/modules-2/files-2.1/commons-logging/commons-logging/1.3.5/a3fcc5d3c29b2b03433aa2d2f2d2c1b1638924a1/commons-logging-1.3.5.jar: org.gradle.api.internal.initialization.transform.MergeInstrumentationAnalysisTransform@12e53c4dcaf376ce9cae4cc1ce1513e1
2026-08-21T16:48:36.135-0300 [DEBUG] [org.gradle.internal.execution.steps.IdentifyStep] Additional implementations for MergeInstrumentationAnalysisTransform: /Users/claratorres1414/.gradle/caches/modules-2/files-2.1/commons-logging/commons-logging/1.3.5/a3fcc5d3c29b2b03433aa2d2f2d2c1b1638924a1/commons-logging-1.3.5.jar: []
2026-08-21T16:48:36.133-0300 [DEBUG] [org.gradle.internal.execution.steps.IdentifyStep] Additional implementations for MergeInstrumentationAnalysisTransform: /Users/claratorres1414/.gradle/caches/9.5.1/transforms/6879f444975462f2359803a0f8b08a58/transformed/analysis/instrumentation-hierarchy.bin: []
2026-08-21T16:48:36.135-0300 [DEBUG] [org.gradle.internal.execution.steps.IdentifyStep] Implementation for ExternalDependencyInstrumentingArtifactTransform: /Users/claratorres1414/.gradle/caches/9.5.1/transforms/3657771b4d8db442428b862224162224/transformed/.gradle-instrumented-classpath.marker: org.gradle.api.internal.initialization.transform.ExternalDependencyInstrumentingArtifactTransform@12e53c4dcaf376ce9cae4cc1ce1513e1
2026-08-21T16:48:36.135-0300 [DEBUG] [org.gradle.internal.execution.steps.IdentifyStep] Additional implementations for ExternalDependencyInstrumentingArtifactTransform: /Users/claratorres1414/.gradle/caches/9.5.1/transforms/3657771b4d8db442428b862224162224/transformed/.gradle-instrumented-classpath.marker: []
2026-08-21T16:48:36.135-0300 [DEBUG] [org.gradle.internal.resources.AbstractTrackedResourceLock] Build operations Thread 3: released lock on worker lease
2026-08-21T16:48:36.135-0300 [DEBUG] [org.gradle.internal.execution.steps.IdentifyStep] Implementation for InstrumentationAnalysisTransform: /Users/claratorres1414/.gradle/caches/modules-2/files-2.1/org.slf4j/slf4j-api/1.7.36/6c62681a2f655b49963a5983b8b0950a6120ae14/slf4j-api-1.7.36.jar: org.gradle.api.internal.initialization.transform.InstrumentationAnalysisTransform@12e53c4dcaf376ce9cae4cc1ce1513e1
2026-08-21T16:48:36.135-0300 [DEBUG] [org.gradle.internal.execution.steps.IdentifyStep] Additional implementations for InstrumentationAnalysisTransform: /Users/claratorres1414/.gradle/caches/modules-2/files-2.1/org.slf4j/slf4j-api/1.7.36/6c62681a2f655b49963a5983b8b0950a6120ae14/slf4j-api-1.7.36.jar: []
2026-08-21T16:48:36.134-0300 [DEBUG] [org.gradle.internal.execution.steps.IdentifyStep] Implementation for ExternalDependencyInstrumentingArtifactTransform: /Users/claratorres1414/.gradle/caches/9.5.1/transforms/918518129c2abe2110ec9a110a04e355/transformed/merge/instrumentation-dependencies.bin: org.gradle.api.internal.initialization.transform.ExternalDependencyInstrumentingArtifactTransform@12e53c4dcaf376ce9cae4cc1ce1513e1
2026-08-21T16:48:36.135-0300 [DEBUG] [org.gradle.internal.execution.steps.IdentifyStep] Additional implementations for ExternalDependencyInstrumentingArtifactTransform: /Users/claratorres1414/.gradle/caches/9.5.1/transforms/918518129c2abe2110ec9a110a04e355/transformed/merge/instrumentation-dependencies.bin: []
2026-08-21T16:48:36.134-0300 [DEBUG] [org.gradle.internal.execution.steps.IdentifyStep] Additional implementations for MergeInstrumentationAnalysisTransform: /Users/claratorres1414/.gradle/caches/9.5.1/transforms/4fa948ffde4e1a431e8d0535ab7c6310/transformed/analysis/instrumentation-dependencies.bin: []
2026-08-21T16:48:36.135-0300 [DEBUG] [org.gradle.internal.operations.DefaultBuildOperationRunner] Build operation 'Execute transform chain: commons-codec-1.17.1.jar (commons-codec:commons-codec:1.17.1)' completed
2026-08-21T16:48:36.135-0300 [DEBUG] [org.gradle.internal.operations.DefaultBuildOperationRunner] Build operation 'Execute transform chain: commons-io-2.16.1.jar (commons-io:commons-io:2.16.1)' completed
2026-08-21T16:48:36.135-0300 [DEBUG] [org.gradle.internal.execution.steps.IdentifyStep] Implementation for MergeInstrumentationAnalysisTransform: /Users/claratorres1414/.gradle/caches/9.5.1/transforms/745f48466fcf7d8c2a01b057e0e698dc/transformed/.gradle-instrumented-classpath.marker: org.gradle.api.internal.initialization.transform.MergeInstrumentationAnalysisTransform@12e53c4dcaf376ce9cae4cc1ce1513e1
2026-08-21T16:48:36.135-0300 [DEBUG] [org.gradle.internal.execution.steps.IdentifyStep] Additional implementations for MergeInstrumentationAnalysisTransform: /Users/claratorres1414/.gradle/caches/9.5.1/transforms/745f48466fcf7d8c2a01b057e0e698dc/transformed/.gradle-instrumented-classpath.marker: []
2026-08-21T16:48:36.134-0300 [DEBUG] [org.gradle.internal.execution.steps.IdentifyStep] Implementation for ExternalDependencyInstrumentingArtifactTransform: /Users/claratorres1414/.gradle/caches/9.5.1/transforms/5db5bf1970c447bdaebbe6483b728c74/transformed/merge/instrumentation-dependencies.bin: org.gradle.api.internal.initialization.transform.ExternalDependencyInstrumentingArtifactTransform@12e53c4dcaf376ce9cae4cc1ce1513e1
2026-08-21T16:48:36.135-0300 [DEBUG] [org.gradle.internal.execution.steps.IdentifyStep] Additional implementations for ExternalDependencyInstrumentingArtifactTransform: /Users/claratorres1414/.gradle/caches/9.5.1/transforms/5db5bf1970c447bdaebbe6483b728c74/transformed/merge/instrumentation-dependencies.bin: []
2026-08-21T16:48:36.135-0300 [DEBUG] [org.gradle.internal.execution.steps.IdentifyStep] Implementation for MergeInstrumentationAnalysisTransform: /Users/claratorres1414/.gradle/caches/9.5.1/transforms/745f48466fcf7d8c2a01b057e0e698dc/transformed/analysis/instrumentation-hierarchy.bin: org.gradle.api.internal.initialization.transform.MergeInstrumentationAnalysisTransform@12e53c4dcaf376ce9cae4cc1ce1513e1
2026-08-21T16:48:36.135-0300 [DEBUG] [org.gradle.internal.execution.steps.IdentifyStep] Additional implementations for MergeInstrumentationAnalysisTransform: /Users/claratorres1414/.gradle/caches/9.5.1/transforms/745f48466fcf7d8c2a01b057e0e698dc/transformed/analysis/instrumentation-hierarchy.bin: []
2026-08-21T16:48:36.135-0300 [DEBUG] [org.gradle.internal.execution.steps.IdentifyStep] Implementation for MergeInstrumentationAnalysisTransform: /Users/claratorres1414/.gradle/caches/9.5.1/transforms/632946b282df6fb674fb142488657ec8/transformed/.gradle-instrumented-classpath.marker: org.gradle.api.internal.initialization.transform.MergeInstrumentationAnalysisTransform@12e53c4dcaf376ce9cae4cc1ce1513e1
2026-08-21T16:48:36.135-0300 [DEBUG] [org.gradle.internal.execution.steps.IdentifyStep] Additional implementations for MergeInstrumentationAnalysisTransform: /Users/claratorres1414/.gradle/caches/9.5.1/transforms/632946b282df6fb674fb142488657ec8/transformed/.gradle-instrumented-classpath.marker: []
2026-08-21T16:48:36.135-0300 [DEBUG] [org.gradle.internal.execution.steps.IdentifyStep] Implementation for MergeInstrumentationAnalysisTransform: /Users/claratorres1414/.gradle/caches/9.5.1/transforms/5a4fecf61b1faa604e300ecb17163d69/transformed/.gradle-instrumented-classpath.marker: org.gradle.api.internal.initialization.transform.MergeInstrumentationAnalysisTransform@12e53c4dcaf376ce9cae4cc1ce1513e1
2026-08-21T16:48:36.135-0300 [DEBUG] [org.gradle.internal.execution.steps.IdentifyStep] Additional implementations for MergeInstrumentationAnalysisTransform: /Users/claratorres1414/.gradle/caches/9.5.1/transforms/5a4fecf61b1faa604e300ecb17163d69/transformed/.gradle-instrumented-classpath.marker: []
2026-08-21T16:48:36.135-0300 [DEBUG] [org.gradle.internal.execution.steps.IdentifyStep] Implementation for MergeInstrumentationAnalysisTransform: /Users/claratorres1414/.gradle/caches/modules-2/files-2.1/net.java.dev.jna/jna/5.17.0/33d12735bef894440780fce64f9758d420c7bae2/jna-5.17.0.jar: org.gradle.api.internal.initialization.transform.MergeInstrumentationAnalysisTransform@12e53c4dcaf376ce9cae4cc1ce1513e1
2026-08-21T16:48:36.135-0300 [DEBUG] [org.gradle.internal.execution.steps.IdentifyStep] Additional implementations for MergeInstrumentationAnalysisTransform: /Users/claratorres1414/.gradle/caches/modules-2/files-2.1/net.java.dev.jna/jna/5.17.0/33d12735bef894440780fce64f9758d420c7bae2/jna-5.17.0.jar: []
2026-08-21T16:48:36.135-0300 [DEBUG] [org.gradle.internal.execution.steps.IdentifyStep] Implementation for ExternalDependencyInstrumentingArtifactTransform: /Users/claratorres1414/.gradle/caches/modules-2/files-2.1/org.jspecify/jspecify/1.0.0/7425a601c1c7ec76645a78d22b8c6a627edee507/jspecify-1.0.0.jar: org.gradle.api.internal.initialization.transform.ExternalDependencyInstrumentingArtifactTransform@12e53c4dcaf376ce9cae4cc1ce1513e1
2026-08-21T16:48:36.135-0300 [DEBUG] [org.gradle.internal.execution.steps.IdentifyStep] Additional implementations for ExternalDependencyInstrumentingArtifactTransform: /Users/claratorres1414/.gradle/caches/modules-2/files-2.1/org.jspecify/jspecify/1.0.0/7425a601c1c7ec76645a78d22b8c6a627edee507/jspecify-1.0.0.jar: []
2026-08-21T16:48:36.135-0300 [DEBUG] [org.gradle.internal.execution.steps.IdentifyStep] Implementation for InstrumentationAnalysisTransform: /Users/claratorres1414/.gradle/caches/modules-2/files-2.1/org.antlr/antlr4-runtime/4.7.2/e27d8ab4f984f9d186f54da984a6ab1cccac755e/antlr4-runtime-4.7.2.jar: org.gradle.api.internal.initialization.transform.InstrumentationAnalysisTransform@12e53c4dcaf376ce9cae4cc1ce1513e1
2026-08-21T16:48:36.135-0300 [DEBUG] [org.gradle.internal.execution.steps.IdentifyStep] Additional implementations for InstrumentationAnalysisTransform: /Users/claratorres1414/.gradle/caches/modules-2/files-2.1/org.antlr/antlr4-runtime/4.7.2/e27d8ab4f984f9d186f54da984a6ab1cccac755e/antlr4-runtime-4.7.2.jar: []
2026-08-21T16:48:36.135-0300 [DEBUG] [org.gradle.internal.resources.AbstractTrackedResourceLock] Build operations Thread 3: acquired lock on worker lease
2026-08-21T16:48:36.135-0300 [DEBUG] [org.gradle.internal.execution.steps.IdentifyStep] Implementation for ExternalDependencyInstrumentingArtifactTransform: /Users/claratorres1414/.gradle/caches/9.5.1/transforms/3657771b4d8db442428b862224162224/transformed/merge/instrumentation-dependencies.bin: org.gradle.api.internal.initialization.transform.ExternalDependencyInstrumentingArtifactTransform@12e53c4dcaf376ce9cae4cc1ce1513e1
2026-08-21T16:48:36.136-0300 [DEBUG] [org.gradle.internal.execution.steps.IdentifyStep] Additional implementations for ExternalDependencyInstrumentingArtifactTransform: /Users/claratorres1414/.gradle/caches/9.5.1/transforms/3657771b4d8db442428b862224162224/transformed/merge/instrumentation-dependencies.bin: []
2026-08-21T16:48:36.135-0300 [DEBUG] [org.gradle.internal.execution.steps.IdentifyStep] Implementation for MergeInstrumentationAnalysisTransform: /Users/claratorres1414/.gradle/caches/9.5.1/transforms/6879f444975462f2359803a0f8b08a58/transformed/analysis/instrumentation-dependencies.bin: org.gradle.api.internal.initialization.transform.MergeInstrumentationAnalysisTransform@12e53c4dcaf376ce9cae4cc1ce1513e1
2026-08-21T16:48:36.136-0300 [DEBUG] [org.gradle.internal.execution.steps.IdentifyStep] Additional implementations for MergeInstrumentationAnalysisTransform: /Users/claratorres1414/.gradle/caches/9.5.1/transforms/6879f444975462f2359803a0f8b08a58/transformed/analysis/instrumentation-dependencies.bin: []
2026-08-21T16:48:36.136-0300 [DEBUG] [org.gradle.internal.execution.steps.IdentifyStep] Implementation for ExternalDependencyInstrumentingArtifactTransform: /Users/claratorres1414/.gradle/caches/modules-2/files-2.1/commons-logging/commons-logging/1.3.5/a3fcc5d3c29b2b03433aa2d2f2d2c1b1638924a1/commons-logging-1.3.5.jar: org.gradle.api.internal.initialization.transform.ExternalDependencyInstrumentingArtifactTransform@12e53c4dcaf376ce9cae4cc1ce1513e1
2026-08-21T16:48:36.136-0300 [DEBUG] [org.gradle.internal.execution.steps.IdentifyStep] Additional implementations for ExternalDependencyInstrumentingArtifactTransform: /Users/claratorres1414/.gradle/caches/modules-2/files-2.1/commons-logging/commons-logging/1.3.5/a3fcc5d3c29b2b03433aa2d2f2d2c1b1638924a1/commons-logging-1.3.5.jar: []
2026-08-21T16:48:36.136-0300 [DEBUG] [org.gradle.internal.resources.AbstractTrackedResourceLock] Build operations Thread 12: acquired lock on worker lease
2026-08-21T16:48:36.136-0300 [DEBUG] [org.gradle.internal.resources.AbstractTrackedResourceLock] Build operations Thread 12: released lock on worker lease
2026-08-21T16:48:36.135-0300 [DEBUG] [org.gradle.internal.execution.steps.IdentifyStep] Implementation for InstrumentationAnalysisTransform: /Users/claratorres1414/.gradle/caches/modules-2/files-2.1/com.google.code.findbugs/jsr305/3.0.2/25ea2e8b0c338a877313bd4672d3fe056ea78f0d/jsr305-3.0.2.jar: org.gradle.api.internal.initialization.transform.InstrumentationAnalysisTransform@12e53c4dcaf376ce9cae4cc1ce1513e1
2026-08-21T16:48:36.136-0300 [DEBUG] [org.gradle.internal.execution.steps.IdentifyStep] Additional implementations for InstrumentationAnalysisTransform: /Users/claratorres1414/.gradle/caches/modules-2/files-2.1/com.google.code.findbugs/jsr305/3.0.2/25ea2e8b0c338a877313bd4672d3fe056ea78f0d/jsr305-3.0.2.jar: []
2026-08-21T16:48:36.135-0300 [DEBUG] [org.gradle.internal.execution.steps.IdentifyStep] Implementation for ExternalDependencyInstrumentingArtifactTransform: /Users/claratorres1414/.gradle/caches/9.5.1/transforms/8c755a133694e15c4a730e9a74aeb5e3/transformed/.gradle-instrumented-classpath.marker: org.gradle.api.internal.initialization.transform.ExternalDependencyInstrumentingArtifactTransform@12e53c4dcaf376ce9cae4cc1ce1513e1
2026-08-21T16:48:36.136-0300 [DEBUG] [org.gradle.internal.execution.steps.IdentifyStep] Additional implementations for ExternalDependencyInstrumentingArtifactTransform: /Users/claratorres1414/.gradle/caches/9.5.1/transforms/8c755a133694e15c4a730e9a74aeb5e3/transformed/.gradle-instrumented-classpath.marker: []
2026-08-21T16:48:36.135-0300 [DEBUG] [org.gradle.internal.execution.steps.IdentifyStep] Implementation for MergeInstrumentationAnalysisTransform: /Users/claratorres1414/.gradle/caches/9.5.1/transforms/5a4fecf61b1faa604e300ecb17163d69/transformed/analysis/instrumentation-hierarchy.bin: org.gradle.api.internal.initialization.transform.MergeInstrumentationAnalysisTransform@12e53c4dcaf376ce9cae4cc1ce1513e1
2026-08-21T16:48:36.136-0300 [DEBUG] [org.gradle.internal.execution.steps.IdentifyStep] Additional implementations for MergeInstrumentationAnalysisTransform: /Users/claratorres1414/.gradle/caches/9.5.1/transforms/5a4fecf61b1faa604e300ecb17163d69/transformed/analysis/instrumentation-hierarchy.bin: []
2026-08-21T16:48:36.135-0300 [DEBUG] [org.gradle.internal.execution.steps.IdentifyStep] Implementation for MergeInstrumentationAnalysisTransform: /Users/claratorres1414/.gradle/caches/9.5.1/transforms/632946b282df6fb674fb142488657ec8/transformed/analysis/instrumentation-hierarchy.bin: org.gradle.api.internal.initialization.transform.MergeInstrumentationAnalysisTransform@12e53c4dcaf376ce9cae4cc1ce1513e1
2026-08-21T16:48:36.136-0300 [DEBUG] [org.gradle.internal.execution.steps.IdentifyStep] Additional implementations for MergeInstrumentationAnalysisTransform: /Users/claratorres1414/.gradle/caches/9.5.1/transforms/632946b282df6fb674fb142488657ec8/transformed/analysis/instrumentation-hierarchy.bin: []
2026-08-21T16:48:36.135-0300 [DEBUG] [org.gradle.internal.execution.steps.IdentifyStep] Implementation for MergeInstrumentationAnalysisTransform: /Users/claratorres1414/.gradle/caches/9.5.1/transforms/745f48466fcf7d8c2a01b057e0e698dc/transformed/analysis/instrumentation-dependencies.bin: org.gradle.api.internal.initialization.transform.MergeInstrumentationAnalysisTransform@12e53c4dcaf376ce9cae4cc1ce1513e1
2026-08-21T16:48:36.136-0300 [DEBUG] [org.gradle.internal.execution.steps.IdentifyStep] Additional implementations for MergeInstrumentationAnalysisTransform: /Users/claratorres1414/.gradle/caches/9.5.1/transforms/745f48466fcf7d8c2a01b057e0e698dc/transformed/analysis/instrumentation-dependencies.bin: []
2026-08-21T16:48:36.135-0300 [DEBUG] [org.gradle.internal.execution.steps.IdentifyStep] Implementation for ExternalDependencyInstrumentingArtifactTransform: /Users/claratorres1414/.gradle/caches/modules-2/files-2.1/net.java.dev.jna/jna-platform/5.17.0/a4934c44d25a9d8c2ddf4203affd20330cb3426f/jna-platform-5.17.0.jar: org.gradle.api.internal.initialization.transform.ExternalDependencyInstrumentingArtifactTransform@12e53c4dcaf376ce9cae4cc1ce1513e1
2026-08-21T16:48:36.136-0300 [DEBUG] [org.gradle.internal.execution.steps.IdentifyStep] Additional implementations for ExternalDependencyInstrumentingArtifactTransform: /Users/claratorres1414/.gradle/caches/modules-2/files-2.1/net.java.dev.jna/jna-platform/5.17.0/a4934c44d25a9d8c2ddf4203affd20330cb3426f/jna-platform-5.17.0.jar: []
2026-08-21T16:48:36.136-0300 [DEBUG] [org.gradle.internal.execution.steps.IdentifyStep] Implementation for MergeInstrumentationAnalysisTransform: /Users/claratorres1414/.gradle/caches/modules-2/files-2.1/org.apache.httpcomponents.core5/httpcore5-h2/5.4/83cdd62ef3140664f46be59c2c2727141d1c5a32/httpcore5-h2-5.4.jar: org.gradle.api.internal.initialization.transform.MergeInstrumentationAnalysisTransform@12e53c4dcaf376ce9cae4cc1ce1513e1
2026-08-21T16:48:36.136-0300 [DEBUG] [org.gradle.internal.execution.steps.IdentifyStep] Additional implementations for MergeInstrumentationAnalysisTransform: /Users/claratorres1414/.gradle/caches/modules-2/files-2.1/org.apache.httpcomponents.core5/httpcore5-h2/5.4/83cdd62ef3140664f46be59c2c2727141d1c5a32/httpcore5-h2-5.4.jar: []
2026-08-21T16:48:36.136-0300 [DEBUG] [org.gradle.internal.execution.steps.IdentifyStep] Implementation for MergeInstrumentationAnalysisTransform: /Users/claratorres1414/.gradle/caches/9.5.1/transforms/632946b282df6fb674fb142488657ec8/transformed/analysis/instrumentation-dependencies.bin: org.gradle.api.internal.initialization.transform.MergeInstrumentationAnalysisTransform@12e53c4dcaf376ce9cae4cc1ce1513e1
2026-08-21T16:48:36.136-0300 [DEBUG] [org.gradle.internal.execution.steps.IdentifyStep] Additional implementations for MergeInstrumentationAnalysisTransform: /Users/claratorres1414/.gradle/caches/9.5.1/transforms/632946b282df6fb674fb142488657ec8/transformed/analysis/instrumentation-dependencies.bin: []
2026-08-21T16:48:36.136-0300 [DEBUG] [org.gradle.internal.execution.steps.IdentifyStep] Implementation for MergeInstrumentationAnalysisTransform: /Users/claratorres1414/.gradle/caches/9.5.1/transforms/5a4fecf61b1faa604e300ecb17163d69/transformed/analysis/instrumentation-dependencies.bin: org.gradle.api.internal.initialization.transform.MergeInstrumentationAnalysisTransform@12e53c4dcaf376ce9cae4cc1ce1513e1
2026-08-21T16:48:36.136-0300 [DEBUG] [org.gradle.internal.execution.steps.IdentifyStep] Additional implementations for MergeInstrumentationAnalysisTransform: /Users/claratorres1414/.gradle/caches/9.5.1/transforms/5a4fecf61b1faa604e300ecb17163d69/transformed/analysis/instrumentation-dependencies.bin: []
2026-08-21T16:48:36.136-0300 [DEBUG] [org.gradle.internal.execution.steps.IdentifyStep] Implementation for ExternalDependencyInstrumentingArtifactTransform: /Users/claratorres1414/.gradle/caches/9.5.1/transforms/8c755a133694e15c4a730e9a74aeb5e3/transformed/merge/instrumentation-dependencies.bin: org.gradle.api.internal.initialization.transform.ExternalDependencyInstrumentingArtifactTransform@12e53c4dcaf376ce9cae4cc1ce1513e1
2026-08-21T16:48:36.136-0300 [DEBUG] [org.gradle.internal.execution.steps.IdentifyStep] Additional implementations for ExternalDependencyInstrumentingArtifactTransform: /Users/claratorres1414/.gradle/caches/9.5.1/transforms/8c755a133694e15c4a730e9a74aeb5e3/transformed/merge/instrumentation-dependencies.bin: []
2026-08-21T16:48:36.136-0300 [DEBUG] [org.gradle.internal.operations.DefaultBuildOperationRunner] Build operation 'Execute transform chain: jspecify-1.0.0.jar (org.jspecify:jspecify:1.0.0)' completed
2026-08-21T16:48:36.136-0300 [DEBUG] [org.gradle.internal.execution.steps.IdentifyStep] Implementation for MergeInstrumentationAnalysisTransform: /Users/claratorres1414/.gradle/caches/9.5.1/transforms/4b419c22e62c883ffbbc2270437fe4a3/transformed/.gradle-instrumented-classpath.marker: org.gradle.api.internal.initialization.transform.MergeInstrumentationAnalysisTransform@12e53c4dcaf376ce9cae4cc1ce1513e1
2026-08-21T16:48:36.136-0300 [DEBUG] [org.gradle.internal.execution.steps.IdentifyStep] Additional implementations for MergeInstrumentationAnalysisTransform: /Users/claratorres1414/.gradle/caches/9.5.1/transforms/4b419c22e62c883ffbbc2270437fe4a3/transformed/.gradle-instrumented-classpath.marker: []
2026-08-21T16:48:36.136-0300 [DEBUG] [org.gradle.internal.execution.steps.IdentifyStep] Implementation for InstrumentationAnalysisTransform: /Users/claratorres1414/.gradle/caches/modules-2/files-2.1/com.fasterxml.jackson.core/jackson-annotations/2.21/b1bc1868bf02dc0bd6c7836257a036a331005309/jackson-annotations-2.21.jar: org.gradle.api.internal.initialization.transform.InstrumentationAnalysisTransform@12e53c4dcaf376ce9cae4cc1ce1513e1
2026-08-21T16:48:36.136-0300 [DEBUG] [org.gradle.internal.execution.steps.IdentifyStep] Additional implementations for InstrumentationAnalysisTransform: /Users/claratorres1414/.gradle/caches/modules-2/files-2.1/com.fasterxml.jackson.core/jackson-annotations/2.21/b1bc1868bf02dc0bd6c7836257a036a331005309/jackson-annotations-2.21.jar: []
2026-08-21T16:48:36.136-0300 [DEBUG] [org.gradle.internal.execution.steps.IdentifyStep] Implementation for MergeInstrumentationAnalysisTransform: /Users/claratorres1414/.gradle/caches/9.5.1/transforms/de7530332d4dcc99f125f0fd5841caed/transformed/.gradle-instrumented-classpath.marker: org.gradle.api.internal.initialization.transform.MergeInstrumentationAnalysisTransform@12e53c4dcaf376ce9cae4cc1ce1513e1
2026-08-21T16:48:36.137-0300 [DEBUG] [org.gradle.internal.execution.steps.IdentifyStep] Additional implementations for MergeInstrumentationAnalysisTransform: /Users/claratorres1414/.gradle/caches/9.5.1/transforms/de7530332d4dcc99f125f0fd5841caed/transformed/.gradle-instrumented-classpath.marker: []
2026-08-21T16:48:36.136-0300 [DEBUG] [org.gradle.internal.resources.AbstractTrackedResourceLock] Build operations Thread 6: acquired lock on worker lease
2026-08-21T16:48:36.137-0300 [DEBUG] [org.gradle.internal.operations.DefaultBuildOperationRunner] Build operation 'Execute transform chain: commons-logging-1.3.5.jar (commons-logging:commons-logging:1.3.5)' completed
2026-08-21T16:48:36.136-0300 [DEBUG] [org.gradle.internal.execution.steps.IdentifyStep] Implementation for MergeInstrumentationAnalysisTransform: /Users/claratorres1414/.gradle/caches/modules-2/files-2.1/org.apache.commons/commons-lang3/3.16.0/3eb54effe40946dfb06dc5cd6c7ce4116cd51ea4/commons-lang3-3.16.0.jar: org.gradle.api.internal.initialization.transform.MergeInstrumentationAnalysisTransform@12e53c4dcaf376ce9cae4cc1ce1513e1
2026-08-21T16:48:36.137-0300 [DEBUG] [org.gradle.internal.execution.steps.IdentifyStep] Additional implementations for MergeInstrumentationAnalysisTransform: /Users/claratorres1414/.gradle/caches/modules-2/files-2.1/org.apache.commons/commons-lang3/3.16.0/3eb54effe40946dfb06dc5cd6c7ce4116cd51ea4/commons-lang3-3.16.0.jar: []
2026-08-21T16:48:36.137-0300 [DEBUG] [org.gradle.internal.resources.AbstractTrackedResourceLock] Build operations Thread 6: released lock on worker lease
2026-08-21T16:48:36.137-0300 [DEBUG] [org.gradle.internal.execution.steps.IdentifyStep] Implementation for MergeInstrumentationAnalysisTransform: /Users/claratorres1414/.gradle/caches/9.5.1/transforms/de7530332d4dcc99f125f0fd5841caed/transformed/analysis/instrumentation-hierarchy.bin: org.gradle.api.internal.initialization.transform.MergeInstrumentationAnalysisTransform@12e53c4dcaf376ce9cae4cc1ce1513e1
2026-08-21T16:48:36.137-0300 [DEBUG] [org.gradle.internal.execution.steps.IdentifyStep] Additional implementations for MergeInstrumentationAnalysisTransform: /Users/claratorres1414/.gradle/caches/9.5.1/transforms/de7530332d4dcc99f125f0fd5841caed/transformed/analysis/instrumentation-hierarchy.bin: []
2026-08-21T16:48:36.136-0300 [DEBUG] [org.gradle.internal.execution.steps.IdentifyStep] Implementation for MergeInstrumentationAnalysisTransform: /Users/claratorres1414/.gradle/caches/9.5.1/transforms/4b419c22e62c883ffbbc2270437fe4a3/transformed/analysis/instrumentation-hierarchy.bin: org.gradle.api.internal.initialization.transform.MergeInstrumentationAnalysisTransform@12e53c4dcaf376ce9cae4cc1ce1513e1
2026-08-21T16:48:36.136-0300 [DEBUG] [org.gradle.internal.execution.steps.IdentifyStep] Implementation for ExternalDependencyInstrumentingArtifactTransform: /Users/claratorres1414/.gradle/caches/modules-2/files-2.1/net.java.dev.jna/jna/5.17.0/33d12735bef894440780fce64f9758d420c7bae2/jna-5.17.0.jar: org.gradle.api.internal.initialization.transform.ExternalDependencyInstrumentingArtifactTransform@12e53c4dcaf376ce9cae4cc1ce1513e1
2026-08-21T16:48:36.137-0300 [DEBUG] [org.gradle.internal.execution.steps.IdentifyStep] Additional implementations for ExternalDependencyInstrumentingArtifactTransform: /Users/claratorres1414/.gradle/caches/modules-2/files-2.1/net.java.dev.jna/jna/5.17.0/33d12735bef894440780fce64f9758d420c7bae2/jna-5.17.0.jar: []
2026-08-21T16:48:36.136-0300 [DEBUG] [org.gradle.internal.execution.steps.IdentifyStep] Implementation for MergeInstrumentationAnalysisTransform: /Users/claratorres1414/.gradle/caches/modules-2/files-2.1/org.apache.httpcomponents.core5/httpcore5/5.4/e40011ec0dae056466399f8e414ede4772001621/httpcore5-5.4.jar: org.gradle.api.internal.initialization.transform.MergeInstrumentationAnalysisTransform@12e53c4dcaf376ce9cae4cc1ce1513e1
2026-08-21T16:48:36.137-0300 [DEBUG] [org.gradle.internal.execution.steps.IdentifyStep] Additional implementations for MergeInstrumentationAnalysisTransform: /Users/claratorres1414/.gradle/caches/modules-2/files-2.1/org.apache.httpcomponents.core5/httpcore5/5.4/e40011ec0dae056466399f8e414ede4772001621/httpcore5-5.4.jar: []
2026-08-21T16:48:36.136-0300 [DEBUG] [org.gradle.internal.execution.steps.IdentifyStep] Implementation for MergeInstrumentationAnalysisTransform: /Users/claratorres1414/.gradle/caches/modules-2/files-2.1/org.slf4j/slf4j-api/1.7.36/6c62681a2f655b49963a5983b8b0950a6120ae14/slf4j-api-1.7.36.jar: org.gradle.api.internal.initialization.transform.MergeInstrumentationAnalysisTransform@12e53c4dcaf376ce9cae4cc1ce1513e1
2026-08-21T16:48:36.137-0300 [DEBUG] [org.gradle.internal.execution.steps.IdentifyStep] Additional implementations for MergeInstrumentationAnalysisTransform: /Users/claratorres1414/.gradle/caches/modules-2/files-2.1/org.slf4j/slf4j-api/1.7.36/6c62681a2f655b49963a5983b8b0950a6120ae14/slf4j-api-1.7.36.jar: []
2026-08-21T16:48:36.136-0300 [DEBUG] [org.gradle.internal.execution.steps.IdentifyStep] Implementation for ExternalDependencyInstrumentingArtifactTransform: /Users/claratorres1414/.gradle/caches/9.5.1/transforms/b03d97b42174172a7f3aa0b0101ca3db/transformed/.gradle-instrumented-classpath.marker: org.gradle.api.internal.initialization.transform.ExternalDependencyInstrumentingArtifactTransform@12e53c4dcaf376ce9cae4cc1ce1513e1
2026-08-21T16:48:36.137-0300 [DEBUG] [org.gradle.internal.execution.steps.IdentifyStep] Additional implementations for ExternalDependencyInstrumentingArtifactTransform: /Users/claratorres1414/.gradle/caches/9.5.1/transforms/b03d97b42174172a7f3aa0b0101ca3db/transformed/.gradle-instrumented-classpath.marker: []
2026-08-21T16:48:36.137-0300 [DEBUG] [org.gradle.internal.operations.DefaultBuildOperationRunner] Build operation 'Execute transform chain: jna-platform-5.17.0.jar (net.java.dev.jna:jna-platform:5.17.0)' completed
2026-08-21T16:48:36.137-0300 [DEBUG] [org.gradle.internal.execution.steps.IdentifyStep] Implementation for ExternalDependencyInstrumentingArtifactTransform: /Users/claratorres1414/.gradle/caches/9.5.1/transforms/b03d97b42174172a7f3aa0b0101ca3db/transformed/merge/instrumentation-dependencies.bin: org.gradle.api.internal.initialization.transform.ExternalDependencyInstrumentingArtifactTransform@12e53c4dcaf376ce9cae4cc1ce1513e1
2026-08-21T16:48:36.137-0300 [DEBUG] [org.gradle.internal.execution.steps.IdentifyStep] Additional implementations for ExternalDependencyInstrumentingArtifactTransform: /Users/claratorres1414/.gradle/caches/9.5.1/transforms/b03d97b42174172a7f3aa0b0101ca3db/transformed/merge/instrumentation-dependencies.bin: []
2026-08-21T16:48:36.137-0300 [DEBUG] [org.gradle.internal.execution.steps.IdentifyStep] Implementation for ExternalDependencyInstrumentingArtifactTransform: /Users/claratorres1414/.gradle/caches/9.5.1/transforms/e97aca692ab0e5ce7ea8ae0cb38d993f/transformed/.gradle-instrumented-classpath.marker: org.gradle.api.internal.initialization.transform.ExternalDependencyInstrumentingArtifactTransform@12e53c4dcaf376ce9cae4cc1ce1513e1
2026-08-21T16:48:36.137-0300 [DEBUG] [org.gradle.internal.execution.steps.IdentifyStep] Additional implementations for ExternalDependencyInstrumentingArtifactTransform: /Users/claratorres1414/.gradle/caches/9.5.1/transforms/e97aca692ab0e5ce7ea8ae0cb38d993f/transformed/.gradle-instrumented-classpath.marker: []
2026-08-21T16:48:36.137-0300 [DEBUG] [org.gradle.internal.execution.steps.IdentifyStep] Implementation for ExternalDependencyInstrumentingArtifactTransform: /Users/claratorres1414/.gradle/caches/9.5.1/transforms/bb0e128718aae6e0c96e0c0686ebc22c/transformed/.gradle-instrumented-classpath.marker: org.gradle.api.internal.initialization.transform.ExternalDependencyInstrumentingArtifactTransform@12e53c4dcaf376ce9cae4cc1ce1513e1
2026-08-21T16:48:36.137-0300 [DEBUG] [org.gradle.internal.operations.DefaultBuildOperationRunner] Build operation 'Execute transform chain: jna-5.17.0.jar (net.java.dev.jna:jna:5.17.0)' completed
2026-08-21T16:48:36.137-0300 [DEBUG] [org.gradle.internal.execution.steps.IdentifyStep] Additional implementations for MergeInstrumentationAnalysisTransform: /Users/claratorres1414/.gradle/caches/9.5.1/transforms/4b419c22e62c883ffbbc2270437fe4a3/transformed/analysis/instrumentation-hierarchy.bin: []
2026-08-21T16:48:36.137-0300 [DEBUG] [org.gradle.internal.execution.steps.IdentifyStep] Implementation for MergeInstrumentationAnalysisTransform: /Users/claratorres1414/.gradle/caches/9.5.1/transforms/92c06d338cac6272cbe69dfa62333bc5/transformed/.gradle-instrumented-classpath.marker: org.gradle.api.internal.initialization.transform.MergeInstrumentationAnalysisTransform@12e53c4dcaf376ce9cae4cc1ce1513e1
2026-08-21T16:48:36.137-0300 [DEBUG] [org.gradle.internal.execution.steps.IdentifyStep] Additional implementations for MergeInstrumentationAnalysisTransform: /Users/claratorres1414/.gradle/caches/9.5.1/transforms/92c06d338cac6272cbe69dfa62333bc5/transformed/.gradle-instrumented-classpath.marker: []
2026-08-21T16:48:36.137-0300 [DEBUG] [org.gradle.internal.execution.steps.IdentifyStep] Implementation for MergeInstrumentationAnalysisTransform: /Users/claratorres1414/.gradle/caches/9.5.1/transforms/de7530332d4dcc99f125f0fd5841caed/transformed/analysis/instrumentation-dependencies.bin: org.gradle.api.internal.initialization.transform.MergeInstrumentationAnalysisTransform@12e53c4dcaf376ce9cae4cc1ce1513e1
2026-08-21T16:48:36.137-0300 [DEBUG] [org.gradle.internal.execution.steps.IdentifyStep] Additional implementations for MergeInstrumentationAnalysisTransform: /Users/claratorres1414/.gradle/caches/9.5.1/transforms/de7530332d4dcc99f125f0fd5841caed/transformed/analysis/instrumentation-dependencies.bin: []
2026-08-21T16:48:36.137-0300 [DEBUG] [org.gradle.internal.resources.AbstractTrackedResourceLock] Build operations Thread 12: acquired lock on worker lease
2026-08-21T16:48:36.137-0300 [DEBUG] [org.gradle.internal.resources.AbstractTrackedResourceLock] Build operations Thread 12: released lock on worker lease
2026-08-21T16:48:36.137-0300 [DEBUG] [org.gradle.internal.execution.steps.IdentifyStep] Implementation for ExternalDependencyInstrumentingArtifactTransform: /Users/claratorres1414/.gradle/caches/9.5.1/transforms/e2c561b9e1ca515b816a847eb3b08823/transformed/.gradle-instrumented-classpath.marker: org.gradle.api.internal.initialization.transform.ExternalDependencyInstrumentingArtifactTransform@12e53c4dcaf376ce9cae4cc1ce1513e1
2026-08-21T16:48:36.137-0300 [DEBUG] [org.gradle.internal.execution.steps.IdentifyStep] Additional implementations for ExternalDependencyInstrumentingArtifactTransform: /Users/claratorres1414/.gradle/caches/9.5.1/transforms/e2c561b9e1ca515b816a847eb3b08823/transformed/.gradle-instrumented-classpath.marker: []
2026-08-21T16:48:36.137-0300 [DEBUG] [org.gradle.internal.resources.AbstractTrackedResourceLock] Build operations Thread 11: released lock on worker lease
2026-08-21T16:48:36.137-0300 [DEBUG] [org.gradle.internal.execution.steps.IdentifyStep] Implementation for MergeInstrumentationAnalysisTransform: /Users/claratorres1414/.gradle/caches/modules-2/files-2.1/org.antlr/antlr4-runtime/4.7.2/e27d8ab4f984f9d186f54da984a6ab1cccac755e/antlr4-runtime-4.7.2.jar: org.gradle.api.internal.initialization.transform.MergeInstrumentationAnalysisTransform@12e53c4dcaf376ce9cae4cc1ce1513e1
2026-08-21T16:48:36.138-0300 [DEBUG] [org.gradle.internal.execution.steps.IdentifyStep] Additional implementations for MergeInstrumentationAnalysisTransform: /Users/claratorres1414/.gradle/caches/modules-2/files-2.1/org.antlr/antlr4-runtime/4.7.2/e27d8ab4f984f9d186f54da984a6ab1cccac755e/antlr4-runtime-4.7.2.jar: []
2026-08-21T16:48:36.137-0300 [DEBUG] [org.gradle.internal.execution.steps.IdentifyStep] Implementation for MergeInstrumentationAnalysisTransform: /Users/claratorres1414/.gradle/caches/9.5.1/transforms/92c06d338cac6272cbe69dfa62333bc5/transformed/analysis/instrumentation-hierarchy.bin: org.gradle.api.internal.initialization.transform.MergeInstrumentationAnalysisTransform@12e53c4dcaf376ce9cae4cc1ce1513e1
2026-08-21T16:48:36.138-0300 [DEBUG] [org.gradle.internal.execution.steps.IdentifyStep] Additional implementations for MergeInstrumentationAnalysisTransform: /Users/claratorres1414/.gradle/caches/9.5.1/transforms/92c06d338cac6272cbe69dfa62333bc5/transformed/analysis/instrumentation-hierarchy.bin: []
2026-08-21T16:48:36.137-0300 [DEBUG] [org.gradle.internal.execution.steps.IdentifyStep] Implementation for MergeInstrumentationAnalysisTransform: /Users/claratorres1414/.gradle/caches/9.5.1/transforms/4b419c22e62c883ffbbc2270437fe4a3/transformed/analysis/instrumentation-dependencies.bin: org.gradle.api.internal.initialization.transform.MergeInstrumentationAnalysisTransform@12e53c4dcaf376ce9cae4cc1ce1513e1
2026-08-21T16:48:36.138-0300 [DEBUG] [org.gradle.internal.execution.steps.IdentifyStep] Additional implementations for MergeInstrumentationAnalysisTransform: /Users/claratorres1414/.gradle/caches/9.5.1/transforms/4b419c22e62c883ffbbc2270437fe4a3/transformed/analysis/instrumentation-dependencies.bin: []
2026-08-21T16:48:36.137-0300 [DEBUG] [org.gradle.internal.execution.steps.IdentifyStep] Additional implementations for ExternalDependencyInstrumentingArtifactTransform: /Users/claratorres1414/.gradle/caches/9.5.1/transforms/bb0e128718aae6e0c96e0c0686ebc22c/transformed/.gradle-instrumented-classpath.marker: []
2026-08-21T16:48:36.137-0300 [DEBUG] [org.gradle.internal.execution.steps.IdentifyStep] Implementation for ExternalDependencyInstrumentingArtifactTransform: /Users/claratorres1414/.gradle/caches/9.5.1/transforms/e97aca692ab0e5ce7ea8ae0cb38d993f/transformed/merge/instrumentation-dependencies.bin: org.gradle.api.internal.initialization.transform.ExternalDependencyInstrumentingArtifactTransform@12e53c4dcaf376ce9cae4cc1ce1513e1
2026-08-21T16:48:36.138-0300 [DEBUG] [org.gradle.internal.execution.steps.IdentifyStep] Additional implementations for ExternalDependencyInstrumentingArtifactTransform: /Users/claratorres1414/.gradle/caches/9.5.1/transforms/e97aca692ab0e5ce7ea8ae0cb38d993f/transformed/merge/instrumentation-dependencies.bin: []
2026-08-21T16:48:36.137-0300 [DEBUG] [org.gradle.internal.execution.steps.IdentifyStep] Implementation for ExternalDependencyInstrumentingArtifactTransform: /Users/claratorres1414/.gradle/caches/modules-2/files-2.1/org.apache.httpcomponents.core5/httpcore5-h2/5.4/83cdd62ef3140664f46be59c2c2727141d1c5a32/httpcore5-h2-5.4.jar: org.gradle.api.internal.initialization.transform.ExternalDependencyInstrumentingArtifactTransform@12e53c4dcaf376ce9cae4cc1ce1513e1
2026-08-21T16:48:36.138-0300 [DEBUG] [org.gradle.internal.execution.steps.IdentifyStep] Additional implementations for ExternalDependencyInstrumentingArtifactTransform: /Users/claratorres1414/.gradle/caches/modules-2/files-2.1/org.apache.httpcomponents.core5/httpcore5-h2/5.4/83cdd62ef3140664f46be59c2c2727141d1c5a32/httpcore5-h2-5.4.jar: []
2026-08-21T16:48:36.138-0300 [DEBUG] [org.gradle.internal.execution.steps.IdentifyStep] Implementation for ExternalDependencyInstrumentingArtifactTransform: /Users/claratorres1414/.gradle/caches/modules-2/files-2.1/org.slf4j/slf4j-api/1.7.36/6c62681a2f655b49963a5983b8b0950a6120ae14/slf4j-api-1.7.36.jar: org.gradle.api.internal.initialization.transform.ExternalDependencyInstrumentingArtifactTransform@12e53c4dcaf376ce9cae4cc1ce1513e1
2026-08-21T16:48:36.138-0300 [DEBUG] [org.gradle.internal.execution.steps.IdentifyStep] Additional implementations for ExternalDependencyInstrumentingArtifactTransform: /Users/claratorres1414/.gradle/caches/modules-2/files-2.1/org.slf4j/slf4j-api/1.7.36/6c62681a2f655b49963a5983b8b0950a6120ae14/slf4j-api-1.7.36.jar: []
2026-08-21T16:48:36.138-0300 [DEBUG] [org.gradle.internal.execution.steps.IdentifyStep] Implementation for ExternalDependencyInstrumentingArtifactTransform: /Users/claratorres1414/.gradle/caches/9.5.1/transforms/bb0e128718aae6e0c96e0c0686ebc22c/transformed/merge/instrumentation-dependencies.bin: org.gradle.api.internal.initialization.transform.ExternalDependencyInstrumentingArtifactTransform@12e53c4dcaf376ce9cae4cc1ce1513e1
2026-08-21T16:48:36.138-0300 [DEBUG] [org.gradle.internal.execution.steps.IdentifyStep] Additional implementations for ExternalDependencyInstrumentingArtifactTransform: /Users/claratorres1414/.gradle/caches/9.5.1/transforms/bb0e128718aae6e0c96e0c0686ebc22c/transformed/merge/instrumentation-dependencies.bin: []
2026-08-21T16:48:36.138-0300 [DEBUG] [org.gradle.internal.execution.steps.IdentifyStep] Implementation for MergeInstrumentationAnalysisTransform: /Users/claratorres1414/.gradle/caches/modules-2/files-2.1/com.google.code.findbugs/jsr305/3.0.2/25ea2e8b0c338a877313bd4672d3fe056ea78f0d/jsr305-3.0.2.jar: org.gradle.api.internal.initialization.transform.MergeInstrumentationAnalysisTransform@12e53c4dcaf376ce9cae4cc1ce1513e1
2026-08-21T16:48:36.138-0300 [DEBUG] [org.gradle.internal.execution.steps.IdentifyStep] Additional implementations for MergeInstrumentationAnalysisTransform: /Users/claratorres1414/.gradle/caches/modules-2/files-2.1/com.google.code.findbugs/jsr305/3.0.2/25ea2e8b0c338a877313bd4672d3fe056ea78f0d/jsr305-3.0.2.jar: []
2026-08-21T16:48:36.138-0300 [DEBUG] [org.gradle.internal.execution.steps.IdentifyStep] Implementation for MergeInstrumentationAnalysisTransform: /Users/claratorres1414/.gradle/caches/9.5.1/transforms/92c06d338cac6272cbe69dfa62333bc5/transformed/analysis/instrumentation-dependencies.bin: org.gradle.api.internal.initialization.transform.MergeInstrumentationAnalysisTransform@12e53c4dcaf376ce9cae4cc1ce1513e1
2026-08-21T16:48:36.138-0300 [DEBUG] [org.gradle.internal.execution.steps.IdentifyStep] Additional implementations for MergeInstrumentationAnalysisTransform: /Users/claratorres1414/.gradle/caches/9.5.1/transforms/92c06d338cac6272cbe69dfa62333bc5/transformed/analysis/instrumentation-dependencies.bin: []
2026-08-21T16:48:36.138-0300 [DEBUG] [org.gradle.internal.execution.steps.IdentifyStep] Implementation for ExternalDependencyInstrumentingArtifactTransform: /Users/claratorres1414/.gradle/caches/9.5.1/transforms/a56c170e99e9addb8690f869f9bebfe9/transformed/.gradle-instrumented-classpath.marker: org.gradle.api.internal.initialization.transform.ExternalDependencyInstrumentingArtifactTransform@12e53c4dcaf376ce9cae4cc1ce1513e1
2026-08-21T16:48:36.138-0300 [DEBUG] [org.gradle.internal.execution.steps.IdentifyStep] Additional implementations for ExternalDependencyInstrumentingArtifactTransform: /Users/claratorres1414/.gradle/caches/9.5.1/transforms/a56c170e99e9addb8690f869f9bebfe9/transformed/.gradle-instrumented-classpath.marker: []
2026-08-21T16:48:36.138-0300 [DEBUG] [org.gradle.internal.resources.AbstractTrackedResourceLock] Build operations Thread 2: released lock on worker lease
2026-08-21T16:48:36.138-0300 [DEBUG] [org.gradle.internal.execution.steps.IdentifyStep] Implementation for ExternalDependencyInstrumentingArtifactTransform: /Users/claratorres1414/.gradle/caches/9.5.1/transforms/e2c561b9e1ca515b816a847eb3b08823/transformed/merge/instrumentation-dependencies.bin: org.gradle.api.internal.initialization.transform.ExternalDependencyInstrumentingArtifactTransform@12e53c4dcaf376ce9cae4cc1ce1513e1
2026-08-21T16:48:36.138-0300 [DEBUG] [org.gradle.internal.execution.steps.IdentifyStep] Additional implementations for ExternalDependencyInstrumentingArtifactTransform: /Users/claratorres1414/.gradle/caches/9.5.1/transforms/e2c561b9e1ca515b816a847eb3b08823/transformed/merge/instrumentation-dependencies.bin: []
2026-08-21T16:48:36.138-0300 [DEBUG] [org.gradle.internal.resources.AbstractTrackedResourceLock] Build operations Thread 5: released lock on worker lease
2026-08-21T16:48:36.138-0300 [DEBUG] [org.gradle.internal.execution.steps.IdentifyStep] Implementation for ExternalDependencyInstrumentingArtifactTransform: /Users/claratorres1414/.gradle/caches/9.5.1/transforms/a56c170e99e9addb8690f869f9bebfe9/transformed/merge/instrumentation-dependencies.bin: org.gradle.api.internal.initialization.transform.ExternalDependencyInstrumentingArtifactTransform@12e53c4dcaf376ce9cae4cc1ce1513e1
2026-08-21T16:48:36.138-0300 [DEBUG] [org.gradle.internal.execution.steps.IdentifyStep] Additional implementations for ExternalDependencyInstrumentingArtifactTransform: /Users/claratorres1414/.gradle/caches/9.5.1/transforms/a56c170e99e9addb8690f869f9bebfe9/transformed/merge/instrumentation-dependencies.bin: []
2026-08-21T16:48:36.138-0300 [DEBUG] [org.gradle.internal.execution.steps.IdentifyStep] Implementation for MergeInstrumentationAnalysisTransform: /Users/claratorres1414/.gradle/caches/modules-2/files-2.1/com.fasterxml.jackson.core/jackson-annotations/2.21/b1bc1868bf02dc0bd6c7836257a036a331005309/jackson-annotations-2.21.jar: org.gradle.api.internal.initialization.transform.MergeInstrumentationAnalysisTransform@12e53c4dcaf376ce9cae4cc1ce1513e1
2026-08-21T16:48:36.138-0300 [DEBUG] [org.gradle.internal.execution.steps.IdentifyStep] Additional implementations for MergeInstrumentationAnalysisTransform: /Users/claratorres1414/.gradle/caches/modules-2/files-2.1/com.fasterxml.jackson.core/jackson-annotations/2.21/b1bc1868bf02dc0bd6c7836257a036a331005309/jackson-annotations-2.21.jar: []
2026-08-21T16:48:36.138-0300 [DEBUG] [org.gradle.internal.execution.steps.IdentifyStep] Implementation for ExternalDependencyInstrumentingArtifactTransform: /Users/claratorres1414/.gradle/caches/9.5.1/transforms/fb29cc046007410ff71c7163ef35c36c/transformed/.gradle-instrumented-classpath.marker: org.gradle.api.internal.initialization.transform.ExternalDependencyInstrumentingArtifactTransform@12e53c4dcaf376ce9cae4cc1ce1513e1
2026-08-21T16:48:36.138-0300 [DEBUG] [org.gradle.internal.execution.steps.IdentifyStep] Additional implementations for ExternalDependencyInstrumentingArtifactTransform: /Users/claratorres1414/.gradle/caches/9.5.1/transforms/fb29cc046007410ff71c7163ef35c36c/transformed/.gradle-instrumented-classpath.marker: []
2026-08-21T16:48:36.138-0300 [DEBUG] [org.gradle.internal.execution.steps.IdentifyStep] Implementation for ExternalDependencyInstrumentingArtifactTransform: /Users/claratorres1414/.gradle/caches/modules-2/files-2.1/org.apache.httpcomponents.core5/httpcore5/5.4/e40011ec0dae056466399f8e414ede4772001621/httpcore5-5.4.jar: org.gradle.api.internal.initialization.transform.ExternalDependencyInstrumentingArtifactTransform@12e53c4dcaf376ce9cae4cc1ce1513e1
2026-08-21T16:48:36.138-0300 [DEBUG] [org.gradle.internal.execution.steps.IdentifyStep] Additional implementations for ExternalDependencyInstrumentingArtifactTransform: /Users/claratorres1414/.gradle/caches/modules-2/files-2.1/org.apache.httpcomponents.core5/httpcore5/5.4/e40011ec0dae056466399f8e414ede4772001621/httpcore5-5.4.jar: []
2026-08-21T16:48:36.138-0300 [DEBUG] [org.gradle.internal.operations.DefaultBuildOperationRunner] Build operation 'Execute transform chain: slf4j-api-1.7.36.jar (org.slf4j:slf4j-api:1.7.36)' completed
2026-08-21T16:48:36.139-0300 [DEBUG] [org.gradle.internal.resources.AbstractTrackedResourceLock] Build operations: released lock on worker lease
2026-08-21T16:48:36.139-0300 [DEBUG] [org.gradle.internal.operations.DefaultBuildOperationRunner] Build operation 'Execute transform chain: httpcore5-h2-5.4.jar (org.apache.httpcomponents.core5:httpcore5-h2:5.4)' completed
2026-08-21T16:48:36.139-0300 [DEBUG] [org.gradle.internal.resources.AbstractTrackedResourceLock] Build operations Thread 7: released lock on worker lease
2026-08-21T16:48:36.139-0300 [DEBUG] [org.gradle.internal.operations.DefaultBuildOperationRunner] Build operation 'Execute transform chain: httpcore5-5.4.jar (org.apache.httpcomponents.core5:httpcore5:5.4)' completed
2026-08-21T16:48:36.139-0300 [DEBUG] [org.gradle.internal.resources.AbstractTrackedResourceLock] Build operations Thread 10: released lock on worker lease
2026-08-21T16:48:36.138-0300 [DEBUG] [org.gradle.internal.execution.steps.IdentifyStep] Implementation for ExternalDependencyInstrumentingArtifactTransform: /Users/claratorres1414/.gradle/caches/9.5.1/transforms/fb29cc046007410ff71c7163ef35c36c/transformed/merge/instrumentation-dependencies.bin: org.gradle.api.internal.initialization.transform.ExternalDependencyInstrumentingArtifactTransform@12e53c4dcaf376ce9cae4cc1ce1513e1
2026-08-21T16:48:36.139-0300 [DEBUG] [org.gradle.internal.execution.steps.IdentifyStep] Additional implementations for ExternalDependencyInstrumentingArtifactTransform: /Users/claratorres1414/.gradle/caches/9.5.1/transforms/fb29cc046007410ff71c7163ef35c36c/transformed/merge/instrumentation-dependencies.bin: []
2026-08-21T16:48:36.138-0300 [DEBUG] [org.gradle.internal.execution.steps.IdentifyStep] Implementation for ExternalDependencyInstrumentingArtifactTransform: /Users/claratorres1414/.gradle/caches/9.5.1/transforms/df18354e90c4a9d70a9ddcfc775ef4c4/transformed/.gradle-instrumented-classpath.marker: org.gradle.api.internal.initialization.transform.ExternalDependencyInstrumentingArtifactTransform@12e53c4dcaf376ce9cae4cc1ce1513e1
2026-08-21T16:48:36.139-0300 [DEBUG] [org.gradle.internal.execution.steps.IdentifyStep] Additional implementations for ExternalDependencyInstrumentingArtifactTransform: /Users/claratorres1414/.gradle/caches/9.5.1/transforms/df18354e90c4a9d70a9ddcfc775ef4c4/transformed/.gradle-instrumented-classpath.marker: []
2026-08-21T16:48:36.138-0300 [DEBUG] [org.gradle.internal.execution.steps.IdentifyStep] Implementation for ExternalDependencyInstrumentingArtifactTransform: /Users/claratorres1414/.gradle/caches/modules-2/files-2.1/org.antlr/antlr4-runtime/4.7.2/e27d8ab4f984f9d186f54da984a6ab1cccac755e/antlr4-runtime-4.7.2.jar: org.gradle.api.internal.initialization.transform.ExternalDependencyInstrumentingArtifactTransform@12e53c4dcaf376ce9cae4cc1ce1513e1
2026-08-21T16:48:36.139-0300 [DEBUG] [org.gradle.internal.execution.steps.IdentifyStep] Additional implementations for ExternalDependencyInstrumentingArtifactTransform: /Users/claratorres1414/.gradle/caches/modules-2/files-2.1/org.antlr/antlr4-runtime/4.7.2/e27d8ab4f984f9d186f54da984a6ab1cccac755e/antlr4-runtime-4.7.2.jar: []
2026-08-21T16:48:36.138-0300 [DEBUG] [org.gradle.internal.execution.steps.IdentifyStep] Implementation for ExternalDependencyInstrumentingArtifactTransform: /Users/claratorres1414/.gradle/caches/modules-2/files-2.1/org.apache.commons/commons-lang3/3.16.0/3eb54effe40946dfb06dc5cd6c7ce4116cd51ea4/commons-lang3-3.16.0.jar: org.gradle.api.internal.initialization.transform.ExternalDependencyInstrumentingArtifactTransform@12e53c4dcaf376ce9cae4cc1ce1513e1
2026-08-21T16:48:36.139-0300 [DEBUG] [org.gradle.internal.execution.steps.IdentifyStep] Additional implementations for ExternalDependencyInstrumentingArtifactTransform: /Users/claratorres1414/.gradle/caches/modules-2/files-2.1/org.apache.commons/commons-lang3/3.16.0/3eb54effe40946dfb06dc5cd6c7ce4116cd51ea4/commons-lang3-3.16.0.jar: []
2026-08-21T16:48:36.139-0300 [DEBUG] [org.gradle.internal.operations.DefaultBuildOperationRunner] Build operation 'Execute transform chain: antlr4-runtime-4.7.2.jar (org.antlr:antlr4-runtime:4.7.2)' completed
2026-08-21T16:48:36.139-0300 [DEBUG] [org.gradle.internal.resources.AbstractTrackedResourceLock] Build operations Thread 3: released lock on worker lease
2026-08-21T16:48:36.139-0300 [DEBUG] [org.gradle.internal.execution.steps.IdentifyStep] Implementation for ExternalDependencyInstrumentingArtifactTransform: /Users/claratorres1414/.gradle/caches/9.5.1/transforms/df18354e90c4a9d70a9ddcfc775ef4c4/transformed/merge/instrumentation-dependencies.bin: org.gradle.api.internal.initialization.transform.ExternalDependencyInstrumentingArtifactTransform@12e53c4dcaf376ce9cae4cc1ce1513e1
2026-08-21T16:48:36.139-0300 [DEBUG] [org.gradle.internal.execution.steps.IdentifyStep] Additional implementations for ExternalDependencyInstrumentingArtifactTransform: /Users/claratorres1414/.gradle/caches/9.5.1/transforms/df18354e90c4a9d70a9ddcfc775ef4c4/transformed/merge/instrumentation-dependencies.bin: []
2026-08-21T16:48:36.139-0300 [DEBUG] [org.gradle.internal.execution.steps.IdentifyStep] Implementation for ExternalDependencyInstrumentingArtifactTransform: /Users/claratorres1414/.gradle/caches/modules-2/files-2.1/com.google.code.findbugs/jsr305/3.0.2/25ea2e8b0c338a877313bd4672d3fe056ea78f0d/jsr305-3.0.2.jar: org.gradle.api.internal.initialization.transform.ExternalDependencyInstrumentingArtifactTransform@12e53c4dcaf376ce9cae4cc1ce1513e1
2026-08-21T16:48:36.139-0300 [DEBUG] [org.gradle.internal.execution.steps.IdentifyStep] Additional implementations for ExternalDependencyInstrumentingArtifactTransform: /Users/claratorres1414/.gradle/caches/modules-2/files-2.1/com.google.code.findbugs/jsr305/3.0.2/25ea2e8b0c338a877313bd4672d3fe056ea78f0d/jsr305-3.0.2.jar: []
2026-08-21T16:48:36.139-0300 [DEBUG] [org.gradle.internal.execution.steps.IdentifyStep] Implementation for ExternalDependencyInstrumentingArtifactTransform: /Users/claratorres1414/.gradle/caches/modules-2/files-2.1/com.fasterxml.jackson.core/jackson-annotations/2.21/b1bc1868bf02dc0bd6c7836257a036a331005309/jackson-annotations-2.21.jar: org.gradle.api.internal.initialization.transform.ExternalDependencyInstrumentingArtifactTransform@12e53c4dcaf376ce9cae4cc1ce1513e1
2026-08-21T16:48:36.139-0300 [DEBUG] [org.gradle.internal.execution.steps.IdentifyStep] Additional implementations for ExternalDependencyInstrumentingArtifactTransform: /Users/claratorres1414/.gradle/caches/modules-2/files-2.1/com.fasterxml.jackson.core/jackson-annotations/2.21/b1bc1868bf02dc0bd6c7836257a036a331005309/jackson-annotations-2.21.jar: []
2026-08-21T16:48:36.139-0300 [DEBUG] [org.gradle.internal.operations.DefaultBuildOperationRunner] Build operation 'Execute transform chain: commons-lang3-3.16.0.jar (org.apache.commons:commons-lang3:3.16.0)' completed
2026-08-21T16:48:36.139-0300 [DEBUG] [org.gradle.internal.resources.AbstractTrackedResourceLock] Build operations Thread 4: released lock on worker lease
2026-08-21T16:48:36.139-0300 [DEBUG] [org.gradle.internal.operations.DefaultBuildOperationRunner] Build operation 'Execute transform chain: jackson-annotations-2.21.jar (com.fasterxml.jackson.core:jackson-annotations:2.21)' completed
2026-08-21T16:48:36.139-0300 [DEBUG] [org.gradle.internal.resources.AbstractTrackedResourceLock] Daemon worker Thread 6: released lock on state of build :
2026-08-21T16:48:36.139-0300 [DEBUG] [org.gradle.internal.resources.AbstractTrackedResourceLock] Daemon worker Thread 6: released lock on worker lease
2026-08-21T16:48:36.139-0300 [DEBUG] [org.gradle.internal.operations.DefaultBuildOperationRunner] Build operation 'Execute transform chain: jsr305-3.0.2.jar (com.google.code.findbugs:jsr305:3.0.2)' completed
2026-08-21T16:48:36.139-0300 [DEBUG] [org.gradle.internal.resources.AbstractTrackedResourceLock] Build operations Thread 8: released lock on worker lease
2026-08-21T16:48:36.139-0300 [DEBUG] [org.gradle.internal.resources.AbstractTrackedResourceLock] Daemon worker Thread 6: acquired lock on state of build :
2026-08-21T16:48:36.139-0300 [DEBUG] [org.gradle.internal.resources.AbstractTrackedResourceLock] Daemon worker Thread 6: acquired lock on worker lease
2026-08-21T16:48:36.140-0300 [DEBUG] [org.gradle.internal.operations.DefaultBuildOperationRunner] Build operation 'Resolve files of configuration 'classpath'' completed
2026-08-21T16:48:36.140-0300 [DEBUG] [org.gradle.internal.operations.DefaultBuildOperationRunner] Build operation 'Resolve files of configuration 'classpath'' completed
2026-08-21T16:48:36.140-0300 [DEBUG] [org.gradle.internal.operations.DefaultBuildOperationRunner] Build operation 'Resolve buildscript classpath for configuration 'classpath'' completed
2026-08-21T16:48:36.140-0300 [DEBUG] [org.gradle.internal.operations.DefaultBuildOperationRunner] Build operation 'Register task :clean' completed
2026-08-21T16:48:36.140-0300 [DEBUG] [org.gradle.internal.operations.DefaultBuildOperationRunner] Build operation 'Register task :assemble' completed
2026-08-21T16:48:36.141-0300 [DEBUG] [org.gradle.internal.operations.DefaultBuildOperationRunner] Build operation 'Register task :check' completed
2026-08-21T16:48:36.141-0300 [DEBUG] [org.gradle.internal.operations.DefaultBuildOperationRunner] Build operation 'Register task :build' completed
2026-08-21T16:48:36.141-0300 [DEBUG] [org.gradle.internal.operations.DefaultBuildOperationRunner] Build operation 'Apply plugin org.gradle.language.base.plugins.LifecycleBasePlugin to root project 'spring-bootstrap'' completed
2026-08-21T16:48:36.141-0300 [DEBUG] [org.gradle.internal.locking.LockFileReaderWriter] Lockfiles root: /Users/claratorres1414/Desktop/spring-bootstrap/gradle/dependency-locks
2026-08-21T16:48:36.141-0300 [DEBUG] [org.gradle.internal.operations.DefaultBuildOperationRunner] Build operation 'Apply plugin org.gradle.api.plugins.BasePlugin to root project 'spring-bootstrap'' completed
2026-08-21T16:48:36.142-0300 [DEBUG] [org.gradle.internal.operations.DefaultBuildOperationRunner] Build operation 'Apply plugin org.gradle.api.plugins.JvmEcosystemPlugin to root project 'spring-bootstrap'' completed
2026-08-21T16:48:36.142-0300 [DEBUG] [org.gradle.internal.operations.DefaultBuildOperationRunner] Build operation 'Apply plugin org.gradle.api.plugins.ReportingBasePlugin to root project 'spring-bootstrap'' completed
2026-08-21T16:48:36.142-0300 [DEBUG] [org.gradle.internal.operations.DefaultBuildOperationRunner] Build operation 'Apply plugin org.gradle.api.plugins.JvmToolchainsPlugin to root project 'spring-bootstrap'' completed
2026-08-21T16:48:36.142-0300 [DEBUG] [org.gradle.internal.operations.DefaultBuildOperationRunner] Build operation 'Register task :buildNeeded' completed
2026-08-21T16:48:36.142-0300 [DEBUG] [org.gradle.internal.operations.DefaultBuildOperationRunner] Build operation 'Register task :buildDependents' completed
2026-08-21T16:48:36.143-0300 [DEBUG] [org.gradle.internal.operations.DefaultBuildOperationRunner] Build operation 'Apply plugin org.gradle.api.plugins.JavaBasePlugin to root project 'spring-bootstrap'' completed
2026-08-21T16:48:36.143-0300 [DEBUG] [org.gradle.internal.operations.DefaultBuildOperationRunner] Build operation 'Apply plugin org.gradle.testing.base.plugins.TestSuiteBasePlugin to root project 'spring-bootstrap'' completed
2026-08-21T16:48:36.143-0300 [DEBUG] [org.gradle.internal.operations.DefaultBuildOperationRunner] Build operation 'Apply plugin org.gradle.jvm-test-suite to root project 'spring-bootstrap'' completed
2026-08-21T16:48:36.143-0300 [DEBUG] [org.gradle.internal.operations.DefaultBuildOperationRunner] Build operation 'Register task :processResources' completed
2026-08-21T16:48:36.143-0300 [DEBUG] [org.gradle.internal.operations.DefaultBuildOperationRunner] Build operation 'Register task :compileJava' completed
2026-08-21T16:48:36.144-0300 [DEBUG] [org.gradle.internal.operations.DefaultBuildOperationRunner] Build operation 'Register task :classes' completed
2026-08-21T16:48:36.144-0300 [DEBUG] [org.gradle.internal.operations.DefaultBuildOperationRunner] Build operation 'Execute container callback action' completed
2026-08-21T16:48:36.144-0300 [DEBUG] [org.gradle.internal.operations.DefaultBuildOperationRunner] Build operation 'Register task :jar' completed
2026-08-21T16:48:36.144-0300 [DEBUG] [org.gradle.internal.operations.DefaultBuildOperationRunner] Build operation 'Register task :javadoc' completed
2026-08-21T16:48:36.144-0300 [DEBUG] [org.gradle.internal.operations.DefaultBuildOperationRunner] Build operation 'Register task :processTestResources' completed
2026-08-21T16:48:36.144-0300 [DEBUG] [org.gradle.internal.operations.DefaultBuildOperationRunner] Build operation 'Register task :compileTestJava' completed
2026-08-21T16:48:36.144-0300 [DEBUG] [org.gradle.internal.operations.DefaultBuildOperationRunner] Build operation 'Register task :testClasses' completed
2026-08-21T16:48:36.144-0300 [DEBUG] [org.gradle.internal.operations.DefaultBuildOperationRunner] Build operation 'Execute container callback action' completed
2026-08-21T16:48:36.145-0300 [DEBUG] [org.gradle.internal.operations.DefaultBuildOperationRunner] Build operation 'Execute container callback action' completed
2026-08-21T16:48:36.145-0300 [DEBUG] [org.gradle.internal.operations.DefaultBuildOperationRunner] Build operation 'Register task :test' completed
2026-08-21T16:48:36.145-0300 [DEBUG] [org.gradle.internal.operations.DefaultBuildOperationRunner] Build operation 'Execute container callback action' completed
2026-08-21T16:48:36.145-0300 [DEBUG] [org.gradle.internal.operations.DefaultBuildOperationRunner] Build operation 'Execute container callback action' completed
2026-08-21T16:48:36.145-0300 [DEBUG] [org.gradle.internal.operations.DefaultBuildOperationRunner] Build operation 'Execute container callback action' completed
2026-08-21T16:48:36.145-0300 [DEBUG] [org.gradle.internal.operations.DefaultBuildOperationRunner] Build operation 'Execute container callback action' completed
2026-08-21T16:48:36.145-0300 [DEBUG] [org.gradle.internal.operations.DefaultBuildOperationRunner] Build operation 'Execute container callback action' completed
2026-08-21T16:48:36.145-0300 [DEBUG] [org.gradle.internal.operations.DefaultBuildOperationRunner] Build operation 'Execute container callback action' completed
2026-08-21T16:48:36.145-0300 [DEBUG] [org.gradle.internal.operations.DefaultBuildOperationRunner] Build operation 'Apply plugin org.gradle.java to root project 'spring-bootstrap'' completed
2026-08-21T16:48:36.146-0300 [DEBUG] [org.gradle.internal.operations.DefaultBuildOperationRunner] Build operation 'Register task :resolveMainClassName' completed
2026-08-21T16:48:36.146-0300 [DEBUG] [org.gradle.internal.operations.DefaultBuildOperationRunner] Build operation 'Register task :bootJar' completed
2026-08-21T16:48:36.146-0300 [DEBUG] [org.gradle.internal.operations.DefaultBuildOperationRunner] Build operation 'Register task :bootBuildImage' completed
2026-08-21T16:48:36.146-0300 [DEBUG] [org.gradle.internal.operations.DefaultBuildOperationRunner] Build operation 'Register task :bootRun' completed
2026-08-21T16:48:36.146-0300 [DEBUG] [org.gradle.internal.operations.DefaultBuildOperationRunner] Build operation 'Register task :resolveTestMainClassName' completed
2026-08-21T16:48:36.146-0300 [DEBUG] [org.gradle.internal.operations.DefaultBuildOperationRunner] Build operation 'Register task :bootTestRun' completed
2026-08-21T16:48:36.146-0300 [DEBUG] [org.gradle.internal.operations.DefaultBuildOperationRunner] Build operation 'Execute container callback action' completed
2026-08-21T16:48:36.147-0300 [DEBUG] [org.gradle.internal.operations.DefaultBuildOperationRunner] Build operation 'Apply plugin org.springframework.boot to root project 'spring-bootstrap'' completed
2026-08-21T16:48:36.147-0300 [DEBUG] [org.gradle.internal.operations.DefaultBuildOperationRunner] Build operation 'Realize task :dependencyManagement' completed
2026-08-21T16:48:36.147-0300 [DEBUG] [org.gradle.internal.operations.DefaultBuildOperationRunner] Build operation 'Execute container callback action' completed
2026-08-21T16:48:36.147-0300 [DEBUG] [org.gradle.internal.operations.DefaultBuildOperationRunner] Build operation 'Execute container callback action' completed
2026-08-21T16:48:36.147-0300 [DEBUG] [org.gradle.internal.operations.DefaultBuildOperationRunner] Build operation 'Execute container callback action' completed
2026-08-21T16:48:36.147-0300 [DEBUG] [org.gradle.internal.operations.DefaultBuildOperationRunner] Build operation 'Execute container callback action' completed
2026-08-21T16:48:36.147-0300 [DEBUG] [org.gradle.internal.operations.DefaultBuildOperationRunner] Build operation 'Execute container callback action' completed
2026-08-21T16:48:36.148-0300 [DEBUG] [org.gradle.internal.operations.DefaultBuildOperationRunner] Build operation 'Execute container callback action' completed
2026-08-21T16:48:36.148-0300 [DEBUG] [org.gradle.internal.operations.DefaultBuildOperationRunner] Build operation 'Execute container callback action' completed
2026-08-21T16:48:36.148-0300 [DEBUG] [org.gradle.internal.operations.DefaultBuildOperationRunner] Build operation 'Execute container callback action' completed
2026-08-21T16:48:36.148-0300 [DEBUG] [org.gradle.internal.operations.DefaultBuildOperationRunner] Build operation 'Execute container callback action' completed
2026-08-21T16:48:36.148-0300 [DEBUG] [org.gradle.internal.operations.DefaultBuildOperationRunner] Build operation 'Execute container callback action' completed
2026-08-21T16:48:36.148-0300 [DEBUG] [org.gradle.internal.operations.DefaultBuildOperationRunner] Build operation 'Execute container callback action' completed
2026-08-21T16:48:36.148-0300 [DEBUG] [org.gradle.internal.operations.DefaultBuildOperationRunner] Build operation 'Execute container callback action' completed
2026-08-21T16:48:36.148-0300 [DEBUG] [org.gradle.internal.operations.DefaultBuildOperationRunner] Build operation 'Execute container callback action' completed
2026-08-21T16:48:36.148-0300 [DEBUG] [org.gradle.internal.operations.DefaultBuildOperationRunner] Build operation 'Execute container callback action' completed
2026-08-21T16:48:36.148-0300 [DEBUG] [org.gradle.internal.operations.DefaultBuildOperationRunner] Build operation 'Execute container callback action' completed
2026-08-21T16:48:36.148-0300 [DEBUG] [org.gradle.internal.operations.DefaultBuildOperationRunner] Build operation 'Execute container callback action' completed
2026-08-21T16:48:36.148-0300 [DEBUG] [org.gradle.internal.operations.DefaultBuildOperationRunner] Build operation 'Execute container callback action' completed
2026-08-21T16:48:36.148-0300 [DEBUG] [org.gradle.internal.operations.DefaultBuildOperationRunner] Build operation 'Execute container callback action' completed
2026-08-21T16:48:36.148-0300 [DEBUG] [org.gradle.internal.operations.DefaultBuildOperationRunner] Build operation 'Execute container callback action' completed
2026-08-21T16:48:36.148-0300 [DEBUG] [org.gradle.internal.operations.DefaultBuildOperationRunner] Build operation 'Execute container callback action' completed
2026-08-21T16:48:36.148-0300 [DEBUG] [org.gradle.internal.operations.DefaultBuildOperationRunner] Build operation 'Execute container callback action' completed
2026-08-21T16:48:36.148-0300 [DEBUG] [org.gradle.internal.operations.DefaultBuildOperationRunner] Build operation 'Execute container callback action' completed
2026-08-21T16:48:36.149-0300 [DEBUG] [org.gradle.internal.operations.DefaultBuildOperationRunner] Build operation 'Execute container callback action' completed
2026-08-21T16:48:36.149-0300 [DEBUG] [org.gradle.internal.operations.DefaultBuildOperationRunner] Build operation 'Execute container callback action' completed
2026-08-21T16:48:36.149-0300 [DEBUG] [org.gradle.internal.operations.DefaultBuildOperationRunner] Build operation 'Execute container callback action' completed
2026-08-21T16:48:36.149-0300 [DEBUG] [org.gradle.internal.operations.DefaultBuildOperationRunner] Build operation 'Execute container callback action' completed
2026-08-21T16:48:36.149-0300 [DEBUG] [org.gradle.internal.operations.DefaultBuildOperationRunner] Build operation 'Execute container callback action' completed
2026-08-21T16:48:36.149-0300 [DEBUG] [org.gradle.internal.operations.DefaultBuildOperationRunner] Build operation 'Execute container callback action' completed
2026-08-21T16:48:36.149-0300 [DEBUG] [org.gradle.internal.operations.DefaultBuildOperationRunner] Build operation 'Execute container callback action' completed
2026-08-21T16:48:36.149-0300 [INFO] [io.spring.gradle.dependencymanagement.internal.DependencyManagementApplier] Applying dependency management to configuration 'annotationProcessor' in project 'spring-bootstrap'
2026-08-21T16:48:36.149-0300 [DEBUG] [org.gradle.internal.operations.DefaultBuildOperationRunner] Build operation 'Execute container callback action' completed
2026-08-21T16:48:36.149-0300 [INFO] [io.spring.gradle.dependencymanagement.internal.DependencyManagementApplier] Applying dependency management to configuration 'apiElements' in project 'spring-bootstrap'
2026-08-21T16:48:36.149-0300 [DEBUG] [org.gradle.internal.operations.DefaultBuildOperationRunner] Build operation 'Execute container callback action' completed
2026-08-21T16:48:36.149-0300 [INFO] [io.spring.gradle.dependencymanagement.internal.DependencyManagementApplier] Applying dependency management to configuration 'archives' in project 'spring-bootstrap'
2026-08-21T16:48:36.149-0300 [DEBUG] [org.gradle.internal.operations.DefaultBuildOperationRunner] Build operation 'Execute container callback action' completed
2026-08-21T16:48:36.149-0300 [INFO] [io.spring.gradle.dependencymanagement.internal.DependencyManagementApplier] Applying dependency management to configuration 'bootArchives' in project 'spring-bootstrap'
2026-08-21T16:48:36.149-0300 [DEBUG] [org.gradle.internal.operations.DefaultBuildOperationRunner] Build operation 'Execute container callback action' completed
2026-08-21T16:48:36.149-0300 [INFO] [io.spring.gradle.dependencymanagement.internal.DependencyManagementApplier] Applying dependency management to configuration 'compileClasspath' in project 'spring-bootstrap'
2026-08-21T16:48:36.149-0300 [DEBUG] [org.gradle.internal.operations.DefaultBuildOperationRunner] Build operation 'Execute container callback action' completed
2026-08-21T16:48:36.149-0300 [INFO] [io.spring.gradle.dependencymanagement.internal.DependencyManagementApplier] Applying dependency management to configuration 'compileOnly' in project 'spring-bootstrap'
2026-08-21T16:48:36.149-0300 [DEBUG] [org.gradle.internal.operations.DefaultBuildOperationRunner] Build operation 'Execute container callback action' completed
2026-08-21T16:48:36.149-0300 [INFO] [io.spring.gradle.dependencymanagement.internal.DependencyManagementApplier] Applying dependency management to configuration 'default' in project 'spring-bootstrap'
2026-08-21T16:48:36.149-0300 [DEBUG] [org.gradle.internal.operations.DefaultBuildOperationRunner] Build operation 'Execute container callback action' completed
2026-08-21T16:48:36.149-0300 [INFO] [io.spring.gradle.dependencymanagement.internal.DependencyManagementApplier] Applying dependency management to configuration 'developmentOnly' in project 'spring-bootstrap'
2026-08-21T16:48:36.150-0300 [DEBUG] [org.gradle.internal.operations.DefaultBuildOperationRunner] Build operation 'Execute container callback action' completed
2026-08-21T16:48:36.150-0300 [INFO] [io.spring.gradle.dependencymanagement.internal.DependencyManagementApplier] Applying dependency management to configuration 'implementation' in project 'spring-bootstrap'
2026-08-21T16:48:36.150-0300 [DEBUG] [org.gradle.internal.operations.DefaultBuildOperationRunner] Build operation 'Execute container callback action' completed
2026-08-21T16:48:36.150-0300 [INFO] [io.spring.gradle.dependencymanagement.internal.DependencyManagementApplier] Applying dependency management to configuration 'mainSourceElements' in project 'spring-bootstrap'
2026-08-21T16:48:36.150-0300 [DEBUG] [org.gradle.internal.operations.DefaultBuildOperationRunner] Build operation 'Execute container callback action' completed
2026-08-21T16:48:36.150-0300 [INFO] [io.spring.gradle.dependencymanagement.internal.DependencyManagementApplier] Applying dependency management to configuration 'productionRuntimeClasspath' in project 'spring-bootstrap'
2026-08-21T16:48:36.150-0300 [DEBUG] [org.gradle.internal.operations.DefaultBuildOperationRunner] Build operation 'Execute container callback action' completed
2026-08-21T16:48:36.150-0300 [INFO] [io.spring.gradle.dependencymanagement.internal.DependencyManagementApplier] Applying dependency management to configuration 'runtimeClasspath' in project 'spring-bootstrap'
2026-08-21T16:48:36.150-0300 [DEBUG] [org.gradle.internal.operations.DefaultBuildOperationRunner] Build operation 'Execute container callback action' completed
2026-08-21T16:48:36.150-0300 [INFO] [io.spring.gradle.dependencymanagement.internal.DependencyManagementApplier] Applying dependency management to configuration 'runtimeElements' in project 'spring-bootstrap'
2026-08-21T16:48:36.150-0300 [DEBUG] [org.gradle.internal.operations.DefaultBuildOperationRunner] Build operation 'Execute container callback action' completed
2026-08-21T16:48:36.150-0300 [INFO] [io.spring.gradle.dependencymanagement.internal.DependencyManagementApplier] Applying dependency management to configuration 'runtimeOnly' in project 'spring-bootstrap'
2026-08-21T16:48:36.150-0300 [DEBUG] [org.gradle.internal.operations.DefaultBuildOperationRunner] Build operation 'Execute container callback action' completed
2026-08-21T16:48:36.150-0300 [INFO] [io.spring.gradle.dependencymanagement.internal.DependencyManagementApplier] Applying dependency management to configuration 'testAndDevelopmentOnly' in project 'spring-bootstrap'
2026-08-21T16:48:36.150-0300 [DEBUG] [org.gradle.internal.operations.DefaultBuildOperationRunner] Build operation 'Execute container callback action' completed
2026-08-21T16:48:36.150-0300 [INFO] [io.spring.gradle.dependencymanagement.internal.DependencyManagementApplier] Applying dependency management to configuration 'testAnnotationProcessor' in project 'spring-bootstrap'
2026-08-21T16:48:36.150-0300 [DEBUG] [org.gradle.internal.operations.DefaultBuildOperationRunner] Build operation 'Execute container callback action' completed
2026-08-21T16:48:36.150-0300 [INFO] [io.spring.gradle.dependencymanagement.internal.DependencyManagementApplier] Applying dependency management to configuration 'testCompileClasspath' in project 'spring-bootstrap'
2026-08-21T16:48:36.150-0300 [DEBUG] [org.gradle.internal.operations.DefaultBuildOperationRunner] Build operation 'Execute container callback action' completed
2026-08-21T16:48:36.150-0300 [INFO] [io.spring.gradle.dependencymanagement.internal.DependencyManagementApplier] Applying dependency management to configuration 'testCompileOnly' in project 'spring-bootstrap'
2026-08-21T16:48:36.150-0300 [DEBUG] [org.gradle.internal.operations.DefaultBuildOperationRunner] Build operation 'Execute container callback action' completed
2026-08-21T16:48:36.150-0300 [INFO] [io.spring.gradle.dependencymanagement.internal.DependencyManagementApplier] Applying dependency management to configuration 'testImplementation' in project 'spring-bootstrap'
2026-08-21T16:48:36.150-0300 [DEBUG] [org.gradle.internal.operations.DefaultBuildOperationRunner] Build operation 'Execute container callback action' completed
2026-08-21T16:48:36.150-0300 [INFO] [io.spring.gradle.dependencymanagement.internal.DependencyManagementApplier] Applying dependency management to configuration 'testResultsElementsForTest' in project 'spring-bootstrap'
2026-08-21T16:48:36.150-0300 [DEBUG] [org.gradle.internal.operations.DefaultBuildOperationRunner] Build operation 'Execute container callback action' completed
2026-08-21T16:48:36.151-0300 [INFO] [io.spring.gradle.dependencymanagement.internal.DependencyManagementApplier] Applying dependency management to configuration 'testRuntimeClasspath' in project 'spring-bootstrap'
2026-08-21T16:48:36.151-0300 [DEBUG] [org.gradle.internal.operations.DefaultBuildOperationRunner] Build operation 'Execute container callback action' completed
2026-08-21T16:48:36.151-0300 [INFO] [io.spring.gradle.dependencymanagement.internal.DependencyManagementApplier] Applying dependency management to configuration 'testRuntimeOnly' in project 'spring-bootstrap'
2026-08-21T16:48:36.151-0300 [DEBUG] [org.gradle.internal.operations.DefaultBuildOperationRunner] Build operation 'Execute container callback action' completed
2026-08-21T16:48:36.151-0300 [DEBUG] [org.gradle.internal.operations.DefaultBuildOperationRunner] Build operation 'Execute container callback action' completed
2026-08-21T16:48:36.151-0300 [DEBUG] [org.gradle.internal.operations.DefaultBuildOperationRunner] Build operation 'Apply plugin io.spring.dependency-management to root project 'spring-bootstrap'' completed
2026-08-21T16:48:36.152-0300 [DEBUG] [org.gradle.internal.operations.DefaultBuildOperationRunner] Build operation 'Apply build file 'build.gradle' to root project 'spring-bootstrap'' completed
2026-08-21T16:48:36.152-0300 [DEBUG] [org.gradle.configuration.project.BuildScriptProcessor] Timing: Running the build script took 0.058 secs
2026-08-21T16:48:36.152-0300 [DEBUG] [org.gradle.internal.operations.DefaultBuildOperationRunner] Build operation 'Execute Project.afterEvaluate listener' completed
2026-08-21T16:48:36.152-0300 [DEBUG] [org.gradle.internal.operations.DefaultBuildOperationRunner] Build operation 'Execute Project.afterEvaluate listener' completed
2026-08-21T16:48:36.152-0300 [DEBUG] [org.gradle.internal.operations.DefaultBuildOperationRunner] Build operation 'Notify afterEvaluate listeners of :' completed
2026-08-21T16:48:36.152-0300 [DEBUG] [org.gradle.internal.resources.AbstractTrackedResourceLock] Daemon worker Thread 6: released lock on state of build :
2026-08-21T16:48:36.152-0300 [DEBUG] [org.gradle.internal.operations.DefaultBuildOperationRunner] Completing Build operation 'Configure project :'
2026-08-21T16:48:36.152-0300 [DEBUG] [org.gradle.internal.operations.DefaultBuildOperationRunner] Build operation 'Configure project :' completed
2026-08-21T16:48:36.152-0300 [DEBUG] [org.gradle.internal.operations.DefaultBuildOperationRunner] Build operation 'Notify projectsEvaluated listeners' started
2026-08-21T16:48:36.152-0300 [INFO] [org.gradle.internal.buildevents.BuildLogger] All projects evaluated.
2026-08-21T16:48:36.152-0300 [DEBUG] [org.gradle.internal.operations.DefaultBuildOperationRunner] Completing Build operation 'Notify projectsEvaluated listeners'
2026-08-21T16:48:36.152-0300 [DEBUG] [org.gradle.internal.operations.DefaultBuildOperationRunner] Build operation 'Notify projectsEvaluated listeners' completed
2026-08-21T16:48:36.152-0300 [DEBUG] [org.gradle.internal.operations.DefaultBuildOperationRunner] Completing Build operation 'Configure build'
2026-08-21T16:48:36.152-0300 [DEBUG] [org.gradle.internal.operations.DefaultBuildOperationRunner] Build operation 'Configure build' completed
2026-08-21T16:48:36.152-0300 [DEBUG] [org.gradle.internal.operations.DefaultBuildOperationRunner] Build operation 'Calculate build tree task graph' started
2026-08-21T16:48:36.152-0300 [DEBUG] [org.gradle.internal.operations.DefaultBuildOperationRunner] Build operation 'Calculate task graph' started
2026-08-21T16:48:36.152-0300 [DEBUG] [org.gradle.internal.resources.AbstractTrackedResourceLock] Daemon worker Thread 6: acquired lock on All projects of :
2026-08-21T16:48:36.152-0300 [DEBUG] [org.gradle.internal.operations.DefaultBuildOperationRunner] Build operation 'Realize task :test' started
2026-08-21T16:48:36.153-0300 [DEBUG] [org.gradle.internal.operations.DefaultBuildOperationRunner] Build operation 'Execute container callback action' started
2026-08-21T16:48:36.153-0300 [DEBUG] [org.gradle.internal.operations.DefaultBuildOperationRunner] Completing Build operation 'Execute container callback action'
2026-08-21T16:48:36.153-0300 [DEBUG] [org.gradle.internal.operations.DefaultBuildOperationRunner] Build operation 'Execute container callback action' completed
2026-08-21T16:48:36.153-0300 [DEBUG] [org.gradle.internal.operations.DefaultBuildOperationRunner] Build operation 'Execute container callback action' started
2026-08-21T16:48:36.153-0300 [DEBUG] [org.gradle.internal.operations.DefaultBuildOperationRunner] Completing Build operation 'Execute container callback action'
2026-08-21T16:48:36.153-0300 [DEBUG] [org.gradle.internal.operations.DefaultBuildOperationRunner] Build operation 'Execute container callback action' completed
2026-08-21T16:48:36.153-0300 [DEBUG] [org.gradle.internal.operations.DefaultBuildOperationRunner] Build operation 'Execute container callback action' started
2026-08-21T16:48:36.153-0300 [DEBUG] [org.gradle.internal.operations.DefaultBuildOperationRunner] Completing Build operation 'Execute container callback action'
2026-08-21T16:48:36.153-0300 [DEBUG] [org.gradle.internal.operations.DefaultBuildOperationRunner] Build operation 'Execute container callback action' completed
2026-08-21T16:48:36.153-0300 [DEBUG] [org.gradle.internal.operations.DefaultBuildOperationRunner] Build operation 'Execute container callback action' started
2026-08-21T16:48:36.153-0300 [DEBUG] [org.gradle.internal.operations.DefaultBuildOperationRunner] Completing Build operation 'Execute container callback action'
2026-08-21T16:48:36.153-0300 [DEBUG] [org.gradle.internal.operations.DefaultBuildOperationRunner] Build operation 'Execute container callback action' completed
2026-08-21T16:48:36.153-0300 [DEBUG] [org.gradle.internal.operations.DefaultBuildOperationRunner] Build operation 'Execute container callback action' started
2026-08-21T16:48:36.153-0300 [DEBUG] [org.gradle.internal.operations.DefaultBuildOperationRunner] Completing Build operation 'Execute container callback action'
2026-08-21T16:48:36.153-0300 [DEBUG] [org.gradle.internal.operations.DefaultBuildOperationRunner] Build operation 'Execute container callback action' completed
2026-08-21T16:48:36.153-0300 [DEBUG] [org.gradle.internal.operations.DefaultBuildOperationRunner] Build operation 'Execute container callback action' started
2026-08-21T16:48:36.153-0300 [DEBUG] [org.gradle.internal.operations.DefaultBuildOperationRunner] Completing Build operation 'Execute container callback action'
2026-08-21T16:48:36.153-0300 [DEBUG] [org.gradle.internal.operations.DefaultBuildOperationRunner] Build operation 'Execute container callback action' completed
2026-08-21T16:48:36.153-0300 [DEBUG] [org.gradle.internal.operations.DefaultBuildOperationRunner] Build operation 'Execute container callback action' started
2026-08-21T16:48:36.153-0300 [DEBUG] [org.gradle.internal.operations.DefaultBuildOperationRunner] Completing Build operation 'Execute container callback action'
2026-08-21T16:48:36.153-0300 [DEBUG] [org.gradle.internal.operations.DefaultBuildOperationRunner] Build operation 'Execute container callback action' completed
2026-08-21T16:48:36.153-0300 [DEBUG] [org.gradle.internal.operations.DefaultBuildOperationRunner] Completing Build operation 'Realize task :test'
2026-08-21T16:48:36.153-0300 [DEBUG] [org.gradle.internal.operations.DefaultBuildOperationRunner] Build operation 'Realize task :test' completed
2026-08-21T16:48:36.153-0300 [INFO] [org.gradle.execution.DefaultTaskSelector] Task name matched 'test'
2026-08-21T16:48:36.153-0300 [INFO] [org.gradle.execution.TaskNameResolvingBuildTaskScheduler] Selected primary task 'test' from project :
2026-08-21T16:48:36.154-0300 [DEBUG] [org.gradle.internal.operations.DefaultBuildOperationRunner] Build operation 'Toolchain detection' started
2026-08-21T16:48:36.154-0300 [DEBUG] [org.gradle.internal.jvm.inspection.JavaInstallationRegistry] Discovering toolchains provided via Jabba
2026-08-21T16:48:36.154-0300 [DEBUG] [org.gradle.internal.jvm.inspection.JavaInstallationRegistry] Discovering toolchains provided via Current JVM
2026-08-21T16:48:36.154-0300 [DEBUG] [org.gradle.internal.jvm.inspection.JavaInstallationRegistry] Discovering toolchains provided via SDKMAN!
2026-08-21T16:48:36.154-0300 [DEBUG] [org.gradle.internal.jvm.inspection.JavaInstallationRegistry] Discovering toolchains provided via IntelliJ
2026-08-21T16:48:36.154-0300 [DEBUG] [org.gradle.internal.jvm.inspection.JavaInstallationRegistry] Discovering toolchains provided via Maven Toolchains
2026-08-21T16:48:36.154-0300 [DEBUG] [org.gradle.internal.jvm.inspection.JavaInstallationRegistry] Discovering toolchains provided via environment variables from gradle property 'org.gradle.java.installations.fromEnv'
2026-08-21T16:48:36.154-0300 [DEBUG] [org.gradle.internal.jvm.inspection.JavaInstallationRegistry] Discovering toolchains provided via asdf-vm
2026-08-21T16:48:36.154-0300 [DEBUG] [org.gradle.internal.jvm.inspection.JavaInstallationRegistry] Discovering toolchains provided via Gradle property 'org.gradle.java.installations.paths'
2026-08-21T16:48:36.154-0300 [DEBUG] [org.gradle.internal.jvm.inspection.JavaInstallationRegistry] Discovering toolchains provided via environment variable 'JAVA_HOME'
2026-08-21T16:48:36.154-0300 [DEBUG] [org.gradle.internal.jvm.inspection.JavaInstallationRegistry] Discovering toolchains provided via Auto-provisioned by Gradle
2026-08-21T16:48:36.154-0300 [DEBUG] [org.gradle.internal.jvm.inspection.JavaInstallationRegistry] Discovering toolchains provided via Common Linux Locations
2026-08-21T16:48:36.154-0300 [DEBUG] [org.gradle.internal.jvm.inspection.JavaInstallationRegistry] Discovering toolchains provided via MacOS java_home
2026-08-21T16:48:36.154-0300 [DEBUG] [org.gradle.internal.jvm.inspection.JavaInstallationRegistry] Discovering toolchains provided via Windows Registry
2026-08-21T16:48:36.154-0300 [INFO] [org.gradle.process.internal.DefaultExecHandle] Starting process 'command '/usr/libexec/java_home''. Working directory: /Users/claratorres1414/.gradle/daemon/9.5.1 Command: /usr/libexec/java_home -V
2026-08-21T16:48:36.155-0300 [DEBUG] [org.gradle.process.internal.DefaultExecHandle] Changing state to: STARTING
2026-08-21T16:48:36.155-0300 [DEBUG] [org.gradle.process.internal.DefaultExecHandle] Waiting until process started: command '/usr/libexec/java_home'.
2026-08-21T16:48:36.159-0300 [DEBUG] [org.gradle.process.internal.DefaultExecHandle] Changing state to: STARTED
2026-08-21T16:48:36.159-0300 [DEBUG] [org.gradle.process.internal.ExecHandleRunner] waiting until streams are handled...
2026-08-21T16:48:36.159-0300 [INFO] [org.gradle.process.internal.DefaultExecHandle] Successfully started process 'command '/usr/libexec/java_home''
2026-08-21T16:48:36.170-0300 [DEBUG] [org.gradle.process.internal.DefaultExecHandle] Changing state to: SUCCEEDED
2026-08-21T16:48:36.170-0300 [DEBUG] [org.gradle.process.internal.DefaultExecHandle] Process 'command '/usr/libexec/java_home'' finished with exit value 0 (state: SUCCEEDED)
2026-08-21T16:48:36.170-0300 [DEBUG] [org.gradle.internal.operations.DefaultBuildOperationRunner] Completing Build operation 'Toolchain detection'
2026-08-21T16:48:36.170-0300 [DEBUG] [org.gradle.internal.operations.DefaultBuildOperationRunner] Build operation 'Toolchain detection' completed
2026-08-21T16:48:36.171-0300 [DEBUG] [org.gradle.internal.operations.DefaultBuildOperationRunner] Build operation 'Execute container callback action' started
2026-08-21T16:48:36.171-0300 [DEBUG] [org.gradle.internal.operations.DefaultBuildOperationRunner] Build operation 'Resolve dependencies of :detachedConfiguration1' started
2026-08-21T16:48:36.172-0300 [DEBUG] [org.gradle.api.internal.artifacts.ivyservice.modulecache.ResolvedArtifactCaches] Creating new in-memory cache for repo 'MavenRepo' [26c913274550a0b2221f47a0fe2d2358].
2026-08-21T16:48:36.172-0300 [DEBUG] [io.spring.gradle.dependencymanagement.internal.VersionConfiguringAction] Processing requested dependency 'org.junit.platform:junit-platform-launcher:' with target 'org.junit.platform:junit-platform-launcher:
2026-08-21T16:48:36.172-0300 [INFO] [io.spring.gradle.dependencymanagement.internal.DependencyManagement] Resolving global dependency management for project 'spring-bootstrap'
2026-08-21T16:48:36.172-0300 [DEBUG] [io.spring.gradle.dependencymanagement.internal.DependencyManagement] Preserving existing versions: {}
2026-08-21T16:48:36.172-0300 [DEBUG] [org.gradle.internal.operations.DefaultBuildOperationRunner] Build operation 'Resolve dependencies of :detachedConfiguration2' started
2026-08-21T16:48:36.172-0300 [DEBUG] [org.gradle.api.internal.artifacts.ivyservice.modulecache.ResolvedArtifactCaches] Reusing in-memory cache for repo 'MavenRepo' [26c913274550a0b2221f47a0fe2d2358].
2026-08-21T16:48:36.174-0300 [DEBUG] [org.gradle.api.internal.artifacts.ivyservice.ivyresolve.RepositoryChainComponentMetaDataResolver] Attempting to resolve component for org.springframework.boot:spring-boot-dependencies:4.1.0 using repositories [MavenRepo]
2026-08-21T16:48:36.174-0300 [DEBUG] [org.gradle.api.internal.artifacts.ivyservice.ivyresolve.CachingModuleComponentRepository] Using cached module metadata for module 'org.springframework.boot:spring-boot-dependencies:4.1.0' in 'MavenRepo'
2026-08-21T16:48:36.174-0300 [DEBUG] [org.gradle.api.internal.artifacts.ivyservice.ivyresolve.RepositoryChainComponentMetaDataResolver] Using org.springframework.boot:spring-boot-dependencies:4.1.0 from org.gradle.api.internal.artifacts.ivyservice.ivyresolve.FilteredModuleComponentRepository@68878e1e
2026-08-21T16:48:36.174-0300 [DEBUG] [org.gradle.api.internal.attributes.matching.DefaultAttributeMatcher] Selected matches [1] from candidates [{org.gradle.category=library, org.gradle.libraryelements=jar, org.gradle.status=release, org.gradle.usage=java-api}, {org.gradle.category=library, org.gradle.libraryelements=jar, org.gradle.status=release, org.gradle.usage=java-runtime}, {org.gradle.category=documentation, org.gradle.dependency.bundling=external, org.gradle.docstype=sources, org.gradle.status=release, org.gradle.usage=java-runtime}, {org.gradle.category=documentation, org.gradle.dependency.bundling=external, org.gradle.docstype=javadoc, org.gradle.status=release, org.gradle.usage=java-runtime}, {org.gradle.category=platform, org.gradle.status=release, org.gradle.usage=java-api}, {org.gradle.category=platform, org.gradle.status=release, org.gradle.usage=java-runtime}, {org.gradle.category=enforced-platform, org.gradle.status=release, org.gradle.usage=java-api}, {org.gradle.category=enforced-platform, org.gradle.status=release, org.gradle.usage=java-runtime}] for {}
2026-08-21T16:48:36.174-0300 [DEBUG] [org.gradle.internal.operations.DefaultBuildOperationRunner] Completing Build operation 'Resolve dependencies of :detachedConfiguration2'
2026-08-21T16:48:36.174-0300 [DEBUG] [org.gradle.internal.operations.DefaultBuildOperationRunner] Build operation 'Resolve dependencies of :detachedConfiguration2' completed
2026-08-21T16:48:36.174-0300 [DEBUG] [org.gradle.internal.component.model.LoggingAttributeMatchingExplanationBuilder] Selected match {artifactType=pom, org.gradle.status=release} from candidates [{artifactType=pom, org.gradle.status=release}] for {}
2026-08-21T16:48:36.174-0300 [DEBUG] [org.gradle.internal.operations.DefaultBuildOperationRunner] Build operation 'Resolve files of configuration ':detachedConfiguration2'' started
2026-08-21T16:48:36.174-0300 [DEBUG] [org.gradle.internal.operations.DefaultBuildOperationRunner] Completing Build operation 'Resolve files of configuration ':detachedConfiguration2''
2026-08-21T16:48:36.174-0300 [DEBUG] [org.gradle.internal.operations.DefaultBuildOperationRunner] Build operation 'Resolve files of configuration ':detachedConfiguration2'' completed
2026-08-21T16:48:36.175-0300 [DEBUG] [org.gradle.api.internal.artifacts.ivyservice.ivyresolve.CachingModuleComponentRepository] Found artifact 'spring-boot-dependencies-4.1.0.pom (org.springframework.boot:spring-boot-dependencies:4.1.0)' in resolver cache: /Users/claratorres1414/.gradle/caches/modules-2/files-2.1/org.springframework.boot/spring-boot-dependencies/4.1.0/e7ca2a3cd58ba0a97b323bfd60d7704c3247d356/spring-boot-dependencies-4.1.0.pom
2026-08-21T16:48:36.177-0300 [DEBUG] [org.gradle.internal.operations.DefaultBuildOperationRunner] Build operation 'Resolve dependencies of :detachedConfiguration3' started
2026-08-21T16:48:36.177-0300 [DEBUG] [org.gradle.api.internal.artifacts.ivyservice.modulecache.ResolvedArtifactCaches] Reusing in-memory cache for repo 'MavenRepo' [26c913274550a0b2221f47a0fe2d2358].
2026-08-21T16:48:36.178-0300 [DEBUG] [org.gradle.api.internal.artifacts.ivyservice.ivyresolve.RepositoryChainComponentMetaDataResolver] Attempting to resolve component for org.apache.activemq:activemq-bom:6.2.6 using repositories [MavenRepo]
2026-08-21T16:48:36.178-0300 [DEBUG] [org.gradle.api.internal.artifacts.ivyservice.ivyresolve.CachingModuleComponentRepository] Using cached module metadata for module 'org.apache.activemq:activemq-bom:6.2.6' in 'MavenRepo'
2026-08-21T16:48:36.178-0300 [DEBUG] [org.gradle.api.internal.artifacts.ivyservice.ivyresolve.RepositoryChainComponentMetaDataResolver] Using org.apache.activemq:activemq-bom:6.2.6 from org.gradle.api.internal.artifacts.ivyservice.ivyresolve.FilteredModuleComponentRepository@a565f00
2026-08-21T16:48:36.178-0300 [DEBUG] [org.gradle.internal.operations.DefaultBuildOperationRunner] Completing Build operation 'Resolve dependencies of :detachedConfiguration3'
2026-08-21T16:48:36.178-0300 [DEBUG] [org.gradle.internal.operations.DefaultBuildOperationRunner] Build operation 'Resolve dependencies of :detachedConfiguration3' completed
2026-08-21T16:48:36.178-0300 [DEBUG] [org.gradle.internal.component.model.LoggingAttributeMatchingExplanationBuilder] Selected match {artifactType=pom, org.gradle.status=release} from candidates [{artifactType=pom, org.gradle.status=release}] for {}
2026-08-21T16:48:36.178-0300 [DEBUG] [org.gradle.internal.operations.DefaultBuildOperationRunner] Build operation 'Resolve files of configuration ':detachedConfiguration3'' started
2026-08-21T16:48:36.178-0300 [DEBUG] [org.gradle.internal.operations.DefaultBuildOperationRunner] Completing Build operation 'Resolve files of configuration ':detachedConfiguration3''
2026-08-21T16:48:36.178-0300 [DEBUG] [org.gradle.internal.operations.DefaultBuildOperationRunner] Build operation 'Resolve files of configuration ':detachedConfiguration3'' completed
2026-08-21T16:48:36.178-0300 [DEBUG] [org.gradle.internal.component.model.LoggingAttributeMatchingExplanationBuilder] Selected match {artifactType=pom, org.gradle.status=release} from candidates [{artifactType=pom, org.gradle.status=release}] for {}
2026-08-21T16:48:36.178-0300 [DEBUG] [org.gradle.internal.operations.DefaultBuildOperationRunner] Build operation 'Resolve files of configuration ':detachedConfiguration3'' started
2026-08-21T16:48:36.178-0300 [DEBUG] [org.gradle.internal.operations.DefaultBuildOperationRunner] Build operation 'Resolve activemq-bom-6.2.6.pom (org.apache.activemq:activemq-bom:6.2.6)' started
2026-08-21T16:48:36.178-0300 [DEBUG] [org.gradle.api.internal.artifacts.ivyservice.ivyresolve.CachingModuleComponentRepository] Found artifact 'activemq-bom-6.2.6.pom (org.apache.activemq:activemq-bom:6.2.6)' in resolver cache: /Users/claratorres1414/.gradle/caches/modules-2/files-2.1/org.apache.activemq/activemq-bom/6.2.6/7b24efd87e7dee0bdcf72cb9f08c5ba67b9545b/activemq-bom-6.2.6.pom
2026-08-21T16:48:36.178-0300 [DEBUG] [org.gradle.internal.operations.DefaultBuildOperationRunner] Completing Build operation 'Resolve activemq-bom-6.2.6.pom (org.apache.activemq:activemq-bom:6.2.6)'
2026-08-21T16:48:36.178-0300 [DEBUG] [org.gradle.internal.operations.DefaultBuildOperationRunner] Build operation 'Resolve activemq-bom-6.2.6.pom (org.apache.activemq:activemq-bom:6.2.6)' completed
2026-08-21T16:48:36.178-0300 [DEBUG] [org.gradle.internal.operations.DefaultBuildOperationRunner] Completing Build operation 'Resolve files of configuration ':detachedConfiguration3''
2026-08-21T16:48:36.178-0300 [DEBUG] [org.gradle.internal.operations.DefaultBuildOperationRunner] Build operation 'Resolve files of configuration ':detachedConfiguration3'' completed
2026-08-21T16:48:36.179-0300 [DEBUG] [org.gradle.internal.operations.DefaultBuildOperationRunner] Build operation 'Resolve dependencies of :detachedConfiguration4' started
2026-08-21T16:48:36.179-0300 [DEBUG] [org.gradle.api.internal.artifacts.ivyservice.modulecache.ResolvedArtifactCaches] Reusing in-memory cache for repo 'MavenRepo' [26c913274550a0b2221f47a0fe2d2358].
2026-08-21T16:48:36.180-0300 [DEBUG] [org.gradle.api.internal.artifacts.ivyservice.ivyresolve.RepositoryChainComponentMetaDataResolver] Attempting to resolve component for org.apache.artemis:artemis-bom:2.53.0 using repositories [MavenRepo]
2026-08-21T16:48:36.180-0300 [DEBUG] [org.gradle.api.internal.artifacts.ivyservice.ivyresolve.CachingModuleComponentRepository] Using cached module metadata for module 'org.apache.artemis:artemis-bom:2.53.0' in 'MavenRepo'
2026-08-21T16:48:36.180-0300 [DEBUG] [org.gradle.api.internal.artifacts.ivyservice.ivyresolve.RepositoryChainComponentMetaDataResolver] Using org.apache.artemis:artemis-bom:2.53.0 from org.gradle.api.internal.artifacts.ivyservice.ivyresolve.FilteredModuleComponentRepository@7eb1c7c9
2026-08-21T16:48:36.180-0300 [DEBUG] [org.gradle.internal.operations.DefaultBuildOperationRunner] Completing Build operation 'Resolve dependencies of :detachedConfiguration4'
2026-08-21T16:48:36.180-0300 [DEBUG] [org.gradle.internal.operations.DefaultBuildOperationRunner] Build operation 'Resolve dependencies of :detachedConfiguration4' completed
2026-08-21T16:48:36.180-0300 [DEBUG] [org.gradle.internal.component.model.LoggingAttributeMatchingExplanationBuilder] Selected match {artifactType=pom, org.gradle.status=release} from candidates [{artifactType=pom, org.gradle.status=release}] for {}
2026-08-21T16:48:36.180-0300 [DEBUG] [org.gradle.internal.operations.DefaultBuildOperationRunner] Build operation 'Resolve files of configuration ':detachedConfiguration4'' started
2026-08-21T16:48:36.180-0300 [DEBUG] [org.gradle.internal.operations.DefaultBuildOperationRunner] Completing Build operation 'Resolve files of configuration ':detachedConfiguration4''
2026-08-21T16:48:36.180-0300 [DEBUG] [org.gradle.internal.operations.DefaultBuildOperationRunner] Build operation 'Resolve files of configuration ':detachedConfiguration4'' completed
2026-08-21T16:48:36.180-0300 [DEBUG] [org.gradle.internal.component.model.LoggingAttributeMatchingExplanationBuilder] Selected match {artifactType=pom, org.gradle.status=release} from candidates [{artifactType=pom, org.gradle.status=release}] for {}
2026-08-21T16:48:36.180-0300 [DEBUG] [org.gradle.internal.operations.DefaultBuildOperationRunner] Build operation 'Resolve files of configuration ':detachedConfiguration4'' started
2026-08-21T16:48:36.180-0300 [DEBUG] [org.gradle.internal.operations.DefaultBuildOperationRunner] Build operation 'Resolve artemis-bom-2.53.0.pom (org.apache.artemis:artemis-bom:2.53.0)' started
2026-08-21T16:48:36.180-0300 [DEBUG] [org.gradle.api.internal.artifacts.ivyservice.ivyresolve.CachingModuleComponentRepository] Found artifact 'artemis-bom-2.53.0.pom (org.apache.artemis:artemis-bom:2.53.0)' in resolver cache: /Users/claratorres1414/.gradle/caches/modules-2/files-2.1/org.apache.artemis/artemis-bom/2.53.0/f70a023278d3898969ab026413f663f186816be/artemis-bom-2.53.0.pom
2026-08-21T16:48:36.180-0300 [DEBUG] [org.gradle.internal.operations.DefaultBuildOperationRunner] Completing Build operation 'Resolve artemis-bom-2.53.0.pom (org.apache.artemis:artemis-bom:2.53.0)'
2026-08-21T16:48:36.180-0300 [DEBUG] [org.gradle.internal.operations.DefaultBuildOperationRunner] Build operation 'Resolve artemis-bom-2.53.0.pom (org.apache.artemis:artemis-bom:2.53.0)' completed
2026-08-21T16:48:36.180-0300 [DEBUG] [org.gradle.internal.operations.DefaultBuildOperationRunner] Completing Build operation 'Resolve files of configuration ':detachedConfiguration4''
2026-08-21T16:48:36.180-0300 [DEBUG] [org.gradle.internal.operations.DefaultBuildOperationRunner] Build operation 'Resolve files of configuration ':detachedConfiguration4'' completed
2026-08-21T16:48:36.181-0300 [DEBUG] [org.gradle.internal.operations.DefaultBuildOperationRunner] Build operation 'Resolve dependencies of :detachedConfiguration5' started
2026-08-21T16:48:36.181-0300 [DEBUG] [org.gradle.api.internal.artifacts.ivyservice.modulecache.ResolvedArtifactCaches] Reusing in-memory cache for repo 'MavenRepo' [26c913274550a0b2221f47a0fe2d2358].
2026-08-21T16:48:36.181-0300 [DEBUG] [org.gradle.api.internal.artifacts.ivyservice.ivyresolve.RepositoryChainComponentMetaDataResolver] Attempting to resolve component for org.apache.artemis:artemis-project:2.53.0 using repositories [MavenRepo]
2026-08-21T16:48:36.181-0300 [DEBUG] [org.gradle.api.internal.artifacts.ivyservice.ivyresolve.CachingModuleComponentRepository] Using cached module metadata for module 'org.apache.artemis:artemis-project:2.53.0' in 'MavenRepo'
2026-08-21T16:48:36.181-0300 [DEBUG] [org.gradle.api.internal.artifacts.ivyservice.ivyresolve.RepositoryChainComponentMetaDataResolver] Using org.apache.artemis:artemis-project:2.53.0 from org.gradle.api.internal.artifacts.ivyservice.ivyresolve.FilteredModuleComponentRepository@5d782d3a
2026-08-21T16:48:36.181-0300 [DEBUG] [org.gradle.internal.operations.DefaultBuildOperationRunner] Completing Build operation 'Resolve dependencies of :detachedConfiguration5'
2026-08-21T16:48:36.181-0300 [DEBUG] [org.gradle.internal.operations.DefaultBuildOperationRunner] Build operation 'Resolve dependencies of :detachedConfiguration5' completed
2026-08-21T16:48:36.182-0300 [DEBUG] [org.gradle.internal.component.model.LoggingAttributeMatchingExplanationBuilder] Selected match {artifactType=pom, org.gradle.status=release} from candidates [{artifactType=pom, org.gradle.status=release}] for {}
2026-08-21T16:48:36.182-0300 [DEBUG] [org.gradle.internal.operations.DefaultBuildOperationRunner] Build operation 'Resolve files of configuration ':detachedConfiguration5'' started
2026-08-21T16:48:36.182-0300 [DEBUG] [org.gradle.internal.operations.DefaultBuildOperationRunner] Completing Build operation 'Resolve files of configuration ':detachedConfiguration5''
2026-08-21T16:48:36.182-0300 [DEBUG] [org.gradle.internal.operations.DefaultBuildOperationRunner] Build operation 'Resolve files of configuration ':detachedConfiguration5'' completed
2026-08-21T16:48:36.182-0300 [DEBUG] [org.gradle.internal.component.model.LoggingAttributeMatchingExplanationBuilder] Selected match {artifactType=pom, org.gradle.status=release} from candidates [{artifactType=pom, org.gradle.status=release}] for {}
2026-08-21T16:48:36.182-0300 [DEBUG] [org.gradle.internal.operations.DefaultBuildOperationRunner] Build operation 'Resolve files of configuration ':detachedConfiguration5'' started
2026-08-21T16:48:36.182-0300 [DEBUG] [org.gradle.internal.operations.DefaultBuildOperationRunner] Build operation 'Resolve artemis-project-2.53.0.pom (org.apache.artemis:artemis-project:2.53.0)' started
2026-08-21T16:48:36.182-0300 [DEBUG] [org.gradle.api.internal.artifacts.ivyservice.ivyresolve.CachingModuleComponentRepository] Found artifact 'artemis-project-2.53.0.pom (org.apache.artemis:artemis-project:2.53.0)' in resolver cache: /Users/claratorres1414/.gradle/caches/modules-2/files-2.1/org.apache.artemis/artemis-project/2.53.0/269fd68fc390520efff695e0c6bad2c96a94bfc4/artemis-project-2.53.0.pom
2026-08-21T16:48:36.182-0300 [DEBUG] [org.gradle.internal.operations.DefaultBuildOperationRunner] Completing Build operation 'Resolve artemis-project-2.53.0.pom (org.apache.artemis:artemis-project:2.53.0)'
2026-08-21T16:48:36.182-0300 [DEBUG] [org.gradle.internal.operations.DefaultBuildOperationRunner] Build operation 'Resolve artemis-project-2.53.0.pom (org.apache.artemis:artemis-project:2.53.0)' completed
2026-08-21T16:48:36.182-0300 [DEBUG] [org.gradle.internal.operations.DefaultBuildOperationRunner] Completing Build operation 'Resolve files of configuration ':detachedConfiguration5''
2026-08-21T16:48:36.182-0300 [DEBUG] [org.gradle.internal.operations.DefaultBuildOperationRunner] Build operation 'Resolve files of configuration ':detachedConfiguration5'' completed
2026-08-21T16:48:36.183-0300 [DEBUG] [org.gradle.internal.operations.DefaultBuildOperationRunner] Build operation 'Resolve dependencies of :detachedConfiguration6' started
2026-08-21T16:48:36.183-0300 [DEBUG] [org.gradle.api.internal.artifacts.ivyservice.modulecache.ResolvedArtifactCaches] Reusing in-memory cache for repo 'MavenRepo' [26c913274550a0b2221f47a0fe2d2358].
2026-08-21T16:48:36.183-0300 [DEBUG] [org.gradle.api.internal.artifacts.ivyservice.ivyresolve.RepositoryChainComponentMetaDataResolver] Attempting to resolve component for org.apache:apache:37 using repositories [MavenRepo]
2026-08-21T16:48:36.183-0300 [DEBUG] [org.gradle.api.internal.artifacts.ivyservice.ivyresolve.CachingModuleComponentRepository] Using cached module metadata for module 'org.apache:apache:37' in 'MavenRepo'
2026-08-21T16:48:36.183-0300 [DEBUG] [org.gradle.api.internal.artifacts.ivyservice.ivyresolve.RepositoryChainComponentMetaDataResolver] Using org.apache:apache:37 from org.gradle.api.internal.artifacts.ivyservice.ivyresolve.FilteredModuleComponentRepository@300a6ac8
2026-08-21T16:48:36.184-0300 [DEBUG] [org.gradle.internal.operations.DefaultBuildOperationRunner] Completing Build operation 'Resolve dependencies of :detachedConfiguration6'
2026-08-21T16:48:36.184-0300 [DEBUG] [org.gradle.internal.operations.DefaultBuildOperationRunner] Build operation 'Resolve dependencies of :detachedConfiguration6' completed
2026-08-21T16:48:36.184-0300 [DEBUG] [org.gradle.internal.component.model.LoggingAttributeMatchingExplanationBuilder] Selected match {artifactType=pom, org.gradle.status=release} from candidates [{artifactType=pom, org.gradle.status=release}] for {}
2026-08-21T16:48:36.184-0300 [DEBUG] [org.gradle.internal.operations.DefaultBuildOperationRunner] Build operation 'Resolve files of configuration ':detachedConfiguration6'' started
2026-08-21T16:48:36.184-0300 [DEBUG] [org.gradle.internal.operations.DefaultBuildOperationRunner] Completing Build operation 'Resolve files of configuration ':detachedConfiguration6''
2026-08-21T16:48:36.184-0300 [DEBUG] [org.gradle.internal.operations.DefaultBuildOperationRunner] Build operation 'Resolve files of configuration ':detachedConfiguration6'' completed
2026-08-21T16:48:36.184-0300 [DEBUG] [org.gradle.internal.component.model.LoggingAttributeMatchingExplanationBuilder] Selected match {artifactType=pom, org.gradle.status=release} from candidates [{artifactType=pom, org.gradle.status=release}] for {}
2026-08-21T16:48:36.184-0300 [DEBUG] [org.gradle.internal.operations.DefaultBuildOperationRunner] Build operation 'Resolve files of configuration ':detachedConfiguration6'' started
2026-08-21T16:48:36.184-0300 [DEBUG] [org.gradle.internal.operations.DefaultBuildOperationRunner] Build operation 'Resolve apache-37.pom (org.apache:apache:37)' started
2026-08-21T16:48:36.184-0300 [DEBUG] [org.gradle.api.internal.artifacts.ivyservice.ivyresolve.CachingModuleComponentRepository] Found artifact 'apache-37.pom (org.apache:apache:37)' in resolver cache: /Users/claratorres1414/.gradle/caches/modules-2/files-2.1/org.apache/apache/37/e6d6d76cff11107ad33986203556d8ebe43c7b2c/apache-37.pom
2026-08-21T16:48:36.184-0300 [DEBUG] [org.gradle.internal.operations.DefaultBuildOperationRunner] Completing Build operation 'Resolve apache-37.pom (org.apache:apache:37)'
2026-08-21T16:48:36.184-0300 [DEBUG] [org.gradle.internal.operations.DefaultBuildOperationRunner] Build operation 'Resolve apache-37.pom (org.apache:apache:37)' completed
2026-08-21T16:48:36.184-0300 [DEBUG] [org.gradle.internal.operations.DefaultBuildOperationRunner] Completing Build operation 'Resolve files of configuration ':detachedConfiguration6''
2026-08-21T16:48:36.184-0300 [DEBUG] [org.gradle.internal.operations.DefaultBuildOperationRunner] Build operation 'Resolve files of configuration ':detachedConfiguration6'' completed
2026-08-21T16:48:36.185-0300 [DEBUG] [org.gradle.internal.operations.DefaultBuildOperationRunner] Build operation 'Resolve dependencies of :detachedConfiguration7' started
2026-08-21T16:48:36.185-0300 [DEBUG] [org.gradle.api.internal.artifacts.ivyservice.modulecache.ResolvedArtifactCaches] Reusing in-memory cache for repo 'MavenRepo' [26c913274550a0b2221f47a0fe2d2358].
2026-08-21T16:48:36.186-0300 [DEBUG] [org.gradle.api.internal.artifacts.ivyservice.ivyresolve.RepositoryChainComponentMetaDataResolver] Attempting to resolve component for org.assertj:assertj-bom:3.27.7 using repositories [MavenRepo]
2026-08-21T16:48:36.186-0300 [DEBUG] [org.gradle.api.internal.artifacts.ivyservice.ivyresolve.CachingModuleComponentRepository] Using cached module metadata for module 'org.assertj:assertj-bom:3.27.7' in 'MavenRepo'
2026-08-21T16:48:36.186-0300 [DEBUG] [org.gradle.api.internal.artifacts.ivyservice.ivyresolve.RepositoryChainComponentMetaDataResolver] Using org.assertj:assertj-bom:3.27.7 from org.gradle.api.internal.artifacts.ivyservice.ivyresolve.FilteredModuleComponentRepository@720c6513
2026-08-21T16:48:36.186-0300 [DEBUG] [org.gradle.internal.operations.DefaultBuildOperationRunner] Completing Build operation 'Resolve dependencies of :detachedConfiguration7'
2026-08-21T16:48:36.186-0300 [DEBUG] [org.gradle.internal.operations.DefaultBuildOperationRunner] Build operation 'Resolve dependencies of :detachedConfiguration7' completed
2026-08-21T16:48:36.186-0300 [DEBUG] [org.gradle.internal.component.model.LoggingAttributeMatchingExplanationBuilder] Selected match {artifactType=pom, org.gradle.status=release} from candidates [{artifactType=pom, org.gradle.status=release}] for {}
2026-08-21T16:48:36.186-0300 [DEBUG] [org.gradle.internal.operations.DefaultBuildOperationRunner] Build operation 'Resolve files of configuration ':detachedConfiguration7'' started
2026-08-21T16:48:36.186-0300 [DEBUG] [org.gradle.internal.operations.DefaultBuildOperationRunner] Completing Build operation 'Resolve files of configuration ':detachedConfiguration7''
2026-08-21T16:48:36.186-0300 [DEBUG] [org.gradle.internal.operations.DefaultBuildOperationRunner] Build operation 'Resolve files of configuration ':detachedConfiguration7'' completed
2026-08-21T16:48:36.186-0300 [DEBUG] [org.gradle.internal.component.model.LoggingAttributeMatchingExplanationBuilder] Selected match {artifactType=pom, org.gradle.status=release} from candidates [{artifactType=pom, org.gradle.status=release}] for {}
2026-08-21T16:48:36.186-0300 [DEBUG] [org.gradle.internal.operations.DefaultBuildOperationRunner] Build operation 'Resolve files of configuration ':detachedConfiguration7'' started
2026-08-21T16:48:36.186-0300 [DEBUG] [org.gradle.internal.operations.DefaultBuildOperationRunner] Build operation 'Resolve assertj-bom-3.27.7.pom (org.assertj:assertj-bom:3.27.7)' started
2026-08-21T16:48:36.186-0300 [DEBUG] [org.gradle.api.internal.artifacts.ivyservice.ivyresolve.CachingModuleComponentRepository] Found artifact 'assertj-bom-3.27.7.pom (org.assertj:assertj-bom:3.27.7)' in resolver cache: /Users/claratorres1414/.gradle/caches/modules-2/files-2.1/org.assertj/assertj-bom/3.27.7/22529e61e7db45a2581141689ceb17078a6377b7/assertj-bom-3.27.7.pom
2026-08-21T16:48:36.186-0300 [DEBUG] [org.gradle.internal.operations.DefaultBuildOperationRunner] Completing Build operation 'Resolve assertj-bom-3.27.7.pom (org.assertj:assertj-bom:3.27.7)'
2026-08-21T16:48:36.186-0300 [DEBUG] [org.gradle.internal.operations.DefaultBuildOperationRunner] Build operation 'Resolve assertj-bom-3.27.7.pom (org.assertj:assertj-bom:3.27.7)' completed
2026-08-21T16:48:36.186-0300 [DEBUG] [org.gradle.internal.operations.DefaultBuildOperationRunner] Completing Build operation 'Resolve files of configuration ':detachedConfiguration7''
2026-08-21T16:48:36.186-0300 [DEBUG] [org.gradle.internal.operations.DefaultBuildOperationRunner] Build operation 'Resolve files of configuration ':detachedConfiguration7'' completed
2026-08-21T16:48:36.187-0300 [DEBUG] [org.gradle.internal.operations.DefaultBuildOperationRunner] Build operation 'Resolve dependencies of :detachedConfiguration8' started
2026-08-21T16:48:36.187-0300 [DEBUG] [org.gradle.api.internal.artifacts.ivyservice.modulecache.ResolvedArtifactCaches] Reusing in-memory cache for repo 'MavenRepo' [26c913274550a0b2221f47a0fe2d2358].
2026-08-21T16:48:36.187-0300 [DEBUG] [org.gradle.api.internal.artifacts.ivyservice.ivyresolve.RepositoryChainComponentMetaDataResolver] Attempting to resolve component for io.zipkin.reporter2:zipkin-reporter-bom:3.5.3 using repositories [MavenRepo]
2026-08-21T16:48:36.187-0300 [DEBUG] [org.gradle.api.internal.artifacts.ivyservice.ivyresolve.CachingModuleComponentRepository] Using cached module metadata for module 'io.zipkin.reporter2:zipkin-reporter-bom:3.5.3' in 'MavenRepo'
2026-08-21T16:48:36.187-0300 [DEBUG] [org.gradle.api.internal.artifacts.ivyservice.ivyresolve.RepositoryChainComponentMetaDataResolver] Using io.zipkin.reporter2:zipkin-reporter-bom:3.5.3 from org.gradle.api.internal.artifacts.ivyservice.ivyresolve.FilteredModuleComponentRepository@644c4bf5
2026-08-21T16:48:36.187-0300 [DEBUG] [org.gradle.internal.operations.DefaultBuildOperationRunner] Completing Build operation 'Resolve dependencies of :detachedConfiguration8'
2026-08-21T16:48:36.187-0300 [DEBUG] [org.gradle.internal.operations.DefaultBuildOperationRunner] Build operation 'Resolve dependencies of :detachedConfiguration8' completed
2026-08-21T16:48:36.187-0300 [DEBUG] [org.gradle.internal.component.model.LoggingAttributeMatchingExplanationBuilder] Selected match {artifactType=pom, org.gradle.status=release} from candidates [{artifactType=pom, org.gradle.status=release}] for {}
2026-08-21T16:48:36.187-0300 [DEBUG] [org.gradle.internal.operations.DefaultBuildOperationRunner] Build operation 'Resolve files of configuration ':detachedConfiguration8'' started
2026-08-21T16:48:36.187-0300 [DEBUG] [org.gradle.internal.operations.DefaultBuildOperationRunner] Completing Build operation 'Resolve files of configuration ':detachedConfiguration8''
2026-08-21T16:48:36.187-0300 [DEBUG] [org.gradle.internal.operations.DefaultBuildOperationRunner] Build operation 'Resolve files of configuration ':detachedConfiguration8'' completed
2026-08-21T16:48:36.187-0300 [DEBUG] [org.gradle.internal.component.model.LoggingAttributeMatchingExplanationBuilder] Selected match {artifactType=pom, org.gradle.status=release} from candidates [{artifactType=pom, org.gradle.status=release}] for {}
2026-08-21T16:48:36.187-0300 [DEBUG] [org.gradle.internal.operations.DefaultBuildOperationRunner] Build operation 'Resolve files of configuration ':detachedConfiguration8'' started
2026-08-21T16:48:36.187-0300 [DEBUG] [org.gradle.internal.operations.DefaultBuildOperationRunner] Build operation 'Resolve zipkin-reporter-bom-3.5.3.pom (io.zipkin.reporter2:zipkin-reporter-bom:3.5.3)' started
2026-08-21T16:48:36.187-0300 [DEBUG] [org.gradle.api.internal.artifacts.ivyservice.ivyresolve.CachingModuleComponentRepository] Found artifact 'zipkin-reporter-bom-3.5.3.pom (io.zipkin.reporter2:zipkin-reporter-bom:3.5.3)' in resolver cache: /Users/claratorres1414/.gradle/caches/modules-2/files-2.1/io.zipkin.reporter2/zipkin-reporter-bom/3.5.3/8c72f25cf5ac7b1afbb2deda68c5be3330650db7/zipkin-reporter-bom-3.5.3.pom
2026-08-21T16:48:36.187-0300 [DEBUG] [org.gradle.internal.operations.DefaultBuildOperationRunner] Completing Build operation 'Resolve zipkin-reporter-bom-3.5.3.pom (io.zipkin.reporter2:zipkin-reporter-bom:3.5.3)'
2026-08-21T16:48:36.187-0300 [DEBUG] [org.gradle.internal.operations.DefaultBuildOperationRunner] Build operation 'Resolve zipkin-reporter-bom-3.5.3.pom (io.zipkin.reporter2:zipkin-reporter-bom:3.5.3)' completed
2026-08-21T16:48:36.187-0300 [DEBUG] [org.gradle.internal.operations.DefaultBuildOperationRunner] Completing Build operation 'Resolve files of configuration ':detachedConfiguration8''
2026-08-21T16:48:36.187-0300 [DEBUG] [org.gradle.internal.operations.DefaultBuildOperationRunner] Build operation 'Resolve files of configuration ':detachedConfiguration8'' completed
2026-08-21T16:48:36.188-0300 [DEBUG] [org.gradle.internal.operations.DefaultBuildOperationRunner] Build operation 'Resolve dependencies of :detachedConfiguration9' started
2026-08-21T16:48:36.188-0300 [DEBUG] [org.gradle.api.internal.artifacts.ivyservice.modulecache.ResolvedArtifactCaches] Reusing in-memory cache for repo 'MavenRepo' [26c913274550a0b2221f47a0fe2d2358].
2026-08-21T16:48:36.188-0300 [DEBUG] [org.gradle.api.internal.artifacts.ivyservice.ivyresolve.RepositoryChainComponentMetaDataResolver] Attempting to resolve component for io.zipkin.brave:brave-bom:6.3.1 using repositories [MavenRepo]
2026-08-21T16:48:36.188-0300 [DEBUG] [org.gradle.api.internal.artifacts.ivyservice.ivyresolve.CachingModuleComponentRepository] Using cached module metadata for module 'io.zipkin.brave:brave-bom:6.3.1' in 'MavenRepo'
2026-08-21T16:48:36.188-0300 [DEBUG] [org.gradle.api.internal.artifacts.ivyservice.ivyresolve.RepositoryChainComponentMetaDataResolver] Using io.zipkin.brave:brave-bom:6.3.1 from org.gradle.api.internal.artifacts.ivyservice.ivyresolve.FilteredModuleComponentRepository@55b2e0dd
2026-08-21T16:48:36.188-0300 [DEBUG] [org.gradle.internal.operations.DefaultBuildOperationRunner] Completing Build operation 'Resolve dependencies of :detachedConfiguration9'
2026-08-21T16:48:36.188-0300 [DEBUG] [org.gradle.internal.operations.DefaultBuildOperationRunner] Build operation 'Resolve dependencies of :detachedConfiguration9' completed
2026-08-21T16:48:36.188-0300 [DEBUG] [org.gradle.internal.component.model.LoggingAttributeMatchingExplanationBuilder] Selected match {artifactType=pom, org.gradle.status=release} from candidates [{artifactType=pom, org.gradle.status=release}] for {}
2026-08-21T16:48:36.188-0300 [DEBUG] [org.gradle.internal.operations.DefaultBuildOperationRunner] Build operation 'Resolve files of configuration ':detachedConfiguration9'' started
2026-08-21T16:48:36.188-0300 [DEBUG] [org.gradle.internal.operations.DefaultBuildOperationRunner] Completing Build operation 'Resolve files of configuration ':detachedConfiguration9''
2026-08-21T16:48:36.188-0300 [DEBUG] [org.gradle.internal.operations.DefaultBuildOperationRunner] Build operation 'Resolve files of configuration ':detachedConfiguration9'' completed
2026-08-21T16:48:36.188-0300 [DEBUG] [org.gradle.internal.component.model.LoggingAttributeMatchingExplanationBuilder] Selected match {artifactType=pom, org.gradle.status=release} from candidates [{artifactType=pom, org.gradle.status=release}] for {}
2026-08-21T16:48:36.188-0300 [DEBUG] [org.gradle.internal.operations.DefaultBuildOperationRunner] Build operation 'Resolve files of configuration ':detachedConfiguration9'' started
2026-08-21T16:48:36.189-0300 [DEBUG] [org.gradle.internal.operations.DefaultBuildOperationRunner] Build operation 'Resolve brave-bom-6.3.1.pom (io.zipkin.brave:brave-bom:6.3.1)' started
2026-08-21T16:48:36.189-0300 [DEBUG] [org.gradle.api.internal.artifacts.ivyservice.ivyresolve.CachingModuleComponentRepository] Found artifact 'brave-bom-6.3.1.pom (io.zipkin.brave:brave-bom:6.3.1)' in resolver cache: /Users/claratorres1414/.gradle/caches/modules-2/files-2.1/io.zipkin.brave/brave-bom/6.3.1/d5727442374fcddd664552e622f8621771c12bf8/brave-bom-6.3.1.pom
2026-08-21T16:48:36.189-0300 [DEBUG] [org.gradle.internal.operations.DefaultBuildOperationRunner] Completing Build operation 'Resolve brave-bom-6.3.1.pom (io.zipkin.brave:brave-bom:6.3.1)'
2026-08-21T16:48:36.189-0300 [DEBUG] [org.gradle.internal.operations.DefaultBuildOperationRunner] Build operation 'Resolve brave-bom-6.3.1.pom (io.zipkin.brave:brave-bom:6.3.1)' completed
2026-08-21T16:48:36.189-0300 [DEBUG] [org.gradle.internal.operations.DefaultBuildOperationRunner] Completing Build operation 'Resolve files of configuration ':detachedConfiguration9''
2026-08-21T16:48:36.189-0300 [DEBUG] [org.gradle.internal.operations.DefaultBuildOperationRunner] Build operation 'Resolve files of configuration ':detachedConfiguration9'' completed
2026-08-21T16:48:36.189-0300 [DEBUG] [org.gradle.internal.operations.DefaultBuildOperationRunner] Build operation 'Resolve dependencies of :detachedConfiguration10' started
2026-08-21T16:48:36.189-0300 [DEBUG] [org.gradle.api.internal.artifacts.ivyservice.modulecache.ResolvedArtifactCaches] Reusing in-memory cache for repo 'MavenRepo' [26c913274550a0b2221f47a0fe2d2358].
2026-08-21T16:48:36.190-0300 [DEBUG] [org.gradle.api.internal.artifacts.ivyservice.ivyresolve.RepositoryChainComponentMetaDataResolver] Attempting to resolve component for org.apache.cassandra:java-driver-bom:4.19.3 using repositories [MavenRepo]
2026-08-21T16:48:36.190-0300 [DEBUG] [org.gradle.api.internal.artifacts.ivyservice.ivyresolve.CachingModuleComponentRepository] Using cached module metadata for module 'org.apache.cassandra:java-driver-bom:4.19.3' in 'MavenRepo'
2026-08-21T16:48:36.190-0300 [DEBUG] [org.gradle.api.internal.artifacts.ivyservice.ivyresolve.RepositoryChainComponentMetaDataResolver] Using org.apache.cassandra:java-driver-bom:4.19.3 from org.gradle.api.internal.artifacts.ivyservice.ivyresolve.FilteredModuleComponentRepository@6f89696a
2026-08-21T16:48:36.190-0300 [DEBUG] [org.gradle.internal.operations.DefaultBuildOperationRunner] Completing Build operation 'Resolve dependencies of :detachedConfiguration10'
2026-08-21T16:48:36.190-0300 [DEBUG] [org.gradle.internal.operations.DefaultBuildOperationRunner] Build operation 'Resolve dependencies of :detachedConfiguration10' completed
2026-08-21T16:48:36.190-0300 [DEBUG] [org.gradle.internal.component.model.LoggingAttributeMatchingExplanationBuilder] Selected match {artifactType=pom, org.gradle.status=release} from candidates [{artifactType=pom, org.gradle.status=release}] for {}
2026-08-21T16:48:36.190-0300 [DEBUG] [org.gradle.internal.operations.DefaultBuildOperationRunner] Build operation 'Resolve files of configuration ':detachedConfiguration10'' started
2026-08-21T16:48:36.190-0300 [DEBUG] [org.gradle.internal.operations.DefaultBuildOperationRunner] Completing Build operation 'Resolve files of configuration ':detachedConfiguration10''
2026-08-21T16:48:36.190-0300 [DEBUG] [org.gradle.internal.operations.DefaultBuildOperationRunner] Build operation 'Resolve files of configuration ':detachedConfiguration10'' completed
2026-08-21T16:48:36.190-0300 [DEBUG] [org.gradle.internal.component.model.LoggingAttributeMatchingExplanationBuilder] Selected match {artifactType=pom, org.gradle.status=release} from candidates [{artifactType=pom, org.gradle.status=release}] for {}
2026-08-21T16:48:36.190-0300 [DEBUG] [org.gradle.internal.operations.DefaultBuildOperationRunner] Build operation 'Resolve files of configuration ':detachedConfiguration10'' started
2026-08-21T16:48:36.190-0300 [DEBUG] [org.gradle.internal.operations.DefaultBuildOperationRunner] Build operation 'Resolve java-driver-bom-4.19.3.pom (org.apache.cassandra:java-driver-bom:4.19.3)' started
2026-08-21T16:48:36.190-0300 [DEBUG] [org.gradle.api.internal.artifacts.ivyservice.ivyresolve.CachingModuleComponentRepository] Found artifact 'java-driver-bom-4.19.3.pom (org.apache.cassandra:java-driver-bom:4.19.3)' in resolver cache: /Users/claratorres1414/.gradle/caches/modules-2/files-2.1/org.apache.cassandra/java-driver-bom/4.19.3/fd1e857c70867f71a2511daf3bd5e2eb52322f49/java-driver-bom-4.19.3.pom
2026-08-21T16:48:36.190-0300 [DEBUG] [org.gradle.internal.operations.DefaultBuildOperationRunner] Completing Build operation 'Resolve java-driver-bom-4.19.3.pom (org.apache.cassandra:java-driver-bom:4.19.3)'
2026-08-21T16:48:36.190-0300 [DEBUG] [org.gradle.internal.operations.DefaultBuildOperationRunner] Build operation 'Resolve java-driver-bom-4.19.3.pom (org.apache.cassandra:java-driver-bom:4.19.3)' completed
2026-08-21T16:48:36.190-0300 [DEBUG] [org.gradle.internal.operations.DefaultBuildOperationRunner] Completing Build operation 'Resolve files of configuration ':detachedConfiguration10''
2026-08-21T16:48:36.190-0300 [DEBUG] [org.gradle.internal.operations.DefaultBuildOperationRunner] Build operation 'Resolve files of configuration ':detachedConfiguration10'' completed
2026-08-21T16:48:36.190-0300 [DEBUG] [org.gradle.internal.operations.DefaultBuildOperationRunner] Build operation 'Resolve dependencies of :detachedConfiguration11' started
2026-08-21T16:48:36.191-0300 [DEBUG] [org.gradle.api.internal.artifacts.ivyservice.modulecache.ResolvedArtifactCaches] Reusing in-memory cache for repo 'MavenRepo' [26c913274550a0b2221f47a0fe2d2358].
2026-08-21T16:48:36.191-0300 [DEBUG] [org.gradle.api.internal.artifacts.ivyservice.ivyresolve.RepositoryChainComponentMetaDataResolver] Attempting to resolve component for org.apache.groovy:groovy-bom:5.0.6 using repositories [MavenRepo]
2026-08-21T16:48:36.191-0300 [DEBUG] [org.gradle.api.internal.artifacts.ivyservice.ivyresolve.CachingModuleComponentRepository] Using cached module metadata for module 'org.apache.groovy:groovy-bom:5.0.6' in 'MavenRepo'
2026-08-21T16:48:36.191-0300 [DEBUG] [org.gradle.api.internal.artifacts.ivyservice.ivyresolve.RepositoryChainComponentMetaDataResolver] Using org.apache.groovy:groovy-bom:5.0.6 from org.gradle.api.internal.artifacts.ivyservice.ivyresolve.FilteredModuleComponentRepository@7a0095ca
2026-08-21T16:48:36.191-0300 [DEBUG] [org.gradle.api.internal.attributes.matching.DefaultAttributeMatcher] Selected matches [1] from candidates [{org.gradle.category=platform, org.gradle.status=release, org.gradle.usage=java-api}, {org.gradle.category=platform, org.gradle.status=release, org.gradle.usage=java-runtime}, {org.gradle.category=enforced-platform, org.gradle.status=release, org.gradle.usage=java-api}, {org.gradle.category=enforced-platform, org.gradle.status=release, org.gradle.usage=java-runtime}] for {}
2026-08-21T16:48:36.191-0300 [DEBUG] [org.gradle.internal.operations.DefaultBuildOperationRunner] Completing Build operation 'Resolve dependencies of :detachedConfiguration11'
2026-08-21T16:48:36.191-0300 [DEBUG] [org.gradle.internal.operations.DefaultBuildOperationRunner] Build operation 'Resolve dependencies of :detachedConfiguration11' completed
2026-08-21T16:48:36.191-0300 [DEBUG] [org.gradle.internal.component.model.LoggingAttributeMatchingExplanationBuilder] Selected match {artifactType=pom, org.gradle.status=release} from candidates [{artifactType=pom, org.gradle.status=release}] for {}
2026-08-21T16:48:36.191-0300 [DEBUG] [org.gradle.internal.operations.DefaultBuildOperationRunner] Build operation 'Resolve files of configuration ':detachedConfiguration11'' started
2026-08-21T16:48:36.191-0300 [DEBUG] [org.gradle.internal.operations.DefaultBuildOperationRunner] Completing Build operation 'Resolve files of configuration ':detachedConfiguration11''
2026-08-21T16:48:36.191-0300 [DEBUG] [org.gradle.internal.operations.DefaultBuildOperationRunner] Build operation 'Resolve files of configuration ':detachedConfiguration11'' completed
2026-08-21T16:48:36.191-0300 [DEBUG] [org.gradle.internal.component.model.LoggingAttributeMatchingExplanationBuilder] Selected match {artifactType=pom, org.gradle.status=release} from candidates [{artifactType=pom, org.gradle.status=release}] for {}
2026-08-21T16:48:36.191-0300 [DEBUG] [org.gradle.internal.operations.DefaultBuildOperationRunner] Build operation 'Resolve files of configuration ':detachedConfiguration11'' started
2026-08-21T16:48:36.191-0300 [DEBUG] [org.gradle.internal.operations.DefaultBuildOperationRunner] Build operation 'Resolve groovy-bom-5.0.6.pom (org.apache.groovy:groovy-bom:5.0.6)' started
2026-08-21T16:48:36.191-0300 [DEBUG] [org.gradle.api.internal.artifacts.ivyservice.ivyresolve.CachingModuleComponentRepository] Found artifact 'groovy-bom-5.0.6.pom (org.apache.groovy:groovy-bom:5.0.6)' in resolver cache: /Users/claratorres1414/.gradle/caches/modules-2/files-2.1/org.apache.groovy/groovy-bom/5.0.6/94791d2aea540341cdc22a4415fd6db9340c1ead/groovy-bom-5.0.6.pom
2026-08-21T16:48:36.191-0300 [DEBUG] [org.gradle.internal.operations.DefaultBuildOperationRunner] Completing Build operation 'Resolve groovy-bom-5.0.6.pom (org.apache.groovy:groovy-bom:5.0.6)'
2026-08-21T16:48:36.191-0300 [DEBUG] [org.gradle.internal.operations.DefaultBuildOperationRunner] Build operation 'Resolve groovy-bom-5.0.6.pom (org.apache.groovy:groovy-bom:5.0.6)' completed
2026-08-21T16:48:36.191-0300 [DEBUG] [org.gradle.internal.operations.DefaultBuildOperationRunner] Completing Build operation 'Resolve files of configuration ':detachedConfiguration11''
2026-08-21T16:48:36.191-0300 [DEBUG] [org.gradle.internal.operations.DefaultBuildOperationRunner] Build operation 'Resolve files of configuration ':detachedConfiguration11'' completed
2026-08-21T16:48:36.192-0300 [DEBUG] [org.gradle.internal.operations.DefaultBuildOperationRunner] Build operation 'Resolve dependencies of :detachedConfiguration12' started
2026-08-21T16:48:36.192-0300 [DEBUG] [org.gradle.api.internal.artifacts.ivyservice.modulecache.ResolvedArtifactCaches] Reusing in-memory cache for repo 'MavenRepo' [26c913274550a0b2221f47a0fe2d2358].
2026-08-21T16:48:36.193-0300 [DEBUG] [org.gradle.api.internal.artifacts.ivyservice.ivyresolve.RepositoryChainComponentMetaDataResolver] Attempting to resolve component for io.grpc:grpc-bom:1.80.0 using repositories [MavenRepo]
2026-08-21T16:48:36.193-0300 [DEBUG] [org.gradle.api.internal.artifacts.ivyservice.ivyresolve.CachingModuleComponentRepository] Using cached module metadata for module 'io.grpc:grpc-bom:1.80.0' in 'MavenRepo'
2026-08-21T16:48:36.193-0300 [DEBUG] [org.gradle.api.internal.artifacts.ivyservice.ivyresolve.RepositoryChainComponentMetaDataResolver] Using io.grpc:grpc-bom:1.80.0 from org.gradle.api.internal.artifacts.ivyservice.ivyresolve.FilteredModuleComponentRepository@1d0ca127
2026-08-21T16:48:36.193-0300 [DEBUG] [org.gradle.internal.operations.DefaultBuildOperationRunner] Completing Build operation 'Resolve dependencies of :detachedConfiguration12'
2026-08-21T16:48:36.193-0300 [DEBUG] [org.gradle.internal.operations.DefaultBuildOperationRunner] Build operation 'Resolve dependencies of :detachedConfiguration12' completed
2026-08-21T16:48:36.193-0300 [DEBUG] [org.gradle.internal.component.model.LoggingAttributeMatchingExplanationBuilder] Selected match {artifactType=pom, org.gradle.status=release} from candidates [{artifactType=pom, org.gradle.status=release}] for {}
2026-08-21T16:48:36.193-0300 [DEBUG] [org.gradle.internal.operations.DefaultBuildOperationRunner] Build operation 'Resolve files of configuration ':detachedConfiguration12'' started
2026-08-21T16:48:36.193-0300 [DEBUG] [org.gradle.internal.operations.DefaultBuildOperationRunner] Completing Build operation 'Resolve files of configuration ':detachedConfiguration12''
2026-08-21T16:48:36.193-0300 [DEBUG] [org.gradle.internal.operations.DefaultBuildOperationRunner] Build operation 'Resolve files of configuration ':detachedConfiguration12'' completed
2026-08-21T16:48:36.193-0300 [DEBUG] [org.gradle.internal.component.model.LoggingAttributeMatchingExplanationBuilder] Selected match {artifactType=pom, org.gradle.status=release} from candidates [{artifactType=pom, org.gradle.status=release}] for {}
2026-08-21T16:48:36.193-0300 [DEBUG] [org.gradle.internal.operations.DefaultBuildOperationRunner] Build operation 'Resolve files of configuration ':detachedConfiguration12'' started
2026-08-21T16:48:36.193-0300 [DEBUG] [org.gradle.internal.operations.DefaultBuildOperationRunner] Build operation 'Resolve grpc-bom-1.80.0.pom (io.grpc:grpc-bom:1.80.0)' started
2026-08-21T16:48:36.193-0300 [DEBUG] [org.gradle.api.internal.artifacts.ivyservice.ivyresolve.CachingModuleComponentRepository] Found artifact 'grpc-bom-1.80.0.pom (io.grpc:grpc-bom:1.80.0)' in resolver cache: /Users/claratorres1414/.gradle/caches/modules-2/files-2.1/io.grpc/grpc-bom/1.80.0/74f33b0e20d546ad5473b3e69ea4e0ad2d736980/grpc-bom-1.80.0.pom
2026-08-21T16:48:36.193-0300 [DEBUG] [org.gradle.internal.operations.DefaultBuildOperationRunner] Completing Build operation 'Resolve grpc-bom-1.80.0.pom (io.grpc:grpc-bom:1.80.0)'
2026-08-21T16:48:36.193-0300 [DEBUG] [org.gradle.internal.operations.DefaultBuildOperationRunner] Build operation 'Resolve grpc-bom-1.80.0.pom (io.grpc:grpc-bom:1.80.0)' completed
2026-08-21T16:48:36.193-0300 [DEBUG] [org.gradle.internal.operations.DefaultBuildOperationRunner] Completing Build operation 'Resolve files of configuration ':detachedConfiguration12''
2026-08-21T16:48:36.193-0300 [DEBUG] [org.gradle.internal.operations.DefaultBuildOperationRunner] Build operation 'Resolve files of configuration ':detachedConfiguration12'' completed
2026-08-21T16:48:36.194-0300 [DEBUG] [org.gradle.internal.operations.DefaultBuildOperationRunner] Build operation 'Resolve dependencies of :detachedConfiguration13' started
2026-08-21T16:48:36.194-0300 [DEBUG] [org.gradle.api.internal.artifacts.ivyservice.modulecache.ResolvedArtifactCaches] Reusing in-memory cache for repo 'MavenRepo' [26c913274550a0b2221f47a0fe2d2358].
2026-08-21T16:48:36.194-0300 [DEBUG] [org.gradle.api.internal.artifacts.ivyservice.ivyresolve.RepositoryChainComponentMetaDataResolver] Attempting to resolve component for org.infinispan:infinispan-bom:16.1.4 using repositories [MavenRepo]
2026-08-21T16:48:36.194-0300 [DEBUG] [org.gradle.api.internal.artifacts.ivyservice.ivyresolve.CachingModuleComponentRepository] Using cached module metadata for module 'org.infinispan:infinispan-bom:16.1.4' in 'MavenRepo'
2026-08-21T16:48:36.194-0300 [DEBUG] [org.gradle.api.internal.artifacts.ivyservice.ivyresolve.RepositoryChainComponentMetaDataResolver] Using org.infinispan:infinispan-bom:16.1.4 from org.gradle.api.internal.artifacts.ivyservice.ivyresolve.FilteredModuleComponentRepository@1681d645
2026-08-21T16:48:36.194-0300 [DEBUG] [org.gradle.internal.operations.DefaultBuildOperationRunner] Completing Build operation 'Resolve dependencies of :detachedConfiguration13'
2026-08-21T16:48:36.194-0300 [DEBUG] [org.gradle.internal.operations.DefaultBuildOperationRunner] Build operation 'Resolve dependencies of :detachedConfiguration13' completed
2026-08-21T16:48:36.194-0300 [DEBUG] [org.gradle.internal.component.model.LoggingAttributeMatchingExplanationBuilder] Selected match {artifactType=pom, org.gradle.status=release} from candidates [{artifactType=pom, org.gradle.status=release}] for {}
2026-08-21T16:48:36.194-0300 [DEBUG] [org.gradle.internal.operations.DefaultBuildOperationRunner] Build operation 'Resolve files of configuration ':detachedConfiguration13'' started
2026-08-21T16:48:36.194-0300 [DEBUG] [org.gradle.internal.operations.DefaultBuildOperationRunner] Completing Build operation 'Resolve files of configuration ':detachedConfiguration13''
2026-08-21T16:48:36.194-0300 [DEBUG] [org.gradle.internal.operations.DefaultBuildOperationRunner] Build operation 'Resolve files of configuration ':detachedConfiguration13'' completed
2026-08-21T16:48:36.194-0300 [DEBUG] [org.gradle.internal.component.model.LoggingAttributeMatchingExplanationBuilder] Selected match {artifactType=pom, org.gradle.status=release} from candidates [{artifactType=pom, org.gradle.status=release}] for {}
2026-08-21T16:48:36.194-0300 [DEBUG] [org.gradle.internal.operations.DefaultBuildOperationRunner] Build operation 'Resolve files of configuration ':detachedConfiguration13'' started
2026-08-21T16:48:36.194-0300 [DEBUG] [org.gradle.internal.operations.DefaultBuildOperationRunner] Build operation 'Resolve infinispan-bom-16.1.4.pom (org.infinispan:infinispan-bom:16.1.4)' started
2026-08-21T16:48:36.194-0300 [DEBUG] [org.gradle.api.internal.artifacts.ivyservice.ivyresolve.CachingModuleComponentRepository] Found artifact 'infinispan-bom-16.1.4.pom (org.infinispan:infinispan-bom:16.1.4)' in resolver cache: /Users/claratorres1414/.gradle/caches/modules-2/files-2.1/org.infinispan/infinispan-bom/16.1.4/84f6ae4183a698113f36ef874404cec950e22647/infinispan-bom-16.1.4.pom
2026-08-21T16:48:36.194-0300 [DEBUG] [org.gradle.internal.operations.DefaultBuildOperationRunner] Completing Build operation 'Resolve infinispan-bom-16.1.4.pom (org.infinispan:infinispan-bom:16.1.4)'
2026-08-21T16:48:36.194-0300 [DEBUG] [org.gradle.internal.operations.DefaultBuildOperationRunner] Build operation 'Resolve infinispan-bom-16.1.4.pom (org.infinispan:infinispan-bom:16.1.4)' completed
2026-08-21T16:48:36.194-0300 [DEBUG] [org.gradle.internal.operations.DefaultBuildOperationRunner] Completing Build operation 'Resolve files of configuration ':detachedConfiguration13''
2026-08-21T16:48:36.194-0300 [DEBUG] [org.gradle.internal.operations.DefaultBuildOperationRunner] Build operation 'Resolve files of configuration ':detachedConfiguration13'' completed
2026-08-21T16:48:36.195-0300 [DEBUG] [org.gradle.internal.operations.DefaultBuildOperationRunner] Build operation 'Resolve dependencies of :detachedConfiguration14' started
2026-08-21T16:48:36.195-0300 [DEBUG] [org.gradle.api.internal.artifacts.ivyservice.modulecache.ResolvedArtifactCaches] Reusing in-memory cache for repo 'MavenRepo' [26c913274550a0b2221f47a0fe2d2358].
2026-08-21T16:48:36.196-0300 [DEBUG] [org.gradle.api.internal.artifacts.ivyservice.ivyresolve.RepositoryChainComponentMetaDataResolver] Attempting to resolve component for com.fasterxml.jackson:jackson-bom:2.21.4 using repositories [MavenRepo]
2026-08-21T16:48:36.196-0300 [DEBUG] [org.gradle.api.internal.artifacts.ivyservice.ivyresolve.CachingModuleComponentRepository] Using cached module metadata for module 'com.fasterxml.jackson:jackson-bom:2.21.4' in 'MavenRepo'
2026-08-21T16:48:36.196-0300 [DEBUG] [org.gradle.api.internal.artifacts.ivyservice.ivyresolve.RepositoryChainComponentMetaDataResolver] Using com.fasterxml.jackson:jackson-bom:2.21.4 from org.gradle.api.internal.artifacts.ivyservice.ivyresolve.FilteredModuleComponentRepository@5ca7234f
2026-08-21T16:48:36.196-0300 [DEBUG] [org.gradle.internal.operations.DefaultBuildOperationRunner] Completing Build operation 'Resolve dependencies of :detachedConfiguration14'
2026-08-21T16:48:36.196-0300 [DEBUG] [org.gradle.internal.operations.DefaultBuildOperationRunner] Build operation 'Resolve dependencies of :detachedConfiguration14' completed
2026-08-21T16:48:36.196-0300 [DEBUG] [org.gradle.internal.component.model.LoggingAttributeMatchingExplanationBuilder] Selected match {artifactType=pom, org.gradle.status=release} from candidates [{artifactType=pom, org.gradle.status=release}] for {}
2026-08-21T16:48:36.196-0300 [DEBUG] [org.gradle.internal.operations.DefaultBuildOperationRunner] Build operation 'Resolve files of configuration ':detachedConfiguration14'' started
2026-08-21T16:48:36.196-0300 [DEBUG] [org.gradle.internal.operations.DefaultBuildOperationRunner] Completing Build operation 'Resolve files of configuration ':detachedConfiguration14''
2026-08-21T16:48:36.196-0300 [DEBUG] [org.gradle.internal.operations.DefaultBuildOperationRunner] Build operation 'Resolve files of configuration ':detachedConfiguration14'' completed
2026-08-21T16:48:36.196-0300 [DEBUG] [org.gradle.internal.component.model.LoggingAttributeMatchingExplanationBuilder] Selected match {artifactType=pom, org.gradle.status=release} from candidates [{artifactType=pom, org.gradle.status=release}] for {}
2026-08-21T16:48:36.196-0300 [DEBUG] [org.gradle.internal.operations.DefaultBuildOperationRunner] Build operation 'Resolve files of configuration ':detachedConfiguration14'' started
2026-08-21T16:48:36.196-0300 [DEBUG] [org.gradle.internal.operations.DefaultBuildOperationRunner] Build operation 'Resolve jackson-bom-2.21.4.pom (com.fasterxml.jackson:jackson-bom:2.21.4)' started
2026-08-21T16:48:36.196-0300 [DEBUG] [org.gradle.api.internal.artifacts.ivyservice.ivyresolve.CachingModuleComponentRepository] Found artifact 'jackson-bom-2.21.4.pom (com.fasterxml.jackson:jackson-bom:2.21.4)' in resolver cache: /Users/claratorres1414/.gradle/caches/modules-2/files-2.1/com.fasterxml.jackson/jackson-bom/2.21.4/a02fcc4edb2419496fdd27f5b4a49f2b003e5cb1/jackson-bom-2.21.4.pom
2026-08-21T16:48:36.196-0300 [DEBUG] [org.gradle.internal.operations.DefaultBuildOperationRunner] Completing Build operation 'Resolve jackson-bom-2.21.4.pom (com.fasterxml.jackson:jackson-bom:2.21.4)'
2026-08-21T16:48:36.196-0300 [DEBUG] [org.gradle.internal.operations.DefaultBuildOperationRunner] Build operation 'Resolve jackson-bom-2.21.4.pom (com.fasterxml.jackson:jackson-bom:2.21.4)' completed
2026-08-21T16:48:36.196-0300 [DEBUG] [org.gradle.internal.operations.DefaultBuildOperationRunner] Completing Build operation 'Resolve files of configuration ':detachedConfiguration14''
2026-08-21T16:48:36.197-0300 [DEBUG] [org.gradle.internal.operations.DefaultBuildOperationRunner] Build operation 'Resolve files of configuration ':detachedConfiguration14'' completed
2026-08-21T16:48:36.197-0300 [DEBUG] [org.gradle.internal.operations.DefaultBuildOperationRunner] Build operation 'Resolve dependencies of :detachedConfiguration15' started
2026-08-21T16:48:36.197-0300 [DEBUG] [org.gradle.api.internal.artifacts.ivyservice.modulecache.ResolvedArtifactCaches] Reusing in-memory cache for repo 'MavenRepo' [26c913274550a0b2221f47a0fe2d2358].
2026-08-21T16:48:36.198-0300 [DEBUG] [org.gradle.api.internal.artifacts.ivyservice.ivyresolve.RepositoryChainComponentMetaDataResolver] Attempting to resolve component for com.fasterxml.jackson:jackson-parent:2.21 using repositories [MavenRepo]
2026-08-21T16:48:36.198-0300 [DEBUG] [org.gradle.api.internal.artifacts.ivyservice.ivyresolve.CachingModuleComponentRepository] Using cached module metadata for module 'com.fasterxml.jackson:jackson-parent:2.21' in 'MavenRepo'
2026-08-21T16:48:36.198-0300 [DEBUG] [org.gradle.api.internal.artifacts.ivyservice.ivyresolve.RepositoryChainComponentMetaDataResolver] Using com.fasterxml.jackson:jackson-parent:2.21 from org.gradle.api.internal.artifacts.ivyservice.ivyresolve.FilteredModuleComponentRepository@5694ece5
2026-08-21T16:48:36.198-0300 [DEBUG] [org.gradle.internal.operations.DefaultBuildOperationRunner] Completing Build operation 'Resolve dependencies of :detachedConfiguration15'
2026-08-21T16:48:36.198-0300 [DEBUG] [org.gradle.internal.operations.DefaultBuildOperationRunner] Build operation 'Resolve dependencies of :detachedConfiguration15' completed
2026-08-21T16:48:36.198-0300 [DEBUG] [org.gradle.internal.component.model.LoggingAttributeMatchingExplanationBuilder] Selected match {artifactType=pom, org.gradle.status=release} from candidates [{artifactType=pom, org.gradle.status=release}] for {}
2026-08-21T16:48:36.198-0300 [DEBUG] [org.gradle.internal.operations.DefaultBuildOperationRunner] Build operation 'Resolve files of configuration ':detachedConfiguration15'' started
2026-08-21T16:48:36.198-0300 [DEBUG] [org.gradle.internal.operations.DefaultBuildOperationRunner] Completing Build operation 'Resolve files of configuration ':detachedConfiguration15''
2026-08-21T16:48:36.198-0300 [DEBUG] [org.gradle.internal.operations.DefaultBuildOperationRunner] Build operation 'Resolve files of configuration ':detachedConfiguration15'' completed
2026-08-21T16:48:36.198-0300 [DEBUG] [org.gradle.internal.component.model.LoggingAttributeMatchingExplanationBuilder] Selected match {artifactType=pom, org.gradle.status=release} from candidates [{artifactType=pom, org.gradle.status=release}] for {}
2026-08-21T16:48:36.198-0300 [DEBUG] [org.gradle.internal.operations.DefaultBuildOperationRunner] Build operation 'Resolve files of configuration ':detachedConfiguration15'' started
2026-08-21T16:48:36.198-0300 [DEBUG] [org.gradle.internal.operations.DefaultBuildOperationRunner] Build operation 'Resolve jackson-parent-2.21.pom (com.fasterxml.jackson:jackson-parent:2.21)' started
2026-08-21T16:48:36.198-0300 [DEBUG] [org.gradle.api.internal.artifacts.ivyservice.ivyresolve.CachingModuleComponentRepository] Found artifact 'jackson-parent-2.21.pom (com.fasterxml.jackson:jackson-parent:2.21)' in resolver cache: /Users/claratorres1414/.gradle/caches/modules-2/files-2.1/com.fasterxml.jackson/jackson-parent/2.21/ca493ce06a74692e8295df9e3129b39ca67af9b7/jackson-parent-2.21.pom
2026-08-21T16:48:36.198-0300 [DEBUG] [org.gradle.internal.operations.DefaultBuildOperationRunner] Completing Build operation 'Resolve jackson-parent-2.21.pom (com.fasterxml.jackson:jackson-parent:2.21)'
2026-08-21T16:48:36.198-0300 [DEBUG] [org.gradle.internal.operations.DefaultBuildOperationRunner] Build operation 'Resolve jackson-parent-2.21.pom (com.fasterxml.jackson:jackson-parent:2.21)' completed
2026-08-21T16:48:36.198-0300 [DEBUG] [org.gradle.internal.operations.DefaultBuildOperationRunner] Completing Build operation 'Resolve files of configuration ':detachedConfiguration15''
2026-08-21T16:48:36.198-0300 [DEBUG] [org.gradle.internal.operations.DefaultBuildOperationRunner] Build operation 'Resolve files of configuration ':detachedConfiguration15'' completed
2026-08-21T16:48:36.199-0300 [DEBUG] [org.gradle.internal.operations.DefaultBuildOperationRunner] Build operation 'Resolve dependencies of :detachedConfiguration16' started
2026-08-21T16:48:36.199-0300 [DEBUG] [org.gradle.api.internal.artifacts.ivyservice.modulecache.ResolvedArtifactCaches] Reusing in-memory cache for repo 'MavenRepo' [26c913274550a0b2221f47a0fe2d2358].
2026-08-21T16:48:36.199-0300 [DEBUG] [org.gradle.api.internal.artifacts.ivyservice.ivyresolve.RepositoryChainComponentMetaDataResolver] Attempting to resolve component for com.fasterxml:oss-parent:75 using repositories [MavenRepo]
2026-08-21T16:48:36.199-0300 [DEBUG] [org.gradle.api.internal.artifacts.ivyservice.ivyresolve.CachingModuleComponentRepository] Using cached module metadata for module 'com.fasterxml:oss-parent:75' in 'MavenRepo'
2026-08-21T16:48:36.199-0300 [DEBUG] [org.gradle.api.internal.artifacts.ivyservice.ivyresolve.RepositoryChainComponentMetaDataResolver] Using com.fasterxml:oss-parent:75 from org.gradle.api.internal.artifacts.ivyservice.ivyresolve.FilteredModuleComponentRepository@67b10775
2026-08-21T16:48:36.199-0300 [DEBUG] [org.gradle.internal.operations.DefaultBuildOperationRunner] Completing Build operation 'Resolve dependencies of :detachedConfiguration16'
2026-08-21T16:48:36.199-0300 [DEBUG] [org.gradle.internal.operations.DefaultBuildOperationRunner] Build operation 'Resolve dependencies of :detachedConfiguration16' completed
2026-08-21T16:48:36.199-0300 [DEBUG] [org.gradle.internal.component.model.LoggingAttributeMatchingExplanationBuilder] Selected match {artifactType=pom, org.gradle.status=release} from candidates [{artifactType=pom, org.gradle.status=release}] for {}
2026-08-21T16:48:36.199-0300 [DEBUG] [org.gradle.internal.operations.DefaultBuildOperationRunner] Build operation 'Resolve files of configuration ':detachedConfiguration16'' started
2026-08-21T16:48:36.199-0300 [DEBUG] [org.gradle.internal.operations.DefaultBuildOperationRunner] Completing Build operation 'Resolve files of configuration ':detachedConfiguration16''
2026-08-21T16:48:36.199-0300 [DEBUG] [org.gradle.internal.operations.DefaultBuildOperationRunner] Build operation 'Resolve files of configuration ':detachedConfiguration16'' completed
2026-08-21T16:48:36.199-0300 [DEBUG] [org.gradle.internal.component.model.LoggingAttributeMatchingExplanationBuilder] Selected match {artifactType=pom, org.gradle.status=release} from candidates [{artifactType=pom, org.gradle.status=release}] for {}
2026-08-21T16:48:36.199-0300 [DEBUG] [org.gradle.internal.operations.DefaultBuildOperationRunner] Build operation 'Resolve files of configuration ':detachedConfiguration16'' started
2026-08-21T16:48:36.199-0300 [DEBUG] [org.gradle.internal.operations.DefaultBuildOperationRunner] Build operation 'Resolve oss-parent-75.pom (com.fasterxml:oss-parent:75)' started
2026-08-21T16:48:36.199-0300 [DEBUG] [org.gradle.api.internal.artifacts.ivyservice.ivyresolve.CachingModuleComponentRepository] Found artifact 'oss-parent-75.pom (com.fasterxml:oss-parent:75)' in resolver cache: /Users/claratorres1414/.gradle/caches/modules-2/files-2.1/com.fasterxml/oss-parent/75/c6d41b946c6545194a0576ab31d94088cc23844b/oss-parent-75.pom
2026-08-21T16:48:36.199-0300 [DEBUG] [org.gradle.internal.operations.DefaultBuildOperationRunner] Completing Build operation 'Resolve oss-parent-75.pom (com.fasterxml:oss-parent:75)'
2026-08-21T16:48:36.199-0300 [DEBUG] [org.gradle.internal.operations.DefaultBuildOperationRunner] Build operation 'Resolve oss-parent-75.pom (com.fasterxml:oss-parent:75)' completed
2026-08-21T16:48:36.199-0300 [DEBUG] [org.gradle.internal.operations.DefaultBuildOperationRunner] Completing Build operation 'Resolve files of configuration ':detachedConfiguration16''
2026-08-21T16:48:36.199-0300 [DEBUG] [org.gradle.internal.operations.DefaultBuildOperationRunner] Build operation 'Resolve files of configuration ':detachedConfiguration16'' completed
2026-08-21T16:48:36.200-0300 [DEBUG] [org.gradle.internal.operations.DefaultBuildOperationRunner] Build operation 'Resolve dependencies of :detachedConfiguration17' started
2026-08-21T16:48:36.201-0300 [DEBUG] [org.gradle.api.internal.artifacts.ivyservice.modulecache.ResolvedArtifactCaches] Reusing in-memory cache for repo 'MavenRepo' [26c913274550a0b2221f47a0fe2d2358].
2026-08-21T16:48:36.201-0300 [DEBUG] [org.gradle.api.internal.artifacts.ivyservice.ivyresolve.RepositoryChainComponentMetaDataResolver] Attempting to resolve component for tools.jackson:jackson-bom:3.1.4 using repositories [MavenRepo]
2026-08-21T16:48:36.201-0300 [DEBUG] [org.gradle.api.internal.artifacts.ivyservice.ivyresolve.CachingModuleComponentRepository] Using cached module metadata for module 'tools.jackson:jackson-bom:3.1.4' in 'MavenRepo'
2026-08-21T16:48:36.201-0300 [DEBUG] [org.gradle.api.internal.artifacts.ivyservice.ivyresolve.RepositoryChainComponentMetaDataResolver] Using tools.jackson:jackson-bom:3.1.4 from org.gradle.api.internal.artifacts.ivyservice.ivyresolve.FilteredModuleComponentRepository@24eb2d85
2026-08-21T16:48:36.201-0300 [DEBUG] [org.gradle.internal.operations.DefaultBuildOperationRunner] Completing Build operation 'Resolve dependencies of :detachedConfiguration17'
2026-08-21T16:48:36.201-0300 [DEBUG] [org.gradle.internal.operations.DefaultBuildOperationRunner] Build operation 'Resolve dependencies of :detachedConfiguration17' completed
2026-08-21T16:48:36.201-0300 [DEBUG] [org.gradle.internal.component.model.LoggingAttributeMatchingExplanationBuilder] Selected match {artifactType=pom, org.gradle.status=release} from candidates [{artifactType=pom, org.gradle.status=release}] for {}
2026-08-21T16:48:36.201-0300 [DEBUG] [org.gradle.internal.operations.DefaultBuildOperationRunner] Build operation 'Resolve files of configuration ':detachedConfiguration17'' started
2026-08-21T16:48:36.201-0300 [DEBUG] [org.gradle.internal.operations.DefaultBuildOperationRunner] Completing Build operation 'Resolve files of configuration ':detachedConfiguration17''
2026-08-21T16:48:36.201-0300 [DEBUG] [org.gradle.internal.operations.DefaultBuildOperationRunner] Build operation 'Resolve files of configuration ':detachedConfiguration17'' completed
2026-08-21T16:48:36.201-0300 [DEBUG] [org.gradle.internal.component.model.LoggingAttributeMatchingExplanationBuilder] Selected match {artifactType=pom, org.gradle.status=release} from candidates [{artifactType=pom, org.gradle.status=release}] for {}
2026-08-21T16:48:36.201-0300 [DEBUG] [org.gradle.internal.operations.DefaultBuildOperationRunner] Build operation 'Resolve files of configuration ':detachedConfiguration17'' started
2026-08-21T16:48:36.201-0300 [DEBUG] [org.gradle.internal.operations.DefaultBuildOperationRunner] Build operation 'Resolve jackson-bom-3.1.4.pom (tools.jackson:jackson-bom:3.1.4)' started
2026-08-21T16:48:36.201-0300 [DEBUG] [org.gradle.api.internal.artifacts.ivyservice.ivyresolve.CachingModuleComponentRepository] Found artifact 'jackson-bom-3.1.4.pom (tools.jackson:jackson-bom:3.1.4)' in resolver cache: /Users/claratorres1414/.gradle/caches/modules-2/files-2.1/tools.jackson/jackson-bom/3.1.4/fbe15dd411665fc20c3b21d2dbfc2efa349d1f90/jackson-bom-3.1.4.pom
2026-08-21T16:48:36.201-0300 [DEBUG] [org.gradle.internal.operations.DefaultBuildOperationRunner] Completing Build operation 'Resolve jackson-bom-3.1.4.pom (tools.jackson:jackson-bom:3.1.4)'
2026-08-21T16:48:36.201-0300 [DEBUG] [org.gradle.internal.operations.DefaultBuildOperationRunner] Build operation 'Resolve jackson-bom-3.1.4.pom (tools.jackson:jackson-bom:3.1.4)' completed
2026-08-21T16:48:36.201-0300 [DEBUG] [org.gradle.internal.operations.DefaultBuildOperationRunner] Completing Build operation 'Resolve files of configuration ':detachedConfiguration17''
2026-08-21T16:48:36.201-0300 [DEBUG] [org.gradle.internal.operations.DefaultBuildOperationRunner] Build operation 'Resolve files of configuration ':detachedConfiguration17'' completed
2026-08-21T16:48:36.202-0300 [DEBUG] [org.gradle.internal.operations.DefaultBuildOperationRunner] Build operation 'Resolve dependencies of :detachedConfiguration18' started
2026-08-21T16:48:36.202-0300 [DEBUG] [org.gradle.api.internal.artifacts.ivyservice.modulecache.ResolvedArtifactCaches] Reusing in-memory cache for repo 'MavenRepo' [26c913274550a0b2221f47a0fe2d2358].
2026-08-21T16:48:36.202-0300 [DEBUG] [org.gradle.api.internal.artifacts.ivyservice.ivyresolve.RepositoryChainComponentMetaDataResolver] Attempting to resolve component for com.fasterxml:oss-parent:79 using repositories [MavenRepo]
2026-08-21T16:48:36.203-0300 [DEBUG] [org.gradle.api.internal.artifacts.ivyservice.ivyresolve.CachingModuleComponentRepository] Using cached module metadata for module 'com.fasterxml:oss-parent:79' in 'MavenRepo'
2026-08-21T16:48:36.203-0300 [DEBUG] [org.gradle.api.internal.artifacts.ivyservice.ivyresolve.RepositoryChainComponentMetaDataResolver] Using com.fasterxml:oss-parent:79 from org.gradle.api.internal.artifacts.ivyservice.ivyresolve.FilteredModuleComponentRepository@21f9fead
2026-08-21T16:48:36.203-0300 [DEBUG] [org.gradle.internal.operations.DefaultBuildOperationRunner] Completing Build operation 'Resolve dependencies of :detachedConfiguration18'
2026-08-21T16:48:36.203-0300 [DEBUG] [org.gradle.internal.operations.DefaultBuildOperationRunner] Build operation 'Resolve dependencies of :detachedConfiguration18' completed
2026-08-21T16:48:36.203-0300 [DEBUG] [org.gradle.internal.component.model.LoggingAttributeMatchingExplanationBuilder] Selected match {artifactType=pom, org.gradle.status=release} from candidates [{artifactType=pom, org.gradle.status=release}] for {}
2026-08-21T16:48:36.203-0300 [DEBUG] [org.gradle.internal.operations.DefaultBuildOperationRunner] Build operation 'Resolve files of configuration ':detachedConfiguration18'' started
2026-08-21T16:48:36.203-0300 [DEBUG] [org.gradle.internal.operations.DefaultBuildOperationRunner] Completing Build operation 'Resolve files of configuration ':detachedConfiguration18''
2026-08-21T16:48:36.203-0300 [DEBUG] [org.gradle.internal.operations.DefaultBuildOperationRunner] Build operation 'Resolve files of configuration ':detachedConfiguration18'' completed
2026-08-21T16:48:36.203-0300 [DEBUG] [org.gradle.internal.component.model.LoggingAttributeMatchingExplanationBuilder] Selected match {artifactType=pom, org.gradle.status=release} from candidates [{artifactType=pom, org.gradle.status=release}] for {}
2026-08-21T16:48:36.203-0300 [DEBUG] [org.gradle.internal.operations.DefaultBuildOperationRunner] Build operation 'Resolve files of configuration ':detachedConfiguration18'' started
2026-08-21T16:48:36.203-0300 [DEBUG] [org.gradle.internal.operations.DefaultBuildOperationRunner] Build operation 'Resolve oss-parent-79.pom (com.fasterxml:oss-parent:79)' started
2026-08-21T16:48:36.203-0300 [DEBUG] [org.gradle.api.internal.artifacts.ivyservice.ivyresolve.CachingModuleComponentRepository] Found artifact 'oss-parent-79.pom (com.fasterxml:oss-parent:79)' in resolver cache: /Users/claratorres1414/.gradle/caches/modules-2/files-2.1/com.fasterxml/oss-parent/79/20a6340c8b8635db53252cb435825b73cf12bb1d/oss-parent-79.pom
2026-08-21T16:48:36.203-0300 [DEBUG] [org.gradle.internal.operations.DefaultBuildOperationRunner] Completing Build operation 'Resolve oss-parent-79.pom (com.fasterxml:oss-parent:79)'
2026-08-21T16:48:36.203-0300 [DEBUG] [org.gradle.internal.operations.DefaultBuildOperationRunner] Build operation 'Resolve oss-parent-79.pom (com.fasterxml:oss-parent:79)' completed
2026-08-21T16:48:36.203-0300 [DEBUG] [org.gradle.internal.operations.DefaultBuildOperationRunner] Completing Build operation 'Resolve files of configuration ':detachedConfiguration18''
2026-08-21T16:48:36.203-0300 [DEBUG] [org.gradle.internal.operations.DefaultBuildOperationRunner] Build operation 'Resolve files of configuration ':detachedConfiguration18'' completed
2026-08-21T16:48:36.204-0300 [DEBUG] [org.gradle.internal.operations.DefaultBuildOperationRunner] Build operation 'Resolve dependencies of :detachedConfiguration19' started
2026-08-21T16:48:36.204-0300 [DEBUG] [org.gradle.api.internal.artifacts.ivyservice.modulecache.ResolvedArtifactCaches] Reusing in-memory cache for repo 'MavenRepo' [26c913274550a0b2221f47a0fe2d2358].
2026-08-21T16:48:36.204-0300 [DEBUG] [org.gradle.api.internal.artifacts.ivyservice.ivyresolve.RepositoryChainComponentMetaDataResolver] Attempting to resolve component for org.glassfish.jersey:jersey-bom:4.0.2 using repositories [MavenRepo]
2026-08-21T16:48:36.204-0300 [DEBUG] [org.gradle.api.internal.artifacts.ivyservice.ivyresolve.CachingModuleComponentRepository] Using cached module metadata for module 'org.glassfish.jersey:jersey-bom:4.0.2' in 'MavenRepo'
2026-08-21T16:48:36.205-0300 [DEBUG] [org.gradle.api.internal.artifacts.ivyservice.ivyresolve.RepositoryChainComponentMetaDataResolver] Using org.glassfish.jersey:jersey-bom:4.0.2 from org.gradle.api.internal.artifacts.ivyservice.ivyresolve.FilteredModuleComponentRepository@4a61b3ac
2026-08-21T16:48:36.205-0300 [DEBUG] [org.gradle.internal.operations.DefaultBuildOperationRunner] Completing Build operation 'Resolve dependencies of :detachedConfiguration19'
2026-08-21T16:48:36.205-0300 [DEBUG] [org.gradle.internal.operations.DefaultBuildOperationRunner] Build operation 'Resolve dependencies of :detachedConfiguration19' completed
2026-08-21T16:48:36.205-0300 [DEBUG] [org.gradle.internal.component.model.LoggingAttributeMatchingExplanationBuilder] Selected match {artifactType=pom, org.gradle.status=release} from candidates [{artifactType=pom, org.gradle.status=release}] for {}
2026-08-21T16:48:36.205-0300 [DEBUG] [org.gradle.internal.operations.DefaultBuildOperationRunner] Build operation 'Resolve files of configuration ':detachedConfiguration19'' started
2026-08-21T16:48:36.205-0300 [DEBUG] [org.gradle.internal.operations.DefaultBuildOperationRunner] Completing Build operation 'Resolve files of configuration ':detachedConfiguration19''
2026-08-21T16:48:36.205-0300 [DEBUG] [org.gradle.internal.operations.DefaultBuildOperationRunner] Build operation 'Resolve files of configuration ':detachedConfiguration19'' completed
2026-08-21T16:48:36.205-0300 [DEBUG] [org.gradle.internal.component.model.LoggingAttributeMatchingExplanationBuilder] Selected match {artifactType=pom, org.gradle.status=release} from candidates [{artifactType=pom, org.gradle.status=release}] for {}
2026-08-21T16:48:36.205-0300 [DEBUG] [org.gradle.internal.operations.DefaultBuildOperationRunner] Build operation 'Resolve files of configuration ':detachedConfiguration19'' started
2026-08-21T16:48:36.205-0300 [DEBUG] [org.gradle.internal.operations.DefaultBuildOperationRunner] Build operation 'Resolve jersey-bom-4.0.2.pom (org.glassfish.jersey:jersey-bom:4.0.2)' started
2026-08-21T16:48:36.205-0300 [DEBUG] [org.gradle.api.internal.artifacts.ivyservice.ivyresolve.CachingModuleComponentRepository] Found artifact 'jersey-bom-4.0.2.pom (org.glassfish.jersey:jersey-bom:4.0.2)' in resolver cache: /Users/claratorres1414/.gradle/caches/modules-2/files-2.1/org.glassfish.jersey/jersey-bom/4.0.2/9834050cfbbbcb19be0768a5878884983b9a7c6a/jersey-bom-4.0.2.pom
2026-08-21T16:48:36.205-0300 [DEBUG] [org.gradle.internal.operations.DefaultBuildOperationRunner] Completing Build operation 'Resolve jersey-bom-4.0.2.pom (org.glassfish.jersey:jersey-bom:4.0.2)'
2026-08-21T16:48:36.205-0300 [DEBUG] [org.gradle.internal.operations.DefaultBuildOperationRunner] Build operation 'Resolve jersey-bom-4.0.2.pom (org.glassfish.jersey:jersey-bom:4.0.2)' completed
2026-08-21T16:48:36.205-0300 [DEBUG] [org.gradle.internal.operations.DefaultBuildOperationRunner] Completing Build operation 'Resolve files of configuration ':detachedConfiguration19''
2026-08-21T16:48:36.205-0300 [DEBUG] [org.gradle.internal.operations.DefaultBuildOperationRunner] Build operation 'Resolve files of configuration ':detachedConfiguration19'' completed
2026-08-21T16:48:36.206-0300 [DEBUG] [org.gradle.internal.operations.DefaultBuildOperationRunner] Build operation 'Resolve dependencies of :detachedConfiguration20' started
2026-08-21T16:48:36.206-0300 [DEBUG] [org.gradle.api.internal.artifacts.ivyservice.modulecache.ResolvedArtifactCaches] Reusing in-memory cache for repo 'MavenRepo' [26c913274550a0b2221f47a0fe2d2358].
2026-08-21T16:48:36.206-0300 [DEBUG] [org.gradle.api.internal.artifacts.ivyservice.ivyresolve.RepositoryChainComponentMetaDataResolver] Attempting to resolve component for org.eclipse.ee4j:project:1.0.9 using repositories [MavenRepo]
2026-08-21T16:48:36.206-0300 [DEBUG] [org.gradle.api.internal.artifacts.ivyservice.ivyresolve.CachingModuleComponentRepository] Using cached module metadata for module 'org.eclipse.ee4j:project:1.0.9' in 'MavenRepo'
2026-08-21T16:48:36.206-0300 [DEBUG] [org.gradle.api.internal.artifacts.ivyservice.ivyresolve.RepositoryChainComponentMetaDataResolver] Using org.eclipse.ee4j:project:1.0.9 from org.gradle.api.internal.artifacts.ivyservice.ivyresolve.FilteredModuleComponentRepository@5cf890a8
2026-08-21T16:48:36.206-0300 [DEBUG] [org.gradle.internal.operations.DefaultBuildOperationRunner] Completing Build operation 'Resolve dependencies of :detachedConfiguration20'
2026-08-21T16:48:36.206-0300 [DEBUG] [org.gradle.internal.operations.DefaultBuildOperationRunner] Build operation 'Resolve dependencies of :detachedConfiguration20' completed
2026-08-21T16:48:36.206-0300 [DEBUG] [org.gradle.internal.component.model.LoggingAttributeMatchingExplanationBuilder] Selected match {artifactType=pom, org.gradle.status=release} from candidates [{artifactType=pom, org.gradle.status=release}] for {}
2026-08-21T16:48:36.206-0300 [DEBUG] [org.gradle.internal.operations.DefaultBuildOperationRunner] Build operation 'Resolve files of configuration ':detachedConfiguration20'' started
2026-08-21T16:48:36.206-0300 [DEBUG] [org.gradle.internal.operations.DefaultBuildOperationRunner] Completing Build operation 'Resolve files of configuration ':detachedConfiguration20''
2026-08-21T16:48:36.206-0300 [DEBUG] [org.gradle.internal.operations.DefaultBuildOperationRunner] Build operation 'Resolve files of configuration ':detachedConfiguration20'' completed
2026-08-21T16:48:36.206-0300 [DEBUG] [org.gradle.internal.component.model.LoggingAttributeMatchingExplanationBuilder] Selected match {artifactType=pom, org.gradle.status=release} from candidates [{artifactType=pom, org.gradle.status=release}] for {}
2026-08-21T16:48:36.206-0300 [DEBUG] [org.gradle.internal.operations.DefaultBuildOperationRunner] Build operation 'Resolve files of configuration ':detachedConfiguration20'' started
2026-08-21T16:48:36.206-0300 [DEBUG] [org.gradle.internal.operations.DefaultBuildOperationRunner] Build operation 'Resolve project-1.0.9.pom (org.eclipse.ee4j:project:1.0.9)' started
2026-08-21T16:48:36.206-0300 [DEBUG] [org.gradle.api.internal.artifacts.ivyservice.ivyresolve.CachingModuleComponentRepository] Found artifact 'project-1.0.9.pom (org.eclipse.ee4j:project:1.0.9)' in resolver cache: /Users/claratorres1414/.gradle/caches/modules-2/files-2.1/org.eclipse.ee4j/project/1.0.9/5c02bae4f34e508f6e22b0f7beb0fef77880ad02/project-1.0.9.pom
2026-08-21T16:48:36.207-0300 [DEBUG] [org.gradle.internal.operations.DefaultBuildOperationRunner] Completing Build operation 'Resolve project-1.0.9.pom (org.eclipse.ee4j:project:1.0.9)'
2026-08-21T16:48:36.207-0300 [DEBUG] [org.gradle.internal.operations.DefaultBuildOperationRunner] Build operation 'Resolve project-1.0.9.pom (org.eclipse.ee4j:project:1.0.9)' completed
2026-08-21T16:48:36.207-0300 [DEBUG] [org.gradle.internal.operations.DefaultBuildOperationRunner] Completing Build operation 'Resolve files of configuration ':detachedConfiguration20''
2026-08-21T16:48:36.207-0300 [DEBUG] [org.gradle.internal.operations.DefaultBuildOperationRunner] Build operation 'Resolve files of configuration ':detachedConfiguration20'' completed
2026-08-21T16:48:36.207-0300 [DEBUG] [org.gradle.internal.operations.DefaultBuildOperationRunner] Build operation 'Resolve dependencies of :detachedConfiguration21' started
2026-08-21T16:48:36.208-0300 [DEBUG] [org.gradle.api.internal.artifacts.ivyservice.modulecache.ResolvedArtifactCaches] Reusing in-memory cache for repo 'MavenRepo' [26c913274550a0b2221f47a0fe2d2358].
2026-08-21T16:48:36.208-0300 [DEBUG] [org.gradle.api.internal.artifacts.ivyservice.ivyresolve.RepositoryChainComponentMetaDataResolver] Attempting to resolve component for org.eclipse.jetty.ee11:jetty-ee11-bom:12.1.10 using repositories [MavenRepo]
2026-08-21T16:48:36.208-0300 [DEBUG] [org.gradle.api.internal.artifacts.ivyservice.ivyresolve.CachingModuleComponentRepository] Using cached module metadata for module 'org.eclipse.jetty.ee11:jetty-ee11-bom:12.1.10' in 'MavenRepo'
2026-08-21T16:48:36.208-0300 [DEBUG] [org.gradle.api.internal.artifacts.ivyservice.ivyresolve.RepositoryChainComponentMetaDataResolver] Using org.eclipse.jetty.ee11:jetty-ee11-bom:12.1.10 from org.gradle.api.internal.artifacts.ivyservice.ivyresolve.FilteredModuleComponentRepository@b5b4c5c
2026-08-21T16:48:36.208-0300 [DEBUG] [org.gradle.internal.operations.DefaultBuildOperationRunner] Completing Build operation 'Resolve dependencies of :detachedConfiguration21'
2026-08-21T16:48:36.208-0300 [DEBUG] [org.gradle.internal.operations.DefaultBuildOperationRunner] Build operation 'Resolve dependencies of :detachedConfiguration21' completed
2026-08-21T16:48:36.208-0300 [DEBUG] [org.gradle.internal.component.model.LoggingAttributeMatchingExplanationBuilder] Selected match {artifactType=pom, org.gradle.status=release} from candidates [{artifactType=pom, org.gradle.status=release}] for {}
2026-08-21T16:48:36.208-0300 [DEBUG] [org.gradle.internal.operations.DefaultBuildOperationRunner] Build operation 'Resolve files of configuration ':detachedConfiguration21'' started
2026-08-21T16:48:36.208-0300 [DEBUG] [org.gradle.internal.operations.DefaultBuildOperationRunner] Completing Build operation 'Resolve files of configuration ':detachedConfiguration21''
2026-08-21T16:48:36.208-0300 [DEBUG] [org.gradle.internal.operations.DefaultBuildOperationRunner] Build operation 'Resolve files of configuration ':detachedConfiguration21'' completed
2026-08-21T16:48:36.208-0300 [DEBUG] [org.gradle.internal.component.model.LoggingAttributeMatchingExplanationBuilder] Selected match {artifactType=pom, org.gradle.status=release} from candidates [{artifactType=pom, org.gradle.status=release}] for {}
2026-08-21T16:48:36.208-0300 [DEBUG] [org.gradle.internal.operations.DefaultBuildOperationRunner] Build operation 'Resolve files of configuration ':detachedConfiguration21'' started
2026-08-21T16:48:36.208-0300 [DEBUG] [org.gradle.internal.operations.DefaultBuildOperationRunner] Build operation 'Resolve jetty-ee11-bom-12.1.10.pom (org.eclipse.jetty.ee11:jetty-ee11-bom:12.1.10)' started
2026-08-21T16:48:36.208-0300 [DEBUG] [org.gradle.api.internal.artifacts.ivyservice.ivyresolve.CachingModuleComponentRepository] Found artifact 'jetty-ee11-bom-12.1.10.pom (org.eclipse.jetty.ee11:jetty-ee11-bom:12.1.10)' in resolver cache: /Users/claratorres1414/.gradle/caches/modules-2/files-2.1/org.eclipse.jetty.ee11/jetty-ee11-bom/12.1.10/ac99477fee722f17579b5c769bc25815ef976cd4/jetty-ee11-bom-12.1.10.pom
2026-08-21T16:48:36.208-0300 [DEBUG] [org.gradle.internal.operations.DefaultBuildOperationRunner] Completing Build operation 'Resolve jetty-ee11-bom-12.1.10.pom (org.eclipse.jetty.ee11:jetty-ee11-bom:12.1.10)'
2026-08-21T16:48:36.209-0300 [DEBUG] [org.gradle.internal.operations.DefaultBuildOperationRunner] Build operation 'Resolve jetty-ee11-bom-12.1.10.pom (org.eclipse.jetty.ee11:jetty-ee11-bom:12.1.10)' completed
2026-08-21T16:48:36.209-0300 [DEBUG] [org.gradle.internal.operations.DefaultBuildOperationRunner] Completing Build operation 'Resolve files of configuration ':detachedConfiguration21''
2026-08-21T16:48:36.209-0300 [DEBUG] [org.gradle.internal.operations.DefaultBuildOperationRunner] Build operation 'Resolve files of configuration ':detachedConfiguration21'' completed
2026-08-21T16:48:36.209-0300 [DEBUG] [org.gradle.internal.operations.DefaultBuildOperationRunner] Build operation 'Resolve dependencies of :detachedConfiguration22' started
2026-08-21T16:48:36.209-0300 [DEBUG] [org.gradle.api.internal.artifacts.ivyservice.modulecache.ResolvedArtifactCaches] Reusing in-memory cache for repo 'MavenRepo' [26c913274550a0b2221f47a0fe2d2358].
2026-08-21T16:48:36.210-0300 [DEBUG] [org.gradle.api.internal.artifacts.ivyservice.ivyresolve.RepositoryChainComponentMetaDataResolver] Attempting to resolve component for org.eclipse.jetty:jetty-bom:12.1.10 using repositories [MavenRepo]
2026-08-21T16:48:36.210-0300 [DEBUG] [org.gradle.api.internal.artifacts.ivyservice.ivyresolve.CachingModuleComponentRepository] Using cached module metadata for module 'org.eclipse.jetty:jetty-bom:12.1.10' in 'MavenRepo'
2026-08-21T16:48:36.210-0300 [DEBUG] [org.gradle.api.internal.artifacts.ivyservice.ivyresolve.RepositoryChainComponentMetaDataResolver] Using org.eclipse.jetty:jetty-bom:12.1.10 from org.gradle.api.internal.artifacts.ivyservice.ivyresolve.FilteredModuleComponentRepository@364f2e1f
2026-08-21T16:48:36.210-0300 [DEBUG] [org.gradle.internal.operations.DefaultBuildOperationRunner] Completing Build operation 'Resolve dependencies of :detachedConfiguration22'
2026-08-21T16:48:36.210-0300 [DEBUG] [org.gradle.internal.operations.DefaultBuildOperationRunner] Build operation 'Resolve dependencies of :detachedConfiguration22' completed
2026-08-21T16:48:36.210-0300 [DEBUG] [org.gradle.internal.component.model.LoggingAttributeMatchingExplanationBuilder] Selected match {artifactType=pom, org.gradle.status=release} from candidates [{artifactType=pom, org.gradle.status=release}] for {}
2026-08-21T16:48:36.210-0300 [DEBUG] [org.gradle.internal.operations.DefaultBuildOperationRunner] Build operation 'Resolve files of configuration ':detachedConfiguration22'' started
2026-08-21T16:48:36.210-0300 [DEBUG] [org.gradle.internal.operations.DefaultBuildOperationRunner] Completing Build operation 'Resolve files of configuration ':detachedConfiguration22''
2026-08-21T16:48:36.210-0300 [DEBUG] [org.gradle.internal.operations.DefaultBuildOperationRunner] Build operation 'Resolve files of configuration ':detachedConfiguration22'' completed
2026-08-21T16:48:36.210-0300 [DEBUG] [org.gradle.internal.component.model.LoggingAttributeMatchingExplanationBuilder] Selected match {artifactType=pom, org.gradle.status=release} from candidates [{artifactType=pom, org.gradle.status=release}] for {}
2026-08-21T16:48:36.210-0300 [DEBUG] [org.gradle.internal.operations.DefaultBuildOperationRunner] Build operation 'Resolve files of configuration ':detachedConfiguration22'' started
2026-08-21T16:48:36.210-0300 [DEBUG] [org.gradle.internal.operations.DefaultBuildOperationRunner] Build operation 'Resolve jetty-bom-12.1.10.pom (org.eclipse.jetty:jetty-bom:12.1.10)' started
2026-08-21T16:48:36.210-0300 [DEBUG] [org.gradle.api.internal.artifacts.ivyservice.ivyresolve.CachingModuleComponentRepository] Found artifact 'jetty-bom-12.1.10.pom (org.eclipse.jetty:jetty-bom:12.1.10)' in resolver cache: /Users/claratorres1414/.gradle/caches/modules-2/files-2.1/org.eclipse.jetty/jetty-bom/12.1.10/93a2492d674c9840cb4460afcf506ccacb869bf1/jetty-bom-12.1.10.pom
2026-08-21T16:48:36.210-0300 [DEBUG] [org.gradle.internal.operations.DefaultBuildOperationRunner] Completing Build operation 'Resolve jetty-bom-12.1.10.pom (org.eclipse.jetty:jetty-bom:12.1.10)'
2026-08-21T16:48:36.210-0300 [DEBUG] [org.gradle.internal.operations.DefaultBuildOperationRunner] Build operation 'Resolve jetty-bom-12.1.10.pom (org.eclipse.jetty:jetty-bom:12.1.10)' completed
2026-08-21T16:48:36.210-0300 [DEBUG] [org.gradle.internal.operations.DefaultBuildOperationRunner] Completing Build operation 'Resolve files of configuration ':detachedConfiguration22''
2026-08-21T16:48:36.210-0300 [DEBUG] [org.gradle.internal.operations.DefaultBuildOperationRunner] Build operation 'Resolve files of configuration ':detachedConfiguration22'' completed
2026-08-21T16:48:36.211-0300 [DEBUG] [org.gradle.internal.operations.DefaultBuildOperationRunner] Build operation 'Resolve dependencies of :detachedConfiguration23' started
2026-08-21T16:48:36.211-0300 [DEBUG] [org.gradle.api.internal.artifacts.ivyservice.modulecache.ResolvedArtifactCaches] Reusing in-memory cache for repo 'MavenRepo' [26c913274550a0b2221f47a0fe2d2358].
2026-08-21T16:48:36.211-0300 [DEBUG] [org.gradle.api.internal.artifacts.ivyservice.ivyresolve.RepositoryChainComponentMetaDataResolver] Attempting to resolve component for org.jooq:jooq-bom:3.21.5 using repositories [MavenRepo]
2026-08-21T16:48:36.211-0300 [DEBUG] [org.gradle.api.internal.artifacts.ivyservice.ivyresolve.CachingModuleComponentRepository] Using cached module metadata for module 'org.jooq:jooq-bom:3.21.5' in 'MavenRepo'
2026-08-21T16:48:36.211-0300 [DEBUG] [org.gradle.api.internal.artifacts.ivyservice.ivyresolve.RepositoryChainComponentMetaDataResolver] Using org.jooq:jooq-bom:3.21.5 from org.gradle.api.internal.artifacts.ivyservice.ivyresolve.FilteredModuleComponentRepository@6783bc2a
2026-08-21T16:48:36.211-0300 [DEBUG] [org.gradle.internal.operations.DefaultBuildOperationRunner] Completing Build operation 'Resolve dependencies of :detachedConfiguration23'
2026-08-21T16:48:36.211-0300 [DEBUG] [org.gradle.internal.operations.DefaultBuildOperationRunner] Build operation 'Resolve dependencies of :detachedConfiguration23' completed
2026-08-21T16:48:36.212-0300 [DEBUG] [org.gradle.internal.component.model.LoggingAttributeMatchingExplanationBuilder] Selected match {artifactType=pom, org.gradle.status=release} from candidates [{artifactType=pom, org.gradle.status=release}] for {}
2026-08-21T16:48:36.212-0300 [DEBUG] [org.gradle.internal.operations.DefaultBuildOperationRunner] Build operation 'Resolve files of configuration ':detachedConfiguration23'' started
2026-08-21T16:48:36.212-0300 [DEBUG] [org.gradle.internal.operations.DefaultBuildOperationRunner] Completing Build operation 'Resolve files of configuration ':detachedConfiguration23''
2026-08-21T16:48:36.212-0300 [DEBUG] [org.gradle.internal.operations.DefaultBuildOperationRunner] Build operation 'Resolve files of configuration ':detachedConfiguration23'' completed
2026-08-21T16:48:36.212-0300 [DEBUG] [org.gradle.internal.component.model.LoggingAttributeMatchingExplanationBuilder] Selected match {artifactType=pom, org.gradle.status=release} from candidates [{artifactType=pom, org.gradle.status=release}] for {}
2026-08-21T16:48:36.212-0300 [DEBUG] [org.gradle.internal.operations.DefaultBuildOperationRunner] Build operation 'Resolve files of configuration ':detachedConfiguration23'' started
2026-08-21T16:48:36.212-0300 [DEBUG] [org.gradle.internal.operations.DefaultBuildOperationRunner] Build operation 'Resolve jooq-bom-3.21.5.pom (org.jooq:jooq-bom:3.21.5)' started
2026-08-21T16:48:36.212-0300 [DEBUG] [org.gradle.api.internal.artifacts.ivyservice.ivyresolve.CachingModuleComponentRepository] Found artifact 'jooq-bom-3.21.5.pom (org.jooq:jooq-bom:3.21.5)' in resolver cache: /Users/claratorres1414/.gradle/caches/modules-2/files-2.1/org.jooq/jooq-bom/3.21.5/a204e8dbb01d13db7bd186c4c070f7a9f67b3551/jooq-bom-3.21.5.pom
2026-08-21T16:48:36.212-0300 [DEBUG] [org.gradle.internal.operations.DefaultBuildOperationRunner] Completing Build operation 'Resolve jooq-bom-3.21.5.pom (org.jooq:jooq-bom:3.21.5)'
2026-08-21T16:48:36.212-0300 [DEBUG] [org.gradle.internal.operations.DefaultBuildOperationRunner] Build operation 'Resolve jooq-bom-3.21.5.pom (org.jooq:jooq-bom:3.21.5)' completed
2026-08-21T16:48:36.212-0300 [DEBUG] [org.gradle.internal.operations.DefaultBuildOperationRunner] Completing Build operation 'Resolve files of configuration ':detachedConfiguration23''
2026-08-21T16:48:36.212-0300 [DEBUG] [org.gradle.internal.operations.DefaultBuildOperationRunner] Build operation 'Resolve files of configuration ':detachedConfiguration23'' completed
2026-08-21T16:48:36.212-0300 [DEBUG] [org.gradle.internal.operations.DefaultBuildOperationRunner] Build operation 'Resolve dependencies of :detachedConfiguration24' started
2026-08-21T16:48:36.212-0300 [DEBUG] [org.gradle.api.internal.artifacts.ivyservice.modulecache.ResolvedArtifactCaches] Reusing in-memory cache for repo 'MavenRepo' [26c913274550a0b2221f47a0fe2d2358].
2026-08-21T16:48:36.213-0300 [DEBUG] [org.gradle.api.internal.artifacts.ivyservice.ivyresolve.RepositoryChainComponentMetaDataResolver] Attempting to resolve component for org.junit:junit-bom:6.0.3 using repositories [MavenRepo]
2026-08-21T16:48:36.213-0300 [DEBUG] [org.gradle.api.internal.artifacts.ivyservice.ivyresolve.CachingModuleComponentRepository] Using cached module metadata for module 'org.junit:junit-bom:6.0.3' in 'MavenRepo'
2026-08-21T16:48:36.213-0300 [DEBUG] [org.gradle.api.internal.artifacts.ivyservice.ivyresolve.RepositoryChainComponentMetaDataResolver] Using org.junit:junit-bom:6.0.3 from org.gradle.api.internal.artifacts.ivyservice.ivyresolve.FilteredModuleComponentRepository@50211e73
2026-08-21T16:48:36.213-0300 [DEBUG] [org.gradle.internal.operations.DefaultBuildOperationRunner] Completing Build operation 'Resolve dependencies of :detachedConfiguration24'
2026-08-21T16:48:36.213-0300 [DEBUG] [org.gradle.internal.operations.DefaultBuildOperationRunner] Build operation 'Resolve dependencies of :detachedConfiguration24' completed
2026-08-21T16:48:36.213-0300 [DEBUG] [org.gradle.internal.component.model.LoggingAttributeMatchingExplanationBuilder] Selected match {artifactType=pom, org.gradle.status=release} from candidates [{artifactType=pom, org.gradle.status=release}] for {}
2026-08-21T16:48:36.213-0300 [DEBUG] [org.gradle.internal.operations.DefaultBuildOperationRunner] Build operation 'Resolve files of configuration ':detachedConfiguration24'' started
2026-08-21T16:48:36.213-0300 [DEBUG] [org.gradle.internal.operations.DefaultBuildOperationRunner] Completing Build operation 'Resolve files of configuration ':detachedConfiguration24''
2026-08-21T16:48:36.213-0300 [DEBUG] [org.gradle.internal.operations.DefaultBuildOperationRunner] Build operation 'Resolve files of configuration ':detachedConfiguration24'' completed
2026-08-21T16:48:36.213-0300 [DEBUG] [org.gradle.internal.component.model.LoggingAttributeMatchingExplanationBuilder] Selected match {artifactType=pom, org.gradle.status=release} from candidates [{artifactType=pom, org.gradle.status=release}] for {}
2026-08-21T16:48:36.213-0300 [DEBUG] [org.gradle.internal.operations.DefaultBuildOperationRunner] Build operation 'Resolve files of configuration ':detachedConfiguration24'' started
2026-08-21T16:48:36.213-0300 [DEBUG] [org.gradle.internal.operations.DefaultBuildOperationRunner] Build operation 'Resolve junit-bom-6.0.3.pom (org.junit:junit-bom:6.0.3)' started
2026-08-21T16:48:36.213-0300 [DEBUG] [org.gradle.api.internal.artifacts.ivyservice.ivyresolve.CachingModuleComponentRepository] Found artifact 'junit-bom-6.0.3.pom (org.junit:junit-bom:6.0.3)' in resolver cache: /Users/claratorres1414/.gradle/caches/modules-2/files-2.1/org.junit/junit-bom/6.0.3/d43a7b02d9b9f4eb8e5b36ba46d68975ad106791/junit-bom-6.0.3.pom
2026-08-21T16:48:36.213-0300 [DEBUG] [org.gradle.internal.operations.DefaultBuildOperationRunner] Completing Build operation 'Resolve junit-bom-6.0.3.pom (org.junit:junit-bom:6.0.3)'
2026-08-21T16:48:36.213-0300 [DEBUG] [org.gradle.internal.operations.DefaultBuildOperationRunner] Build operation 'Resolve junit-bom-6.0.3.pom (org.junit:junit-bom:6.0.3)' completed
2026-08-21T16:48:36.213-0300 [DEBUG] [org.gradle.internal.operations.DefaultBuildOperationRunner] Completing Build operation 'Resolve files of configuration ':detachedConfiguration24''
2026-08-21T16:48:36.213-0300 [DEBUG] [org.gradle.internal.operations.DefaultBuildOperationRunner] Build operation 'Resolve files of configuration ':detachedConfiguration24'' completed
2026-08-21T16:48:36.214-0300 [DEBUG] [org.gradle.internal.operations.DefaultBuildOperationRunner] Build operation 'Resolve dependencies of :detachedConfiguration25' started
2026-08-21T16:48:36.214-0300 [DEBUG] [org.gradle.api.internal.artifacts.ivyservice.modulecache.ResolvedArtifactCaches] Reusing in-memory cache for repo 'MavenRepo' [26c913274550a0b2221f47a0fe2d2358].
2026-08-21T16:48:36.214-0300 [DEBUG] [org.gradle.api.internal.artifacts.ivyservice.ivyresolve.RepositoryChainComponentMetaDataResolver] Attempting to resolve component for org.jetbrains.kotlin:kotlin-bom:2.3.21 using repositories [MavenRepo]
2026-08-21T16:48:36.214-0300 [DEBUG] [org.gradle.api.internal.artifacts.ivyservice.ivyresolve.CachingModuleComponentRepository] Using cached module metadata for module 'org.jetbrains.kotlin:kotlin-bom:2.3.21' in 'MavenRepo'
2026-08-21T16:48:36.214-0300 [DEBUG] [org.gradle.api.internal.artifacts.ivyservice.ivyresolve.RepositoryChainComponentMetaDataResolver] Using org.jetbrains.kotlin:kotlin-bom:2.3.21 from org.gradle.api.internal.artifacts.ivyservice.ivyresolve.FilteredModuleComponentRepository@24361fbf
2026-08-21T16:48:36.214-0300 [DEBUG] [org.gradle.internal.operations.DefaultBuildOperationRunner] Completing Build operation 'Resolve dependencies of :detachedConfiguration25'
2026-08-21T16:48:36.214-0300 [DEBUG] [org.gradle.internal.operations.DefaultBuildOperationRunner] Build operation 'Resolve dependencies of :detachedConfiguration25' completed
2026-08-21T16:48:36.214-0300 [DEBUG] [org.gradle.internal.component.model.LoggingAttributeMatchingExplanationBuilder] Selected match {artifactType=pom, org.gradle.status=release} from candidates [{artifactType=pom, org.gradle.status=release}] for {}
2026-08-21T16:48:36.214-0300 [DEBUG] [org.gradle.internal.operations.DefaultBuildOperationRunner] Build operation 'Resolve files of configuration ':detachedConfiguration25'' started
2026-08-21T16:48:36.214-0300 [DEBUG] [org.gradle.internal.operations.DefaultBuildOperationRunner] Completing Build operation 'Resolve files of configuration ':detachedConfiguration25''
2026-08-21T16:48:36.214-0300 [DEBUG] [org.gradle.internal.operations.DefaultBuildOperationRunner] Build operation 'Resolve files of configuration ':detachedConfiguration25'' completed
2026-08-21T16:48:36.214-0300 [DEBUG] [org.gradle.internal.component.model.LoggingAttributeMatchingExplanationBuilder] Selected match {artifactType=pom, org.gradle.status=release} from candidates [{artifactType=pom, org.gradle.status=release}] for {}
2026-08-21T16:48:36.214-0300 [DEBUG] [org.gradle.internal.operations.DefaultBuildOperationRunner] Build operation 'Resolve files of configuration ':detachedConfiguration25'' started
2026-08-21T16:48:36.214-0300 [DEBUG] [org.gradle.internal.operations.DefaultBuildOperationRunner] Build operation 'Resolve kotlin-bom-2.3.21.pom (org.jetbrains.kotlin:kotlin-bom:2.3.21)' started
2026-08-21T16:48:36.214-0300 [DEBUG] [org.gradle.api.internal.artifacts.ivyservice.ivyresolve.CachingModuleComponentRepository] Found artifact 'kotlin-bom-2.3.21.pom (org.jetbrains.kotlin:kotlin-bom:2.3.21)' in resolver cache: /Users/claratorres1414/.gradle/caches/modules-2/files-2.1/org.jetbrains.kotlin/kotlin-bom/2.3.21/ea17901b4a3c4cccd4aa42cbc4b488aee30dfa87/kotlin-bom-2.3.21.pom
2026-08-21T16:48:36.214-0300 [DEBUG] [org.gradle.internal.operations.DefaultBuildOperationRunner] Completing Build operation 'Resolve kotlin-bom-2.3.21.pom (org.jetbrains.kotlin:kotlin-bom:2.3.21)'
2026-08-21T16:48:36.214-0300 [DEBUG] [org.gradle.internal.operations.DefaultBuildOperationRunner] Build operation 'Resolve kotlin-bom-2.3.21.pom (org.jetbrains.kotlin:kotlin-bom:2.3.21)' completed
2026-08-21T16:48:36.214-0300 [DEBUG] [org.gradle.internal.operations.DefaultBuildOperationRunner] Completing Build operation 'Resolve files of configuration ':detachedConfiguration25''
2026-08-21T16:48:36.214-0300 [DEBUG] [org.gradle.internal.operations.DefaultBuildOperationRunner] Build operation 'Resolve files of configuration ':detachedConfiguration25'' completed
2026-08-21T16:48:36.214-0300 [DEBUG] [org.gradle.internal.operations.DefaultBuildOperationRunner] Build operation 'Resolve dependencies of :detachedConfiguration26' started
2026-08-21T16:48:36.215-0300 [DEBUG] [org.gradle.api.internal.artifacts.ivyservice.modulecache.ResolvedArtifactCaches] Reusing in-memory cache for repo 'MavenRepo' [26c913274550a0b2221f47a0fe2d2358].
2026-08-21T16:48:36.215-0300 [DEBUG] [org.gradle.api.internal.artifacts.ivyservice.ivyresolve.RepositoryChainComponentMetaDataResolver] Attempting to resolve component for org.jetbrains.kotlinx:kotlinx-coroutines-bom:1.10.2 using repositories [MavenRepo]
2026-08-21T16:48:36.215-0300 [DEBUG] [org.gradle.api.internal.artifacts.ivyservice.ivyresolve.CachingModuleComponentRepository] Using cached module metadata for module 'org.jetbrains.kotlinx:kotlinx-coroutines-bom:1.10.2' in 'MavenRepo'
2026-08-21T16:48:36.215-0300 [DEBUG] [org.gradle.api.internal.artifacts.ivyservice.ivyresolve.RepositoryChainComponentMetaDataResolver] Using org.jetbrains.kotlinx:kotlinx-coroutines-bom:1.10.2 from org.gradle.api.internal.artifacts.ivyservice.ivyresolve.FilteredModuleComponentRepository@16e3060e
2026-08-21T16:48:36.215-0300 [DEBUG] [org.gradle.internal.operations.DefaultBuildOperationRunner] Completing Build operation 'Resolve dependencies of :detachedConfiguration26'
2026-08-21T16:48:36.215-0300 [DEBUG] [org.gradle.internal.operations.DefaultBuildOperationRunner] Build operation 'Resolve dependencies of :detachedConfiguration26' completed
2026-08-21T16:48:36.215-0300 [DEBUG] [org.gradle.internal.component.model.LoggingAttributeMatchingExplanationBuilder] Selected match {artifactType=pom, org.gradle.status=release} from candidates [{artifactType=pom, org.gradle.status=release}] for {}
2026-08-21T16:48:36.215-0300 [DEBUG] [org.gradle.internal.operations.DefaultBuildOperationRunner] Build operation 'Resolve files of configuration ':detachedConfiguration26'' started
2026-08-21T16:48:36.215-0300 [DEBUG] [org.gradle.internal.operations.DefaultBuildOperationRunner] Completing Build operation 'Resolve files of configuration ':detachedConfiguration26''
2026-08-21T16:48:36.215-0300 [DEBUG] [org.gradle.internal.operations.DefaultBuildOperationRunner] Build operation 'Resolve files of configuration ':detachedConfiguration26'' completed
2026-08-21T16:48:36.215-0300 [DEBUG] [org.gradle.internal.component.model.LoggingAttributeMatchingExplanationBuilder] Selected match {artifactType=pom, org.gradle.status=release} from candidates [{artifactType=pom, org.gradle.status=release}] for {}
2026-08-21T16:48:36.215-0300 [DEBUG] [org.gradle.internal.operations.DefaultBuildOperationRunner] Build operation 'Resolve files of configuration ':detachedConfiguration26'' started
2026-08-21T16:48:36.215-0300 [DEBUG] [org.gradle.internal.operations.DefaultBuildOperationRunner] Build operation 'Resolve kotlinx-coroutines-bom-1.10.2.pom (org.jetbrains.kotlinx:kotlinx-coroutines-bom:1.10.2)' started
2026-08-21T16:48:36.215-0300 [DEBUG] [org.gradle.api.internal.artifacts.ivyservice.ivyresolve.CachingModuleComponentRepository] Found artifact 'kotlinx-coroutines-bom-1.10.2.pom (org.jetbrains.kotlinx:kotlinx-coroutines-bom:1.10.2)' in resolver cache: /Users/claratorres1414/.gradle/caches/modules-2/files-2.1/org.jetbrains.kotlinx/kotlinx-coroutines-bom/1.10.2/bc3b109335d4fa0106a1e17b7863e388ef93c553/kotlinx-coroutines-bom-1.10.2.pom
2026-08-21T16:48:36.215-0300 [DEBUG] [org.gradle.internal.operations.DefaultBuildOperationRunner] Completing Build operation 'Resolve kotlinx-coroutines-bom-1.10.2.pom (org.jetbrains.kotlinx:kotlinx-coroutines-bom:1.10.2)'
2026-08-21T16:48:36.215-0300 [DEBUG] [org.gradle.internal.operations.DefaultBuildOperationRunner] Build operation 'Resolve kotlinx-coroutines-bom-1.10.2.pom (org.jetbrains.kotlinx:kotlinx-coroutines-bom:1.10.2)' completed
2026-08-21T16:48:36.215-0300 [DEBUG] [org.gradle.internal.operations.DefaultBuildOperationRunner] Completing Build operation 'Resolve files of configuration ':detachedConfiguration26''
2026-08-21T16:48:36.215-0300 [DEBUG] [org.gradle.internal.operations.DefaultBuildOperationRunner] Build operation 'Resolve files of configuration ':detachedConfiguration26'' completed
2026-08-21T16:48:36.216-0300 [DEBUG] [org.gradle.internal.operations.DefaultBuildOperationRunner] Build operation 'Resolve dependencies of :detachedConfiguration27' started
2026-08-21T16:48:36.216-0300 [DEBUG] [org.gradle.api.internal.artifacts.ivyservice.modulecache.ResolvedArtifactCaches] Reusing in-memory cache for repo 'MavenRepo' [26c913274550a0b2221f47a0fe2d2358].
2026-08-21T16:48:36.216-0300 [DEBUG] [org.gradle.api.internal.artifacts.ivyservice.ivyresolve.RepositoryChainComponentMetaDataResolver] Attempting to resolve component for org.jetbrains.kotlinx:kotlinx-serialization-bom:1.11.0 using repositories [MavenRepo]
2026-08-21T16:48:36.216-0300 [DEBUG] [org.gradle.api.internal.artifacts.ivyservice.ivyresolve.CachingModuleComponentRepository] Using cached module metadata for module 'org.jetbrains.kotlinx:kotlinx-serialization-bom:1.11.0' in 'MavenRepo'
2026-08-21T16:48:36.216-0300 [DEBUG] [org.gradle.api.internal.artifacts.ivyservice.ivyresolve.RepositoryChainComponentMetaDataResolver] Using org.jetbrains.kotlinx:kotlinx-serialization-bom:1.11.0 from org.gradle.api.internal.artifacts.ivyservice.ivyresolve.FilteredModuleComponentRepository@1da7b3e5
2026-08-21T16:48:36.216-0300 [DEBUG] [org.gradle.internal.operations.DefaultBuildOperationRunner] Completing Build operation 'Resolve dependencies of :detachedConfiguration27'
2026-08-21T16:48:36.216-0300 [DEBUG] [org.gradle.internal.operations.DefaultBuildOperationRunner] Build operation 'Resolve dependencies of :detachedConfiguration27' completed
2026-08-21T16:48:36.216-0300 [DEBUG] [org.gradle.internal.component.model.LoggingAttributeMatchingExplanationBuilder] Selected match {artifactType=pom, org.gradle.status=release} from candidates [{artifactType=pom, org.gradle.status=release}] for {}
2026-08-21T16:48:36.216-0300 [DEBUG] [org.gradle.internal.operations.DefaultBuildOperationRunner] Build operation 'Resolve files of configuration ':detachedConfiguration27'' started
2026-08-21T16:48:36.216-0300 [DEBUG] [org.gradle.internal.operations.DefaultBuildOperationRunner] Completing Build operation 'Resolve files of configuration ':detachedConfiguration27''
2026-08-21T16:48:36.217-0300 [DEBUG] [org.gradle.internal.operations.DefaultBuildOperationRunner] Build operation 'Resolve files of configuration ':detachedConfiguration27'' completed
2026-08-21T16:48:36.217-0300 [DEBUG] [org.gradle.internal.component.model.LoggingAttributeMatchingExplanationBuilder] Selected match {artifactType=pom, org.gradle.status=release} from candidates [{artifactType=pom, org.gradle.status=release}] for {}
2026-08-21T16:48:36.217-0300 [DEBUG] [org.gradle.internal.operations.DefaultBuildOperationRunner] Build operation 'Resolve files of configuration ':detachedConfiguration27'' started
2026-08-21T16:48:36.217-0300 [DEBUG] [org.gradle.internal.operations.DefaultBuildOperationRunner] Build operation 'Resolve kotlinx-serialization-bom-1.11.0.pom (org.jetbrains.kotlinx:kotlinx-serialization-bom:1.11.0)' started
2026-08-21T16:48:36.217-0300 [DEBUG] [org.gradle.api.internal.artifacts.ivyservice.ivyresolve.CachingModuleComponentRepository] Found artifact 'kotlinx-serialization-bom-1.11.0.pom (org.jetbrains.kotlinx:kotlinx-serialization-bom:1.11.0)' in resolver cache: /Users/claratorres1414/.gradle/caches/modules-2/files-2.1/org.jetbrains.kotlinx/kotlinx-serialization-bom/1.11.0/6e4b12664e8aa7606b65ac983c1a78f7bc8d42b8/kotlinx-serialization-bom-1.11.0.pom
2026-08-21T16:48:36.217-0300 [DEBUG] [org.gradle.internal.operations.DefaultBuildOperationRunner] Completing Build operation 'Resolve kotlinx-serialization-bom-1.11.0.pom (org.jetbrains.kotlinx:kotlinx-serialization-bom:1.11.0)'
2026-08-21T16:48:36.217-0300 [DEBUG] [org.gradle.internal.operations.DefaultBuildOperationRunner] Build operation 'Resolve kotlinx-serialization-bom-1.11.0.pom (org.jetbrains.kotlinx:kotlinx-serialization-bom:1.11.0)' completed
2026-08-21T16:48:36.217-0300 [DEBUG] [org.gradle.internal.operations.DefaultBuildOperationRunner] Completing Build operation 'Resolve files of configuration ':detachedConfiguration27''
2026-08-21T16:48:36.217-0300 [DEBUG] [org.gradle.internal.operations.DefaultBuildOperationRunner] Build operation 'Resolve files of configuration ':detachedConfiguration27'' completed
2026-08-21T16:48:36.217-0300 [DEBUG] [org.gradle.internal.operations.DefaultBuildOperationRunner] Build operation 'Resolve dependencies of :detachedConfiguration28' started
2026-08-21T16:48:36.217-0300 [DEBUG] [org.gradle.api.internal.artifacts.ivyservice.modulecache.ResolvedArtifactCaches] Reusing in-memory cache for repo 'MavenRepo' [26c913274550a0b2221f47a0fe2d2358].
2026-08-21T16:48:36.217-0300 [DEBUG] [org.gradle.api.internal.artifacts.ivyservice.ivyresolve.RepositoryChainComponentMetaDataResolver] Attempting to resolve component for org.apache.logging.log4j:log4j-bom:2.25.4 using repositories [MavenRepo]
2026-08-21T16:48:36.217-0300 [DEBUG] [org.gradle.api.internal.artifacts.ivyservice.ivyresolve.CachingModuleComponentRepository] Using cached module metadata for module 'org.apache.logging.log4j:log4j-bom:2.25.4' in 'MavenRepo'
2026-08-21T16:48:36.218-0300 [DEBUG] [org.gradle.api.internal.artifacts.ivyservice.ivyresolve.RepositoryChainComponentMetaDataResolver] Using org.apache.logging.log4j:log4j-bom:2.25.4 from org.gradle.api.internal.artifacts.ivyservice.ivyresolve.FilteredModuleComponentRepository@58d25aa4
2026-08-21T16:48:36.218-0300 [DEBUG] [org.gradle.internal.operations.DefaultBuildOperationRunner] Completing Build operation 'Resolve dependencies of :detachedConfiguration28'
2026-08-21T16:48:36.218-0300 [DEBUG] [org.gradle.internal.operations.DefaultBuildOperationRunner] Build operation 'Resolve dependencies of :detachedConfiguration28' completed
2026-08-21T16:48:36.218-0300 [DEBUG] [org.gradle.internal.component.model.LoggingAttributeMatchingExplanationBuilder] Selected match {artifactType=pom, org.gradle.status=release} from candidates [{artifactType=pom, org.gradle.status=release}] for {}
2026-08-21T16:48:36.218-0300 [DEBUG] [org.gradle.internal.operations.DefaultBuildOperationRunner] Build operation 'Resolve files of configuration ':detachedConfiguration28'' started
2026-08-21T16:48:36.218-0300 [DEBUG] [org.gradle.internal.operations.DefaultBuildOperationRunner] Completing Build operation 'Resolve files of configuration ':detachedConfiguration28''
2026-08-21T16:48:36.218-0300 [DEBUG] [org.gradle.internal.operations.DefaultBuildOperationRunner] Build operation 'Resolve files of configuration ':detachedConfiguration28'' completed
2026-08-21T16:48:36.218-0300 [DEBUG] [org.gradle.internal.component.model.LoggingAttributeMatchingExplanationBuilder] Selected match {artifactType=pom, org.gradle.status=release} from candidates [{artifactType=pom, org.gradle.status=release}] for {}
2026-08-21T16:48:36.218-0300 [DEBUG] [org.gradle.internal.operations.DefaultBuildOperationRunner] Build operation 'Resolve files of configuration ':detachedConfiguration28'' started
2026-08-21T16:48:36.218-0300 [DEBUG] [org.gradle.internal.operations.DefaultBuildOperationRunner] Build operation 'Resolve log4j-bom-2.25.4.pom (org.apache.logging.log4j:log4j-bom:2.25.4)' started
2026-08-21T16:48:36.218-0300 [DEBUG] [org.gradle.api.internal.artifacts.ivyservice.ivyresolve.CachingModuleComponentRepository] Found artifact 'log4j-bom-2.25.4.pom (org.apache.logging.log4j:log4j-bom:2.25.4)' in resolver cache: /Users/claratorres1414/.gradle/caches/modules-2/files-2.1/org.apache.logging.log4j/log4j-bom/2.25.4/de3f6bdba19721ef22965de3d072aeab5aeef07/log4j-bom-2.25.4.pom
2026-08-21T16:48:36.218-0300 [DEBUG] [org.gradle.internal.operations.DefaultBuildOperationRunner] Completing Build operation 'Resolve log4j-bom-2.25.4.pom (org.apache.logging.log4j:log4j-bom:2.25.4)'
2026-08-21T16:48:36.218-0300 [DEBUG] [org.gradle.internal.operations.DefaultBuildOperationRunner] Build operation 'Resolve log4j-bom-2.25.4.pom (org.apache.logging.log4j:log4j-bom:2.25.4)' completed
2026-08-21T16:48:36.218-0300 [DEBUG] [org.gradle.internal.operations.DefaultBuildOperationRunner] Completing Build operation 'Resolve files of configuration ':detachedConfiguration28''
2026-08-21T16:48:36.218-0300 [DEBUG] [org.gradle.internal.operations.DefaultBuildOperationRunner] Build operation 'Resolve files of configuration ':detachedConfiguration28'' completed
2026-08-21T16:48:36.218-0300 [DEBUG] [org.gradle.internal.operations.DefaultBuildOperationRunner] Build operation 'Resolve dependencies of :detachedConfiguration29' started
2026-08-21T16:48:36.218-0300 [DEBUG] [org.gradle.api.internal.artifacts.ivyservice.modulecache.ResolvedArtifactCaches] Reusing in-memory cache for repo 'MavenRepo' [26c913274550a0b2221f47a0fe2d2358].
2026-08-21T16:48:36.219-0300 [DEBUG] [org.gradle.api.internal.artifacts.ivyservice.ivyresolve.RepositoryChainComponentMetaDataResolver] Attempting to resolve component for io.micrometer:micrometer-bom:1.17.0 using repositories [MavenRepo]
2026-08-21T16:48:36.219-0300 [DEBUG] [org.gradle.api.internal.artifacts.ivyservice.ivyresolve.CachingModuleComponentRepository] Using cached module metadata for module 'io.micrometer:micrometer-bom:1.17.0' in 'MavenRepo'
2026-08-21T16:48:36.219-0300 [DEBUG] [org.gradle.api.internal.artifacts.ivyservice.ivyresolve.RepositoryChainComponentMetaDataResolver] Using io.micrometer:micrometer-bom:1.17.0 from org.gradle.api.internal.artifacts.ivyservice.ivyresolve.FilteredModuleComponentRepository@4313ffc2
2026-08-21T16:48:36.219-0300 [DEBUG] [org.gradle.internal.operations.DefaultBuildOperationRunner] Completing Build operation 'Resolve dependencies of :detachedConfiguration29'
2026-08-21T16:48:36.219-0300 [DEBUG] [org.gradle.internal.operations.DefaultBuildOperationRunner] Build operation 'Resolve dependencies of :detachedConfiguration29' completed
2026-08-21T16:48:36.219-0300 [DEBUG] [org.gradle.internal.component.model.LoggingAttributeMatchingExplanationBuilder] Selected match {artifactType=pom, org.gradle.status=release} from candidates [{artifactType=pom, org.gradle.status=release}] for {}
2026-08-21T16:48:36.219-0300 [DEBUG] [org.gradle.internal.operations.DefaultBuildOperationRunner] Build operation 'Resolve files of configuration ':detachedConfiguration29'' started
2026-08-21T16:48:36.219-0300 [DEBUG] [org.gradle.internal.operations.DefaultBuildOperationRunner] Completing Build operation 'Resolve files of configuration ':detachedConfiguration29''
2026-08-21T16:48:36.219-0300 [DEBUG] [org.gradle.internal.operations.DefaultBuildOperationRunner] Build operation 'Resolve files of configuration ':detachedConfiguration29'' completed
2026-08-21T16:48:36.219-0300 [DEBUG] [org.gradle.internal.component.model.LoggingAttributeMatchingExplanationBuilder] Selected match {artifactType=pom, org.gradle.status=release} from candidates [{artifactType=pom, org.gradle.status=release}] for {}
2026-08-21T16:48:36.219-0300 [DEBUG] [org.gradle.internal.operations.DefaultBuildOperationRunner] Build operation 'Resolve files of configuration ':detachedConfiguration29'' started
2026-08-21T16:48:36.219-0300 [DEBUG] [org.gradle.internal.operations.DefaultBuildOperationRunner] Build operation 'Resolve micrometer-bom-1.17.0.pom (io.micrometer:micrometer-bom:1.17.0)' started
2026-08-21T16:48:36.219-0300 [DEBUG] [org.gradle.api.internal.artifacts.ivyservice.ivyresolve.CachingModuleComponentRepository] Found artifact 'micrometer-bom-1.17.0.pom (io.micrometer:micrometer-bom:1.17.0)' in resolver cache: /Users/claratorres1414/.gradle/caches/modules-2/files-2.1/io.micrometer/micrometer-bom/1.17.0/18aef15b982913c910610e8cf2934868f46c4a48/micrometer-bom-1.17.0.pom
2026-08-21T16:48:36.219-0300 [DEBUG] [org.gradle.internal.operations.DefaultBuildOperationRunner] Completing Build operation 'Resolve micrometer-bom-1.17.0.pom (io.micrometer:micrometer-bom:1.17.0)'
2026-08-21T16:48:36.219-0300 [DEBUG] [org.gradle.internal.operations.DefaultBuildOperationRunner] Build operation 'Resolve micrometer-bom-1.17.0.pom (io.micrometer:micrometer-bom:1.17.0)' completed
2026-08-21T16:48:36.219-0300 [DEBUG] [org.gradle.internal.operations.DefaultBuildOperationRunner] Completing Build operation 'Resolve files of configuration ':detachedConfiguration29''
2026-08-21T16:48:36.219-0300 [DEBUG] [org.gradle.internal.operations.DefaultBuildOperationRunner] Build operation 'Resolve files of configuration ':detachedConfiguration29'' completed
2026-08-21T16:48:36.219-0300 [DEBUG] [org.gradle.internal.operations.DefaultBuildOperationRunner] Build operation 'Resolve dependencies of :detachedConfiguration30' started
2026-08-21T16:48:36.219-0300 [DEBUG] [org.gradle.api.internal.artifacts.ivyservice.modulecache.ResolvedArtifactCaches] Reusing in-memory cache for repo 'MavenRepo' [26c913274550a0b2221f47a0fe2d2358].
2026-08-21T16:48:36.220-0300 [DEBUG] [org.gradle.api.internal.artifacts.ivyservice.ivyresolve.RepositoryChainComponentMetaDataResolver] Attempting to resolve component for io.micrometer:micrometer-tracing-bom:1.7.0 using repositories [MavenRepo]
2026-08-21T16:48:36.220-0300 [DEBUG] [org.gradle.api.internal.artifacts.ivyservice.ivyresolve.CachingModuleComponentRepository] Using cached module metadata for module 'io.micrometer:micrometer-tracing-bom:1.7.0' in 'MavenRepo'
2026-08-21T16:48:36.220-0300 [DEBUG] [org.gradle.api.internal.artifacts.ivyservice.ivyresolve.RepositoryChainComponentMetaDataResolver] Using io.micrometer:micrometer-tracing-bom:1.7.0 from org.gradle.api.internal.artifacts.ivyservice.ivyresolve.FilteredModuleComponentRepository@39278d0
2026-08-21T16:48:36.220-0300 [DEBUG] [org.gradle.internal.operations.DefaultBuildOperationRunner] Completing Build operation 'Resolve dependencies of :detachedConfiguration30'
2026-08-21T16:48:36.220-0300 [DEBUG] [org.gradle.internal.operations.DefaultBuildOperationRunner] Build operation 'Resolve dependencies of :detachedConfiguration30' completed
2026-08-21T16:48:36.220-0300 [DEBUG] [org.gradle.internal.component.model.LoggingAttributeMatchingExplanationBuilder] Selected match {artifactType=pom, org.gradle.status=release} from candidates [{artifactType=pom, org.gradle.status=release}] for {}
2026-08-21T16:48:36.220-0300 [DEBUG] [org.gradle.internal.operations.DefaultBuildOperationRunner] Build operation 'Resolve files of configuration ':detachedConfiguration30'' started
2026-08-21T16:48:36.220-0300 [DEBUG] [org.gradle.internal.operations.DefaultBuildOperationRunner] Completing Build operation 'Resolve files of configuration ':detachedConfiguration30''
2026-08-21T16:48:36.220-0300 [DEBUG] [org.gradle.internal.operations.DefaultBuildOperationRunner] Build operation 'Resolve files of configuration ':detachedConfiguration30'' completed
2026-08-21T16:48:36.220-0300 [DEBUG] [org.gradle.internal.component.model.LoggingAttributeMatchingExplanationBuilder] Selected match {artifactType=pom, org.gradle.status=release} from candidates [{artifactType=pom, org.gradle.status=release}] for {}
2026-08-21T16:48:36.220-0300 [DEBUG] [org.gradle.internal.operations.DefaultBuildOperationRunner] Build operation 'Resolve files of configuration ':detachedConfiguration30'' started
2026-08-21T16:48:36.220-0300 [DEBUG] [org.gradle.internal.operations.DefaultBuildOperationRunner] Build operation 'Resolve micrometer-tracing-bom-1.7.0.pom (io.micrometer:micrometer-tracing-bom:1.7.0)' started
2026-08-21T16:48:36.220-0300 [DEBUG] [org.gradle.api.internal.artifacts.ivyservice.ivyresolve.CachingModuleComponentRepository] Found artifact 'micrometer-tracing-bom-1.7.0.pom (io.micrometer:micrometer-tracing-bom:1.7.0)' in resolver cache: /Users/claratorres1414/.gradle/caches/modules-2/files-2.1/io.micrometer/micrometer-tracing-bom/1.7.0/734395e75c730e67293b458d339ac345ee0fe4a6/micrometer-tracing-bom-1.7.0.pom
2026-08-21T16:48:36.220-0300 [DEBUG] [org.gradle.internal.operations.DefaultBuildOperationRunner] Completing Build operation 'Resolve micrometer-tracing-bom-1.7.0.pom (io.micrometer:micrometer-tracing-bom:1.7.0)'
2026-08-21T16:48:36.220-0300 [DEBUG] [org.gradle.internal.operations.DefaultBuildOperationRunner] Build operation 'Resolve micrometer-tracing-bom-1.7.0.pom (io.micrometer:micrometer-tracing-bom:1.7.0)' completed
2026-08-21T16:48:36.220-0300 [DEBUG] [org.gradle.internal.operations.DefaultBuildOperationRunner] Completing Build operation 'Resolve files of configuration ':detachedConfiguration30''
2026-08-21T16:48:36.220-0300 [DEBUG] [org.gradle.internal.operations.DefaultBuildOperationRunner] Build operation 'Resolve files of configuration ':detachedConfiguration30'' completed
2026-08-21T16:48:36.220-0300 [DEBUG] [org.gradle.internal.operations.DefaultBuildOperationRunner] Build operation 'Resolve dependencies of :detachedConfiguration31' started
2026-08-21T16:48:36.221-0300 [DEBUG] [org.gradle.api.internal.artifacts.ivyservice.modulecache.ResolvedArtifactCaches] Reusing in-memory cache for repo 'MavenRepo' [26c913274550a0b2221f47a0fe2d2358].
2026-08-21T16:48:36.221-0300 [DEBUG] [org.gradle.api.internal.artifacts.ivyservice.ivyresolve.RepositoryChainComponentMetaDataResolver] Attempting to resolve component for org.mockito:mockito-bom:5.23.0 using repositories [MavenRepo]
2026-08-21T16:48:36.221-0300 [DEBUG] [org.gradle.api.internal.artifacts.ivyservice.ivyresolve.CachingModuleComponentRepository] Using cached module metadata for module 'org.mockito:mockito-bom:5.23.0' in 'MavenRepo'
2026-08-21T16:48:36.221-0300 [DEBUG] [org.gradle.api.internal.artifacts.ivyservice.ivyresolve.RepositoryChainComponentMetaDataResolver] Using org.mockito:mockito-bom:5.23.0 from org.gradle.api.internal.artifacts.ivyservice.ivyresolve.FilteredModuleComponentRepository@52d8397a
2026-08-21T16:48:36.221-0300 [DEBUG] [org.gradle.internal.operations.DefaultBuildOperationRunner] Completing Build operation 'Resolve dependencies of :detachedConfiguration31'
2026-08-21T16:48:36.221-0300 [DEBUG] [org.gradle.internal.operations.DefaultBuildOperationRunner] Build operation 'Resolve dependencies of :detachedConfiguration31' completed
2026-08-21T16:48:36.221-0300 [DEBUG] [org.gradle.internal.component.model.LoggingAttributeMatchingExplanationBuilder] Selected match {artifactType=pom, org.gradle.status=release} from candidates [{artifactType=pom, org.gradle.status=release}] for {}
2026-08-21T16:48:36.221-0300 [DEBUG] [org.gradle.internal.operations.DefaultBuildOperationRunner] Build operation 'Resolve files of configuration ':detachedConfiguration31'' started
2026-08-21T16:48:36.221-0300 [DEBUG] [org.gradle.internal.operations.DefaultBuildOperationRunner] Completing Build operation 'Resolve files of configuration ':detachedConfiguration31''
2026-08-21T16:48:36.221-0300 [DEBUG] [org.gradle.internal.operations.DefaultBuildOperationRunner] Build operation 'Resolve files of configuration ':detachedConfiguration31'' completed
2026-08-21T16:48:36.221-0300 [DEBUG] [org.gradle.internal.component.model.LoggingAttributeMatchingExplanationBuilder] Selected match {artifactType=pom, org.gradle.status=release} from candidates [{artifactType=pom, org.gradle.status=release}] for {}
2026-08-21T16:48:36.221-0300 [DEBUG] [org.gradle.internal.operations.DefaultBuildOperationRunner] Build operation 'Resolve files of configuration ':detachedConfiguration31'' started
2026-08-21T16:48:36.221-0300 [DEBUG] [org.gradle.internal.operations.DefaultBuildOperationRunner] Build operation 'Resolve mockito-bom-5.23.0.pom (org.mockito:mockito-bom:5.23.0)' started
2026-08-21T16:48:36.221-0300 [DEBUG] [org.gradle.api.internal.artifacts.ivyservice.ivyresolve.CachingModuleComponentRepository] Found artifact 'mockito-bom-5.23.0.pom (org.mockito:mockito-bom:5.23.0)' in resolver cache: /Users/claratorres1414/.gradle/caches/modules-2/files-2.1/org.mockito/mockito-bom/5.23.0/c8d8940b1a2a451bb3a3cb3fb3548d9a1ff96756/mockito-bom-5.23.0.pom
2026-08-21T16:48:36.221-0300 [DEBUG] [org.gradle.internal.operations.DefaultBuildOperationRunner] Completing Build operation 'Resolve mockito-bom-5.23.0.pom (org.mockito:mockito-bom:5.23.0)'
2026-08-21T16:48:36.221-0300 [DEBUG] [org.gradle.internal.operations.DefaultBuildOperationRunner] Build operation 'Resolve mockito-bom-5.23.0.pom (org.mockito:mockito-bom:5.23.0)' completed
2026-08-21T16:48:36.221-0300 [DEBUG] [org.gradle.internal.operations.DefaultBuildOperationRunner] Completing Build operation 'Resolve files of configuration ':detachedConfiguration31''
2026-08-21T16:48:36.221-0300 [DEBUG] [org.gradle.internal.operations.DefaultBuildOperationRunner] Build operation 'Resolve files of configuration ':detachedConfiguration31'' completed
2026-08-21T16:48:36.222-0300 [DEBUG] [org.gradle.internal.operations.DefaultBuildOperationRunner] Build operation 'Resolve dependencies of :detachedConfiguration32' started
2026-08-21T16:48:36.222-0300 [DEBUG] [org.gradle.api.internal.artifacts.ivyservice.modulecache.ResolvedArtifactCaches] Reusing in-memory cache for repo 'MavenRepo' [26c913274550a0b2221f47a0fe2d2358].
2026-08-21T16:48:36.222-0300 [DEBUG] [org.gradle.api.internal.artifacts.ivyservice.ivyresolve.RepositoryChainComponentMetaDataResolver] Attempting to resolve component for org.mongodb:mongodb-driver-bom:5.8.0 using repositories [MavenRepo]
2026-08-21T16:48:36.222-0300 [DEBUG] [org.gradle.api.internal.artifacts.ivyservice.ivyresolve.CachingModuleComponentRepository] Using cached module metadata for module 'org.mongodb:mongodb-driver-bom:5.8.0' in 'MavenRepo'
2026-08-21T16:48:36.222-0300 [DEBUG] [org.gradle.api.internal.artifacts.ivyservice.ivyresolve.RepositoryChainComponentMetaDataResolver] Using org.mongodb:mongodb-driver-bom:5.8.0 from org.gradle.api.internal.artifacts.ivyservice.ivyresolve.FilteredModuleComponentRepository@72c28be7
2026-08-21T16:48:36.222-0300 [DEBUG] [org.gradle.internal.operations.DefaultBuildOperationRunner] Completing Build operation 'Resolve dependencies of :detachedConfiguration32'
2026-08-21T16:48:36.222-0300 [DEBUG] [org.gradle.internal.operations.DefaultBuildOperationRunner] Build operation 'Resolve dependencies of :detachedConfiguration32' completed
2026-08-21T16:48:36.222-0300 [DEBUG] [org.gradle.internal.component.model.LoggingAttributeMatchingExplanationBuilder] Selected match {artifactType=pom, org.gradle.status=release} from candidates [{artifactType=pom, org.gradle.status=release}] for {}
2026-08-21T16:48:36.222-0300 [DEBUG] [org.gradle.internal.operations.DefaultBuildOperationRunner] Build operation 'Resolve files of configuration ':detachedConfiguration32'' started
2026-08-21T16:48:36.222-0300 [DEBUG] [org.gradle.internal.operations.DefaultBuildOperationRunner] Completing Build operation 'Resolve files of configuration ':detachedConfiguration32''
2026-08-21T16:48:36.222-0300 [DEBUG] [org.gradle.internal.operations.DefaultBuildOperationRunner] Build operation 'Resolve files of configuration ':detachedConfiguration32'' completed
2026-08-21T16:48:36.222-0300 [DEBUG] [org.gradle.internal.component.model.LoggingAttributeMatchingExplanationBuilder] Selected match {artifactType=pom, org.gradle.status=release} from candidates [{artifactType=pom, org.gradle.status=release}] for {}
2026-08-21T16:48:36.222-0300 [DEBUG] [org.gradle.internal.operations.DefaultBuildOperationRunner] Build operation 'Resolve files of configuration ':detachedConfiguration32'' started
2026-08-21T16:48:36.222-0300 [DEBUG] [org.gradle.internal.operations.DefaultBuildOperationRunner] Build operation 'Resolve mongodb-driver-bom-5.8.0.pom (org.mongodb:mongodb-driver-bom:5.8.0)' started
2026-08-21T16:48:36.222-0300 [DEBUG] [org.gradle.api.internal.artifacts.ivyservice.ivyresolve.CachingModuleComponentRepository] Found artifact 'mongodb-driver-bom-5.8.0.pom (org.mongodb:mongodb-driver-bom:5.8.0)' in resolver cache: /Users/claratorres1414/.gradle/caches/modules-2/files-2.1/org.mongodb/mongodb-driver-bom/5.8.0/70adafcc114ec96e2ef325c1c0b58e3dbccce92c/mongodb-driver-bom-5.8.0.pom
2026-08-21T16:48:36.222-0300 [DEBUG] [org.gradle.internal.operations.DefaultBuildOperationRunner] Completing Build operation 'Resolve mongodb-driver-bom-5.8.0.pom (org.mongodb:mongodb-driver-bom:5.8.0)'
2026-08-21T16:48:36.222-0300 [DEBUG] [org.gradle.internal.operations.DefaultBuildOperationRunner] Build operation 'Resolve mongodb-driver-bom-5.8.0.pom (org.mongodb:mongodb-driver-bom:5.8.0)' completed
2026-08-21T16:48:36.222-0300 [DEBUG] [org.gradle.internal.operations.DefaultBuildOperationRunner] Completing Build operation 'Resolve files of configuration ':detachedConfiguration32''
2026-08-21T16:48:36.222-0300 [DEBUG] [org.gradle.internal.operations.DefaultBuildOperationRunner] Build operation 'Resolve files of configuration ':detachedConfiguration32'' completed
2026-08-21T16:48:36.222-0300 [DEBUG] [org.gradle.internal.operations.DefaultBuildOperationRunner] Build operation 'Resolve dependencies of :detachedConfiguration33' started
2026-08-21T16:48:36.223-0300 [DEBUG] [org.gradle.api.internal.artifacts.ivyservice.modulecache.ResolvedArtifactCaches] Reusing in-memory cache for repo 'MavenRepo' [26c913274550a0b2221f47a0fe2d2358].
2026-08-21T16:48:36.223-0300 [DEBUG] [org.gradle.api.internal.artifacts.ivyservice.ivyresolve.RepositoryChainComponentMetaDataResolver] Attempting to resolve component for org.neo4j.driver:neo4j-java-driver-bom:6.1.0 using repositories [MavenRepo]
2026-08-21T16:48:36.223-0300 [DEBUG] [org.gradle.api.internal.artifacts.ivyservice.ivyresolve.CachingModuleComponentRepository] Using cached module metadata for module 'org.neo4j.driver:neo4j-java-driver-bom:6.1.0' in 'MavenRepo'
2026-08-21T16:48:36.223-0300 [DEBUG] [org.gradle.api.internal.artifacts.ivyservice.ivyresolve.RepositoryChainComponentMetaDataResolver] Using org.neo4j.driver:neo4j-java-driver-bom:6.1.0 from org.gradle.api.internal.artifacts.ivyservice.ivyresolve.FilteredModuleComponentRepository@1d278446
2026-08-21T16:48:36.223-0300 [DEBUG] [org.gradle.internal.operations.DefaultBuildOperationRunner] Completing Build operation 'Resolve dependencies of :detachedConfiguration33'
2026-08-21T16:48:36.223-0300 [DEBUG] [org.gradle.internal.operations.DefaultBuildOperationRunner] Build operation 'Resolve dependencies of :detachedConfiguration33' completed
2026-08-21T16:48:36.223-0300 [DEBUG] [org.gradle.internal.component.model.LoggingAttributeMatchingExplanationBuilder] Selected match {artifactType=pom, org.gradle.status=release} from candidates [{artifactType=pom, org.gradle.status=release}] for {}
2026-08-21T16:48:36.223-0300 [DEBUG] [org.gradle.internal.operations.DefaultBuildOperationRunner] Build operation 'Resolve files of configuration ':detachedConfiguration33'' started
2026-08-21T16:48:36.223-0300 [DEBUG] [org.gradle.internal.operations.DefaultBuildOperationRunner] Completing Build operation 'Resolve files of configuration ':detachedConfiguration33''
2026-08-21T16:48:36.223-0300 [DEBUG] [org.gradle.internal.operations.DefaultBuildOperationRunner] Build operation 'Resolve files of configuration ':detachedConfiguration33'' completed
2026-08-21T16:48:36.223-0300 [DEBUG] [org.gradle.internal.component.model.LoggingAttributeMatchingExplanationBuilder] Selected match {artifactType=pom, org.gradle.status=release} from candidates [{artifactType=pom, org.gradle.status=release}] for {}
2026-08-21T16:48:36.223-0300 [DEBUG] [org.gradle.internal.operations.DefaultBuildOperationRunner] Build operation 'Resolve files of configuration ':detachedConfiguration33'' started
2026-08-21T16:48:36.223-0300 [DEBUG] [org.gradle.internal.operations.DefaultBuildOperationRunner] Build operation 'Resolve neo4j-java-driver-bom-6.1.0.pom (org.neo4j.driver:neo4j-java-driver-bom:6.1.0)' started
2026-08-21T16:48:36.223-0300 [DEBUG] [org.gradle.api.internal.artifacts.ivyservice.ivyresolve.CachingModuleComponentRepository] Found artifact 'neo4j-java-driver-bom-6.1.0.pom (org.neo4j.driver:neo4j-java-driver-bom:6.1.0)' in resolver cache: /Users/claratorres1414/.gradle/caches/modules-2/files-2.1/org.neo4j.driver/neo4j-java-driver-bom/6.1.0/2b96ab61bfd4df95efae26001515cfd45bc250cd/neo4j-java-driver-bom-6.1.0.pom
2026-08-21T16:48:36.223-0300 [DEBUG] [org.gradle.internal.operations.DefaultBuildOperationRunner] Completing Build operation 'Resolve neo4j-java-driver-bom-6.1.0.pom (org.neo4j.driver:neo4j-java-driver-bom:6.1.0)'
2026-08-21T16:48:36.223-0300 [DEBUG] [org.gradle.internal.operations.DefaultBuildOperationRunner] Build operation 'Resolve neo4j-java-driver-bom-6.1.0.pom (org.neo4j.driver:neo4j-java-driver-bom:6.1.0)' completed
2026-08-21T16:48:36.223-0300 [DEBUG] [org.gradle.internal.operations.DefaultBuildOperationRunner] Completing Build operation 'Resolve files of configuration ':detachedConfiguration33''
2026-08-21T16:48:36.223-0300 [DEBUG] [org.gradle.internal.operations.DefaultBuildOperationRunner] Build operation 'Resolve files of configuration ':detachedConfiguration33'' completed
2026-08-21T16:48:36.223-0300 [DEBUG] [org.gradle.internal.operations.DefaultBuildOperationRunner] Build operation 'Resolve dependencies of :detachedConfiguration34' started
2026-08-21T16:48:36.223-0300 [DEBUG] [org.gradle.api.internal.artifacts.ivyservice.modulecache.ResolvedArtifactCaches] Reusing in-memory cache for repo 'MavenRepo' [26c913274550a0b2221f47a0fe2d2358].
2026-08-21T16:48:36.224-0300 [DEBUG] [org.gradle.api.internal.artifacts.ivyservice.ivyresolve.RepositoryChainComponentMetaDataResolver] Attempting to resolve component for org.neo4j.bolt:neo4j-bolt-connection-bom:11.0.2 using repositories [MavenRepo]
2026-08-21T16:48:36.224-0300 [DEBUG] [org.gradle.api.internal.artifacts.ivyservice.ivyresolve.CachingModuleComponentRepository] Using cached module metadata for module 'org.neo4j.bolt:neo4j-bolt-connection-bom:11.0.2' in 'MavenRepo'
2026-08-21T16:48:36.224-0300 [DEBUG] [org.gradle.api.internal.artifacts.ivyservice.ivyresolve.RepositoryChainComponentMetaDataResolver] Using org.neo4j.bolt:neo4j-bolt-connection-bom:11.0.2 from org.gradle.api.internal.artifacts.ivyservice.ivyresolve.FilteredModuleComponentRepository@49b9080
2026-08-21T16:48:36.224-0300 [DEBUG] [org.gradle.internal.operations.DefaultBuildOperationRunner] Completing Build operation 'Resolve dependencies of :detachedConfiguration34'
2026-08-21T16:48:36.224-0300 [DEBUG] [org.gradle.internal.operations.DefaultBuildOperationRunner] Build operation 'Resolve dependencies of :detachedConfiguration34' completed
2026-08-21T16:48:36.224-0300 [DEBUG] [org.gradle.internal.component.model.LoggingAttributeMatchingExplanationBuilder] Selected match {artifactType=pom, org.gradle.status=release} from candidates [{artifactType=pom, org.gradle.status=release}] for {}
2026-08-21T16:48:36.224-0300 [DEBUG] [org.gradle.internal.operations.DefaultBuildOperationRunner] Build operation 'Resolve files of configuration ':detachedConfiguration34'' started
2026-08-21T16:48:36.224-0300 [DEBUG] [org.gradle.internal.operations.DefaultBuildOperationRunner] Completing Build operation 'Resolve files of configuration ':detachedConfiguration34''
2026-08-21T16:48:36.224-0300 [DEBUG] [org.gradle.internal.operations.DefaultBuildOperationRunner] Build operation 'Resolve files of configuration ':detachedConfiguration34'' completed
2026-08-21T16:48:36.224-0300 [DEBUG] [org.gradle.internal.component.model.LoggingAttributeMatchingExplanationBuilder] Selected match {artifactType=pom, org.gradle.status=release} from candidates [{artifactType=pom, org.gradle.status=release}] for {}
2026-08-21T16:48:36.224-0300 [DEBUG] [org.gradle.internal.operations.DefaultBuildOperationRunner] Build operation 'Resolve files of configuration ':detachedConfiguration34'' started
2026-08-21T16:48:36.224-0300 [DEBUG] [org.gradle.internal.operations.DefaultBuildOperationRunner] Build operation 'Resolve neo4j-bolt-connection-bom-11.0.2.pom (org.neo4j.bolt:neo4j-bolt-connection-bom:11.0.2)' started
2026-08-21T16:48:36.224-0300 [DEBUG] [org.gradle.api.internal.artifacts.ivyservice.ivyresolve.CachingModuleComponentRepository] Found artifact 'neo4j-bolt-connection-bom-11.0.2.pom (org.neo4j.bolt:neo4j-bolt-connection-bom:11.0.2)' in resolver cache: /Users/claratorres1414/.gradle/caches/modules-2/files-2.1/org.neo4j.bolt/neo4j-bolt-connection-bom/11.0.2/ec6bb02aed3774c8128be1f0942b480b0ccf6f15/neo4j-bolt-connection-bom-11.0.2.pom
2026-08-21T16:48:36.224-0300 [DEBUG] [org.gradle.internal.operations.DefaultBuildOperationRunner] Completing Build operation 'Resolve neo4j-bolt-connection-bom-11.0.2.pom (org.neo4j.bolt:neo4j-bolt-connection-bom:11.0.2)'
2026-08-21T16:48:36.224-0300 [DEBUG] [org.gradle.internal.operations.DefaultBuildOperationRunner] Build operation 'Resolve neo4j-bolt-connection-bom-11.0.2.pom (org.neo4j.bolt:neo4j-bolt-connection-bom:11.0.2)' completed
2026-08-21T16:48:36.224-0300 [DEBUG] [org.gradle.internal.operations.DefaultBuildOperationRunner] Completing Build operation 'Resolve files of configuration ':detachedConfiguration34''
2026-08-21T16:48:36.224-0300 [DEBUG] [org.gradle.internal.operations.DefaultBuildOperationRunner] Build operation 'Resolve files of configuration ':detachedConfiguration34'' completed
2026-08-21T16:48:36.224-0300 [DEBUG] [org.gradle.internal.operations.DefaultBuildOperationRunner] Build operation 'Resolve dependencies of :detachedConfiguration35' started
2026-08-21T16:48:36.224-0300 [DEBUG] [org.gradle.api.internal.artifacts.ivyservice.modulecache.ResolvedArtifactCaches] Reusing in-memory cache for repo 'MavenRepo' [26c913274550a0b2221f47a0fe2d2358].
2026-08-21T16:48:36.225-0300 [DEBUG] [org.gradle.api.internal.artifacts.ivyservice.ivyresolve.RepositoryChainComponentMetaDataResolver] Attempting to resolve component for io.netty:netty-bom:4.2.15.Final using repositories [MavenRepo]
2026-08-21T16:48:36.225-0300 [DEBUG] [org.gradle.api.internal.artifacts.ivyservice.ivyresolve.CachingModuleComponentRepository] Using cached module metadata for module 'io.netty:netty-bom:4.2.15.Final' in 'MavenRepo'
2026-08-21T16:48:36.225-0300 [DEBUG] [org.gradle.api.internal.artifacts.ivyservice.ivyresolve.RepositoryChainComponentMetaDataResolver] Using io.netty:netty-bom:4.2.15.Final from org.gradle.api.internal.artifacts.ivyservice.ivyresolve.FilteredModuleComponentRepository@7d58ffd4
2026-08-21T16:48:36.225-0300 [DEBUG] [org.gradle.internal.operations.DefaultBuildOperationRunner] Completing Build operation 'Resolve dependencies of :detachedConfiguration35'
2026-08-21T16:48:36.225-0300 [DEBUG] [org.gradle.internal.operations.DefaultBuildOperationRunner] Build operation 'Resolve dependencies of :detachedConfiguration35' completed
2026-08-21T16:48:36.225-0300 [DEBUG] [org.gradle.internal.component.model.LoggingAttributeMatchingExplanationBuilder] Selected match {artifactType=pom, org.gradle.status=release} from candidates [{artifactType=pom, org.gradle.status=release}] for {}
2026-08-21T16:48:36.225-0300 [DEBUG] [org.gradle.internal.operations.DefaultBuildOperationRunner] Build operation 'Resolve files of configuration ':detachedConfiguration35'' started
2026-08-21T16:48:36.225-0300 [DEBUG] [org.gradle.internal.operations.DefaultBuildOperationRunner] Completing Build operation 'Resolve files of configuration ':detachedConfiguration35''
2026-08-21T16:48:36.225-0300 [DEBUG] [org.gradle.internal.operations.DefaultBuildOperationRunner] Build operation 'Resolve files of configuration ':detachedConfiguration35'' completed
2026-08-21T16:48:36.225-0300 [DEBUG] [org.gradle.internal.component.model.LoggingAttributeMatchingExplanationBuilder] Selected match {artifactType=pom, org.gradle.status=release} from candidates [{artifactType=pom, org.gradle.status=release}] for {}
2026-08-21T16:48:36.225-0300 [DEBUG] [org.gradle.internal.operations.DefaultBuildOperationRunner] Build operation 'Resolve files of configuration ':detachedConfiguration35'' started
2026-08-21T16:48:36.225-0300 [DEBUG] [org.gradle.internal.operations.DefaultBuildOperationRunner] Build operation 'Resolve netty-bom-4.2.15.Final.pom (io.netty:netty-bom:4.2.15.Final)' started
2026-08-21T16:48:36.225-0300 [DEBUG] [org.gradle.api.internal.artifacts.ivyservice.ivyresolve.CachingModuleComponentRepository] Found artifact 'netty-bom-4.2.15.Final.pom (io.netty:netty-bom:4.2.15.Final)' in resolver cache: /Users/claratorres1414/.gradle/caches/modules-2/files-2.1/io.netty/netty-bom/4.2.15.Final/a91a00a5cae74065e384b95039c0f6f945a3df9/netty-bom-4.2.15.Final.pom
2026-08-21T16:48:36.225-0300 [DEBUG] [org.gradle.internal.operations.DefaultBuildOperationRunner] Completing Build operation 'Resolve netty-bom-4.2.15.Final.pom (io.netty:netty-bom:4.2.15.Final)'
2026-08-21T16:48:36.225-0300 [DEBUG] [org.gradle.internal.operations.DefaultBuildOperationRunner] Build operation 'Resolve netty-bom-4.2.15.Final.pom (io.netty:netty-bom:4.2.15.Final)' completed
2026-08-21T16:48:36.225-0300 [DEBUG] [org.gradle.internal.operations.DefaultBuildOperationRunner] Completing Build operation 'Resolve files of configuration ':detachedConfiguration35''
2026-08-21T16:48:36.225-0300 [DEBUG] [org.gradle.internal.operations.DefaultBuildOperationRunner] Build operation 'Resolve files of configuration ':detachedConfiguration35'' completed
2026-08-21T16:48:36.225-0300 [DEBUG] [org.gradle.internal.operations.DefaultBuildOperationRunner] Build operation 'Resolve dependencies of :detachedConfiguration36' started
2026-08-21T16:48:36.225-0300 [DEBUG] [org.gradle.api.internal.artifacts.ivyservice.modulecache.ResolvedArtifactCaches] Reusing in-memory cache for repo 'MavenRepo' [26c913274550a0b2221f47a0fe2d2358].
2026-08-21T16:48:36.226-0300 [DEBUG] [org.gradle.api.internal.artifacts.ivyservice.ivyresolve.RepositoryChainComponentMetaDataResolver] Attempting to resolve component for org.sonatype.oss:oss-parent:7 using repositories [MavenRepo]
2026-08-21T16:48:36.226-0300 [DEBUG] [org.gradle.api.internal.artifacts.ivyservice.ivyresolve.CachingModuleComponentRepository] Using cached module metadata for module 'org.sonatype.oss:oss-parent:7' in 'MavenRepo'
2026-08-21T16:48:36.226-0300 [DEBUG] [org.gradle.api.internal.artifacts.ivyservice.ivyresolve.RepositoryChainComponentMetaDataResolver] Using org.sonatype.oss:oss-parent:7 from org.gradle.api.internal.artifacts.ivyservice.ivyresolve.FilteredModuleComponentRepository@2fa4be38
2026-08-21T16:48:36.226-0300 [DEBUG] [org.gradle.internal.operations.DefaultBuildOperationRunner] Completing Build operation 'Resolve dependencies of :detachedConfiguration36'
2026-08-21T16:48:36.226-0300 [DEBUG] [org.gradle.internal.operations.DefaultBuildOperationRunner] Build operation 'Resolve dependencies of :detachedConfiguration36' completed
2026-08-21T16:48:36.226-0300 [DEBUG] [org.gradle.internal.component.model.LoggingAttributeMatchingExplanationBuilder] Selected match {artifactType=pom, org.gradle.status=release} from candidates [{artifactType=pom, org.gradle.status=release}] for {}
2026-08-21T16:48:36.226-0300 [DEBUG] [org.gradle.internal.operations.DefaultBuildOperationRunner] Build operation 'Resolve files of configuration ':detachedConfiguration36'' started
2026-08-21T16:48:36.226-0300 [DEBUG] [org.gradle.internal.operations.DefaultBuildOperationRunner] Completing Build operation 'Resolve files of configuration ':detachedConfiguration36''
2026-08-21T16:48:36.226-0300 [DEBUG] [org.gradle.internal.operations.DefaultBuildOperationRunner] Build operation 'Resolve files of configuration ':detachedConfiguration36'' completed
2026-08-21T16:48:36.226-0300 [DEBUG] [org.gradle.internal.component.model.LoggingAttributeMatchingExplanationBuilder] Selected match {artifactType=pom, org.gradle.status=release} from candidates [{artifactType=pom, org.gradle.status=release}] for {}
2026-08-21T16:48:36.226-0300 [DEBUG] [org.gradle.internal.operations.DefaultBuildOperationRunner] Build operation 'Resolve files of configuration ':detachedConfiguration36'' started
2026-08-21T16:48:36.226-0300 [DEBUG] [org.gradle.internal.operations.DefaultBuildOperationRunner] Build operation 'Resolve oss-parent-7.pom (org.sonatype.oss:oss-parent:7)' started
2026-08-21T16:48:36.226-0300 [DEBUG] [org.gradle.api.internal.artifacts.ivyservice.ivyresolve.CachingModuleComponentRepository] Found artifact 'oss-parent-7.pom (org.sonatype.oss:oss-parent:7)' in resolver cache: /Users/claratorres1414/.gradle/caches/modules-2/files-2.1/org.sonatype.oss/oss-parent/7/46b8a785b60a2767095b8611613b58577e96d4c9/oss-parent-7.pom
2026-08-21T16:48:36.226-0300 [DEBUG] [org.gradle.internal.operations.DefaultBuildOperationRunner] Completing Build operation 'Resolve oss-parent-7.pom (org.sonatype.oss:oss-parent:7)'
2026-08-21T16:48:36.226-0300 [DEBUG] [org.gradle.internal.operations.DefaultBuildOperationRunner] Build operation 'Resolve oss-parent-7.pom (org.sonatype.oss:oss-parent:7)' completed
2026-08-21T16:48:36.226-0300 [DEBUG] [org.gradle.internal.operations.DefaultBuildOperationRunner] Completing Build operation 'Resolve files of configuration ':detachedConfiguration36''
2026-08-21T16:48:36.226-0300 [DEBUG] [org.gradle.internal.operations.DefaultBuildOperationRunner] Build operation 'Resolve files of configuration ':detachedConfiguration36'' completed
2026-08-21T16:48:36.227-0300 [DEBUG] [org.gradle.internal.operations.DefaultBuildOperationRunner] Build operation 'Resolve dependencies of :detachedConfiguration37' started
2026-08-21T16:48:36.227-0300 [DEBUG] [org.gradle.api.internal.artifacts.ivyservice.modulecache.ResolvedArtifactCaches] Reusing in-memory cache for repo 'MavenRepo' [26c913274550a0b2221f47a0fe2d2358].
2026-08-21T16:48:36.227-0300 [DEBUG] [org.gradle.api.internal.artifacts.ivyservice.ivyresolve.RepositoryChainComponentMetaDataResolver] Attempting to resolve component for io.opentelemetry:opentelemetry-bom:1.62.0 using repositories [MavenRepo]
2026-08-21T16:48:36.227-0300 [DEBUG] [org.gradle.api.internal.artifacts.ivyservice.ivyresolve.CachingModuleComponentRepository] Using cached module metadata for module 'io.opentelemetry:opentelemetry-bom:1.62.0' in 'MavenRepo'
2026-08-21T16:48:36.227-0300 [DEBUG] [org.gradle.api.internal.artifacts.ivyservice.ivyresolve.RepositoryChainComponentMetaDataResolver] Using io.opentelemetry:opentelemetry-bom:1.62.0 from org.gradle.api.internal.artifacts.ivyservice.ivyresolve.FilteredModuleComponentRepository@7a847294
2026-08-21T16:48:36.227-0300 [DEBUG] [org.gradle.internal.operations.DefaultBuildOperationRunner] Completing Build operation 'Resolve dependencies of :detachedConfiguration37'
2026-08-21T16:48:36.227-0300 [DEBUG] [org.gradle.internal.operations.DefaultBuildOperationRunner] Build operation 'Resolve dependencies of :detachedConfiguration37' completed
2026-08-21T16:48:36.227-0300 [DEBUG] [org.gradle.internal.component.model.LoggingAttributeMatchingExplanationBuilder] Selected match {artifactType=pom, org.gradle.status=release} from candidates [{artifactType=pom, org.gradle.status=release}] for {}
2026-08-21T16:48:36.228-0300 [DEBUG] [org.gradle.internal.operations.DefaultBuildOperationRunner] Build operation 'Resolve files of configuration ':detachedConfiguration37'' started
2026-08-21T16:48:36.228-0300 [DEBUG] [org.gradle.internal.operations.DefaultBuildOperationRunner] Completing Build operation 'Resolve files of configuration ':detachedConfiguration37''
2026-08-21T16:48:36.228-0300 [DEBUG] [org.gradle.internal.operations.DefaultBuildOperationRunner] Build operation 'Resolve files of configuration ':detachedConfiguration37'' completed
2026-08-21T16:48:36.228-0300 [DEBUG] [org.gradle.internal.component.model.LoggingAttributeMatchingExplanationBuilder] Selected match {artifactType=pom, org.gradle.status=release} from candidates [{artifactType=pom, org.gradle.status=release}] for {}
2026-08-21T16:48:36.228-0300 [DEBUG] [org.gradle.internal.operations.DefaultBuildOperationRunner] Build operation 'Resolve files of configuration ':detachedConfiguration37'' started
2026-08-21T16:48:36.228-0300 [DEBUG] [org.gradle.internal.operations.DefaultBuildOperationRunner] Build operation 'Resolve opentelemetry-bom-1.62.0.pom (io.opentelemetry:opentelemetry-bom:1.62.0)' started
2026-08-21T16:48:36.228-0300 [DEBUG] [org.gradle.api.internal.artifacts.ivyservice.ivyresolve.CachingModuleComponentRepository] Found artifact 'opentelemetry-bom-1.62.0.pom (io.opentelemetry:opentelemetry-bom:1.62.0)' in resolver cache: /Users/claratorres1414/.gradle/caches/modules-2/files-2.1/io.opentelemetry/opentelemetry-bom/1.62.0/d8a8fa76c842bf20cd69f255f8698ca106ca8848/opentelemetry-bom-1.62.0.pom
2026-08-21T16:48:36.228-0300 [DEBUG] [org.gradle.internal.operations.DefaultBuildOperationRunner] Completing Build operation 'Resolve opentelemetry-bom-1.62.0.pom (io.opentelemetry:opentelemetry-bom:1.62.0)'
2026-08-21T16:48:36.228-0300 [DEBUG] [org.gradle.internal.operations.DefaultBuildOperationRunner] Build operation 'Resolve opentelemetry-bom-1.62.0.pom (io.opentelemetry:opentelemetry-bom:1.62.0)' completed
2026-08-21T16:48:36.228-0300 [DEBUG] [org.gradle.internal.operations.DefaultBuildOperationRunner] Completing Build operation 'Resolve files of configuration ':detachedConfiguration37''
2026-08-21T16:48:36.228-0300 [DEBUG] [org.gradle.internal.operations.DefaultBuildOperationRunner] Build operation 'Resolve files of configuration ':detachedConfiguration37'' completed
2026-08-21T16:48:36.228-0300 [DEBUG] [org.gradle.internal.operations.DefaultBuildOperationRunner] Build operation 'Resolve dependencies of :detachedConfiguration38' started
2026-08-21T16:48:36.228-0300 [DEBUG] [org.gradle.api.internal.artifacts.ivyservice.modulecache.ResolvedArtifactCaches] Reusing in-memory cache for repo 'MavenRepo' [26c913274550a0b2221f47a0fe2d2358].
2026-08-21T16:48:36.228-0300 [DEBUG] [org.gradle.api.internal.artifacts.ivyservice.ivyresolve.RepositoryChainComponentMetaDataResolver] Attempting to resolve component for io.prometheus:prometheus-metrics-bom:1.5.1 using repositories [MavenRepo]
2026-08-21T16:48:36.228-0300 [DEBUG] [org.gradle.api.internal.artifacts.ivyservice.ivyresolve.CachingModuleComponentRepository] Using cached module metadata for module 'io.prometheus:prometheus-metrics-bom:1.5.1' in 'MavenRepo'
2026-08-21T16:48:36.228-0300 [DEBUG] [org.gradle.api.internal.artifacts.ivyservice.ivyresolve.RepositoryChainComponentMetaDataResolver] Using io.prometheus:prometheus-metrics-bom:1.5.1 from org.gradle.api.internal.artifacts.ivyservice.ivyresolve.FilteredModuleComponentRepository@5c5e47b7
2026-08-21T16:48:36.228-0300 [DEBUG] [org.gradle.internal.operations.DefaultBuildOperationRunner] Completing Build operation 'Resolve dependencies of :detachedConfiguration38'
2026-08-21T16:48:36.229-0300 [DEBUG] [org.gradle.internal.operations.DefaultBuildOperationRunner] Build operation 'Resolve dependencies of :detachedConfiguration38' completed
2026-08-21T16:48:36.229-0300 [DEBUG] [org.gradle.internal.component.model.LoggingAttributeMatchingExplanationBuilder] Selected match {artifactType=pom, org.gradle.status=release} from candidates [{artifactType=pom, org.gradle.status=release}] for {}
2026-08-21T16:48:36.229-0300 [DEBUG] [org.gradle.internal.operations.DefaultBuildOperationRunner] Build operation 'Resolve files of configuration ':detachedConfiguration38'' started
2026-08-21T16:48:36.229-0300 [DEBUG] [org.gradle.internal.operations.DefaultBuildOperationRunner] Completing Build operation 'Resolve files of configuration ':detachedConfiguration38''
2026-08-21T16:48:36.229-0300 [DEBUG] [org.gradle.internal.operations.DefaultBuildOperationRunner] Build operation 'Resolve files of configuration ':detachedConfiguration38'' completed
2026-08-21T16:48:36.229-0300 [DEBUG] [org.gradle.internal.component.model.LoggingAttributeMatchingExplanationBuilder] Selected match {artifactType=pom, org.gradle.status=release} from candidates [{artifactType=pom, org.gradle.status=release}] for {}
2026-08-21T16:48:36.229-0300 [DEBUG] [org.gradle.internal.operations.DefaultBuildOperationRunner] Build operation 'Resolve files of configuration ':detachedConfiguration38'' started
2026-08-21T16:48:36.229-0300 [DEBUG] [org.gradle.internal.operations.DefaultBuildOperationRunner] Build operation 'Resolve prometheus-metrics-bom-1.5.1.pom (io.prometheus:prometheus-metrics-bom:1.5.1)' started
2026-08-21T16:48:36.229-0300 [DEBUG] [org.gradle.api.internal.artifacts.ivyservice.ivyresolve.CachingModuleComponentRepository] Found artifact 'prometheus-metrics-bom-1.5.1.pom (io.prometheus:prometheus-metrics-bom:1.5.1)' in resolver cache: /Users/claratorres1414/.gradle/caches/modules-2/files-2.1/io.prometheus/prometheus-metrics-bom/1.5.1/e1146c0a5a85c1336aadcffdbd5ca5a76a5f5cd5/prometheus-metrics-bom-1.5.1.pom
2026-08-21T16:48:36.229-0300 [DEBUG] [org.gradle.internal.operations.DefaultBuildOperationRunner] Completing Build operation 'Resolve prometheus-metrics-bom-1.5.1.pom (io.prometheus:prometheus-metrics-bom:1.5.1)'
2026-08-21T16:48:36.229-0300 [DEBUG] [org.gradle.internal.operations.DefaultBuildOperationRunner] Build operation 'Resolve prometheus-metrics-bom-1.5.1.pom (io.prometheus:prometheus-metrics-bom:1.5.1)' completed
2026-08-21T16:48:36.229-0300 [DEBUG] [org.gradle.internal.operations.DefaultBuildOperationRunner] Completing Build operation 'Resolve files of configuration ':detachedConfiguration38''
2026-08-21T16:48:36.229-0300 [DEBUG] [org.gradle.internal.operations.DefaultBuildOperationRunner] Build operation 'Resolve files of configuration ':detachedConfiguration38'' completed
2026-08-21T16:48:36.229-0300 [DEBUG] [org.gradle.internal.operations.DefaultBuildOperationRunner] Build operation 'Resolve dependencies of :detachedConfiguration39' started
2026-08-21T16:48:36.229-0300 [DEBUG] [org.gradle.api.internal.artifacts.ivyservice.modulecache.ResolvedArtifactCaches] Reusing in-memory cache for repo 'MavenRepo' [26c913274550a0b2221f47a0fe2d2358].
2026-08-21T16:48:36.229-0300 [DEBUG] [org.gradle.api.internal.artifacts.ivyservice.ivyresolve.RepositoryChainComponentMetaDataResolver] Attempting to resolve component for io.prometheus:client_java_parent:1.5.1 using repositories [MavenRepo]
2026-08-21T16:48:36.229-0300 [DEBUG] [org.gradle.api.internal.artifacts.ivyservice.ivyresolve.CachingModuleComponentRepository] Using cached module metadata for module 'io.prometheus:client_java_parent:1.5.1' in 'MavenRepo'
2026-08-21T16:48:36.229-0300 [DEBUG] [org.gradle.api.internal.artifacts.ivyservice.ivyresolve.RepositoryChainComponentMetaDataResolver] Using io.prometheus:client_java_parent:1.5.1 from org.gradle.api.internal.artifacts.ivyservice.ivyresolve.FilteredModuleComponentRepository@8e13015
2026-08-21T16:48:36.229-0300 [DEBUG] [org.gradle.internal.operations.DefaultBuildOperationRunner] Completing Build operation 'Resolve dependencies of :detachedConfiguration39'
2026-08-21T16:48:36.229-0300 [DEBUG] [org.gradle.internal.operations.DefaultBuildOperationRunner] Build operation 'Resolve dependencies of :detachedConfiguration39' completed
2026-08-21T16:48:36.229-0300 [DEBUG] [org.gradle.internal.component.model.LoggingAttributeMatchingExplanationBuilder] Selected match {artifactType=pom, org.gradle.status=release} from candidates [{artifactType=pom, org.gradle.status=release}] for {}
2026-08-21T16:48:36.229-0300 [DEBUG] [org.gradle.internal.operations.DefaultBuildOperationRunner] Build operation 'Resolve files of configuration ':detachedConfiguration39'' started
2026-08-21T16:48:36.229-0300 [DEBUG] [org.gradle.internal.operations.DefaultBuildOperationRunner] Completing Build operation 'Resolve files of configuration ':detachedConfiguration39''
2026-08-21T16:48:36.229-0300 [DEBUG] [org.gradle.internal.operations.DefaultBuildOperationRunner] Build operation 'Resolve files of configuration ':detachedConfiguration39'' completed
2026-08-21T16:48:36.229-0300 [DEBUG] [org.gradle.internal.component.model.LoggingAttributeMatchingExplanationBuilder] Selected match {artifactType=pom, org.gradle.status=release} from candidates [{artifactType=pom, org.gradle.status=release}] for {}
2026-08-21T16:48:36.229-0300 [DEBUG] [org.gradle.internal.operations.DefaultBuildOperationRunner] Build operation 'Resolve files of configuration ':detachedConfiguration39'' started
2026-08-21T16:48:36.230-0300 [DEBUG] [org.gradle.internal.operations.DefaultBuildOperationRunner] Build operation 'Resolve client_java_parent-1.5.1.pom (io.prometheus:client_java_parent:1.5.1)' started
2026-08-21T16:48:36.230-0300 [DEBUG] [org.gradle.api.internal.artifacts.ivyservice.ivyresolve.CachingModuleComponentRepository] Found artifact 'client_java_parent-1.5.1.pom (io.prometheus:client_java_parent:1.5.1)' in resolver cache: /Users/claratorres1414/.gradle/caches/modules-2/files-2.1/io.prometheus/client_java_parent/1.5.1/30956b5882a4c606e247b36093b380a90927c284/client_java_parent-1.5.1.pom
2026-08-21T16:48:36.230-0300 [DEBUG] [org.gradle.internal.operations.DefaultBuildOperationRunner] Completing Build operation 'Resolve client_java_parent-1.5.1.pom (io.prometheus:client_java_parent:1.5.1)'
2026-08-21T16:48:36.230-0300 [DEBUG] [org.gradle.internal.operations.DefaultBuildOperationRunner] Build operation 'Resolve client_java_parent-1.5.1.pom (io.prometheus:client_java_parent:1.5.1)' completed
2026-08-21T16:48:36.230-0300 [DEBUG] [org.gradle.internal.operations.DefaultBuildOperationRunner] Completing Build operation 'Resolve files of configuration ':detachedConfiguration39''
2026-08-21T16:48:36.230-0300 [DEBUG] [org.gradle.internal.operations.DefaultBuildOperationRunner] Build operation 'Resolve files of configuration ':detachedConfiguration39'' completed
2026-08-21T16:48:36.230-0300 [DEBUG] [org.gradle.internal.operations.DefaultBuildOperationRunner] Build operation 'Resolve dependencies of :detachedConfiguration40' started
2026-08-21T16:48:36.230-0300 [DEBUG] [org.gradle.api.internal.artifacts.ivyservice.modulecache.ResolvedArtifactCaches] Reusing in-memory cache for repo 'MavenRepo' [26c913274550a0b2221f47a0fe2d2358].
2026-08-21T16:48:36.231-0300 [DEBUG] [org.gradle.api.internal.artifacts.ivyservice.ivyresolve.RepositoryChainComponentMetaDataResolver] Attempting to resolve component for io.prometheus:simpleclient_bom:0.16.0 using repositories [MavenRepo]
2026-08-21T16:48:36.231-0300 [DEBUG] [org.gradle.api.internal.artifacts.ivyservice.ivyresolve.CachingModuleComponentRepository] Using cached module metadata for module 'io.prometheus:simpleclient_bom:0.16.0' in 'MavenRepo'
2026-08-21T16:48:36.231-0300 [DEBUG] [org.gradle.api.internal.artifacts.ivyservice.ivyresolve.RepositoryChainComponentMetaDataResolver] Using io.prometheus:simpleclient_bom:0.16.0 from org.gradle.api.internal.artifacts.ivyservice.ivyresolve.FilteredModuleComponentRepository@7d8d312e
2026-08-21T16:48:36.231-0300 [DEBUG] [org.gradle.internal.operations.DefaultBuildOperationRunner] Completing Build operation 'Resolve dependencies of :detachedConfiguration40'
2026-08-21T16:48:36.231-0300 [DEBUG] [org.gradle.internal.operations.DefaultBuildOperationRunner] Build operation 'Resolve dependencies of :detachedConfiguration40' completed
2026-08-21T16:48:36.231-0300 [DEBUG] [org.gradle.internal.component.model.LoggingAttributeMatchingExplanationBuilder] Selected match {artifactType=pom, org.gradle.status=release} from candidates [{artifactType=pom, org.gradle.status=release}] for {}
2026-08-21T16:48:36.231-0300 [DEBUG] [org.gradle.internal.operations.DefaultBuildOperationRunner] Build operation 'Resolve files of configuration ':detachedConfiguration40'' started
2026-08-21T16:48:36.231-0300 [DEBUG] [org.gradle.internal.operations.DefaultBuildOperationRunner] Completing Build operation 'Resolve files of configuration ':detachedConfiguration40''
2026-08-21T16:48:36.231-0300 [DEBUG] [org.gradle.internal.operations.DefaultBuildOperationRunner] Build operation 'Resolve files of configuration ':detachedConfiguration40'' completed
2026-08-21T16:48:36.231-0300 [DEBUG] [org.gradle.internal.component.model.LoggingAttributeMatchingExplanationBuilder] Selected match {artifactType=pom, org.gradle.status=release} from candidates [{artifactType=pom, org.gradle.status=release}] for {}
2026-08-21T16:48:36.231-0300 [DEBUG] [org.gradle.internal.operations.DefaultBuildOperationRunner] Build operation 'Resolve files of configuration ':detachedConfiguration40'' started
2026-08-21T16:48:36.231-0300 [DEBUG] [org.gradle.internal.operations.DefaultBuildOperationRunner] Build operation 'Resolve simpleclient_bom-0.16.0.pom (io.prometheus:simpleclient_bom:0.16.0)' started
2026-08-21T16:48:36.231-0300 [DEBUG] [org.gradle.api.internal.artifacts.ivyservice.ivyresolve.CachingModuleComponentRepository] Found artifact 'simpleclient_bom-0.16.0.pom (io.prometheus:simpleclient_bom:0.16.0)' in resolver cache: /Users/claratorres1414/.gradle/caches/modules-2/files-2.1/io.prometheus/simpleclient_bom/0.16.0/7a83764a96ed642f7236dac41b9d4b3483be3a10/simpleclient_bom-0.16.0.pom
2026-08-21T16:48:36.231-0300 [DEBUG] [org.gradle.internal.operations.DefaultBuildOperationRunner] Completing Build operation 'Resolve simpleclient_bom-0.16.0.pom (io.prometheus:simpleclient_bom:0.16.0)'
2026-08-21T16:48:36.231-0300 [DEBUG] [org.gradle.internal.operations.DefaultBuildOperationRunner] Build operation 'Resolve simpleclient_bom-0.16.0.pom (io.prometheus:simpleclient_bom:0.16.0)' completed
2026-08-21T16:48:36.231-0300 [DEBUG] [org.gradle.internal.operations.DefaultBuildOperationRunner] Completing Build operation 'Resolve files of configuration ':detachedConfiguration40''
2026-08-21T16:48:36.231-0300 [DEBUG] [org.gradle.internal.operations.DefaultBuildOperationRunner] Build operation 'Resolve files of configuration ':detachedConfiguration40'' completed
2026-08-21T16:48:36.232-0300 [DEBUG] [org.gradle.internal.operations.DefaultBuildOperationRunner] Build operation 'Resolve dependencies of :detachedConfiguration41' started
2026-08-21T16:48:36.232-0300 [DEBUG] [org.gradle.api.internal.artifacts.ivyservice.modulecache.ResolvedArtifactCaches] Reusing in-memory cache for repo 'MavenRepo' [26c913274550a0b2221f47a0fe2d2358].
2026-08-21T16:48:36.232-0300 [DEBUG] [org.gradle.api.internal.artifacts.ivyservice.ivyresolve.RepositoryChainComponentMetaDataResolver] Attempting to resolve component for io.prometheus:parent:0.16.0 using repositories [MavenRepo]
2026-08-21T16:48:36.232-0300 [DEBUG] [org.gradle.api.internal.artifacts.ivyservice.ivyresolve.CachingModuleComponentRepository] Using cached module metadata for module 'io.prometheus:parent:0.16.0' in 'MavenRepo'
2026-08-21T16:48:36.232-0300 [DEBUG] [org.gradle.api.internal.artifacts.ivyservice.ivyresolve.RepositoryChainComponentMetaDataResolver] Using io.prometheus:parent:0.16.0 from org.gradle.api.internal.artifacts.ivyservice.ivyresolve.FilteredModuleComponentRepository@5d35183b
2026-08-21T16:48:36.232-0300 [DEBUG] [org.gradle.internal.operations.DefaultBuildOperationRunner] Completing Build operation 'Resolve dependencies of :detachedConfiguration41'
2026-08-21T16:48:36.232-0300 [DEBUG] [org.gradle.internal.operations.DefaultBuildOperationRunner] Build operation 'Resolve dependencies of :detachedConfiguration41' completed
2026-08-21T16:48:36.232-0300 [DEBUG] [org.gradle.internal.component.model.LoggingAttributeMatchingExplanationBuilder] Selected match {artifactType=pom, org.gradle.status=release} from candidates [{artifactType=pom, org.gradle.status=release}] for {}
2026-08-21T16:48:36.232-0300 [DEBUG] [org.gradle.internal.operations.DefaultBuildOperationRunner] Build operation 'Resolve files of configuration ':detachedConfiguration41'' started
2026-08-21T16:48:36.232-0300 [DEBUG] [org.gradle.internal.operations.DefaultBuildOperationRunner] Completing Build operation 'Resolve files of configuration ':detachedConfiguration41''
2026-08-21T16:48:36.232-0300 [DEBUG] [org.gradle.internal.operations.DefaultBuildOperationRunner] Build operation 'Resolve files of configuration ':detachedConfiguration41'' completed
2026-08-21T16:48:36.232-0300 [DEBUG] [org.gradle.internal.component.model.LoggingAttributeMatchingExplanationBuilder] Selected match {artifactType=pom, org.gradle.status=release} from candidates [{artifactType=pom, org.gradle.status=release}] for {}
2026-08-21T16:48:36.232-0300 [DEBUG] [org.gradle.internal.operations.DefaultBuildOperationRunner] Build operation 'Resolve files of configuration ':detachedConfiguration41'' started
2026-08-21T16:48:36.232-0300 [DEBUG] [org.gradle.internal.operations.DefaultBuildOperationRunner] Build operation 'Resolve parent-0.16.0.pom (io.prometheus:parent:0.16.0)' started
2026-08-21T16:48:36.232-0300 [DEBUG] [org.gradle.api.internal.artifacts.ivyservice.ivyresolve.CachingModuleComponentRepository] Found artifact 'parent-0.16.0.pom (io.prometheus:parent:0.16.0)' in resolver cache: /Users/claratorres1414/.gradle/caches/modules-2/files-2.1/io.prometheus/parent/0.16.0/2ae0bbbf4310dedfed62e8fd92279bf5bc60975d/parent-0.16.0.pom
2026-08-21T16:48:36.232-0300 [DEBUG] [org.gradle.internal.operations.DefaultBuildOperationRunner] Completing Build operation 'Resolve parent-0.16.0.pom (io.prometheus:parent:0.16.0)'
2026-08-21T16:48:36.233-0300 [DEBUG] [org.gradle.internal.operations.DefaultBuildOperationRunner] Build operation 'Resolve parent-0.16.0.pom (io.prometheus:parent:0.16.0)' completed
2026-08-21T16:48:36.233-0300 [DEBUG] [org.gradle.internal.operations.DefaultBuildOperationRunner] Completing Build operation 'Resolve files of configuration ':detachedConfiguration41''
2026-08-21T16:48:36.233-0300 [DEBUG] [org.gradle.internal.operations.DefaultBuildOperationRunner] Build operation 'Resolve files of configuration ':detachedConfiguration41'' completed
2026-08-21T16:48:36.233-0300 [DEBUG] [org.gradle.internal.operations.DefaultBuildOperationRunner] Build operation 'Resolve dependencies of :detachedConfiguration42' started
2026-08-21T16:48:36.233-0300 [DEBUG] [org.gradle.api.internal.artifacts.ivyservice.modulecache.ResolvedArtifactCaches] Reusing in-memory cache for repo 'MavenRepo' [26c913274550a0b2221f47a0fe2d2358].
2026-08-21T16:48:36.234-0300 [DEBUG] [org.gradle.api.internal.artifacts.ivyservice.ivyresolve.RepositoryChainComponentMetaDataResolver] Attempting to resolve component for org.apache.pulsar:pulsar-bom:4.2.2 using repositories [MavenRepo]
2026-08-21T16:48:36.234-0300 [DEBUG] [org.gradle.api.internal.artifacts.ivyservice.ivyresolve.CachingModuleComponentRepository] Using cached module metadata for module 'org.apache.pulsar:pulsar-bom:4.2.2' in 'MavenRepo'
2026-08-21T16:48:36.234-0300 [DEBUG] [org.gradle.api.internal.artifacts.ivyservice.ivyresolve.RepositoryChainComponentMetaDataResolver] Using org.apache.pulsar:pulsar-bom:4.2.2 from org.gradle.api.internal.artifacts.ivyservice.ivyresolve.FilteredModuleComponentRepository@55b7d493
2026-08-21T16:48:36.234-0300 [DEBUG] [org.gradle.internal.operations.DefaultBuildOperationRunner] Completing Build operation 'Resolve dependencies of :detachedConfiguration42'
2026-08-21T16:48:36.234-0300 [DEBUG] [org.gradle.internal.operations.DefaultBuildOperationRunner] Build operation 'Resolve dependencies of :detachedConfiguration42' completed
2026-08-21T16:48:36.234-0300 [DEBUG] [org.gradle.internal.component.model.LoggingAttributeMatchingExplanationBuilder] Selected match {artifactType=pom, org.gradle.status=release} from candidates [{artifactType=pom, org.gradle.status=release}] for {}
2026-08-21T16:48:36.234-0300 [DEBUG] [org.gradle.internal.operations.DefaultBuildOperationRunner] Build operation 'Resolve files of configuration ':detachedConfiguration42'' started
2026-08-21T16:48:36.234-0300 [DEBUG] [org.gradle.internal.operations.DefaultBuildOperationRunner] Completing Build operation 'Resolve files of configuration ':detachedConfiguration42''
2026-08-21T16:48:36.234-0300 [DEBUG] [org.gradle.internal.operations.DefaultBuildOperationRunner] Build operation 'Resolve files of configuration ':detachedConfiguration42'' completed
2026-08-21T16:48:36.234-0300 [DEBUG] [org.gradle.internal.component.model.LoggingAttributeMatchingExplanationBuilder] Selected match {artifactType=pom, org.gradle.status=release} from candidates [{artifactType=pom, org.gradle.status=release}] for {}
2026-08-21T16:48:36.234-0300 [DEBUG] [org.gradle.internal.operations.DefaultBuildOperationRunner] Build operation 'Resolve files of configuration ':detachedConfiguration42'' started
2026-08-21T16:48:36.234-0300 [DEBUG] [org.gradle.internal.operations.DefaultBuildOperationRunner] Build operation 'Resolve pulsar-bom-4.2.2.pom (org.apache.pulsar:pulsar-bom:4.2.2)' started
2026-08-21T16:48:36.234-0300 [DEBUG] [org.gradle.api.internal.artifacts.ivyservice.ivyresolve.CachingModuleComponentRepository] Found artifact 'pulsar-bom-4.2.2.pom (org.apache.pulsar:pulsar-bom:4.2.2)' in resolver cache: /Users/claratorres1414/.gradle/caches/modules-2/files-2.1/org.apache.pulsar/pulsar-bom/4.2.2/fcb52dce22ba32c314b17785313ce6e4e6925c47/pulsar-bom-4.2.2.pom
2026-08-21T16:48:36.234-0300 [DEBUG] [org.gradle.internal.operations.DefaultBuildOperationRunner] Completing Build operation 'Resolve pulsar-bom-4.2.2.pom (org.apache.pulsar:pulsar-bom:4.2.2)'
2026-08-21T16:48:36.234-0300 [DEBUG] [org.gradle.internal.operations.DefaultBuildOperationRunner] Build operation 'Resolve pulsar-bom-4.2.2.pom (org.apache.pulsar:pulsar-bom:4.2.2)' completed
2026-08-21T16:48:36.234-0300 [DEBUG] [org.gradle.internal.operations.DefaultBuildOperationRunner] Completing Build operation 'Resolve files of configuration ':detachedConfiguration42''
2026-08-21T16:48:36.234-0300 [DEBUG] [org.gradle.internal.operations.DefaultBuildOperationRunner] Build operation 'Resolve files of configuration ':detachedConfiguration42'' completed
2026-08-21T16:48:36.235-0300 [DEBUG] [org.gradle.internal.operations.DefaultBuildOperationRunner] Build operation 'Resolve dependencies of :detachedConfiguration43' started
2026-08-21T16:48:36.235-0300 [DEBUG] [org.gradle.api.internal.artifacts.ivyservice.modulecache.ResolvedArtifactCaches] Reusing in-memory cache for repo 'MavenRepo' [26c913274550a0b2221f47a0fe2d2358].
2026-08-21T16:48:36.235-0300 [DEBUG] [org.gradle.api.internal.artifacts.ivyservice.ivyresolve.RepositoryChainComponentMetaDataResolver] Attempting to resolve component for org.apache:apache:35 using repositories [MavenRepo]
2026-08-21T16:48:36.235-0300 [DEBUG] [org.gradle.api.internal.artifacts.ivyservice.ivyresolve.CachingModuleComponentRepository] Using cached module metadata for module 'org.apache:apache:35' in 'MavenRepo'
2026-08-21T16:48:36.235-0300 [DEBUG] [org.gradle.api.internal.artifacts.ivyservice.ivyresolve.RepositoryChainComponentMetaDataResolver] Using org.apache:apache:35 from org.gradle.api.internal.artifacts.ivyservice.ivyresolve.FilteredModuleComponentRepository@60ada263
2026-08-21T16:48:36.236-0300 [DEBUG] [org.gradle.internal.operations.DefaultBuildOperationRunner] Completing Build operation 'Resolve dependencies of :detachedConfiguration43'
2026-08-21T16:48:36.236-0300 [DEBUG] [org.gradle.internal.operations.DefaultBuildOperationRunner] Build operation 'Resolve dependencies of :detachedConfiguration43' completed
2026-08-21T16:48:36.236-0300 [DEBUG] [org.gradle.internal.component.model.LoggingAttributeMatchingExplanationBuilder] Selected match {artifactType=pom, org.gradle.status=release} from candidates [{artifactType=pom, org.gradle.status=release}] for {}
2026-08-21T16:48:36.236-0300 [DEBUG] [org.gradle.internal.operations.DefaultBuildOperationRunner] Build operation 'Resolve files of configuration ':detachedConfiguration43'' started
2026-08-21T16:48:36.236-0300 [DEBUG] [org.gradle.internal.operations.DefaultBuildOperationRunner] Completing Build operation 'Resolve files of configuration ':detachedConfiguration43''
2026-08-21T16:48:36.236-0300 [DEBUG] [org.gradle.internal.operations.DefaultBuildOperationRunner] Build operation 'Resolve files of configuration ':detachedConfiguration43'' completed
2026-08-21T16:48:36.236-0300 [DEBUG] [org.gradle.internal.component.model.LoggingAttributeMatchingExplanationBuilder] Selected match {artifactType=pom, org.gradle.status=release} from candidates [{artifactType=pom, org.gradle.status=release}] for {}
2026-08-21T16:48:36.236-0300 [DEBUG] [org.gradle.internal.operations.DefaultBuildOperationRunner] Build operation 'Resolve files of configuration ':detachedConfiguration43'' started
2026-08-21T16:48:36.236-0300 [DEBUG] [org.gradle.internal.operations.DefaultBuildOperationRunner] Build operation 'Resolve apache-35.pom (org.apache:apache:35)' started
2026-08-21T16:48:36.236-0300 [DEBUG] [org.gradle.api.internal.artifacts.ivyservice.ivyresolve.CachingModuleComponentRepository] Found artifact 'apache-35.pom (org.apache:apache:35)' in resolver cache: /Users/claratorres1414/.gradle/caches/modules-2/files-2.1/org.apache/apache/35/a20c027145b2ee59e77ef7dee4881d4ab0a8e07/apache-35.pom
2026-08-21T16:48:36.236-0300 [DEBUG] [org.gradle.internal.operations.DefaultBuildOperationRunner] Completing Build operation 'Resolve apache-35.pom (org.apache:apache:35)'
2026-08-21T16:48:36.236-0300 [DEBUG] [org.gradle.internal.operations.DefaultBuildOperationRunner] Build operation 'Resolve apache-35.pom (org.apache:apache:35)' completed
2026-08-21T16:48:36.236-0300 [DEBUG] [org.gradle.internal.operations.DefaultBuildOperationRunner] Completing Build operation 'Resolve files of configuration ':detachedConfiguration43''
2026-08-21T16:48:36.236-0300 [DEBUG] [org.gradle.internal.operations.DefaultBuildOperationRunner] Build operation 'Resolve files of configuration ':detachedConfiguration43'' completed
2026-08-21T16:48:36.237-0300 [DEBUG] [org.gradle.internal.operations.DefaultBuildOperationRunner] Build operation 'Resolve dependencies of :detachedConfiguration44' started
2026-08-21T16:48:36.237-0300 [DEBUG] [org.gradle.api.internal.artifacts.ivyservice.modulecache.ResolvedArtifactCaches] Reusing in-memory cache for repo 'MavenRepo' [26c913274550a0b2221f47a0fe2d2358].
2026-08-21T16:48:36.237-0300 [DEBUG] [org.gradle.api.internal.artifacts.ivyservice.ivyresolve.RepositoryChainComponentMetaDataResolver] Attempting to resolve component for com.google.protobuf:protobuf-bom:4.34.2 using repositories [MavenRepo]
2026-08-21T16:48:36.237-0300 [DEBUG] [org.gradle.api.internal.artifacts.ivyservice.ivyresolve.CachingModuleComponentRepository] Using cached module metadata for module 'com.google.protobuf:protobuf-bom:4.34.2' in 'MavenRepo'
2026-08-21T16:48:36.237-0300 [DEBUG] [org.gradle.api.internal.artifacts.ivyservice.ivyresolve.RepositoryChainComponentMetaDataResolver] Using com.google.protobuf:protobuf-bom:4.34.2 from org.gradle.api.internal.artifacts.ivyservice.ivyresolve.FilteredModuleComponentRepository@506d267e
2026-08-21T16:48:36.237-0300 [DEBUG] [org.gradle.internal.operations.DefaultBuildOperationRunner] Completing Build operation 'Resolve dependencies of :detachedConfiguration44'
2026-08-21T16:48:36.238-0300 [DEBUG] [org.gradle.internal.operations.DefaultBuildOperationRunner] Build operation 'Resolve dependencies of :detachedConfiguration44' completed
2026-08-21T16:48:36.238-0300 [DEBUG] [org.gradle.internal.component.model.LoggingAttributeMatchingExplanationBuilder] Selected match {artifactType=pom, org.gradle.status=release} from candidates [{artifactType=pom, org.gradle.status=release}] for {}
2026-08-21T16:48:36.238-0300 [DEBUG] [org.gradle.internal.operations.DefaultBuildOperationRunner] Build operation 'Resolve files of configuration ':detachedConfiguration44'' started
2026-08-21T16:48:36.238-0300 [DEBUG] [org.gradle.internal.operations.DefaultBuildOperationRunner] Completing Build operation 'Resolve files of configuration ':detachedConfiguration44''
2026-08-21T16:48:36.238-0300 [DEBUG] [org.gradle.internal.operations.DefaultBuildOperationRunner] Build operation 'Resolve files of configuration ':detachedConfiguration44'' completed
2026-08-21T16:48:36.238-0300 [DEBUG] [org.gradle.internal.component.model.LoggingAttributeMatchingExplanationBuilder] Selected match {artifactType=pom, org.gradle.status=release} from candidates [{artifactType=pom, org.gradle.status=release}] for {}
2026-08-21T16:48:36.238-0300 [DEBUG] [org.gradle.internal.operations.DefaultBuildOperationRunner] Build operation 'Resolve files of configuration ':detachedConfiguration44'' started
2026-08-21T16:48:36.238-0300 [DEBUG] [org.gradle.internal.operations.DefaultBuildOperationRunner] Build operation 'Resolve protobuf-bom-4.34.2.pom (com.google.protobuf:protobuf-bom:4.34.2)' started
2026-08-21T16:48:36.238-0300 [DEBUG] [org.gradle.api.internal.artifacts.ivyservice.ivyresolve.CachingModuleComponentRepository] Found artifact 'protobuf-bom-4.34.2.pom (com.google.protobuf:protobuf-bom:4.34.2)' in resolver cache: /Users/claratorres1414/.gradle/caches/modules-2/files-2.1/com.google.protobuf/protobuf-bom/4.34.2/fc3da9edd4b08cebe82a05faa2c7aa265d4be090/protobuf-bom-4.34.2.pom
2026-08-21T16:48:36.238-0300 [DEBUG] [org.gradle.internal.operations.DefaultBuildOperationRunner] Completing Build operation 'Resolve protobuf-bom-4.34.2.pom (com.google.protobuf:protobuf-bom:4.34.2)'
2026-08-21T16:48:36.238-0300 [DEBUG] [org.gradle.internal.operations.DefaultBuildOperationRunner] Build operation 'Resolve protobuf-bom-4.34.2.pom (com.google.protobuf:protobuf-bom:4.34.2)' completed
2026-08-21T16:48:36.238-0300 [DEBUG] [org.gradle.internal.operations.DefaultBuildOperationRunner] Completing Build operation 'Resolve files of configuration ':detachedConfiguration44''
2026-08-21T16:48:36.238-0300 [DEBUG] [org.gradle.internal.operations.DefaultBuildOperationRunner] Build operation 'Resolve files of configuration ':detachedConfiguration44'' completed
2026-08-21T16:48:36.238-0300 [DEBUG] [org.gradle.internal.operations.DefaultBuildOperationRunner] Build operation 'Resolve dependencies of :detachedConfiguration45' started
2026-08-21T16:48:36.238-0300 [DEBUG] [org.gradle.api.internal.artifacts.ivyservice.modulecache.ResolvedArtifactCaches] Reusing in-memory cache for repo 'MavenRepo' [26c913274550a0b2221f47a0fe2d2358].
2026-08-21T16:48:36.238-0300 [DEBUG] [org.gradle.api.internal.artifacts.ivyservice.ivyresolve.RepositoryChainComponentMetaDataResolver] Attempting to resolve component for com.querydsl:querydsl-bom:5.1.0 using repositories [MavenRepo]
2026-08-21T16:48:36.238-0300 [DEBUG] [org.gradle.api.internal.artifacts.ivyservice.ivyresolve.CachingModuleComponentRepository] Using cached module metadata for module 'com.querydsl:querydsl-bom:5.1.0' in 'MavenRepo'
2026-08-21T16:48:36.238-0300 [DEBUG] [org.gradle.api.internal.artifacts.ivyservice.ivyresolve.RepositoryChainComponentMetaDataResolver] Using com.querydsl:querydsl-bom:5.1.0 from org.gradle.api.internal.artifacts.ivyservice.ivyresolve.FilteredModuleComponentRepository@3cb5fc24
2026-08-21T16:48:36.238-0300 [DEBUG] [org.gradle.internal.operations.DefaultBuildOperationRunner] Completing Build operation 'Resolve dependencies of :detachedConfiguration45'
2026-08-21T16:48:36.239-0300 [DEBUG] [org.gradle.internal.operations.DefaultBuildOperationRunner] Build operation 'Resolve dependencies of :detachedConfiguration45' completed
2026-08-21T16:48:36.239-0300 [DEBUG] [org.gradle.internal.component.model.LoggingAttributeMatchingExplanationBuilder] Selected match {artifactType=pom, org.gradle.status=release} from candidates [{artifactType=pom, org.gradle.status=release}] for {}
2026-08-21T16:48:36.239-0300 [DEBUG] [org.gradle.internal.operations.DefaultBuildOperationRunner] Build operation 'Resolve files of configuration ':detachedConfiguration45'' started
2026-08-21T16:48:36.239-0300 [DEBUG] [org.gradle.internal.operations.DefaultBuildOperationRunner] Completing Build operation 'Resolve files of configuration ':detachedConfiguration45''
2026-08-21T16:48:36.239-0300 [DEBUG] [org.gradle.internal.operations.DefaultBuildOperationRunner] Build operation 'Resolve files of configuration ':detachedConfiguration45'' completed
2026-08-21T16:48:36.239-0300 [DEBUG] [org.gradle.internal.component.model.LoggingAttributeMatchingExplanationBuilder] Selected match {artifactType=pom, org.gradle.status=release} from candidates [{artifactType=pom, org.gradle.status=release}] for {}
2026-08-21T16:48:36.239-0300 [DEBUG] [org.gradle.internal.operations.DefaultBuildOperationRunner] Build operation 'Resolve files of configuration ':detachedConfiguration45'' started
2026-08-21T16:48:36.239-0300 [DEBUG] [org.gradle.internal.operations.DefaultBuildOperationRunner] Build operation 'Resolve querydsl-bom-5.1.0.pom (com.querydsl:querydsl-bom:5.1.0)' started
2026-08-21T16:48:36.239-0300 [DEBUG] [org.gradle.api.internal.artifacts.ivyservice.ivyresolve.CachingModuleComponentRepository] Found artifact 'querydsl-bom-5.1.0.pom (com.querydsl:querydsl-bom:5.1.0)' in resolver cache: /Users/claratorres1414/.gradle/caches/modules-2/files-2.1/com.querydsl/querydsl-bom/5.1.0/3a3cf55132761ec4bf5381f0b458bfc996d70752/querydsl-bom-5.1.0.pom
2026-08-21T16:48:36.239-0300 [DEBUG] [org.gradle.internal.operations.DefaultBuildOperationRunner] Completing Build operation 'Resolve querydsl-bom-5.1.0.pom (com.querydsl:querydsl-bom:5.1.0)'
2026-08-21T16:48:36.239-0300 [DEBUG] [org.gradle.internal.operations.DefaultBuildOperationRunner] Build operation 'Resolve querydsl-bom-5.1.0.pom (com.querydsl:querydsl-bom:5.1.0)' completed
2026-08-21T16:48:36.239-0300 [DEBUG] [org.gradle.internal.operations.DefaultBuildOperationRunner] Completing Build operation 'Resolve files of configuration ':detachedConfiguration45''
2026-08-21T16:48:36.239-0300 [DEBUG] [org.gradle.internal.operations.DefaultBuildOperationRunner] Build operation 'Resolve files of configuration ':detachedConfiguration45'' completed
2026-08-21T16:48:36.239-0300 [DEBUG] [org.gradle.internal.operations.DefaultBuildOperationRunner] Build operation 'Resolve dependencies of :detachedConfiguration46' started
2026-08-21T16:48:36.239-0300 [DEBUG] [org.gradle.api.internal.artifacts.ivyservice.modulecache.ResolvedArtifactCaches] Reusing in-memory cache for repo 'MavenRepo' [26c913274550a0b2221f47a0fe2d2358].
2026-08-21T16:48:36.239-0300 [DEBUG] [org.gradle.api.internal.artifacts.ivyservice.ivyresolve.RepositoryChainComponentMetaDataResolver] Attempting to resolve component for io.projectreactor:reactor-bom:2025.0.6 using repositories [MavenRepo]
2026-08-21T16:48:36.239-0300 [DEBUG] [org.gradle.api.internal.artifacts.ivyservice.ivyresolve.CachingModuleComponentRepository] Using cached module metadata for module 'io.projectreactor:reactor-bom:2025.0.6' in 'MavenRepo'
2026-08-21T16:48:36.240-0300 [DEBUG] [org.gradle.api.internal.artifacts.ivyservice.ivyresolve.RepositoryChainComponentMetaDataResolver] Using io.projectreactor:reactor-bom:2025.0.6 from org.gradle.api.internal.artifacts.ivyservice.ivyresolve.FilteredModuleComponentRepository@52225995
2026-08-21T16:48:36.240-0300 [DEBUG] [org.gradle.internal.operations.DefaultBuildOperationRunner] Completing Build operation 'Resolve dependencies of :detachedConfiguration46'
2026-08-21T16:48:36.240-0300 [DEBUG] [org.gradle.internal.operations.DefaultBuildOperationRunner] Build operation 'Resolve dependencies of :detachedConfiguration46' completed
2026-08-21T16:48:36.240-0300 [DEBUG] [org.gradle.internal.component.model.LoggingAttributeMatchingExplanationBuilder] Selected match {artifactType=pom, org.gradle.status=release} from candidates [{artifactType=pom, org.gradle.status=release}] for {}
2026-08-21T16:48:36.240-0300 [DEBUG] [org.gradle.internal.operations.DefaultBuildOperationRunner] Build operation 'Resolve files of configuration ':detachedConfiguration46'' started
2026-08-21T16:48:36.240-0300 [DEBUG] [org.gradle.internal.operations.DefaultBuildOperationRunner] Completing Build operation 'Resolve files of configuration ':detachedConfiguration46''
2026-08-21T16:48:36.240-0300 [DEBUG] [org.gradle.internal.operations.DefaultBuildOperationRunner] Build operation 'Resolve files of configuration ':detachedConfiguration46'' completed
2026-08-21T16:48:36.240-0300 [DEBUG] [org.gradle.internal.component.model.LoggingAttributeMatchingExplanationBuilder] Selected match {artifactType=pom, org.gradle.status=release} from candidates [{artifactType=pom, org.gradle.status=release}] for {}
2026-08-21T16:48:36.240-0300 [DEBUG] [org.gradle.internal.operations.DefaultBuildOperationRunner] Build operation 'Resolve files of configuration ':detachedConfiguration46'' started
2026-08-21T16:48:36.240-0300 [DEBUG] [org.gradle.internal.operations.DefaultBuildOperationRunner] Build operation 'Resolve reactor-bom-2025.0.6.pom (io.projectreactor:reactor-bom:2025.0.6)' started
2026-08-21T16:48:36.240-0300 [DEBUG] [org.gradle.api.internal.artifacts.ivyservice.ivyresolve.CachingModuleComponentRepository] Found artifact 'reactor-bom-2025.0.6.pom (io.projectreactor:reactor-bom:2025.0.6)' in resolver cache: /Users/claratorres1414/.gradle/caches/modules-2/files-2.1/io.projectreactor/reactor-bom/2025.0.6/e4efc14b3f160c7739431aa0753b7d6496148557/reactor-bom-2025.0.6.pom
2026-08-21T16:48:36.240-0300 [DEBUG] [org.gradle.internal.operations.DefaultBuildOperationRunner] Completing Build operation 'Resolve reactor-bom-2025.0.6.pom (io.projectreactor:reactor-bom:2025.0.6)'
2026-08-21T16:48:36.240-0300 [DEBUG] [org.gradle.internal.operations.DefaultBuildOperationRunner] Build operation 'Resolve reactor-bom-2025.0.6.pom (io.projectreactor:reactor-bom:2025.0.6)' completed
2026-08-21T16:48:36.240-0300 [DEBUG] [org.gradle.internal.operations.DefaultBuildOperationRunner] Completing Build operation 'Resolve files of configuration ':detachedConfiguration46''
2026-08-21T16:48:36.240-0300 [DEBUG] [org.gradle.internal.operations.DefaultBuildOperationRunner] Build operation 'Resolve files of configuration ':detachedConfiguration46'' completed
2026-08-21T16:48:36.240-0300 [DEBUG] [org.gradle.internal.operations.DefaultBuildOperationRunner] Build operation 'Resolve dependencies of :detachedConfiguration47' started
2026-08-21T16:48:36.240-0300 [DEBUG] [org.gradle.api.internal.artifacts.ivyservice.modulecache.ResolvedArtifactCaches] Reusing in-memory cache for repo 'MavenRepo' [26c913274550a0b2221f47a0fe2d2358].
2026-08-21T16:48:36.240-0300 [DEBUG] [org.gradle.api.internal.artifacts.ivyservice.ivyresolve.RepositoryChainComponentMetaDataResolver] Attempting to resolve component for io.rsocket:rsocket-bom:1.1.5 using repositories [MavenRepo]
2026-08-21T16:48:36.240-0300 [DEBUG] [org.gradle.api.internal.artifacts.ivyservice.ivyresolve.CachingModuleComponentRepository] Using cached module metadata for module 'io.rsocket:rsocket-bom:1.1.5' in 'MavenRepo'
2026-08-21T16:48:36.240-0300 [DEBUG] [org.gradle.api.internal.artifacts.ivyservice.ivyresolve.RepositoryChainComponentMetaDataResolver] Using io.rsocket:rsocket-bom:1.1.5 from org.gradle.api.internal.artifacts.ivyservice.ivyresolve.FilteredModuleComponentRepository@47a26cd
2026-08-21T16:48:36.240-0300 [DEBUG] [org.gradle.internal.operations.DefaultBuildOperationRunner] Completing Build operation 'Resolve dependencies of :detachedConfiguration47'
2026-08-21T16:48:36.240-0300 [DEBUG] [org.gradle.internal.operations.DefaultBuildOperationRunner] Build operation 'Resolve dependencies of :detachedConfiguration47' completed
2026-08-21T16:48:36.240-0300 [DEBUG] [org.gradle.internal.component.model.LoggingAttributeMatchingExplanationBuilder] Selected match {artifactType=pom, org.gradle.status=release} from candidates [{artifactType=pom, org.gradle.status=release}] for {}
2026-08-21T16:48:36.241-0300 [DEBUG] [org.gradle.internal.operations.DefaultBuildOperationRunner] Build operation 'Resolve files of configuration ':detachedConfiguration47'' started
2026-08-21T16:48:36.241-0300 [DEBUG] [org.gradle.internal.operations.DefaultBuildOperationRunner] Completing Build operation 'Resolve files of configuration ':detachedConfiguration47''
2026-08-21T16:48:36.241-0300 [DEBUG] [org.gradle.internal.operations.DefaultBuildOperationRunner] Build operation 'Resolve files of configuration ':detachedConfiguration47'' completed
2026-08-21T16:48:36.241-0300 [DEBUG] [org.gradle.internal.component.model.LoggingAttributeMatchingExplanationBuilder] Selected match {artifactType=pom, org.gradle.status=release} from candidates [{artifactType=pom, org.gradle.status=release}] for {}
2026-08-21T16:48:36.241-0300 [DEBUG] [org.gradle.internal.operations.DefaultBuildOperationRunner] Build operation 'Resolve files of configuration ':detachedConfiguration47'' started
2026-08-21T16:48:36.241-0300 [DEBUG] [org.gradle.internal.operations.DefaultBuildOperationRunner] Build operation 'Resolve rsocket-bom-1.1.5.pom (io.rsocket:rsocket-bom:1.1.5)' started
2026-08-21T16:48:36.241-0300 [DEBUG] [org.gradle.api.internal.artifacts.ivyservice.ivyresolve.CachingModuleComponentRepository] Found artifact 'rsocket-bom-1.1.5.pom (io.rsocket:rsocket-bom:1.1.5)' in resolver cache: /Users/claratorres1414/.gradle/caches/modules-2/files-2.1/io.rsocket/rsocket-bom/1.1.5/6624da448f5228f69ec4b29744085f9ed41d0292/rsocket-bom-1.1.5.pom
2026-08-21T16:48:36.241-0300 [DEBUG] [org.gradle.internal.operations.DefaultBuildOperationRunner] Completing Build operation 'Resolve rsocket-bom-1.1.5.pom (io.rsocket:rsocket-bom:1.1.5)'
2026-08-21T16:48:36.241-0300 [DEBUG] [org.gradle.internal.operations.DefaultBuildOperationRunner] Build operation 'Resolve rsocket-bom-1.1.5.pom (io.rsocket:rsocket-bom:1.1.5)' completed
2026-08-21T16:48:36.241-0300 [DEBUG] [org.gradle.internal.operations.DefaultBuildOperationRunner] Completing Build operation 'Resolve files of configuration ':detachedConfiguration47''
2026-08-21T16:48:36.241-0300 [DEBUG] [org.gradle.internal.operations.DefaultBuildOperationRunner] Build operation 'Resolve files of configuration ':detachedConfiguration47'' completed
2026-08-21T16:48:36.241-0300 [DEBUG] [org.gradle.internal.operations.DefaultBuildOperationRunner] Build operation 'Resolve dependencies of :detachedConfiguration48' started
2026-08-21T16:48:36.241-0300 [DEBUG] [org.gradle.api.internal.artifacts.ivyservice.modulecache.ResolvedArtifactCaches] Reusing in-memory cache for repo 'MavenRepo' [26c913274550a0b2221f47a0fe2d2358].
2026-08-21T16:48:36.242-0300 [DEBUG] [org.gradle.api.internal.artifacts.ivyservice.ivyresolve.RepositoryChainComponentMetaDataResolver] Attempting to resolve component for org.seleniumhq.selenium:selenium-bom:4.43.0 using repositories [MavenRepo]
2026-08-21T16:48:36.242-0300 [DEBUG] [org.gradle.api.internal.artifacts.ivyservice.ivyresolve.CachingModuleComponentRepository] Using cached module metadata for module 'org.seleniumhq.selenium:selenium-bom:4.43.0' in 'MavenRepo'
2026-08-21T16:48:36.242-0300 [DEBUG] [org.gradle.api.internal.artifacts.ivyservice.ivyresolve.RepositoryChainComponentMetaDataResolver] Using org.seleniumhq.selenium:selenium-bom:4.43.0 from org.gradle.api.internal.artifacts.ivyservice.ivyresolve.FilteredModuleComponentRepository@5f22f2e8
2026-08-21T16:48:36.242-0300 [DEBUG] [org.gradle.internal.operations.DefaultBuildOperationRunner] Completing Build operation 'Resolve dependencies of :detachedConfiguration48'
2026-08-21T16:48:36.242-0300 [DEBUG] [org.gradle.internal.operations.DefaultBuildOperationRunner] Build operation 'Resolve dependencies of :detachedConfiguration48' completed
2026-08-21T16:48:36.242-0300 [DEBUG] [org.gradle.internal.component.model.LoggingAttributeMatchingExplanationBuilder] Selected match {artifactType=pom, org.gradle.status=release} from candidates [{artifactType=pom, org.gradle.status=release}] for {}
2026-08-21T16:48:36.242-0300 [DEBUG] [org.gradle.internal.operations.DefaultBuildOperationRunner] Build operation 'Resolve files of configuration ':detachedConfiguration48'' started
2026-08-21T16:48:36.242-0300 [DEBUG] [org.gradle.internal.operations.DefaultBuildOperationRunner] Completing Build operation 'Resolve files of configuration ':detachedConfiguration48''
2026-08-21T16:48:36.242-0300 [DEBUG] [org.gradle.internal.operations.DefaultBuildOperationRunner] Build operation 'Resolve files of configuration ':detachedConfiguration48'' completed
2026-08-21T16:48:36.242-0300 [DEBUG] [org.gradle.internal.component.model.LoggingAttributeMatchingExplanationBuilder] Selected match {artifactType=pom, org.gradle.status=release} from candidates [{artifactType=pom, org.gradle.status=release}] for {}
2026-08-21T16:48:36.242-0300 [DEBUG] [org.gradle.internal.operations.DefaultBuildOperationRunner] Build operation 'Resolve files of configuration ':detachedConfiguration48'' started
2026-08-21T16:48:36.242-0300 [DEBUG] [org.gradle.internal.operations.DefaultBuildOperationRunner] Build operation 'Resolve selenium-bom-4.43.0.pom (org.seleniumhq.selenium:selenium-bom:4.43.0)' started
2026-08-21T16:48:36.242-0300 [DEBUG] [org.gradle.api.internal.artifacts.ivyservice.ivyresolve.CachingModuleComponentRepository] Found artifact 'selenium-bom-4.43.0.pom (org.seleniumhq.selenium:selenium-bom:4.43.0)' in resolver cache: /Users/claratorres1414/.gradle/caches/modules-2/files-2.1/org.seleniumhq.selenium/selenium-bom/4.43.0/203277d60f4a48700a85e74e11f55c5ca043043/selenium-bom-4.43.0.pom
2026-08-21T16:48:36.242-0300 [DEBUG] [org.gradle.internal.operations.DefaultBuildOperationRunner] Completing Build operation 'Resolve selenium-bom-4.43.0.pom (org.seleniumhq.selenium:selenium-bom:4.43.0)'
2026-08-21T16:48:36.242-0300 [DEBUG] [org.gradle.internal.operations.DefaultBuildOperationRunner] Build operation 'Resolve selenium-bom-4.43.0.pom (org.seleniumhq.selenium:selenium-bom:4.43.0)' completed
2026-08-21T16:48:36.242-0300 [DEBUG] [org.gradle.internal.operations.DefaultBuildOperationRunner] Completing Build operation 'Resolve files of configuration ':detachedConfiguration48''
2026-08-21T16:48:36.242-0300 [DEBUG] [org.gradle.internal.operations.DefaultBuildOperationRunner] Build operation 'Resolve files of configuration ':detachedConfiguration48'' completed
2026-08-21T16:48:36.242-0300 [DEBUG] [org.gradle.internal.operations.DefaultBuildOperationRunner] Build operation 'Resolve dependencies of :detachedConfiguration49' started
2026-08-21T16:48:36.242-0300 [DEBUG] [org.gradle.api.internal.artifacts.ivyservice.modulecache.ResolvedArtifactCaches] Reusing in-memory cache for repo 'MavenRepo' [26c913274550a0b2221f47a0fe2d2358].
2026-08-21T16:48:36.242-0300 [DEBUG] [org.gradle.api.internal.artifacts.ivyservice.ivyresolve.RepositoryChainComponentMetaDataResolver] Attempting to resolve component for org.springframework.amqp:spring-amqp-bom:4.1.0 using repositories [MavenRepo]
2026-08-21T16:48:36.242-0300 [DEBUG] [org.gradle.api.internal.artifacts.ivyservice.ivyresolve.CachingModuleComponentRepository] Using cached module metadata for module 'org.springframework.amqp:spring-amqp-bom:4.1.0' in 'MavenRepo'
2026-08-21T16:48:36.242-0300 [DEBUG] [org.gradle.api.internal.artifacts.ivyservice.ivyresolve.RepositoryChainComponentMetaDataResolver] Using org.springframework.amqp:spring-amqp-bom:4.1.0 from org.gradle.api.internal.artifacts.ivyservice.ivyresolve.FilteredModuleComponentRepository@708f4b9e
2026-08-21T16:48:36.242-0300 [DEBUG] [org.gradle.internal.operations.DefaultBuildOperationRunner] Completing Build operation 'Resolve dependencies of :detachedConfiguration49'
2026-08-21T16:48:36.242-0300 [DEBUG] [org.gradle.internal.operations.DefaultBuildOperationRunner] Build operation 'Resolve dependencies of :detachedConfiguration49' completed
2026-08-21T16:48:36.242-0300 [DEBUG] [org.gradle.internal.component.model.LoggingAttributeMatchingExplanationBuilder] Selected match {artifactType=pom, org.gradle.status=release} from candidates [{artifactType=pom, org.gradle.status=release}] for {}
2026-08-21T16:48:36.243-0300 [DEBUG] [org.gradle.internal.operations.DefaultBuildOperationRunner] Build operation 'Resolve files of configuration ':detachedConfiguration49'' started
2026-08-21T16:48:36.243-0300 [DEBUG] [org.gradle.internal.operations.DefaultBuildOperationRunner] Completing Build operation 'Resolve files of configuration ':detachedConfiguration49''
2026-08-21T16:48:36.243-0300 [DEBUG] [org.gradle.internal.operations.DefaultBuildOperationRunner] Build operation 'Resolve files of configuration ':detachedConfiguration49'' completed
2026-08-21T16:48:36.243-0300 [DEBUG] [org.gradle.internal.component.model.LoggingAttributeMatchingExplanationBuilder] Selected match {artifactType=pom, org.gradle.status=release} from candidates [{artifactType=pom, org.gradle.status=release}] for {}
2026-08-21T16:48:36.243-0300 [DEBUG] [org.gradle.internal.operations.DefaultBuildOperationRunner] Build operation 'Resolve files of configuration ':detachedConfiguration49'' started
2026-08-21T16:48:36.243-0300 [DEBUG] [org.gradle.internal.operations.DefaultBuildOperationRunner] Build operation 'Resolve spring-amqp-bom-4.1.0.pom (org.springframework.amqp:spring-amqp-bom:4.1.0)' started
2026-08-21T16:48:36.243-0300 [DEBUG] [org.gradle.api.internal.artifacts.ivyservice.ivyresolve.CachingModuleComponentRepository] Found artifact 'spring-amqp-bom-4.1.0.pom (org.springframework.amqp:spring-amqp-bom:4.1.0)' in resolver cache: /Users/claratorres1414/.gradle/caches/modules-2/files-2.1/org.springframework.amqp/spring-amqp-bom/4.1.0/a1f27318b764aac5a2524ef2848b10a6a1e76e2d/spring-amqp-bom-4.1.0.pom
2026-08-21T16:48:36.243-0300 [DEBUG] [org.gradle.internal.operations.DefaultBuildOperationRunner] Completing Build operation 'Resolve spring-amqp-bom-4.1.0.pom (org.springframework.amqp:spring-amqp-bom:4.1.0)'
2026-08-21T16:48:36.243-0300 [DEBUG] [org.gradle.internal.operations.DefaultBuildOperationRunner] Build operation 'Resolve spring-amqp-bom-4.1.0.pom (org.springframework.amqp:spring-amqp-bom:4.1.0)' completed
2026-08-21T16:48:36.243-0300 [DEBUG] [org.gradle.internal.operations.DefaultBuildOperationRunner] Completing Build operation 'Resolve files of configuration ':detachedConfiguration49''
2026-08-21T16:48:36.243-0300 [DEBUG] [org.gradle.internal.operations.DefaultBuildOperationRunner] Build operation 'Resolve files of configuration ':detachedConfiguration49'' completed
2026-08-21T16:48:36.243-0300 [DEBUG] [org.gradle.internal.operations.DefaultBuildOperationRunner] Build operation 'Resolve dependencies of :detachedConfiguration50' started
2026-08-21T16:48:36.243-0300 [DEBUG] [org.gradle.api.internal.artifacts.ivyservice.modulecache.ResolvedArtifactCaches] Reusing in-memory cache for repo 'MavenRepo' [26c913274550a0b2221f47a0fe2d2358].
2026-08-21T16:48:36.244-0300 [DEBUG] [org.gradle.api.internal.artifacts.ivyservice.ivyresolve.RepositoryChainComponentMetaDataResolver] Attempting to resolve component for org.springframework.batch:spring-batch-bom:6.0.4 using repositories [MavenRepo]
2026-08-21T16:48:36.244-0300 [DEBUG] [org.gradle.api.internal.artifacts.ivyservice.ivyresolve.CachingModuleComponentRepository] Using cached module metadata for module 'org.springframework.batch:spring-batch-bom:6.0.4' in 'MavenRepo'
2026-08-21T16:48:36.244-0300 [DEBUG] [org.gradle.api.internal.artifacts.ivyservice.ivyresolve.RepositoryChainComponentMetaDataResolver] Using org.springframework.batch:spring-batch-bom:6.0.4 from org.gradle.api.internal.artifacts.ivyservice.ivyresolve.FilteredModuleComponentRepository@22d1cb38
2026-08-21T16:48:36.244-0300 [DEBUG] [org.gradle.internal.operations.DefaultBuildOperationRunner] Completing Build operation 'Resolve dependencies of :detachedConfiguration50'
2026-08-21T16:48:36.244-0300 [DEBUG] [org.gradle.internal.operations.DefaultBuildOperationRunner] Build operation 'Resolve dependencies of :detachedConfiguration50' completed
2026-08-21T16:48:36.244-0300 [DEBUG] [org.gradle.internal.component.model.LoggingAttributeMatchingExplanationBuilder] Selected match {artifactType=pom, org.gradle.status=release} from candidates [{artifactType=pom, org.gradle.status=release}] for {}
2026-08-21T16:48:36.244-0300 [DEBUG] [org.gradle.internal.operations.DefaultBuildOperationRunner] Build operation 'Resolve files of configuration ':detachedConfiguration50'' started
2026-08-21T16:48:36.244-0300 [DEBUG] [org.gradle.internal.operations.DefaultBuildOperationRunner] Completing Build operation 'Resolve files of configuration ':detachedConfiguration50''
2026-08-21T16:48:36.244-0300 [DEBUG] [org.gradle.internal.operations.DefaultBuildOperationRunner] Build operation 'Resolve files of configuration ':detachedConfiguration50'' completed
2026-08-21T16:48:36.244-0300 [DEBUG] [org.gradle.internal.component.model.LoggingAttributeMatchingExplanationBuilder] Selected match {artifactType=pom, org.gradle.status=release} from candidates [{artifactType=pom, org.gradle.status=release}] for {}
2026-08-21T16:48:36.244-0300 [DEBUG] [org.gradle.internal.operations.DefaultBuildOperationRunner] Build operation 'Resolve files of configuration ':detachedConfiguration50'' started
2026-08-21T16:48:36.244-0300 [DEBUG] [org.gradle.internal.operations.DefaultBuildOperationRunner] Build operation 'Resolve spring-batch-bom-6.0.4.pom (org.springframework.batch:spring-batch-bom:6.0.4)' started
2026-08-21T16:48:36.244-0300 [DEBUG] [org.gradle.api.internal.artifacts.ivyservice.ivyresolve.CachingModuleComponentRepository] Found artifact 'spring-batch-bom-6.0.4.pom (org.springframework.batch:spring-batch-bom:6.0.4)' in resolver cache: /Users/claratorres1414/.gradle/caches/modules-2/files-2.1/org.springframework.batch/spring-batch-bom/6.0.4/9a87ade2d375b6a9bd02d56704e63c93456f9cb7/spring-batch-bom-6.0.4.pom
2026-08-21T16:48:36.244-0300 [DEBUG] [org.gradle.internal.operations.DefaultBuildOperationRunner] Completing Build operation 'Resolve spring-batch-bom-6.0.4.pom (org.springframework.batch:spring-batch-bom:6.0.4)'
2026-08-21T16:48:36.244-0300 [DEBUG] [org.gradle.internal.operations.DefaultBuildOperationRunner] Build operation 'Resolve spring-batch-bom-6.0.4.pom (org.springframework.batch:spring-batch-bom:6.0.4)' completed
2026-08-21T16:48:36.244-0300 [DEBUG] [org.gradle.internal.operations.DefaultBuildOperationRunner] Completing Build operation 'Resolve files of configuration ':detachedConfiguration50''
2026-08-21T16:48:36.244-0300 [DEBUG] [org.gradle.internal.operations.DefaultBuildOperationRunner] Build operation 'Resolve files of configuration ':detachedConfiguration50'' completed
2026-08-21T16:48:36.245-0300 [DEBUG] [org.gradle.internal.operations.DefaultBuildOperationRunner] Build operation 'Resolve dependencies of :detachedConfiguration51' started
2026-08-21T16:48:36.245-0300 [DEBUG] [org.gradle.api.internal.artifacts.ivyservice.modulecache.ResolvedArtifactCaches] Reusing in-memory cache for repo 'MavenRepo' [26c913274550a0b2221f47a0fe2d2358].
2026-08-21T16:48:36.245-0300 [DEBUG] [org.gradle.api.internal.artifacts.ivyservice.ivyresolve.RepositoryChainComponentMetaDataResolver] Attempting to resolve component for org.springframework.data:spring-data-bom:2026.0.0 using repositories [MavenRepo]
2026-08-21T16:48:36.245-0300 [DEBUG] [org.gradle.api.internal.artifacts.ivyservice.ivyresolve.CachingModuleComponentRepository] Using cached module metadata for module 'org.springframework.data:spring-data-bom:2026.0.0' in 'MavenRepo'
2026-08-21T16:48:36.245-0300 [DEBUG] [org.gradle.api.internal.artifacts.ivyservice.ivyresolve.RepositoryChainComponentMetaDataResolver] Using org.springframework.data:spring-data-bom:2026.0.0 from org.gradle.api.internal.artifacts.ivyservice.ivyresolve.FilteredModuleComponentRepository@206482eb
2026-08-21T16:48:36.245-0300 [DEBUG] [org.gradle.internal.operations.DefaultBuildOperationRunner] Completing Build operation 'Resolve dependencies of :detachedConfiguration51'
2026-08-21T16:48:36.245-0300 [DEBUG] [org.gradle.internal.operations.DefaultBuildOperationRunner] Build operation 'Resolve dependencies of :detachedConfiguration51' completed
2026-08-21T16:48:36.245-0300 [DEBUG] [org.gradle.internal.component.model.LoggingAttributeMatchingExplanationBuilder] Selected match {artifactType=pom, org.gradle.status=release} from candidates [{artifactType=pom, org.gradle.status=release}] for {}
2026-08-21T16:48:36.245-0300 [DEBUG] [org.gradle.internal.operations.DefaultBuildOperationRunner] Build operation 'Resolve files of configuration ':detachedConfiguration51'' started
2026-08-21T16:48:36.245-0300 [DEBUG] [org.gradle.internal.operations.DefaultBuildOperationRunner] Completing Build operation 'Resolve files of configuration ':detachedConfiguration51''
2026-08-21T16:48:36.245-0300 [DEBUG] [org.gradle.internal.operations.DefaultBuildOperationRunner] Build operation 'Resolve files of configuration ':detachedConfiguration51'' completed
2026-08-21T16:48:36.245-0300 [DEBUG] [org.gradle.internal.component.model.LoggingAttributeMatchingExplanationBuilder] Selected match {artifactType=pom, org.gradle.status=release} from candidates [{artifactType=pom, org.gradle.status=release}] for {}
2026-08-21T16:48:36.245-0300 [DEBUG] [org.gradle.internal.operations.DefaultBuildOperationRunner] Build operation 'Resolve files of configuration ':detachedConfiguration51'' started
2026-08-21T16:48:36.245-0300 [DEBUG] [org.gradle.internal.operations.DefaultBuildOperationRunner] Build operation 'Resolve spring-data-bom-2026.0.0.pom (org.springframework.data:spring-data-bom:2026.0.0)' started
2026-08-21T16:48:36.245-0300 [DEBUG] [org.gradle.api.internal.artifacts.ivyservice.ivyresolve.CachingModuleComponentRepository] Found artifact 'spring-data-bom-2026.0.0.pom (org.springframework.data:spring-data-bom:2026.0.0)' in resolver cache: /Users/claratorres1414/.gradle/caches/modules-2/files-2.1/org.springframework.data/spring-data-bom/2026.0.0/fb379ec2a5366e3def2dc6612a7674ea52d98664/spring-data-bom-2026.0.0.pom
2026-08-21T16:48:36.245-0300 [DEBUG] [org.gradle.internal.operations.DefaultBuildOperationRunner] Completing Build operation 'Resolve spring-data-bom-2026.0.0.pom (org.springframework.data:spring-data-bom:2026.0.0)'
2026-08-21T16:48:36.245-0300 [DEBUG] [org.gradle.internal.operations.DefaultBuildOperationRunner] Build operation 'Resolve spring-data-bom-2026.0.0.pom (org.springframework.data:spring-data-bom:2026.0.0)' completed
2026-08-21T16:48:36.245-0300 [DEBUG] [org.gradle.internal.operations.DefaultBuildOperationRunner] Completing Build operation 'Resolve files of configuration ':detachedConfiguration51''
2026-08-21T16:48:36.245-0300 [DEBUG] [org.gradle.internal.operations.DefaultBuildOperationRunner] Build operation 'Resolve files of configuration ':detachedConfiguration51'' completed
2026-08-21T16:48:36.246-0300 [DEBUG] [org.gradle.internal.operations.DefaultBuildOperationRunner] Build operation 'Resolve dependencies of :detachedConfiguration52' started
2026-08-21T16:48:36.246-0300 [DEBUG] [org.gradle.api.internal.artifacts.ivyservice.modulecache.ResolvedArtifactCaches] Reusing in-memory cache for repo 'MavenRepo' [26c913274550a0b2221f47a0fe2d2358].
2026-08-21T16:48:36.246-0300 [DEBUG] [org.gradle.api.internal.artifacts.ivyservice.ivyresolve.RepositoryChainComponentMetaDataResolver] Attempting to resolve component for org.springframework:spring-framework-bom:7.0.8 using repositories [MavenRepo]
2026-08-21T16:48:36.246-0300 [DEBUG] [org.gradle.api.internal.artifacts.ivyservice.ivyresolve.CachingModuleComponentRepository] Using cached module metadata for module 'org.springframework:spring-framework-bom:7.0.8' in 'MavenRepo'
2026-08-21T16:48:36.246-0300 [DEBUG] [org.gradle.api.internal.artifacts.ivyservice.ivyresolve.RepositoryChainComponentMetaDataResolver] Using org.springframework:spring-framework-bom:7.0.8 from org.gradle.api.internal.artifacts.ivyservice.ivyresolve.FilteredModuleComponentRepository@6e9dd900
2026-08-21T16:48:36.246-0300 [DEBUG] [org.gradle.internal.operations.DefaultBuildOperationRunner] Completing Build operation 'Resolve dependencies of :detachedConfiguration52'
2026-08-21T16:48:36.246-0300 [DEBUG] [org.gradle.internal.operations.DefaultBuildOperationRunner] Build operation 'Resolve dependencies of :detachedConfiguration52' completed
2026-08-21T16:48:36.246-0300 [DEBUG] [org.gradle.internal.component.model.LoggingAttributeMatchingExplanationBuilder] Selected match {artifactType=pom, org.gradle.status=release} from candidates [{artifactType=pom, org.gradle.status=release}] for {}
2026-08-21T16:48:36.246-0300 [DEBUG] [org.gradle.internal.operations.DefaultBuildOperationRunner] Build operation 'Resolve files of configuration ':detachedConfiguration52'' started
2026-08-21T16:48:36.246-0300 [DEBUG] [org.gradle.internal.operations.DefaultBuildOperationRunner] Completing Build operation 'Resolve files of configuration ':detachedConfiguration52''
2026-08-21T16:48:36.246-0300 [DEBUG] [org.gradle.internal.operations.DefaultBuildOperationRunner] Build operation 'Resolve files of configuration ':detachedConfiguration52'' completed
2026-08-21T16:48:36.246-0300 [DEBUG] [org.gradle.internal.component.model.LoggingAttributeMatchingExplanationBuilder] Selected match {artifactType=pom, org.gradle.status=release} from candidates [{artifactType=pom, org.gradle.status=release}] for {}
2026-08-21T16:48:36.246-0300 [DEBUG] [org.gradle.internal.operations.DefaultBuildOperationRunner] Build operation 'Resolve files of configuration ':detachedConfiguration52'' started
2026-08-21T16:48:36.246-0300 [DEBUG] [org.gradle.internal.operations.DefaultBuildOperationRunner] Build operation 'Resolve spring-framework-bom-7.0.8.pom (org.springframework:spring-framework-bom:7.0.8)' started
2026-08-21T16:48:36.246-0300 [DEBUG] [org.gradle.api.internal.artifacts.ivyservice.ivyresolve.CachingModuleComponentRepository] Found artifact 'spring-framework-bom-7.0.8.pom (org.springframework:spring-framework-bom:7.0.8)' in resolver cache: /Users/claratorres1414/.gradle/caches/modules-2/files-2.1/org.springframework/spring-framework-bom/7.0.8/642b28dde170b5bd9f052274623481aad83208c2/spring-framework-bom-7.0.8.pom
2026-08-21T16:48:36.246-0300 [DEBUG] [org.gradle.internal.operations.DefaultBuildOperationRunner] Completing Build operation 'Resolve spring-framework-bom-7.0.8.pom (org.springframework:spring-framework-bom:7.0.8)'
2026-08-21T16:48:36.246-0300 [DEBUG] [org.gradle.internal.operations.DefaultBuildOperationRunner] Build operation 'Resolve spring-framework-bom-7.0.8.pom (org.springframework:spring-framework-bom:7.0.8)' completed
2026-08-21T16:48:36.246-0300 [DEBUG] [org.gradle.internal.operations.DefaultBuildOperationRunner] Completing Build operation 'Resolve files of configuration ':detachedConfiguration52''
2026-08-21T16:48:36.246-0300 [DEBUG] [org.gradle.internal.operations.DefaultBuildOperationRunner] Build operation 'Resolve files of configuration ':detachedConfiguration52'' completed
2026-08-21T16:48:36.247-0300 [DEBUG] [org.gradle.internal.operations.DefaultBuildOperationRunner] Build operation 'Resolve dependencies of :detachedConfiguration53' started
2026-08-21T16:48:36.247-0300 [DEBUG] [org.gradle.api.internal.artifacts.ivyservice.modulecache.ResolvedArtifactCaches] Reusing in-memory cache for repo 'MavenRepo' [26c913274550a0b2221f47a0fe2d2358].
2026-08-21T16:48:36.247-0300 [DEBUG] [org.gradle.api.internal.artifacts.ivyservice.ivyresolve.RepositoryChainComponentMetaDataResolver] Attempting to resolve component for org.springframework.integration:spring-integration-bom:7.1.0 using repositories [MavenRepo]
2026-08-21T16:48:36.247-0300 [DEBUG] [org.gradle.api.internal.artifacts.ivyservice.ivyresolve.CachingModuleComponentRepository] Using cached module metadata for module 'org.springframework.integration:spring-integration-bom:7.1.0' in 'MavenRepo'
2026-08-21T16:48:36.247-0300 [DEBUG] [org.gradle.api.internal.artifacts.ivyservice.ivyresolve.RepositoryChainComponentMetaDataResolver] Using org.springframework.integration:spring-integration-bom:7.1.0 from org.gradle.api.internal.artifacts.ivyservice.ivyresolve.FilteredModuleComponentRepository@533774f6
2026-08-21T16:48:36.247-0300 [DEBUG] [org.gradle.internal.operations.DefaultBuildOperationRunner] Completing Build operation 'Resolve dependencies of :detachedConfiguration53'
2026-08-21T16:48:36.247-0300 [DEBUG] [org.gradle.internal.operations.DefaultBuildOperationRunner] Build operation 'Resolve dependencies of :detachedConfiguration53' completed
2026-08-21T16:48:36.247-0300 [DEBUG] [org.gradle.internal.component.model.LoggingAttributeMatchingExplanationBuilder] Selected match {artifactType=pom, org.gradle.status=release} from candidates [{artifactType=pom, org.gradle.status=release}] for {}
2026-08-21T16:48:36.247-0300 [DEBUG] [org.gradle.internal.operations.DefaultBuildOperationRunner] Build operation 'Resolve files of configuration ':detachedConfiguration53'' started
2026-08-21T16:48:36.247-0300 [DEBUG] [org.gradle.internal.operations.DefaultBuildOperationRunner] Completing Build operation 'Resolve files of configuration ':detachedConfiguration53''
2026-08-21T16:48:36.247-0300 [DEBUG] [org.gradle.internal.operations.DefaultBuildOperationRunner] Build operation 'Resolve files of configuration ':detachedConfiguration53'' completed
2026-08-21T16:48:36.247-0300 [DEBUG] [org.gradle.internal.component.model.LoggingAttributeMatchingExplanationBuilder] Selected match {artifactType=pom, org.gradle.status=release} from candidates [{artifactType=pom, org.gradle.status=release}] for {}
2026-08-21T16:48:36.247-0300 [DEBUG] [org.gradle.internal.operations.DefaultBuildOperationRunner] Build operation 'Resolve files of configuration ':detachedConfiguration53'' started
2026-08-21T16:48:36.247-0300 [DEBUG] [org.gradle.internal.operations.DefaultBuildOperationRunner] Build operation 'Resolve spring-integration-bom-7.1.0.pom (org.springframework.integration:spring-integration-bom:7.1.0)' started
2026-08-21T16:48:36.248-0300 [DEBUG] [org.gradle.api.internal.artifacts.ivyservice.ivyresolve.CachingModuleComponentRepository] Found artifact 'spring-integration-bom-7.1.0.pom (org.springframework.integration:spring-integration-bom:7.1.0)' in resolver cache: /Users/claratorres1414/.gradle/caches/modules-2/files-2.1/org.springframework.integration/spring-integration-bom/7.1.0/67ae0cee8dfd5b5f93b88c2be479a3539de77bd/spring-integration-bom-7.1.0.pom
2026-08-21T16:48:36.248-0300 [DEBUG] [org.gradle.internal.operations.DefaultBuildOperationRunner] Completing Build operation 'Resolve spring-integration-bom-7.1.0.pom (org.springframework.integration:spring-integration-bom:7.1.0)'
2026-08-21T16:48:36.248-0300 [DEBUG] [org.gradle.internal.operations.DefaultBuildOperationRunner] Build operation 'Resolve spring-integration-bom-7.1.0.pom (org.springframework.integration:spring-integration-bom:7.1.0)' completed
2026-08-21T16:48:36.248-0300 [DEBUG] [org.gradle.internal.operations.DefaultBuildOperationRunner] Completing Build operation 'Resolve files of configuration ':detachedConfiguration53''
2026-08-21T16:48:36.248-0300 [DEBUG] [org.gradle.internal.operations.DefaultBuildOperationRunner] Build operation 'Resolve files of configuration ':detachedConfiguration53'' completed
2026-08-21T16:48:36.248-0300 [DEBUG] [org.gradle.internal.operations.DefaultBuildOperationRunner] Build operation 'Resolve dependencies of :detachedConfiguration54' started
2026-08-21T16:48:36.248-0300 [DEBUG] [org.gradle.api.internal.artifacts.ivyservice.modulecache.ResolvedArtifactCaches] Reusing in-memory cache for repo 'MavenRepo' [26c913274550a0b2221f47a0fe2d2358].
2026-08-21T16:48:36.248-0300 [DEBUG] [org.gradle.api.internal.artifacts.ivyservice.ivyresolve.RepositoryChainComponentMetaDataResolver] Attempting to resolve component for org.springframework.pulsar:spring-pulsar-bom:2.0.6 using repositories [MavenRepo]
2026-08-21T16:48:36.248-0300 [DEBUG] [org.gradle.api.internal.artifacts.ivyservice.ivyresolve.CachingModuleComponentRepository] Using cached module metadata for module 'org.springframework.pulsar:spring-pulsar-bom:2.0.6' in 'MavenRepo'
2026-08-21T16:48:36.248-0300 [DEBUG] [org.gradle.api.internal.artifacts.ivyservice.ivyresolve.RepositoryChainComponentMetaDataResolver] Using org.springframework.pulsar:spring-pulsar-bom:2.0.6 from org.gradle.api.internal.artifacts.ivyservice.ivyresolve.FilteredModuleComponentRepository@5156a8e
2026-08-21T16:48:36.248-0300 [DEBUG] [org.gradle.internal.operations.DefaultBuildOperationRunner] Completing Build operation 'Resolve dependencies of :detachedConfiguration54'
2026-08-21T16:48:36.248-0300 [DEBUG] [org.gradle.internal.operations.DefaultBuildOperationRunner] Build operation 'Resolve dependencies of :detachedConfiguration54' completed
2026-08-21T16:48:36.248-0300 [DEBUG] [org.gradle.internal.component.model.LoggingAttributeMatchingExplanationBuilder] Selected match {artifactType=pom, org.gradle.status=release} from candidates [{artifactType=pom, org.gradle.status=release}] for {}
2026-08-21T16:48:36.248-0300 [DEBUG] [org.gradle.internal.operations.DefaultBuildOperationRunner] Build operation 'Resolve files of configuration ':detachedConfiguration54'' started
2026-08-21T16:48:36.248-0300 [DEBUG] [org.gradle.internal.operations.DefaultBuildOperationRunner] Completing Build operation 'Resolve files of configuration ':detachedConfiguration54''
2026-08-21T16:48:36.249-0300 [DEBUG] [org.gradle.internal.operations.DefaultBuildOperationRunner] Build operation 'Resolve files of configuration ':detachedConfiguration54'' completed
2026-08-21T16:48:36.249-0300 [DEBUG] [org.gradle.internal.component.model.LoggingAttributeMatchingExplanationBuilder] Selected match {artifactType=pom, org.gradle.status=release} from candidates [{artifactType=pom, org.gradle.status=release}] for {}
2026-08-21T16:48:36.249-0300 [DEBUG] [org.gradle.internal.operations.DefaultBuildOperationRunner] Build operation 'Resolve files of configuration ':detachedConfiguration54'' started
2026-08-21T16:48:36.249-0300 [DEBUG] [org.gradle.internal.operations.DefaultBuildOperationRunner] Build operation 'Resolve spring-pulsar-bom-2.0.6.pom (org.springframework.pulsar:spring-pulsar-bom:2.0.6)' started
2026-08-21T16:48:36.249-0300 [DEBUG] [org.gradle.api.internal.artifacts.ivyservice.ivyresolve.CachingModuleComponentRepository] Found artifact 'spring-pulsar-bom-2.0.6.pom (org.springframework.pulsar:spring-pulsar-bom:2.0.6)' in resolver cache: /Users/claratorres1414/.gradle/caches/modules-2/files-2.1/org.springframework.pulsar/spring-pulsar-bom/2.0.6/b241c30836a09a427897126c55a9cb6029158967/spring-pulsar-bom-2.0.6.pom
2026-08-21T16:48:36.249-0300 [DEBUG] [org.gradle.internal.operations.DefaultBuildOperationRunner] Completing Build operation 'Resolve spring-pulsar-bom-2.0.6.pom (org.springframework.pulsar:spring-pulsar-bom:2.0.6)'
2026-08-21T16:48:36.249-0300 [DEBUG] [org.gradle.internal.operations.DefaultBuildOperationRunner] Build operation 'Resolve spring-pulsar-bom-2.0.6.pom (org.springframework.pulsar:spring-pulsar-bom:2.0.6)' completed
2026-08-21T16:48:36.249-0300 [DEBUG] [org.gradle.internal.operations.DefaultBuildOperationRunner] Completing Build operation 'Resolve files of configuration ':detachedConfiguration54''
2026-08-21T16:48:36.249-0300 [DEBUG] [org.gradle.internal.operations.DefaultBuildOperationRunner] Build operation 'Resolve files of configuration ':detachedConfiguration54'' completed
2026-08-21T16:48:36.249-0300 [DEBUG] [org.gradle.internal.operations.DefaultBuildOperationRunner] Build operation 'Resolve dependencies of :detachedConfiguration55' started
2026-08-21T16:48:36.249-0300 [DEBUG] [org.gradle.api.internal.artifacts.ivyservice.modulecache.ResolvedArtifactCaches] Reusing in-memory cache for repo 'MavenRepo' [26c913274550a0b2221f47a0fe2d2358].
2026-08-21T16:48:36.249-0300 [DEBUG] [org.gradle.api.internal.artifacts.ivyservice.ivyresolve.RepositoryChainComponentMetaDataResolver] Attempting to resolve component for org.springframework.restdocs:spring-restdocs-bom:4.0.1 using repositories [MavenRepo]
2026-08-21T16:48:36.249-0300 [DEBUG] [org.gradle.api.internal.artifacts.ivyservice.ivyresolve.CachingModuleComponentRepository] Using cached module metadata for module 'org.springframework.restdocs:spring-restdocs-bom:4.0.1' in 'MavenRepo'
2026-08-21T16:48:36.249-0300 [DEBUG] [org.gradle.api.internal.artifacts.ivyservice.ivyresolve.RepositoryChainComponentMetaDataResolver] Using org.springframework.restdocs:spring-restdocs-bom:4.0.1 from org.gradle.api.internal.artifacts.ivyservice.ivyresolve.FilteredModuleComponentRepository@72a6011b
2026-08-21T16:48:36.249-0300 [DEBUG] [org.gradle.internal.operations.DefaultBuildOperationRunner] Completing Build operation 'Resolve dependencies of :detachedConfiguration55'
2026-08-21T16:48:36.249-0300 [DEBUG] [org.gradle.internal.operations.DefaultBuildOperationRunner] Build operation 'Resolve dependencies of :detachedConfiguration55' completed
2026-08-21T16:48:36.249-0300 [DEBUG] [org.gradle.internal.component.model.LoggingAttributeMatchingExplanationBuilder] Selected match {artifactType=pom, org.gradle.status=release} from candidates [{artifactType=pom, org.gradle.status=release}] for {}
2026-08-21T16:48:36.249-0300 [DEBUG] [org.gradle.internal.operations.DefaultBuildOperationRunner] Build operation 'Resolve files of configuration ':detachedConfiguration55'' started
2026-08-21T16:48:36.249-0300 [DEBUG] [org.gradle.internal.operations.DefaultBuildOperationRunner] Completing Build operation 'Resolve files of configuration ':detachedConfiguration55''
2026-08-21T16:48:36.249-0300 [DEBUG] [org.gradle.internal.operations.DefaultBuildOperationRunner] Build operation 'Resolve files of configuration ':detachedConfiguration55'' completed
2026-08-21T16:48:36.249-0300 [DEBUG] [org.gradle.internal.component.model.LoggingAttributeMatchingExplanationBuilder] Selected match {artifactType=pom, org.gradle.status=release} from candidates [{artifactType=pom, org.gradle.status=release}] for {}
2026-08-21T16:48:36.249-0300 [DEBUG] [org.gradle.internal.operations.DefaultBuildOperationRunner] Build operation 'Resolve files of configuration ':detachedConfiguration55'' started
2026-08-21T16:48:36.249-0300 [DEBUG] [org.gradle.internal.operations.DefaultBuildOperationRunner] Build operation 'Resolve spring-restdocs-bom-4.0.1.pom (org.springframework.restdocs:spring-restdocs-bom:4.0.1)' started
2026-08-21T16:48:36.249-0300 [DEBUG] [org.gradle.api.internal.artifacts.ivyservice.ivyresolve.CachingModuleComponentRepository] Found artifact 'spring-restdocs-bom-4.0.1.pom (org.springframework.restdocs:spring-restdocs-bom:4.0.1)' in resolver cache: /Users/claratorres1414/.gradle/caches/modules-2/files-2.1/org.springframework.restdocs/spring-restdocs-bom/4.0.1/32f6c4fff3fc5caf51c94de7bdd465ad7a17804a/spring-restdocs-bom-4.0.1.pom
2026-08-21T16:48:36.249-0300 [DEBUG] [org.gradle.internal.operations.DefaultBuildOperationRunner] Completing Build operation 'Resolve spring-restdocs-bom-4.0.1.pom (org.springframework.restdocs:spring-restdocs-bom:4.0.1)'
2026-08-21T16:48:36.249-0300 [DEBUG] [org.gradle.internal.operations.DefaultBuildOperationRunner] Build operation 'Resolve spring-restdocs-bom-4.0.1.pom (org.springframework.restdocs:spring-restdocs-bom:4.0.1)' completed
2026-08-21T16:48:36.249-0300 [DEBUG] [org.gradle.internal.operations.DefaultBuildOperationRunner] Completing Build operation 'Resolve files of configuration ':detachedConfiguration55''
2026-08-21T16:48:36.250-0300 [DEBUG] [org.gradle.internal.operations.DefaultBuildOperationRunner] Build operation 'Resolve files of configuration ':detachedConfiguration55'' completed
2026-08-21T16:48:36.250-0300 [DEBUG] [org.gradle.internal.operations.DefaultBuildOperationRunner] Build operation 'Resolve dependencies of :detachedConfiguration56' started
2026-08-21T16:48:36.250-0300 [DEBUG] [org.gradle.api.internal.artifacts.ivyservice.modulecache.ResolvedArtifactCaches] Reusing in-memory cache for repo 'MavenRepo' [26c913274550a0b2221f47a0fe2d2358].
2026-08-21T16:48:36.251-0300 [DEBUG] [org.gradle.api.internal.artifacts.ivyservice.ivyresolve.RepositoryChainComponentMetaDataResolver] Attempting to resolve component for org.springframework.security:spring-security-bom:7.1.0 using repositories [MavenRepo]
2026-08-21T16:48:36.251-0300 [DEBUG] [org.gradle.api.internal.artifacts.ivyservice.ivyresolve.CachingModuleComponentRepository] Using cached module metadata for module 'org.springframework.security:spring-security-bom:7.1.0' in 'MavenRepo'
2026-08-21T16:48:36.251-0300 [DEBUG] [org.gradle.api.internal.artifacts.ivyservice.ivyresolve.RepositoryChainComponentMetaDataResolver] Using org.springframework.security:spring-security-bom:7.1.0 from org.gradle.api.internal.artifacts.ivyservice.ivyresolve.FilteredModuleComponentRepository@55fab4a5
2026-08-21T16:48:36.251-0300 [DEBUG] [org.gradle.internal.operations.DefaultBuildOperationRunner] Completing Build operation 'Resolve dependencies of :detachedConfiguration56'
2026-08-21T16:48:36.251-0300 [DEBUG] [org.gradle.internal.operations.DefaultBuildOperationRunner] Build operation 'Resolve dependencies of :detachedConfiguration56' completed
2026-08-21T16:48:36.251-0300 [DEBUG] [org.gradle.internal.component.model.LoggingAttributeMatchingExplanationBuilder] Selected match {artifactType=pom, org.gradle.status=release} from candidates [{artifactType=pom, org.gradle.status=release}] for {}
2026-08-21T16:48:36.251-0300 [DEBUG] [org.gradle.internal.operations.DefaultBuildOperationRunner] Build operation 'Resolve files of configuration ':detachedConfiguration56'' started
2026-08-21T16:48:36.251-0300 [DEBUG] [org.gradle.internal.operations.DefaultBuildOperationRunner] Completing Build operation 'Resolve files of configuration ':detachedConfiguration56''
2026-08-21T16:48:36.251-0300 [DEBUG] [org.gradle.internal.operations.DefaultBuildOperationRunner] Build operation 'Resolve files of configuration ':detachedConfiguration56'' completed
2026-08-21T16:48:36.251-0300 [DEBUG] [org.gradle.internal.component.model.LoggingAttributeMatchingExplanationBuilder] Selected match {artifactType=pom, org.gradle.status=release} from candidates [{artifactType=pom, org.gradle.status=release}] for {}
2026-08-21T16:48:36.251-0300 [DEBUG] [org.gradle.internal.operations.DefaultBuildOperationRunner] Build operation 'Resolve files of configuration ':detachedConfiguration56'' started
2026-08-21T16:48:36.251-0300 [DEBUG] [org.gradle.internal.operations.DefaultBuildOperationRunner] Build operation 'Resolve spring-security-bom-7.1.0.pom (org.springframework.security:spring-security-bom:7.1.0)' started
2026-08-21T16:48:36.251-0300 [DEBUG] [org.gradle.api.internal.artifacts.ivyservice.ivyresolve.CachingModuleComponentRepository] Found artifact 'spring-security-bom-7.1.0.pom (org.springframework.security:spring-security-bom:7.1.0)' in resolver cache: /Users/claratorres1414/.gradle/caches/modules-2/files-2.1/org.springframework.security/spring-security-bom/7.1.0/775c3b97fd230ab7b018122b6e4562a63d877b1a/spring-security-bom-7.1.0.pom
2026-08-21T16:48:36.251-0300 [DEBUG] [org.gradle.internal.operations.DefaultBuildOperationRunner] Completing Build operation 'Resolve spring-security-bom-7.1.0.pom (org.springframework.security:spring-security-bom:7.1.0)'
2026-08-21T16:48:36.251-0300 [DEBUG] [org.gradle.internal.operations.DefaultBuildOperationRunner] Build operation 'Resolve spring-security-bom-7.1.0.pom (org.springframework.security:spring-security-bom:7.1.0)' completed
2026-08-21T16:48:36.251-0300 [DEBUG] [org.gradle.internal.operations.DefaultBuildOperationRunner] Completing Build operation 'Resolve files of configuration ':detachedConfiguration56''
2026-08-21T16:48:36.251-0300 [DEBUG] [org.gradle.internal.operations.DefaultBuildOperationRunner] Build operation 'Resolve files of configuration ':detachedConfiguration56'' completed
2026-08-21T16:48:36.252-0300 [DEBUG] [org.gradle.internal.operations.DefaultBuildOperationRunner] Build operation 'Resolve dependencies of :detachedConfiguration57' started
2026-08-21T16:48:36.252-0300 [DEBUG] [org.gradle.api.internal.artifacts.ivyservice.modulecache.ResolvedArtifactCaches] Reusing in-memory cache for repo 'MavenRepo' [26c913274550a0b2221f47a0fe2d2358].
2026-08-21T16:48:36.252-0300 [DEBUG] [org.gradle.api.internal.artifacts.ivyservice.ivyresolve.RepositoryChainComponentMetaDataResolver] Attempting to resolve component for org.springframework.session:spring-session-bom:4.1.0 using repositories [MavenRepo]
2026-08-21T16:48:36.252-0300 [DEBUG] [org.gradle.api.internal.artifacts.ivyservice.ivyresolve.CachingModuleComponentRepository] Using cached module metadata for module 'org.springframework.session:spring-session-bom:4.1.0' in 'MavenRepo'
2026-08-21T16:48:36.252-0300 [DEBUG] [org.gradle.api.internal.artifacts.ivyservice.ivyresolve.RepositoryChainComponentMetaDataResolver] Using org.springframework.session:spring-session-bom:4.1.0 from org.gradle.api.internal.artifacts.ivyservice.ivyresolve.FilteredModuleComponentRepository@216c831d
2026-08-21T16:48:36.252-0300 [DEBUG] [org.gradle.internal.operations.DefaultBuildOperationRunner] Completing Build operation 'Resolve dependencies of :detachedConfiguration57'
2026-08-21T16:48:36.252-0300 [DEBUG] [org.gradle.internal.operations.DefaultBuildOperationRunner] Build operation 'Resolve dependencies of :detachedConfiguration57' completed
2026-08-21T16:48:36.252-0300 [DEBUG] [org.gradle.internal.component.model.LoggingAttributeMatchingExplanationBuilder] Selected match {artifactType=pom, org.gradle.status=release} from candidates [{artifactType=pom, org.gradle.status=release}] for {}
2026-08-21T16:48:36.252-0300 [DEBUG] [org.gradle.internal.operations.DefaultBuildOperationRunner] Build operation 'Resolve files of configuration ':detachedConfiguration57'' started
2026-08-21T16:48:36.252-0300 [DEBUG] [org.gradle.internal.operations.DefaultBuildOperationRunner] Completing Build operation 'Resolve files of configuration ':detachedConfiguration57''
2026-08-21T16:48:36.252-0300 [DEBUG] [org.gradle.internal.operations.DefaultBuildOperationRunner] Build operation 'Resolve files of configuration ':detachedConfiguration57'' completed
2026-08-21T16:48:36.252-0300 [DEBUG] [org.gradle.internal.component.model.LoggingAttributeMatchingExplanationBuilder] Selected match {artifactType=pom, org.gradle.status=release} from candidates [{artifactType=pom, org.gradle.status=release}] for {}
2026-08-21T16:48:36.252-0300 [DEBUG] [org.gradle.internal.operations.DefaultBuildOperationRunner] Build operation 'Resolve files of configuration ':detachedConfiguration57'' started
2026-08-21T16:48:36.252-0300 [DEBUG] [org.gradle.internal.operations.DefaultBuildOperationRunner] Build operation 'Resolve spring-session-bom-4.1.0.pom (org.springframework.session:spring-session-bom:4.1.0)' started
2026-08-21T16:48:36.252-0300 [DEBUG] [org.gradle.api.internal.artifacts.ivyservice.ivyresolve.CachingModuleComponentRepository] Found artifact 'spring-session-bom-4.1.0.pom (org.springframework.session:spring-session-bom:4.1.0)' in resolver cache: /Users/claratorres1414/.gradle/caches/modules-2/files-2.1/org.springframework.session/spring-session-bom/4.1.0/3c24fc11a02701d8ef9c18b62c33e3e391610d/spring-session-bom-4.1.0.pom
2026-08-21T16:48:36.252-0300 [DEBUG] [org.gradle.internal.operations.DefaultBuildOperationRunner] Completing Build operation 'Resolve spring-session-bom-4.1.0.pom (org.springframework.session:spring-session-bom:4.1.0)'
2026-08-21T16:48:36.252-0300 [DEBUG] [org.gradle.internal.operations.DefaultBuildOperationRunner] Build operation 'Resolve spring-session-bom-4.1.0.pom (org.springframework.session:spring-session-bom:4.1.0)' completed
2026-08-21T16:48:36.252-0300 [DEBUG] [org.gradle.internal.operations.DefaultBuildOperationRunner] Completing Build operation 'Resolve files of configuration ':detachedConfiguration57''
2026-08-21T16:48:36.252-0300 [DEBUG] [org.gradle.internal.operations.DefaultBuildOperationRunner] Build operation 'Resolve files of configuration ':detachedConfiguration57'' completed
2026-08-21T16:48:36.253-0300 [DEBUG] [org.gradle.internal.operations.DefaultBuildOperationRunner] Build operation 'Resolve dependencies of :detachedConfiguration58' started
2026-08-21T16:48:36.253-0300 [DEBUG] [org.gradle.api.internal.artifacts.ivyservice.modulecache.ResolvedArtifactCaches] Reusing in-memory cache for repo 'MavenRepo' [26c913274550a0b2221f47a0fe2d2358].
2026-08-21T16:48:36.253-0300 [DEBUG] [org.gradle.api.internal.artifacts.ivyservice.ivyresolve.RepositoryChainComponentMetaDataResolver] Attempting to resolve component for org.springframework.ws:spring-ws-bom:5.0.2 using repositories [MavenRepo]
2026-08-21T16:48:36.253-0300 [DEBUG] [org.gradle.api.internal.artifacts.ivyservice.ivyresolve.CachingModuleComponentRepository] Using cached module metadata for module 'org.springframework.ws:spring-ws-bom:5.0.2' in 'MavenRepo'
2026-08-21T16:48:36.253-0300 [DEBUG] [org.gradle.api.internal.artifacts.ivyservice.ivyresolve.RepositoryChainComponentMetaDataResolver] Using org.springframework.ws:spring-ws-bom:5.0.2 from org.gradle.api.internal.artifacts.ivyservice.ivyresolve.FilteredModuleComponentRepository@6c79d27c
2026-08-21T16:48:36.253-0300 [DEBUG] [org.gradle.internal.operations.DefaultBuildOperationRunner] Completing Build operation 'Resolve dependencies of :detachedConfiguration58'
2026-08-21T16:48:36.253-0300 [DEBUG] [org.gradle.internal.operations.DefaultBuildOperationRunner] Build operation 'Resolve dependencies of :detachedConfiguration58' completed
2026-08-21T16:48:36.253-0300 [DEBUG] [org.gradle.internal.component.model.LoggingAttributeMatchingExplanationBuilder] Selected match {artifactType=pom, org.gradle.status=release} from candidates [{artifactType=pom, org.gradle.status=release}] for {}
2026-08-21T16:48:36.253-0300 [DEBUG] [org.gradle.internal.operations.DefaultBuildOperationRunner] Build operation 'Resolve files of configuration ':detachedConfiguration58'' started
2026-08-21T16:48:36.253-0300 [DEBUG] [org.gradle.internal.operations.DefaultBuildOperationRunner] Completing Build operation 'Resolve files of configuration ':detachedConfiguration58''
2026-08-21T16:48:36.253-0300 [DEBUG] [org.gradle.internal.operations.DefaultBuildOperationRunner] Build operation 'Resolve files of configuration ':detachedConfiguration58'' completed
2026-08-21T16:48:36.253-0300 [DEBUG] [org.gradle.internal.component.model.LoggingAttributeMatchingExplanationBuilder] Selected match {artifactType=pom, org.gradle.status=release} from candidates [{artifactType=pom, org.gradle.status=release}] for {}
2026-08-21T16:48:36.253-0300 [DEBUG] [org.gradle.internal.operations.DefaultBuildOperationRunner] Build operation 'Resolve files of configuration ':detachedConfiguration58'' started
2026-08-21T16:48:36.253-0300 [DEBUG] [org.gradle.internal.operations.DefaultBuildOperationRunner] Build operation 'Resolve spring-ws-bom-5.0.2.pom (org.springframework.ws:spring-ws-bom:5.0.2)' started
2026-08-21T16:48:36.253-0300 [DEBUG] [org.gradle.api.internal.artifacts.ivyservice.ivyresolve.CachingModuleComponentRepository] Found artifact 'spring-ws-bom-5.0.2.pom (org.springframework.ws:spring-ws-bom:5.0.2)' in resolver cache: /Users/claratorres1414/.gradle/caches/modules-2/files-2.1/org.springframework.ws/spring-ws-bom/5.0.2/8a162f495b28c03ab30f6ecb5756460cdf02f6e8/spring-ws-bom-5.0.2.pom
2026-08-21T16:48:36.253-0300 [DEBUG] [org.gradle.internal.operations.DefaultBuildOperationRunner] Completing Build operation 'Resolve spring-ws-bom-5.0.2.pom (org.springframework.ws:spring-ws-bom:5.0.2)'
2026-08-21T16:48:36.253-0300 [DEBUG] [org.gradle.internal.operations.DefaultBuildOperationRunner] Build operation 'Resolve spring-ws-bom-5.0.2.pom (org.springframework.ws:spring-ws-bom:5.0.2)' completed
2026-08-21T16:48:36.253-0300 [DEBUG] [org.gradle.internal.operations.DefaultBuildOperationRunner] Completing Build operation 'Resolve files of configuration ':detachedConfiguration58''
2026-08-21T16:48:36.253-0300 [DEBUG] [org.gradle.internal.operations.DefaultBuildOperationRunner] Build operation 'Resolve files of configuration ':detachedConfiguration58'' completed
2026-08-21T16:48:36.254-0300 [DEBUG] [org.gradle.internal.operations.DefaultBuildOperationRunner] Build operation 'Resolve dependencies of :detachedConfiguration59' started
2026-08-21T16:48:36.254-0300 [DEBUG] [org.gradle.api.internal.artifacts.ivyservice.modulecache.ResolvedArtifactCaches] Reusing in-memory cache for repo 'MavenRepo' [26c913274550a0b2221f47a0fe2d2358].
2026-08-21T16:48:36.254-0300 [DEBUG] [org.gradle.api.internal.artifacts.ivyservice.ivyresolve.RepositoryChainComponentMetaDataResolver] Attempting to resolve component for org.testcontainers:testcontainers-bom:2.0.5 using repositories [MavenRepo]
2026-08-21T16:48:36.254-0300 [DEBUG] [org.gradle.api.internal.artifacts.ivyservice.ivyresolve.CachingModuleComponentRepository] Using cached module metadata for module 'org.testcontainers:testcontainers-bom:2.0.5' in 'MavenRepo'
2026-08-21T16:48:36.254-0300 [DEBUG] [org.gradle.api.internal.artifacts.ivyservice.ivyresolve.RepositoryChainComponentMetaDataResolver] Using org.testcontainers:testcontainers-bom:2.0.5 from org.gradle.api.internal.artifacts.ivyservice.ivyresolve.FilteredModuleComponentRepository@70b710a0
2026-08-21T16:48:36.254-0300 [DEBUG] [org.gradle.internal.operations.DefaultBuildOperationRunner] Completing Build operation 'Resolve dependencies of :detachedConfiguration59'
2026-08-21T16:48:36.254-0300 [DEBUG] [org.gradle.internal.operations.DefaultBuildOperationRunner] Build operation 'Resolve dependencies of :detachedConfiguration59' completed
2026-08-21T16:48:36.254-0300 [DEBUG] [org.gradle.internal.component.model.LoggingAttributeMatchingExplanationBuilder] Selected match {artifactType=pom, org.gradle.status=release} from candidates [{artifactType=pom, org.gradle.status=release}] for {}
2026-08-21T16:48:36.254-0300 [DEBUG] [org.gradle.internal.operations.DefaultBuildOperationRunner] Build operation 'Resolve files of configuration ':detachedConfiguration59'' started
2026-08-21T16:48:36.254-0300 [DEBUG] [org.gradle.internal.operations.DefaultBuildOperationRunner] Completing Build operation 'Resolve files of configuration ':detachedConfiguration59''
2026-08-21T16:48:36.254-0300 [DEBUG] [org.gradle.internal.operations.DefaultBuildOperationRunner] Build operation 'Resolve files of configuration ':detachedConfiguration59'' completed
2026-08-21T16:48:36.254-0300 [DEBUG] [org.gradle.internal.component.model.LoggingAttributeMatchingExplanationBuilder] Selected match {artifactType=pom, org.gradle.status=release} from candidates [{artifactType=pom, org.gradle.status=release}] for {}
2026-08-21T16:48:36.254-0300 [DEBUG] [org.gradle.internal.operations.DefaultBuildOperationRunner] Build operation 'Resolve files of configuration ':detachedConfiguration59'' started
2026-08-21T16:48:36.254-0300 [DEBUG] [org.gradle.internal.operations.DefaultBuildOperationRunner] Build operation 'Resolve testcontainers-bom-2.0.5.pom (org.testcontainers:testcontainers-bom:2.0.5)' started
2026-08-21T16:48:36.254-0300 [DEBUG] [org.gradle.api.internal.artifacts.ivyservice.ivyresolve.CachingModuleComponentRepository] Found artifact 'testcontainers-bom-2.0.5.pom (org.testcontainers:testcontainers-bom:2.0.5)' in resolver cache: /Users/claratorres1414/.gradle/caches/modules-2/files-2.1/org.testcontainers/testcontainers-bom/2.0.5/a6cdc7911641569b58d61bf9bc4ae0084dcff98/testcontainers-bom-2.0.5.pom
2026-08-21T16:48:36.254-0300 [DEBUG] [org.gradle.internal.operations.DefaultBuildOperationRunner] Completing Build operation 'Resolve testcontainers-bom-2.0.5.pom (org.testcontainers:testcontainers-bom:2.0.5)'
2026-08-21T16:48:36.254-0300 [DEBUG] [org.gradle.internal.operations.DefaultBuildOperationRunner] Build operation 'Resolve testcontainers-bom-2.0.5.pom (org.testcontainers:testcontainers-bom:2.0.5)' completed
2026-08-21T16:48:36.255-0300 [DEBUG] [org.gradle.internal.operations.DefaultBuildOperationRunner] Completing Build operation 'Resolve files of configuration ':detachedConfiguration59''
2026-08-21T16:48:36.255-0300 [DEBUG] [org.gradle.internal.operations.DefaultBuildOperationRunner] Build operation 'Resolve files of configuration ':detachedConfiguration59'' completed
2026-08-21T16:48:36.257-0300 [DEBUG] [io.spring.gradle.dependencymanagement.internal.DependencyManagementContainer] Found managed version '6.0.3' for dependency 'org.junit.platform:junit-platform-launcher' in global dependency management
2026-08-21T16:48:36.257-0300 [DEBUG] [io.spring.gradle.dependencymanagement.internal.VersionConfiguringAction] Using version '6.0.3' for dependency 'org.junit.platform:junit-platform-launcher:'
2026-08-21T16:48:36.257-0300 [DEBUG] [io.spring.gradle.dependencymanagement.internal.VersionConfiguringAction] Processing requested dependency 'org.postgresql:postgresql:' with target 'org.postgresql:postgresql:
2026-08-21T16:48:36.257-0300 [DEBUG] [io.spring.gradle.dependencymanagement.internal.DependencyManagementContainer] Found managed version '42.7.11' for dependency 'org.postgresql:postgresql' in global dependency management
2026-08-21T16:48:36.257-0300 [DEBUG] [io.spring.gradle.dependencymanagement.internal.VersionConfiguringAction] Using version '42.7.11' for dependency 'org.postgresql:postgresql:'
2026-08-21T16:48:36.257-0300 [DEBUG] [io.spring.gradle.dependencymanagement.internal.VersionConfiguringAction] Processing requested dependency 'org.springframework.boot:spring-boot-starter-test:' with target 'org.springframework.boot:spring-boot-starter-test:
2026-08-21T16:48:36.257-0300 [DEBUG] [io.spring.gradle.dependencymanagement.internal.DependencyManagementContainer] Found managed version '4.1.0' for dependency 'org.springframework.boot:spring-boot-starter-test' in global dependency management
2026-08-21T16:48:36.257-0300 [DEBUG] [io.spring.gradle.dependencymanagement.internal.VersionConfiguringAction] Using version '4.1.0' for dependency 'org.springframework.boot:spring-boot-starter-test:'
2026-08-21T16:48:36.257-0300 [DEBUG] [io.spring.gradle.dependencymanagement.internal.VersionConfiguringAction] Processing requested dependency 'org.springframework.boot:spring-boot-starter:' with target 'org.springframework.boot:spring-boot-starter:
2026-08-21T16:48:36.257-0300 [DEBUG] [io.spring.gradle.dependencymanagement.internal.DependencyManagementContainer] Found managed version '4.1.0' for dependency 'org.springframework.boot:spring-boot-starter' in global dependency management
2026-08-21T16:48:36.257-0300 [DEBUG] [io.spring.gradle.dependencymanagement.internal.VersionConfiguringAction] Using version '4.1.0' for dependency 'org.springframework.boot:spring-boot-starter:'
2026-08-21T16:48:36.257-0300 [DEBUG] [io.spring.gradle.dependencymanagement.internal.VersionConfiguringAction] Processing requested dependency 'org.springframework.boot:spring-boot-starter-web:' with target 'org.springframework.boot:spring-boot-starter-web:
2026-08-21T16:48:36.257-0300 [DEBUG] [io.spring.gradle.dependencymanagement.internal.DependencyManagementContainer] Found managed version '4.1.0' for dependency 'org.springframework.boot:spring-boot-starter-web' in global dependency management
2026-08-21T16:48:36.257-0300 [DEBUG] [io.spring.gradle.dependencymanagement.internal.VersionConfiguringAction] Using version '4.1.0' for dependency 'org.springframework.boot:spring-boot-starter-web:'
2026-08-21T16:48:36.257-0300 [DEBUG] [io.spring.gradle.dependencymanagement.internal.VersionConfiguringAction] Processing requested dependency 'org.springframework.boot:spring-boot-starter-data-jpa:' with target 'org.springframework.boot:spring-boot-starter-data-jpa:
2026-08-21T16:48:36.257-0300 [DEBUG] [io.spring.gradle.dependencymanagement.internal.DependencyManagementContainer] Found managed version '4.1.0' for dependency 'org.springframework.boot:spring-boot-starter-data-jpa' in global dependency management
2026-08-21T16:48:36.257-0300 [DEBUG] [io.spring.gradle.dependencymanagement.internal.VersionConfiguringAction] Using version '4.1.0' for dependency 'org.springframework.boot:spring-boot-starter-data-jpa:'
2026-08-21T16:48:36.257-0300 [DEBUG] [io.spring.gradle.dependencymanagement.internal.VersionConfiguringAction] Processing requested dependency 'org.flywaydb:flyway-core:' with target 'org.flywaydb:flyway-core:
2026-08-21T16:48:36.257-0300 [DEBUG] [io.spring.gradle.dependencymanagement.internal.DependencyManagementContainer] Found managed version '12.4.0' for dependency 'org.flywaydb:flyway-core' in global dependency management
2026-08-21T16:48:36.257-0300 [DEBUG] [io.spring.gradle.dependencymanagement.internal.VersionConfiguringAction] Using version '12.4.0' for dependency 'org.flywaydb:flyway-core:'
2026-08-21T16:48:36.257-0300 [DEBUG] [io.spring.gradle.dependencymanagement.internal.VersionConfiguringAction] Processing requested dependency 'org.springframework.boot:spring-boot-starter-data-redis:' with target 'org.springframework.boot:spring-boot-starter-data-redis:
2026-08-21T16:48:36.257-0300 [DEBUG] [io.spring.gradle.dependencymanagement.internal.DependencyManagementContainer] Found managed version '4.1.0' for dependency 'org.springframework.boot:spring-boot-starter-data-redis' in global dependency management
2026-08-21T16:48:36.257-0300 [DEBUG] [io.spring.gradle.dependencymanagement.internal.VersionConfiguringAction] Using version '4.1.0' for dependency 'org.springframework.boot:spring-boot-starter-data-redis:'
2026-08-21T16:48:36.257-0300 [DEBUG] [io.spring.gradle.dependencymanagement.internal.VersionConfiguringAction] Processing requested dependency 'me.paulschwarz:spring-dotenv-bom:5.1.0' with target 'me.paulschwarz:spring-dotenv-bom:5.1.0
2026-08-21T16:48:36.257-0300 [DEBUG] [io.spring.gradle.dependencymanagement.internal.VersionConfiguringAction] No dependency management for dependency 'me.paulschwarz:spring-dotenv-bom:5.1.0'
2026-08-21T16:48:36.259-0300 [DEBUG] [org.gradle.api.internal.artifacts.ivyservice.ivyresolve.RepositoryChainComponentMetaDataResolver] Attempting to resolve component for org.junit.platform:junit-platform-launcher:6.0.3 using repositories [MavenRepo]
2026-08-21T16:48:36.259-0300 [DEBUG] [org.gradle.api.internal.artifacts.ivyservice.ivyresolve.CachingModuleComponentRepository] Using cached module metadata for module 'org.junit.platform:junit-platform-launcher:6.0.3' in 'MavenRepo'
2026-08-21T16:48:36.259-0300 [DEBUG] [org.gradle.api.internal.artifacts.ivyservice.ivyresolve.RepositoryChainComponentMetaDataResolver] Using org.junit.platform:junit-platform-launcher:6.0.3 from org.gradle.api.internal.artifacts.ivyservice.ivyresolve.FilteredModuleComponentRepository@4710c7a6
2026-08-21T16:48:36.259-0300 [DEBUG] [org.gradle.api.internal.attributes.matching.DefaultAttributeMatcher] Selected matches [1] from candidates [{org.gradle.category=library, org.gradle.dependency.bundling=external, org.gradle.jvm.version=17, org.gradle.libraryelements=jar, org.gradle.status=release, org.gradle.usage=java-api}, {org.gradle.category=library, org.gradle.dependency.bundling=external, org.gradle.jvm.version=17, org.gradle.libraryelements=jar, org.gradle.status=release, org.gradle.usage=java-runtime}, {org.gradle.category=documentation, org.gradle.dependency.bundling=external, org.gradle.docstype=javadoc, org.gradle.status=release, org.gradle.usage=java-runtime}, {org.gradle.category=documentation, org.gradle.dependency.bundling=external, org.gradle.docstype=sources, org.gradle.status=release, org.gradle.usage=java-runtime}] for {}
2026-08-21T16:48:36.259-0300 [DEBUG] [org.gradle.api.internal.artifacts.ivyservice.ivyresolve.RepositoryChainComponentMetaDataResolver] Attempting to resolve component for org.postgresql:postgresql:42.7.11 using repositories [MavenRepo]
2026-08-21T16:48:36.259-0300 [DEBUG] [org.gradle.api.internal.artifacts.ivyservice.ivyresolve.CachingModuleComponentRepository] Using cached module metadata for module 'org.postgresql:postgresql:42.7.11' in 'MavenRepo'
2026-08-21T16:48:36.259-0300 [DEBUG] [org.gradle.api.internal.artifacts.ivyservice.ivyresolve.RepositoryChainComponentMetaDataResolver] Using org.postgresql:postgresql:42.7.11 from org.gradle.api.internal.artifacts.ivyservice.ivyresolve.FilteredModuleComponentRepository@4710c7a6
2026-08-21T16:48:36.260-0300 [DEBUG] [org.gradle.api.internal.artifacts.ivyservice.ivyresolve.RepositoryChainComponentMetaDataResolver] Attempting to resolve component for org.springframework.boot:spring-boot-starter-test:4.1.0 using repositories [MavenRepo]
2026-08-21T16:48:36.260-0300 [DEBUG] [org.gradle.api.internal.artifacts.ivyservice.ivyresolve.CachingModuleComponentRepository] Using cached module metadata for module 'org.springframework.boot:spring-boot-starter-test:4.1.0' in 'MavenRepo'
2026-08-21T16:48:36.260-0300 [DEBUG] [org.gradle.api.internal.artifacts.ivyservice.ivyresolve.RepositoryChainComponentMetaDataResolver] Using org.springframework.boot:spring-boot-starter-test:4.1.0 from org.gradle.api.internal.artifacts.ivyservice.ivyresolve.FilteredModuleComponentRepository@4710c7a6
2026-08-21T16:48:36.260-0300 [DEBUG] [org.gradle.api.internal.artifacts.ivyservice.ivyresolve.RepositoryChainComponentMetaDataResolver] Attempting to resolve component for org.springframework.boot:spring-boot-starter:4.1.0 using repositories [MavenRepo]
2026-08-21T16:48:36.260-0300 [DEBUG] [org.gradle.api.internal.artifacts.ivyservice.ivyresolve.CachingModuleComponentRepository] Using cached module metadata for module 'org.springframework.boot:spring-boot-starter:4.1.0' in 'MavenRepo'
2026-08-21T16:48:36.260-0300 [DEBUG] [org.gradle.api.internal.artifacts.ivyservice.ivyresolve.RepositoryChainComponentMetaDataResolver] Using org.springframework.boot:spring-boot-starter:4.1.0 from org.gradle.api.internal.artifacts.ivyservice.ivyresolve.FilteredModuleComponentRepository@4710c7a6
2026-08-21T16:48:36.260-0300 [DEBUG] [org.gradle.api.internal.artifacts.ivyservice.ivyresolve.RepositoryChainComponentMetaDataResolver] Attempting to resolve component for org.springframework.boot:spring-boot-starter-web:4.1.0 using repositories [MavenRepo]
2026-08-21T16:48:36.260-0300 [DEBUG] [org.gradle.api.internal.artifacts.ivyservice.ivyresolve.CachingModuleComponentRepository] Using cached module metadata for module 'org.springframework.boot:spring-boot-starter-web:4.1.0' in 'MavenRepo'
2026-08-21T16:48:36.260-0300 [DEBUG] [org.gradle.api.internal.artifacts.ivyservice.ivyresolve.RepositoryChainComponentMetaDataResolver] Using org.springframework.boot:spring-boot-starter-web:4.1.0 from org.gradle.api.internal.artifacts.ivyservice.ivyresolve.FilteredModuleComponentRepository@4710c7a6
2026-08-21T16:48:36.260-0300 [DEBUG] [org.gradle.api.internal.artifacts.ivyservice.ivyresolve.RepositoryChainComponentMetaDataResolver] Attempting to resolve component for org.springframework.boot:spring-boot-starter-data-jpa:4.1.0 using repositories [MavenRepo]
2026-08-21T16:48:36.260-0300 [DEBUG] [org.gradle.api.internal.artifacts.ivyservice.ivyresolve.CachingModuleComponentRepository] Using cached module metadata for module 'org.springframework.boot:spring-boot-starter-data-jpa:4.1.0' in 'MavenRepo'
2026-08-21T16:48:36.260-0300 [DEBUG] [org.gradle.api.internal.artifacts.ivyservice.ivyresolve.RepositoryChainComponentMetaDataResolver] Using org.springframework.boot:spring-boot-starter-data-jpa:4.1.0 from org.gradle.api.internal.artifacts.ivyservice.ivyresolve.FilteredModuleComponentRepository@4710c7a6
2026-08-21T16:48:36.260-0300 [DEBUG] [org.gradle.api.internal.artifacts.ivyservice.ivyresolve.RepositoryChainComponentMetaDataResolver] Attempting to resolve component for org.flywaydb:flyway-core:12.4.0 using repositories [MavenRepo]
2026-08-21T16:48:36.260-0300 [DEBUG] [org.gradle.api.internal.artifacts.ivyservice.ivyresolve.CachingModuleComponentRepository] Using cached module metadata for module 'org.flywaydb:flyway-core:12.4.0' in 'MavenRepo'
2026-08-21T16:48:36.260-0300 [DEBUG] [org.gradle.api.internal.artifacts.ivyservice.ivyresolve.RepositoryChainComponentMetaDataResolver] Using org.flywaydb:flyway-core:12.4.0 from org.gradle.api.internal.artifacts.ivyservice.ivyresolve.FilteredModuleComponentRepository@4710c7a6
2026-08-21T16:48:36.260-0300 [DEBUG] [org.gradle.api.internal.artifacts.ivyservice.ivyresolve.RepositoryChainComponentMetaDataResolver] Attempting to resolve component for org.springframework.boot:spring-boot-starter-data-redis:4.1.0 using repositories [MavenRepo]
2026-08-21T16:48:36.260-0300 [DEBUG] [org.gradle.api.internal.artifacts.ivyservice.ivyresolve.CachingModuleComponentRepository] Using cached module metadata for module 'org.springframework.boot:spring-boot-starter-data-redis:4.1.0' in 'MavenRepo'
2026-08-21T16:48:36.260-0300 [DEBUG] [org.gradle.api.internal.artifacts.ivyservice.ivyresolve.RepositoryChainComponentMetaDataResolver] Using org.springframework.boot:spring-boot-starter-data-redis:4.1.0 from org.gradle.api.internal.artifacts.ivyservice.ivyresolve.FilteredModuleComponentRepository@4710c7a6
2026-08-21T16:48:36.260-0300 [DEBUG] [org.gradle.api.internal.artifacts.ivyservice.ivyresolve.RepositoryChainComponentMetaDataResolver] Attempting to resolve component for me.paulschwarz:spring-dotenv-bom:5.1.0 using repositories [MavenRepo]
2026-08-21T16:48:36.260-0300 [DEBUG] [org.gradle.api.internal.artifacts.ivyservice.ivyresolve.CachingModuleComponentRepository] Using cached module metadata for module 'me.paulschwarz:spring-dotenv-bom:5.1.0' in 'MavenRepo'
2026-08-21T16:48:36.260-0300 [DEBUG] [org.gradle.api.internal.artifacts.ivyservice.ivyresolve.RepositoryChainComponentMetaDataResolver] Using me.paulschwarz:spring-dotenv-bom:5.1.0 from org.gradle.api.internal.artifacts.ivyservice.ivyresolve.FilteredModuleComponentRepository@4710c7a6
2026-08-21T16:48:36.260-0300 [DEBUG] [org.gradle.internal.component.model.LoggingAttributeMatchingExplanationBuilder] Candidate {org.gradle.category=enforced-platform, org.gradle.status=release, org.gradle.usage=java-api} attribute org.gradle.category value org.gradle.category=enforced-platform doesn't requested value platform
2026-08-21T16:48:36.260-0300 [DEBUG] [org.gradle.internal.component.model.LoggingAttributeMatchingExplanationBuilder] Candidate {org.gradle.category=enforced-platform, org.gradle.status=release, org.gradle.usage=java-runtime} attribute org.gradle.category value org.gradle.category=enforced-platform doesn't requested value platform
2026-08-21T16:48:36.260-0300 [DEBUG] [org.gradle.api.internal.attributes.matching.DefaultAttributeMatcher] Selected matches [1] from candidates [{org.gradle.category=platform, org.gradle.status=release, org.gradle.usage=java-api}, {org.gradle.category=platform, org.gradle.status=release, org.gradle.usage=java-runtime}, {org.gradle.category=enforced-platform, org.gradle.status=release, org.gradle.usage=java-api}, {org.gradle.category=enforced-platform, org.gradle.status=release, org.gradle.usage=java-runtime}] for {org.gradle.category=platform}
2026-08-21T16:48:36.260-0300 [DEBUG] [io.spring.gradle.dependencymanagement.internal.VersionConfiguringAction] Processing requested dependency 'me.paulschwarz:spring-dotenv:5.1.0' with target 'me.paulschwarz:spring-dotenv:5.1.0
2026-08-21T16:48:36.260-0300 [DEBUG] [io.spring.gradle.dependencymanagement.internal.VersionConfiguringAction] No dependency management for dependency 'me.paulschwarz:spring-dotenv:5.1.0'
2026-08-21T16:48:36.260-0300 [DEBUG] [io.spring.gradle.dependencymanagement.internal.VersionConfiguringAction] Processing requested dependency 'me.paulschwarz:springboot3-dotenv:5.1.0' with target 'me.paulschwarz:springboot3-dotenv:5.1.0
2026-08-21T16:48:36.260-0300 [DEBUG] [io.spring.gradle.dependencymanagement.internal.VersionConfiguringAction] No dependency management for dependency 'me.paulschwarz:springboot3-dotenv:5.1.0'
2026-08-21T16:48:36.260-0300 [DEBUG] [io.spring.gradle.dependencymanagement.internal.VersionConfiguringAction] Processing requested dependency 'me.paulschwarz:springboot4-dotenv:5.1.0' with target 'me.paulschwarz:springboot4-dotenv:5.1.0
2026-08-21T16:48:36.261-0300 [DEBUG] [io.spring.gradle.dependencymanagement.internal.VersionConfiguringAction] No dependency management for dependency 'me.paulschwarz:springboot4-dotenv:5.1.0'
2026-08-21T16:48:36.261-0300 [DEBUG] [io.spring.gradle.dependencymanagement.internal.VersionConfiguringAction] Processing requested dependency 'org.junit:junit-bom:6.0.3' with target 'org.junit:junit-bom:6.0.3
2026-08-21T16:48:36.261-0300 [DEBUG] [io.spring.gradle.dependencymanagement.internal.VersionConfiguringAction] No dependency management for dependency 'org.junit:junit-bom:6.0.3'
2026-08-21T16:48:36.261-0300 [DEBUG] [io.spring.gradle.dependencymanagement.internal.VersionConfiguringAction] Processing requested dependency 'org.junit.platform:junit-platform-engine:6.0.3' with target 'org.junit.platform:junit-platform-engine:6.0.3
2026-08-21T16:48:36.261-0300 [DEBUG] [io.spring.gradle.dependencymanagement.internal.DependencyManagementContainer] Found managed version '6.0.3' for dependency 'org.junit.platform:junit-platform-engine' in global dependency management
2026-08-21T16:48:36.261-0300 [DEBUG] [io.spring.gradle.dependencymanagement.internal.VersionConfiguringAction] Using version '6.0.3' for dependency 'org.junit.platform:junit-platform-engine:6.0.3'
2026-08-21T16:48:36.261-0300 [DEBUG] [org.gradle.api.internal.artifacts.ivyservice.ivyresolve.RepositoryChainComponentMetaDataResolver] Attempting to resolve component for org.junit:junit-bom:6.0.3 using repositories [MavenRepo]
2026-08-21T16:48:36.261-0300 [DEBUG] [org.gradle.api.internal.artifacts.ivyservice.ivyresolve.CachingModuleComponentRepository] Using cached module metadata for module 'org.junit:junit-bom:6.0.3' in 'MavenRepo'
2026-08-21T16:48:36.261-0300 [DEBUG] [org.gradle.api.internal.artifacts.ivyservice.ivyresolve.RepositoryChainComponentMetaDataResolver] Using org.junit:junit-bom:6.0.3 from org.gradle.api.internal.artifacts.ivyservice.ivyresolve.FilteredModuleComponentRepository@4710c7a6
2026-08-21T16:48:36.261-0300 [DEBUG] [org.gradle.internal.component.model.LoggingAttributeMatchingExplanationBuilder] Candidate {org.gradle.category=enforced-platform, org.gradle.status=release, org.gradle.usage=java-api} attribute org.gradle.category value org.gradle.category=enforced-platform doesn't requested value platform
2026-08-21T16:48:36.261-0300 [DEBUG] [org.gradle.internal.component.model.LoggingAttributeMatchingExplanationBuilder] Candidate {org.gradle.category=enforced-platform, org.gradle.status=release, org.gradle.usage=java-runtime} attribute org.gradle.category value org.gradle.category=enforced-platform doesn't requested value platform
2026-08-21T16:48:36.261-0300 [DEBUG] [org.gradle.api.internal.attributes.matching.DefaultAttributeMatcher] Selected matches [1] from candidates [{org.gradle.category=platform, org.gradle.status=release, org.gradle.usage=java-api}, {org.gradle.category=platform, org.gradle.status=release, org.gradle.usage=java-runtime}, {org.gradle.category=enforced-platform, org.gradle.status=release, org.gradle.usage=java-api}, {org.gradle.category=enforced-platform, org.gradle.status=release, org.gradle.usage=java-runtime}] for {org.gradle.category=platform}
2026-08-21T16:48:36.261-0300 [DEBUG] [io.spring.gradle.dependencymanagement.internal.VersionConfiguringAction] Processing requested dependency 'org.junit.jupiter:junit-jupiter:6.0.3' with target 'org.junit.jupiter:junit-jupiter:6.0.3
2026-08-21T16:48:36.261-0300 [DEBUG] [io.spring.gradle.dependencymanagement.internal.DependencyManagementContainer] Found managed version '6.0.3' for dependency 'org.junit.jupiter:junit-jupiter' in global dependency management
2026-08-21T16:48:36.261-0300 [DEBUG] [io.spring.gradle.dependencymanagement.internal.VersionConfiguringAction] Using version '6.0.3' for dependency 'org.junit.jupiter:junit-jupiter:6.0.3'
2026-08-21T16:48:36.261-0300 [DEBUG] [io.spring.gradle.dependencymanagement.internal.VersionConfiguringAction] Processing requested dependency 'org.junit.jupiter:junit-jupiter-api:6.0.3' with target 'org.junit.jupiter:junit-jupiter-api:6.0.3
2026-08-21T16:48:36.261-0300 [DEBUG] [io.spring.gradle.dependencymanagement.internal.DependencyManagementContainer] Found managed version '6.0.3' for dependency 'org.junit.jupiter:junit-jupiter-api' in global dependency management
2026-08-21T16:48:36.261-0300 [DEBUG] [io.spring.gradle.dependencymanagement.internal.VersionConfiguringAction] Using version '6.0.3' for dependency 'org.junit.jupiter:junit-jupiter-api:6.0.3'
2026-08-21T16:48:36.261-0300 [DEBUG] [io.spring.gradle.dependencymanagement.internal.VersionConfiguringAction] Processing requested dependency 'org.junit.jupiter:junit-jupiter-engine:6.0.3' with target 'org.junit.jupiter:junit-jupiter-engine:6.0.3
2026-08-21T16:48:36.261-0300 [DEBUG] [io.spring.gradle.dependencymanagement.internal.DependencyManagementContainer] Found managed version '6.0.3' for dependency 'org.junit.jupiter:junit-jupiter-engine' in global dependency management
2026-08-21T16:48:36.261-0300 [DEBUG] [io.spring.gradle.dependencymanagement.internal.VersionConfiguringAction] Using version '6.0.3' for dependency 'org.junit.jupiter:junit-jupiter-engine:6.0.3'
2026-08-21T16:48:36.261-0300 [DEBUG] [io.spring.gradle.dependencymanagement.internal.VersionConfiguringAction] Processing requested dependency 'org.junit.jupiter:junit-jupiter-migrationsupport:6.0.3' with target 'org.junit.jupiter:junit-jupiter-migrationsupport:6.0.3
2026-08-21T16:48:36.262-0300 [DEBUG] [io.spring.gradle.dependencymanagement.internal.DependencyManagementContainer] Found managed version '6.0.3' for dependency 'org.junit.jupiter:junit-jupiter-migrationsupport' in global dependency management
2026-08-21T16:48:36.262-0300 [DEBUG] [io.spring.gradle.dependencymanagement.internal.VersionConfiguringAction] Using version '6.0.3' for dependency 'org.junit.jupiter:junit-jupiter-migrationsupport:6.0.3'
2026-08-21T16:48:36.262-0300 [DEBUG] [io.spring.gradle.dependencymanagement.internal.VersionConfiguringAction] Processing requested dependency 'org.junit.jupiter:junit-jupiter-params:6.0.3' with target 'org.junit.jupiter:junit-jupiter-params:6.0.3
2026-08-21T16:48:36.262-0300 [DEBUG] [io.spring.gradle.dependencymanagement.internal.DependencyManagementContainer] Found managed version '6.0.3' for dependency 'org.junit.jupiter:junit-jupiter-params' in global dependency management
2026-08-21T16:48:36.262-0300 [DEBUG] [io.spring.gradle.dependencymanagement.internal.VersionConfiguringAction] Using version '6.0.3' for dependency 'org.junit.jupiter:junit-jupiter-params:6.0.3'
2026-08-21T16:48:36.262-0300 [DEBUG] [io.spring.gradle.dependencymanagement.internal.VersionConfiguringAction] Processing requested dependency 'org.junit.platform:junit-platform-commons:6.0.3' with target 'org.junit.platform:junit-platform-commons:6.0.3
2026-08-21T16:48:36.262-0300 [DEBUG] [io.spring.gradle.dependencymanagement.internal.DependencyManagementContainer] Found managed version '6.0.3' for dependency 'org.junit.platform:junit-platform-commons' in global dependency management
2026-08-21T16:48:36.262-0300 [DEBUG] [io.spring.gradle.dependencymanagement.internal.VersionConfiguringAction] Using version '6.0.3' for dependency 'org.junit.platform:junit-platform-commons:6.0.3'
2026-08-21T16:48:36.262-0300 [DEBUG] [io.spring.gradle.dependencymanagement.internal.VersionConfiguringAction] Processing requested dependency 'org.junit.platform:junit-platform-console:6.0.3' with target 'org.junit.platform:junit-platform-console:6.0.3
2026-08-21T16:48:36.262-0300 [DEBUG] [io.spring.gradle.dependencymanagement.internal.DependencyManagementContainer] Found managed version '6.0.3' for dependency 'org.junit.platform:junit-platform-console' in global dependency management
2026-08-21T16:48:36.262-0300 [DEBUG] [io.spring.gradle.dependencymanagement.internal.VersionConfiguringAction] Using version '6.0.3' for dependency 'org.junit.platform:junit-platform-console:6.0.3'
2026-08-21T16:48:36.262-0300 [DEBUG] [io.spring.gradle.dependencymanagement.internal.VersionConfiguringAction] Processing requested dependency 'org.junit.platform:junit-platform-launcher:6.0.3' with target 'org.junit.platform:junit-platform-launcher:6.0.3
2026-08-21T16:48:36.262-0300 [DEBUG] [io.spring.gradle.dependencymanagement.internal.DependencyManagementContainer] Found managed version '6.0.3' for dependency 'org.junit.platform:junit-platform-launcher' in global dependency management
2026-08-21T16:48:36.262-0300 [DEBUG] [io.spring.gradle.dependencymanagement.internal.VersionConfiguringAction] Using version '6.0.3' for dependency 'org.junit.platform:junit-platform-launcher:6.0.3'
2026-08-21T16:48:36.262-0300 [DEBUG] [io.spring.gradle.dependencymanagement.internal.VersionConfiguringAction] Processing requested dependency 'org.junit.platform:junit-platform-reporting:6.0.3' with target 'org.junit.platform:junit-platform-reporting:6.0.3
2026-08-21T16:48:36.262-0300 [DEBUG] [io.spring.gradle.dependencymanagement.internal.DependencyManagementContainer] Found managed version '6.0.3' for dependency 'org.junit.platform:junit-platform-reporting' in global dependency management
2026-08-21T16:48:36.262-0300 [DEBUG] [io.spring.gradle.dependencymanagement.internal.VersionConfiguringAction] Using version '6.0.3' for dependency 'org.junit.platform:junit-platform-reporting:6.0.3'
2026-08-21T16:48:36.262-0300 [DEBUG] [io.spring.gradle.dependencymanagement.internal.VersionConfiguringAction] Processing requested dependency 'org.junit.platform:junit-platform-suite:6.0.3' with target 'org.junit.platform:junit-platform-suite:6.0.3
2026-08-21T16:48:36.262-0300 [DEBUG] [io.spring.gradle.dependencymanagement.internal.DependencyManagementContainer] Found managed version '6.0.3' for dependency 'org.junit.platform:junit-platform-suite' in global dependency management
2026-08-21T16:48:36.262-0300 [DEBUG] [io.spring.gradle.dependencymanagement.internal.VersionConfiguringAction] Using version '6.0.3' for dependency 'org.junit.platform:junit-platform-suite:6.0.3'
2026-08-21T16:48:36.262-0300 [DEBUG] [io.spring.gradle.dependencymanagement.internal.VersionConfiguringAction] Processing requested dependency 'org.junit.platform:junit-platform-suite-api:6.0.3' with target 'org.junit.platform:junit-platform-suite-api:6.0.3
2026-08-21T16:48:36.262-0300 [DEBUG] [io.spring.gradle.dependencymanagement.internal.DependencyManagementContainer] Found managed version '6.0.3' for dependency 'org.junit.platform:junit-platform-suite-api' in global dependency management
2026-08-21T16:48:36.262-0300 [DEBUG] [io.spring.gradle.dependencymanagement.internal.VersionConfiguringAction] Using version '6.0.3' for dependency 'org.junit.platform:junit-platform-suite-api:6.0.3'
2026-08-21T16:48:36.262-0300 [DEBUG] [io.spring.gradle.dependencymanagement.internal.VersionConfiguringAction] Processing requested dependency 'org.junit.platform:junit-platform-suite-engine:6.0.3' with target 'org.junit.platform:junit-platform-suite-engine:6.0.3
2026-08-21T16:48:36.262-0300 [DEBUG] [io.spring.gradle.dependencymanagement.internal.DependencyManagementContainer] Found managed version '6.0.3' for dependency 'org.junit.platform:junit-platform-suite-engine' in global dependency management
2026-08-21T16:48:36.262-0300 [DEBUG] [io.spring.gradle.dependencymanagement.internal.VersionConfiguringAction] Using version '6.0.3' for dependency 'org.junit.platform:junit-platform-suite-engine:6.0.3'
2026-08-21T16:48:36.262-0300 [DEBUG] [io.spring.gradle.dependencymanagement.internal.VersionConfiguringAction] Processing requested dependency 'org.junit.platform:junit-platform-testkit:6.0.3' with target 'org.junit.platform:junit-platform-testkit:6.0.3
2026-08-21T16:48:36.262-0300 [DEBUG] [io.spring.gradle.dependencymanagement.internal.DependencyManagementContainer] Found managed version '6.0.3' for dependency 'org.junit.platform:junit-platform-testkit' in global dependency management
2026-08-21T16:48:36.262-0300 [DEBUG] [io.spring.gradle.dependencymanagement.internal.VersionConfiguringAction] Using version '6.0.3' for dependency 'org.junit.platform:junit-platform-testkit:6.0.3'
2026-08-21T16:48:36.262-0300 [DEBUG] [io.spring.gradle.dependencymanagement.internal.VersionConfiguringAction] Processing requested dependency 'org.junit.vintage:junit-vintage-engine:6.0.3' with target 'org.junit.vintage:junit-vintage-engine:6.0.3
2026-08-21T16:48:36.262-0300 [DEBUG] [io.spring.gradle.dependencymanagement.internal.DependencyManagementContainer] Found managed version '6.0.3' for dependency 'org.junit.vintage:junit-vintage-engine' in global dependency management
2026-08-21T16:48:36.262-0300 [DEBUG] [io.spring.gradle.dependencymanagement.internal.VersionConfiguringAction] Using version '6.0.3' for dependency 'org.junit.vintage:junit-vintage-engine:6.0.3'
2026-08-21T16:48:36.262-0300 [DEBUG] [org.gradle.api.internal.artifacts.ivyservice.ivyresolve.RepositoryChainComponentMetaDataResolver] Attempting to resolve component for org.junit.platform:junit-platform-engine:6.0.3 using repositories [MavenRepo]
2026-08-21T16:48:36.262-0300 [DEBUG] [org.gradle.api.internal.artifacts.ivyservice.ivyresolve.CachingModuleComponentRepository] Using cached module metadata for module 'org.junit.platform:junit-platform-engine:6.0.3' in 'MavenRepo'
2026-08-21T16:48:36.262-0300 [DEBUG] [org.gradle.api.internal.artifacts.ivyservice.ivyresolve.RepositoryChainComponentMetaDataResolver] Using org.junit.platform:junit-platform-engine:6.0.3 from org.gradle.api.internal.artifacts.ivyservice.ivyresolve.FilteredModuleComponentRepository@4710c7a6
2026-08-21T16:48:36.263-0300 [DEBUG] [io.spring.gradle.dependencymanagement.internal.VersionConfiguringAction] Processing requested dependency 'org.springframework.boot:spring-boot-starter:4.1.0' with target 'org.springframework.boot:spring-boot-starter:4.1.0
2026-08-21T16:48:36.263-0300 [DEBUG] [io.spring.gradle.dependencymanagement.internal.DependencyManagementContainer] Found managed version '4.1.0' for dependency 'org.springframework.boot:spring-boot-starter' in global dependency management
2026-08-21T16:48:36.263-0300 [DEBUG] [io.spring.gradle.dependencymanagement.internal.VersionConfiguringAction] Using version '4.1.0' for dependency 'org.springframework.boot:spring-boot-starter:4.1.0'
2026-08-21T16:48:36.263-0300 [DEBUG] [io.spring.gradle.dependencymanagement.internal.VersionConfiguringAction] Processing requested dependency 'org.springframework.boot:spring-boot-test:4.1.0' with target 'org.springframework.boot:spring-boot-test:4.1.0
2026-08-21T16:48:36.263-0300 [DEBUG] [io.spring.gradle.dependencymanagement.internal.DependencyManagementContainer] Found managed version '4.1.0' for dependency 'org.springframework.boot:spring-boot-test' in global dependency management
2026-08-21T16:48:36.263-0300 [DEBUG] [io.spring.gradle.dependencymanagement.internal.VersionConfiguringAction] Using version '4.1.0' for dependency 'org.springframework.boot:spring-boot-test:4.1.0'
2026-08-21T16:48:36.263-0300 [DEBUG] [io.spring.gradle.dependencymanagement.internal.VersionConfiguringAction] Processing requested dependency 'org.springframework.boot:spring-boot-test-autoconfigure:4.1.0' with target 'org.springframework.boot:spring-boot-test-autoconfigure:4.1.0
2026-08-21T16:48:36.263-0300 [DEBUG] [io.spring.gradle.dependencymanagement.internal.DependencyManagementContainer] Found managed version '4.1.0' for dependency 'org.springframework.boot:spring-boot-test-autoconfigure' in global dependency management
2026-08-21T16:48:36.263-0300 [DEBUG] [io.spring.gradle.dependencymanagement.internal.VersionConfiguringAction] Using version '4.1.0' for dependency 'org.springframework.boot:spring-boot-test-autoconfigure:4.1.0'
2026-08-21T16:48:36.263-0300 [DEBUG] [io.spring.gradle.dependencymanagement.internal.VersionConfiguringAction] Processing requested dependency 'com.jayway.jsonpath:json-path:2.10.0' with target 'com.jayway.jsonpath:json-path:2.10.0
2026-08-21T16:48:36.263-0300 [DEBUG] [io.spring.gradle.dependencymanagement.internal.DependencyManagementContainer] Found managed version '2.10.0' for dependency 'com.jayway.jsonpath:json-path' in global dependency management
2026-08-21T16:48:36.263-0300 [DEBUG] [io.spring.gradle.dependencymanagement.internal.VersionConfiguringAction] Using version '2.10.0' for dependency 'com.jayway.jsonpath:json-path:2.10.0'
2026-08-21T16:48:36.263-0300 [DEBUG] [io.spring.gradle.dependencymanagement.internal.VersionConfiguringAction] Processing requested dependency 'jakarta.xml.bind:jakarta.xml.bind-api:4.0.5' with target 'jakarta.xml.bind:jakarta.xml.bind-api:4.0.5
2026-08-21T16:48:36.263-0300 [DEBUG] [io.spring.gradle.dependencymanagement.internal.DependencyManagementContainer] Found managed version '4.0.5' for dependency 'jakarta.xml.bind:jakarta.xml.bind-api' in global dependency management
2026-08-21T16:48:36.263-0300 [DEBUG] [io.spring.gradle.dependencymanagement.internal.VersionConfiguringAction] Using version '4.0.5' for dependency 'jakarta.xml.bind:jakarta.xml.bind-api:4.0.5'
2026-08-21T16:48:36.263-0300 [DEBUG] [io.spring.gradle.dependencymanagement.internal.VersionConfiguringAction] Processing requested dependency 'net.minidev:json-smart:2.6.0' with target 'net.minidev:json-smart:2.6.0
2026-08-21T16:48:36.263-0300 [DEBUG] [io.spring.gradle.dependencymanagement.internal.DependencyManagementContainer] Found managed version '2.6.0' for dependency 'net.minidev:json-smart' in global dependency management
2026-08-21T16:48:36.263-0300 [DEBUG] [io.spring.gradle.dependencymanagement.internal.VersionConfiguringAction] Using version '2.6.0' for dependency 'net.minidev:json-smart:2.6.0'
2026-08-21T16:48:36.263-0300 [DEBUG] [io.spring.gradle.dependencymanagement.internal.VersionConfiguringAction] Processing requested dependency 'org.assertj:assertj-core:3.27.7' with target 'org.assertj:assertj-core:3.27.7
2026-08-21T16:48:36.263-0300 [DEBUG] [io.spring.gradle.dependencymanagement.internal.DependencyManagementContainer] Found managed version '3.27.7' for dependency 'org.assertj:assertj-core' in global dependency management
2026-08-21T16:48:36.263-0300 [DEBUG] [io.spring.gradle.dependencymanagement.internal.VersionConfiguringAction] Using version '3.27.7' for dependency 'org.assertj:assertj-core:3.27.7'
2026-08-21T16:48:36.263-0300 [DEBUG] [io.spring.gradle.dependencymanagement.internal.VersionConfiguringAction] Processing requested dependency 'org.awaitility:awaitility:4.3.0' with target 'org.awaitility:awaitility:4.3.0
2026-08-21T16:48:36.263-0300 [DEBUG] [io.spring.gradle.dependencymanagement.internal.DependencyManagementContainer] Found managed version '4.3.0' for dependency 'org.awaitility:awaitility' in global dependency management
2026-08-21T16:48:36.263-0300 [DEBUG] [io.spring.gradle.dependencymanagement.internal.VersionConfiguringAction] Using version '4.3.0' for dependency 'org.awaitility:awaitility:4.3.0'
2026-08-21T16:48:36.263-0300 [DEBUG] [io.spring.gradle.dependencymanagement.internal.VersionConfiguringAction] Processing requested dependency 'org.hamcrest:hamcrest:3.0' with target 'org.hamcrest:hamcrest:3.0
2026-08-21T16:48:36.263-0300 [DEBUG] [io.spring.gradle.dependencymanagement.internal.DependencyManagementContainer] Found managed version '3.0' for dependency 'org.hamcrest:hamcrest' in global dependency management
2026-08-21T16:48:36.263-0300 [DEBUG] [io.spring.gradle.dependencymanagement.internal.VersionConfiguringAction] Using version '3.0' for dependency 'org.hamcrest:hamcrest:3.0'
2026-08-21T16:48:36.263-0300 [DEBUG] [io.spring.gradle.dependencymanagement.internal.VersionConfiguringAction] Processing requested dependency 'org.mockito:mockito-core:5.23.0' with target 'org.mockito:mockito-core:5.23.0
2026-08-21T16:48:36.263-0300 [DEBUG] [io.spring.gradle.dependencymanagement.internal.DependencyManagementContainer] Found managed version '5.23.0' for dependency 'org.mockito:mockito-core' in global dependency management
2026-08-21T16:48:36.263-0300 [DEBUG] [io.spring.gradle.dependencymanagement.internal.VersionConfiguringAction] Using version '5.23.0' for dependency 'org.mockito:mockito-core:5.23.0'
2026-08-21T16:48:36.263-0300 [DEBUG] [io.spring.gradle.dependencymanagement.internal.VersionConfiguringAction] Processing requested dependency 'org.mockito:mockito-junit-jupiter:5.23.0' with target 'org.mockito:mockito-junit-jupiter:5.23.0
2026-08-21T16:48:36.263-0300 [DEBUG] [io.spring.gradle.dependencymanagement.internal.DependencyManagementContainer] Found managed version '5.23.0' for dependency 'org.mockito:mockito-junit-jupiter' in global dependency management
2026-08-21T16:48:36.263-0300 [DEBUG] [io.spring.gradle.dependencymanagement.internal.VersionConfiguringAction] Using version '5.23.0' for dependency 'org.mockito:mockito-junit-jupiter:5.23.0'
2026-08-21T16:48:36.263-0300 [DEBUG] [io.spring.gradle.dependencymanagement.internal.VersionConfiguringAction] Processing requested dependency 'org.skyscreamer:jsonassert:1.5.3' with target 'org.skyscreamer:jsonassert:1.5.3
2026-08-21T16:48:36.263-0300 [DEBUG] [io.spring.gradle.dependencymanagement.internal.DependencyManagementContainer] Found managed version '1.5.3' for dependency 'org.skyscreamer:jsonassert' in global dependency management
2026-08-21T16:48:36.264-0300 [DEBUG] [io.spring.gradle.dependencymanagement.internal.VersionConfiguringAction] Using version '1.5.3' for dependency 'org.skyscreamer:jsonassert:1.5.3'
2026-08-21T16:48:36.264-0300 [DEBUG] [io.spring.gradle.dependencymanagement.internal.VersionConfiguringAction] Processing requested dependency 'org.springframework:spring-core:7.0.8' with target 'org.springframework:spring-core:7.0.8
2026-08-21T16:48:36.264-0300 [DEBUG] [io.spring.gradle.dependencymanagement.internal.DependencyManagementContainer] Found managed version '7.0.8' for dependency 'org.springframework:spring-core' in global dependency management
2026-08-21T16:48:36.264-0300 [DEBUG] [io.spring.gradle.dependencymanagement.internal.VersionConfiguringAction] Using version '7.0.8' for dependency 'org.springframework:spring-core:7.0.8'
2026-08-21T16:48:36.264-0300 [DEBUG] [io.spring.gradle.dependencymanagement.internal.VersionConfiguringAction] Processing requested dependency 'org.springframework:spring-test:7.0.8' with target 'org.springframework:spring-test:7.0.8
2026-08-21T16:48:36.264-0300 [DEBUG] [io.spring.gradle.dependencymanagement.internal.DependencyManagementContainer] Found managed version '7.0.8' for dependency 'org.springframework:spring-test' in global dependency management
2026-08-21T16:48:36.264-0300 [DEBUG] [io.spring.gradle.dependencymanagement.internal.VersionConfiguringAction] Using version '7.0.8' for dependency 'org.springframework:spring-test:7.0.8'
2026-08-21T16:48:36.264-0300 [DEBUG] [io.spring.gradle.dependencymanagement.internal.VersionConfiguringAction] Processing requested dependency 'org.xmlunit:xmlunit-core:2.11.0' with target 'org.xmlunit:xmlunit-core:2.11.0
2026-08-21T16:48:36.264-0300 [DEBUG] [io.spring.gradle.dependencymanagement.internal.DependencyManagementContainer] Found managed version '2.11.0' for dependency 'org.xmlunit:xmlunit-core' in global dependency management
2026-08-21T16:48:36.264-0300 [DEBUG] [io.spring.gradle.dependencymanagement.internal.VersionConfiguringAction] Using version '2.11.0' for dependency 'org.xmlunit:xmlunit-core:2.11.0'
2026-08-21T16:48:36.266-0300 [DEBUG] [org.gradle.api.internal.artifacts.ivyservice.ivyresolve.RepositoryChainComponentMetaDataResolver] Attempting to resolve component for org.springframework.boot:spring-boot-test:4.1.0 using repositories [MavenRepo]
2026-08-21T16:48:36.266-0300 [DEBUG] [org.gradle.api.internal.artifacts.ivyservice.ivyresolve.CachingModuleComponentRepository] Using cached module metadata for module 'org.springframework.boot:spring-boot-test:4.1.0' in 'MavenRepo'
2026-08-21T16:48:36.266-0300 [DEBUG] [org.gradle.api.internal.artifacts.ivyservice.ivyresolve.RepositoryChainComponentMetaDataResolver] Using org.springframework.boot:spring-boot-test:4.1.0 from org.gradle.api.internal.artifacts.ivyservice.ivyresolve.FilteredModuleComponentRepository@4710c7a6
2026-08-21T16:48:36.267-0300 [DEBUG] [org.gradle.api.internal.attributes.matching.DefaultAttributeMatcher] Selected matches [1] from candidates [{org.gradle.category=library, org.gradle.dependency.bundling=external, org.gradle.jvm.environment=standard-jvm, org.gradle.jvm.version=17, org.gradle.libraryelements=jar, org.gradle.status=release, org.gradle.usage=java-api, org.jetbrains.kotlin.platform.type=jvm}, {org.gradle.category=library, org.gradle.dependency.bundling=external, org.gradle.jvm.environment=standard-jvm, org.gradle.jvm.version=17, org.gradle.libraryelements=jar, org.gradle.status=release, org.gradle.usage=java-runtime, org.jetbrains.kotlin.platform.type=jvm}, {org.gradle.category=documentation, org.gradle.dependency.bundling=external, org.gradle.docstype=javadoc, org.gradle.status=release, org.gradle.usage=java-runtime}, {org.gradle.category=documentation, org.gradle.dependency.bundling=external, org.gradle.docstype=sources, org.gradle.status=release, org.gradle.usage=java-runtime}] for {}
2026-08-21T16:48:36.267-0300 [DEBUG] [org.gradle.api.internal.artifacts.ivyservice.ivyresolve.RepositoryChainComponentMetaDataResolver] Attempting to resolve component for org.springframework.boot:spring-boot-test-autoconfigure:4.1.0 using repositories [MavenRepo]
2026-08-21T16:48:36.267-0300 [DEBUG] [org.gradle.api.internal.artifacts.ivyservice.ivyresolve.CachingModuleComponentRepository] Using cached module metadata for module 'org.springframework.boot:spring-boot-test-autoconfigure:4.1.0' in 'MavenRepo'
2026-08-21T16:48:36.267-0300 [DEBUG] [org.gradle.api.internal.artifacts.ivyservice.ivyresolve.RepositoryChainComponentMetaDataResolver] Using org.springframework.boot:spring-boot-test-autoconfigure:4.1.0 from org.gradle.api.internal.artifacts.ivyservice.ivyresolve.FilteredModuleComponentRepository@4710c7a6
2026-08-21T16:48:36.267-0300 [DEBUG] [org.gradle.api.internal.artifacts.ivyservice.ivyresolve.RepositoryChainComponentMetaDataResolver] Attempting to resolve component for com.jayway.jsonpath:json-path:2.10.0 using repositories [MavenRepo]
2026-08-21T16:48:36.267-0300 [DEBUG] [org.gradle.api.internal.artifacts.ivyservice.ivyresolve.CachingModuleComponentRepository] Using cached module metadata for module 'com.jayway.jsonpath:json-path:2.10.0' in 'MavenRepo'
2026-08-21T16:48:36.267-0300 [DEBUG] [org.gradle.api.internal.artifacts.ivyservice.ivyresolve.RepositoryChainComponentMetaDataResolver] Using com.jayway.jsonpath:json-path:2.10.0 from org.gradle.api.internal.artifacts.ivyservice.ivyresolve.FilteredModuleComponentRepository@4710c7a6
2026-08-21T16:48:36.267-0300 [DEBUG] [org.gradle.api.internal.attributes.matching.DefaultAttributeMatcher] Selected matches [1] from candidates [{org.gradle.category=library, org.gradle.dependency.bundling=external, org.gradle.jvm.version=8, org.gradle.libraryelements=jar, org.gradle.status=release, org.gradle.usage=java-api}, {org.gradle.category=library, org.gradle.dependency.bundling=external, org.gradle.jvm.version=8, org.gradle.libraryelements=jar, org.gradle.status=release, org.gradle.usage=java-runtime}, {org.gradle.category=documentation, org.gradle.dependency.bundling=external, org.gradle.docstype=javadoc, org.gradle.status=release, org.gradle.usage=java-runtime}, {org.gradle.category=documentation, org.gradle.dependency.bundling=external, org.gradle.docstype=sources, org.gradle.status=release, org.gradle.usage=java-runtime}] for {}
2026-08-21T16:48:36.267-0300 [DEBUG] [org.gradle.api.internal.artifacts.ivyservice.ivyresolve.RepositoryChainComponentMetaDataResolver] Attempting to resolve component for jakarta.xml.bind:jakarta.xml.bind-api:4.0.5 using repositories [MavenRepo]
2026-08-21T16:48:36.267-0300 [DEBUG] [org.gradle.api.internal.artifacts.ivyservice.ivyresolve.CachingModuleComponentRepository] Using cached module metadata for module 'jakarta.xml.bind:jakarta.xml.bind-api:4.0.5' in 'MavenRepo'
2026-08-21T16:48:36.267-0300 [DEBUG] [org.gradle.api.internal.artifacts.ivyservice.ivyresolve.RepositoryChainComponentMetaDataResolver] Using jakarta.xml.bind:jakarta.xml.bind-api:4.0.5 from org.gradle.api.internal.artifacts.ivyservice.ivyresolve.FilteredModuleComponentRepository@4710c7a6
2026-08-21T16:48:36.267-0300 [DEBUG] [org.gradle.api.internal.artifacts.ivyservice.ivyresolve.RepositoryChainComponentMetaDataResolver] Attempting to resolve component for net.minidev:json-smart:2.6.0 using repositories [MavenRepo]
2026-08-21T16:48:36.267-0300 [DEBUG] [org.gradle.api.internal.artifacts.ivyservice.ivyresolve.CachingModuleComponentRepository] Using cached module metadata for module 'net.minidev:json-smart:2.6.0' in 'MavenRepo'
2026-08-21T16:48:36.267-0300 [DEBUG] [org.gradle.api.internal.artifacts.ivyservice.ivyresolve.RepositoryChainComponentMetaDataResolver] Using net.minidev:json-smart:2.6.0 from org.gradle.api.internal.artifacts.ivyservice.ivyresolve.FilteredModuleComponentRepository@4710c7a6
2026-08-21T16:48:36.267-0300 [DEBUG] [org.gradle.api.internal.artifacts.ivyservice.ivyresolve.RepositoryChainComponentMetaDataResolver] Attempting to resolve component for org.assertj:assertj-core:3.27.7 using repositories [MavenRepo]
2026-08-21T16:48:36.267-0300 [DEBUG] [org.gradle.api.internal.artifacts.ivyservice.ivyresolve.CachingModuleComponentRepository] Using cached module metadata for module 'org.assertj:assertj-core:3.27.7' in 'MavenRepo'
2026-08-21T16:48:36.267-0300 [DEBUG] [org.gradle.api.internal.artifacts.ivyservice.ivyresolve.RepositoryChainComponentMetaDataResolver] Using org.assertj:assertj-core:3.27.7 from org.gradle.api.internal.artifacts.ivyservice.ivyresolve.FilteredModuleComponentRepository@4710c7a6
2026-08-21T16:48:36.267-0300 [DEBUG] [org.gradle.api.internal.artifacts.ivyservice.ivyresolve.RepositoryChainComponentMetaDataResolver] Attempting to resolve component for org.awaitility:awaitility:4.3.0 using repositories [MavenRepo]
2026-08-21T16:48:36.267-0300 [DEBUG] [org.gradle.api.internal.artifacts.ivyservice.ivyresolve.CachingModuleComponentRepository] Using cached module metadata for module 'org.awaitility:awaitility:4.3.0' in 'MavenRepo'
2026-08-21T16:48:36.267-0300 [DEBUG] [org.gradle.api.internal.artifacts.ivyservice.ivyresolve.RepositoryChainComponentMetaDataResolver] Using org.awaitility:awaitility:4.3.0 from org.gradle.api.internal.artifacts.ivyservice.ivyresolve.FilteredModuleComponentRepository@4710c7a6
2026-08-21T16:48:36.267-0300 [DEBUG] [org.gradle.api.internal.artifacts.ivyservice.ivyresolve.RepositoryChainComponentMetaDataResolver] Attempting to resolve component for org.hamcrest:hamcrest:3.0 using repositories [MavenRepo]
2026-08-21T16:48:36.267-0300 [DEBUG] [org.gradle.api.internal.artifacts.ivyservice.ivyresolve.CachingModuleComponentRepository] Using cached module metadata for module 'org.hamcrest:hamcrest:3.0' in 'MavenRepo'
2026-08-21T16:48:36.267-0300 [DEBUG] [org.gradle.api.internal.artifacts.ivyservice.ivyresolve.RepositoryChainComponentMetaDataResolver] Using org.hamcrest:hamcrest:3.0 from org.gradle.api.internal.artifacts.ivyservice.ivyresolve.FilteredModuleComponentRepository@4710c7a6
2026-08-21T16:48:36.267-0300 [DEBUG] [org.gradle.api.internal.attributes.matching.DefaultAttributeMatcher] Selected matches [1] from candidates [{org.gradle.category=library, org.gradle.dependency.bundling=external, org.gradle.jvm.version=8, org.gradle.libraryelements=jar, org.gradle.status=release, org.gradle.usage=java-api}, {org.gradle.category=library, org.gradle.dependency.bundling=external, org.gradle.jvm.version=8, org.gradle.libraryelements=jar, org.gradle.status=release, org.gradle.usage=java-runtime}] for {}
2026-08-21T16:48:36.267-0300 [DEBUG] [org.gradle.api.internal.artifacts.ivyservice.ivyresolve.RepositoryChainComponentMetaDataResolver] Attempting to resolve component for org.junit.jupiter:junit-jupiter:6.0.3 using repositories [MavenRepo]
2026-08-21T16:48:36.267-0300 [DEBUG] [org.gradle.api.internal.artifacts.ivyservice.ivyresolve.CachingModuleComponentRepository] Using cached module metadata for module 'org.junit.jupiter:junit-jupiter:6.0.3' in 'MavenRepo'
2026-08-21T16:48:36.267-0300 [DEBUG] [org.gradle.api.internal.artifacts.ivyservice.ivyresolve.RepositoryChainComponentMetaDataResolver] Using org.junit.jupiter:junit-jupiter:6.0.3 from org.gradle.api.internal.artifacts.ivyservice.ivyresolve.FilteredModuleComponentRepository@4710c7a6
2026-08-21T16:48:36.267-0300 [DEBUG] [org.gradle.api.internal.artifacts.ivyservice.ivyresolve.RepositoryChainComponentMetaDataResolver] Attempting to resolve component for org.mockito:mockito-core:5.23.0 using repositories [MavenRepo]
2026-08-21T16:48:36.267-0300 [DEBUG] [org.gradle.api.internal.artifacts.ivyservice.ivyresolve.CachingModuleComponentRepository] Using cached module metadata for module 'org.mockito:mockito-core:5.23.0' in 'MavenRepo'
2026-08-21T16:48:36.267-0300 [DEBUG] [org.gradle.api.internal.artifacts.ivyservice.ivyresolve.RepositoryChainComponentMetaDataResolver] Using org.mockito:mockito-core:5.23.0 from org.gradle.api.internal.artifacts.ivyservice.ivyresolve.FilteredModuleComponentRepository@4710c7a6
2026-08-21T16:48:36.268-0300 [DEBUG] [org.gradle.api.internal.artifacts.ivyservice.ivyresolve.RepositoryChainComponentMetaDataResolver] Attempting to resolve component for org.mockito:mockito-junit-jupiter:5.23.0 using repositories [MavenRepo]
2026-08-21T16:48:36.268-0300 [DEBUG] [org.gradle.api.internal.artifacts.ivyservice.ivyresolve.CachingModuleComponentRepository] Using cached module metadata for module 'org.mockito:mockito-junit-jupiter:5.23.0' in 'MavenRepo'
2026-08-21T16:48:36.268-0300 [DEBUG] [org.gradle.api.internal.artifacts.ivyservice.ivyresolve.RepositoryChainComponentMetaDataResolver] Using org.mockito:mockito-junit-jupiter:5.23.0 from org.gradle.api.internal.artifacts.ivyservice.ivyresolve.FilteredModuleComponentRepository@4710c7a6
2026-08-21T16:48:36.268-0300 [DEBUG] [org.gradle.api.internal.artifacts.ivyservice.ivyresolve.RepositoryChainComponentMetaDataResolver] Attempting to resolve component for org.skyscreamer:jsonassert:1.5.3 using repositories [MavenRepo]
2026-08-21T16:48:36.268-0300 [DEBUG] [org.gradle.api.internal.artifacts.ivyservice.ivyresolve.CachingModuleComponentRepository] Using cached module metadata for module 'org.skyscreamer:jsonassert:1.5.3' in 'MavenRepo'
2026-08-21T16:48:36.268-0300 [DEBUG] [org.gradle.api.internal.artifacts.ivyservice.ivyresolve.RepositoryChainComponentMetaDataResolver] Using org.skyscreamer:jsonassert:1.5.3 from org.gradle.api.internal.artifacts.ivyservice.ivyresolve.FilteredModuleComponentRepository@4710c7a6
2026-08-21T16:48:36.268-0300 [DEBUG] [org.gradle.api.internal.artifacts.ivyservice.ivyresolve.RepositoryChainComponentMetaDataResolver] Attempting to resolve component for org.springframework:spring-core:7.0.8 using repositories [MavenRepo]
2026-08-21T16:48:36.268-0300 [DEBUG] [org.gradle.api.internal.artifacts.ivyservice.ivyresolve.CachingModuleComponentRepository] Using cached module metadata for module 'org.springframework:spring-core:7.0.8' in 'MavenRepo'
2026-08-21T16:48:36.268-0300 [DEBUG] [org.gradle.api.internal.artifacts.ivyservice.ivyresolve.RepositoryChainComponentMetaDataResolver] Using org.springframework:spring-core:7.0.8 from org.gradle.api.internal.artifacts.ivyservice.ivyresolve.FilteredModuleComponentRepository@4710c7a6
2026-08-21T16:48:36.268-0300 [DEBUG] [org.gradle.api.internal.attributes.matching.DefaultAttributeMatcher] Selected matches [1] from candidates [{org.gradle.category=library, org.gradle.dependency.bundling=external, org.gradle.jvm.environment=standard-jvm, org.gradle.jvm.version=17, org.gradle.libraryelements=jar, org.gradle.status=release, org.gradle.usage=java-api, org.jetbrains.kotlin.platform.type=jvm}, {org.gradle.category=library, org.gradle.dependency.bundling=external, org.gradle.jvm.environment=standard-jvm, org.gradle.jvm.version=17, org.gradle.libraryelements=jar, org.gradle.status=release, org.gradle.usage=java-runtime, org.jetbrains.kotlin.platform.type=jvm}] for {}
2026-08-21T16:48:36.268-0300 [DEBUG] [org.gradle.api.internal.artifacts.ivyservice.ivyresolve.RepositoryChainComponentMetaDataResolver] Attempting to resolve component for org.springframework:spring-test:7.0.8 using repositories [MavenRepo]
2026-08-21T16:48:36.268-0300 [DEBUG] [org.gradle.api.internal.artifacts.ivyservice.ivyresolve.CachingModuleComponentRepository] Using cached module metadata for module 'org.springframework:spring-test:7.0.8' in 'MavenRepo'
2026-08-21T16:48:36.268-0300 [DEBUG] [org.gradle.api.internal.artifacts.ivyservice.ivyresolve.RepositoryChainComponentMetaDataResolver] Using org.springframework:spring-test:7.0.8 from org.gradle.api.internal.artifacts.ivyservice.ivyresolve.FilteredModuleComponentRepository@4710c7a6
2026-08-21T16:48:36.268-0300 [DEBUG] [org.gradle.api.internal.artifacts.ivyservice.ivyresolve.RepositoryChainComponentMetaDataResolver] Attempting to resolve component for org.xmlunit:xmlunit-core:2.11.0 using repositories [MavenRepo]
2026-08-21T16:48:36.268-0300 [DEBUG] [org.gradle.api.internal.artifacts.ivyservice.ivyresolve.CachingModuleComponentRepository] Using cached module metadata for module 'org.xmlunit:xmlunit-core:2.11.0' in 'MavenRepo'
2026-08-21T16:48:36.268-0300 [DEBUG] [org.gradle.api.internal.artifacts.ivyservice.ivyresolve.RepositoryChainComponentMetaDataResolver] Using org.xmlunit:xmlunit-core:2.11.0 from org.gradle.api.internal.artifacts.ivyservice.ivyresolve.FilteredModuleComponentRepository@4710c7a6
2026-08-21T16:48:36.268-0300 [DEBUG] [io.spring.gradle.dependencymanagement.internal.VersionConfiguringAction] Processing requested dependency 'org.springframework.boot:spring-boot-starter-logging:4.1.0' with target 'org.springframework.boot:spring-boot-starter-logging:4.1.0
2026-08-21T16:48:36.268-0300 [DEBUG] [io.spring.gradle.dependencymanagement.internal.DependencyManagementContainer] Found managed version '4.1.0' for dependency 'org.springframework.boot:spring-boot-starter-logging' in global dependency management
2026-08-21T16:48:36.268-0300 [DEBUG] [io.spring.gradle.dependencymanagement.internal.VersionConfiguringAction] Using version '4.1.0' for dependency 'org.springframework.boot:spring-boot-starter-logging:4.1.0'
2026-08-21T16:48:36.268-0300 [DEBUG] [io.spring.gradle.dependencymanagement.internal.VersionConfiguringAction] Processing requested dependency 'org.springframework.boot:spring-boot-autoconfigure:4.1.0' with target 'org.springframework.boot:spring-boot-autoconfigure:4.1.0
2026-08-21T16:48:36.268-0300 [DEBUG] [io.spring.gradle.dependencymanagement.internal.DependencyManagementContainer] Found managed version '4.1.0' for dependency 'org.springframework.boot:spring-boot-autoconfigure' in global dependency management
2026-08-21T16:48:36.268-0300 [DEBUG] [io.spring.gradle.dependencymanagement.internal.VersionConfiguringAction] Using version '4.1.0' for dependency 'org.springframework.boot:spring-boot-autoconfigure:4.1.0'
2026-08-21T16:48:36.268-0300 [DEBUG] [io.spring.gradle.dependencymanagement.internal.VersionConfiguringAction] Processing requested dependency 'jakarta.annotation:jakarta.annotation-api:3.0.0' with target 'jakarta.annotation:jakarta.annotation-api:3.0.0
2026-08-21T16:48:36.268-0300 [DEBUG] [io.spring.gradle.dependencymanagement.internal.DependencyManagementContainer] Found managed version '3.0.0' for dependency 'jakarta.annotation:jakarta.annotation-api' in global dependency management
2026-08-21T16:48:36.268-0300 [DEBUG] [io.spring.gradle.dependencymanagement.internal.VersionConfiguringAction] Using version '3.0.0' for dependency 'jakarta.annotation:jakarta.annotation-api:3.0.0'
2026-08-21T16:48:36.268-0300 [DEBUG] [io.spring.gradle.dependencymanagement.internal.VersionConfiguringAction] Processing requested dependency 'org.yaml:snakeyaml:2.6' with target 'org.yaml:snakeyaml:2.6
2026-08-21T16:48:36.268-0300 [DEBUG] [io.spring.gradle.dependencymanagement.internal.DependencyManagementContainer] Found managed version '2.6' for dependency 'org.yaml:snakeyaml' in global dependency management
2026-08-21T16:48:36.268-0300 [DEBUG] [io.spring.gradle.dependencymanagement.internal.VersionConfiguringAction] Using version '2.6' for dependency 'org.yaml:snakeyaml:2.6'
2026-08-21T16:48:36.269-0300 [DEBUG] [org.gradle.api.internal.artifacts.ivyservice.ivyresolve.RepositoryChainComponentMetaDataResolver] Attempting to resolve component for org.springframework.boot:spring-boot-starter-logging:4.1.0 using repositories [MavenRepo]
2026-08-21T16:48:36.269-0300 [DEBUG] [org.gradle.api.internal.artifacts.ivyservice.ivyresolve.CachingModuleComponentRepository] Using cached module metadata for module 'org.springframework.boot:spring-boot-starter-logging:4.1.0' in 'MavenRepo'
2026-08-21T16:48:36.269-0300 [DEBUG] [org.gradle.api.internal.artifacts.ivyservice.ivyresolve.RepositoryChainComponentMetaDataResolver] Using org.springframework.boot:spring-boot-starter-logging:4.1.0 from org.gradle.api.internal.artifacts.ivyservice.ivyresolve.FilteredModuleComponentRepository@4710c7a6
2026-08-21T16:48:36.269-0300 [DEBUG] [org.gradle.api.internal.artifacts.ivyservice.ivyresolve.RepositoryChainComponentMetaDataResolver] Attempting to resolve component for org.springframework.boot:spring-boot-autoconfigure:4.1.0 using repositories [MavenRepo]
2026-08-21T16:48:36.269-0300 [DEBUG] [org.gradle.api.internal.artifacts.ivyservice.ivyresolve.CachingModuleComponentRepository] Using cached module metadata for module 'org.springframework.boot:spring-boot-autoconfigure:4.1.0' in 'MavenRepo'
2026-08-21T16:48:36.269-0300 [DEBUG] [org.gradle.api.internal.artifacts.ivyservice.ivyresolve.RepositoryChainComponentMetaDataResolver] Using org.springframework.boot:spring-boot-autoconfigure:4.1.0 from org.gradle.api.internal.artifacts.ivyservice.ivyresolve.FilteredModuleComponentRepository@4710c7a6
2026-08-21T16:48:36.269-0300 [DEBUG] [org.gradle.api.internal.artifacts.ivyservice.ivyresolve.RepositoryChainComponentMetaDataResolver] Attempting to resolve component for jakarta.annotation:jakarta.annotation-api:3.0.0 using repositories [MavenRepo]
2026-08-21T16:48:36.269-0300 [DEBUG] [org.gradle.api.internal.artifacts.ivyservice.ivyresolve.CachingModuleComponentRepository] Using cached module metadata for module 'jakarta.annotation:jakarta.annotation-api:3.0.0' in 'MavenRepo'
2026-08-21T16:48:36.269-0300 [DEBUG] [org.gradle.api.internal.artifacts.ivyservice.ivyresolve.RepositoryChainComponentMetaDataResolver] Using jakarta.annotation:jakarta.annotation-api:3.0.0 from org.gradle.api.internal.artifacts.ivyservice.ivyresolve.FilteredModuleComponentRepository@4710c7a6
2026-08-21T16:48:36.269-0300 [DEBUG] [org.gradle.api.internal.artifacts.ivyservice.ivyresolve.RepositoryChainComponentMetaDataResolver] Attempting to resolve component for org.yaml:snakeyaml:2.6 using repositories [MavenRepo]
2026-08-21T16:48:36.269-0300 [DEBUG] [org.gradle.api.internal.artifacts.ivyservice.ivyresolve.CachingModuleComponentRepository] Using cached module metadata for module 'org.yaml:snakeyaml:2.6' in 'MavenRepo'
2026-08-21T16:48:36.269-0300 [DEBUG] [org.gradle.api.internal.artifacts.ivyservice.ivyresolve.RepositoryChainComponentMetaDataResolver] Using org.yaml:snakeyaml:2.6 from org.gradle.api.internal.artifacts.ivyservice.ivyresolve.FilteredModuleComponentRepository@4710c7a6
2026-08-21T16:48:36.269-0300 [DEBUG] [io.spring.gradle.dependencymanagement.internal.VersionConfiguringAction] Processing requested dependency 'org.springframework.boot:spring-boot-starter-jackson:4.1.0' with target 'org.springframework.boot:spring-boot-starter-jackson:4.1.0
2026-08-21T16:48:36.269-0300 [DEBUG] [io.spring.gradle.dependencymanagement.internal.DependencyManagementContainer] Found managed version '4.1.0' for dependency 'org.springframework.boot:spring-boot-starter-jackson' in global dependency management
2026-08-21T16:48:36.269-0300 [DEBUG] [io.spring.gradle.dependencymanagement.internal.VersionConfiguringAction] Using version '4.1.0' for dependency 'org.springframework.boot:spring-boot-starter-jackson:4.1.0'
2026-08-21T16:48:36.270-0300 [DEBUG] [io.spring.gradle.dependencymanagement.internal.VersionConfiguringAction] Processing requested dependency 'org.springframework.boot:spring-boot-starter-tomcat:4.1.0' with target 'org.springframework.boot:spring-boot-starter-tomcat:4.1.0
2026-08-21T16:48:36.270-0300 [DEBUG] [io.spring.gradle.dependencymanagement.internal.DependencyManagementContainer] Found managed version '4.1.0' for dependency 'org.springframework.boot:spring-boot-starter-tomcat' in global dependency management
2026-08-21T16:48:36.270-0300 [DEBUG] [io.spring.gradle.dependencymanagement.internal.VersionConfiguringAction] Using version '4.1.0' for dependency 'org.springframework.boot:spring-boot-starter-tomcat:4.1.0'
2026-08-21T16:48:36.270-0300 [DEBUG] [io.spring.gradle.dependencymanagement.internal.VersionConfiguringAction] Processing requested dependency 'org.springframework.boot:spring-boot-http-converter:4.1.0' with target 'org.springframework.boot:spring-boot-http-converter:4.1.0
2026-08-21T16:48:36.270-0300 [DEBUG] [io.spring.gradle.dependencymanagement.internal.DependencyManagementContainer] Found managed version '4.1.0' for dependency 'org.springframework.boot:spring-boot-http-converter' in global dependency management
2026-08-21T16:48:36.270-0300 [DEBUG] [io.spring.gradle.dependencymanagement.internal.VersionConfiguringAction] Using version '4.1.0' for dependency 'org.springframework.boot:spring-boot-http-converter:4.1.0'
2026-08-21T16:48:36.270-0300 [DEBUG] [io.spring.gradle.dependencymanagement.internal.VersionConfiguringAction] Processing requested dependency 'org.springframework.boot:spring-boot-webmvc:4.1.0' with target 'org.springframework.boot:spring-boot-webmvc:4.1.0
2026-08-21T16:48:36.270-0300 [DEBUG] [io.spring.gradle.dependencymanagement.internal.DependencyManagementContainer] Found managed version '4.1.0' for dependency 'org.springframework.boot:spring-boot-webmvc' in global dependency management
2026-08-21T16:48:36.270-0300 [DEBUG] [io.spring.gradle.dependencymanagement.internal.VersionConfiguringAction] Using version '4.1.0' for dependency 'org.springframework.boot:spring-boot-webmvc:4.1.0'
2026-08-21T16:48:36.270-0300 [DEBUG] [org.gradle.api.internal.artifacts.ivyservice.ivyresolve.RepositoryChainComponentMetaDataResolver] Attempting to resolve component for org.springframework.boot:spring-boot-starter-jackson:4.1.0 using repositories [MavenRepo]
2026-08-21T16:48:36.271-0300 [DEBUG] [org.gradle.api.internal.artifacts.ivyservice.ivyresolve.CachingModuleComponentRepository] Using cached module metadata for module 'org.springframework.boot:spring-boot-starter-jackson:4.1.0' in 'MavenRepo'
2026-08-21T16:48:36.271-0300 [DEBUG] [org.gradle.api.internal.artifacts.ivyservice.ivyresolve.RepositoryChainComponentMetaDataResolver] Using org.springframework.boot:spring-boot-starter-jackson:4.1.0 from org.gradle.api.internal.artifacts.ivyservice.ivyresolve.FilteredModuleComponentRepository@4710c7a6
2026-08-21T16:48:36.271-0300 [DEBUG] [org.gradle.api.internal.artifacts.ivyservice.ivyresolve.RepositoryChainComponentMetaDataResolver] Attempting to resolve component for org.springframework.boot:spring-boot-starter-tomcat:4.1.0 using repositories [MavenRepo]
2026-08-21T16:48:36.271-0300 [DEBUG] [org.gradle.api.internal.artifacts.ivyservice.ivyresolve.CachingModuleComponentRepository] Using cached module metadata for module 'org.springframework.boot:spring-boot-starter-tomcat:4.1.0' in 'MavenRepo'
2026-08-21T16:48:36.271-0300 [DEBUG] [org.gradle.api.internal.artifacts.ivyservice.ivyresolve.RepositoryChainComponentMetaDataResolver] Using org.springframework.boot:spring-boot-starter-tomcat:4.1.0 from org.gradle.api.internal.artifacts.ivyservice.ivyresolve.FilteredModuleComponentRepository@4710c7a6
2026-08-21T16:48:36.271-0300 [DEBUG] [org.gradle.api.internal.artifacts.ivyservice.ivyresolve.RepositoryChainComponentMetaDataResolver] Attempting to resolve component for org.springframework.boot:spring-boot-http-converter:4.1.0 using repositories [MavenRepo]
2026-08-21T16:48:36.271-0300 [DEBUG] [org.gradle.api.internal.artifacts.ivyservice.ivyresolve.CachingModuleComponentRepository] Using cached module metadata for module 'org.springframework.boot:spring-boot-http-converter:4.1.0' in 'MavenRepo'
2026-08-21T16:48:36.271-0300 [DEBUG] [org.gradle.api.internal.artifacts.ivyservice.ivyresolve.RepositoryChainComponentMetaDataResolver] Using org.springframework.boot:spring-boot-http-converter:4.1.0 from org.gradle.api.internal.artifacts.ivyservice.ivyresolve.FilteredModuleComponentRepository@4710c7a6
2026-08-21T16:48:36.271-0300 [DEBUG] [org.gradle.api.internal.artifacts.ivyservice.ivyresolve.RepositoryChainComponentMetaDataResolver] Attempting to resolve component for org.springframework.boot:spring-boot-webmvc:4.1.0 using repositories [MavenRepo]
2026-08-21T16:48:36.271-0300 [DEBUG] [org.gradle.api.internal.artifacts.ivyservice.ivyresolve.CachingModuleComponentRepository] Using cached module metadata for module 'org.springframework.boot:spring-boot-webmvc:4.1.0' in 'MavenRepo'
2026-08-21T16:48:36.271-0300 [DEBUG] [org.gradle.api.internal.artifacts.ivyservice.ivyresolve.RepositoryChainComponentMetaDataResolver] Using org.springframework.boot:spring-boot-webmvc:4.1.0 from org.gradle.api.internal.artifacts.ivyservice.ivyresolve.FilteredModuleComponentRepository@4710c7a6
2026-08-21T16:48:36.271-0300 [DEBUG] [io.spring.gradle.dependencymanagement.internal.VersionConfiguringAction] Processing requested dependency 'org.springframework.boot:spring-boot-starter-jdbc:4.1.0' with target 'org.springframework.boot:spring-boot-starter-jdbc:4.1.0
2026-08-21T16:48:36.271-0300 [DEBUG] [io.spring.gradle.dependencymanagement.internal.DependencyManagementContainer] Found managed version '4.1.0' for dependency 'org.springframework.boot:spring-boot-starter-jdbc' in global dependency management
2026-08-21T16:48:36.271-0300 [DEBUG] [io.spring.gradle.dependencymanagement.internal.VersionConfiguringAction] Using version '4.1.0' for dependency 'org.springframework.boot:spring-boot-starter-jdbc:4.1.0'
2026-08-21T16:48:36.271-0300 [DEBUG] [io.spring.gradle.dependencymanagement.internal.VersionConfiguringAction] Processing requested dependency 'org.springframework.boot:spring-boot-data-jpa:4.1.0' with target 'org.springframework.boot:spring-boot-data-jpa:4.1.0
2026-08-21T16:48:36.271-0300 [DEBUG] [io.spring.gradle.dependencymanagement.internal.DependencyManagementContainer] Found managed version '4.1.0' for dependency 'org.springframework.boot:spring-boot-data-jpa' in global dependency management
2026-08-21T16:48:36.271-0300 [DEBUG] [io.spring.gradle.dependencymanagement.internal.VersionConfiguringAction] Using version '4.1.0' for dependency 'org.springframework.boot:spring-boot-data-jpa:4.1.0'
2026-08-21T16:48:36.271-0300 [DEBUG] [io.spring.gradle.dependencymanagement.internal.VersionConfiguringAction] Processing requested dependency 'org.springframework.boot:spring-boot-jdbc:4.1.0' with target 'org.springframework.boot:spring-boot-jdbc:4.1.0
2026-08-21T16:48:36.271-0300 [DEBUG] [io.spring.gradle.dependencymanagement.internal.DependencyManagementContainer] Found managed version '4.1.0' for dependency 'org.springframework.boot:spring-boot-jdbc' in global dependency management
2026-08-21T16:48:36.271-0300 [DEBUG] [io.spring.gradle.dependencymanagement.internal.VersionConfiguringAction] Using version '4.1.0' for dependency 'org.springframework.boot:spring-boot-jdbc:4.1.0'
2026-08-21T16:48:36.272-0300 [DEBUG] [org.gradle.api.internal.artifacts.ivyservice.ivyresolve.RepositoryChainComponentMetaDataResolver] Attempting to resolve component for org.springframework.boot:spring-boot-starter-jdbc:4.1.0 using repositories [MavenRepo]
2026-08-21T16:48:36.272-0300 [DEBUG] [org.gradle.api.internal.artifacts.ivyservice.ivyresolve.CachingModuleComponentRepository] Using cached module metadata for module 'org.springframework.boot:spring-boot-starter-jdbc:4.1.0' in 'MavenRepo'
2026-08-21T16:48:36.272-0300 [DEBUG] [org.gradle.api.internal.artifacts.ivyservice.ivyresolve.RepositoryChainComponentMetaDataResolver] Using org.springframework.boot:spring-boot-starter-jdbc:4.1.0 from org.gradle.api.internal.artifacts.ivyservice.ivyresolve.FilteredModuleComponentRepository@4710c7a6
2026-08-21T16:48:36.272-0300 [DEBUG] [org.gradle.api.internal.artifacts.ivyservice.ivyresolve.RepositoryChainComponentMetaDataResolver] Attempting to resolve component for org.springframework.boot:spring-boot-data-jpa:4.1.0 using repositories [MavenRepo]
2026-08-21T16:48:36.272-0300 [DEBUG] [org.gradle.api.internal.artifacts.ivyservice.ivyresolve.CachingModuleComponentRepository] Using cached module metadata for module 'org.springframework.boot:spring-boot-data-jpa:4.1.0' in 'MavenRepo'
2026-08-21T16:48:36.272-0300 [DEBUG] [org.gradle.api.internal.artifacts.ivyservice.ivyresolve.RepositoryChainComponentMetaDataResolver] Using org.springframework.boot:spring-boot-data-jpa:4.1.0 from org.gradle.api.internal.artifacts.ivyservice.ivyresolve.FilteredModuleComponentRepository@4710c7a6
2026-08-21T16:48:36.272-0300 [DEBUG] [org.gradle.api.internal.artifacts.ivyservice.ivyresolve.RepositoryChainComponentMetaDataResolver] Attempting to resolve component for org.springframework.boot:spring-boot-jdbc:4.1.0 using repositories [MavenRepo]
2026-08-21T16:48:36.272-0300 [DEBUG] [org.gradle.api.internal.artifacts.ivyservice.ivyresolve.CachingModuleComponentRepository] Using cached module metadata for module 'org.springframework.boot:spring-boot-jdbc:4.1.0' in 'MavenRepo'
2026-08-21T16:48:36.272-0300 [DEBUG] [org.gradle.api.internal.artifacts.ivyservice.ivyresolve.RepositoryChainComponentMetaDataResolver] Using org.springframework.boot:spring-boot-jdbc:4.1.0 from org.gradle.api.internal.artifacts.ivyservice.ivyresolve.FilteredModuleComponentRepository@4710c7a6
2026-08-21T16:48:36.273-0300 [DEBUG] [io.spring.gradle.dependencymanagement.internal.VersionConfiguringAction] Processing requested dependency 'tools.jackson.core:jackson-databind:3.1.1' with target 'tools.jackson.core:jackson-databind:3.1.1
2026-08-21T16:48:36.273-0300 [DEBUG] [io.spring.gradle.dependencymanagement.internal.DependencyManagementContainer] Found managed version '3.1.4' for dependency 'tools.jackson.core:jackson-databind' in global dependency management
2026-08-21T16:48:36.273-0300 [DEBUG] [io.spring.gradle.dependencymanagement.internal.VersionConfiguringAction] Using version '3.1.4' for dependency 'tools.jackson.core:jackson-databind:3.1.1'
2026-08-21T16:48:36.273-0300 [DEBUG] [org.gradle.api.internal.artifacts.ivyservice.ivyresolve.RepositoryChainComponentMetaDataResolver] Attempting to resolve component for tools.jackson.core:jackson-databind:3.1.4 using repositories [MavenRepo]
2026-08-21T16:48:36.273-0300 [DEBUG] [org.gradle.api.internal.artifacts.ivyservice.ivyresolve.CachingModuleComponentRepository] Using cached module metadata for module 'tools.jackson.core:jackson-databind:3.1.4' in 'MavenRepo'
2026-08-21T16:48:36.273-0300 [DEBUG] [org.gradle.api.internal.artifacts.ivyservice.ivyresolve.RepositoryChainComponentMetaDataResolver] Using tools.jackson.core:jackson-databind:3.1.4 from org.gradle.api.internal.artifacts.ivyservice.ivyresolve.FilteredModuleComponentRepository@4710c7a6
2026-08-21T16:48:36.273-0300 [DEBUG] [org.gradle.api.internal.attributes.matching.DefaultAttributeMatcher] Selected matches [1] from candidates [{org.gradle.category=library, org.gradle.dependency.bundling=external, org.gradle.libraryelements=jar, org.gradle.status=release, org.gradle.usage=java-api}, {org.gradle.category=library, org.gradle.dependency.bundling=external, org.gradle.libraryelements=jar, org.gradle.status=release, org.gradle.usage=java-runtime}, {org.gradle.category=documentation, org.gradle.dependency.bundling=external, org.gradle.docstype=javadoc, org.gradle.status=release, org.gradle.usage=java-runtime}, {org.gradle.category=documentation, org.gradle.dependency.bundling=external, org.gradle.docstype=sources, org.gradle.status=release, org.gradle.usage=java-runtime}] for {}
2026-08-21T16:48:36.273-0300 [DEBUG] [io.spring.gradle.dependencymanagement.internal.VersionConfiguringAction] Processing requested dependency 'org.springframework.boot:spring-boot-data-redis:4.1.0' with target 'org.springframework.boot:spring-boot-data-redis:4.1.0
2026-08-21T16:48:36.273-0300 [DEBUG] [io.spring.gradle.dependencymanagement.internal.DependencyManagementContainer] Found managed version '4.1.0' for dependency 'org.springframework.boot:spring-boot-data-redis' in global dependency management
2026-08-21T16:48:36.273-0300 [DEBUG] [io.spring.gradle.dependencymanagement.internal.VersionConfiguringAction] Using version '4.1.0' for dependency 'org.springframework.boot:spring-boot-data-redis:4.1.0'
2026-08-21T16:48:36.273-0300 [DEBUG] [io.spring.gradle.dependencymanagement.internal.VersionConfiguringAction] Processing requested dependency 'org.springframework:spring-messaging:7.0.8' with target 'org.springframework:spring-messaging:7.0.8
2026-08-21T16:48:36.273-0300 [DEBUG] [io.spring.gradle.dependencymanagement.internal.DependencyManagementContainer] Found managed version '7.0.8' for dependency 'org.springframework:spring-messaging' in global dependency management
2026-08-21T16:48:36.273-0300 [DEBUG] [io.spring.gradle.dependencymanagement.internal.VersionConfiguringAction] Using version '7.0.8' for dependency 'org.springframework:spring-messaging:7.0.8'
2026-08-21T16:48:36.274-0300 [DEBUG] [org.gradle.api.internal.artifacts.ivyservice.ivyresolve.RepositoryChainComponentMetaDataResolver] Attempting to resolve component for org.springframework.boot:spring-boot-data-redis:4.1.0 using repositories [MavenRepo]
2026-08-21T16:48:36.274-0300 [DEBUG] [org.gradle.api.internal.artifacts.ivyservice.ivyresolve.CachingModuleComponentRepository] Using cached module metadata for module 'org.springframework.boot:spring-boot-data-redis:4.1.0' in 'MavenRepo'
2026-08-21T16:48:36.274-0300 [DEBUG] [org.gradle.api.internal.artifacts.ivyservice.ivyresolve.RepositoryChainComponentMetaDataResolver] Using org.springframework.boot:spring-boot-data-redis:4.1.0 from org.gradle.api.internal.artifacts.ivyservice.ivyresolve.FilteredModuleComponentRepository@4710c7a6
2026-08-21T16:48:36.274-0300 [DEBUG] [org.gradle.api.internal.artifacts.ivyservice.ivyresolve.RepositoryChainComponentMetaDataResolver] Attempting to resolve component for org.springframework:spring-messaging:7.0.8 using repositories [MavenRepo]
2026-08-21T16:48:36.274-0300 [DEBUG] [org.gradle.api.internal.artifacts.ivyservice.ivyresolve.CachingModuleComponentRepository] Using cached module metadata for module 'org.springframework:spring-messaging:7.0.8' in 'MavenRepo'
2026-08-21T16:48:36.274-0300 [DEBUG] [org.gradle.api.internal.artifacts.ivyservice.ivyresolve.RepositoryChainComponentMetaDataResolver] Using org.springframework:spring-messaging:7.0.8 from org.gradle.api.internal.artifacts.ivyservice.ivyresolve.FilteredModuleComponentRepository@4710c7a6
2026-08-21T16:48:36.274-0300 [DEBUG] [io.spring.gradle.dependencymanagement.internal.VersionConfiguringAction] Processing requested dependency 'org.opentest4j:opentest4j:1.3.0' with target 'org.opentest4j:opentest4j:1.3.0
2026-08-21T16:48:36.274-0300 [DEBUG] [io.spring.gradle.dependencymanagement.internal.VersionConfiguringAction] No dependency management for dependency 'org.opentest4j:opentest4j:1.3.0'
2026-08-21T16:48:36.274-0300 [DEBUG] [org.gradle.api.internal.artifacts.ivyservice.ivyresolve.RepositoryChainComponentMetaDataResolver] Attempting to resolve component for org.opentest4j:opentest4j:1.3.0 using repositories [MavenRepo]
2026-08-21T16:48:36.274-0300 [DEBUG] [org.gradle.api.internal.artifacts.ivyservice.ivyresolve.CachingModuleComponentRepository] Using cached module metadata for module 'org.opentest4j:opentest4j:1.3.0' in 'MavenRepo'
2026-08-21T16:48:36.274-0300 [DEBUG] [org.gradle.api.internal.artifacts.ivyservice.ivyresolve.RepositoryChainComponentMetaDataResolver] Using org.opentest4j:opentest4j:1.3.0 from org.gradle.api.internal.artifacts.ivyservice.ivyresolve.FilteredModuleComponentRepository@4710c7a6
2026-08-21T16:48:36.274-0300 [DEBUG] [org.gradle.api.internal.attributes.matching.DefaultAttributeMatcher] Selected matches [1] from candidates [{org.gradle.category=library, org.gradle.dependency.bundling=external, org.gradle.jvm.version=6, org.gradle.libraryelements=jar, org.gradle.status=release, org.gradle.usage=java-api}, {org.gradle.category=library, org.gradle.dependency.bundling=external, org.gradle.jvm.version=6, org.gradle.libraryelements=jar, org.gradle.status=release, org.gradle.usage=java-runtime}, {org.gradle.category=documentation, org.gradle.dependency.bundling=external, org.gradle.docstype=javadoc, org.gradle.status=release, org.gradle.usage=java-runtime}, {org.gradle.category=documentation, org.gradle.dependency.bundling=external, org.gradle.docstype=sources, org.gradle.status=release, org.gradle.usage=java-runtime}] for {}
2026-08-21T16:48:36.275-0300 [DEBUG] [org.gradle.api.internal.artifacts.ivyservice.ivyresolve.RepositoryChainComponentMetaDataResolver] Attempting to resolve component for org.junit.platform:junit-platform-commons:6.0.3 using repositories [MavenRepo]
2026-08-21T16:48:36.275-0300 [DEBUG] [org.gradle.api.internal.artifacts.ivyservice.ivyresolve.CachingModuleComponentRepository] Using cached module metadata for module 'org.junit.platform:junit-platform-commons:6.0.3' in 'MavenRepo'
2026-08-21T16:48:36.275-0300 [DEBUG] [org.gradle.api.internal.artifacts.ivyservice.ivyresolve.RepositoryChainComponentMetaDataResolver] Using org.junit.platform:junit-platform-commons:6.0.3 from org.gradle.api.internal.artifacts.ivyservice.ivyresolve.FilteredModuleComponentRepository@4710c7a6
2026-08-21T16:48:36.275-0300 [DEBUG] [io.spring.gradle.dependencymanagement.internal.VersionConfiguringAction] Processing requested dependency 'org.springframework.boot:spring-boot:4.1.0' with target 'org.springframework.boot:spring-boot:4.1.0
2026-08-21T16:48:36.275-0300 [DEBUG] [io.spring.gradle.dependencymanagement.internal.DependencyManagementContainer] Found managed version '4.1.0' for dependency 'org.springframework.boot:spring-boot' in global dependency management
2026-08-21T16:48:36.275-0300 [DEBUG] [io.spring.gradle.dependencymanagement.internal.VersionConfiguringAction] Using version '4.1.0' for dependency 'org.springframework.boot:spring-boot:4.1.0'
2026-08-21T16:48:36.275-0300 [DEBUG] [org.gradle.api.internal.artifacts.ivyservice.ivyresolve.RepositoryChainComponentMetaDataResolver] Attempting to resolve component for org.springframework.boot:spring-boot:4.1.0 using repositories [MavenRepo]
2026-08-21T16:48:36.275-0300 [DEBUG] [org.gradle.api.internal.artifacts.ivyservice.ivyresolve.CachingModuleComponentRepository] Using cached module metadata for module 'org.springframework.boot:spring-boot:4.1.0' in 'MavenRepo'
2026-08-21T16:48:36.275-0300 [DEBUG] [org.gradle.api.internal.artifacts.ivyservice.ivyresolve.RepositoryChainComponentMetaDataResolver] Using org.springframework.boot:spring-boot:4.1.0 from org.gradle.api.internal.artifacts.ivyservice.ivyresolve.FilteredModuleComponentRepository@4710c7a6
2026-08-21T16:48:36.275-0300 [DEBUG] [io.spring.gradle.dependencymanagement.internal.VersionConfiguringAction] Processing requested dependency 'org.slf4j:slf4j-api:2.0.17' with target 'org.slf4j:slf4j-api:2.0.17
2026-08-21T16:48:36.275-0300 [DEBUG] [io.spring.gradle.dependencymanagement.internal.DependencyManagementContainer] Found managed version '2.0.18' for dependency 'org.slf4j:slf4j-api' in global dependency management
2026-08-21T16:48:36.275-0300 [DEBUG] [io.spring.gradle.dependencymanagement.internal.VersionConfiguringAction] Using version '2.0.18' for dependency 'org.slf4j:slf4j-api:2.0.17'
2026-08-21T16:48:36.275-0300 [DEBUG] [org.gradle.api.internal.artifacts.ivyservice.ivyresolve.RepositoryChainComponentMetaDataResolver] Attempting to resolve component for org.slf4j:slf4j-api:2.0.18 using repositories [MavenRepo]
2026-08-21T16:48:36.275-0300 [DEBUG] [org.gradle.api.internal.artifacts.ivyservice.ivyresolve.CachingModuleComponentRepository] Using cached module metadata for module 'org.slf4j:slf4j-api:2.0.18' in 'MavenRepo'
2026-08-21T16:48:36.275-0300 [DEBUG] [org.gradle.api.internal.artifacts.ivyservice.ivyresolve.RepositoryChainComponentMetaDataResolver] Using org.slf4j:slf4j-api:2.0.18 from org.gradle.api.internal.artifacts.ivyservice.ivyresolve.FilteredModuleComponentRepository@4710c7a6
2026-08-21T16:48:36.275-0300 [DEBUG] [io.spring.gradle.dependencymanagement.internal.VersionConfiguringAction] Processing requested dependency 'jakarta.activation:jakarta.activation-api:2.1.4' with target 'jakarta.activation:jakarta.activation-api:2.1.4
2026-08-21T16:48:36.276-0300 [DEBUG] [io.spring.gradle.dependencymanagement.internal.DependencyManagementContainer] Found managed version '2.1.4' for dependency 'jakarta.activation:jakarta.activation-api' in global dependency management
2026-08-21T16:48:36.276-0300 [DEBUG] [io.spring.gradle.dependencymanagement.internal.VersionConfiguringAction] Using version '2.1.4' for dependency 'jakarta.activation:jakarta.activation-api:2.1.4'
2026-08-21T16:48:36.276-0300 [DEBUG] [org.gradle.api.internal.artifacts.ivyservice.ivyresolve.RepositoryChainComponentMetaDataResolver] Attempting to resolve component for jakarta.activation:jakarta.activation-api:2.1.4 using repositories [MavenRepo]
2026-08-21T16:48:36.276-0300 [DEBUG] [org.gradle.api.internal.artifacts.ivyservice.ivyresolve.CachingModuleComponentRepository] Using cached module metadata for module 'jakarta.activation:jakarta.activation-api:2.1.4' in 'MavenRepo'
2026-08-21T16:48:36.276-0300 [DEBUG] [org.gradle.api.internal.artifacts.ivyservice.ivyresolve.RepositoryChainComponentMetaDataResolver] Using jakarta.activation:jakarta.activation-api:2.1.4 from org.gradle.api.internal.artifacts.ivyservice.ivyresolve.FilteredModuleComponentRepository@4710c7a6
2026-08-21T16:48:36.276-0300 [DEBUG] [io.spring.gradle.dependencymanagement.internal.VersionConfiguringAction] Processing requested dependency 'net.minidev:accessors-smart:2.6.0' with target 'net.minidev:accessors-smart:2.6.0
2026-08-21T16:48:36.276-0300 [DEBUG] [io.spring.gradle.dependencymanagement.internal.VersionConfiguringAction] No dependency management for dependency 'net.minidev:accessors-smart:2.6.0'
2026-08-21T16:48:36.276-0300 [DEBUG] [org.gradle.api.internal.artifacts.ivyservice.ivyresolve.RepositoryChainComponentMetaDataResolver] Attempting to resolve component for net.minidev:accessors-smart:2.6.0 using repositories [MavenRepo]
2026-08-21T16:48:36.276-0300 [DEBUG] [org.gradle.api.internal.artifacts.ivyservice.ivyresolve.CachingModuleComponentRepository] Using cached module metadata for module 'net.minidev:accessors-smart:2.6.0' in 'MavenRepo'
2026-08-21T16:48:36.276-0300 [DEBUG] [org.gradle.api.internal.artifacts.ivyservice.ivyresolve.RepositoryChainComponentMetaDataResolver] Using net.minidev:accessors-smart:2.6.0 from org.gradle.api.internal.artifacts.ivyservice.ivyresolve.FilteredModuleComponentRepository@4710c7a6
2026-08-21T16:48:36.276-0300 [DEBUG] [io.spring.gradle.dependencymanagement.internal.VersionConfiguringAction] Processing requested dependency 'net.bytebuddy:byte-buddy:1.18.3' with target 'net.bytebuddy:byte-buddy:1.18.3
2026-08-21T16:48:36.276-0300 [DEBUG] [io.spring.gradle.dependencymanagement.internal.DependencyManagementContainer] Found managed version '1.18.10' for dependency 'net.bytebuddy:byte-buddy' in global dependency management
2026-08-21T16:48:36.276-0300 [DEBUG] [io.spring.gradle.dependencymanagement.internal.VersionConfiguringAction] Using version '1.18.10' for dependency 'net.bytebuddy:byte-buddy:1.18.3'
2026-08-21T16:48:36.277-0300 [DEBUG] [org.gradle.api.internal.artifacts.ivyservice.ivyresolve.RepositoryChainComponentMetaDataResolver] Attempting to resolve component for net.bytebuddy:byte-buddy:1.18.10 using repositories [MavenRepo]
2026-08-21T16:48:36.277-0300 [DEBUG] [org.gradle.api.internal.artifacts.ivyservice.ivyresolve.CachingModuleComponentRepository] Using cached module metadata for module 'net.bytebuddy:byte-buddy:1.18.10' in 'MavenRepo'
2026-08-21T16:48:36.277-0300 [DEBUG] [org.gradle.api.internal.artifacts.ivyservice.ivyresolve.RepositoryChainComponentMetaDataResolver] Using net.bytebuddy:byte-buddy:1.18.10 from org.gradle.api.internal.artifacts.ivyservice.ivyresolve.FilteredModuleComponentRepository@4710c7a6
2026-08-21T16:48:36.277-0300 [DEBUG] [io.spring.gradle.dependencymanagement.internal.VersionConfiguringAction] Processing requested dependency 'org.hamcrest:hamcrest:2.1' with target 'org.hamcrest:hamcrest:2.1
2026-08-21T16:48:36.277-0300 [DEBUG] [io.spring.gradle.dependencymanagement.internal.DependencyManagementContainer] Found managed version '3.0' for dependency 'org.hamcrest:hamcrest' in global dependency management
2026-08-21T16:48:36.277-0300 [DEBUG] [io.spring.gradle.dependencymanagement.internal.VersionConfiguringAction] Using version '3.0' for dependency 'org.hamcrest:hamcrest:2.1'
2026-08-21T16:48:36.278-0300 [DEBUG] [org.gradle.api.internal.artifacts.ivyservice.ivyresolve.RepositoryChainComponentMetaDataResolver] Attempting to resolve component for org.junit.jupiter:junit-jupiter-engine:6.0.3 using repositories [MavenRepo]
2026-08-21T16:48:36.278-0300 [DEBUG] [org.gradle.api.internal.artifacts.ivyservice.ivyresolve.CachingModuleComponentRepository] Using cached module metadata for module 'org.junit.jupiter:junit-jupiter-engine:6.0.3' in 'MavenRepo'
2026-08-21T16:48:36.278-0300 [DEBUG] [org.gradle.api.internal.artifacts.ivyservice.ivyresolve.RepositoryChainComponentMetaDataResolver] Using org.junit.jupiter:junit-jupiter-engine:6.0.3 from org.gradle.api.internal.artifacts.ivyservice.ivyresolve.FilteredModuleComponentRepository@4710c7a6
2026-08-21T16:48:36.278-0300 [DEBUG] [org.gradle.api.internal.artifacts.ivyservice.ivyresolve.RepositoryChainComponentMetaDataResolver] Attempting to resolve component for org.junit.jupiter:junit-jupiter-api:6.0.3 using repositories [MavenRepo]
2026-08-21T16:48:36.278-0300 [DEBUG] [org.gradle.api.internal.artifacts.ivyservice.ivyresolve.CachingModuleComponentRepository] Using cached module metadata for module 'org.junit.jupiter:junit-jupiter-api:6.0.3' in 'MavenRepo'
2026-08-21T16:48:36.278-0300 [DEBUG] [org.gradle.api.internal.artifacts.ivyservice.ivyresolve.RepositoryChainComponentMetaDataResolver] Using org.junit.jupiter:junit-jupiter-api:6.0.3 from org.gradle.api.internal.artifacts.ivyservice.ivyresolve.FilteredModuleComponentRepository@4710c7a6
2026-08-21T16:48:36.278-0300 [DEBUG] [org.gradle.api.internal.artifacts.ivyservice.ivyresolve.RepositoryChainComponentMetaDataResolver] Attempting to resolve component for org.junit.jupiter:junit-jupiter-params:6.0.3 using repositories [MavenRepo]
2026-08-21T16:48:36.278-0300 [DEBUG] [org.gradle.api.internal.artifacts.ivyservice.ivyresolve.CachingModuleComponentRepository] Using cached module metadata for module 'org.junit.jupiter:junit-jupiter-params:6.0.3' in 'MavenRepo'
2026-08-21T16:48:36.278-0300 [DEBUG] [org.gradle.api.internal.artifacts.ivyservice.ivyresolve.RepositoryChainComponentMetaDataResolver] Using org.junit.jupiter:junit-jupiter-params:6.0.3 from org.gradle.api.internal.artifacts.ivyservice.ivyresolve.FilteredModuleComponentRepository@4710c7a6
2026-08-21T16:48:36.278-0300 [DEBUG] [io.spring.gradle.dependencymanagement.internal.VersionConfiguringAction] Processing requested dependency 'net.bytebuddy:byte-buddy:1.17.7' with target 'net.bytebuddy:byte-buddy:1.17.7
2026-08-21T16:48:36.278-0300 [DEBUG] [io.spring.gradle.dependencymanagement.internal.DependencyManagementContainer] Found managed version '1.18.10' for dependency 'net.bytebuddy:byte-buddy' in global dependency management
2026-08-21T16:48:36.278-0300 [DEBUG] [io.spring.gradle.dependencymanagement.internal.VersionConfiguringAction] Using version '1.18.10' for dependency 'net.bytebuddy:byte-buddy:1.17.7'
2026-08-21T16:48:36.278-0300 [DEBUG] [io.spring.gradle.dependencymanagement.internal.VersionConfiguringAction] Processing requested dependency 'net.bytebuddy:byte-buddy-agent:1.17.7' with target 'net.bytebuddy:byte-buddy-agent:1.17.7
2026-08-21T16:48:36.278-0300 [DEBUG] [io.spring.gradle.dependencymanagement.internal.DependencyManagementContainer] Found managed version '1.18.10' for dependency 'net.bytebuddy:byte-buddy-agent' in global dependency management
2026-08-21T16:48:36.278-0300 [DEBUG] [io.spring.gradle.dependencymanagement.internal.VersionConfiguringAction] Using version '1.18.10' for dependency 'net.bytebuddy:byte-buddy-agent:1.17.7'
2026-08-21T16:48:36.278-0300 [DEBUG] [io.spring.gradle.dependencymanagement.internal.VersionConfiguringAction] Processing requested dependency 'org.objenesis:objenesis:3.3' with target 'org.objenesis:objenesis:3.3
2026-08-21T16:48:36.278-0300 [DEBUG] [io.spring.gradle.dependencymanagement.internal.VersionConfiguringAction] No dependency management for dependency 'org.objenesis:objenesis:3.3'
2026-08-21T16:48:36.279-0300 [DEBUG] [org.gradle.api.internal.artifacts.ivyservice.ivyresolve.RepositoryChainComponentMetaDataResolver] Attempting to resolve component for net.bytebuddy:byte-buddy-agent:1.18.10 using repositories [MavenRepo]
2026-08-21T16:48:36.279-0300 [DEBUG] [org.gradle.api.internal.artifacts.ivyservice.ivyresolve.CachingModuleComponentRepository] Using cached module metadata for module 'net.bytebuddy:byte-buddy-agent:1.18.10' in 'MavenRepo'
2026-08-21T16:48:36.279-0300 [DEBUG] [org.gradle.api.internal.artifacts.ivyservice.ivyresolve.RepositoryChainComponentMetaDataResolver] Using net.bytebuddy:byte-buddy-agent:1.18.10 from org.gradle.api.internal.artifacts.ivyservice.ivyresolve.FilteredModuleComponentRepository@4710c7a6
2026-08-21T16:48:36.279-0300 [DEBUG] [org.gradle.api.internal.artifacts.ivyservice.ivyresolve.RepositoryChainComponentMetaDataResolver] Attempting to resolve component for org.objenesis:objenesis:3.3 using repositories [MavenRepo]
2026-08-21T16:48:36.279-0300 [DEBUG] [org.gradle.api.internal.artifacts.ivyservice.ivyresolve.CachingModuleComponentRepository] Using cached module metadata for module 'org.objenesis:objenesis:3.3' in 'MavenRepo'
2026-08-21T16:48:36.279-0300 [DEBUG] [org.gradle.api.internal.artifacts.ivyservice.ivyresolve.RepositoryChainComponentMetaDataResolver] Using org.objenesis:objenesis:3.3 from org.gradle.api.internal.artifacts.ivyservice.ivyresolve.FilteredModuleComponentRepository@4710c7a6
2026-08-21T16:48:36.279-0300 [DEBUG] [io.spring.gradle.dependencymanagement.internal.VersionConfiguringAction] Processing requested dependency 'org.junit.jupiter:junit-jupiter-api:5.13.4' with target 'org.junit.jupiter:junit-jupiter-api:5.13.4
2026-08-21T16:48:36.279-0300 [DEBUG] [io.spring.gradle.dependencymanagement.internal.DependencyManagementContainer] Found managed version '6.0.3' for dependency 'org.junit.jupiter:junit-jupiter-api' in global dependency management
2026-08-21T16:48:36.279-0300 [DEBUG] [io.spring.gradle.dependencymanagement.internal.VersionConfiguringAction] Using version '6.0.3' for dependency 'org.junit.jupiter:junit-jupiter-api:5.13.4'
2026-08-21T16:48:36.279-0300 [DEBUG] [io.spring.gradle.dependencymanagement.internal.VersionConfiguringAction] Processing requested dependency 'com.vaadin.external.google:android-json:0.0.20131108.vaadin1' with target 'com.vaadin.external.google:android-json:0.0.20131108.vaadin1
2026-08-21T16:48:36.279-0300 [DEBUG] [io.spring.gradle.dependencymanagement.internal.VersionConfiguringAction] No dependency management for dependency 'com.vaadin.external.google:android-json:0.0.20131108.vaadin1'
2026-08-21T16:48:36.279-0300 [DEBUG] [org.gradle.api.internal.artifacts.ivyservice.ivyresolve.RepositoryChainComponentMetaDataResolver] Attempting to resolve component for com.vaadin.external.google:android-json:0.0.20131108.vaadin1 using repositories [MavenRepo]
2026-08-21T16:48:36.279-0300 [DEBUG] [org.gradle.api.internal.artifacts.ivyservice.ivyresolve.CachingModuleComponentRepository] Using cached module metadata for module 'com.vaadin.external.google:android-json:0.0.20131108.vaadin1' in 'MavenRepo'
2026-08-21T16:48:36.279-0300 [DEBUG] [org.gradle.api.internal.artifacts.ivyservice.ivyresolve.RepositoryChainComponentMetaDataResolver] Using com.vaadin.external.google:android-json:0.0.20131108.vaadin1 from org.gradle.api.internal.artifacts.ivyservice.ivyresolve.FilteredModuleComponentRepository@4710c7a6
2026-08-21T16:48:36.280-0300 [DEBUG] [io.spring.gradle.dependencymanagement.internal.VersionConfiguringAction] Processing requested dependency 'commons-logging:commons-logging:1.3.5' with target 'commons-logging:commons-logging:1.3.5
2026-08-21T16:48:36.280-0300 [DEBUG] [io.spring.gradle.dependencymanagement.internal.DependencyManagementContainer] Found managed version '1.3.6' for dependency 'commons-logging:commons-logging' in global dependency management
2026-08-21T16:48:36.280-0300 [DEBUG] [io.spring.gradle.dependencymanagement.internal.VersionConfiguringAction] Using version '1.3.6' for dependency 'commons-logging:commons-logging:1.3.5'
2026-08-21T16:48:36.280-0300 [DEBUG] [io.spring.gradle.dependencymanagement.internal.VersionConfiguringAction] Processing requested dependency 'org.jspecify:jspecify:1.0.0' with target 'org.jspecify:jspecify:1.0.0
2026-08-21T16:48:36.280-0300 [DEBUG] [io.spring.gradle.dependencymanagement.internal.DependencyManagementContainer] Found managed version '1.0.0' for dependency 'org.jspecify:jspecify' in global dependency management
2026-08-21T16:48:36.280-0300 [DEBUG] [io.spring.gradle.dependencymanagement.internal.VersionConfiguringAction] Using version '1.0.0' for dependency 'org.jspecify:jspecify:1.0.0'
2026-08-21T16:48:36.280-0300 [DEBUG] [org.gradle.api.internal.artifacts.ivyservice.ivyresolve.RepositoryChainComponentMetaDataResolver] Attempting to resolve component for commons-logging:commons-logging:1.3.6 using repositories [MavenRepo]
2026-08-21T16:48:36.280-0300 [DEBUG] [org.gradle.api.internal.artifacts.ivyservice.ivyresolve.CachingModuleComponentRepository] Using cached module metadata for module 'commons-logging:commons-logging:1.3.6' in 'MavenRepo'
2026-08-21T16:48:36.280-0300 [DEBUG] [org.gradle.api.internal.artifacts.ivyservice.ivyresolve.RepositoryChainComponentMetaDataResolver] Using commons-logging:commons-logging:1.3.6 from org.gradle.api.internal.artifacts.ivyservice.ivyresolve.FilteredModuleComponentRepository@4710c7a6
2026-08-21T16:48:36.280-0300 [DEBUG] [org.gradle.api.internal.artifacts.ivyservice.ivyresolve.RepositoryChainComponentMetaDataResolver] Attempting to resolve component for org.jspecify:jspecify:1.0.0 using repositories [MavenRepo]
2026-08-21T16:48:36.280-0300 [DEBUG] [org.gradle.api.internal.artifacts.ivyservice.ivyresolve.CachingModuleComponentRepository] Using cached module metadata for module 'org.jspecify:jspecify:1.0.0' in 'MavenRepo'
2026-08-21T16:48:36.280-0300 [DEBUG] [org.gradle.api.internal.artifacts.ivyservice.ivyresolve.RepositoryChainComponentMetaDataResolver] Using org.jspecify:jspecify:1.0.0 from org.gradle.api.internal.artifacts.ivyservice.ivyresolve.FilteredModuleComponentRepository@4710c7a6
2026-08-21T16:48:36.281-0300 [DEBUG] [io.spring.gradle.dependencymanagement.internal.VersionConfiguringAction] Processing requested dependency 'ch.qos.logback:logback-classic:1.5.34' with target 'ch.qos.logback:logback-classic:1.5.34
2026-08-21T16:48:36.281-0300 [DEBUG] [io.spring.gradle.dependencymanagement.internal.DependencyManagementContainer] Found managed version '1.5.34' for dependency 'ch.qos.logback:logback-classic' in global dependency management
2026-08-21T16:48:36.281-0300 [DEBUG] [io.spring.gradle.dependencymanagement.internal.VersionConfiguringAction] Using version '1.5.34' for dependency 'ch.qos.logback:logback-classic:1.5.34'
2026-08-21T16:48:36.281-0300 [DEBUG] [io.spring.gradle.dependencymanagement.internal.VersionConfiguringAction] Processing requested dependency 'org.apache.logging.log4j:log4j-to-slf4j:2.25.4' with target 'org.apache.logging.log4j:log4j-to-slf4j:2.25.4
2026-08-21T16:48:36.281-0300 [DEBUG] [io.spring.gradle.dependencymanagement.internal.DependencyManagementContainer] Found managed version '2.25.4' for dependency 'org.apache.logging.log4j:log4j-to-slf4j' in global dependency management
2026-08-21T16:48:36.281-0300 [DEBUG] [io.spring.gradle.dependencymanagement.internal.VersionConfiguringAction] Using version '2.25.4' for dependency 'org.apache.logging.log4j:log4j-to-slf4j:2.25.4'
2026-08-21T16:48:36.281-0300 [DEBUG] [io.spring.gradle.dependencymanagement.internal.VersionConfiguringAction] Processing requested dependency 'org.slf4j:jul-to-slf4j:2.0.18' with target 'org.slf4j:jul-to-slf4j:2.0.18
2026-08-21T16:48:36.281-0300 [DEBUG] [io.spring.gradle.dependencymanagement.internal.DependencyManagementContainer] Found managed version '2.0.18' for dependency 'org.slf4j:jul-to-slf4j' in global dependency management
2026-08-21T16:48:36.281-0300 [DEBUG] [io.spring.gradle.dependencymanagement.internal.VersionConfiguringAction] Using version '2.0.18' for dependency 'org.slf4j:jul-to-slf4j:2.0.18'
2026-08-21T16:48:36.282-0300 [DEBUG] [org.gradle.api.internal.artifacts.ivyservice.ivyresolve.RepositoryChainComponentMetaDataResolver] Attempting to resolve component for ch.qos.logback:logback-classic:1.5.34 using repositories [MavenRepo]
2026-08-21T16:48:36.282-0300 [DEBUG] [org.gradle.api.internal.artifacts.ivyservice.ivyresolve.CachingModuleComponentRepository] Using cached module metadata for module 'ch.qos.logback:logback-classic:1.5.34' in 'MavenRepo'
2026-08-21T16:48:36.282-0300 [DEBUG] [org.gradle.api.internal.artifacts.ivyservice.ivyresolve.RepositoryChainComponentMetaDataResolver] Using ch.qos.logback:logback-classic:1.5.34 from org.gradle.api.internal.artifacts.ivyservice.ivyresolve.FilteredModuleComponentRepository@4710c7a6
2026-08-21T16:48:36.282-0300 [DEBUG] [org.gradle.api.internal.artifacts.ivyservice.ivyresolve.RepositoryChainComponentMetaDataResolver] Attempting to resolve component for org.apache.logging.log4j:log4j-to-slf4j:2.25.4 using repositories [MavenRepo]
2026-08-21T16:48:36.282-0300 [DEBUG] [org.gradle.api.internal.artifacts.ivyservice.ivyresolve.CachingModuleComponentRepository] Using cached module metadata for module 'org.apache.logging.log4j:log4j-to-slf4j:2.25.4' in 'MavenRepo'
2026-08-21T16:48:36.282-0300 [DEBUG] [org.gradle.api.internal.artifacts.ivyservice.ivyresolve.RepositoryChainComponentMetaDataResolver] Using org.apache.logging.log4j:log4j-to-slf4j:2.25.4 from org.gradle.api.internal.artifacts.ivyservice.ivyresolve.FilteredModuleComponentRepository@4710c7a6
2026-08-21T16:48:36.282-0300 [DEBUG] [org.gradle.api.internal.attributes.matching.DefaultAttributeMatcher] Selected matches [1] from candidates [{org.gradle.category=library, org.gradle.dependency.bundling=external, org.gradle.libraryelements=jar, org.gradle.status=release, org.gradle.usage=java-api}, {org.gradle.category=library, org.gradle.dependency.bundling=external, org.gradle.libraryelements=jar, org.gradle.status=release, org.gradle.usage=java-runtime}] for {}
2026-08-21T16:48:36.282-0300 [DEBUG] [org.gradle.api.internal.artifacts.ivyservice.ivyresolve.RepositoryChainComponentMetaDataResolver] Attempting to resolve component for org.slf4j:jul-to-slf4j:2.0.18 using repositories [MavenRepo]
2026-08-21T16:48:36.282-0300 [DEBUG] [org.gradle.api.internal.artifacts.ivyservice.ivyresolve.CachingModuleComponentRepository] Using cached module metadata for module 'org.slf4j:jul-to-slf4j:2.0.18' in 'MavenRepo'
2026-08-21T16:48:36.282-0300 [DEBUG] [org.gradle.api.internal.artifacts.ivyservice.ivyresolve.RepositoryChainComponentMetaDataResolver] Using org.slf4j:jul-to-slf4j:2.0.18 from org.gradle.api.internal.artifacts.ivyservice.ivyresolve.FilteredModuleComponentRepository@4710c7a6
2026-08-21T16:48:36.282-0300 [DEBUG] [io.spring.gradle.dependencymanagement.internal.VersionConfiguringAction] Processing requested dependency 'org.springframework.boot:spring-boot-jackson:4.1.0' with target 'org.springframework.boot:spring-boot-jackson:4.1.0
2026-08-21T16:48:36.282-0300 [DEBUG] [io.spring.gradle.dependencymanagement.internal.DependencyManagementContainer] Found managed version '4.1.0' for dependency 'org.springframework.boot:spring-boot-jackson' in global dependency management
2026-08-21T16:48:36.282-0300 [DEBUG] [io.spring.gradle.dependencymanagement.internal.VersionConfiguringAction] Using version '4.1.0' for dependency 'org.springframework.boot:spring-boot-jackson:4.1.0'
2026-08-21T16:48:36.282-0300 [DEBUG] [org.gradle.api.internal.artifacts.ivyservice.ivyresolve.RepositoryChainComponentMetaDataResolver] Attempting to resolve component for org.springframework.boot:spring-boot-jackson:4.1.0 using repositories [MavenRepo]
2026-08-21T16:48:36.282-0300 [DEBUG] [org.gradle.api.internal.artifacts.ivyservice.ivyresolve.CachingModuleComponentRepository] Using cached module metadata for module 'org.springframework.boot:spring-boot-jackson:4.1.0' in 'MavenRepo'
2026-08-21T16:48:36.282-0300 [DEBUG] [org.gradle.api.internal.artifacts.ivyservice.ivyresolve.RepositoryChainComponentMetaDataResolver] Using org.springframework.boot:spring-boot-jackson:4.1.0 from org.gradle.api.internal.artifacts.ivyservice.ivyresolve.FilteredModuleComponentRepository@4710c7a6
2026-08-21T16:48:36.282-0300 [DEBUG] [io.spring.gradle.dependencymanagement.internal.VersionConfiguringAction] Processing requested dependency 'org.springframework.boot:spring-boot-starter-tomcat-runtime:4.1.0' with target 'org.springframework.boot:spring-boot-starter-tomcat-runtime:4.1.0
2026-08-21T16:48:36.282-0300 [DEBUG] [io.spring.gradle.dependencymanagement.internal.DependencyManagementContainer] Found managed version '4.1.0' for dependency 'org.springframework.boot:spring-boot-starter-tomcat-runtime' in global dependency management
2026-08-21T16:48:36.282-0300 [DEBUG] [io.spring.gradle.dependencymanagement.internal.VersionConfiguringAction] Using version '4.1.0' for dependency 'org.springframework.boot:spring-boot-starter-tomcat-runtime:4.1.0'
2026-08-21T16:48:36.282-0300 [DEBUG] [io.spring.gradle.dependencymanagement.internal.VersionConfiguringAction] Processing requested dependency 'org.springframework.boot:spring-boot-tomcat:4.1.0' with target 'org.springframework.boot:spring-boot-tomcat:4.1.0
2026-08-21T16:48:36.282-0300 [DEBUG] [io.spring.gradle.dependencymanagement.internal.DependencyManagementContainer] Found managed version '4.1.0' for dependency 'org.springframework.boot:spring-boot-tomcat' in global dependency management
2026-08-21T16:48:36.283-0300 [DEBUG] [io.spring.gradle.dependencymanagement.internal.VersionConfiguringAction] Using version '4.1.0' for dependency 'org.springframework.boot:spring-boot-tomcat:4.1.0'
2026-08-21T16:48:36.283-0300 [DEBUG] [org.gradle.api.internal.artifacts.ivyservice.ivyresolve.RepositoryChainComponentMetaDataResolver] Attempting to resolve component for org.springframework.boot:spring-boot-starter-tomcat-runtime:4.1.0 using repositories [MavenRepo]
2026-08-21T16:48:36.283-0300 [DEBUG] [org.gradle.api.internal.artifacts.ivyservice.ivyresolve.CachingModuleComponentRepository] Using cached module metadata for module 'org.springframework.boot:spring-boot-starter-tomcat-runtime:4.1.0' in 'MavenRepo'
2026-08-21T16:48:36.283-0300 [DEBUG] [org.gradle.api.internal.artifacts.ivyservice.ivyresolve.RepositoryChainComponentMetaDataResolver] Using org.springframework.boot:spring-boot-starter-tomcat-runtime:4.1.0 from org.gradle.api.internal.artifacts.ivyservice.ivyresolve.FilteredModuleComponentRepository@4710c7a6
2026-08-21T16:48:36.283-0300 [DEBUG] [org.gradle.api.internal.artifacts.ivyservice.ivyresolve.RepositoryChainComponentMetaDataResolver] Attempting to resolve component for org.springframework.boot:spring-boot-tomcat:4.1.0 using repositories [MavenRepo]
2026-08-21T16:48:36.283-0300 [DEBUG] [org.gradle.api.internal.artifacts.ivyservice.ivyresolve.CachingModuleComponentRepository] Using cached module metadata for module 'org.springframework.boot:spring-boot-tomcat:4.1.0' in 'MavenRepo'
2026-08-21T16:48:36.283-0300 [DEBUG] [org.gradle.api.internal.artifacts.ivyservice.ivyresolve.RepositoryChainComponentMetaDataResolver] Using org.springframework.boot:spring-boot-tomcat:4.1.0 from org.gradle.api.internal.artifacts.ivyservice.ivyresolve.FilteredModuleComponentRepository@4710c7a6
2026-08-21T16:48:36.283-0300 [DEBUG] [io.spring.gradle.dependencymanagement.internal.VersionConfiguringAction] Processing requested dependency 'org.springframework:spring-web:7.0.8' with target 'org.springframework:spring-web:7.0.8
2026-08-21T16:48:36.283-0300 [DEBUG] [io.spring.gradle.dependencymanagement.internal.DependencyManagementContainer] Found managed version '7.0.8' for dependency 'org.springframework:spring-web' in global dependency management
2026-08-21T16:48:36.283-0300 [DEBUG] [io.spring.gradle.dependencymanagement.internal.VersionConfiguringAction] Using version '7.0.8' for dependency 'org.springframework:spring-web:7.0.8'
2026-08-21T16:48:36.284-0300 [DEBUG] [org.gradle.api.internal.artifacts.ivyservice.ivyresolve.RepositoryChainComponentMetaDataResolver] Attempting to resolve component for org.springframework:spring-web:7.0.8 using repositories [MavenRepo]
2026-08-21T16:48:36.284-0300 [DEBUG] [org.gradle.api.internal.artifacts.ivyservice.ivyresolve.CachingModuleComponentRepository] Using cached module metadata for module 'org.springframework:spring-web:7.0.8' in 'MavenRepo'
2026-08-21T16:48:36.284-0300 [DEBUG] [org.gradle.api.internal.artifacts.ivyservice.ivyresolve.RepositoryChainComponentMetaDataResolver] Using org.springframework:spring-web:7.0.8 from org.gradle.api.internal.artifacts.ivyservice.ivyresolve.FilteredModuleComponentRepository@4710c7a6
2026-08-21T16:48:36.284-0300 [DEBUG] [io.spring.gradle.dependencymanagement.internal.VersionConfiguringAction] Processing requested dependency 'org.springframework.boot:spring-boot-servlet:4.1.0' with target 'org.springframework.boot:spring-boot-servlet:4.1.0
2026-08-21T16:48:36.284-0300 [DEBUG] [io.spring.gradle.dependencymanagement.internal.DependencyManagementContainer] Found managed version '4.1.0' for dependency 'org.springframework.boot:spring-boot-servlet' in global dependency management
2026-08-21T16:48:36.284-0300 [DEBUG] [io.spring.gradle.dependencymanagement.internal.VersionConfiguringAction] Using version '4.1.0' for dependency 'org.springframework.boot:spring-boot-servlet:4.1.0'
2026-08-21T16:48:36.284-0300 [DEBUG] [io.spring.gradle.dependencymanagement.internal.VersionConfiguringAction] Processing requested dependency 'org.springframework:spring-webmvc:7.0.8' with target 'org.springframework:spring-webmvc:7.0.8
2026-08-21T16:48:36.284-0300 [DEBUG] [io.spring.gradle.dependencymanagement.internal.DependencyManagementContainer] Found managed version '7.0.8' for dependency 'org.springframework:spring-webmvc' in global dependency management
2026-08-21T16:48:36.284-0300 [DEBUG] [io.spring.gradle.dependencymanagement.internal.VersionConfiguringAction] Using version '7.0.8' for dependency 'org.springframework:spring-webmvc:7.0.8'
2026-08-21T16:48:36.284-0300 [DEBUG] [org.gradle.api.internal.artifacts.ivyservice.ivyresolve.RepositoryChainComponentMetaDataResolver] Attempting to resolve component for org.springframework.boot:spring-boot-servlet:4.1.0 using repositories [MavenRepo]
2026-08-21T16:48:36.284-0300 [DEBUG] [org.gradle.api.internal.artifacts.ivyservice.ivyresolve.CachingModuleComponentRepository] Using cached module metadata for module 'org.springframework.boot:spring-boot-servlet:4.1.0' in 'MavenRepo'
2026-08-21T16:48:36.284-0300 [DEBUG] [org.gradle.api.internal.artifacts.ivyservice.ivyresolve.RepositoryChainComponentMetaDataResolver] Using org.springframework.boot:spring-boot-servlet:4.1.0 from org.gradle.api.internal.artifacts.ivyservice.ivyresolve.FilteredModuleComponentRepository@4710c7a6
2026-08-21T16:48:36.284-0300 [DEBUG] [org.gradle.api.internal.artifacts.ivyservice.ivyresolve.RepositoryChainComponentMetaDataResolver] Attempting to resolve component for org.springframework:spring-webmvc:7.0.8 using repositories [MavenRepo]
2026-08-21T16:48:36.284-0300 [DEBUG] [org.gradle.api.internal.artifacts.ivyservice.ivyresolve.CachingModuleComponentRepository] Using cached module metadata for module 'org.springframework:spring-webmvc:7.0.8' in 'MavenRepo'
2026-08-21T16:48:36.284-0300 [DEBUG] [org.gradle.api.internal.artifacts.ivyservice.ivyresolve.RepositoryChainComponentMetaDataResolver] Using org.springframework:spring-webmvc:7.0.8 from org.gradle.api.internal.artifacts.ivyservice.ivyresolve.FilteredModuleComponentRepository@4710c7a6
2026-08-21T16:48:36.284-0300 [DEBUG] [io.spring.gradle.dependencymanagement.internal.VersionConfiguringAction] Processing requested dependency 'com.zaxxer:HikariCP:7.0.2' with target 'com.zaxxer:HikariCP:7.0.2
2026-08-21T16:48:36.284-0300 [DEBUG] [io.spring.gradle.dependencymanagement.internal.DependencyManagementContainer] Found managed version '7.0.2' for dependency 'com.zaxxer:HikariCP' in global dependency management
2026-08-21T16:48:36.284-0300 [DEBUG] [io.spring.gradle.dependencymanagement.internal.VersionConfiguringAction] Using version '7.0.2' for dependency 'com.zaxxer:HikariCP:7.0.2'
2026-08-21T16:48:36.285-0300 [DEBUG] [org.gradle.api.internal.artifacts.ivyservice.ivyresolve.RepositoryChainComponentMetaDataResolver] Attempting to resolve component for com.zaxxer:HikariCP:7.0.2 using repositories [MavenRepo]
2026-08-21T16:48:36.285-0300 [DEBUG] [org.gradle.api.internal.artifacts.ivyservice.ivyresolve.CachingModuleComponentRepository] Using cached module metadata for module 'com.zaxxer:HikariCP:7.0.2' in 'MavenRepo'
2026-08-21T16:48:36.285-0300 [DEBUG] [org.gradle.api.internal.artifacts.ivyservice.ivyresolve.RepositoryChainComponentMetaDataResolver] Using com.zaxxer:HikariCP:7.0.2 from org.gradle.api.internal.artifacts.ivyservice.ivyresolve.FilteredModuleComponentRepository@4710c7a6
2026-08-21T16:48:36.285-0300 [DEBUG] [io.spring.gradle.dependencymanagement.internal.VersionConfiguringAction] Processing requested dependency 'org.springframework.boot:spring-boot-data-commons:4.1.0' with target 'org.springframework.boot:spring-boot-data-commons:4.1.0
2026-08-21T16:48:36.285-0300 [DEBUG] [io.spring.gradle.dependencymanagement.internal.DependencyManagementContainer] Found managed version '4.1.0' for dependency 'org.springframework.boot:spring-boot-data-commons' in global dependency management
2026-08-21T16:48:36.285-0300 [DEBUG] [io.spring.gradle.dependencymanagement.internal.VersionConfiguringAction] Using version '4.1.0' for dependency 'org.springframework.boot:spring-boot-data-commons:4.1.0'
2026-08-21T16:48:36.285-0300 [DEBUG] [io.spring.gradle.dependencymanagement.internal.VersionConfiguringAction] Processing requested dependency 'org.springframework.boot:spring-boot-hibernate:4.1.0' with target 'org.springframework.boot:spring-boot-hibernate:4.1.0
2026-08-21T16:48:36.285-0300 [DEBUG] [io.spring.gradle.dependencymanagement.internal.DependencyManagementContainer] Found managed version '4.1.0' for dependency 'org.springframework.boot:spring-boot-hibernate' in global dependency management
2026-08-21T16:48:36.285-0300 [DEBUG] [io.spring.gradle.dependencymanagement.internal.VersionConfiguringAction] Using version '4.1.0' for dependency 'org.springframework.boot:spring-boot-hibernate:4.1.0'
2026-08-21T16:48:36.285-0300 [DEBUG] [io.spring.gradle.dependencymanagement.internal.VersionConfiguringAction] Processing requested dependency 'org.springframework.data:spring-data-jpa:4.1.0' with target 'org.springframework.data:spring-data-jpa:4.1.0
2026-08-21T16:48:36.285-0300 [DEBUG] [io.spring.gradle.dependencymanagement.internal.DependencyManagementContainer] Found managed version '4.1.0' for dependency 'org.springframework.data:spring-data-jpa' in global dependency management
2026-08-21T16:48:36.285-0300 [DEBUG] [io.spring.gradle.dependencymanagement.internal.VersionConfiguringAction] Using version '4.1.0' for dependency 'org.springframework.data:spring-data-jpa:4.1.0'
2026-08-21T16:48:36.285-0300 [DEBUG] [io.spring.gradle.dependencymanagement.internal.VersionConfiguringAction] Processing requested dependency 'org.springframework:spring-aspects:7.0.8' with target 'org.springframework:spring-aspects:7.0.8
2026-08-21T16:48:36.285-0300 [DEBUG] [io.spring.gradle.dependencymanagement.internal.DependencyManagementContainer] Found managed version '7.0.8' for dependency 'org.springframework:spring-aspects' in global dependency management
2026-08-21T16:48:36.285-0300 [DEBUG] [io.spring.gradle.dependencymanagement.internal.VersionConfiguringAction] Using version '7.0.8' for dependency 'org.springframework:spring-aspects:7.0.8'
2026-08-21T16:48:36.286-0300 [DEBUG] [org.gradle.api.internal.artifacts.ivyservice.ivyresolve.RepositoryChainComponentMetaDataResolver] Attempting to resolve component for org.springframework.boot:spring-boot-data-commons:4.1.0 using repositories [MavenRepo]
2026-08-21T16:48:36.286-0300 [DEBUG] [org.gradle.api.internal.artifacts.ivyservice.ivyresolve.CachingModuleComponentRepository] Using cached module metadata for module 'org.springframework.boot:spring-boot-data-commons:4.1.0' in 'MavenRepo'
2026-08-21T16:48:36.286-0300 [DEBUG] [org.gradle.api.internal.artifacts.ivyservice.ivyresolve.RepositoryChainComponentMetaDataResolver] Using org.springframework.boot:spring-boot-data-commons:4.1.0 from org.gradle.api.internal.artifacts.ivyservice.ivyresolve.FilteredModuleComponentRepository@4710c7a6
2026-08-21T16:48:36.286-0300 [DEBUG] [org.gradle.api.internal.artifacts.ivyservice.ivyresolve.RepositoryChainComponentMetaDataResolver] Attempting to resolve component for org.springframework.boot:spring-boot-hibernate:4.1.0 using repositories [MavenRepo]
2026-08-21T16:48:36.286-0300 [DEBUG] [org.gradle.api.internal.artifacts.ivyservice.ivyresolve.CachingModuleComponentRepository] Using cached module metadata for module 'org.springframework.boot:spring-boot-hibernate:4.1.0' in 'MavenRepo'
2026-08-21T16:48:36.286-0300 [DEBUG] [org.gradle.api.internal.artifacts.ivyservice.ivyresolve.RepositoryChainComponentMetaDataResolver] Using org.springframework.boot:spring-boot-hibernate:4.1.0 from org.gradle.api.internal.artifacts.ivyservice.ivyresolve.FilteredModuleComponentRepository@4710c7a6
2026-08-21T16:48:36.286-0300 [DEBUG] [org.gradle.api.internal.artifacts.ivyservice.ivyresolve.RepositoryChainComponentMetaDataResolver] Attempting to resolve component for org.springframework.data:spring-data-jpa:4.1.0 using repositories [MavenRepo]
2026-08-21T16:48:36.286-0300 [DEBUG] [org.gradle.api.internal.artifacts.ivyservice.ivyresolve.CachingModuleComponentRepository] Using cached module metadata for module 'org.springframework.data:spring-data-jpa:4.1.0' in 'MavenRepo'
2026-08-21T16:48:36.287-0300 [DEBUG] [org.gradle.api.internal.artifacts.ivyservice.ivyresolve.RepositoryChainComponentMetaDataResolver] Using org.springframework.data:spring-data-jpa:4.1.0 from org.gradle.api.internal.artifacts.ivyservice.ivyresolve.FilteredModuleComponentRepository@4710c7a6
2026-08-21T16:48:36.287-0300 [DEBUG] [org.gradle.api.internal.artifacts.ivyservice.ivyresolve.RepositoryChainComponentMetaDataResolver] Attempting to resolve component for org.springframework:spring-aspects:7.0.8 using repositories [MavenRepo]
2026-08-21T16:48:36.287-0300 [DEBUG] [org.gradle.api.internal.artifacts.ivyservice.ivyresolve.CachingModuleComponentRepository] Using cached module metadata for module 'org.springframework:spring-aspects:7.0.8' in 'MavenRepo'
2026-08-21T16:48:36.287-0300 [DEBUG] [org.gradle.api.internal.artifacts.ivyservice.ivyresolve.RepositoryChainComponentMetaDataResolver] Using org.springframework:spring-aspects:7.0.8 from org.gradle.api.internal.artifacts.ivyservice.ivyresolve.FilteredModuleComponentRepository@4710c7a6
2026-08-21T16:48:36.287-0300 [DEBUG] [org.gradle.api.internal.attributes.matching.DefaultAttributeMatcher] Selected matches [1] from candidates [{org.gradle.category=library, org.gradle.dependency.bundling=external, org.gradle.jvm.version=17, org.gradle.libraryelements=jar, org.gradle.status=release, org.gradle.usage=java-api}, {org.gradle.category=library, org.gradle.dependency.bundling=external, org.gradle.jvm.version=17, org.gradle.libraryelements=jar, org.gradle.status=release, org.gradle.usage=java-runtime}] for {}
2026-08-21T16:48:36.287-0300 [DEBUG] [io.spring.gradle.dependencymanagement.internal.VersionConfiguringAction] Processing requested dependency 'org.springframework.boot:spring-boot-sql:4.1.0' with target 'org.springframework.boot:spring-boot-sql:4.1.0
2026-08-21T16:48:36.287-0300 [DEBUG] [io.spring.gradle.dependencymanagement.internal.DependencyManagementContainer] Found managed version '4.1.0' for dependency 'org.springframework.boot:spring-boot-sql' in global dependency management
2026-08-21T16:48:36.287-0300 [DEBUG] [io.spring.gradle.dependencymanagement.internal.VersionConfiguringAction] Using version '4.1.0' for dependency 'org.springframework.boot:spring-boot-sql:4.1.0'
2026-08-21T16:48:36.287-0300 [DEBUG] [io.spring.gradle.dependencymanagement.internal.VersionConfiguringAction] Processing requested dependency 'org.springframework.boot:spring-boot-transaction:4.1.0' with target 'org.springframework.boot:spring-boot-transaction:4.1.0
2026-08-21T16:48:36.287-0300 [DEBUG] [io.spring.gradle.dependencymanagement.internal.DependencyManagementContainer] Found managed version '4.1.0' for dependency 'org.springframework.boot:spring-boot-transaction' in global dependency management
2026-08-21T16:48:36.287-0300 [DEBUG] [io.spring.gradle.dependencymanagement.internal.VersionConfiguringAction] Using version '4.1.0' for dependency 'org.springframework.boot:spring-boot-transaction:4.1.0'
2026-08-21T16:48:36.287-0300 [DEBUG] [io.spring.gradle.dependencymanagement.internal.VersionConfiguringAction] Processing requested dependency 'org.springframework:spring-jdbc:7.0.8' with target 'org.springframework:spring-jdbc:7.0.8
2026-08-21T16:48:36.287-0300 [DEBUG] [io.spring.gradle.dependencymanagement.internal.DependencyManagementContainer] Found managed version '7.0.8' for dependency 'org.springframework:spring-jdbc' in global dependency management
2026-08-21T16:48:36.287-0300 [DEBUG] [io.spring.gradle.dependencymanagement.internal.VersionConfiguringAction] Using version '7.0.8' for dependency 'org.springframework:spring-jdbc:7.0.8'
2026-08-21T16:48:36.288-0300 [DEBUG] [org.gradle.api.internal.artifacts.ivyservice.ivyresolve.RepositoryChainComponentMetaDataResolver] Attempting to resolve component for org.springframework.boot:spring-boot-sql:4.1.0 using repositories [MavenRepo]
2026-08-21T16:48:36.288-0300 [DEBUG] [org.gradle.api.internal.artifacts.ivyservice.ivyresolve.CachingModuleComponentRepository] Using cached module metadata for module 'org.springframework.boot:spring-boot-sql:4.1.0' in 'MavenRepo'
2026-08-21T16:48:36.288-0300 [DEBUG] [org.gradle.api.internal.artifacts.ivyservice.ivyresolve.RepositoryChainComponentMetaDataResolver] Using org.springframework.boot:spring-boot-sql:4.1.0 from org.gradle.api.internal.artifacts.ivyservice.ivyresolve.FilteredModuleComponentRepository@4710c7a6
2026-08-21T16:48:36.288-0300 [DEBUG] [org.gradle.api.internal.artifacts.ivyservice.ivyresolve.RepositoryChainComponentMetaDataResolver] Attempting to resolve component for org.springframework.boot:spring-boot-transaction:4.1.0 using repositories [MavenRepo]
2026-08-21T16:48:36.288-0300 [DEBUG] [org.gradle.api.internal.artifacts.ivyservice.ivyresolve.CachingModuleComponentRepository] Using cached module metadata for module 'org.springframework.boot:spring-boot-transaction:4.1.0' in 'MavenRepo'
2026-08-21T16:48:36.288-0300 [DEBUG] [org.gradle.api.internal.artifacts.ivyservice.ivyresolve.RepositoryChainComponentMetaDataResolver] Using org.springframework.boot:spring-boot-transaction:4.1.0 from org.gradle.api.internal.artifacts.ivyservice.ivyresolve.FilteredModuleComponentRepository@4710c7a6
2026-08-21T16:48:36.288-0300 [DEBUG] [org.gradle.api.internal.artifacts.ivyservice.ivyresolve.RepositoryChainComponentMetaDataResolver] Attempting to resolve component for org.springframework:spring-jdbc:7.0.8 using repositories [MavenRepo]
2026-08-21T16:48:36.288-0300 [DEBUG] [org.gradle.api.internal.artifacts.ivyservice.ivyresolve.CachingModuleComponentRepository] Using cached module metadata for module 'org.springframework:spring-jdbc:7.0.8' in 'MavenRepo'
2026-08-21T16:48:36.288-0300 [DEBUG] [org.gradle.api.internal.artifacts.ivyservice.ivyresolve.RepositoryChainComponentMetaDataResolver] Using org.springframework:spring-jdbc:7.0.8 from org.gradle.api.internal.artifacts.ivyservice.ivyresolve.FilteredModuleComponentRepository@4710c7a6
2026-08-21T16:48:36.288-0300 [DEBUG] [io.spring.gradle.dependencymanagement.internal.VersionConfiguringAction] Processing requested dependency 'com.fasterxml.jackson.core:jackson-annotations:2.21' with target 'com.fasterxml.jackson.core:jackson-annotations:2.21
2026-08-21T16:48:36.288-0300 [DEBUG] [io.spring.gradle.dependencymanagement.internal.DependencyManagementContainer] Found managed version '2.21' for dependency 'com.fasterxml.jackson.core:jackson-annotations' in global dependency management
2026-08-21T16:48:36.288-0300 [DEBUG] [io.spring.gradle.dependencymanagement.internal.VersionConfiguringAction] Using version '2.21' for dependency 'com.fasterxml.jackson.core:jackson-annotations:2.21'
2026-08-21T16:48:36.288-0300 [DEBUG] [io.spring.gradle.dependencymanagement.internal.VersionConfiguringAction] Processing requested dependency 'tools.jackson.core:jackson-core:3.1.4' with target 'tools.jackson.core:jackson-core:3.1.4
2026-08-21T16:48:36.288-0300 [DEBUG] [io.spring.gradle.dependencymanagement.internal.DependencyManagementContainer] Found managed version '3.1.4' for dependency 'tools.jackson.core:jackson-core' in global dependency management
2026-08-21T16:48:36.288-0300 [DEBUG] [io.spring.gradle.dependencymanagement.internal.VersionConfiguringAction] Using version '3.1.4' for dependency 'tools.jackson.core:jackson-core:3.1.4'
2026-08-21T16:48:36.288-0300 [DEBUG] [io.spring.gradle.dependencymanagement.internal.VersionConfiguringAction] Processing requested dependency 'tools.jackson:jackson-bom:3.1.4' with target 'tools.jackson:jackson-bom:3.1.4
2026-08-21T16:48:36.288-0300 [DEBUG] [io.spring.gradle.dependencymanagement.internal.VersionConfiguringAction] No dependency management for dependency 'tools.jackson:jackson-bom:3.1.4'
2026-08-21T16:48:36.289-0300 [DEBUG] [org.gradle.api.internal.artifacts.ivyservice.ivyresolve.RepositoryChainComponentMetaDataResolver] Attempting to resolve component for com.fasterxml.jackson.core:jackson-annotations:2.21 using repositories [MavenRepo]
2026-08-21T16:48:36.289-0300 [DEBUG] [org.gradle.api.internal.artifacts.ivyservice.ivyresolve.CachingModuleComponentRepository] Using cached module metadata for module 'com.fasterxml.jackson.core:jackson-annotations:2.21' in 'MavenRepo'
2026-08-21T16:48:36.289-0300 [DEBUG] [org.gradle.api.internal.artifacts.ivyservice.ivyresolve.RepositoryChainComponentMetaDataResolver] Using com.fasterxml.jackson.core:jackson-annotations:2.21 from org.gradle.api.internal.artifacts.ivyservice.ivyresolve.FilteredModuleComponentRepository@4710c7a6
2026-08-21T16:48:36.289-0300 [DEBUG] [org.gradle.api.internal.artifacts.ivyservice.ivyresolve.RepositoryChainComponentMetaDataResolver] Attempting to resolve component for tools.jackson.core:jackson-core:3.1.4 using repositories [MavenRepo]
2026-08-21T16:48:36.289-0300 [DEBUG] [org.gradle.api.internal.artifacts.ivyservice.ivyresolve.CachingModuleComponentRepository] Using cached module metadata for module 'tools.jackson.core:jackson-core:3.1.4' in 'MavenRepo'
2026-08-21T16:48:36.289-0300 [DEBUG] [org.gradle.api.internal.artifacts.ivyservice.ivyresolve.RepositoryChainComponentMetaDataResolver] Using tools.jackson.core:jackson-core:3.1.4 from org.gradle.api.internal.artifacts.ivyservice.ivyresolve.FilteredModuleComponentRepository@4710c7a6
2026-08-21T16:48:36.289-0300 [DEBUG] [org.gradle.api.internal.artifacts.ivyservice.ivyresolve.RepositoryChainComponentMetaDataResolver] Attempting to resolve component for tools.jackson:jackson-bom:3.1.4 using repositories [MavenRepo]
2026-08-21T16:48:36.289-0300 [DEBUG] [org.gradle.api.internal.artifacts.ivyservice.ivyresolve.CachingModuleComponentRepository] Using cached module metadata for module 'tools.jackson:jackson-bom:3.1.4' in 'MavenRepo'
2026-08-21T16:48:36.289-0300 [DEBUG] [org.gradle.api.internal.artifacts.ivyservice.ivyresolve.RepositoryChainComponentMetaDataResolver] Using tools.jackson:jackson-bom:3.1.4 from org.gradle.api.internal.artifacts.ivyservice.ivyresolve.FilteredModuleComponentRepository@4710c7a6
2026-08-21T16:48:36.289-0300 [DEBUG] [org.gradle.internal.component.model.LoggingAttributeMatchingExplanationBuilder] Candidate {org.gradle.category=library, org.gradle.libraryelements=jar, org.gradle.status=release, org.gradle.usage=java-api} attribute org.gradle.category value org.gradle.category=library doesn't requested value platform
2026-08-21T16:48:36.289-0300 [DEBUG] [org.gradle.internal.component.model.LoggingAttributeMatchingExplanationBuilder] Candidate {org.gradle.category=library, org.gradle.libraryelements=jar, org.gradle.status=release, org.gradle.usage=java-runtime} attribute org.gradle.category value org.gradle.category=library doesn't requested value platform
2026-08-21T16:48:36.289-0300 [DEBUG] [org.gradle.internal.component.model.LoggingAttributeMatchingExplanationBuilder] Candidate {org.gradle.category=documentation, org.gradle.dependency.bundling=external, org.gradle.docstype=sources, org.gradle.status=release, org.gradle.usage=java-runtime} attribute org.gradle.category value org.gradle.category=documentation doesn't requested value platform
2026-08-21T16:48:36.289-0300 [DEBUG] [org.gradle.internal.component.model.LoggingAttributeMatchingExplanationBuilder] Candidate {org.gradle.category=documentation, org.gradle.dependency.bundling=external, org.gradle.docstype=javadoc, org.gradle.status=release, org.gradle.usage=java-runtime} attribute org.gradle.category value org.gradle.category=documentation doesn't requested value platform
2026-08-21T16:48:36.289-0300 [DEBUG] [org.gradle.internal.component.model.LoggingAttributeMatchingExplanationBuilder] Candidate {org.gradle.category=enforced-platform, org.gradle.status=release, org.gradle.usage=java-api} attribute org.gradle.category value org.gradle.category=enforced-platform doesn't requested value platform
2026-08-21T16:48:36.289-0300 [DEBUG] [org.gradle.internal.component.model.LoggingAttributeMatchingExplanationBuilder] Candidate {org.gradle.category=enforced-platform, org.gradle.status=release, org.gradle.usage=java-runtime} attribute org.gradle.category value org.gradle.category=enforced-platform doesn't requested value platform
2026-08-21T16:48:36.289-0300 [DEBUG] [org.gradle.api.internal.attributes.matching.DefaultAttributeMatcher] Selected matches [5] from candidates [{org.gradle.category=library, org.gradle.libraryelements=jar, org.gradle.status=release, org.gradle.usage=java-api}, {org.gradle.category=library, org.gradle.libraryelements=jar, org.gradle.status=release, org.gradle.usage=java-runtime}, {org.gradle.category=documentation, org.gradle.dependency.bundling=external, org.gradle.docstype=sources, org.gradle.status=release, org.gradle.usage=java-runtime}, {org.gradle.category=documentation, org.gradle.dependency.bundling=external, org.gradle.docstype=javadoc, org.gradle.status=release, org.gradle.usage=java-runtime}, {org.gradle.category=platform, org.gradle.status=release, org.gradle.usage=java-api}, {org.gradle.category=platform, org.gradle.status=release, org.gradle.usage=java-runtime}, {org.gradle.category=enforced-platform, org.gradle.status=release, org.gradle.usage=java-api}, {org.gradle.category=enforced-platform, org.gradle.status=release, org.gradle.usage=java-runtime}] for {org.gradle.category=platform}
2026-08-21T16:48:36.289-0300 [DEBUG] [io.spring.gradle.dependencymanagement.internal.VersionConfiguringAction] Processing requested dependency 'tools.jackson.core:jackson-databind:3.1.4' with target 'tools.jackson.core:jackson-databind:3.1.4
2026-08-21T16:48:36.289-0300 [DEBUG] [io.spring.gradle.dependencymanagement.internal.DependencyManagementContainer] Found managed version '3.1.4' for dependency 'tools.jackson.core:jackson-databind' in global dependency management
2026-08-21T16:48:36.289-0300 [DEBUG] [io.spring.gradle.dependencymanagement.internal.VersionConfiguringAction] Using version '3.1.4' for dependency 'tools.jackson.core:jackson-databind:3.1.4'
2026-08-21T16:48:36.289-0300 [DEBUG] [io.spring.gradle.dependencymanagement.internal.VersionConfiguringAction] Processing requested dependency 'tools.jackson.dataformat:jackson-dataformat-avro:3.1.4' with target 'tools.jackson.dataformat:jackson-dataformat-avro:3.1.4
2026-08-21T16:48:36.289-0300 [DEBUG] [io.spring.gradle.dependencymanagement.internal.DependencyManagementContainer] Found managed version '3.1.4' for dependency 'tools.jackson.dataformat:jackson-dataformat-avro' in global dependency management
2026-08-21T16:48:36.289-0300 [DEBUG] [io.spring.gradle.dependencymanagement.internal.VersionConfiguringAction] Using version '3.1.4' for dependency 'tools.jackson.dataformat:jackson-dataformat-avro:3.1.4'
2026-08-21T16:48:36.290-0300 [DEBUG] [io.spring.gradle.dependencymanagement.internal.VersionConfiguringAction] Processing requested dependency 'tools.jackson.dataformat:jackson-dataformat-cbor:3.1.4' with target 'tools.jackson.dataformat:jackson-dataformat-cbor:3.1.4
2026-08-21T16:48:36.290-0300 [DEBUG] [io.spring.gradle.dependencymanagement.internal.DependencyManagementContainer] Found managed version '3.1.4' for dependency 'tools.jackson.dataformat:jackson-dataformat-cbor' in global dependency management
2026-08-21T16:48:36.290-0300 [DEBUG] [io.spring.gradle.dependencymanagement.internal.VersionConfiguringAction] Using version '3.1.4' for dependency 'tools.jackson.dataformat:jackson-dataformat-cbor:3.1.4'
2026-08-21T16:48:36.290-0300 [DEBUG] [io.spring.gradle.dependencymanagement.internal.VersionConfiguringAction] Processing requested dependency 'tools.jackson.dataformat:jackson-dataformat-csv:3.1.4' with target 'tools.jackson.dataformat:jackson-dataformat-csv:3.1.4
2026-08-21T16:48:36.290-0300 [DEBUG] [io.spring.gradle.dependencymanagement.internal.DependencyManagementContainer] Found managed version '3.1.4' for dependency 'tools.jackson.dataformat:jackson-dataformat-csv' in global dependency management
2026-08-21T16:48:36.290-0300 [DEBUG] [io.spring.gradle.dependencymanagement.internal.VersionConfiguringAction] Using version '3.1.4' for dependency 'tools.jackson.dataformat:jackson-dataformat-csv:3.1.4'
2026-08-21T16:48:36.290-0300 [DEBUG] [io.spring.gradle.dependencymanagement.internal.VersionConfiguringAction] Processing requested dependency 'tools.jackson.dataformat:jackson-dataformat-ion:3.1.4' with target 'tools.jackson.dataformat:jackson-dataformat-ion:3.1.4
2026-08-21T16:48:36.290-0300 [DEBUG] [io.spring.gradle.dependencymanagement.internal.DependencyManagementContainer] Found managed version '3.1.4' for dependency 'tools.jackson.dataformat:jackson-dataformat-ion' in global dependency management
2026-08-21T16:48:36.290-0300 [DEBUG] [io.spring.gradle.dependencymanagement.internal.VersionConfiguringAction] Using version '3.1.4' for dependency 'tools.jackson.dataformat:jackson-dataformat-ion:3.1.4'
2026-08-21T16:48:36.290-0300 [DEBUG] [io.spring.gradle.dependencymanagement.internal.VersionConfiguringAction] Processing requested dependency 'tools.jackson.dataformat:jackson-dataformat-properties:3.1.4' with target 'tools.jackson.dataformat:jackson-dataformat-properties:3.1.4
2026-08-21T16:48:36.290-0300 [DEBUG] [io.spring.gradle.dependencymanagement.internal.DependencyManagementContainer] Found managed version '3.1.4' for dependency 'tools.jackson.dataformat:jackson-dataformat-properties' in global dependency management
2026-08-21T16:48:36.290-0300 [DEBUG] [io.spring.gradle.dependencymanagement.internal.VersionConfiguringAction] Using version '3.1.4' for dependency 'tools.jackson.dataformat:jackson-dataformat-properties:3.1.4'
2026-08-21T16:48:36.290-0300 [DEBUG] [io.spring.gradle.dependencymanagement.internal.VersionConfiguringAction] Processing requested dependency 'tools.jackson.dataformat:jackson-dataformat-protobuf:3.1.4' with target 'tools.jackson.dataformat:jackson-dataformat-protobuf:3.1.4
2026-08-21T16:48:36.290-0300 [DEBUG] [io.spring.gradle.dependencymanagement.internal.DependencyManagementContainer] Found managed version '3.1.4' for dependency 'tools.jackson.dataformat:jackson-dataformat-protobuf' in global dependency management
2026-08-21T16:48:36.290-0300 [DEBUG] [io.spring.gradle.dependencymanagement.internal.VersionConfiguringAction] Using version '3.1.4' for dependency 'tools.jackson.dataformat:jackson-dataformat-protobuf:3.1.4'
2026-08-21T16:48:36.290-0300 [DEBUG] [io.spring.gradle.dependencymanagement.internal.VersionConfiguringAction] Processing requested dependency 'tools.jackson.dataformat:jackson-dataformat-smile:3.1.4' with target 'tools.jackson.dataformat:jackson-dataformat-smile:3.1.4
2026-08-21T16:48:36.290-0300 [DEBUG] [io.spring.gradle.dependencymanagement.internal.DependencyManagementContainer] Found managed version '3.1.4' for dependency 'tools.jackson.dataformat:jackson-dataformat-smile' in global dependency management
2026-08-21T16:48:36.290-0300 [DEBUG] [io.spring.gradle.dependencymanagement.internal.VersionConfiguringAction] Using version '3.1.4' for dependency 'tools.jackson.dataformat:jackson-dataformat-smile:3.1.4'
2026-08-21T16:48:36.290-0300 [DEBUG] [io.spring.gradle.dependencymanagement.internal.VersionConfiguringAction] Processing requested dependency 'tools.jackson.dataformat:jackson-dataformat-toml:3.1.4' with target 'tools.jackson.dataformat:jackson-dataformat-toml:3.1.4
2026-08-21T16:48:36.290-0300 [DEBUG] [io.spring.gradle.dependencymanagement.internal.DependencyManagementContainer] Found managed version '3.1.4' for dependency 'tools.jackson.dataformat:jackson-dataformat-toml' in global dependency management
2026-08-21T16:48:36.290-0300 [DEBUG] [io.spring.gradle.dependencymanagement.internal.VersionConfiguringAction] Using version '3.1.4' for dependency 'tools.jackson.dataformat:jackson-dataformat-toml:3.1.4'
2026-08-21T16:48:36.290-0300 [DEBUG] [io.spring.gradle.dependencymanagement.internal.VersionConfiguringAction] Processing requested dependency 'tools.jackson.dataformat:jackson-dataformat-xml:3.1.4' with target 'tools.jackson.dataformat:jackson-dataformat-xml:3.1.4
2026-08-21T16:48:36.290-0300 [DEBUG] [io.spring.gradle.dependencymanagement.internal.DependencyManagementContainer] Found managed version '3.1.4' for dependency 'tools.jackson.dataformat:jackson-dataformat-xml' in global dependency management
2026-08-21T16:48:36.290-0300 [DEBUG] [io.spring.gradle.dependencymanagement.internal.VersionConfiguringAction] Using version '3.1.4' for dependency 'tools.jackson.dataformat:jackson-dataformat-xml:3.1.4'
2026-08-21T16:48:36.290-0300 [DEBUG] [io.spring.gradle.dependencymanagement.internal.VersionConfiguringAction] Processing requested dependency 'tools.jackson.dataformat:jackson-dataformat-yaml:3.1.4' with target 'tools.jackson.dataformat:jackson-dataformat-yaml:3.1.4
2026-08-21T16:48:36.290-0300 [DEBUG] [io.spring.gradle.dependencymanagement.internal.DependencyManagementContainer] Found managed version '3.1.4' for dependency 'tools.jackson.dataformat:jackson-dataformat-yaml' in global dependency management
2026-08-21T16:48:36.290-0300 [DEBUG] [io.spring.gradle.dependencymanagement.internal.VersionConfiguringAction] Using version '3.1.4' for dependency 'tools.jackson.dataformat:jackson-dataformat-yaml:3.1.4'
2026-08-21T16:48:36.290-0300 [DEBUG] [io.spring.gradle.dependencymanagement.internal.VersionConfiguringAction] Processing requested dependency 'tools.jackson.datatype:jackson-datatype-eclipse-collections:3.1.4' with target 'tools.jackson.datatype:jackson-datatype-eclipse-collections:3.1.4
2026-08-21T16:48:36.290-0300 [DEBUG] [io.spring.gradle.dependencymanagement.internal.DependencyManagementContainer] Found managed version '3.1.4' for dependency 'tools.jackson.datatype:jackson-datatype-eclipse-collections' in global dependency management
2026-08-21T16:48:36.290-0300 [DEBUG] [io.spring.gradle.dependencymanagement.internal.VersionConfiguringAction] Using version '3.1.4' for dependency 'tools.jackson.datatype:jackson-datatype-eclipse-collections:3.1.4'
2026-08-21T16:48:36.290-0300 [DEBUG] [io.spring.gradle.dependencymanagement.internal.VersionConfiguringAction] Processing requested dependency 'tools.jackson.datatype:jackson-datatype-guava:3.1.4' with target 'tools.jackson.datatype:jackson-datatype-guava:3.1.4
2026-08-21T16:48:36.290-0300 [DEBUG] [io.spring.gradle.dependencymanagement.internal.DependencyManagementContainer] Found managed version '3.1.4' for dependency 'tools.jackson.datatype:jackson-datatype-guava' in global dependency management
2026-08-21T16:48:36.290-0300 [DEBUG] [io.spring.gradle.dependencymanagement.internal.VersionConfiguringAction] Using version '3.1.4' for dependency 'tools.jackson.datatype:jackson-datatype-guava:3.1.4'
2026-08-21T16:48:36.290-0300 [DEBUG] [io.spring.gradle.dependencymanagement.internal.VersionConfiguringAction] Processing requested dependency 'tools.jackson.datatype:jackson-datatype-hibernate4:3.1.4' with target 'tools.jackson.datatype:jackson-datatype-hibernate4:3.1.4
2026-08-21T16:48:36.290-0300 [DEBUG] [io.spring.gradle.dependencymanagement.internal.DependencyManagementContainer] Found managed version '3.1.4' for dependency 'tools.jackson.datatype:jackson-datatype-hibernate4' in global dependency management
2026-08-21T16:48:36.290-0300 [DEBUG] [io.spring.gradle.dependencymanagement.internal.VersionConfiguringAction] Using version '3.1.4' for dependency 'tools.jackson.datatype:jackson-datatype-hibernate4:3.1.4'
2026-08-21T16:48:36.291-0300 [DEBUG] [io.spring.gradle.dependencymanagement.internal.VersionConfiguringAction] Processing requested dependency 'tools.jackson.datatype:jackson-datatype-hibernate5:3.1.4' with target 'tools.jackson.datatype:jackson-datatype-hibernate5:3.1.4
2026-08-21T16:48:36.291-0300 [DEBUG] [io.spring.gradle.dependencymanagement.internal.DependencyManagementContainer] Found managed version '3.1.4' for dependency 'tools.jackson.datatype:jackson-datatype-hibernate5' in global dependency management
2026-08-21T16:48:36.291-0300 [DEBUG] [io.spring.gradle.dependencymanagement.internal.VersionConfiguringAction] Using version '3.1.4' for dependency 'tools.jackson.datatype:jackson-datatype-hibernate5:3.1.4'
2026-08-21T16:48:36.291-0300 [DEBUG] [io.spring.gradle.dependencymanagement.internal.VersionConfiguringAction] Processing requested dependency 'tools.jackson.datatype:jackson-datatype-hibernate5-jakarta:3.1.4' with target 'tools.jackson.datatype:jackson-datatype-hibernate5-jakarta:3.1.4
2026-08-21T16:48:36.291-0300 [DEBUG] [io.spring.gradle.dependencymanagement.internal.DependencyManagementContainer] Found managed version '3.1.4' for dependency 'tools.jackson.datatype:jackson-datatype-hibernate5-jakarta' in global dependency management
2026-08-21T16:48:36.291-0300 [DEBUG] [io.spring.gradle.dependencymanagement.internal.VersionConfiguringAction] Using version '3.1.4' for dependency 'tools.jackson.datatype:jackson-datatype-hibernate5-jakarta:3.1.4'
2026-08-21T16:48:36.291-0300 [DEBUG] [io.spring.gradle.dependencymanagement.internal.VersionConfiguringAction] Processing requested dependency 'tools.jackson.datatype:jackson-datatype-hibernate6:3.1.4' with target 'tools.jackson.datatype:jackson-datatype-hibernate6:3.1.4
2026-08-21T16:48:36.291-0300 [DEBUG] [io.spring.gradle.dependencymanagement.internal.DependencyManagementContainer] Found managed version '3.1.4' for dependency 'tools.jackson.datatype:jackson-datatype-hibernate6' in global dependency management
2026-08-21T16:48:36.291-0300 [DEBUG] [io.spring.gradle.dependencymanagement.internal.VersionConfiguringAction] Using version '3.1.4' for dependency 'tools.jackson.datatype:jackson-datatype-hibernate6:3.1.4'
2026-08-21T16:48:36.291-0300 [DEBUG] [io.spring.gradle.dependencymanagement.internal.VersionConfiguringAction] Processing requested dependency 'tools.jackson.datatype:jackson-datatype-hibernate7:3.1.4' with target 'tools.jackson.datatype:jackson-datatype-hibernate7:3.1.4
2026-08-21T16:48:36.291-0300 [DEBUG] [io.spring.gradle.dependencymanagement.internal.DependencyManagementContainer] Found managed version '3.1.4' for dependency 'tools.jackson.datatype:jackson-datatype-hibernate7' in global dependency management
2026-08-21T16:48:36.291-0300 [DEBUG] [io.spring.gradle.dependencymanagement.internal.VersionConfiguringAction] Using version '3.1.4' for dependency 'tools.jackson.datatype:jackson-datatype-hibernate7:3.1.4'
2026-08-21T16:48:36.291-0300 [DEBUG] [io.spring.gradle.dependencymanagement.internal.VersionConfiguringAction] Processing requested dependency 'tools.jackson.datatype:jackson-datatype-hppc:3.1.4' with target 'tools.jackson.datatype:jackson-datatype-hppc:3.1.4
2026-08-21T16:48:36.291-0300 [DEBUG] [io.spring.gradle.dependencymanagement.internal.DependencyManagementContainer] Found managed version '3.1.4' for dependency 'tools.jackson.datatype:jackson-datatype-hppc' in global dependency management
2026-08-21T16:48:36.291-0300 [DEBUG] [io.spring.gradle.dependencymanagement.internal.VersionConfiguringAction] Using version '3.1.4' for dependency 'tools.jackson.datatype:jackson-datatype-hppc:3.1.4'
2026-08-21T16:48:36.291-0300 [DEBUG] [io.spring.gradle.dependencymanagement.internal.VersionConfiguringAction] Processing requested dependency 'tools.jackson.datatype:jackson-datatype-javax-money:3.1.4' with target 'tools.jackson.datatype:jackson-datatype-javax-money:3.1.4
2026-08-21T16:48:36.291-0300 [DEBUG] [io.spring.gradle.dependencymanagement.internal.DependencyManagementContainer] Found managed version '3.1.4' for dependency 'tools.jackson.datatype:jackson-datatype-javax-money' in global dependency management
2026-08-21T16:48:36.291-0300 [DEBUG] [io.spring.gradle.dependencymanagement.internal.VersionConfiguringAction] Using version '3.1.4' for dependency 'tools.jackson.datatype:jackson-datatype-javax-money:3.1.4'
2026-08-21T16:48:36.291-0300 [DEBUG] [io.spring.gradle.dependencymanagement.internal.VersionConfiguringAction] Processing requested dependency 'tools.jackson.datatype:jackson-datatype-jakarta-jsonp:3.1.4' with target 'tools.jackson.datatype:jackson-datatype-jakarta-jsonp:3.1.4
2026-08-21T16:48:36.291-0300 [DEBUG] [io.spring.gradle.dependencymanagement.internal.DependencyManagementContainer] Found managed version '3.1.4' for dependency 'tools.jackson.datatype:jackson-datatype-jakarta-jsonp' in global dependency management
2026-08-21T16:48:36.291-0300 [DEBUG] [io.spring.gradle.dependencymanagement.internal.VersionConfiguringAction] Using version '3.1.4' for dependency 'tools.jackson.datatype:jackson-datatype-jakarta-jsonp:3.1.4'
2026-08-21T16:48:36.291-0300 [DEBUG] [io.spring.gradle.dependencymanagement.internal.VersionConfiguringAction] Processing requested dependency 'tools.jackson.datatype:jackson-datatype-jaxrs:3.1.4' with target 'tools.jackson.datatype:jackson-datatype-jaxrs:3.1.4
2026-08-21T16:48:36.291-0300 [DEBUG] [io.spring.gradle.dependencymanagement.internal.DependencyManagementContainer] Found managed version '3.1.4' for dependency 'tools.jackson.datatype:jackson-datatype-jaxrs' in global dependency management
2026-08-21T16:48:36.291-0300 [DEBUG] [io.spring.gradle.dependencymanagement.internal.VersionConfiguringAction] Using version '3.1.4' for dependency 'tools.jackson.datatype:jackson-datatype-jaxrs:3.1.4'
2026-08-21T16:48:36.291-0300 [DEBUG] [io.spring.gradle.dependencymanagement.internal.VersionConfiguringAction] Processing requested dependency 'tools.jackson.datatype:jackson-datatype-joda:3.1.4' with target 'tools.jackson.datatype:jackson-datatype-joda:3.1.4
2026-08-21T16:48:36.291-0300 [DEBUG] [io.spring.gradle.dependencymanagement.internal.DependencyManagementContainer] Found managed version '3.1.4' for dependency 'tools.jackson.datatype:jackson-datatype-joda' in global dependency management
2026-08-21T16:48:36.291-0300 [DEBUG] [io.spring.gradle.dependencymanagement.internal.VersionConfiguringAction] Using version '3.1.4' for dependency 'tools.jackson.datatype:jackson-datatype-joda:3.1.4'
2026-08-21T16:48:36.291-0300 [DEBUG] [io.spring.gradle.dependencymanagement.internal.VersionConfiguringAction] Processing requested dependency 'tools.jackson.datatype:jackson-datatype-joda-money:3.1.4' with target 'tools.jackson.datatype:jackson-datatype-joda-money:3.1.4
2026-08-21T16:48:36.291-0300 [DEBUG] [io.spring.gradle.dependencymanagement.internal.DependencyManagementContainer] Found managed version '3.1.4' for dependency 'tools.jackson.datatype:jackson-datatype-joda-money' in global dependency management
2026-08-21T16:48:36.291-0300 [DEBUG] [io.spring.gradle.dependencymanagement.internal.VersionConfiguringAction] Using version '3.1.4' for dependency 'tools.jackson.datatype:jackson-datatype-joda-money:3.1.4'
2026-08-21T16:48:36.291-0300 [DEBUG] [io.spring.gradle.dependencymanagement.internal.VersionConfiguringAction] Processing requested dependency 'tools.jackson.datatype:jackson-datatype-json-org:3.1.4' with target 'tools.jackson.datatype:jackson-datatype-json-org:3.1.4
2026-08-21T16:48:36.291-0300 [DEBUG] [io.spring.gradle.dependencymanagement.internal.DependencyManagementContainer] Found managed version '3.1.4' for dependency 'tools.jackson.datatype:jackson-datatype-json-org' in global dependency management
2026-08-21T16:48:36.291-0300 [DEBUG] [io.spring.gradle.dependencymanagement.internal.VersionConfiguringAction] Using version '3.1.4' for dependency 'tools.jackson.datatype:jackson-datatype-json-org:3.1.4'
2026-08-21T16:48:36.291-0300 [DEBUG] [io.spring.gradle.dependencymanagement.internal.VersionConfiguringAction] Processing requested dependency 'tools.jackson.datatype:jackson-datatype-jsr353:3.1.4' with target 'tools.jackson.datatype:jackson-datatype-jsr353:3.1.4
2026-08-21T16:48:36.291-0300 [DEBUG] [io.spring.gradle.dependencymanagement.internal.DependencyManagementContainer] Found managed version '3.1.4' for dependency 'tools.jackson.datatype:jackson-datatype-jsr353' in global dependency management
2026-08-21T16:48:36.291-0300 [DEBUG] [io.spring.gradle.dependencymanagement.internal.VersionConfiguringAction] Using version '3.1.4' for dependency 'tools.jackson.datatype:jackson-datatype-jsr353:3.1.4'
2026-08-21T16:48:36.292-0300 [DEBUG] [io.spring.gradle.dependencymanagement.internal.VersionConfiguringAction] Processing requested dependency 'tools.jackson.datatype:jackson-datatype-moneta:3.1.4' with target 'tools.jackson.datatype:jackson-datatype-moneta:3.1.4
2026-08-21T16:48:36.292-0300 [DEBUG] [io.spring.gradle.dependencymanagement.internal.DependencyManagementContainer] Found managed version '3.1.4' for dependency 'tools.jackson.datatype:jackson-datatype-moneta' in global dependency management
2026-08-21T16:48:36.292-0300 [DEBUG] [io.spring.gradle.dependencymanagement.internal.VersionConfiguringAction] Using version '3.1.4' for dependency 'tools.jackson.datatype:jackson-datatype-moneta:3.1.4'
2026-08-21T16:48:36.292-0300 [DEBUG] [io.spring.gradle.dependencymanagement.internal.VersionConfiguringAction] Processing requested dependency 'tools.jackson.datatype:jackson-datatype-pcollections:3.1.4' with target 'tools.jackson.datatype:jackson-datatype-pcollections:3.1.4
2026-08-21T16:48:36.292-0300 [DEBUG] [io.spring.gradle.dependencymanagement.internal.DependencyManagementContainer] Found managed version '3.1.4' for dependency 'tools.jackson.datatype:jackson-datatype-pcollections' in global dependency management
2026-08-21T16:48:36.292-0300 [DEBUG] [io.spring.gradle.dependencymanagement.internal.VersionConfiguringAction] Using version '3.1.4' for dependency 'tools.jackson.datatype:jackson-datatype-pcollections:3.1.4'
2026-08-21T16:48:36.292-0300 [DEBUG] [io.spring.gradle.dependencymanagement.internal.VersionConfiguringAction] Processing requested dependency 'tools.jackson.jaxrs:jackson-jaxrs-base:3.1.4' with target 'tools.jackson.jaxrs:jackson-jaxrs-base:3.1.4
2026-08-21T16:48:36.292-0300 [DEBUG] [io.spring.gradle.dependencymanagement.internal.DependencyManagementContainer] Found managed version '3.1.4' for dependency 'tools.jackson.jaxrs:jackson-jaxrs-base' in global dependency management
2026-08-21T16:48:36.292-0300 [DEBUG] [io.spring.gradle.dependencymanagement.internal.VersionConfiguringAction] Using version '3.1.4' for dependency 'tools.jackson.jaxrs:jackson-jaxrs-base:3.1.4'
2026-08-21T16:48:36.292-0300 [DEBUG] [io.spring.gradle.dependencymanagement.internal.VersionConfiguringAction] Processing requested dependency 'tools.jackson.jaxrs:jackson-jaxrs-cbor-provider:3.1.4' with target 'tools.jackson.jaxrs:jackson-jaxrs-cbor-provider:3.1.4
2026-08-21T16:48:36.292-0300 [DEBUG] [io.spring.gradle.dependencymanagement.internal.DependencyManagementContainer] Found managed version '3.1.4' for dependency 'tools.jackson.jaxrs:jackson-jaxrs-cbor-provider' in global dependency management
2026-08-21T16:48:36.292-0300 [DEBUG] [io.spring.gradle.dependencymanagement.internal.VersionConfiguringAction] Using version '3.1.4' for dependency 'tools.jackson.jaxrs:jackson-jaxrs-cbor-provider:3.1.4'
2026-08-21T16:48:36.292-0300 [DEBUG] [io.spring.gradle.dependencymanagement.internal.VersionConfiguringAction] Processing requested dependency 'tools.jackson.jaxrs:jackson-jaxrs-json-provider:3.1.4' with target 'tools.jackson.jaxrs:jackson-jaxrs-json-provider:3.1.4
2026-08-21T16:48:36.292-0300 [DEBUG] [io.spring.gradle.dependencymanagement.internal.DependencyManagementContainer] Found managed version '3.1.4' for dependency 'tools.jackson.jaxrs:jackson-jaxrs-json-provider' in global dependency management
2026-08-21T16:48:36.292-0300 [DEBUG] [io.spring.gradle.dependencymanagement.internal.VersionConfiguringAction] Using version '3.1.4' for dependency 'tools.jackson.jaxrs:jackson-jaxrs-json-provider:3.1.4'
2026-08-21T16:48:36.292-0300 [DEBUG] [io.spring.gradle.dependencymanagement.internal.VersionConfiguringAction] Processing requested dependency 'tools.jackson.jaxrs:jackson-jaxrs-smile-provider:3.1.4' with target 'tools.jackson.jaxrs:jackson-jaxrs-smile-provider:3.1.4
2026-08-21T16:48:36.292-0300 [DEBUG] [io.spring.gradle.dependencymanagement.internal.DependencyManagementContainer] Found managed version '3.1.4' for dependency 'tools.jackson.jaxrs:jackson-jaxrs-smile-provider' in global dependency management
2026-08-21T16:48:36.292-0300 [DEBUG] [io.spring.gradle.dependencymanagement.internal.VersionConfiguringAction] Using version '3.1.4' for dependency 'tools.jackson.jaxrs:jackson-jaxrs-smile-provider:3.1.4'
2026-08-21T16:48:36.292-0300 [DEBUG] [io.spring.gradle.dependencymanagement.internal.VersionConfiguringAction] Processing requested dependency 'tools.jackson.jaxrs:jackson-jaxrs-xml-provider:3.1.4' with target 'tools.jackson.jaxrs:jackson-jaxrs-xml-provider:3.1.4
2026-08-21T16:48:36.292-0300 [DEBUG] [io.spring.gradle.dependencymanagement.internal.DependencyManagementContainer] Found managed version '3.1.4' for dependency 'tools.jackson.jaxrs:jackson-jaxrs-xml-provider' in global dependency management
2026-08-21T16:48:36.292-0300 [DEBUG] [io.spring.gradle.dependencymanagement.internal.VersionConfiguringAction] Using version '3.1.4' for dependency 'tools.jackson.jaxrs:jackson-jaxrs-xml-provider:3.1.4'
2026-08-21T16:48:36.292-0300 [DEBUG] [io.spring.gradle.dependencymanagement.internal.VersionConfiguringAction] Processing requested dependency 'tools.jackson.jaxrs:jackson-jaxrs-yaml-provider:3.1.4' with target 'tools.jackson.jaxrs:jackson-jaxrs-yaml-provider:3.1.4
2026-08-21T16:48:36.292-0300 [DEBUG] [io.spring.gradle.dependencymanagement.internal.DependencyManagementContainer] Found managed version '3.1.4' for dependency 'tools.jackson.jaxrs:jackson-jaxrs-yaml-provider' in global dependency management
2026-08-21T16:48:36.292-0300 [DEBUG] [io.spring.gradle.dependencymanagement.internal.VersionConfiguringAction] Using version '3.1.4' for dependency 'tools.jackson.jaxrs:jackson-jaxrs-yaml-provider:3.1.4'
2026-08-21T16:48:36.292-0300 [DEBUG] [io.spring.gradle.dependencymanagement.internal.VersionConfiguringAction] Processing requested dependency 'tools.jackson.jakarta.rs:jackson-jakarta-rs-base:3.1.4' with target 'tools.jackson.jakarta.rs:jackson-jakarta-rs-base:3.1.4
2026-08-21T16:48:36.292-0300 [DEBUG] [io.spring.gradle.dependencymanagement.internal.DependencyManagementContainer] Found managed version '3.1.4' for dependency 'tools.jackson.jakarta.rs:jackson-jakarta-rs-base' in global dependency management
2026-08-21T16:48:36.292-0300 [DEBUG] [io.spring.gradle.dependencymanagement.internal.VersionConfiguringAction] Using version '3.1.4' for dependency 'tools.jackson.jakarta.rs:jackson-jakarta-rs-base:3.1.4'
2026-08-21T16:48:36.292-0300 [DEBUG] [io.spring.gradle.dependencymanagement.internal.VersionConfiguringAction] Processing requested dependency 'tools.jackson.jakarta.rs:jackson-jakarta-rs-cbor-provider:3.1.4' with target 'tools.jackson.jakarta.rs:jackson-jakarta-rs-cbor-provider:3.1.4
2026-08-21T16:48:36.292-0300 [DEBUG] [io.spring.gradle.dependencymanagement.internal.DependencyManagementContainer] Found managed version '3.1.4' for dependency 'tools.jackson.jakarta.rs:jackson-jakarta-rs-cbor-provider' in global dependency management
2026-08-21T16:48:36.292-0300 [DEBUG] [io.spring.gradle.dependencymanagement.internal.VersionConfiguringAction] Using version '3.1.4' for dependency 'tools.jackson.jakarta.rs:jackson-jakarta-rs-cbor-provider:3.1.4'
2026-08-21T16:48:36.292-0300 [DEBUG] [io.spring.gradle.dependencymanagement.internal.VersionConfiguringAction] Processing requested dependency 'tools.jackson.jakarta.rs:jackson-jakarta-rs-json-provider:3.1.4' with target 'tools.jackson.jakarta.rs:jackson-jakarta-rs-json-provider:3.1.4
2026-08-21T16:48:36.292-0300 [DEBUG] [io.spring.gradle.dependencymanagement.internal.DependencyManagementContainer] Found managed version '3.1.4' for dependency 'tools.jackson.jakarta.rs:jackson-jakarta-rs-json-provider' in global dependency management
2026-08-21T16:48:36.292-0300 [DEBUG] [io.spring.gradle.dependencymanagement.internal.VersionConfiguringAction] Using version '3.1.4' for dependency 'tools.jackson.jakarta.rs:jackson-jakarta-rs-json-provider:3.1.4'
2026-08-21T16:48:36.292-0300 [DEBUG] [io.spring.gradle.dependencymanagement.internal.VersionConfiguringAction] Processing requested dependency 'tools.jackson.jakarta.rs:jackson-jakarta-rs-smile-provider:3.1.4' with target 'tools.jackson.jakarta.rs:jackson-jakarta-rs-smile-provider:3.1.4
2026-08-21T16:48:36.292-0300 [DEBUG] [io.spring.gradle.dependencymanagement.internal.DependencyManagementContainer] Found managed version '3.1.4' for dependency 'tools.jackson.jakarta.rs:jackson-jakarta-rs-smile-provider' in global dependency management
2026-08-21T16:48:36.292-0300 [DEBUG] [io.spring.gradle.dependencymanagement.internal.VersionConfiguringAction] Using version '3.1.4' for dependency 'tools.jackson.jakarta.rs:jackson-jakarta-rs-smile-provider:3.1.4'
2026-08-21T16:48:36.293-0300 [DEBUG] [io.spring.gradle.dependencymanagement.internal.VersionConfiguringAction] Processing requested dependency 'tools.jackson.jakarta.rs:jackson-jakarta-rs-xml-provider:3.1.4' with target 'tools.jackson.jakarta.rs:jackson-jakarta-rs-xml-provider:3.1.4
2026-08-21T16:48:36.293-0300 [DEBUG] [io.spring.gradle.dependencymanagement.internal.DependencyManagementContainer] Found managed version '3.1.4' for dependency 'tools.jackson.jakarta.rs:jackson-jakarta-rs-xml-provider' in global dependency management
2026-08-21T16:48:36.293-0300 [DEBUG] [io.spring.gradle.dependencymanagement.internal.VersionConfiguringAction] Using version '3.1.4' for dependency 'tools.jackson.jakarta.rs:jackson-jakarta-rs-xml-provider:3.1.4'
2026-08-21T16:48:36.293-0300 [DEBUG] [io.spring.gradle.dependencymanagement.internal.VersionConfiguringAction] Processing requested dependency 'tools.jackson.jakarta.rs:jackson-jakarta-rs-yaml-provider:3.1.4' with target 'tools.jackson.jakarta.rs:jackson-jakarta-rs-yaml-provider:3.1.4
2026-08-21T16:48:36.293-0300 [DEBUG] [io.spring.gradle.dependencymanagement.internal.DependencyManagementContainer] Found managed version '3.1.4' for dependency 'tools.jackson.jakarta.rs:jackson-jakarta-rs-yaml-provider' in global dependency management
2026-08-21T16:48:36.293-0300 [DEBUG] [io.spring.gradle.dependencymanagement.internal.VersionConfiguringAction] Using version '3.1.4' for dependency 'tools.jackson.jakarta.rs:jackson-jakarta-rs-yaml-provider:3.1.4'
2026-08-21T16:48:36.293-0300 [DEBUG] [io.spring.gradle.dependencymanagement.internal.VersionConfiguringAction] Processing requested dependency 'tools.jackson.jr:jackson-jr-all:3.1.4' with target 'tools.jackson.jr:jackson-jr-all:3.1.4
2026-08-21T16:48:36.293-0300 [DEBUG] [io.spring.gradle.dependencymanagement.internal.DependencyManagementContainer] Found managed version '3.1.4' for dependency 'tools.jackson.jr:jackson-jr-all' in global dependency management
2026-08-21T16:48:36.293-0300 [DEBUG] [io.spring.gradle.dependencymanagement.internal.VersionConfiguringAction] Using version '3.1.4' for dependency 'tools.jackson.jr:jackson-jr-all:3.1.4'
2026-08-21T16:48:36.293-0300 [DEBUG] [io.spring.gradle.dependencymanagement.internal.VersionConfiguringAction] Processing requested dependency 'tools.jackson.jr:jackson-jr-annotation-support:3.1.4' with target 'tools.jackson.jr:jackson-jr-annotation-support:3.1.4
2026-08-21T16:48:36.293-0300 [DEBUG] [io.spring.gradle.dependencymanagement.internal.DependencyManagementContainer] Found managed version '3.1.4' for dependency 'tools.jackson.jr:jackson-jr-annotation-support' in global dependency management
2026-08-21T16:48:36.293-0300 [DEBUG] [io.spring.gradle.dependencymanagement.internal.VersionConfiguringAction] Using version '3.1.4' for dependency 'tools.jackson.jr:jackson-jr-annotation-support:3.1.4'
2026-08-21T16:48:36.293-0300 [DEBUG] [io.spring.gradle.dependencymanagement.internal.VersionConfiguringAction] Processing requested dependency 'tools.jackson.jr:jackson-jr-extension-javatime:3.1.4' with target 'tools.jackson.jr:jackson-jr-extension-javatime:3.1.4
2026-08-21T16:48:36.293-0300 [DEBUG] [io.spring.gradle.dependencymanagement.internal.DependencyManagementContainer] Found managed version '3.1.4' for dependency 'tools.jackson.jr:jackson-jr-extension-javatime' in global dependency management
2026-08-21T16:48:36.293-0300 [DEBUG] [io.spring.gradle.dependencymanagement.internal.VersionConfiguringAction] Using version '3.1.4' for dependency 'tools.jackson.jr:jackson-jr-extension-javatime:3.1.4'
2026-08-21T16:48:36.293-0300 [DEBUG] [io.spring.gradle.dependencymanagement.internal.VersionConfiguringAction] Processing requested dependency 'tools.jackson.jr:jackson-jr-objects:3.1.4' with target 'tools.jackson.jr:jackson-jr-objects:3.1.4
2026-08-21T16:48:36.293-0300 [DEBUG] [io.spring.gradle.dependencymanagement.internal.DependencyManagementContainer] Found managed version '3.1.4' for dependency 'tools.jackson.jr:jackson-jr-objects' in global dependency management
2026-08-21T16:48:36.293-0300 [DEBUG] [io.spring.gradle.dependencymanagement.internal.VersionConfiguringAction] Using version '3.1.4' for dependency 'tools.jackson.jr:jackson-jr-objects:3.1.4'
2026-08-21T16:48:36.293-0300 [DEBUG] [io.spring.gradle.dependencymanagement.internal.VersionConfiguringAction] Processing requested dependency 'tools.jackson.jr:jackson-jr-retrofit2:3.1.4' with target 'tools.jackson.jr:jackson-jr-retrofit2:3.1.4
2026-08-21T16:48:36.293-0300 [DEBUG] [io.spring.gradle.dependencymanagement.internal.DependencyManagementContainer] Found managed version '3.1.4' for dependency 'tools.jackson.jr:jackson-jr-retrofit2' in global dependency management
2026-08-21T16:48:36.293-0300 [DEBUG] [io.spring.gradle.dependencymanagement.internal.VersionConfiguringAction] Using version '3.1.4' for dependency 'tools.jackson.jr:jackson-jr-retrofit2:3.1.4'
2026-08-21T16:48:36.293-0300 [DEBUG] [io.spring.gradle.dependencymanagement.internal.VersionConfiguringAction] Processing requested dependency 'tools.jackson.jr:jackson-jr-stree:3.1.4' with target 'tools.jackson.jr:jackson-jr-stree:3.1.4
2026-08-21T16:48:36.293-0300 [DEBUG] [io.spring.gradle.dependencymanagement.internal.DependencyManagementContainer] Found managed version '3.1.4' for dependency 'tools.jackson.jr:jackson-jr-stree' in global dependency management
2026-08-21T16:48:36.293-0300 [DEBUG] [io.spring.gradle.dependencymanagement.internal.VersionConfiguringAction] Using version '3.1.4' for dependency 'tools.jackson.jr:jackson-jr-stree:3.1.4'
2026-08-21T16:48:36.293-0300 [DEBUG] [io.spring.gradle.dependencymanagement.internal.VersionConfiguringAction] Processing requested dependency 'tools.jackson.module:jackson-module-afterburner:3.1.4' with target 'tools.jackson.module:jackson-module-afterburner:3.1.4
2026-08-21T16:48:36.293-0300 [DEBUG] [io.spring.gradle.dependencymanagement.internal.DependencyManagementContainer] Found managed version '3.1.4' for dependency 'tools.jackson.module:jackson-module-afterburner' in global dependency management
2026-08-21T16:48:36.293-0300 [DEBUG] [io.spring.gradle.dependencymanagement.internal.VersionConfiguringAction] Using version '3.1.4' for dependency 'tools.jackson.module:jackson-module-afterburner:3.1.4'
2026-08-21T16:48:36.293-0300 [DEBUG] [io.spring.gradle.dependencymanagement.internal.VersionConfiguringAction] Processing requested dependency 'tools.jackson.module:jackson-module-android-record:3.1.4' with target 'tools.jackson.module:jackson-module-android-record:3.1.4
2026-08-21T16:48:36.293-0300 [DEBUG] [io.spring.gradle.dependencymanagement.internal.DependencyManagementContainer] Found managed version '3.1.4' for dependency 'tools.jackson.module:jackson-module-android-record' in global dependency management
2026-08-21T16:48:36.293-0300 [DEBUG] [io.spring.gradle.dependencymanagement.internal.VersionConfiguringAction] Using version '3.1.4' for dependency 'tools.jackson.module:jackson-module-android-record:3.1.4'
2026-08-21T16:48:36.293-0300 [DEBUG] [io.spring.gradle.dependencymanagement.internal.VersionConfiguringAction] Processing requested dependency 'tools.jackson.module:jackson-module-blackbird:3.1.4' with target 'tools.jackson.module:jackson-module-blackbird:3.1.4
2026-08-21T16:48:36.293-0300 [DEBUG] [io.spring.gradle.dependencymanagement.internal.DependencyManagementContainer] Found managed version '3.1.4' for dependency 'tools.jackson.module:jackson-module-blackbird' in global dependency management
2026-08-21T16:48:36.293-0300 [DEBUG] [io.spring.gradle.dependencymanagement.internal.VersionConfiguringAction] Using version '3.1.4' for dependency 'tools.jackson.module:jackson-module-blackbird:3.1.4'
2026-08-21T16:48:36.293-0300 [DEBUG] [io.spring.gradle.dependencymanagement.internal.VersionConfiguringAction] Processing requested dependency 'tools.jackson.module:jackson-module-guice:3.1.4' with target 'tools.jackson.module:jackson-module-guice:3.1.4
2026-08-21T16:48:36.293-0300 [DEBUG] [io.spring.gradle.dependencymanagement.internal.DependencyManagementContainer] Found managed version '3.1.4' for dependency 'tools.jackson.module:jackson-module-guice' in global dependency management
2026-08-21T16:48:36.293-0300 [DEBUG] [io.spring.gradle.dependencymanagement.internal.VersionConfiguringAction] Using version '3.1.4' for dependency 'tools.jackson.module:jackson-module-guice:3.1.4'
2026-08-21T16:48:36.294-0300 [DEBUG] [io.spring.gradle.dependencymanagement.internal.VersionConfiguringAction] Processing requested dependency 'tools.jackson.module:jackson-module-guice7:3.1.4' with target 'tools.jackson.module:jackson-module-guice7:3.1.4
2026-08-21T16:48:36.294-0300 [DEBUG] [io.spring.gradle.dependencymanagement.internal.DependencyManagementContainer] Found managed version '3.1.4' for dependency 'tools.jackson.module:jackson-module-guice7' in global dependency management
2026-08-21T16:48:36.294-0300 [DEBUG] [io.spring.gradle.dependencymanagement.internal.VersionConfiguringAction] Using version '3.1.4' for dependency 'tools.jackson.module:jackson-module-guice7:3.1.4'
2026-08-21T16:48:36.294-0300 [DEBUG] [io.spring.gradle.dependencymanagement.internal.VersionConfiguringAction] Processing requested dependency 'tools.jackson.module:jackson-module-jaxb-annotations:3.1.4' with target 'tools.jackson.module:jackson-module-jaxb-annotations:3.1.4
2026-08-21T16:48:36.294-0300 [DEBUG] [io.spring.gradle.dependencymanagement.internal.DependencyManagementContainer] Found managed version '3.1.4' for dependency 'tools.jackson.module:jackson-module-jaxb-annotations' in global dependency management
2026-08-21T16:48:36.294-0300 [DEBUG] [io.spring.gradle.dependencymanagement.internal.VersionConfiguringAction] Using version '3.1.4' for dependency 'tools.jackson.module:jackson-module-jaxb-annotations:3.1.4'
2026-08-21T16:48:36.294-0300 [DEBUG] [io.spring.gradle.dependencymanagement.internal.VersionConfiguringAction] Processing requested dependency 'tools.jackson.module:jackson-module-jakarta-xmlbind-annotations:3.1.4' with target 'tools.jackson.module:jackson-module-jakarta-xmlbind-annotations:3.1.4
2026-08-21T16:48:36.294-0300 [DEBUG] [io.spring.gradle.dependencymanagement.internal.DependencyManagementContainer] Found managed version '3.1.4' for dependency 'tools.jackson.module:jackson-module-jakarta-xmlbind-annotations' in global dependency management
2026-08-21T16:48:36.294-0300 [DEBUG] [io.spring.gradle.dependencymanagement.internal.VersionConfiguringAction] Using version '3.1.4' for dependency 'tools.jackson.module:jackson-module-jakarta-xmlbind-annotations:3.1.4'
2026-08-21T16:48:36.294-0300 [DEBUG] [io.spring.gradle.dependencymanagement.internal.VersionConfiguringAction] Processing requested dependency 'tools.jackson.module:jackson-module-jsonSchema:3.1.4' with target 'tools.jackson.module:jackson-module-jsonSchema:3.1.4
2026-08-21T16:48:36.294-0300 [DEBUG] [io.spring.gradle.dependencymanagement.internal.DependencyManagementContainer] Found managed version '3.1.4' for dependency 'tools.jackson.module:jackson-module-jsonSchema' in global dependency management
2026-08-21T16:48:36.294-0300 [DEBUG] [io.spring.gradle.dependencymanagement.internal.VersionConfiguringAction] Using version '3.1.4' for dependency 'tools.jackson.module:jackson-module-jsonSchema:3.1.4'
2026-08-21T16:48:36.294-0300 [DEBUG] [io.spring.gradle.dependencymanagement.internal.VersionConfiguringAction] Processing requested dependency 'tools.jackson.module:jackson-module-jsonSchema-jakarta:3.1.4' with target 'tools.jackson.module:jackson-module-jsonSchema-jakarta:3.1.4
2026-08-21T16:48:36.294-0300 [DEBUG] [io.spring.gradle.dependencymanagement.internal.DependencyManagementContainer] Found managed version '3.1.4' for dependency 'tools.jackson.module:jackson-module-jsonSchema-jakarta' in global dependency management
2026-08-21T16:48:36.294-0300 [DEBUG] [io.spring.gradle.dependencymanagement.internal.VersionConfiguringAction] Using version '3.1.4' for dependency 'tools.jackson.module:jackson-module-jsonSchema-jakarta:3.1.4'
2026-08-21T16:48:36.294-0300 [DEBUG] [io.spring.gradle.dependencymanagement.internal.VersionConfiguringAction] Processing requested dependency 'tools.jackson.module:jackson-module-kotlin:3.1.4' with target 'tools.jackson.module:jackson-module-kotlin:3.1.4
2026-08-21T16:48:36.294-0300 [DEBUG] [io.spring.gradle.dependencymanagement.internal.DependencyManagementContainer] Found managed version '3.1.4' for dependency 'tools.jackson.module:jackson-module-kotlin' in global dependency management
2026-08-21T16:48:36.294-0300 [DEBUG] [io.spring.gradle.dependencymanagement.internal.VersionConfiguringAction] Using version '3.1.4' for dependency 'tools.jackson.module:jackson-module-kotlin:3.1.4'
2026-08-21T16:48:36.294-0300 [DEBUG] [io.spring.gradle.dependencymanagement.internal.VersionConfiguringAction] Processing requested dependency 'tools.jackson.module:jackson-module-mrbean:3.1.4' with target 'tools.jackson.module:jackson-module-mrbean:3.1.4
2026-08-21T16:48:36.294-0300 [DEBUG] [io.spring.gradle.dependencymanagement.internal.DependencyManagementContainer] Found managed version '3.1.4' for dependency 'tools.jackson.module:jackson-module-mrbean' in global dependency management
2026-08-21T16:48:36.294-0300 [DEBUG] [io.spring.gradle.dependencymanagement.internal.VersionConfiguringAction] Using version '3.1.4' for dependency 'tools.jackson.module:jackson-module-mrbean:3.1.4'
2026-08-21T16:48:36.294-0300 [DEBUG] [io.spring.gradle.dependencymanagement.internal.VersionConfiguringAction] Processing requested dependency 'tools.jackson.module:jackson-module-no-ctor-deser:3.1.4' with target 'tools.jackson.module:jackson-module-no-ctor-deser:3.1.4
2026-08-21T16:48:36.294-0300 [DEBUG] [io.spring.gradle.dependencymanagement.internal.DependencyManagementContainer] Found managed version '3.1.4' for dependency 'tools.jackson.module:jackson-module-no-ctor-deser' in global dependency management
2026-08-21T16:48:36.294-0300 [DEBUG] [io.spring.gradle.dependencymanagement.internal.VersionConfiguringAction] Using version '3.1.4' for dependency 'tools.jackson.module:jackson-module-no-ctor-deser:3.1.4'
2026-08-21T16:48:36.294-0300 [DEBUG] [io.spring.gradle.dependencymanagement.internal.VersionConfiguringAction] Processing requested dependency 'tools.jackson.module:jackson-module-osgi:3.1.4' with target 'tools.jackson.module:jackson-module-osgi:3.1.4
2026-08-21T16:48:36.294-0300 [DEBUG] [io.spring.gradle.dependencymanagement.internal.DependencyManagementContainer] Found managed version '3.1.4' for dependency 'tools.jackson.module:jackson-module-osgi' in global dependency management
2026-08-21T16:48:36.294-0300 [DEBUG] [io.spring.gradle.dependencymanagement.internal.VersionConfiguringAction] Using version '3.1.4' for dependency 'tools.jackson.module:jackson-module-osgi:3.1.4'
2026-08-21T16:48:36.294-0300 [DEBUG] [io.spring.gradle.dependencymanagement.internal.VersionConfiguringAction] Processing requested dependency 'tools.jackson.module:jackson-module-scala_2.12:3.1.4' with target 'tools.jackson.module:jackson-module-scala_2.12:3.1.4
2026-08-21T16:48:36.295-0300 [DEBUG] [io.spring.gradle.dependencymanagement.internal.DependencyManagementContainer] Found managed version '3.1.4' for dependency 'tools.jackson.module:jackson-module-scala_2.12' in global dependency management
2026-08-21T16:48:36.295-0300 [DEBUG] [io.spring.gradle.dependencymanagement.internal.VersionConfiguringAction] Using version '3.1.4' for dependency 'tools.jackson.module:jackson-module-scala_2.12:3.1.4'
2026-08-21T16:48:36.295-0300 [DEBUG] [io.spring.gradle.dependencymanagement.internal.VersionConfiguringAction] Processing requested dependency 'tools.jackson.module:jackson-module-scala_2.13:3.1.4' with target 'tools.jackson.module:jackson-module-scala_2.13:3.1.4
2026-08-21T16:48:36.295-0300 [DEBUG] [io.spring.gradle.dependencymanagement.internal.DependencyManagementContainer] Found managed version '3.1.4' for dependency 'tools.jackson.module:jackson-module-scala_2.13' in global dependency management
2026-08-21T16:48:36.295-0300 [DEBUG] [io.spring.gradle.dependencymanagement.internal.VersionConfiguringAction] Using version '3.1.4' for dependency 'tools.jackson.module:jackson-module-scala_2.13:3.1.4'
2026-08-21T16:48:36.295-0300 [DEBUG] [io.spring.gradle.dependencymanagement.internal.VersionConfiguringAction] Processing requested dependency 'tools.jackson.module:jackson-module-scala_3:3.1.4' with target 'tools.jackson.module:jackson-module-scala_3:3.1.4
2026-08-21T16:48:36.295-0300 [DEBUG] [io.spring.gradle.dependencymanagement.internal.DependencyManagementContainer] Found managed version '3.1.4' for dependency 'tools.jackson.module:jackson-module-scala_3' in global dependency management
2026-08-21T16:48:36.295-0300 [DEBUG] [io.spring.gradle.dependencymanagement.internal.VersionConfiguringAction] Using version '3.1.4' for dependency 'tools.jackson.module:jackson-module-scala_3:3.1.4'
2026-08-21T16:48:36.295-0300 [DEBUG] [io.spring.gradle.dependencymanagement.internal.VersionConfiguringAction] Processing requested dependency 'org.springframework.boot:spring-boot-netty:4.1.0' with target 'org.springframework.boot:spring-boot-netty:4.1.0
2026-08-21T16:48:36.295-0300 [DEBUG] [io.spring.gradle.dependencymanagement.internal.DependencyManagementContainer] Found managed version '4.1.0' for dependency 'org.springframework.boot:spring-boot-netty' in global dependency management
2026-08-21T16:48:36.295-0300 [DEBUG] [io.spring.gradle.dependencymanagement.internal.VersionConfiguringAction] Using version '4.1.0' for dependency 'org.springframework.boot:spring-boot-netty:4.1.0'
2026-08-21T16:48:36.295-0300 [DEBUG] [io.spring.gradle.dependencymanagement.internal.VersionConfiguringAction] Processing requested dependency 'io.lettuce:lettuce-core:7.5.2.RELEASE' with target 'io.lettuce:lettuce-core:7.5.2.RELEASE
2026-08-21T16:48:36.295-0300 [DEBUG] [io.spring.gradle.dependencymanagement.internal.DependencyManagementContainer] Found managed version '7.5.2.RELEASE' for dependency 'io.lettuce:lettuce-core' in global dependency management
2026-08-21T16:48:36.295-0300 [DEBUG] [io.spring.gradle.dependencymanagement.internal.VersionConfiguringAction] Using version '7.5.2.RELEASE' for dependency 'io.lettuce:lettuce-core:7.5.2.RELEASE'
2026-08-21T16:48:36.295-0300 [DEBUG] [io.spring.gradle.dependencymanagement.internal.VersionConfiguringAction] Processing requested dependency 'org.springframework.data:spring-data-redis:4.1.0' with target 'org.springframework.data:spring-data-redis:4.1.0
2026-08-21T16:48:36.295-0300 [DEBUG] [io.spring.gradle.dependencymanagement.internal.DependencyManagementContainer] Found managed version '4.1.0' for dependency 'org.springframework.data:spring-data-redis' in global dependency management
2026-08-21T16:48:36.295-0300 [DEBUG] [io.spring.gradle.dependencymanagement.internal.VersionConfiguringAction] Using version '4.1.0' for dependency 'org.springframework.data:spring-data-redis:4.1.0'
2026-08-21T16:48:36.296-0300 [DEBUG] [org.gradle.api.internal.artifacts.ivyservice.ivyresolve.RepositoryChainComponentMetaDataResolver] Attempting to resolve component for org.springframework.boot:spring-boot-netty:4.1.0 using repositories [MavenRepo]
2026-08-21T16:48:36.297-0300 [DEBUG] [org.gradle.api.internal.artifacts.ivyservice.ivyresolve.CachingModuleComponentRepository] Using cached module metadata for module 'org.springframework.boot:spring-boot-netty:4.1.0' in 'MavenRepo'
2026-08-21T16:48:36.297-0300 [DEBUG] [org.gradle.api.internal.artifacts.ivyservice.ivyresolve.RepositoryChainComponentMetaDataResolver] Using org.springframework.boot:spring-boot-netty:4.1.0 from org.gradle.api.internal.artifacts.ivyservice.ivyresolve.FilteredModuleComponentRepository@4710c7a6
2026-08-21T16:48:36.297-0300 [DEBUG] [org.gradle.api.internal.artifacts.ivyservice.ivyresolve.RepositoryChainComponentMetaDataResolver] Attempting to resolve component for io.lettuce:lettuce-core:7.5.2.RELEASE using repositories [MavenRepo]
2026-08-21T16:48:36.297-0300 [DEBUG] [org.gradle.api.internal.artifacts.ivyservice.ivyresolve.CachingModuleComponentRepository] Using cached module metadata for module 'io.lettuce:lettuce-core:7.5.2.RELEASE' in 'MavenRepo'
2026-08-21T16:48:36.297-0300 [DEBUG] [org.gradle.api.internal.artifacts.ivyservice.ivyresolve.RepositoryChainComponentMetaDataResolver] Using io.lettuce:lettuce-core:7.5.2.RELEASE from org.gradle.api.internal.artifacts.ivyservice.ivyresolve.FilteredModuleComponentRepository@4710c7a6
2026-08-21T16:48:36.297-0300 [DEBUG] [org.gradle.api.internal.artifacts.ivyservice.ivyresolve.RepositoryChainComponentMetaDataResolver] Attempting to resolve component for org.springframework.data:spring-data-redis:4.1.0 using repositories [MavenRepo]
2026-08-21T16:48:36.297-0300 [DEBUG] [org.gradle.api.internal.artifacts.ivyservice.ivyresolve.CachingModuleComponentRepository] Using cached module metadata for module 'org.springframework.data:spring-data-redis:4.1.0' in 'MavenRepo'
2026-08-21T16:48:36.297-0300 [DEBUG] [org.gradle.api.internal.artifacts.ivyservice.ivyresolve.RepositoryChainComponentMetaDataResolver] Using org.springframework.data:spring-data-redis:4.1.0 from org.gradle.api.internal.artifacts.ivyservice.ivyresolve.FilteredModuleComponentRepository@4710c7a6
2026-08-21T16:48:36.297-0300 [DEBUG] [io.spring.gradle.dependencymanagement.internal.VersionConfiguringAction] Processing requested dependency 'org.springframework:spring-beans:7.0.8' with target 'org.springframework:spring-beans:7.0.8
2026-08-21T16:48:36.297-0300 [DEBUG] [io.spring.gradle.dependencymanagement.internal.DependencyManagementContainer] Found managed version '7.0.8' for dependency 'org.springframework:spring-beans' in global dependency management
2026-08-21T16:48:36.297-0300 [DEBUG] [io.spring.gradle.dependencymanagement.internal.VersionConfiguringAction] Using version '7.0.8' for dependency 'org.springframework:spring-beans:7.0.8'
2026-08-21T16:48:36.297-0300 [DEBUG] [org.gradle.api.internal.artifacts.ivyservice.ivyresolve.RepositoryChainComponentMetaDataResolver] Attempting to resolve component for org.springframework:spring-beans:7.0.8 using repositories [MavenRepo]
2026-08-21T16:48:36.297-0300 [DEBUG] [org.gradle.api.internal.artifacts.ivyservice.ivyresolve.CachingModuleComponentRepository] Using cached module metadata for module 'org.springframework:spring-beans:7.0.8' in 'MavenRepo'
2026-08-21T16:48:36.297-0300 [DEBUG] [org.gradle.api.internal.artifacts.ivyservice.ivyresolve.RepositoryChainComponentMetaDataResolver] Using org.springframework:spring-beans:7.0.8 from org.gradle.api.internal.artifacts.ivyservice.ivyresolve.FilteredModuleComponentRepository@4710c7a6
2026-08-21T16:48:36.297-0300 [DEBUG] [io.spring.gradle.dependencymanagement.internal.VersionConfiguringAction] Processing requested dependency 'org.springframework:spring-context:7.0.8' with target 'org.springframework:spring-context:7.0.8
2026-08-21T16:48:36.297-0300 [DEBUG] [io.spring.gradle.dependencymanagement.internal.DependencyManagementContainer] Found managed version '7.0.8' for dependency 'org.springframework:spring-context' in global dependency management
2026-08-21T16:48:36.297-0300 [DEBUG] [io.spring.gradle.dependencymanagement.internal.VersionConfiguringAction] Using version '7.0.8' for dependency 'org.springframework:spring-context:7.0.8'
2026-08-21T16:48:36.298-0300 [DEBUG] [org.gradle.api.internal.artifacts.ivyservice.ivyresolve.RepositoryChainComponentMetaDataResolver] Attempting to resolve component for org.springframework:spring-context:7.0.8 using repositories [MavenRepo]
2026-08-21T16:48:36.298-0300 [DEBUG] [org.gradle.api.internal.artifacts.ivyservice.ivyresolve.CachingModuleComponentRepository] Using cached module metadata for module 'org.springframework:spring-context:7.0.8' in 'MavenRepo'
2026-08-21T16:48:36.298-0300 [DEBUG] [org.gradle.api.internal.artifacts.ivyservice.ivyresolve.RepositoryChainComponentMetaDataResolver] Using org.springframework:spring-context:7.0.8 from org.gradle.api.internal.artifacts.ivyservice.ivyresolve.FilteredModuleComponentRepository@4710c7a6
2026-08-21T16:48:36.298-0300 [DEBUG] [io.spring.gradle.dependencymanagement.internal.VersionConfiguringAction] Processing requested dependency 'org.ow2.asm:asm:9.7.1' with target 'org.ow2.asm:asm:9.7.1
2026-08-21T16:48:36.298-0300 [DEBUG] [io.spring.gradle.dependencymanagement.internal.VersionConfiguringAction] No dependency management for dependency 'org.ow2.asm:asm:9.7.1'
2026-08-21T16:48:36.298-0300 [DEBUG] [org.gradle.api.internal.artifacts.ivyservice.ivyresolve.RepositoryChainComponentMetaDataResolver] Attempting to resolve component for org.ow2.asm:asm:9.7.1 using repositories [MavenRepo]
2026-08-21T16:48:36.298-0300 [DEBUG] [org.gradle.api.internal.artifacts.ivyservice.ivyresolve.CachingModuleComponentRepository] Using cached module metadata for module 'org.ow2.asm:asm:9.7.1' in 'MavenRepo'
2026-08-21T16:48:36.298-0300 [DEBUG] [org.gradle.api.internal.artifacts.ivyservice.ivyresolve.RepositoryChainComponentMetaDataResolver] Using org.ow2.asm:asm:9.7.1 from org.gradle.api.internal.artifacts.ivyservice.ivyresolve.FilteredModuleComponentRepository@4710c7a6
2026-08-21T16:48:36.298-0300 [DEBUG] [io.spring.gradle.dependencymanagement.internal.VersionConfiguringAction] Processing requested dependency 'ch.qos.logback:logback-core:1.5.34' with target 'ch.qos.logback:logback-core:1.5.34
2026-08-21T16:48:36.298-0300 [DEBUG] [io.spring.gradle.dependencymanagement.internal.DependencyManagementContainer] Found managed version '1.5.34' for dependency 'ch.qos.logback:logback-core' in global dependency management
2026-08-21T16:48:36.298-0300 [DEBUG] [io.spring.gradle.dependencymanagement.internal.VersionConfiguringAction] Using version '1.5.34' for dependency 'ch.qos.logback:logback-core:1.5.34'
2026-08-21T16:48:36.298-0300 [DEBUG] [org.gradle.api.internal.artifacts.ivyservice.ivyresolve.RepositoryChainComponentMetaDataResolver] Attempting to resolve component for ch.qos.logback:logback-core:1.5.34 using repositories [MavenRepo]
2026-08-21T16:48:36.298-0300 [DEBUG] [org.gradle.api.internal.artifacts.ivyservice.ivyresolve.CachingModuleComponentRepository] Using cached module metadata for module 'ch.qos.logback:logback-core:1.5.34' in 'MavenRepo'
2026-08-21T16:48:36.298-0300 [DEBUG] [org.gradle.api.internal.artifacts.ivyservice.ivyresolve.RepositoryChainComponentMetaDataResolver] Using ch.qos.logback:logback-core:1.5.34 from org.gradle.api.internal.artifacts.ivyservice.ivyresolve.FilteredModuleComponentRepository@4710c7a6
2026-08-21T16:48:36.298-0300 [DEBUG] [io.spring.gradle.dependencymanagement.internal.VersionConfiguringAction] Processing requested dependency 'org.apache.logging.log4j:log4j-api:2.25.4' with target 'org.apache.logging.log4j:log4j-api:2.25.4
2026-08-21T16:48:36.298-0300 [DEBUG] [io.spring.gradle.dependencymanagement.internal.DependencyManagementContainer] Found managed version '2.25.4' for dependency 'org.apache.logging.log4j:log4j-api' in global dependency management
2026-08-21T16:48:36.298-0300 [DEBUG] [io.spring.gradle.dependencymanagement.internal.VersionConfiguringAction] Using version '2.25.4' for dependency 'org.apache.logging.log4j:log4j-api:2.25.4'
2026-08-21T16:48:36.299-0300 [DEBUG] [org.gradle.api.internal.artifacts.ivyservice.ivyresolve.RepositoryChainComponentMetaDataResolver] Attempting to resolve component for org.apache.logging.log4j:log4j-api:2.25.4 using repositories [MavenRepo]
2026-08-21T16:48:36.299-0300 [DEBUG] [org.gradle.api.internal.artifacts.ivyservice.ivyresolve.CachingModuleComponentRepository] Using cached module metadata for module 'org.apache.logging.log4j:log4j-api:2.25.4' in 'MavenRepo'
2026-08-21T16:48:36.299-0300 [DEBUG] [org.gradle.api.internal.artifacts.ivyservice.ivyresolve.RepositoryChainComponentMetaDataResolver] Using org.apache.logging.log4j:log4j-api:2.25.4 from org.gradle.api.internal.artifacts.ivyservice.ivyresolve.FilteredModuleComponentRepository@4710c7a6
2026-08-21T16:48:36.299-0300 [DEBUG] [io.spring.gradle.dependencymanagement.internal.VersionConfiguringAction] Processing requested dependency 'org.slf4j:slf4j-api:2.0.18' with target 'org.slf4j:slf4j-api:2.0.18
2026-08-21T16:48:36.299-0300 [DEBUG] [io.spring.gradle.dependencymanagement.internal.DependencyManagementContainer] Found managed version '2.0.18' for dependency 'org.slf4j:slf4j-api' in global dependency management
2026-08-21T16:48:36.299-0300 [DEBUG] [io.spring.gradle.dependencymanagement.internal.VersionConfiguringAction] Using version '2.0.18' for dependency 'org.slf4j:slf4j-api:2.0.18'
2026-08-21T16:48:36.299-0300 [DEBUG] [io.spring.gradle.dependencymanagement.internal.VersionConfiguringAction] Processing requested dependency 'org.springframework.boot:spring-boot-web-server:4.1.0' with target 'org.springframework.boot:spring-boot-web-server:4.1.0
2026-08-21T16:48:36.299-0300 [DEBUG] [io.spring.gradle.dependencymanagement.internal.DependencyManagementContainer] Found managed version '4.1.0' for dependency 'org.springframework.boot:spring-boot-web-server' in global dependency management
2026-08-21T16:48:36.299-0300 [DEBUG] [io.spring.gradle.dependencymanagement.internal.VersionConfiguringAction] Using version '4.1.0' for dependency 'org.springframework.boot:spring-boot-web-server:4.1.0'
2026-08-21T16:48:36.299-0300 [DEBUG] [io.spring.gradle.dependencymanagement.internal.VersionConfiguringAction] Processing requested dependency 'org.apache.tomcat.embed:tomcat-embed-core:11.0.22' with target 'org.apache.tomcat.embed:tomcat-embed-core:11.0.22
2026-08-21T16:48:36.299-0300 [DEBUG] [io.spring.gradle.dependencymanagement.internal.DependencyManagementContainer] Found managed version '11.0.22' for dependency 'org.apache.tomcat.embed:tomcat-embed-core' in global dependency management
2026-08-21T16:48:36.299-0300 [DEBUG] [io.spring.gradle.dependencymanagement.internal.VersionConfiguringAction] Using version '11.0.22' for dependency 'org.apache.tomcat.embed:tomcat-embed-core:11.0.22'
2026-08-21T16:48:36.299-0300 [DEBUG] [io.spring.gradle.dependencymanagement.internal.VersionConfiguringAction] Processing requested dependency 'org.apache.tomcat.embed:tomcat-embed-el:11.0.22' with target 'org.apache.tomcat.embed:tomcat-embed-el:11.0.22
2026-08-21T16:48:36.299-0300 [DEBUG] [io.spring.gradle.dependencymanagement.internal.DependencyManagementContainer] Found managed version '11.0.22' for dependency 'org.apache.tomcat.embed:tomcat-embed-el' in global dependency management
2026-08-21T16:48:36.299-0300 [DEBUG] [io.spring.gradle.dependencymanagement.internal.VersionConfiguringAction] Using version '11.0.22' for dependency 'org.apache.tomcat.embed:tomcat-embed-el:11.0.22'
2026-08-21T16:48:36.299-0300 [DEBUG] [io.spring.gradle.dependencymanagement.internal.VersionConfiguringAction] Processing requested dependency 'org.apache.tomcat.embed:tomcat-embed-websocket:11.0.22' with target 'org.apache.tomcat.embed:tomcat-embed-websocket:11.0.22
2026-08-21T16:48:36.299-0300 [DEBUG] [io.spring.gradle.dependencymanagement.internal.DependencyManagementContainer] Found managed version '11.0.22' for dependency 'org.apache.tomcat.embed:tomcat-embed-websocket' in global dependency management
2026-08-21T16:48:36.299-0300 [DEBUG] [io.spring.gradle.dependencymanagement.internal.VersionConfiguringAction] Using version '11.0.22' for dependency 'org.apache.tomcat.embed:tomcat-embed-websocket:11.0.22'
2026-08-21T16:48:36.300-0300 [DEBUG] [org.gradle.api.internal.artifacts.ivyservice.ivyresolve.RepositoryChainComponentMetaDataResolver] Attempting to resolve component for org.springframework.boot:spring-boot-web-server:4.1.0 using repositories [MavenRepo]
2026-08-21T16:48:36.301-0300 [DEBUG] [org.gradle.api.internal.artifacts.ivyservice.ivyresolve.CachingModuleComponentRepository] Using cached module metadata for module 'org.springframework.boot:spring-boot-web-server:4.1.0' in 'MavenRepo'
2026-08-21T16:48:36.301-0300 [DEBUG] [org.gradle.api.internal.artifacts.ivyservice.ivyresolve.RepositoryChainComponentMetaDataResolver] Using org.springframework.boot:spring-boot-web-server:4.1.0 from org.gradle.api.internal.artifacts.ivyservice.ivyresolve.FilteredModuleComponentRepository@4710c7a6
2026-08-21T16:48:36.301-0300 [DEBUG] [org.gradle.api.internal.artifacts.ivyservice.ivyresolve.RepositoryChainComponentMetaDataResolver] Attempting to resolve component for org.apache.tomcat.embed:tomcat-embed-core:11.0.22 using repositories [MavenRepo]
2026-08-21T16:48:36.301-0300 [DEBUG] [org.gradle.api.internal.artifacts.ivyservice.ivyresolve.CachingModuleComponentRepository] Using cached module metadata for module 'org.apache.tomcat.embed:tomcat-embed-core:11.0.22' in 'MavenRepo'
2026-08-21T16:48:36.301-0300 [DEBUG] [org.gradle.api.internal.artifacts.ivyservice.ivyresolve.RepositoryChainComponentMetaDataResolver] Using org.apache.tomcat.embed:tomcat-embed-core:11.0.22 from org.gradle.api.internal.artifacts.ivyservice.ivyresolve.FilteredModuleComponentRepository@4710c7a6
2026-08-21T16:48:36.301-0300 [DEBUG] [org.gradle.api.internal.artifacts.ivyservice.ivyresolve.RepositoryChainComponentMetaDataResolver] Attempting to resolve component for org.apache.tomcat.embed:tomcat-embed-el:11.0.22 using repositories [MavenRepo]
2026-08-21T16:48:36.301-0300 [DEBUG] [org.gradle.api.internal.artifacts.ivyservice.ivyresolve.CachingModuleComponentRepository] Using cached module metadata for module 'org.apache.tomcat.embed:tomcat-embed-el:11.0.22' in 'MavenRepo'
2026-08-21T16:48:36.301-0300 [DEBUG] [org.gradle.api.internal.artifacts.ivyservice.ivyresolve.RepositoryChainComponentMetaDataResolver] Using org.apache.tomcat.embed:tomcat-embed-el:11.0.22 from org.gradle.api.internal.artifacts.ivyservice.ivyresolve.FilteredModuleComponentRepository@4710c7a6
2026-08-21T16:48:36.301-0300 [DEBUG] [org.gradle.api.internal.artifacts.ivyservice.ivyresolve.RepositoryChainComponentMetaDataResolver] Attempting to resolve component for org.apache.tomcat.embed:tomcat-embed-websocket:11.0.22 using repositories [MavenRepo]
2026-08-21T16:48:36.301-0300 [DEBUG] [org.gradle.api.internal.artifacts.ivyservice.ivyresolve.CachingModuleComponentRepository] Using cached module metadata for module 'org.apache.tomcat.embed:tomcat-embed-websocket:11.0.22' in 'MavenRepo'
2026-08-21T16:48:36.301-0300 [DEBUG] [org.gradle.api.internal.artifacts.ivyservice.ivyresolve.RepositoryChainComponentMetaDataResolver] Using org.apache.tomcat.embed:tomcat-embed-websocket:11.0.22 from org.gradle.api.internal.artifacts.ivyservice.ivyresolve.FilteredModuleComponentRepository@4710c7a6
2026-08-21T16:48:36.301-0300 [DEBUG] [io.spring.gradle.dependencymanagement.internal.VersionConfiguringAction] Processing requested dependency 'io.micrometer:micrometer-observation:1.16.6' with target 'io.micrometer:micrometer-observation:1.16.6
2026-08-21T16:48:36.301-0300 [DEBUG] [io.spring.gradle.dependencymanagement.internal.DependencyManagementContainer] Found managed version '1.17.0' for dependency 'io.micrometer:micrometer-observation' in global dependency management
2026-08-21T16:48:36.301-0300 [DEBUG] [io.spring.gradle.dependencymanagement.internal.VersionConfiguringAction] Using version '1.17.0' for dependency 'io.micrometer:micrometer-observation:1.16.6'
2026-08-21T16:48:36.301-0300 [DEBUG] [org.gradle.api.internal.artifacts.ivyservice.ivyresolve.RepositoryChainComponentMetaDataResolver] Attempting to resolve component for io.micrometer:micrometer-observation:1.17.0 using repositories [MavenRepo]
2026-08-21T16:48:36.301-0300 [DEBUG] [org.gradle.api.internal.artifacts.ivyservice.ivyresolve.CachingModuleComponentRepository] Using cached module metadata for module 'io.micrometer:micrometer-observation:1.17.0' in 'MavenRepo'
2026-08-21T16:48:36.301-0300 [DEBUG] [org.gradle.api.internal.artifacts.ivyservice.ivyresolve.RepositoryChainComponentMetaDataResolver] Using io.micrometer:micrometer-observation:1.17.0 from org.gradle.api.internal.artifacts.ivyservice.ivyresolve.FilteredModuleComponentRepository@4710c7a6
2026-08-21T16:48:36.301-0300 [DEBUG] [io.spring.gradle.dependencymanagement.internal.VersionConfiguringAction] Processing requested dependency 'org.springframework:spring-aop:7.0.8' with target 'org.springframework:spring-aop:7.0.8
2026-08-21T16:48:36.301-0300 [DEBUG] [io.spring.gradle.dependencymanagement.internal.DependencyManagementContainer] Found managed version '7.0.8' for dependency 'org.springframework:spring-aop' in global dependency management
2026-08-21T16:48:36.301-0300 [DEBUG] [io.spring.gradle.dependencymanagement.internal.VersionConfiguringAction] Using version '7.0.8' for dependency 'org.springframework:spring-aop:7.0.8'
2026-08-21T16:48:36.301-0300 [DEBUG] [io.spring.gradle.dependencymanagement.internal.VersionConfiguringAction] Processing requested dependency 'org.springframework:spring-expression:7.0.8' with target 'org.springframework:spring-expression:7.0.8
2026-08-21T16:48:36.301-0300 [DEBUG] [io.spring.gradle.dependencymanagement.internal.DependencyManagementContainer] Found managed version '7.0.8' for dependency 'org.springframework:spring-expression' in global dependency management
2026-08-21T16:48:36.301-0300 [DEBUG] [io.spring.gradle.dependencymanagement.internal.VersionConfiguringAction] Using version '7.0.8' for dependency 'org.springframework:spring-expression:7.0.8'
2026-08-21T16:48:36.302-0300 [DEBUG] [org.gradle.api.internal.artifacts.ivyservice.ivyresolve.RepositoryChainComponentMetaDataResolver] Attempting to resolve component for org.springframework:spring-aop:7.0.8 using repositories [MavenRepo]
2026-08-21T16:48:36.302-0300 [DEBUG] [org.gradle.api.internal.artifacts.ivyservice.ivyresolve.CachingModuleComponentRepository] Using cached module metadata for module 'org.springframework:spring-aop:7.0.8' in 'MavenRepo'
2026-08-21T16:48:36.302-0300 [DEBUG] [org.gradle.api.internal.artifacts.ivyservice.ivyresolve.RepositoryChainComponentMetaDataResolver] Using org.springframework:spring-aop:7.0.8 from org.gradle.api.internal.artifacts.ivyservice.ivyresolve.FilteredModuleComponentRepository@4710c7a6
2026-08-21T16:48:36.302-0300 [DEBUG] [org.gradle.api.internal.artifacts.ivyservice.ivyresolve.RepositoryChainComponentMetaDataResolver] Attempting to resolve component for org.springframework:spring-expression:7.0.8 using repositories [MavenRepo]
2026-08-21T16:48:36.302-0300 [DEBUG] [org.gradle.api.internal.artifacts.ivyservice.ivyresolve.CachingModuleComponentRepository] Using cached module metadata for module 'org.springframework:spring-expression:7.0.8' in 'MavenRepo'
2026-08-21T16:48:36.302-0300 [DEBUG] [org.gradle.api.internal.artifacts.ivyservice.ivyresolve.RepositoryChainComponentMetaDataResolver] Using org.springframework:spring-expression:7.0.8 from org.gradle.api.internal.artifacts.ivyservice.ivyresolve.FilteredModuleComponentRepository@4710c7a6
2026-08-21T16:48:36.302-0300 [DEBUG] [io.spring.gradle.dependencymanagement.internal.VersionConfiguringAction] Processing requested dependency 'org.springframework.boot:spring-boot-persistence:4.1.0' with target 'org.springframework.boot:spring-boot-persistence:4.1.0
2026-08-21T16:48:36.302-0300 [DEBUG] [io.spring.gradle.dependencymanagement.internal.DependencyManagementContainer] Found managed version '4.1.0' for dependency 'org.springframework.boot:spring-boot-persistence' in global dependency management
2026-08-21T16:48:36.302-0300 [DEBUG] [io.spring.gradle.dependencymanagement.internal.VersionConfiguringAction] Using version '4.1.0' for dependency 'org.springframework.boot:spring-boot-persistence:4.1.0'
2026-08-21T16:48:36.302-0300 [DEBUG] [io.spring.gradle.dependencymanagement.internal.VersionConfiguringAction] Processing requested dependency 'org.springframework.data:spring-data-commons:4.1.0' with target 'org.springframework.data:spring-data-commons:4.1.0
2026-08-21T16:48:36.302-0300 [DEBUG] [io.spring.gradle.dependencymanagement.internal.DependencyManagementContainer] Found managed version '4.1.0' for dependency 'org.springframework.data:spring-data-commons' in global dependency management
2026-08-21T16:48:36.302-0300 [DEBUG] [io.spring.gradle.dependencymanagement.internal.VersionConfiguringAction] Using version '4.1.0' for dependency 'org.springframework.data:spring-data-commons:4.1.0'
2026-08-21T16:48:36.303-0300 [DEBUG] [org.gradle.api.internal.artifacts.ivyservice.ivyresolve.RepositoryChainComponentMetaDataResolver] Attempting to resolve component for org.springframework.boot:spring-boot-persistence:4.1.0 using repositories [MavenRepo]
2026-08-21T16:48:36.303-0300 [DEBUG] [org.gradle.api.internal.artifacts.ivyservice.ivyresolve.CachingModuleComponentRepository] Using cached module metadata for module 'org.springframework.boot:spring-boot-persistence:4.1.0' in 'MavenRepo'
2026-08-21T16:48:36.303-0300 [DEBUG] [org.gradle.api.internal.artifacts.ivyservice.ivyresolve.RepositoryChainComponentMetaDataResolver] Using org.springframework.boot:spring-boot-persistence:4.1.0 from org.gradle.api.internal.artifacts.ivyservice.ivyresolve.FilteredModuleComponentRepository@4710c7a6
2026-08-21T16:48:36.303-0300 [DEBUG] [org.gradle.api.internal.artifacts.ivyservice.ivyresolve.RepositoryChainComponentMetaDataResolver] Attempting to resolve component for org.springframework.data:spring-data-commons:4.1.0 using repositories [MavenRepo]
2026-08-21T16:48:36.303-0300 [DEBUG] [org.gradle.api.internal.artifacts.ivyservice.ivyresolve.CachingModuleComponentRepository] Using cached module metadata for module 'org.springframework.data:spring-data-commons:4.1.0' in 'MavenRepo'
2026-08-21T16:48:36.303-0300 [DEBUG] [org.gradle.api.internal.artifacts.ivyservice.ivyresolve.RepositoryChainComponentMetaDataResolver] Using org.springframework.data:spring-data-commons:4.1.0 from org.gradle.api.internal.artifacts.ivyservice.ivyresolve.FilteredModuleComponentRepository@4710c7a6
2026-08-21T16:48:36.303-0300 [DEBUG] [io.spring.gradle.dependencymanagement.internal.VersionConfiguringAction] Processing requested dependency 'org.springframework.boot:spring-boot-jpa:4.1.0' with target 'org.springframework.boot:spring-boot-jpa:4.1.0
2026-08-21T16:48:36.303-0300 [DEBUG] [io.spring.gradle.dependencymanagement.internal.DependencyManagementContainer] Found managed version '4.1.0' for dependency 'org.springframework.boot:spring-boot-jpa' in global dependency management
2026-08-21T16:48:36.303-0300 [DEBUG] [io.spring.gradle.dependencymanagement.internal.VersionConfiguringAction] Using version '4.1.0' for dependency 'org.springframework.boot:spring-boot-jpa:4.1.0'
2026-08-21T16:48:36.303-0300 [DEBUG] [io.spring.gradle.dependencymanagement.internal.VersionConfiguringAction] Processing requested dependency 'org.hibernate.orm:hibernate-core:7.4.1.Final' with target 'org.hibernate.orm:hibernate-core:7.4.1.Final
2026-08-21T16:48:36.303-0300 [DEBUG] [io.spring.gradle.dependencymanagement.internal.DependencyManagementContainer] Found managed version '7.4.1.Final' for dependency 'org.hibernate.orm:hibernate-core' in global dependency management
2026-08-21T16:48:36.304-0300 [DEBUG] [io.spring.gradle.dependencymanagement.internal.VersionConfiguringAction] Using version '7.4.1.Final' for dependency 'org.hibernate.orm:hibernate-core:7.4.1.Final'
2026-08-21T16:48:36.304-0300 [DEBUG] [io.spring.gradle.dependencymanagement.internal.VersionConfiguringAction] Processing requested dependency 'org.springframework:spring-orm:7.0.8' with target 'org.springframework:spring-orm:7.0.8
2026-08-21T16:48:36.304-0300 [DEBUG] [io.spring.gradle.dependencymanagement.internal.DependencyManagementContainer] Found managed version '7.0.8' for dependency 'org.springframework:spring-orm' in global dependency management
2026-08-21T16:48:36.304-0300 [DEBUG] [io.spring.gradle.dependencymanagement.internal.VersionConfiguringAction] Using version '7.0.8' for dependency 'org.springframework:spring-orm:7.0.8'
2026-08-21T16:48:36.304-0300 [DEBUG] [org.gradle.api.internal.artifacts.ivyservice.ivyresolve.RepositoryChainComponentMetaDataResolver] Attempting to resolve component for org.springframework.boot:spring-boot-jpa:4.1.0 using repositories [MavenRepo]
2026-08-21T16:48:36.304-0300 [DEBUG] [org.gradle.api.internal.artifacts.ivyservice.ivyresolve.CachingModuleComponentRepository] Using cached module metadata for module 'org.springframework.boot:spring-boot-jpa:4.1.0' in 'MavenRepo'
2026-08-21T16:48:36.304-0300 [DEBUG] [org.gradle.api.internal.artifacts.ivyservice.ivyresolve.RepositoryChainComponentMetaDataResolver] Using org.springframework.boot:spring-boot-jpa:4.1.0 from org.gradle.api.internal.artifacts.ivyservice.ivyresolve.FilteredModuleComponentRepository@4710c7a6
2026-08-21T16:48:36.304-0300 [DEBUG] [org.gradle.api.internal.artifacts.ivyservice.ivyresolve.RepositoryChainComponentMetaDataResolver] Attempting to resolve component for org.hibernate.orm:hibernate-core:7.4.1.Final using repositories [MavenRepo]
2026-08-21T16:48:36.305-0300 [DEBUG] [org.gradle.api.internal.artifacts.ivyservice.ivyresolve.CachingModuleComponentRepository] Using cached module metadata for module 'org.hibernate.orm:hibernate-core:7.4.1.Final' in 'MavenRepo'
2026-08-21T16:48:36.305-0300 [DEBUG] [org.gradle.api.internal.artifacts.ivyservice.ivyresolve.RepositoryChainComponentMetaDataResolver] Using org.hibernate.orm:hibernate-core:7.4.1.Final from org.gradle.api.internal.artifacts.ivyservice.ivyresolve.FilteredModuleComponentRepository@4710c7a6
2026-08-21T16:48:36.305-0300 [DEBUG] [org.gradle.api.internal.artifacts.ivyservice.ivyresolve.RepositoryChainComponentMetaDataResolver] Attempting to resolve component for org.springframework:spring-orm:7.0.8 using repositories [MavenRepo]
2026-08-21T16:48:36.305-0300 [DEBUG] [org.gradle.api.internal.artifacts.ivyservice.ivyresolve.CachingModuleComponentRepository] Using cached module metadata for module 'org.springframework:spring-orm:7.0.8' in 'MavenRepo'
2026-08-21T16:48:36.305-0300 [DEBUG] [org.gradle.api.internal.artifacts.ivyservice.ivyresolve.RepositoryChainComponentMetaDataResolver] Using org.springframework:spring-orm:7.0.8 from org.gradle.api.internal.artifacts.ivyservice.ivyresolve.FilteredModuleComponentRepository@4710c7a6
2026-08-21T16:48:36.305-0300 [DEBUG] [io.spring.gradle.dependencymanagement.internal.VersionConfiguringAction] Processing requested dependency 'org.springframework:spring-tx:7.0.8' with target 'org.springframework:spring-tx:7.0.8
2026-08-21T16:48:36.305-0300 [DEBUG] [io.spring.gradle.dependencymanagement.internal.DependencyManagementContainer] Found managed version '7.0.8' for dependency 'org.springframework:spring-tx' in global dependency management
2026-08-21T16:48:36.305-0300 [DEBUG] [io.spring.gradle.dependencymanagement.internal.VersionConfiguringAction] Using version '7.0.8' for dependency 'org.springframework:spring-tx:7.0.8'
2026-08-21T16:48:36.305-0300 [DEBUG] [io.spring.gradle.dependencymanagement.internal.VersionConfiguringAction] Processing requested dependency 'org.antlr:antlr4-runtime:4.13.2' with target 'org.antlr:antlr4-runtime:4.13.2
2026-08-21T16:48:36.305-0300 [DEBUG] [io.spring.gradle.dependencymanagement.internal.VersionConfiguringAction] No dependency management for dependency 'org.antlr:antlr4-runtime:4.13.2'
2026-08-21T16:48:36.305-0300 [DEBUG] [io.spring.gradle.dependencymanagement.internal.VersionConfiguringAction] Processing requested dependency 'jakarta.annotation:jakarta.annotation-api:2.0.0' with target 'jakarta.annotation:jakarta.annotation-api:2.0.0
2026-08-21T16:48:36.305-0300 [DEBUG] [io.spring.gradle.dependencymanagement.internal.DependencyManagementContainer] Found managed version '3.0.0' for dependency 'jakarta.annotation:jakarta.annotation-api' in global dependency management
2026-08-21T16:48:36.305-0300 [DEBUG] [io.spring.gradle.dependencymanagement.internal.VersionConfiguringAction] Using version '3.0.0' for dependency 'jakarta.annotation:jakarta.annotation-api:2.0.0'
2026-08-21T16:48:36.305-0300 [DEBUG] [org.gradle.api.internal.artifacts.ivyservice.ivyresolve.RepositoryChainComponentMetaDataResolver] Attempting to resolve component for org.springframework:spring-tx:7.0.8 using repositories [MavenRepo]
2026-08-21T16:48:36.305-0300 [DEBUG] [org.gradle.api.internal.artifacts.ivyservice.ivyresolve.CachingModuleComponentRepository] Using cached module metadata for module 'org.springframework:spring-tx:7.0.8' in 'MavenRepo'
2026-08-21T16:48:36.305-0300 [DEBUG] [org.gradle.api.internal.artifacts.ivyservice.ivyresolve.RepositoryChainComponentMetaDataResolver] Using org.springframework:spring-tx:7.0.8 from org.gradle.api.internal.artifacts.ivyservice.ivyresolve.FilteredModuleComponentRepository@4710c7a6
2026-08-21T16:48:36.306-0300 [DEBUG] [org.gradle.api.internal.artifacts.ivyservice.ivyresolve.RepositoryChainComponentMetaDataResolver] Attempting to resolve component for org.antlr:antlr4-runtime:4.13.2 using repositories [MavenRepo]
2026-08-21T16:48:36.306-0300 [DEBUG] [org.gradle.api.internal.artifacts.ivyservice.ivyresolve.CachingModuleComponentRepository] Using cached module metadata for module 'org.antlr:antlr4-runtime:4.13.2' in 'MavenRepo'
2026-08-21T16:48:36.306-0300 [DEBUG] [org.gradle.api.internal.artifacts.ivyservice.ivyresolve.RepositoryChainComponentMetaDataResolver] Using org.antlr:antlr4-runtime:4.13.2 from org.gradle.api.internal.artifacts.ivyservice.ivyresolve.FilteredModuleComponentRepository@4710c7a6
2026-08-21T16:48:36.306-0300 [DEBUG] [io.spring.gradle.dependencymanagement.internal.VersionConfiguringAction] Processing requested dependency 'org.aspectj:aspectjweaver:1.9.25' with target 'org.aspectj:aspectjweaver:1.9.25
2026-08-21T16:48:36.306-0300 [DEBUG] [io.spring.gradle.dependencymanagement.internal.DependencyManagementContainer] Found managed version '1.9.25.1' for dependency 'org.aspectj:aspectjweaver' in global dependency management
2026-08-21T16:48:36.306-0300 [DEBUG] [io.spring.gradle.dependencymanagement.internal.VersionConfiguringAction] Using version '1.9.25.1' for dependency 'org.aspectj:aspectjweaver:1.9.25'
2026-08-21T16:48:36.306-0300 [DEBUG] [org.gradle.api.internal.artifacts.ivyservice.ivyresolve.RepositoryChainComponentMetaDataResolver] Attempting to resolve component for org.aspectj:aspectjweaver:1.9.25.1 using repositories [MavenRepo]
2026-08-21T16:48:36.306-0300 [DEBUG] [org.gradle.api.internal.artifacts.ivyservice.ivyresolve.CachingModuleComponentRepository] Using cached module metadata for module 'org.aspectj:aspectjweaver:1.9.25.1' in 'MavenRepo'
2026-08-21T16:48:36.306-0300 [DEBUG] [org.gradle.api.internal.artifacts.ivyservice.ivyresolve.RepositoryChainComponentMetaDataResolver] Using org.aspectj:aspectjweaver:1.9.25.1 from org.gradle.api.internal.artifacts.ivyservice.ivyresolve.FilteredModuleComponentRepository@4710c7a6
2026-08-21T16:48:36.306-0300 [DEBUG] [io.spring.gradle.dependencymanagement.internal.VersionConfiguringAction] Processing requested dependency 'io.netty:netty-common:4.2.15.Final' with target 'io.netty:netty-common:4.2.15.Final
2026-08-21T16:48:36.306-0300 [DEBUG] [io.spring.gradle.dependencymanagement.internal.DependencyManagementContainer] Found managed version '4.2.15.Final' for dependency 'io.netty:netty-common' in global dependency management
2026-08-21T16:48:36.306-0300 [DEBUG] [io.spring.gradle.dependencymanagement.internal.VersionConfiguringAction] Using version '4.2.15.Final' for dependency 'io.netty:netty-common:4.2.15.Final'
2026-08-21T16:48:36.307-0300 [DEBUG] [org.gradle.api.internal.artifacts.ivyservice.ivyresolve.RepositoryChainComponentMetaDataResolver] Attempting to resolve component for io.netty:netty-common:4.2.15.Final using repositories [MavenRepo]
2026-08-21T16:48:36.307-0300 [DEBUG] [org.gradle.api.internal.artifacts.ivyservice.ivyresolve.CachingModuleComponentRepository] Using cached module metadata for module 'io.netty:netty-common:4.2.15.Final' in 'MavenRepo'
2026-08-21T16:48:36.307-0300 [DEBUG] [org.gradle.api.internal.artifacts.ivyservice.ivyresolve.RepositoryChainComponentMetaDataResolver] Using io.netty:netty-common:4.2.15.Final from org.gradle.api.internal.artifacts.ivyservice.ivyresolve.FilteredModuleComponentRepository@4710c7a6
2026-08-21T16:48:36.307-0300 [DEBUG] [io.spring.gradle.dependencymanagement.internal.VersionConfiguringAction] Processing requested dependency 'redis.clients.authentication:redis-authx-core:0.1.1-beta2' with target 'redis.clients.authentication:redis-authx-core:0.1.1-beta2
2026-08-21T16:48:36.307-0300 [DEBUG] [io.spring.gradle.dependencymanagement.internal.VersionConfiguringAction] No dependency management for dependency 'redis.clients.authentication:redis-authx-core:0.1.1-beta2'
2026-08-21T16:48:36.307-0300 [DEBUG] [io.spring.gradle.dependencymanagement.internal.VersionConfiguringAction] Processing requested dependency 'io.netty:netty-common:4.2.13.Final' with target 'io.netty:netty-common:4.2.13.Final
2026-08-21T16:48:36.307-0300 [DEBUG] [io.spring.gradle.dependencymanagement.internal.DependencyManagementContainer] Found managed version '4.2.15.Final' for dependency 'io.netty:netty-common' in global dependency management
2026-08-21T16:48:36.307-0300 [DEBUG] [io.spring.gradle.dependencymanagement.internal.VersionConfiguringAction] Using version '4.2.15.Final' for dependency 'io.netty:netty-common:4.2.13.Final'
2026-08-21T16:48:36.307-0300 [DEBUG] [io.spring.gradle.dependencymanagement.internal.VersionConfiguringAction] Processing requested dependency 'io.netty:netty-handler:4.2.13.Final' with target 'io.netty:netty-handler:4.2.13.Final
2026-08-21T16:48:36.307-0300 [DEBUG] [io.spring.gradle.dependencymanagement.internal.DependencyManagementContainer] Found managed version '4.2.15.Final' for dependency 'io.netty:netty-handler' in global dependency management
2026-08-21T16:48:36.307-0300 [DEBUG] [io.spring.gradle.dependencymanagement.internal.VersionConfiguringAction] Using version '4.2.15.Final' for dependency 'io.netty:netty-handler:4.2.13.Final'
2026-08-21T16:48:36.307-0300 [DEBUG] [io.spring.gradle.dependencymanagement.internal.VersionConfiguringAction] Processing requested dependency 'io.netty:netty-transport:4.2.13.Final' with target 'io.netty:netty-transport:4.2.13.Final
2026-08-21T16:48:36.307-0300 [DEBUG] [io.spring.gradle.dependencymanagement.internal.DependencyManagementContainer] Found managed version '4.2.15.Final' for dependency 'io.netty:netty-transport' in global dependency management
2026-08-21T16:48:36.307-0300 [DEBUG] [io.spring.gradle.dependencymanagement.internal.VersionConfiguringAction] Using version '4.2.15.Final' for dependency 'io.netty:netty-transport:4.2.13.Final'
2026-08-21T16:48:36.307-0300 [DEBUG] [io.spring.gradle.dependencymanagement.internal.VersionConfiguringAction] Processing requested dependency 'io.projectreactor:reactor-core:3.6.6' with target 'io.projectreactor:reactor-core:3.6.6
2026-08-21T16:48:36.307-0300 [DEBUG] [io.spring.gradle.dependencymanagement.internal.DependencyManagementContainer] Found managed version '3.8.6' for dependency 'io.projectreactor:reactor-core' in global dependency management
2026-08-21T16:48:36.307-0300 [DEBUG] [io.spring.gradle.dependencymanagement.internal.VersionConfiguringAction] Using version '3.8.6' for dependency 'io.projectreactor:reactor-core:3.6.6'
2026-08-21T16:48:36.307-0300 [DEBUG] [io.spring.gradle.dependencymanagement.internal.VersionConfiguringAction] Processing requested dependency 'io.netty:netty-resolver-dns:4.2.13.Final' with target 'io.netty:netty-resolver-dns:4.2.13.Final
2026-08-21T16:48:36.307-0300 [DEBUG] [io.spring.gradle.dependencymanagement.internal.DependencyManagementContainer] Found managed version '4.2.15.Final' for dependency 'io.netty:netty-resolver-dns' in global dependency management
2026-08-21T16:48:36.307-0300 [DEBUG] [io.spring.gradle.dependencymanagement.internal.VersionConfiguringAction] Using version '4.2.15.Final' for dependency 'io.netty:netty-resolver-dns:4.2.13.Final'
2026-08-21T16:48:36.308-0300 [DEBUG] [org.gradle.api.internal.artifacts.ivyservice.ivyresolve.RepositoryChainComponentMetaDataResolver] Attempting to resolve component for redis.clients.authentication:redis-authx-core:0.1.1-beta2 using repositories [MavenRepo]
2026-08-21T16:48:36.308-0300 [DEBUG] [org.gradle.api.internal.artifacts.ivyservice.ivyresolve.CachingModuleComponentRepository] Using cached module metadata for module 'redis.clients.authentication:redis-authx-core:0.1.1-beta2' in 'MavenRepo'
2026-08-21T16:48:36.308-0300 [DEBUG] [org.gradle.api.internal.artifacts.ivyservice.ivyresolve.RepositoryChainComponentMetaDataResolver] Using redis.clients.authentication:redis-authx-core:0.1.1-beta2 from org.gradle.api.internal.artifacts.ivyservice.ivyresolve.FilteredModuleComponentRepository@4710c7a6
2026-08-21T16:48:36.308-0300 [DEBUG] [org.gradle.api.internal.artifacts.ivyservice.ivyresolve.RepositoryChainComponentMetaDataResolver] Attempting to resolve component for io.netty:netty-handler:4.2.15.Final using repositories [MavenRepo]
2026-08-21T16:48:36.308-0300 [DEBUG] [org.gradle.api.internal.artifacts.ivyservice.ivyresolve.CachingModuleComponentRepository] Using cached module metadata for module 'io.netty:netty-handler:4.2.15.Final' in 'MavenRepo'
2026-08-21T16:48:36.309-0300 [DEBUG] [org.gradle.api.internal.artifacts.ivyservice.ivyresolve.RepositoryChainComponentMetaDataResolver] Using io.netty:netty-handler:4.2.15.Final from org.gradle.api.internal.artifacts.ivyservice.ivyresolve.FilteredModuleComponentRepository@4710c7a6
2026-08-21T16:48:36.309-0300 [DEBUG] [org.gradle.api.internal.artifacts.ivyservice.ivyresolve.RepositoryChainComponentMetaDataResolver] Attempting to resolve component for io.netty:netty-transport:4.2.15.Final using repositories [MavenRepo]
2026-08-21T16:48:36.309-0300 [DEBUG] [org.gradle.api.internal.artifacts.ivyservice.ivyresolve.CachingModuleComponentRepository] Using cached module metadata for module 'io.netty:netty-transport:4.2.15.Final' in 'MavenRepo'
2026-08-21T16:48:36.309-0300 [DEBUG] [org.gradle.api.internal.artifacts.ivyservice.ivyresolve.RepositoryChainComponentMetaDataResolver] Using io.netty:netty-transport:4.2.15.Final from org.gradle.api.internal.artifacts.ivyservice.ivyresolve.FilteredModuleComponentRepository@4710c7a6
2026-08-21T16:48:36.309-0300 [DEBUG] [org.gradle.api.internal.artifacts.ivyservice.ivyresolve.RepositoryChainComponentMetaDataResolver] Attempting to resolve component for io.projectreactor:reactor-core:3.8.6 using repositories [MavenRepo]
2026-08-21T16:48:36.309-0300 [DEBUG] [org.gradle.api.internal.artifacts.ivyservice.ivyresolve.CachingModuleComponentRepository] Using cached module metadata for module 'io.projectreactor:reactor-core:3.8.6' in 'MavenRepo'
2026-08-21T16:48:36.309-0300 [DEBUG] [org.gradle.api.internal.artifacts.ivyservice.ivyresolve.RepositoryChainComponentMetaDataResolver] Using io.projectreactor:reactor-core:3.8.6 from org.gradle.api.internal.artifacts.ivyservice.ivyresolve.FilteredModuleComponentRepository@4710c7a6
2026-08-21T16:48:36.309-0300 [DEBUG] [org.gradle.api.internal.artifacts.ivyservice.ivyresolve.RepositoryChainComponentMetaDataResolver] Attempting to resolve component for io.netty:netty-resolver-dns:4.2.15.Final using repositories [MavenRepo]
2026-08-21T16:48:36.309-0300 [DEBUG] [org.gradle.api.internal.artifacts.ivyservice.ivyresolve.CachingModuleComponentRepository] Using cached module metadata for module 'io.netty:netty-resolver-dns:4.2.15.Final' in 'MavenRepo'
2026-08-21T16:48:36.309-0300 [DEBUG] [org.gradle.api.internal.artifacts.ivyservice.ivyresolve.RepositoryChainComponentMetaDataResolver] Using io.netty:netty-resolver-dns:4.2.15.Final from org.gradle.api.internal.artifacts.ivyservice.ivyresolve.FilteredModuleComponentRepository@4710c7a6
2026-08-21T16:48:36.309-0300 [DEBUG] [io.spring.gradle.dependencymanagement.internal.VersionConfiguringAction] Processing requested dependency 'org.springframework.data:spring-data-keyvalue:4.1.0' with target 'org.springframework.data:spring-data-keyvalue:4.1.0
2026-08-21T16:48:36.309-0300 [DEBUG] [io.spring.gradle.dependencymanagement.internal.DependencyManagementContainer] Found managed version '4.1.0' for dependency 'org.springframework.data:spring-data-keyvalue' in global dependency management
2026-08-21T16:48:36.309-0300 [DEBUG] [io.spring.gradle.dependencymanagement.internal.VersionConfiguringAction] Using version '4.1.0' for dependency 'org.springframework.data:spring-data-keyvalue:4.1.0'
2026-08-21T16:48:36.309-0300 [DEBUG] [io.spring.gradle.dependencymanagement.internal.VersionConfiguringAction] Processing requested dependency 'org.springframework:spring-oxm:7.0.8' with target 'org.springframework:spring-oxm:7.0.8
2026-08-21T16:48:36.309-0300 [DEBUG] [io.spring.gradle.dependencymanagement.internal.DependencyManagementContainer] Found managed version '7.0.8' for dependency 'org.springframework:spring-oxm' in global dependency management
2026-08-21T16:48:36.309-0300 [DEBUG] [io.spring.gradle.dependencymanagement.internal.VersionConfiguringAction] Using version '7.0.8' for dependency 'org.springframework:spring-oxm:7.0.8'
2026-08-21T16:48:36.309-0300 [DEBUG] [io.spring.gradle.dependencymanagement.internal.VersionConfiguringAction] Processing requested dependency 'org.springframework:spring-context-support:7.0.8' with target 'org.springframework:spring-context-support:7.0.8
2026-08-21T16:48:36.309-0300 [DEBUG] [io.spring.gradle.dependencymanagement.internal.DependencyManagementContainer] Found managed version '7.0.8' for dependency 'org.springframework:spring-context-support' in global dependency management
2026-08-21T16:48:36.309-0300 [DEBUG] [io.spring.gradle.dependencymanagement.internal.VersionConfiguringAction] Using version '7.0.8' for dependency 'org.springframework:spring-context-support:7.0.8'
2026-08-21T16:48:36.310-0300 [DEBUG] [org.gradle.api.internal.artifacts.ivyservice.ivyresolve.RepositoryChainComponentMetaDataResolver] Attempting to resolve component for org.springframework.data:spring-data-keyvalue:4.1.0 using repositories [MavenRepo]
2026-08-21T16:48:36.310-0300 [DEBUG] [org.gradle.api.internal.artifacts.ivyservice.ivyresolve.CachingModuleComponentRepository] Using cached module metadata for module 'org.springframework.data:spring-data-keyvalue:4.1.0' in 'MavenRepo'
2026-08-21T16:48:36.310-0300 [DEBUG] [org.gradle.api.internal.artifacts.ivyservice.ivyresolve.RepositoryChainComponentMetaDataResolver] Using org.springframework.data:spring-data-keyvalue:4.1.0 from org.gradle.api.internal.artifacts.ivyservice.ivyresolve.FilteredModuleComponentRepository@4710c7a6
2026-08-21T16:48:36.310-0300 [DEBUG] [org.gradle.api.internal.artifacts.ivyservice.ivyresolve.RepositoryChainComponentMetaDataResolver] Attempting to resolve component for org.springframework:spring-oxm:7.0.8 using repositories [MavenRepo]
2026-08-21T16:48:36.310-0300 [DEBUG] [org.gradle.api.internal.artifacts.ivyservice.ivyresolve.CachingModuleComponentRepository] Using cached module metadata for module 'org.springframework:spring-oxm:7.0.8' in 'MavenRepo'
2026-08-21T16:48:36.310-0300 [DEBUG] [org.gradle.api.internal.artifacts.ivyservice.ivyresolve.RepositoryChainComponentMetaDataResolver] Using org.springframework:spring-oxm:7.0.8 from org.gradle.api.internal.artifacts.ivyservice.ivyresolve.FilteredModuleComponentRepository@4710c7a6
2026-08-21T16:48:36.310-0300 [DEBUG] [org.gradle.api.internal.artifacts.ivyservice.ivyresolve.RepositoryChainComponentMetaDataResolver] Attempting to resolve component for org.springframework:spring-context-support:7.0.8 using repositories [MavenRepo]
2026-08-21T16:48:36.310-0300 [DEBUG] [org.gradle.api.internal.artifacts.ivyservice.ivyresolve.CachingModuleComponentRepository] Using cached module metadata for module 'org.springframework:spring-context-support:7.0.8' in 'MavenRepo'
2026-08-21T16:48:36.310-0300 [DEBUG] [org.gradle.api.internal.artifacts.ivyservice.ivyresolve.RepositoryChainComponentMetaDataResolver] Using org.springframework:spring-context-support:7.0.8 from org.gradle.api.internal.artifacts.ivyservice.ivyresolve.FilteredModuleComponentRepository@4710c7a6
2026-08-21T16:48:36.310-0300 [DEBUG] [io.spring.gradle.dependencymanagement.internal.VersionConfiguringAction] Processing requested dependency 'org.apache.tomcat:tomcat-annotations-api:11.0.22' with target 'org.apache.tomcat:tomcat-annotations-api:11.0.22
2026-08-21T16:48:36.310-0300 [DEBUG] [io.spring.gradle.dependencymanagement.internal.DependencyManagementContainer] Found managed version '11.0.22' for dependency 'org.apache.tomcat:tomcat-annotations-api' in global dependency management
2026-08-21T16:48:36.311-0300 [DEBUG] [io.spring.gradle.dependencymanagement.internal.VersionConfiguringAction] Using version '11.0.22' for dependency 'org.apache.tomcat:tomcat-annotations-api:11.0.22'
2026-08-21T16:48:36.311-0300 [DEBUG] [org.gradle.api.internal.artifacts.ivyservice.resolveengine.graph.builder.NodeState] org.apache.tomcat:tomcat-annotations-api is excluded from 'org.apache.tomcat.embed:tomcat-embed-core:11.0.22' (runtime) by {"exclude module id" : "org.apache.tomcat:tomcat-annotations-api"}.
2026-08-21T16:48:36.311-0300 [DEBUG] [io.spring.gradle.dependencymanagement.internal.VersionConfiguringAction] Processing requested dependency 'io.micrometer:micrometer-commons:1.17.0' with target 'io.micrometer:micrometer-commons:1.17.0
2026-08-21T16:48:36.311-0300 [DEBUG] [io.spring.gradle.dependencymanagement.internal.DependencyManagementContainer] Found managed version '1.17.0' for dependency 'io.micrometer:micrometer-commons' in global dependency management
2026-08-21T16:48:36.311-0300 [DEBUG] [io.spring.gradle.dependencymanagement.internal.VersionConfiguringAction] Using version '1.17.0' for dependency 'io.micrometer:micrometer-commons:1.17.0'
2026-08-21T16:48:36.311-0300 [DEBUG] [org.gradle.api.internal.artifacts.ivyservice.ivyresolve.RepositoryChainComponentMetaDataResolver] Attempting to resolve component for io.micrometer:micrometer-commons:1.17.0 using repositories [MavenRepo]
2026-08-21T16:48:36.311-0300 [DEBUG] [org.gradle.api.internal.artifacts.ivyservice.ivyresolve.CachingModuleComponentRepository] Using cached module metadata for module 'io.micrometer:micrometer-commons:1.17.0' in 'MavenRepo'
2026-08-21T16:48:36.311-0300 [DEBUG] [org.gradle.api.internal.artifacts.ivyservice.ivyresolve.RepositoryChainComponentMetaDataResolver] Using io.micrometer:micrometer-commons:1.17.0 from org.gradle.api.internal.artifacts.ivyservice.ivyresolve.FilteredModuleComponentRepository@4710c7a6
2026-08-21T16:48:36.311-0300 [DEBUG] [io.spring.gradle.dependencymanagement.internal.VersionConfiguringAction] Processing requested dependency 'jakarta.persistence:jakarta.persistence-api:3.2.0' with target 'jakarta.persistence:jakarta.persistence-api:3.2.0
2026-08-21T16:48:36.311-0300 [DEBUG] [io.spring.gradle.dependencymanagement.internal.DependencyManagementContainer] Found managed version '3.2.0' for dependency 'jakarta.persistence:jakarta.persistence-api' in global dependency management
2026-08-21T16:48:36.311-0300 [DEBUG] [io.spring.gradle.dependencymanagement.internal.VersionConfiguringAction] Using version '3.2.0' for dependency 'jakarta.persistence:jakarta.persistence-api:3.2.0'
2026-08-21T16:48:36.311-0300 [DEBUG] [org.gradle.api.internal.artifacts.ivyservice.ivyresolve.RepositoryChainComponentMetaDataResolver] Attempting to resolve component for jakarta.persistence:jakarta.persistence-api:3.2.0 using repositories [MavenRepo]
2026-08-21T16:48:36.311-0300 [DEBUG] [org.gradle.api.internal.artifacts.ivyservice.ivyresolve.CachingModuleComponentRepository] Using cached module metadata for module 'jakarta.persistence:jakarta.persistence-api:3.2.0' in 'MavenRepo'
2026-08-21T16:48:36.311-0300 [DEBUG] [org.gradle.api.internal.artifacts.ivyservice.ivyresolve.RepositoryChainComponentMetaDataResolver] Using jakarta.persistence:jakarta.persistence-api:3.2.0 from org.gradle.api.internal.artifacts.ivyservice.ivyresolve.FilteredModuleComponentRepository@4710c7a6
2026-08-21T16:48:36.312-0300 [DEBUG] [io.spring.gradle.dependencymanagement.internal.VersionConfiguringAction] Processing requested dependency 'org.jboss.logging:jboss-logging:3.6.1.Final' with target 'org.jboss.logging:jboss-logging:3.6.1.Final
2026-08-21T16:48:36.312-0300 [DEBUG] [io.spring.gradle.dependencymanagement.internal.DependencyManagementContainer] Found managed version '3.6.3.Final' for dependency 'org.jboss.logging:jboss-logging' in global dependency management
2026-08-21T16:48:36.312-0300 [DEBUG] [io.spring.gradle.dependencymanagement.internal.VersionConfiguringAction] Using version '3.6.3.Final' for dependency 'org.jboss.logging:jboss-logging:3.6.1.Final'
2026-08-21T16:48:36.312-0300 [DEBUG] [io.spring.gradle.dependencymanagement.internal.VersionConfiguringAction] Processing requested dependency 'org.hibernate.models:hibernate-models:1.1.1' with target 'org.hibernate.models:hibernate-models:1.1.1
2026-08-21T16:48:36.312-0300 [DEBUG] [io.spring.gradle.dependencymanagement.internal.VersionConfiguringAction] No dependency management for dependency 'org.hibernate.models:hibernate-models:1.1.1'
2026-08-21T16:48:36.312-0300 [DEBUG] [io.spring.gradle.dependencymanagement.internal.VersionConfiguringAction] Processing requested dependency 'net.bytebuddy:byte-buddy:1.18.8' with target 'net.bytebuddy:byte-buddy:1.18.8
2026-08-21T16:48:36.312-0300 [DEBUG] [io.spring.gradle.dependencymanagement.internal.DependencyManagementContainer] Found managed version '1.18.10' for dependency 'net.bytebuddy:byte-buddy' in global dependency management
2026-08-21T16:48:36.312-0300 [DEBUG] [io.spring.gradle.dependencymanagement.internal.VersionConfiguringAction] Using version '1.18.10' for dependency 'net.bytebuddy:byte-buddy:1.18.8'
2026-08-21T16:48:36.312-0300 [DEBUG] [io.spring.gradle.dependencymanagement.internal.VersionConfiguringAction] Processing requested dependency 'jakarta.xml.bind:jakarta.xml.bind-api:4.0.4' with target 'jakarta.xml.bind:jakarta.xml.bind-api:4.0.4
2026-08-21T16:48:36.312-0300 [DEBUG] [io.spring.gradle.dependencymanagement.internal.DependencyManagementContainer] Found managed version '4.0.5' for dependency 'jakarta.xml.bind:jakarta.xml.bind-api' in global dependency management
2026-08-21T16:48:36.312-0300 [DEBUG] [io.spring.gradle.dependencymanagement.internal.VersionConfiguringAction] Using version '4.0.5' for dependency 'jakarta.xml.bind:jakarta.xml.bind-api:4.0.4'
2026-08-21T16:48:36.312-0300 [DEBUG] [io.spring.gradle.dependencymanagement.internal.VersionConfiguringAction] Processing requested dependency 'org.glassfish.jaxb:jaxb-runtime:4.0.7' with target 'org.glassfish.jaxb:jaxb-runtime:4.0.7
2026-08-21T16:48:36.312-0300 [DEBUG] [io.spring.gradle.dependencymanagement.internal.DependencyManagementContainer] Found managed version '4.0.9' for dependency 'org.glassfish.jaxb:jaxb-runtime' in global dependency management
2026-08-21T16:48:36.312-0300 [DEBUG] [io.spring.gradle.dependencymanagement.internal.VersionConfiguringAction] Using version '4.0.9' for dependency 'org.glassfish.jaxb:jaxb-runtime:4.0.7'
2026-08-21T16:48:36.312-0300 [DEBUG] [io.spring.gradle.dependencymanagement.internal.VersionConfiguringAction] Processing requested dependency 'jakarta.inject:jakarta.inject-api:2.0.1' with target 'jakarta.inject:jakarta.inject-api:2.0.1
2026-08-21T16:48:36.312-0300 [DEBUG] [io.spring.gradle.dependencymanagement.internal.DependencyManagementContainer] Found managed version '2.0.1' for dependency 'jakarta.inject:jakarta.inject-api' in global dependency management
2026-08-21T16:48:36.312-0300 [DEBUG] [io.spring.gradle.dependencymanagement.internal.VersionConfiguringAction] Using version '2.0.1' for dependency 'jakarta.inject:jakarta.inject-api:2.0.1'
2026-08-21T16:48:36.312-0300 [DEBUG] [io.spring.gradle.dependencymanagement.internal.VersionConfiguringAction] Processing requested dependency 'org.hibernate.orm:hibernate-platform:7.4.1.Final' with target 'org.hibernate.orm:hibernate-platform:7.4.1.Final
2026-08-21T16:48:36.312-0300 [DEBUG] [io.spring.gradle.dependencymanagement.internal.VersionConfiguringAction] No dependency management for dependency 'org.hibernate.orm:hibernate-platform:7.4.1.Final'
2026-08-21T16:48:36.312-0300 [DEBUG] [io.spring.gradle.dependencymanagement.internal.VersionConfiguringAction] Processing requested dependency 'jakarta.transaction:jakarta.transaction-api:2.0.1' with target 'jakarta.transaction:jakarta.transaction-api:2.0.1
2026-08-21T16:48:36.312-0300 [DEBUG] [io.spring.gradle.dependencymanagement.internal.DependencyManagementContainer] Found managed version '2.0.1' for dependency 'jakarta.transaction:jakarta.transaction-api' in global dependency management
2026-08-21T16:48:36.312-0300 [DEBUG] [io.spring.gradle.dependencymanagement.internal.VersionConfiguringAction] Using version '2.0.1' for dependency 'jakarta.transaction:jakarta.transaction-api:2.0.1'
2026-08-21T16:48:36.312-0300 [DEBUG] [io.spring.gradle.dependencymanagement.internal.VersionConfiguringAction] Processing requested dependency 'org.apache.logging.log4j:log4j-core:[2.17.1, 3[' with target 'org.apache.logging.log4j:log4j-core:[2.17.1, 3[
2026-08-21T16:48:36.312-0300 [DEBUG] [io.spring.gradle.dependencymanagement.internal.DependencyManagementContainer] Found managed version '2.25.4' for dependency 'org.apache.logging.log4j:log4j-core' in global dependency management
2026-08-21T16:48:36.312-0300 [DEBUG] [io.spring.gradle.dependencymanagement.internal.VersionConfiguringAction] Using version '2.25.4' for dependency 'org.apache.logging.log4j:log4j-core:[2.17.1, 3['
2026-08-21T16:48:36.314-0300 [DEBUG] [org.gradle.api.internal.artifacts.ivyservice.ivyresolve.RepositoryChainComponentMetaDataResolver] Attempting to resolve component for org.jboss.logging:jboss-logging:3.6.3.Final using repositories [MavenRepo]
2026-08-21T16:48:36.314-0300 [DEBUG] [org.gradle.api.internal.artifacts.ivyservice.ivyresolve.CachingModuleComponentRepository] Using cached module metadata for module 'org.jboss.logging:jboss-logging:3.6.3.Final' in 'MavenRepo'
2026-08-21T16:48:36.314-0300 [DEBUG] [org.gradle.api.internal.artifacts.ivyservice.ivyresolve.RepositoryChainComponentMetaDataResolver] Using org.jboss.logging:jboss-logging:3.6.3.Final from org.gradle.api.internal.artifacts.ivyservice.ivyresolve.FilteredModuleComponentRepository@4710c7a6
2026-08-21T16:48:36.314-0300 [DEBUG] [org.gradle.api.internal.artifacts.ivyservice.ivyresolve.RepositoryChainComponentMetaDataResolver] Attempting to resolve component for org.hibernate.models:hibernate-models:1.1.1 using repositories [MavenRepo]
2026-08-21T16:48:36.314-0300 [DEBUG] [org.gradle.api.internal.artifacts.ivyservice.ivyresolve.CachingModuleComponentRepository] Using cached module metadata for module 'org.hibernate.models:hibernate-models:1.1.1' in 'MavenRepo'
2026-08-21T16:48:36.314-0300 [DEBUG] [org.gradle.api.internal.artifacts.ivyservice.ivyresolve.RepositoryChainComponentMetaDataResolver] Using org.hibernate.models:hibernate-models:1.1.1 from org.gradle.api.internal.artifacts.ivyservice.ivyresolve.FilteredModuleComponentRepository@4710c7a6
2026-08-21T16:48:36.314-0300 [DEBUG] [org.gradle.api.internal.artifacts.ivyservice.ivyresolve.RepositoryChainComponentMetaDataResolver] Attempting to resolve component for org.glassfish.jaxb:jaxb-runtime:4.0.9 using repositories [MavenRepo]
2026-08-21T16:48:36.314-0300 [DEBUG] [org.gradle.api.internal.artifacts.ivyservice.ivyresolve.CachingModuleComponentRepository] Using cached module metadata for module 'org.glassfish.jaxb:jaxb-runtime:4.0.9' in 'MavenRepo'
2026-08-21T16:48:36.314-0300 [DEBUG] [org.gradle.api.internal.artifacts.ivyservice.ivyresolve.RepositoryChainComponentMetaDataResolver] Using org.glassfish.jaxb:jaxb-runtime:4.0.9 from org.gradle.api.internal.artifacts.ivyservice.ivyresolve.FilteredModuleComponentRepository@4710c7a6
2026-08-21T16:48:36.314-0300 [DEBUG] [org.gradle.api.internal.artifacts.ivyservice.ivyresolve.RepositoryChainComponentMetaDataResolver] Attempting to resolve component for jakarta.inject:jakarta.inject-api:2.0.1 using repositories [MavenRepo]
2026-08-21T16:48:36.314-0300 [DEBUG] [org.gradle.api.internal.artifacts.ivyservice.ivyresolve.CachingModuleComponentRepository] Using cached module metadata for module 'jakarta.inject:jakarta.inject-api:2.0.1' in 'MavenRepo'
2026-08-21T16:48:36.314-0300 [DEBUG] [org.gradle.api.internal.artifacts.ivyservice.ivyresolve.RepositoryChainComponentMetaDataResolver] Using jakarta.inject:jakarta.inject-api:2.0.1 from org.gradle.api.internal.artifacts.ivyservice.ivyresolve.FilteredModuleComponentRepository@4710c7a6
2026-08-21T16:48:36.314-0300 [DEBUG] [org.gradle.api.internal.artifacts.ivyservice.ivyresolve.RepositoryChainComponentMetaDataResolver] Attempting to resolve component for org.hibernate.orm:hibernate-platform:7.4.1.Final using repositories [MavenRepo]
2026-08-21T16:48:36.314-0300 [DEBUG] [org.gradle.api.internal.artifacts.ivyservice.ivyresolve.CachingModuleComponentRepository] Using cached module metadata for module 'org.hibernate.orm:hibernate-platform:7.4.1.Final' in 'MavenRepo'
2026-08-21T16:48:36.314-0300 [DEBUG] [org.gradle.api.internal.artifacts.ivyservice.ivyresolve.RepositoryChainComponentMetaDataResolver] Using org.hibernate.orm:hibernate-platform:7.4.1.Final from org.gradle.api.internal.artifacts.ivyservice.ivyresolve.FilteredModuleComponentRepository@4710c7a6
2026-08-21T16:48:36.314-0300 [DEBUG] [io.spring.gradle.dependencymanagement.internal.VersionConfiguringAction] Processing requested dependency 'net.bytebuddy:byte-buddy-agent:1.18.8' with target 'net.bytebuddy:byte-buddy-agent:1.18.8
2026-08-21T16:48:36.314-0300 [DEBUG] [io.spring.gradle.dependencymanagement.internal.DependencyManagementContainer] Found managed version '1.18.10' for dependency 'net.bytebuddy:byte-buddy-agent' in global dependency management
2026-08-21T16:48:36.314-0300 [DEBUG] [io.spring.gradle.dependencymanagement.internal.VersionConfiguringAction] Using version '1.18.10' for dependency 'net.bytebuddy:byte-buddy-agent:1.18.8'
2026-08-21T16:48:36.314-0300 [DEBUG] [io.spring.gradle.dependencymanagement.internal.VersionConfiguringAction] Processing requested dependency 'io.smallrye:jandex:3.3.2' with target 'io.smallrye:jandex:3.3.2
2026-08-21T16:48:36.314-0300 [DEBUG] [io.spring.gradle.dependencymanagement.internal.VersionConfiguringAction] No dependency management for dependency 'io.smallrye:jandex:3.3.2'
2026-08-21T16:48:36.314-0300 [DEBUG] [io.spring.gradle.dependencymanagement.internal.VersionConfiguringAction] Processing requested dependency 'io.agroal:agroal-api:3.0.1' with target 'io.agroal:agroal-api:3.0.1
2026-08-21T16:48:36.314-0300 [DEBUG] [io.spring.gradle.dependencymanagement.internal.VersionConfiguringAction] No dependency management for dependency 'io.agroal:agroal-api:3.0.1'
2026-08-21T16:48:36.314-0300 [DEBUG] [io.spring.gradle.dependencymanagement.internal.VersionConfiguringAction] Processing requested dependency 'io.agroal:agroal-pool:3.0.1' with target 'io.agroal:agroal-pool:3.0.1
2026-08-21T16:48:36.314-0300 [DEBUG] [io.spring.gradle.dependencymanagement.internal.VersionConfiguringAction] No dependency management for dependency 'io.agroal:agroal-pool:3.0.1'
2026-08-21T16:48:36.314-0300 [DEBUG] [io.spring.gradle.dependencymanagement.internal.VersionConfiguringAction] Processing requested dependency 'com.mchange:c3p0:0.12.0' with target 'com.mchange:c3p0:0.12.0
2026-08-21T16:48:36.314-0300 [DEBUG] [io.spring.gradle.dependencymanagement.internal.VersionConfiguringAction] No dependency management for dependency 'com.mchange:c3p0:0.12.0'
2026-08-21T16:48:36.314-0300 [DEBUG] [io.spring.gradle.dependencymanagement.internal.VersionConfiguringAction] Processing requested dependency 'javax.cache:cache-api:1.1.1' with target 'javax.cache:cache-api:1.1.1
2026-08-21T16:48:36.315-0300 [DEBUG] [io.spring.gradle.dependencymanagement.internal.DependencyManagementContainer] Found managed version '1.1.1' for dependency 'javax.cache:cache-api' in global dependency management
2026-08-21T16:48:36.315-0300 [DEBUG] [io.spring.gradle.dependencymanagement.internal.VersionConfiguringAction] Using version '1.1.1' for dependency 'javax.cache:cache-api:1.1.1'
2026-08-21T16:48:36.315-0300 [DEBUG] [io.spring.gradle.dependencymanagement.internal.VersionConfiguringAction] Processing requested dependency 'io.micrometer:micrometer-core:1.16.0' with target 'io.micrometer:micrometer-core:1.16.0
2026-08-21T16:48:36.315-0300 [DEBUG] [io.spring.gradle.dependencymanagement.internal.DependencyManagementContainer] Found managed version '1.17.0' for dependency 'io.micrometer:micrometer-core' in global dependency management
2026-08-21T16:48:36.315-0300 [DEBUG] [io.spring.gradle.dependencymanagement.internal.VersionConfiguringAction] Using version '1.17.0' for dependency 'io.micrometer:micrometer-core:1.16.0'
2026-08-21T16:48:36.315-0300 [DEBUG] [io.spring.gradle.dependencymanagement.internal.VersionConfiguringAction] Processing requested dependency 'org.hibernate:hibernate-core:7.4.1.Final' with target 'org.hibernate:hibernate-core:7.4.1.Final
2026-08-21T16:48:36.315-0300 [DEBUG] [io.spring.gradle.dependencymanagement.internal.VersionConfiguringAction] No dependency management for dependency 'org.hibernate:hibernate-core:7.4.1.Final'
2026-08-21T16:48:36.315-0300 [DEBUG] [io.spring.gradle.dependencymanagement.internal.VersionConfiguringAction] Processing requested dependency 'org.hibernate.orm:hibernate-testing:7.4.1.Final' with target 'org.hibernate.orm:hibernate-testing:7.4.1.Final
2026-08-21T16:48:36.315-0300 [DEBUG] [io.spring.gradle.dependencymanagement.internal.DependencyManagementContainer] Found managed version '7.4.1.Final' for dependency 'org.hibernate.orm:hibernate-testing' in global dependency management
2026-08-21T16:48:36.315-0300 [DEBUG] [io.spring.gradle.dependencymanagement.internal.VersionConfiguringAction] Using version '7.4.1.Final' for dependency 'org.hibernate.orm:hibernate-testing:7.4.1.Final'
2026-08-21T16:48:36.315-0300 [DEBUG] [io.spring.gradle.dependencymanagement.internal.VersionConfiguringAction] Processing requested dependency 'org.hibernate:hibernate-testing:7.4.1.Final' with target 'org.hibernate:hibernate-testing:7.4.1.Final
2026-08-21T16:48:36.315-0300 [DEBUG] [io.spring.gradle.dependencymanagement.internal.VersionConfiguringAction] No dependency management for dependency 'org.hibernate:hibernate-testing:7.4.1.Final'
2026-08-21T16:48:36.315-0300 [DEBUG] [io.spring.gradle.dependencymanagement.internal.VersionConfiguringAction] Processing requested dependency 'org.hibernate.orm:hibernate-envers:7.4.1.Final' with target 'org.hibernate.orm:hibernate-envers:7.4.1.Final
2026-08-21T16:48:36.315-0300 [DEBUG] [io.spring.gradle.dependencymanagement.internal.DependencyManagementContainer] Found managed version '7.4.1.Final' for dependency 'org.hibernate.orm:hibernate-envers' in global dependency management
2026-08-21T16:48:36.315-0300 [DEBUG] [io.spring.gradle.dependencymanagement.internal.VersionConfiguringAction] Using version '7.4.1.Final' for dependency 'org.hibernate.orm:hibernate-envers:7.4.1.Final'
2026-08-21T16:48:36.315-0300 [DEBUG] [io.spring.gradle.dependencymanagement.internal.VersionConfiguringAction] Processing requested dependency 'org.hibernate:hibernate-envers:7.4.1.Final' with target 'org.hibernate:hibernate-envers:7.4.1.Final
2026-08-21T16:48:36.315-0300 [DEBUG] [io.spring.gradle.dependencymanagement.internal.VersionConfiguringAction] No dependency management for dependency 'org.hibernate:hibernate-envers:7.4.1.Final'
2026-08-21T16:48:36.315-0300 [DEBUG] [io.spring.gradle.dependencymanagement.internal.VersionConfiguringAction] Processing requested dependency 'org.hibernate.orm:hibernate-spatial:7.4.1.Final' with target 'org.hibernate.orm:hibernate-spatial:7.4.1.Final
2026-08-21T16:48:36.315-0300 [DEBUG] [io.spring.gradle.dependencymanagement.internal.DependencyManagementContainer] Found managed version '7.4.1.Final' for dependency 'org.hibernate.orm:hibernate-spatial' in global dependency management
2026-08-21T16:48:36.315-0300 [DEBUG] [io.spring.gradle.dependencymanagement.internal.VersionConfiguringAction] Using version '7.4.1.Final' for dependency 'org.hibernate.orm:hibernate-spatial:7.4.1.Final'
2026-08-21T16:48:36.315-0300 [DEBUG] [io.spring.gradle.dependencymanagement.internal.VersionConfiguringAction] Processing requested dependency 'org.hibernate:hibernate-spatial:7.4.1.Final' with target 'org.hibernate:hibernate-spatial:7.4.1.Final
2026-08-21T16:48:36.315-0300 [DEBUG] [io.spring.gradle.dependencymanagement.internal.VersionConfiguringAction] No dependency management for dependency 'org.hibernate:hibernate-spatial:7.4.1.Final'
2026-08-21T16:48:36.315-0300 [DEBUG] [io.spring.gradle.dependencymanagement.internal.VersionConfiguringAction] Processing requested dependency 'org.hibernate.orm:hibernate-vector:7.4.1.Final' with target 'org.hibernate.orm:hibernate-vector:7.4.1.Final
2026-08-21T16:48:36.315-0300 [DEBUG] [io.spring.gradle.dependencymanagement.internal.DependencyManagementContainer] Found managed version '7.4.1.Final' for dependency 'org.hibernate.orm:hibernate-vector' in global dependency management
2026-08-21T16:48:36.315-0300 [DEBUG] [io.spring.gradle.dependencymanagement.internal.VersionConfiguringAction] Using version '7.4.1.Final' for dependency 'org.hibernate.orm:hibernate-vector:7.4.1.Final'
2026-08-21T16:48:36.315-0300 [DEBUG] [io.spring.gradle.dependencymanagement.internal.VersionConfiguringAction] Processing requested dependency 'org.hibernate:hibernate-vector:7.4.1.Final' with target 'org.hibernate:hibernate-vector:7.4.1.Final
2026-08-21T16:48:36.315-0300 [DEBUG] [io.spring.gradle.dependencymanagement.internal.VersionConfiguringAction] No dependency management for dependency 'org.hibernate:hibernate-vector:7.4.1.Final'
2026-08-21T16:48:36.315-0300 [DEBUG] [io.spring.gradle.dependencymanagement.internal.VersionConfiguringAction] Processing requested dependency 'org.hibernate.orm:hibernate-community-dialects:7.4.1.Final' with target 'org.hibernate.orm:hibernate-community-dialects:7.4.1.Final
2026-08-21T16:48:36.315-0300 [DEBUG] [io.spring.gradle.dependencymanagement.internal.DependencyManagementContainer] Found managed version '7.4.1.Final' for dependency 'org.hibernate.orm:hibernate-community-dialects' in global dependency management
2026-08-21T16:48:36.315-0300 [DEBUG] [io.spring.gradle.dependencymanagement.internal.VersionConfiguringAction] Using version '7.4.1.Final' for dependency 'org.hibernate.orm:hibernate-community-dialects:7.4.1.Final'
2026-08-21T16:48:36.315-0300 [DEBUG] [io.spring.gradle.dependencymanagement.internal.VersionConfiguringAction] Processing requested dependency 'org.hibernate:hibernate-community-dialects:7.4.1.Final' with target 'org.hibernate:hibernate-community-dialects:7.4.1.Final
2026-08-21T16:48:36.315-0300 [DEBUG] [io.spring.gradle.dependencymanagement.internal.VersionConfiguringAction] No dependency management for dependency 'org.hibernate:hibernate-community-dialects:7.4.1.Final'
2026-08-21T16:48:36.315-0300 [DEBUG] [io.spring.gradle.dependencymanagement.internal.VersionConfiguringAction] Processing requested dependency 'org.hibernate.orm:hibernate-scan-jandex:7.4.1.Final' with target 'org.hibernate.orm:hibernate-scan-jandex:7.4.1.Final
2026-08-21T16:48:36.315-0300 [DEBUG] [io.spring.gradle.dependencymanagement.internal.DependencyManagementContainer] Found managed version '7.4.1.Final' for dependency 'org.hibernate.orm:hibernate-scan-jandex' in global dependency management
2026-08-21T16:48:36.315-0300 [DEBUG] [io.spring.gradle.dependencymanagement.internal.VersionConfiguringAction] Using version '7.4.1.Final' for dependency 'org.hibernate.orm:hibernate-scan-jandex:7.4.1.Final'
2026-08-21T16:48:36.315-0300 [DEBUG] [io.spring.gradle.dependencymanagement.internal.VersionConfiguringAction] Processing requested dependency 'org.hibernate.orm:hibernate-agroal:7.4.1.Final' with target 'org.hibernate.orm:hibernate-agroal:7.4.1.Final
2026-08-21T16:48:36.316-0300 [DEBUG] [io.spring.gradle.dependencymanagement.internal.DependencyManagementContainer] Found managed version '7.4.1.Final' for dependency 'org.hibernate.orm:hibernate-agroal' in global dependency management
2026-08-21T16:48:36.316-0300 [DEBUG] [io.spring.gradle.dependencymanagement.internal.VersionConfiguringAction] Using version '7.4.1.Final' for dependency 'org.hibernate.orm:hibernate-agroal:7.4.1.Final'
2026-08-21T16:48:36.316-0300 [DEBUG] [io.spring.gradle.dependencymanagement.internal.VersionConfiguringAction] Processing requested dependency 'org.hibernate:hibernate-agroal:7.4.1.Final' with target 'org.hibernate:hibernate-agroal:7.4.1.Final
2026-08-21T16:48:36.316-0300 [DEBUG] [io.spring.gradle.dependencymanagement.internal.VersionConfiguringAction] No dependency management for dependency 'org.hibernate:hibernate-agroal:7.4.1.Final'
2026-08-21T16:48:36.316-0300 [DEBUG] [io.spring.gradle.dependencymanagement.internal.VersionConfiguringAction] Processing requested dependency 'org.hibernate.orm:hibernate-c3p0:7.4.1.Final' with target 'org.hibernate.orm:hibernate-c3p0:7.4.1.Final
2026-08-21T16:48:36.316-0300 [DEBUG] [io.spring.gradle.dependencymanagement.internal.DependencyManagementContainer] Found managed version '7.4.1.Final' for dependency 'org.hibernate.orm:hibernate-c3p0' in global dependency management
2026-08-21T16:48:36.316-0300 [DEBUG] [io.spring.gradle.dependencymanagement.internal.VersionConfiguringAction] Using version '7.4.1.Final' for dependency 'org.hibernate.orm:hibernate-c3p0:7.4.1.Final'
2026-08-21T16:48:36.316-0300 [DEBUG] [io.spring.gradle.dependencymanagement.internal.VersionConfiguringAction] Processing requested dependency 'org.hibernate:hibernate-c3p0:7.4.1.Final' with target 'org.hibernate:hibernate-c3p0:7.4.1.Final
2026-08-21T16:48:36.316-0300 [DEBUG] [io.spring.gradle.dependencymanagement.internal.VersionConfiguringAction] No dependency management for dependency 'org.hibernate:hibernate-c3p0:7.4.1.Final'
2026-08-21T16:48:36.316-0300 [DEBUG] [io.spring.gradle.dependencymanagement.internal.VersionConfiguringAction] Processing requested dependency 'org.hibernate.orm:hibernate-hikaricp:7.4.1.Final' with target 'org.hibernate.orm:hibernate-hikaricp:7.4.1.Final
2026-08-21T16:48:36.316-0300 [DEBUG] [io.spring.gradle.dependencymanagement.internal.DependencyManagementContainer] Found managed version '7.4.1.Final' for dependency 'org.hibernate.orm:hibernate-hikaricp' in global dependency management
2026-08-21T16:48:36.316-0300 [DEBUG] [io.spring.gradle.dependencymanagement.internal.VersionConfiguringAction] Using version '7.4.1.Final' for dependency 'org.hibernate.orm:hibernate-hikaricp:7.4.1.Final'
2026-08-21T16:48:36.316-0300 [DEBUG] [io.spring.gradle.dependencymanagement.internal.VersionConfiguringAction] Processing requested dependency 'org.hibernate:hibernate-hikaricp:7.4.1.Final' with target 'org.hibernate:hibernate-hikaricp:7.4.1.Final
2026-08-21T16:48:36.316-0300 [DEBUG] [io.spring.gradle.dependencymanagement.internal.VersionConfiguringAction] No dependency management for dependency 'org.hibernate:hibernate-hikaricp:7.4.1.Final'
2026-08-21T16:48:36.316-0300 [DEBUG] [io.spring.gradle.dependencymanagement.internal.VersionConfiguringAction] Processing requested dependency 'org.hibernate.orm:hibernate-jcache:7.4.1.Final' with target 'org.hibernate.orm:hibernate-jcache:7.4.1.Final
2026-08-21T16:48:36.316-0300 [DEBUG] [io.spring.gradle.dependencymanagement.internal.DependencyManagementContainer] Found managed version '7.4.1.Final' for dependency 'org.hibernate.orm:hibernate-jcache' in global dependency management
2026-08-21T16:48:36.316-0300 [DEBUG] [io.spring.gradle.dependencymanagement.internal.VersionConfiguringAction] Using version '7.4.1.Final' for dependency 'org.hibernate.orm:hibernate-jcache:7.4.1.Final'
2026-08-21T16:48:36.316-0300 [DEBUG] [io.spring.gradle.dependencymanagement.internal.VersionConfiguringAction] Processing requested dependency 'org.hibernate:hibernate-jcache:7.4.1.Final' with target 'org.hibernate:hibernate-jcache:7.4.1.Final
2026-08-21T16:48:36.316-0300 [DEBUG] [io.spring.gradle.dependencymanagement.internal.VersionConfiguringAction] No dependency management for dependency 'org.hibernate:hibernate-jcache:7.4.1.Final'
2026-08-21T16:48:36.316-0300 [DEBUG] [io.spring.gradle.dependencymanagement.internal.VersionConfiguringAction] Processing requested dependency 'org.hibernate.orm:hibernate-micrometer:7.4.1.Final' with target 'org.hibernate.orm:hibernate-micrometer:7.4.1.Final
2026-08-21T16:48:36.316-0300 [DEBUG] [io.spring.gradle.dependencymanagement.internal.DependencyManagementContainer] Found managed version '7.4.1.Final' for dependency 'org.hibernate.orm:hibernate-micrometer' in global dependency management
2026-08-21T16:48:36.316-0300 [DEBUG] [io.spring.gradle.dependencymanagement.internal.VersionConfiguringAction] Using version '7.4.1.Final' for dependency 'org.hibernate.orm:hibernate-micrometer:7.4.1.Final'
2026-08-21T16:48:36.316-0300 [DEBUG] [io.spring.gradle.dependencymanagement.internal.VersionConfiguringAction] Processing requested dependency 'org.hibernate:hibernate-micrometer:7.4.1.Final' with target 'org.hibernate:hibernate-micrometer:7.4.1.Final
2026-08-21T16:48:36.316-0300 [DEBUG] [io.spring.gradle.dependencymanagement.internal.VersionConfiguringAction] No dependency management for dependency 'org.hibernate:hibernate-micrometer:7.4.1.Final'
2026-08-21T16:48:36.316-0300 [DEBUG] [io.spring.gradle.dependencymanagement.internal.VersionConfiguringAction] Processing requested dependency 'org.hibernate.orm:hibernate-graalvm:7.4.1.Final' with target 'org.hibernate.orm:hibernate-graalvm:7.4.1.Final
2026-08-21T16:48:36.316-0300 [DEBUG] [io.spring.gradle.dependencymanagement.internal.DependencyManagementContainer] Found managed version '7.4.1.Final' for dependency 'org.hibernate.orm:hibernate-graalvm' in global dependency management
2026-08-21T16:48:36.316-0300 [DEBUG] [io.spring.gradle.dependencymanagement.internal.VersionConfiguringAction] Using version '7.4.1.Final' for dependency 'org.hibernate.orm:hibernate-graalvm:7.4.1.Final'
2026-08-21T16:48:36.316-0300 [DEBUG] [io.spring.gradle.dependencymanagement.internal.VersionConfiguringAction] Processing requested dependency 'org.hibernate:hibernate-graalvm:7.4.1.Final' with target 'org.hibernate:hibernate-graalvm:7.4.1.Final
2026-08-21T16:48:36.316-0300 [DEBUG] [io.spring.gradle.dependencymanagement.internal.VersionConfiguringAction] No dependency management for dependency 'org.hibernate:hibernate-graalvm:7.4.1.Final'
2026-08-21T16:48:36.316-0300 [DEBUG] [io.spring.gradle.dependencymanagement.internal.VersionConfiguringAction] Processing requested dependency 'org.hibernate.orm:hibernate-processor:7.4.1.Final' with target 'org.hibernate.orm:hibernate-processor:7.4.1.Final
2026-08-21T16:48:36.316-0300 [DEBUG] [io.spring.gradle.dependencymanagement.internal.DependencyManagementContainer] Found managed version '7.4.1.Final' for dependency 'org.hibernate.orm:hibernate-processor' in global dependency management
2026-08-21T16:48:36.316-0300 [DEBUG] [io.spring.gradle.dependencymanagement.internal.VersionConfiguringAction] Using version '7.4.1.Final' for dependency 'org.hibernate.orm:hibernate-processor:7.4.1.Final'
2026-08-21T16:48:36.316-0300 [DEBUG] [io.spring.gradle.dependencymanagement.internal.VersionConfiguringAction] Processing requested dependency 'org.hibernate:hibernate-processor:7.4.1.Final' with target 'org.hibernate:hibernate-processor:7.4.1.Final
2026-08-21T16:48:36.316-0300 [DEBUG] [io.spring.gradle.dependencymanagement.internal.VersionConfiguringAction] No dependency management for dependency 'org.hibernate:hibernate-processor:7.4.1.Final'
2026-08-21T16:48:36.316-0300 [DEBUG] [io.spring.gradle.dependencymanagement.internal.VersionConfiguringAction] Processing requested dependency 'org.hibernate.orm:hibernate-gradle-plugin:7.4.1.Final' with target 'org.hibernate.orm:hibernate-gradle-plugin:7.4.1.Final
2026-08-21T16:48:36.317-0300 [DEBUG] [io.spring.gradle.dependencymanagement.internal.VersionConfiguringAction] No dependency management for dependency 'org.hibernate.orm:hibernate-gradle-plugin:7.4.1.Final'
2026-08-21T16:48:36.317-0300 [DEBUG] [io.spring.gradle.dependencymanagement.internal.VersionConfiguringAction] Processing requested dependency 'org.hibernate.orm:hibernate-maven-plugin:7.4.1.Final' with target 'org.hibernate.orm:hibernate-maven-plugin:7.4.1.Final
2026-08-21T16:48:36.317-0300 [DEBUG] [io.spring.gradle.dependencymanagement.internal.VersionConfiguringAction] No dependency management for dependency 'org.hibernate.orm:hibernate-maven-plugin:7.4.1.Final'
2026-08-21T16:48:36.317-0300 [DEBUG] [io.spring.gradle.dependencymanagement.internal.VersionConfiguringAction] Processing requested dependency 'org.hibernate.orm:hibernate-ant:7.4.1.Final' with target 'org.hibernate.orm:hibernate-ant:7.4.1.Final
2026-08-21T16:48:36.317-0300 [DEBUG] [io.spring.gradle.dependencymanagement.internal.DependencyManagementContainer] Found managed version '7.4.1.Final' for dependency 'org.hibernate.orm:hibernate-ant' in global dependency management
2026-08-21T16:48:36.317-0300 [DEBUG] [io.spring.gradle.dependencymanagement.internal.VersionConfiguringAction] Using version '7.4.1.Final' for dependency 'org.hibernate.orm:hibernate-ant:7.4.1.Final'
2026-08-21T16:48:36.317-0300 [DEBUG] [io.spring.gradle.dependencymanagement.internal.VersionConfiguringAction] Processing requested dependency 'org.hibernate:hibernate-ant:7.4.1.Final' with target 'org.hibernate:hibernate-ant:7.4.1.Final
2026-08-21T16:48:36.317-0300 [DEBUG] [io.spring.gradle.dependencymanagement.internal.VersionConfiguringAction] No dependency management for dependency 'org.hibernate:hibernate-ant:7.4.1.Final'
2026-08-21T16:48:36.317-0300 [DEBUG] [io.spring.gradle.dependencymanagement.internal.VersionConfiguringAction] Processing requested dependency 'org.hibernate.orm:hibernate-assistant:7.4.1.Final' with target 'org.hibernate.orm:hibernate-assistant:7.4.1.Final
2026-08-21T16:48:36.317-0300 [DEBUG] [io.spring.gradle.dependencymanagement.internal.VersionConfiguringAction] No dependency management for dependency 'org.hibernate.orm:hibernate-assistant:7.4.1.Final'
2026-08-21T16:48:36.317-0300 [DEBUG] [io.spring.gradle.dependencymanagement.internal.VersionConfiguringAction] Processing requested dependency 'org.hibernate:hibernate-assistant:7.4.1.Final' with target 'org.hibernate:hibernate-assistant:7.4.1.Final
2026-08-21T16:48:36.317-0300 [DEBUG] [io.spring.gradle.dependencymanagement.internal.VersionConfiguringAction] No dependency management for dependency 'org.hibernate:hibernate-assistant:7.4.1.Final'
2026-08-21T16:48:36.317-0300 [DEBUG] [io.spring.gradle.dependencymanagement.internal.VersionConfiguringAction] Processing requested dependency 'org.hibernate.orm:hibernate-reveng:7.4.1.Final' with target 'org.hibernate.orm:hibernate-reveng:7.4.1.Final
2026-08-21T16:48:36.317-0300 [DEBUG] [io.spring.gradle.dependencymanagement.internal.VersionConfiguringAction] No dependency management for dependency 'org.hibernate.orm:hibernate-reveng:7.4.1.Final'
2026-08-21T16:48:36.317-0300 [DEBUG] [io.spring.gradle.dependencymanagement.internal.VersionConfiguringAction] Processing requested dependency 'org.hibernate:hibernate-reveng:7.4.1.Final' with target 'org.hibernate:hibernate-reveng:7.4.1.Final
2026-08-21T16:48:36.317-0300 [DEBUG] [io.spring.gradle.dependencymanagement.internal.VersionConfiguringAction] No dependency management for dependency 'org.hibernate:hibernate-reveng:7.4.1.Final'
2026-08-21T16:48:36.317-0300 [DEBUG] [io.spring.gradle.dependencymanagement.internal.VersionConfiguringAction] Processing requested dependency 'org.hibernate.orm:hibernate-jfr:7.4.1.Final' with target 'org.hibernate.orm:hibernate-jfr:7.4.1.Final
2026-08-21T16:48:36.317-0300 [DEBUG] [io.spring.gradle.dependencymanagement.internal.VersionConfiguringAction] No dependency management for dependency 'org.hibernate.orm:hibernate-jfr:7.4.1.Final'
2026-08-21T16:48:36.317-0300 [DEBUG] [io.spring.gradle.dependencymanagement.internal.VersionConfiguringAction] Processing requested dependency 'org.hibernate:hibernate-jfr:7.4.1.Final' with target 'org.hibernate:hibernate-jfr:7.4.1.Final
2026-08-21T16:48:36.317-0300 [DEBUG] [io.spring.gradle.dependencymanagement.internal.VersionConfiguringAction] No dependency management for dependency 'org.hibernate:hibernate-jfr:7.4.1.Final'
2026-08-21T16:48:36.317-0300 [DEBUG] [io.spring.gradle.dependencymanagement.internal.VersionConfiguringAction] Processing requested dependency 'jakarta.data:jakarta.data-api:1.0.1' with target 'jakarta.data:jakarta.data-api:1.0.1
2026-08-21T16:48:36.317-0300 [DEBUG] [io.spring.gradle.dependencymanagement.internal.VersionConfiguringAction] No dependency management for dependency 'jakarta.data:jakarta.data-api:1.0.1'
2026-08-21T16:48:36.317-0300 [DEBUG] [org.gradle.api.internal.artifacts.ivyservice.ivyresolve.RepositoryChainComponentMetaDataResolver] Attempting to resolve component for jakarta.transaction:jakarta.transaction-api:2.0.1 using repositories [MavenRepo]
2026-08-21T16:48:36.317-0300 [DEBUG] [org.gradle.api.internal.artifacts.ivyservice.ivyresolve.CachingModuleComponentRepository] Using cached module metadata for module 'jakarta.transaction:jakarta.transaction-api:2.0.1' in 'MavenRepo'
2026-08-21T16:48:36.317-0300 [DEBUG] [org.gradle.api.internal.artifacts.ivyservice.ivyresolve.RepositoryChainComponentMetaDataResolver] Using jakarta.transaction:jakarta.transaction-api:2.0.1 from org.gradle.api.internal.artifacts.ivyservice.ivyresolve.FilteredModuleComponentRepository@4710c7a6
2026-08-21T16:48:36.317-0300 [DEBUG] [io.spring.gradle.dependencymanagement.internal.VersionConfiguringAction] Processing requested dependency 'org.slf4j:slf4j-api:1.7.36' with target 'org.slf4j:slf4j-api:1.7.36
2026-08-21T16:48:36.317-0300 [DEBUG] [io.spring.gradle.dependencymanagement.internal.DependencyManagementContainer] Found managed version '2.0.18' for dependency 'org.slf4j:slf4j-api' in global dependency management
2026-08-21T16:48:36.317-0300 [DEBUG] [io.spring.gradle.dependencymanagement.internal.VersionConfiguringAction] Using version '2.0.18' for dependency 'org.slf4j:slf4j-api:1.7.36'
2026-08-21T16:48:36.317-0300 [DEBUG] [io.spring.gradle.dependencymanagement.internal.VersionConfiguringAction] Processing requested dependency 'io.netty:netty-resolver:4.2.15.Final' with target 'io.netty:netty-resolver:4.2.15.Final
2026-08-21T16:48:36.317-0300 [DEBUG] [io.spring.gradle.dependencymanagement.internal.DependencyManagementContainer] Found managed version '4.2.15.Final' for dependency 'io.netty:netty-resolver' in global dependency management
2026-08-21T16:48:36.317-0300 [DEBUG] [io.spring.gradle.dependencymanagement.internal.VersionConfiguringAction] Using version '4.2.15.Final' for dependency 'io.netty:netty-resolver:4.2.15.Final'
2026-08-21T16:48:36.317-0300 [DEBUG] [io.spring.gradle.dependencymanagement.internal.VersionConfiguringAction] Processing requested dependency 'io.netty:netty-buffer:4.2.15.Final' with target 'io.netty:netty-buffer:4.2.15.Final
2026-08-21T16:48:36.318-0300 [DEBUG] [io.spring.gradle.dependencymanagement.internal.DependencyManagementContainer] Found managed version '4.2.15.Final' for dependency 'io.netty:netty-buffer' in global dependency management
2026-08-21T16:48:36.318-0300 [DEBUG] [io.spring.gradle.dependencymanagement.internal.VersionConfiguringAction] Using version '4.2.15.Final' for dependency 'io.netty:netty-buffer:4.2.15.Final'
2026-08-21T16:48:36.318-0300 [DEBUG] [io.spring.gradle.dependencymanagement.internal.VersionConfiguringAction] Processing requested dependency 'io.netty:netty-transport:4.2.15.Final' with target 'io.netty:netty-transport:4.2.15.Final
2026-08-21T16:48:36.318-0300 [DEBUG] [io.spring.gradle.dependencymanagement.internal.DependencyManagementContainer] Found managed version '4.2.15.Final' for dependency 'io.netty:netty-transport' in global dependency management
2026-08-21T16:48:36.318-0300 [DEBUG] [io.spring.gradle.dependencymanagement.internal.VersionConfiguringAction] Using version '4.2.15.Final' for dependency 'io.netty:netty-transport:4.2.15.Final'
2026-08-21T16:48:36.318-0300 [DEBUG] [io.spring.gradle.dependencymanagement.internal.VersionConfiguringAction] Processing requested dependency 'io.netty:netty-transport-native-unix-common:4.2.15.Final' with target 'io.netty:netty-transport-native-unix-common:4.2.15.Final
2026-08-21T16:48:36.318-0300 [DEBUG] [io.spring.gradle.dependencymanagement.internal.DependencyManagementContainer] Found managed version '4.2.15.Final' for dependency 'io.netty:netty-transport-native-unix-common' in global dependency management
2026-08-21T16:48:36.318-0300 [DEBUG] [io.spring.gradle.dependencymanagement.internal.VersionConfiguringAction] Using version '4.2.15.Final' for dependency 'io.netty:netty-transport-native-unix-common:4.2.15.Final'
2026-08-21T16:48:36.318-0300 [DEBUG] [io.spring.gradle.dependencymanagement.internal.VersionConfiguringAction] Processing requested dependency 'io.netty:netty-codec-base:4.2.15.Final' with target 'io.netty:netty-codec-base:4.2.15.Final
2026-08-21T16:48:36.318-0300 [DEBUG] [io.spring.gradle.dependencymanagement.internal.DependencyManagementContainer] Found managed version '4.2.15.Final' for dependency 'io.netty:netty-codec-base' in global dependency management
2026-08-21T16:48:36.318-0300 [DEBUG] [io.spring.gradle.dependencymanagement.internal.VersionConfiguringAction] Using version '4.2.15.Final' for dependency 'io.netty:netty-codec-base:4.2.15.Final'
2026-08-21T16:48:36.319-0300 [DEBUG] [org.gradle.api.internal.artifacts.ivyservice.ivyresolve.RepositoryChainComponentMetaDataResolver] Attempting to resolve component for io.netty:netty-resolver:4.2.15.Final using repositories [MavenRepo]
2026-08-21T16:48:36.319-0300 [DEBUG] [org.gradle.api.internal.artifacts.ivyservice.ivyresolve.CachingModuleComponentRepository] Using cached module metadata for module 'io.netty:netty-resolver:4.2.15.Final' in 'MavenRepo'
2026-08-21T16:48:36.319-0300 [DEBUG] [org.gradle.api.internal.artifacts.ivyservice.ivyresolve.RepositoryChainComponentMetaDataResolver] Using io.netty:netty-resolver:4.2.15.Final from org.gradle.api.internal.artifacts.ivyservice.ivyresolve.FilteredModuleComponentRepository@4710c7a6
2026-08-21T16:48:36.319-0300 [DEBUG] [org.gradle.api.internal.artifacts.ivyservice.ivyresolve.RepositoryChainComponentMetaDataResolver] Attempting to resolve component for io.netty:netty-buffer:4.2.15.Final using repositories [MavenRepo]
2026-08-21T16:48:36.319-0300 [DEBUG] [org.gradle.api.internal.artifacts.ivyservice.ivyresolve.CachingModuleComponentRepository] Using cached module metadata for module 'io.netty:netty-buffer:4.2.15.Final' in 'MavenRepo'
2026-08-21T16:48:36.319-0300 [DEBUG] [org.gradle.api.internal.artifacts.ivyservice.ivyresolve.RepositoryChainComponentMetaDataResolver] Using io.netty:netty-buffer:4.2.15.Final from org.gradle.api.internal.artifacts.ivyservice.ivyresolve.FilteredModuleComponentRepository@4710c7a6
2026-08-21T16:48:36.319-0300 [DEBUG] [org.gradle.api.internal.artifacts.ivyservice.ivyresolve.RepositoryChainComponentMetaDataResolver] Attempting to resolve component for io.netty:netty-transport-native-unix-common:4.2.15.Final using repositories [MavenRepo]
2026-08-21T16:48:36.319-0300 [DEBUG] [org.gradle.api.internal.artifacts.ivyservice.ivyresolve.CachingModuleComponentRepository] Using cached module metadata for module 'io.netty:netty-transport-native-unix-common:4.2.15.Final' in 'MavenRepo'
2026-08-21T16:48:36.319-0300 [DEBUG] [org.gradle.api.internal.artifacts.ivyservice.ivyresolve.RepositoryChainComponentMetaDataResolver] Using io.netty:netty-transport-native-unix-common:4.2.15.Final from org.gradle.api.internal.artifacts.ivyservice.ivyresolve.FilteredModuleComponentRepository@4710c7a6
2026-08-21T16:48:36.319-0300 [DEBUG] [org.gradle.api.internal.artifacts.ivyservice.ivyresolve.RepositoryChainComponentMetaDataResolver] Attempting to resolve component for io.netty:netty-codec-base:4.2.15.Final using repositories [MavenRepo]
2026-08-21T16:48:36.319-0300 [DEBUG] [org.gradle.api.internal.artifacts.ivyservice.ivyresolve.CachingModuleComponentRepository] Using cached module metadata for module 'io.netty:netty-codec-base:4.2.15.Final' in 'MavenRepo'
2026-08-21T16:48:36.319-0300 [DEBUG] [org.gradle.api.internal.artifacts.ivyservice.ivyresolve.RepositoryChainComponentMetaDataResolver] Using io.netty:netty-codec-base:4.2.15.Final from org.gradle.api.internal.artifacts.ivyservice.ivyresolve.FilteredModuleComponentRepository@4710c7a6
2026-08-21T16:48:36.319-0300 [DEBUG] [io.spring.gradle.dependencymanagement.internal.VersionConfiguringAction] Processing requested dependency 'org.reactivestreams:reactive-streams:1.0.4' with target 'org.reactivestreams:reactive-streams:1.0.4
2026-08-21T16:48:36.319-0300 [DEBUG] [io.spring.gradle.dependencymanagement.internal.DependencyManagementContainer] Found managed version '1.0.4' for dependency 'org.reactivestreams:reactive-streams' in global dependency management
2026-08-21T16:48:36.319-0300 [DEBUG] [io.spring.gradle.dependencymanagement.internal.VersionConfiguringAction] Using version '1.0.4' for dependency 'org.reactivestreams:reactive-streams:1.0.4'
2026-08-21T16:48:36.320-0300 [DEBUG] [org.gradle.api.internal.artifacts.ivyservice.ivyresolve.RepositoryChainComponentMetaDataResolver] Attempting to resolve component for org.reactivestreams:reactive-streams:1.0.4 using repositories [MavenRepo]
2026-08-21T16:48:36.320-0300 [DEBUG] [org.gradle.api.internal.artifacts.ivyservice.ivyresolve.CachingModuleComponentRepository] Using cached module metadata for module 'org.reactivestreams:reactive-streams:1.0.4' in 'MavenRepo'
2026-08-21T16:48:36.320-0300 [DEBUG] [org.gradle.api.internal.artifacts.ivyservice.ivyresolve.RepositoryChainComponentMetaDataResolver] Using org.reactivestreams:reactive-streams:1.0.4 from org.gradle.api.internal.artifacts.ivyservice.ivyresolve.FilteredModuleComponentRepository@4710c7a6
2026-08-21T16:48:36.320-0300 [DEBUG] [io.spring.gradle.dependencymanagement.internal.VersionConfiguringAction] Processing requested dependency 'io.netty:netty-codec-dns:4.2.15.Final' with target 'io.netty:netty-codec-dns:4.2.15.Final
2026-08-21T16:48:36.320-0300 [DEBUG] [io.spring.gradle.dependencymanagement.internal.DependencyManagementContainer] Found managed version '4.2.15.Final' for dependency 'io.netty:netty-codec-dns' in global dependency management
2026-08-21T16:48:36.320-0300 [DEBUG] [io.spring.gradle.dependencymanagement.internal.VersionConfiguringAction] Using version '4.2.15.Final' for dependency 'io.netty:netty-codec-dns:4.2.15.Final'
2026-08-21T16:48:36.320-0300 [DEBUG] [io.spring.gradle.dependencymanagement.internal.VersionConfiguringAction] Processing requested dependency 'io.netty:netty-handler:4.2.15.Final' with target 'io.netty:netty-handler:4.2.15.Final
2026-08-21T16:48:36.320-0300 [DEBUG] [io.spring.gradle.dependencymanagement.internal.DependencyManagementContainer] Found managed version '4.2.15.Final' for dependency 'io.netty:netty-handler' in global dependency management
2026-08-21T16:48:36.320-0300 [DEBUG] [io.spring.gradle.dependencymanagement.internal.VersionConfiguringAction] Using version '4.2.15.Final' for dependency 'io.netty:netty-handler:4.2.15.Final'
2026-08-21T16:48:36.320-0300 [DEBUG] [org.gradle.api.internal.artifacts.ivyservice.ivyresolve.RepositoryChainComponentMetaDataResolver] Attempting to resolve component for io.netty:netty-codec-dns:4.2.15.Final using repositories [MavenRepo]
2026-08-21T16:48:36.320-0300 [DEBUG] [org.gradle.api.internal.artifacts.ivyservice.ivyresolve.CachingModuleComponentRepository] Using cached module metadata for module 'io.netty:netty-codec-dns:4.2.15.Final' in 'MavenRepo'
2026-08-21T16:48:36.320-0300 [DEBUG] [org.gradle.api.internal.artifacts.ivyservice.ivyresolve.RepositoryChainComponentMetaDataResolver] Using io.netty:netty-codec-dns:4.2.15.Final from org.gradle.api.internal.artifacts.ivyservice.ivyresolve.FilteredModuleComponentRepository@4710c7a6
2026-08-21T16:48:36.320-0300 [DEBUG] [io.spring.gradle.dependencymanagement.internal.VersionConfiguringAction] Processing requested dependency 'jakarta.xml.bind:jakarta.xml.bind-api:3.0.1' with target 'jakarta.xml.bind:jakarta.xml.bind-api:3.0.1
2026-08-21T16:48:36.320-0300 [DEBUG] [io.spring.gradle.dependencymanagement.internal.DependencyManagementContainer] Found managed version '4.0.5' for dependency 'jakarta.xml.bind:jakarta.xml.bind-api' in global dependency management
2026-08-21T16:48:36.320-0300 [DEBUG] [io.spring.gradle.dependencymanagement.internal.VersionConfiguringAction] Using version '4.0.5' for dependency 'jakarta.xml.bind:jakarta.xml.bind-api:3.0.1'
2026-08-21T16:48:36.320-0300 [DEBUG] [io.spring.gradle.dependencymanagement.internal.VersionConfiguringAction] Processing requested dependency 'org.jboss.logging:jboss-logging:3.6.3.Final' with target 'org.jboss.logging:jboss-logging:3.6.3.Final
2026-08-21T16:48:36.320-0300 [DEBUG] [io.spring.gradle.dependencymanagement.internal.DependencyManagementContainer] Found managed version '3.6.3.Final' for dependency 'org.jboss.logging:jboss-logging' in global dependency management
2026-08-21T16:48:36.320-0300 [DEBUG] [io.spring.gradle.dependencymanagement.internal.VersionConfiguringAction] Using version '3.6.3.Final' for dependency 'org.jboss.logging:jboss-logging:3.6.3.Final'
2026-08-21T16:48:36.320-0300 [DEBUG] [io.spring.gradle.dependencymanagement.internal.VersionConfiguringAction] Processing requested dependency 'org.glassfish.jaxb:jaxb-core:4.0.9' with target 'org.glassfish.jaxb:jaxb-core:4.0.9
2026-08-21T16:48:36.320-0300 [DEBUG] [io.spring.gradle.dependencymanagement.internal.DependencyManagementContainer] Found managed version '4.0.9' for dependency 'org.glassfish.jaxb:jaxb-core' in global dependency management
2026-08-21T16:48:36.320-0300 [DEBUG] [io.spring.gradle.dependencymanagement.internal.VersionConfiguringAction] Using version '4.0.9' for dependency 'org.glassfish.jaxb:jaxb-core:4.0.9'
2026-08-21T16:48:36.321-0300 [DEBUG] [org.gradle.api.internal.artifacts.ivyservice.ivyresolve.RepositoryChainComponentMetaDataResolver] Attempting to resolve component for org.glassfish.jaxb:jaxb-core:4.0.9 using repositories [MavenRepo]
2026-08-21T16:48:36.321-0300 [DEBUG] [org.gradle.api.internal.artifacts.ivyservice.ivyresolve.CachingModuleComponentRepository] Using cached module metadata for module 'org.glassfish.jaxb:jaxb-core:4.0.9' in 'MavenRepo'
2026-08-21T16:48:36.321-0300 [DEBUG] [org.gradle.api.internal.artifacts.ivyservice.ivyresolve.RepositoryChainComponentMetaDataResolver] Using org.glassfish.jaxb:jaxb-core:4.0.9 from org.gradle.api.internal.artifacts.ivyservice.ivyresolve.FilteredModuleComponentRepository@4710c7a6
2026-08-21T16:48:36.321-0300 [DEBUG] [io.spring.gradle.dependencymanagement.internal.VersionConfiguringAction] Processing requested dependency 'org.eclipse.angus:angus-activation:2.0.3' with target 'org.eclipse.angus:angus-activation:2.0.3
2026-08-21T16:48:36.321-0300 [DEBUG] [io.spring.gradle.dependencymanagement.internal.VersionConfiguringAction] No dependency management for dependency 'org.eclipse.angus:angus-activation:2.0.3'
2026-08-21T16:48:36.321-0300 [DEBUG] [io.spring.gradle.dependencymanagement.internal.VersionConfiguringAction] Processing requested dependency 'org.glassfish.jaxb:txw2:4.0.9' with target 'org.glassfish.jaxb:txw2:4.0.9
2026-08-21T16:48:36.321-0300 [DEBUG] [io.spring.gradle.dependencymanagement.internal.DependencyManagementContainer] Found managed version '4.0.9' for dependency 'org.glassfish.jaxb:txw2' in global dependency management
2026-08-21T16:48:36.321-0300 [DEBUG] [io.spring.gradle.dependencymanagement.internal.VersionConfiguringAction] Using version '4.0.9' for dependency 'org.glassfish.jaxb:txw2:4.0.9'
2026-08-21T16:48:36.321-0300 [DEBUG] [io.spring.gradle.dependencymanagement.internal.VersionConfiguringAction] Processing requested dependency 'com.sun.istack:istack-commons-runtime:4.1.2' with target 'com.sun.istack:istack-commons-runtime:4.1.2
2026-08-21T16:48:36.321-0300 [DEBUG] [io.spring.gradle.dependencymanagement.internal.VersionConfiguringAction] No dependency management for dependency 'com.sun.istack:istack-commons-runtime:4.1.2'
2026-08-21T16:48:36.322-0300 [DEBUG] [org.gradle.api.internal.artifacts.ivyservice.ivyresolve.RepositoryChainComponentMetaDataResolver] Attempting to resolve component for org.eclipse.angus:angus-activation:2.0.3 using repositories [MavenRepo]
2026-08-21T16:48:36.322-0300 [DEBUG] [org.gradle.api.internal.artifacts.ivyservice.ivyresolve.CachingModuleComponentRepository] Using cached module metadata for module 'org.eclipse.angus:angus-activation:2.0.3' in 'MavenRepo'
2026-08-21T16:48:36.322-0300 [DEBUG] [org.gradle.api.internal.artifacts.ivyservice.ivyresolve.RepositoryChainComponentMetaDataResolver] Using org.eclipse.angus:angus-activation:2.0.3 from org.gradle.api.internal.artifacts.ivyservice.ivyresolve.FilteredModuleComponentRepository@4710c7a6
2026-08-21T16:48:36.322-0300 [DEBUG] [org.gradle.api.internal.artifacts.ivyservice.ivyresolve.RepositoryChainComponentMetaDataResolver] Attempting to resolve component for org.glassfish.jaxb:txw2:4.0.9 using repositories [MavenRepo]
2026-08-21T16:48:36.322-0300 [DEBUG] [org.gradle.api.internal.artifacts.ivyservice.ivyresolve.CachingModuleComponentRepository] Using cached module metadata for module 'org.glassfish.jaxb:txw2:4.0.9' in 'MavenRepo'
2026-08-21T16:48:36.322-0300 [DEBUG] [org.gradle.api.internal.artifacts.ivyservice.ivyresolve.RepositoryChainComponentMetaDataResolver] Using org.glassfish.jaxb:txw2:4.0.9 from org.gradle.api.internal.artifacts.ivyservice.ivyresolve.FilteredModuleComponentRepository@4710c7a6
2026-08-21T16:48:36.322-0300 [DEBUG] [org.gradle.api.internal.artifacts.ivyservice.ivyresolve.RepositoryChainComponentMetaDataResolver] Attempting to resolve component for com.sun.istack:istack-commons-runtime:4.1.2 using repositories [MavenRepo]
2026-08-21T16:48:36.322-0300 [DEBUG] [org.gradle.api.internal.artifacts.ivyservice.ivyresolve.CachingModuleComponentRepository] Using cached module metadata for module 'com.sun.istack:istack-commons-runtime:4.1.2' in 'MavenRepo'
2026-08-21T16:48:36.322-0300 [DEBUG] [org.gradle.api.internal.artifacts.ivyservice.ivyresolve.RepositoryChainComponentMetaDataResolver] Using com.sun.istack:istack-commons-runtime:4.1.2 from org.gradle.api.internal.artifacts.ivyservice.ivyresolve.FilteredModuleComponentRepository@4710c7a6
2026-08-21T16:48:36.323-0300 [DEBUG] [org.gradle.internal.operations.DefaultBuildOperationRunner] Completing Build operation 'Resolve dependencies of :detachedConfiguration1'
2026-08-21T16:48:36.323-0300 [DEBUG] [org.gradle.internal.operations.DefaultBuildOperationRunner] Build operation 'Resolve dependencies of :detachedConfiguration1' completed
2026-08-21T16:48:36.325-0300 [DEBUG] [org.gradle.api.internal.artifacts.ivyservice.resolveengine.result.StreamingResolutionResultBuilder$GraphFactory] Loaded resolution results (0.0 secs) from Binary store in /Users/claratorres1414/.gradle/.tmp/gradle14523498154792549156.bin offset 12937 exists? true
2026-08-21T16:48:36.325-0300 [DEBUG] [org.gradle.internal.operations.DefaultBuildOperationRunner] Build operation 'Resolve dependencies of :detachedConfiguration60' started
2026-08-21T16:48:36.326-0300 [DEBUG] [org.gradle.api.internal.artifacts.ivyservice.modulecache.ResolvedArtifactCaches] Reusing in-memory cache for repo 'MavenRepo' [26c913274550a0b2221f47a0fe2d2358].
2026-08-21T16:48:36.326-0300 [DEBUG] [org.gradle.api.internal.artifacts.ivyservice.ivyresolve.RepositoryChainComponentMetaDataResolver] Attempting to resolve component for org.junit.platform:junit-platform-launcher:6.0.3 using repositories [MavenRepo]
2026-08-21T16:48:36.326-0300 [DEBUG] [org.gradle.api.internal.artifacts.ivyservice.ivyresolve.CachingModuleComponentRepository] Using cached module metadata for module 'org.junit.platform:junit-platform-launcher:6.0.3' in 'MavenRepo'
2026-08-21T16:48:36.326-0300 [DEBUG] [org.gradle.api.internal.artifacts.ivyservice.ivyresolve.RepositoryChainComponentMetaDataResolver] Using org.junit.platform:junit-platform-launcher:6.0.3 from org.gradle.api.internal.artifacts.ivyservice.ivyresolve.FilteredModuleComponentRepository@c6fd012
2026-08-21T16:48:36.326-0300 [DEBUG] [org.gradle.api.internal.artifacts.ivyservice.ivyresolve.RepositoryChainComponentMetaDataResolver] Attempting to resolve component for org.junit:junit-bom:6.0.3 using repositories [MavenRepo]
2026-08-21T16:48:36.326-0300 [DEBUG] [org.gradle.api.internal.artifacts.ivyservice.ivyresolve.CachingModuleComponentRepository] Using cached module metadata for module 'org.junit:junit-bom:6.0.3' in 'MavenRepo'
2026-08-21T16:48:36.326-0300 [DEBUG] [org.gradle.api.internal.artifacts.ivyservice.ivyresolve.RepositoryChainComponentMetaDataResolver] Using org.junit:junit-bom:6.0.3 from org.gradle.api.internal.artifacts.ivyservice.ivyresolve.FilteredModuleComponentRepository@c6fd012
2026-08-21T16:48:36.326-0300 [DEBUG] [org.gradle.api.internal.artifacts.ivyservice.ivyresolve.RepositoryChainComponentMetaDataResolver] Attempting to resolve component for org.junit.jupiter:junit-jupiter:6.0.3 using repositories [MavenRepo]
2026-08-21T16:48:36.326-0300 [DEBUG] [org.gradle.api.internal.artifacts.ivyservice.ivyresolve.CachingModuleComponentRepository] Using cached module metadata for module 'org.junit.jupiter:junit-jupiter:6.0.3' in 'MavenRepo'
2026-08-21T16:48:36.326-0300 [DEBUG] [org.gradle.api.internal.artifacts.ivyservice.ivyresolve.RepositoryChainComponentMetaDataResolver] Using org.junit.jupiter:junit-jupiter:6.0.3 from org.gradle.api.internal.artifacts.ivyservice.ivyresolve.FilteredModuleComponentRepository@c6fd012
2026-08-21T16:48:36.326-0300 [DEBUG] [org.gradle.api.internal.artifacts.ivyservice.ivyresolve.RepositoryChainComponentMetaDataResolver] Attempting to resolve component for org.junit.jupiter:junit-jupiter-engine:6.0.3 using repositories [MavenRepo]
2026-08-21T16:48:36.326-0300 [DEBUG] [org.gradle.api.internal.artifacts.ivyservice.ivyresolve.CachingModuleComponentRepository] Using cached module metadata for module 'org.junit.jupiter:junit-jupiter-engine:6.0.3' in 'MavenRepo'
2026-08-21T16:48:36.326-0300 [DEBUG] [org.gradle.api.internal.artifacts.ivyservice.ivyresolve.RepositoryChainComponentMetaDataResolver] Using org.junit.jupiter:junit-jupiter-engine:6.0.3 from org.gradle.api.internal.artifacts.ivyservice.ivyresolve.FilteredModuleComponentRepository@c6fd012
2026-08-21T16:48:36.326-0300 [DEBUG] [org.gradle.api.internal.artifacts.ivyservice.ivyresolve.RepositoryChainComponentMetaDataResolver] Attempting to resolve component for org.junit.platform:junit-platform-engine:6.0.3 using repositories [MavenRepo]
2026-08-21T16:48:36.326-0300 [DEBUG] [org.gradle.api.internal.artifacts.ivyservice.ivyresolve.CachingModuleComponentRepository] Using cached module metadata for module 'org.junit.platform:junit-platform-engine:6.0.3' in 'MavenRepo'
2026-08-21T16:48:36.326-0300 [DEBUG] [org.gradle.api.internal.artifacts.ivyservice.ivyresolve.RepositoryChainComponentMetaDataResolver] Using org.junit.platform:junit-platform-engine:6.0.3 from org.gradle.api.internal.artifacts.ivyservice.ivyresolve.FilteredModuleComponentRepository@c6fd012
2026-08-21T16:48:36.326-0300 [DEBUG] [org.gradle.api.internal.artifacts.ivyservice.ivyresolve.RepositoryChainComponentMetaDataResolver] Attempting to resolve component for org.opentest4j:opentest4j:1.3.0 using repositories [MavenRepo]
2026-08-21T16:48:36.326-0300 [DEBUG] [org.gradle.api.internal.artifacts.ivyservice.ivyresolve.CachingModuleComponentRepository] Using cached module metadata for module 'org.opentest4j:opentest4j:1.3.0' in 'MavenRepo'
2026-08-21T16:48:36.326-0300 [DEBUG] [org.gradle.api.internal.artifacts.ivyservice.ivyresolve.RepositoryChainComponentMetaDataResolver] Using org.opentest4j:opentest4j:1.3.0 from org.gradle.api.internal.artifacts.ivyservice.ivyresolve.FilteredModuleComponentRepository@c6fd012
2026-08-21T16:48:36.327-0300 [DEBUG] [org.gradle.api.internal.artifacts.ivyservice.ivyresolve.RepositoryChainComponentMetaDataResolver] Attempting to resolve component for org.junit.platform:junit-platform-commons:6.0.3 using repositories [MavenRepo]
2026-08-21T16:48:36.327-0300 [DEBUG] [org.gradle.api.internal.artifacts.ivyservice.ivyresolve.CachingModuleComponentRepository] Using cached module metadata for module 'org.junit.platform:junit-platform-commons:6.0.3' in 'MavenRepo'
2026-08-21T16:48:36.327-0300 [DEBUG] [org.gradle.api.internal.artifacts.ivyservice.ivyresolve.RepositoryChainComponentMetaDataResolver] Using org.junit.platform:junit-platform-commons:6.0.3 from org.gradle.api.internal.artifacts.ivyservice.ivyresolve.FilteredModuleComponentRepository@c6fd012
2026-08-21T16:48:36.327-0300 [DEBUG] [org.gradle.api.internal.artifacts.ivyservice.ivyresolve.RepositoryChainComponentMetaDataResolver] Attempting to resolve component for org.junit.jupiter:junit-jupiter-api:6.0.3 using repositories [MavenRepo]
2026-08-21T16:48:36.327-0300 [DEBUG] [org.gradle.api.internal.artifacts.ivyservice.ivyresolve.CachingModuleComponentRepository] Using cached module metadata for module 'org.junit.jupiter:junit-jupiter-api:6.0.3' in 'MavenRepo'
2026-08-21T16:48:36.327-0300 [DEBUG] [org.gradle.api.internal.artifacts.ivyservice.ivyresolve.RepositoryChainComponentMetaDataResolver] Using org.junit.jupiter:junit-jupiter-api:6.0.3 from org.gradle.api.internal.artifacts.ivyservice.ivyresolve.FilteredModuleComponentRepository@c6fd012
2026-08-21T16:48:36.327-0300 [DEBUG] [org.gradle.api.internal.artifacts.ivyservice.ivyresolve.RepositoryChainComponentMetaDataResolver] Attempting to resolve component for org.junit.jupiter:junit-jupiter-params:6.0.3 using repositories [MavenRepo]
2026-08-21T16:48:36.327-0300 [DEBUG] [org.gradle.api.internal.artifacts.ivyservice.ivyresolve.CachingModuleComponentRepository] Using cached module metadata for module 'org.junit.jupiter:junit-jupiter-params:6.0.3' in 'MavenRepo'
2026-08-21T16:48:36.327-0300 [DEBUG] [org.gradle.api.internal.artifacts.ivyservice.ivyresolve.RepositoryChainComponentMetaDataResolver] Using org.junit.jupiter:junit-jupiter-params:6.0.3 from org.gradle.api.internal.artifacts.ivyservice.ivyresolve.FilteredModuleComponentRepository@c6fd012
2026-08-21T16:48:36.327-0300 [DEBUG] [org.gradle.api.internal.artifacts.ivyservice.ivyresolve.RepositoryChainComponentMetaDataResolver] Attempting to resolve component for org.postgresql:postgresql:42.7.11 using repositories [MavenRepo]
2026-08-21T16:48:36.327-0300 [DEBUG] [org.gradle.api.internal.artifacts.ivyservice.ivyresolve.CachingModuleComponentRepository] Using cached module metadata for module 'org.postgresql:postgresql:42.7.11' in 'MavenRepo'
2026-08-21T16:48:36.327-0300 [DEBUG] [org.gradle.api.internal.artifacts.ivyservice.ivyresolve.RepositoryChainComponentMetaDataResolver] Using org.postgresql:postgresql:42.7.11 from org.gradle.api.internal.artifacts.ivyservice.ivyresolve.FilteredModuleComponentRepository@c6fd012
2026-08-21T16:48:36.327-0300 [DEBUG] [org.gradle.api.internal.artifacts.ivyservice.ivyresolve.RepositoryChainComponentMetaDataResolver] Attempting to resolve component for org.springframework.boot:spring-boot-starter-test:4.1.0 using repositories [MavenRepo]
2026-08-21T16:48:36.327-0300 [DEBUG] [org.gradle.api.internal.artifacts.ivyservice.ivyresolve.CachingModuleComponentRepository] Using cached module metadata for module 'org.springframework.boot:spring-boot-starter-test:4.1.0' in 'MavenRepo'
2026-08-21T16:48:36.327-0300 [DEBUG] [org.gradle.api.internal.artifacts.ivyservice.ivyresolve.RepositoryChainComponentMetaDataResolver] Using org.springframework.boot:spring-boot-starter-test:4.1.0 from org.gradle.api.internal.artifacts.ivyservice.ivyresolve.FilteredModuleComponentRepository@c6fd012
2026-08-21T16:48:36.327-0300 [DEBUG] [org.gradle.api.internal.artifacts.ivyservice.ivyresolve.RepositoryChainComponentMetaDataResolver] Attempting to resolve component for org.springframework.boot:spring-boot-starter:4.1.0 using repositories [MavenRepo]
2026-08-21T16:48:36.327-0300 [DEBUG] [org.gradle.api.internal.artifacts.ivyservice.ivyresolve.CachingModuleComponentRepository] Using cached module metadata for module 'org.springframework.boot:spring-boot-starter:4.1.0' in 'MavenRepo'
2026-08-21T16:48:36.327-0300 [DEBUG] [org.gradle.api.internal.artifacts.ivyservice.ivyresolve.RepositoryChainComponentMetaDataResolver] Using org.springframework.boot:spring-boot-starter:4.1.0 from org.gradle.api.internal.artifacts.ivyservice.ivyresolve.FilteredModuleComponentRepository@c6fd012
2026-08-21T16:48:36.327-0300 [DEBUG] [org.gradle.api.internal.artifacts.ivyservice.ivyresolve.RepositoryChainComponentMetaDataResolver] Attempting to resolve component for org.springframework.boot:spring-boot-starter-logging:4.1.0 using repositories [MavenRepo]
2026-08-21T16:48:36.327-0300 [DEBUG] [org.gradle.api.internal.artifacts.ivyservice.ivyresolve.CachingModuleComponentRepository] Using cached module metadata for module 'org.springframework.boot:spring-boot-starter-logging:4.1.0' in 'MavenRepo'
2026-08-21T16:48:36.327-0300 [DEBUG] [org.gradle.api.internal.artifacts.ivyservice.ivyresolve.RepositoryChainComponentMetaDataResolver] Using org.springframework.boot:spring-boot-starter-logging:4.1.0 from org.gradle.api.internal.artifacts.ivyservice.ivyresolve.FilteredModuleComponentRepository@c6fd012
2026-08-21T16:48:36.327-0300 [DEBUG] [org.gradle.api.internal.artifacts.ivyservice.ivyresolve.RepositoryChainComponentMetaDataResolver] Attempting to resolve component for ch.qos.logback:logback-classic:1.5.34 using repositories [MavenRepo]
2026-08-21T16:48:36.327-0300 [DEBUG] [org.gradle.api.internal.artifacts.ivyservice.ivyresolve.CachingModuleComponentRepository] Using cached module metadata for module 'ch.qos.logback:logback-classic:1.5.34' in 'MavenRepo'
2026-08-21T16:48:36.327-0300 [DEBUG] [org.gradle.api.internal.artifacts.ivyservice.ivyresolve.RepositoryChainComponentMetaDataResolver] Using ch.qos.logback:logback-classic:1.5.34 from org.gradle.api.internal.artifacts.ivyservice.ivyresolve.FilteredModuleComponentRepository@c6fd012
2026-08-21T16:48:36.327-0300 [DEBUG] [org.gradle.api.internal.artifacts.ivyservice.ivyresolve.RepositoryChainComponentMetaDataResolver] Attempting to resolve component for ch.qos.logback:logback-core:1.5.34 using repositories [MavenRepo]
2026-08-21T16:48:36.327-0300 [DEBUG] [org.gradle.api.internal.artifacts.ivyservice.ivyresolve.CachingModuleComponentRepository] Using cached module metadata for module 'ch.qos.logback:logback-core:1.5.34' in 'MavenRepo'
2026-08-21T16:48:36.327-0300 [DEBUG] [org.gradle.api.internal.artifacts.ivyservice.ivyresolve.RepositoryChainComponentMetaDataResolver] Using ch.qos.logback:logback-core:1.5.34 from org.gradle.api.internal.artifacts.ivyservice.ivyresolve.FilteredModuleComponentRepository@c6fd012
2026-08-21T16:48:36.327-0300 [DEBUG] [org.gradle.api.internal.artifacts.ivyservice.ivyresolve.RepositoryChainComponentMetaDataResolver] Attempting to resolve component for org.slf4j:slf4j-api:2.0.18 using repositories [MavenRepo]
2026-08-21T16:48:36.327-0300 [DEBUG] [org.gradle.api.internal.artifacts.ivyservice.ivyresolve.CachingModuleComponentRepository] Using cached module metadata for module 'org.slf4j:slf4j-api:2.0.18' in 'MavenRepo'
2026-08-21T16:48:36.327-0300 [DEBUG] [org.gradle.api.internal.artifacts.ivyservice.ivyresolve.RepositoryChainComponentMetaDataResolver] Using org.slf4j:slf4j-api:2.0.18 from org.gradle.api.internal.artifacts.ivyservice.ivyresolve.FilteredModuleComponentRepository@c6fd012
2026-08-21T16:48:36.327-0300 [DEBUG] [org.gradle.api.internal.artifacts.ivyservice.ivyresolve.RepositoryChainComponentMetaDataResolver] Attempting to resolve component for org.apache.logging.log4j:log4j-to-slf4j:2.25.4 using repositories [MavenRepo]
2026-08-21T16:48:36.327-0300 [DEBUG] [org.gradle.api.internal.artifacts.ivyservice.ivyresolve.CachingModuleComponentRepository] Using cached module metadata for module 'org.apache.logging.log4j:log4j-to-slf4j:2.25.4' in 'MavenRepo'
2026-08-21T16:48:36.327-0300 [DEBUG] [org.gradle.api.internal.artifacts.ivyservice.ivyresolve.RepositoryChainComponentMetaDataResolver] Using org.apache.logging.log4j:log4j-to-slf4j:2.25.4 from org.gradle.api.internal.artifacts.ivyservice.ivyresolve.FilteredModuleComponentRepository@c6fd012
2026-08-21T16:48:36.327-0300 [DEBUG] [org.gradle.api.internal.artifacts.ivyservice.ivyresolve.RepositoryChainComponentMetaDataResolver] Attempting to resolve component for org.apache.logging.log4j:log4j-api:2.25.4 using repositories [MavenRepo]
2026-08-21T16:48:36.327-0300 [DEBUG] [org.gradle.api.internal.artifacts.ivyservice.ivyresolve.CachingModuleComponentRepository] Using cached module metadata for module 'org.apache.logging.log4j:log4j-api:2.25.4' in 'MavenRepo'
2026-08-21T16:48:36.327-0300 [DEBUG] [org.gradle.api.internal.artifacts.ivyservice.ivyresolve.RepositoryChainComponentMetaDataResolver] Using org.apache.logging.log4j:log4j-api:2.25.4 from org.gradle.api.internal.artifacts.ivyservice.ivyresolve.FilteredModuleComponentRepository@c6fd012
2026-08-21T16:48:36.327-0300 [DEBUG] [org.gradle.api.internal.artifacts.ivyservice.ivyresolve.RepositoryChainComponentMetaDataResolver] Attempting to resolve component for org.slf4j:jul-to-slf4j:2.0.18 using repositories [MavenRepo]
2026-08-21T16:48:36.327-0300 [DEBUG] [org.gradle.api.internal.artifacts.ivyservice.ivyresolve.CachingModuleComponentRepository] Using cached module metadata for module 'org.slf4j:jul-to-slf4j:2.0.18' in 'MavenRepo'
2026-08-21T16:48:36.327-0300 [DEBUG] [org.gradle.api.internal.artifacts.ivyservice.ivyresolve.RepositoryChainComponentMetaDataResolver] Using org.slf4j:jul-to-slf4j:2.0.18 from org.gradle.api.internal.artifacts.ivyservice.ivyresolve.FilteredModuleComponentRepository@c6fd012
2026-08-21T16:48:36.327-0300 [DEBUG] [org.gradle.api.internal.artifacts.ivyservice.ivyresolve.RepositoryChainComponentMetaDataResolver] Attempting to resolve component for org.springframework.boot:spring-boot-autoconfigure:4.1.0 using repositories [MavenRepo]
2026-08-21T16:48:36.327-0300 [DEBUG] [org.gradle.api.internal.artifacts.ivyservice.ivyresolve.CachingModuleComponentRepository] Using cached module metadata for module 'org.springframework.boot:spring-boot-autoconfigure:4.1.0' in 'MavenRepo'
2026-08-21T16:48:36.327-0300 [DEBUG] [org.gradle.api.internal.artifacts.ivyservice.ivyresolve.RepositoryChainComponentMetaDataResolver] Using org.springframework.boot:spring-boot-autoconfigure:4.1.0 from org.gradle.api.internal.artifacts.ivyservice.ivyresolve.FilteredModuleComponentRepository@c6fd012
2026-08-21T16:48:36.327-0300 [DEBUG] [org.gradle.api.internal.artifacts.ivyservice.ivyresolve.RepositoryChainComponentMetaDataResolver] Attempting to resolve component for org.springframework.boot:spring-boot:4.1.0 using repositories [MavenRepo]
2026-08-21T16:48:36.327-0300 [DEBUG] [org.gradle.api.internal.artifacts.ivyservice.ivyresolve.CachingModuleComponentRepository] Using cached module metadata for module 'org.springframework.boot:spring-boot:4.1.0' in 'MavenRepo'
2026-08-21T16:48:36.327-0300 [DEBUG] [org.gradle.api.internal.artifacts.ivyservice.ivyresolve.RepositoryChainComponentMetaDataResolver] Using org.springframework.boot:spring-boot:4.1.0 from org.gradle.api.internal.artifacts.ivyservice.ivyresolve.FilteredModuleComponentRepository@c6fd012
2026-08-21T16:48:36.327-0300 [DEBUG] [org.gradle.api.internal.artifacts.ivyservice.ivyresolve.RepositoryChainComponentMetaDataResolver] Attempting to resolve component for org.springframework:spring-core:7.0.8 using repositories [MavenRepo]
2026-08-21T16:48:36.327-0300 [DEBUG] [org.gradle.api.internal.artifacts.ivyservice.ivyresolve.CachingModuleComponentRepository] Using cached module metadata for module 'org.springframework:spring-core:7.0.8' in 'MavenRepo'
2026-08-21T16:48:36.327-0300 [DEBUG] [org.gradle.api.internal.artifacts.ivyservice.ivyresolve.RepositoryChainComponentMetaDataResolver] Using org.springframework:spring-core:7.0.8 from org.gradle.api.internal.artifacts.ivyservice.ivyresolve.FilteredModuleComponentRepository@c6fd012
2026-08-21T16:48:36.328-0300 [DEBUG] [org.gradle.api.internal.artifacts.ivyservice.ivyresolve.RepositoryChainComponentMetaDataResolver] Attempting to resolve component for commons-logging:commons-logging:1.3.6 using repositories [MavenRepo]
2026-08-21T16:48:36.328-0300 [DEBUG] [org.gradle.api.internal.artifacts.ivyservice.ivyresolve.CachingModuleComponentRepository] Using cached module metadata for module 'commons-logging:commons-logging:1.3.6' in 'MavenRepo'
2026-08-21T16:48:36.328-0300 [DEBUG] [org.gradle.api.internal.artifacts.ivyservice.ivyresolve.RepositoryChainComponentMetaDataResolver] Using commons-logging:commons-logging:1.3.6 from org.gradle.api.internal.artifacts.ivyservice.ivyresolve.FilteredModuleComponentRepository@c6fd012
2026-08-21T16:48:36.328-0300 [DEBUG] [org.gradle.api.internal.artifacts.ivyservice.ivyresolve.RepositoryChainComponentMetaDataResolver] Attempting to resolve component for org.jspecify:jspecify:1.0.0 using repositories [MavenRepo]
2026-08-21T16:48:36.328-0300 [DEBUG] [org.gradle.api.internal.artifacts.ivyservice.ivyresolve.CachingModuleComponentRepository] Using cached module metadata for module 'org.jspecify:jspecify:1.0.0' in 'MavenRepo'
2026-08-21T16:48:36.328-0300 [DEBUG] [org.gradle.api.internal.artifacts.ivyservice.ivyresolve.RepositoryChainComponentMetaDataResolver] Using org.jspecify:jspecify:1.0.0 from org.gradle.api.internal.artifacts.ivyservice.ivyresolve.FilteredModuleComponentRepository@c6fd012
2026-08-21T16:48:36.328-0300 [DEBUG] [org.gradle.api.internal.artifacts.ivyservice.ivyresolve.RepositoryChainComponentMetaDataResolver] Attempting to resolve component for org.springframework:spring-context:7.0.8 using repositories [MavenRepo]
2026-08-21T16:48:36.328-0300 [DEBUG] [org.gradle.api.internal.artifacts.ivyservice.ivyresolve.CachingModuleComponentRepository] Using cached module metadata for module 'org.springframework:spring-context:7.0.8' in 'MavenRepo'
2026-08-21T16:48:36.328-0300 [DEBUG] [org.gradle.api.internal.artifacts.ivyservice.ivyresolve.RepositoryChainComponentMetaDataResolver] Using org.springframework:spring-context:7.0.8 from org.gradle.api.internal.artifacts.ivyservice.ivyresolve.FilteredModuleComponentRepository@c6fd012
2026-08-21T16:48:36.328-0300 [DEBUG] [org.gradle.api.internal.artifacts.ivyservice.ivyresolve.RepositoryChainComponentMetaDataResolver] Attempting to resolve component for org.springframework:spring-aop:7.0.8 using repositories [MavenRepo]
2026-08-21T16:48:36.328-0300 [DEBUG] [org.gradle.api.internal.artifacts.ivyservice.ivyresolve.CachingModuleComponentRepository] Using cached module metadata for module 'org.springframework:spring-aop:7.0.8' in 'MavenRepo'
2026-08-21T16:48:36.328-0300 [DEBUG] [org.gradle.api.internal.artifacts.ivyservice.ivyresolve.RepositoryChainComponentMetaDataResolver] Using org.springframework:spring-aop:7.0.8 from org.gradle.api.internal.artifacts.ivyservice.ivyresolve.FilteredModuleComponentRepository@c6fd012
2026-08-21T16:48:36.328-0300 [DEBUG] [org.gradle.api.internal.artifacts.ivyservice.ivyresolve.RepositoryChainComponentMetaDataResolver] Attempting to resolve component for org.springframework:spring-beans:7.0.8 using repositories [MavenRepo]
2026-08-21T16:48:36.328-0300 [DEBUG] [org.gradle.api.internal.artifacts.ivyservice.ivyresolve.CachingModuleComponentRepository] Using cached module metadata for module 'org.springframework:spring-beans:7.0.8' in 'MavenRepo'
2026-08-21T16:48:36.328-0300 [DEBUG] [org.gradle.api.internal.artifacts.ivyservice.ivyresolve.RepositoryChainComponentMetaDataResolver] Using org.springframework:spring-beans:7.0.8 from org.gradle.api.internal.artifacts.ivyservice.ivyresolve.FilteredModuleComponentRepository@c6fd012
2026-08-21T16:48:36.328-0300 [DEBUG] [org.gradle.api.internal.artifacts.ivyservice.ivyresolve.RepositoryChainComponentMetaDataResolver] Attempting to resolve component for org.springframework:spring-expression:7.0.8 using repositories [MavenRepo]
2026-08-21T16:48:36.328-0300 [DEBUG] [org.gradle.api.internal.artifacts.ivyservice.ivyresolve.CachingModuleComponentRepository] Using cached module metadata for module 'org.springframework:spring-expression:7.0.8' in 'MavenRepo'
2026-08-21T16:48:36.328-0300 [DEBUG] [org.gradle.api.internal.artifacts.ivyservice.ivyresolve.RepositoryChainComponentMetaDataResolver] Using org.springframework:spring-expression:7.0.8 from org.gradle.api.internal.artifacts.ivyservice.ivyresolve.FilteredModuleComponentRepository@c6fd012
2026-08-21T16:48:36.328-0300 [DEBUG] [org.gradle.api.internal.artifacts.ivyservice.ivyresolve.RepositoryChainComponentMetaDataResolver] Attempting to resolve component for io.micrometer:micrometer-observation:1.17.0 using repositories [MavenRepo]
2026-08-21T16:48:36.328-0300 [DEBUG] [org.gradle.api.internal.artifacts.ivyservice.ivyresolve.CachingModuleComponentRepository] Using cached module metadata for module 'io.micrometer:micrometer-observation:1.17.0' in 'MavenRepo'
2026-08-21T16:48:36.328-0300 [DEBUG] [org.gradle.api.internal.artifacts.ivyservice.ivyresolve.RepositoryChainComponentMetaDataResolver] Using io.micrometer:micrometer-observation:1.17.0 from org.gradle.api.internal.artifacts.ivyservice.ivyresolve.FilteredModuleComponentRepository@c6fd012
2026-08-21T16:48:36.328-0300 [DEBUG] [org.gradle.api.internal.artifacts.ivyservice.ivyresolve.RepositoryChainComponentMetaDataResolver] Attempting to resolve component for io.micrometer:micrometer-commons:1.17.0 using repositories [MavenRepo]
2026-08-21T16:48:36.328-0300 [DEBUG] [org.gradle.api.internal.artifacts.ivyservice.ivyresolve.CachingModuleComponentRepository] Using cached module metadata for module 'io.micrometer:micrometer-commons:1.17.0' in 'MavenRepo'
2026-08-21T16:48:36.328-0300 [DEBUG] [org.gradle.api.internal.artifacts.ivyservice.ivyresolve.RepositoryChainComponentMetaDataResolver] Using io.micrometer:micrometer-commons:1.17.0 from org.gradle.api.internal.artifacts.ivyservice.ivyresolve.FilteredModuleComponentRepository@c6fd012
2026-08-21T16:48:36.328-0300 [DEBUG] [org.gradle.api.internal.artifacts.ivyservice.ivyresolve.RepositoryChainComponentMetaDataResolver] Attempting to resolve component for jakarta.annotation:jakarta.annotation-api:3.0.0 using repositories [MavenRepo]
2026-08-21T16:48:36.328-0300 [DEBUG] [org.gradle.api.internal.artifacts.ivyservice.ivyresolve.CachingModuleComponentRepository] Using cached module metadata for module 'jakarta.annotation:jakarta.annotation-api:3.0.0' in 'MavenRepo'
2026-08-21T16:48:36.328-0300 [DEBUG] [org.gradle.api.internal.artifacts.ivyservice.ivyresolve.RepositoryChainComponentMetaDataResolver] Using jakarta.annotation:jakarta.annotation-api:3.0.0 from org.gradle.api.internal.artifacts.ivyservice.ivyresolve.FilteredModuleComponentRepository@c6fd012
2026-08-21T16:48:36.328-0300 [DEBUG] [org.gradle.api.internal.artifacts.ivyservice.ivyresolve.RepositoryChainComponentMetaDataResolver] Attempting to resolve component for org.yaml:snakeyaml:2.6 using repositories [MavenRepo]
2026-08-21T16:48:36.328-0300 [DEBUG] [org.gradle.api.internal.artifacts.ivyservice.ivyresolve.CachingModuleComponentRepository] Using cached module metadata for module 'org.yaml:snakeyaml:2.6' in 'MavenRepo'
2026-08-21T16:48:36.328-0300 [DEBUG] [org.gradle.api.internal.artifacts.ivyservice.ivyresolve.RepositoryChainComponentMetaDataResolver] Using org.yaml:snakeyaml:2.6 from org.gradle.api.internal.artifacts.ivyservice.ivyresolve.FilteredModuleComponentRepository@c6fd012
2026-08-21T16:48:36.328-0300 [DEBUG] [org.gradle.api.internal.artifacts.ivyservice.ivyresolve.RepositoryChainComponentMetaDataResolver] Attempting to resolve component for org.springframework.boot:spring-boot-test:4.1.0 using repositories [MavenRepo]
2026-08-21T16:48:36.328-0300 [DEBUG] [org.gradle.api.internal.artifacts.ivyservice.ivyresolve.CachingModuleComponentRepository] Using cached module metadata for module 'org.springframework.boot:spring-boot-test:4.1.0' in 'MavenRepo'
2026-08-21T16:48:36.328-0300 [DEBUG] [org.gradle.api.internal.artifacts.ivyservice.ivyresolve.RepositoryChainComponentMetaDataResolver] Using org.springframework.boot:spring-boot-test:4.1.0 from org.gradle.api.internal.artifacts.ivyservice.ivyresolve.FilteredModuleComponentRepository@c6fd012
2026-08-21T16:48:36.328-0300 [DEBUG] [org.gradle.api.internal.artifacts.ivyservice.ivyresolve.RepositoryChainComponentMetaDataResolver] Attempting to resolve component for org.springframework:spring-test:7.0.8 using repositories [MavenRepo]
2026-08-21T16:48:36.328-0300 [DEBUG] [org.gradle.api.internal.artifacts.ivyservice.ivyresolve.CachingModuleComponentRepository] Using cached module metadata for module 'org.springframework:spring-test:7.0.8' in 'MavenRepo'
2026-08-21T16:48:36.328-0300 [DEBUG] [org.gradle.api.internal.artifacts.ivyservice.ivyresolve.RepositoryChainComponentMetaDataResolver] Using org.springframework:spring-test:7.0.8 from org.gradle.api.internal.artifacts.ivyservice.ivyresolve.FilteredModuleComponentRepository@c6fd012
2026-08-21T16:48:36.328-0300 [DEBUG] [org.gradle.api.internal.artifacts.ivyservice.ivyresolve.RepositoryChainComponentMetaDataResolver] Attempting to resolve component for org.springframework.boot:spring-boot-test-autoconfigure:4.1.0 using repositories [MavenRepo]
2026-08-21T16:48:36.328-0300 [DEBUG] [org.gradle.api.internal.artifacts.ivyservice.ivyresolve.CachingModuleComponentRepository] Using cached module metadata for module 'org.springframework.boot:spring-boot-test-autoconfigure:4.1.0' in 'MavenRepo'
2026-08-21T16:48:36.328-0300 [DEBUG] [org.gradle.api.internal.artifacts.ivyservice.ivyresolve.RepositoryChainComponentMetaDataResolver] Using org.springframework.boot:spring-boot-test-autoconfigure:4.1.0 from org.gradle.api.internal.artifacts.ivyservice.ivyresolve.FilteredModuleComponentRepository@c6fd012
2026-08-21T16:48:36.328-0300 [DEBUG] [org.gradle.api.internal.artifacts.ivyservice.ivyresolve.RepositoryChainComponentMetaDataResolver] Attempting to resolve component for com.jayway.jsonpath:json-path:2.10.0 using repositories [MavenRepo]
2026-08-21T16:48:36.328-0300 [DEBUG] [org.gradle.api.internal.artifacts.ivyservice.ivyresolve.CachingModuleComponentRepository] Using cached module metadata for module 'com.jayway.jsonpath:json-path:2.10.0' in 'MavenRepo'
2026-08-21T16:48:36.328-0300 [DEBUG] [org.gradle.api.internal.artifacts.ivyservice.ivyresolve.RepositoryChainComponentMetaDataResolver] Using com.jayway.jsonpath:json-path:2.10.0 from org.gradle.api.internal.artifacts.ivyservice.ivyresolve.FilteredModuleComponentRepository@c6fd012
2026-08-21T16:48:36.328-0300 [DEBUG] [org.gradle.api.internal.artifacts.ivyservice.ivyresolve.RepositoryChainComponentMetaDataResolver] Attempting to resolve component for net.minidev:json-smart:2.6.0 using repositories [MavenRepo]
2026-08-21T16:48:36.328-0300 [DEBUG] [org.gradle.api.internal.artifacts.ivyservice.ivyresolve.CachingModuleComponentRepository] Using cached module metadata for module 'net.minidev:json-smart:2.6.0' in 'MavenRepo'
2026-08-21T16:48:36.328-0300 [DEBUG] [org.gradle.api.internal.artifacts.ivyservice.ivyresolve.RepositoryChainComponentMetaDataResolver] Using net.minidev:json-smart:2.6.0 from org.gradle.api.internal.artifacts.ivyservice.ivyresolve.FilteredModuleComponentRepository@c6fd012
2026-08-21T16:48:36.328-0300 [DEBUG] [org.gradle.api.internal.artifacts.ivyservice.ivyresolve.RepositoryChainComponentMetaDataResolver] Attempting to resolve component for net.minidev:accessors-smart:2.6.0 using repositories [MavenRepo]
2026-08-21T16:48:36.328-0300 [DEBUG] [org.gradle.api.internal.artifacts.ivyservice.ivyresolve.CachingModuleComponentRepository] Using cached module metadata for module 'net.minidev:accessors-smart:2.6.0' in 'MavenRepo'
2026-08-21T16:48:36.328-0300 [DEBUG] [org.gradle.api.internal.artifacts.ivyservice.ivyresolve.RepositoryChainComponentMetaDataResolver] Using net.minidev:accessors-smart:2.6.0 from org.gradle.api.internal.artifacts.ivyservice.ivyresolve.FilteredModuleComponentRepository@c6fd012
2026-08-21T16:48:36.329-0300 [DEBUG] [org.gradle.api.internal.artifacts.ivyservice.ivyresolve.RepositoryChainComponentMetaDataResolver] Attempting to resolve component for org.ow2.asm:asm:9.7.1 using repositories [MavenRepo]
2026-08-21T16:48:36.329-0300 [DEBUG] [org.gradle.api.internal.artifacts.ivyservice.ivyresolve.CachingModuleComponentRepository] Using cached module metadata for module 'org.ow2.asm:asm:9.7.1' in 'MavenRepo'
2026-08-21T16:48:36.329-0300 [DEBUG] [org.gradle.api.internal.artifacts.ivyservice.ivyresolve.RepositoryChainComponentMetaDataResolver] Using org.ow2.asm:asm:9.7.1 from org.gradle.api.internal.artifacts.ivyservice.ivyresolve.FilteredModuleComponentRepository@c6fd012
2026-08-21T16:48:36.329-0300 [DEBUG] [org.gradle.api.internal.artifacts.ivyservice.ivyresolve.RepositoryChainComponentMetaDataResolver] Attempting to resolve component for jakarta.xml.bind:jakarta.xml.bind-api:4.0.5 using repositories [MavenRepo]
2026-08-21T16:48:36.329-0300 [DEBUG] [org.gradle.api.internal.artifacts.ivyservice.ivyresolve.CachingModuleComponentRepository] Using cached module metadata for module 'jakarta.xml.bind:jakarta.xml.bind-api:4.0.5' in 'MavenRepo'
2026-08-21T16:48:36.329-0300 [DEBUG] [org.gradle.api.internal.artifacts.ivyservice.ivyresolve.RepositoryChainComponentMetaDataResolver] Using jakarta.xml.bind:jakarta.xml.bind-api:4.0.5 from org.gradle.api.internal.artifacts.ivyservice.ivyresolve.FilteredModuleComponentRepository@c6fd012
2026-08-21T16:48:36.329-0300 [DEBUG] [org.gradle.api.internal.artifacts.ivyservice.ivyresolve.RepositoryChainComponentMetaDataResolver] Attempting to resolve component for jakarta.activation:jakarta.activation-api:2.1.4 using repositories [MavenRepo]
2026-08-21T16:48:36.329-0300 [DEBUG] [org.gradle.api.internal.artifacts.ivyservice.ivyresolve.CachingModuleComponentRepository] Using cached module metadata for module 'jakarta.activation:jakarta.activation-api:2.1.4' in 'MavenRepo'
2026-08-21T16:48:36.329-0300 [DEBUG] [org.gradle.api.internal.artifacts.ivyservice.ivyresolve.RepositoryChainComponentMetaDataResolver] Using jakarta.activation:jakarta.activation-api:2.1.4 from org.gradle.api.internal.artifacts.ivyservice.ivyresolve.FilteredModuleComponentRepository@c6fd012
2026-08-21T16:48:36.329-0300 [DEBUG] [org.gradle.api.internal.artifacts.ivyservice.ivyresolve.RepositoryChainComponentMetaDataResolver] Attempting to resolve component for org.assertj:assertj-core:3.27.7 using repositories [MavenRepo]
2026-08-21T16:48:36.329-0300 [DEBUG] [org.gradle.api.internal.artifacts.ivyservice.ivyresolve.CachingModuleComponentRepository] Using cached module metadata for module 'org.assertj:assertj-core:3.27.7' in 'MavenRepo'
2026-08-21T16:48:36.329-0300 [DEBUG] [org.gradle.api.internal.artifacts.ivyservice.ivyresolve.RepositoryChainComponentMetaDataResolver] Using org.assertj:assertj-core:3.27.7 from org.gradle.api.internal.artifacts.ivyservice.ivyresolve.FilteredModuleComponentRepository@c6fd012
2026-08-21T16:48:36.329-0300 [DEBUG] [org.gradle.api.internal.artifacts.ivyservice.ivyresolve.RepositoryChainComponentMetaDataResolver] Attempting to resolve component for net.bytebuddy:byte-buddy:1.18.10 using repositories [MavenRepo]
2026-08-21T16:48:36.329-0300 [DEBUG] [org.gradle.api.internal.artifacts.ivyservice.ivyresolve.CachingModuleComponentRepository] Using cached module metadata for module 'net.bytebuddy:byte-buddy:1.18.10' in 'MavenRepo'
2026-08-21T16:48:36.329-0300 [DEBUG] [org.gradle.api.internal.artifacts.ivyservice.ivyresolve.RepositoryChainComponentMetaDataResolver] Using net.bytebuddy:byte-buddy:1.18.10 from org.gradle.api.internal.artifacts.ivyservice.ivyresolve.FilteredModuleComponentRepository@c6fd012
2026-08-21T16:48:36.329-0300 [DEBUG] [org.gradle.api.internal.artifacts.ivyservice.ivyresolve.RepositoryChainComponentMetaDataResolver] Attempting to resolve component for org.awaitility:awaitility:4.3.0 using repositories [MavenRepo]
2026-08-21T16:48:36.329-0300 [DEBUG] [org.gradle.api.internal.artifacts.ivyservice.ivyresolve.CachingModuleComponentRepository] Using cached module metadata for module 'org.awaitility:awaitility:4.3.0' in 'MavenRepo'
2026-08-21T16:48:36.329-0300 [DEBUG] [org.gradle.api.internal.artifacts.ivyservice.ivyresolve.RepositoryChainComponentMetaDataResolver] Using org.awaitility:awaitility:4.3.0 from org.gradle.api.internal.artifacts.ivyservice.ivyresolve.FilteredModuleComponentRepository@c6fd012
2026-08-21T16:48:36.329-0300 [DEBUG] [org.gradle.api.internal.artifacts.ivyservice.ivyresolve.RepositoryChainComponentMetaDataResolver] Attempting to resolve component for org.hamcrest:hamcrest:3.0 using repositories [MavenRepo]
2026-08-21T16:48:36.329-0300 [DEBUG] [org.gradle.api.internal.artifacts.ivyservice.ivyresolve.CachingModuleComponentRepository] Using cached module metadata for module 'org.hamcrest:hamcrest:3.0' in 'MavenRepo'
2026-08-21T16:48:36.329-0300 [DEBUG] [org.gradle.api.internal.artifacts.ivyservice.ivyresolve.RepositoryChainComponentMetaDataResolver] Using org.hamcrest:hamcrest:3.0 from org.gradle.api.internal.artifacts.ivyservice.ivyresolve.FilteredModuleComponentRepository@c6fd012
2026-08-21T16:48:36.329-0300 [DEBUG] [org.gradle.api.internal.artifacts.ivyservice.ivyresolve.RepositoryChainComponentMetaDataResolver] Attempting to resolve component for org.mockito:mockito-core:5.23.0 using repositories [MavenRepo]
2026-08-21T16:48:36.329-0300 [DEBUG] [org.gradle.api.internal.artifacts.ivyservice.ivyresolve.CachingModuleComponentRepository] Using cached module metadata for module 'org.mockito:mockito-core:5.23.0' in 'MavenRepo'
2026-08-21T16:48:36.329-0300 [DEBUG] [org.gradle.api.internal.artifacts.ivyservice.ivyresolve.RepositoryChainComponentMetaDataResolver] Using org.mockito:mockito-core:5.23.0 from org.gradle.api.internal.artifacts.ivyservice.ivyresolve.FilteredModuleComponentRepository@c6fd012
2026-08-21T16:48:36.329-0300 [DEBUG] [org.gradle.api.internal.artifacts.ivyservice.ivyresolve.RepositoryChainComponentMetaDataResolver] Attempting to resolve component for net.bytebuddy:byte-buddy-agent:1.18.10 using repositories [MavenRepo]
2026-08-21T16:48:36.329-0300 [DEBUG] [org.gradle.api.internal.artifacts.ivyservice.ivyresolve.CachingModuleComponentRepository] Using cached module metadata for module 'net.bytebuddy:byte-buddy-agent:1.18.10' in 'MavenRepo'
2026-08-21T16:48:36.329-0300 [DEBUG] [org.gradle.api.internal.artifacts.ivyservice.ivyresolve.RepositoryChainComponentMetaDataResolver] Using net.bytebuddy:byte-buddy-agent:1.18.10 from org.gradle.api.internal.artifacts.ivyservice.ivyresolve.FilteredModuleComponentRepository@c6fd012
2026-08-21T16:48:36.329-0300 [DEBUG] [org.gradle.api.internal.artifacts.ivyservice.ivyresolve.RepositoryChainComponentMetaDataResolver] Attempting to resolve component for org.objenesis:objenesis:3.3 using repositories [MavenRepo]
2026-08-21T16:48:36.329-0300 [DEBUG] [org.gradle.api.internal.artifacts.ivyservice.ivyresolve.CachingModuleComponentRepository] Using cached module metadata for module 'org.objenesis:objenesis:3.3' in 'MavenRepo'
2026-08-21T16:48:36.329-0300 [DEBUG] [org.gradle.api.internal.artifacts.ivyservice.ivyresolve.RepositoryChainComponentMetaDataResolver] Using org.objenesis:objenesis:3.3 from org.gradle.api.internal.artifacts.ivyservice.ivyresolve.FilteredModuleComponentRepository@c6fd012
2026-08-21T16:48:36.329-0300 [DEBUG] [org.gradle.api.internal.artifacts.ivyservice.ivyresolve.RepositoryChainComponentMetaDataResolver] Attempting to resolve component for org.mockito:mockito-junit-jupiter:5.23.0 using repositories [MavenRepo]
2026-08-21T16:48:36.329-0300 [DEBUG] [org.gradle.api.internal.artifacts.ivyservice.ivyresolve.CachingModuleComponentRepository] Using cached module metadata for module 'org.mockito:mockito-junit-jupiter:5.23.0' in 'MavenRepo'
2026-08-21T16:48:36.329-0300 [DEBUG] [org.gradle.api.internal.artifacts.ivyservice.ivyresolve.RepositoryChainComponentMetaDataResolver] Using org.mockito:mockito-junit-jupiter:5.23.0 from org.gradle.api.internal.artifacts.ivyservice.ivyresolve.FilteredModuleComponentRepository@c6fd012
2026-08-21T16:48:36.329-0300 [DEBUG] [org.gradle.api.internal.artifacts.ivyservice.ivyresolve.RepositoryChainComponentMetaDataResolver] Attempting to resolve component for org.skyscreamer:jsonassert:1.5.3 using repositories [MavenRepo]
2026-08-21T16:48:36.329-0300 [DEBUG] [org.gradle.api.internal.artifacts.ivyservice.ivyresolve.CachingModuleComponentRepository] Using cached module metadata for module 'org.skyscreamer:jsonassert:1.5.3' in 'MavenRepo'
2026-08-21T16:48:36.329-0300 [DEBUG] [org.gradle.api.internal.artifacts.ivyservice.ivyresolve.RepositoryChainComponentMetaDataResolver] Using org.skyscreamer:jsonassert:1.5.3 from org.gradle.api.internal.artifacts.ivyservice.ivyresolve.FilteredModuleComponentRepository@c6fd012
2026-08-21T16:48:36.329-0300 [DEBUG] [org.gradle.api.internal.artifacts.ivyservice.ivyresolve.RepositoryChainComponentMetaDataResolver] Attempting to resolve component for com.vaadin.external.google:android-json:0.0.20131108.vaadin1 using repositories [MavenRepo]
2026-08-21T16:48:36.329-0300 [DEBUG] [org.gradle.api.internal.artifacts.ivyservice.ivyresolve.CachingModuleComponentRepository] Using cached module metadata for module 'com.vaadin.external.google:android-json:0.0.20131108.vaadin1' in 'MavenRepo'
2026-08-21T16:48:36.329-0300 [DEBUG] [org.gradle.api.internal.artifacts.ivyservice.ivyresolve.RepositoryChainComponentMetaDataResolver] Using com.vaadin.external.google:android-json:0.0.20131108.vaadin1 from org.gradle.api.internal.artifacts.ivyservice.ivyresolve.FilteredModuleComponentRepository@c6fd012
2026-08-21T16:48:36.329-0300 [DEBUG] [org.gradle.api.internal.artifacts.ivyservice.ivyresolve.RepositoryChainComponentMetaDataResolver] Attempting to resolve component for org.xmlunit:xmlunit-core:2.11.0 using repositories [MavenRepo]
2026-08-21T16:48:36.329-0300 [DEBUG] [org.gradle.api.internal.artifacts.ivyservice.ivyresolve.CachingModuleComponentRepository] Using cached module metadata for module 'org.xmlunit:xmlunit-core:2.11.0' in 'MavenRepo'
2026-08-21T16:48:36.329-0300 [DEBUG] [org.gradle.api.internal.artifacts.ivyservice.ivyresolve.RepositoryChainComponentMetaDataResolver] Using org.xmlunit:xmlunit-core:2.11.0 from org.gradle.api.internal.artifacts.ivyservice.ivyresolve.FilteredModuleComponentRepository@c6fd012
2026-08-21T16:48:36.329-0300 [DEBUG] [org.gradle.api.internal.artifacts.ivyservice.ivyresolve.RepositoryChainComponentMetaDataResolver] Attempting to resolve component for org.springframework.boot:spring-boot-starter-web:4.1.0 using repositories [MavenRepo]
2026-08-21T16:48:36.329-0300 [DEBUG] [org.gradle.api.internal.artifacts.ivyservice.ivyresolve.CachingModuleComponentRepository] Using cached module metadata for module 'org.springframework.boot:spring-boot-starter-web:4.1.0' in 'MavenRepo'
2026-08-21T16:48:36.329-0300 [DEBUG] [org.gradle.api.internal.artifacts.ivyservice.ivyresolve.RepositoryChainComponentMetaDataResolver] Using org.springframework.boot:spring-boot-starter-web:4.1.0 from org.gradle.api.internal.artifacts.ivyservice.ivyresolve.FilteredModuleComponentRepository@c6fd012
2026-08-21T16:48:36.329-0300 [DEBUG] [org.gradle.api.internal.artifacts.ivyservice.ivyresolve.RepositoryChainComponentMetaDataResolver] Attempting to resolve component for org.springframework.boot:spring-boot-starter-jackson:4.1.0 using repositories [MavenRepo]
2026-08-21T16:48:36.329-0300 [DEBUG] [org.gradle.api.internal.artifacts.ivyservice.ivyresolve.CachingModuleComponentRepository] Using cached module metadata for module 'org.springframework.boot:spring-boot-starter-jackson:4.1.0' in 'MavenRepo'
2026-08-21T16:48:36.329-0300 [DEBUG] [org.gradle.api.internal.artifacts.ivyservice.ivyresolve.RepositoryChainComponentMetaDataResolver] Using org.springframework.boot:spring-boot-starter-jackson:4.1.0 from org.gradle.api.internal.artifacts.ivyservice.ivyresolve.FilteredModuleComponentRepository@c6fd012
2026-08-21T16:48:36.330-0300 [DEBUG] [org.gradle.api.internal.artifacts.ivyservice.ivyresolve.RepositoryChainComponentMetaDataResolver] Attempting to resolve component for org.springframework.boot:spring-boot-jackson:4.1.0 using repositories [MavenRepo]
2026-08-21T16:48:36.330-0300 [DEBUG] [org.gradle.api.internal.artifacts.ivyservice.ivyresolve.CachingModuleComponentRepository] Using cached module metadata for module 'org.springframework.boot:spring-boot-jackson:4.1.0' in 'MavenRepo'
2026-08-21T16:48:36.330-0300 [DEBUG] [org.gradle.api.internal.artifacts.ivyservice.ivyresolve.RepositoryChainComponentMetaDataResolver] Using org.springframework.boot:spring-boot-jackson:4.1.0 from org.gradle.api.internal.artifacts.ivyservice.ivyresolve.FilteredModuleComponentRepository@c6fd012
2026-08-21T16:48:36.330-0300 [DEBUG] [org.gradle.api.internal.artifacts.ivyservice.ivyresolve.RepositoryChainComponentMetaDataResolver] Attempting to resolve component for tools.jackson.core:jackson-databind:3.1.4 using repositories [MavenRepo]
2026-08-21T16:48:36.330-0300 [DEBUG] [org.gradle.api.internal.artifacts.ivyservice.ivyresolve.CachingModuleComponentRepository] Using cached module metadata for module 'tools.jackson.core:jackson-databind:3.1.4' in 'MavenRepo'
2026-08-21T16:48:36.330-0300 [DEBUG] [org.gradle.api.internal.artifacts.ivyservice.ivyresolve.RepositoryChainComponentMetaDataResolver] Using tools.jackson.core:jackson-databind:3.1.4 from org.gradle.api.internal.artifacts.ivyservice.ivyresolve.FilteredModuleComponentRepository@c6fd012
2026-08-21T16:48:36.330-0300 [DEBUG] [org.gradle.api.internal.artifacts.ivyservice.ivyresolve.RepositoryChainComponentMetaDataResolver] Attempting to resolve component for com.fasterxml.jackson.core:jackson-annotations:2.21 using repositories [MavenRepo]
2026-08-21T16:48:36.330-0300 [DEBUG] [org.gradle.api.internal.artifacts.ivyservice.ivyresolve.CachingModuleComponentRepository] Using cached module metadata for module 'com.fasterxml.jackson.core:jackson-annotations:2.21' in 'MavenRepo'
2026-08-21T16:48:36.330-0300 [DEBUG] [org.gradle.api.internal.artifacts.ivyservice.ivyresolve.RepositoryChainComponentMetaDataResolver] Using com.fasterxml.jackson.core:jackson-annotations:2.21 from org.gradle.api.internal.artifacts.ivyservice.ivyresolve.FilteredModuleComponentRepository@c6fd012
2026-08-21T16:48:36.330-0300 [DEBUG] [org.gradle.api.internal.artifacts.ivyservice.ivyresolve.RepositoryChainComponentMetaDataResolver] Attempting to resolve component for tools.jackson.core:jackson-core:3.1.4 using repositories [MavenRepo]
2026-08-21T16:48:36.330-0300 [DEBUG] [org.gradle.api.internal.artifacts.ivyservice.ivyresolve.CachingModuleComponentRepository] Using cached module metadata for module 'tools.jackson.core:jackson-core:3.1.4' in 'MavenRepo'
2026-08-21T16:48:36.330-0300 [DEBUG] [org.gradle.api.internal.artifacts.ivyservice.ivyresolve.RepositoryChainComponentMetaDataResolver] Using tools.jackson.core:jackson-core:3.1.4 from org.gradle.api.internal.artifacts.ivyservice.ivyresolve.FilteredModuleComponentRepository@c6fd012
2026-08-21T16:48:36.330-0300 [DEBUG] [org.gradle.api.internal.artifacts.ivyservice.ivyresolve.RepositoryChainComponentMetaDataResolver] Attempting to resolve component for tools.jackson:jackson-bom:3.1.4 using repositories [MavenRepo]
2026-08-21T16:48:36.330-0300 [DEBUG] [org.gradle.api.internal.artifacts.ivyservice.ivyresolve.CachingModuleComponentRepository] Using cached module metadata for module 'tools.jackson:jackson-bom:3.1.4' in 'MavenRepo'
2026-08-21T16:48:36.330-0300 [DEBUG] [org.gradle.api.internal.artifacts.ivyservice.ivyresolve.RepositoryChainComponentMetaDataResolver] Using tools.jackson:jackson-bom:3.1.4 from org.gradle.api.internal.artifacts.ivyservice.ivyresolve.FilteredModuleComponentRepository@c6fd012
2026-08-21T16:48:36.330-0300 [DEBUG] [org.gradle.api.internal.artifacts.ivyservice.ivyresolve.RepositoryChainComponentMetaDataResolver] Attempting to resolve component for org.springframework.boot:spring-boot-starter-tomcat:4.1.0 using repositories [MavenRepo]
2026-08-21T16:48:36.330-0300 [DEBUG] [org.gradle.api.internal.artifacts.ivyservice.ivyresolve.CachingModuleComponentRepository] Using cached module metadata for module 'org.springframework.boot:spring-boot-starter-tomcat:4.1.0' in 'MavenRepo'
2026-08-21T16:48:36.330-0300 [DEBUG] [org.gradle.api.internal.artifacts.ivyservice.ivyresolve.RepositoryChainComponentMetaDataResolver] Using org.springframework.boot:spring-boot-starter-tomcat:4.1.0 from org.gradle.api.internal.artifacts.ivyservice.ivyresolve.FilteredModuleComponentRepository@c6fd012
2026-08-21T16:48:36.330-0300 [DEBUG] [org.gradle.api.internal.artifacts.ivyservice.ivyresolve.RepositoryChainComponentMetaDataResolver] Attempting to resolve component for org.springframework.boot:spring-boot-starter-tomcat-runtime:4.1.0 using repositories [MavenRepo]
2026-08-21T16:48:36.330-0300 [DEBUG] [org.gradle.api.internal.artifacts.ivyservice.ivyresolve.CachingModuleComponentRepository] Using cached module metadata for module 'org.springframework.boot:spring-boot-starter-tomcat-runtime:4.1.0' in 'MavenRepo'
2026-08-21T16:48:36.330-0300 [DEBUG] [org.gradle.api.internal.artifacts.ivyservice.ivyresolve.RepositoryChainComponentMetaDataResolver] Using org.springframework.boot:spring-boot-starter-tomcat-runtime:4.1.0 from org.gradle.api.internal.artifacts.ivyservice.ivyresolve.FilteredModuleComponentRepository@c6fd012
2026-08-21T16:48:36.330-0300 [DEBUG] [org.gradle.api.internal.artifacts.ivyservice.ivyresolve.RepositoryChainComponentMetaDataResolver] Attempting to resolve component for org.springframework.boot:spring-boot-tomcat:4.1.0 using repositories [MavenRepo]
2026-08-21T16:48:36.330-0300 [DEBUG] [org.gradle.api.internal.artifacts.ivyservice.ivyresolve.CachingModuleComponentRepository] Using cached module metadata for module 'org.springframework.boot:spring-boot-tomcat:4.1.0' in 'MavenRepo'
2026-08-21T16:48:36.330-0300 [DEBUG] [org.gradle.api.internal.artifacts.ivyservice.ivyresolve.RepositoryChainComponentMetaDataResolver] Using org.springframework.boot:spring-boot-tomcat:4.1.0 from org.gradle.api.internal.artifacts.ivyservice.ivyresolve.FilteredModuleComponentRepository@c6fd012
2026-08-21T16:48:36.330-0300 [DEBUG] [org.gradle.api.internal.artifacts.ivyservice.ivyresolve.RepositoryChainComponentMetaDataResolver] Attempting to resolve component for org.springframework.boot:spring-boot-web-server:4.1.0 using repositories [MavenRepo]
2026-08-21T16:48:36.330-0300 [DEBUG] [org.gradle.api.internal.artifacts.ivyservice.ivyresolve.CachingModuleComponentRepository] Using cached module metadata for module 'org.springframework.boot:spring-boot-web-server:4.1.0' in 'MavenRepo'
2026-08-21T16:48:36.330-0300 [DEBUG] [org.gradle.api.internal.artifacts.ivyservice.ivyresolve.RepositoryChainComponentMetaDataResolver] Using org.springframework.boot:spring-boot-web-server:4.1.0 from org.gradle.api.internal.artifacts.ivyservice.ivyresolve.FilteredModuleComponentRepository@c6fd012
2026-08-21T16:48:36.330-0300 [DEBUG] [org.gradle.api.internal.artifacts.ivyservice.ivyresolve.RepositoryChainComponentMetaDataResolver] Attempting to resolve component for org.springframework:spring-web:7.0.8 using repositories [MavenRepo]
2026-08-21T16:48:36.330-0300 [DEBUG] [org.gradle.api.internal.artifacts.ivyservice.ivyresolve.CachingModuleComponentRepository] Using cached module metadata for module 'org.springframework:spring-web:7.0.8' in 'MavenRepo'
2026-08-21T16:48:36.330-0300 [DEBUG] [org.gradle.api.internal.artifacts.ivyservice.ivyresolve.RepositoryChainComponentMetaDataResolver] Using org.springframework:spring-web:7.0.8 from org.gradle.api.internal.artifacts.ivyservice.ivyresolve.FilteredModuleComponentRepository@c6fd012
2026-08-21T16:48:36.330-0300 [DEBUG] [org.gradle.api.internal.artifacts.ivyservice.ivyresolve.RepositoryChainComponentMetaDataResolver] Attempting to resolve component for org.apache.tomcat.embed:tomcat-embed-core:11.0.22 using repositories [MavenRepo]
2026-08-21T16:48:36.330-0300 [DEBUG] [org.gradle.api.internal.artifacts.ivyservice.ivyresolve.CachingModuleComponentRepository] Using cached module metadata for module 'org.apache.tomcat.embed:tomcat-embed-core:11.0.22' in 'MavenRepo'
2026-08-21T16:48:36.330-0300 [DEBUG] [org.gradle.api.internal.artifacts.ivyservice.ivyresolve.RepositoryChainComponentMetaDataResolver] Using org.apache.tomcat.embed:tomcat-embed-core:11.0.22 from org.gradle.api.internal.artifacts.ivyservice.ivyresolve.FilteredModuleComponentRepository@c6fd012
2026-08-21T16:48:36.330-0300 [DEBUG] [org.gradle.api.internal.artifacts.ivyservice.ivyresolve.RepositoryChainComponentMetaDataResolver] Attempting to resolve component for org.apache.tomcat.embed:tomcat-embed-el:11.0.22 using repositories [MavenRepo]
2026-08-21T16:48:36.330-0300 [DEBUG] [org.gradle.api.internal.artifacts.ivyservice.ivyresolve.CachingModuleComponentRepository] Using cached module metadata for module 'org.apache.tomcat.embed:tomcat-embed-el:11.0.22' in 'MavenRepo'
2026-08-21T16:48:36.330-0300 [DEBUG] [org.gradle.api.internal.artifacts.ivyservice.ivyresolve.RepositoryChainComponentMetaDataResolver] Using org.apache.tomcat.embed:tomcat-embed-el:11.0.22 from org.gradle.api.internal.artifacts.ivyservice.ivyresolve.FilteredModuleComponentRepository@c6fd012
2026-08-21T16:48:36.330-0300 [DEBUG] [org.gradle.api.internal.artifacts.ivyservice.ivyresolve.RepositoryChainComponentMetaDataResolver] Attempting to resolve component for org.apache.tomcat.embed:tomcat-embed-websocket:11.0.22 using repositories [MavenRepo]
2026-08-21T16:48:36.330-0300 [DEBUG] [org.gradle.api.internal.artifacts.ivyservice.ivyresolve.CachingModuleComponentRepository] Using cached module metadata for module 'org.apache.tomcat.embed:tomcat-embed-websocket:11.0.22' in 'MavenRepo'
2026-08-21T16:48:36.330-0300 [DEBUG] [org.gradle.api.internal.artifacts.ivyservice.ivyresolve.RepositoryChainComponentMetaDataResolver] Using org.apache.tomcat.embed:tomcat-embed-websocket:11.0.22 from org.gradle.api.internal.artifacts.ivyservice.ivyresolve.FilteredModuleComponentRepository@c6fd012
2026-08-21T16:48:36.330-0300 [DEBUG] [org.gradle.api.internal.artifacts.ivyservice.ivyresolve.RepositoryChainComponentMetaDataResolver] Attempting to resolve component for org.springframework.boot:spring-boot-http-converter:4.1.0 using repositories [MavenRepo]
2026-08-21T16:48:36.330-0300 [DEBUG] [org.gradle.api.internal.artifacts.ivyservice.ivyresolve.CachingModuleComponentRepository] Using cached module metadata for module 'org.springframework.boot:spring-boot-http-converter:4.1.0' in 'MavenRepo'
2026-08-21T16:48:36.330-0300 [DEBUG] [org.gradle.api.internal.artifacts.ivyservice.ivyresolve.RepositoryChainComponentMetaDataResolver] Using org.springframework.boot:spring-boot-http-converter:4.1.0 from org.gradle.api.internal.artifacts.ivyservice.ivyresolve.FilteredModuleComponentRepository@c6fd012
2026-08-21T16:48:36.330-0300 [DEBUG] [org.gradle.api.internal.artifacts.ivyservice.ivyresolve.RepositoryChainComponentMetaDataResolver] Attempting to resolve component for org.springframework.boot:spring-boot-webmvc:4.1.0 using repositories [MavenRepo]
2026-08-21T16:48:36.331-0300 [DEBUG] [org.gradle.api.internal.artifacts.ivyservice.ivyresolve.CachingModuleComponentRepository] Using cached module metadata for module 'org.springframework.boot:spring-boot-webmvc:4.1.0' in 'MavenRepo'
2026-08-21T16:48:36.331-0300 [DEBUG] [org.gradle.api.internal.artifacts.ivyservice.ivyresolve.RepositoryChainComponentMetaDataResolver] Using org.springframework.boot:spring-boot-webmvc:4.1.0 from org.gradle.api.internal.artifacts.ivyservice.ivyresolve.FilteredModuleComponentRepository@c6fd012
2026-08-21T16:48:36.331-0300 [DEBUG] [org.gradle.api.internal.artifacts.ivyservice.ivyresolve.RepositoryChainComponentMetaDataResolver] Attempting to resolve component for org.springframework.boot:spring-boot-servlet:4.1.0 using repositories [MavenRepo]
2026-08-21T16:48:36.331-0300 [DEBUG] [org.gradle.api.internal.artifacts.ivyservice.ivyresolve.CachingModuleComponentRepository] Using cached module metadata for module 'org.springframework.boot:spring-boot-servlet:4.1.0' in 'MavenRepo'
2026-08-21T16:48:36.331-0300 [DEBUG] [org.gradle.api.internal.artifacts.ivyservice.ivyresolve.RepositoryChainComponentMetaDataResolver] Using org.springframework.boot:spring-boot-servlet:4.1.0 from org.gradle.api.internal.artifacts.ivyservice.ivyresolve.FilteredModuleComponentRepository@c6fd012
2026-08-21T16:48:36.331-0300 [DEBUG] [org.gradle.api.internal.artifacts.ivyservice.ivyresolve.RepositoryChainComponentMetaDataResolver] Attempting to resolve component for org.springframework:spring-webmvc:7.0.8 using repositories [MavenRepo]
2026-08-21T16:48:36.331-0300 [DEBUG] [org.gradle.api.internal.artifacts.ivyservice.ivyresolve.CachingModuleComponentRepository] Using cached module metadata for module 'org.springframework:spring-webmvc:7.0.8' in 'MavenRepo'
2026-08-21T16:48:36.331-0300 [DEBUG] [org.gradle.api.internal.artifacts.ivyservice.ivyresolve.RepositoryChainComponentMetaDataResolver] Using org.springframework:spring-webmvc:7.0.8 from org.gradle.api.internal.artifacts.ivyservice.ivyresolve.FilteredModuleComponentRepository@c6fd012
2026-08-21T16:48:36.331-0300 [DEBUG] [org.gradle.api.internal.artifacts.ivyservice.ivyresolve.RepositoryChainComponentMetaDataResolver] Attempting to resolve component for org.springframework.boot:spring-boot-starter-data-jpa:4.1.0 using repositories [MavenRepo]
2026-08-21T16:48:36.331-0300 [DEBUG] [org.gradle.api.internal.artifacts.ivyservice.ivyresolve.CachingModuleComponentRepository] Using cached module metadata for module 'org.springframework.boot:spring-boot-starter-data-jpa:4.1.0' in 'MavenRepo'
2026-08-21T16:48:36.331-0300 [DEBUG] [org.gradle.api.internal.artifacts.ivyservice.ivyresolve.RepositoryChainComponentMetaDataResolver] Using org.springframework.boot:spring-boot-starter-data-jpa:4.1.0 from org.gradle.api.internal.artifacts.ivyservice.ivyresolve.FilteredModuleComponentRepository@c6fd012
2026-08-21T16:48:36.331-0300 [DEBUG] [org.gradle.api.internal.artifacts.ivyservice.ivyresolve.RepositoryChainComponentMetaDataResolver] Attempting to resolve component for org.springframework.boot:spring-boot-starter-jdbc:4.1.0 using repositories [MavenRepo]
2026-08-21T16:48:36.331-0300 [DEBUG] [org.gradle.api.internal.artifacts.ivyservice.ivyresolve.CachingModuleComponentRepository] Using cached module metadata for module 'org.springframework.boot:spring-boot-starter-jdbc:4.1.0' in 'MavenRepo'
2026-08-21T16:48:36.331-0300 [DEBUG] [org.gradle.api.internal.artifacts.ivyservice.ivyresolve.RepositoryChainComponentMetaDataResolver] Using org.springframework.boot:spring-boot-starter-jdbc:4.1.0 from org.gradle.api.internal.artifacts.ivyservice.ivyresolve.FilteredModuleComponentRepository@c6fd012
2026-08-21T16:48:36.331-0300 [DEBUG] [org.gradle.api.internal.artifacts.ivyservice.ivyresolve.RepositoryChainComponentMetaDataResolver] Attempting to resolve component for org.springframework.boot:spring-boot-jdbc:4.1.0 using repositories [MavenRepo]
2026-08-21T16:48:36.331-0300 [DEBUG] [org.gradle.api.internal.artifacts.ivyservice.ivyresolve.CachingModuleComponentRepository] Using cached module metadata for module 'org.springframework.boot:spring-boot-jdbc:4.1.0' in 'MavenRepo'
2026-08-21T16:48:36.331-0300 [DEBUG] [org.gradle.api.internal.artifacts.ivyservice.ivyresolve.RepositoryChainComponentMetaDataResolver] Using org.springframework.boot:spring-boot-jdbc:4.1.0 from org.gradle.api.internal.artifacts.ivyservice.ivyresolve.FilteredModuleComponentRepository@c6fd012
2026-08-21T16:48:36.331-0300 [DEBUG] [org.gradle.api.internal.artifacts.ivyservice.ivyresolve.RepositoryChainComponentMetaDataResolver] Attempting to resolve component for org.springframework.boot:spring-boot-sql:4.1.0 using repositories [MavenRepo]
2026-08-21T16:48:36.331-0300 [DEBUG] [org.gradle.api.internal.artifacts.ivyservice.ivyresolve.CachingModuleComponentRepository] Using cached module metadata for module 'org.springframework.boot:spring-boot-sql:4.1.0' in 'MavenRepo'
2026-08-21T16:48:36.331-0300 [DEBUG] [org.gradle.api.internal.artifacts.ivyservice.ivyresolve.RepositoryChainComponentMetaDataResolver] Using org.springframework.boot:spring-boot-sql:4.1.0 from org.gradle.api.internal.artifacts.ivyservice.ivyresolve.FilteredModuleComponentRepository@c6fd012
2026-08-21T16:48:36.331-0300 [DEBUG] [org.gradle.api.internal.artifacts.ivyservice.ivyresolve.RepositoryChainComponentMetaDataResolver] Attempting to resolve component for org.springframework.boot:spring-boot-transaction:4.1.0 using repositories [MavenRepo]
2026-08-21T16:48:36.331-0300 [DEBUG] [org.gradle.api.internal.artifacts.ivyservice.ivyresolve.CachingModuleComponentRepository] Using cached module metadata for module 'org.springframework.boot:spring-boot-transaction:4.1.0' in 'MavenRepo'
2026-08-21T16:48:36.331-0300 [DEBUG] [org.gradle.api.internal.artifacts.ivyservice.ivyresolve.RepositoryChainComponentMetaDataResolver] Using org.springframework.boot:spring-boot-transaction:4.1.0 from org.gradle.api.internal.artifacts.ivyservice.ivyresolve.FilteredModuleComponentRepository@c6fd012
2026-08-21T16:48:36.331-0300 [DEBUG] [org.gradle.api.internal.artifacts.ivyservice.ivyresolve.RepositoryChainComponentMetaDataResolver] Attempting to resolve component for org.springframework.boot:spring-boot-persistence:4.1.0 using repositories [MavenRepo]
2026-08-21T16:48:36.331-0300 [DEBUG] [org.gradle.api.internal.artifacts.ivyservice.ivyresolve.CachingModuleComponentRepository] Using cached module metadata for module 'org.springframework.boot:spring-boot-persistence:4.1.0' in 'MavenRepo'
2026-08-21T16:48:36.331-0300 [DEBUG] [org.gradle.api.internal.artifacts.ivyservice.ivyresolve.RepositoryChainComponentMetaDataResolver] Using org.springframework.boot:spring-boot-persistence:4.1.0 from org.gradle.api.internal.artifacts.ivyservice.ivyresolve.FilteredModuleComponentRepository@c6fd012
2026-08-21T16:48:36.331-0300 [DEBUG] [org.gradle.api.internal.artifacts.ivyservice.ivyresolve.RepositoryChainComponentMetaDataResolver] Attempting to resolve component for org.springframework:spring-tx:7.0.8 using repositories [MavenRepo]
2026-08-21T16:48:36.331-0300 [DEBUG] [org.gradle.api.internal.artifacts.ivyservice.ivyresolve.CachingModuleComponentRepository] Using cached module metadata for module 'org.springframework:spring-tx:7.0.8' in 'MavenRepo'
2026-08-21T16:48:36.331-0300 [DEBUG] [org.gradle.api.internal.artifacts.ivyservice.ivyresolve.RepositoryChainComponentMetaDataResolver] Using org.springframework:spring-tx:7.0.8 from org.gradle.api.internal.artifacts.ivyservice.ivyresolve.FilteredModuleComponentRepository@c6fd012
2026-08-21T16:48:36.331-0300 [DEBUG] [org.gradle.api.internal.artifacts.ivyservice.ivyresolve.RepositoryChainComponentMetaDataResolver] Attempting to resolve component for org.springframework:spring-jdbc:7.0.8 using repositories [MavenRepo]
2026-08-21T16:48:36.331-0300 [DEBUG] [org.gradle.api.internal.artifacts.ivyservice.ivyresolve.CachingModuleComponentRepository] Using cached module metadata for module 'org.springframework:spring-jdbc:7.0.8' in 'MavenRepo'
2026-08-21T16:48:36.331-0300 [DEBUG] [org.gradle.api.internal.artifacts.ivyservice.ivyresolve.RepositoryChainComponentMetaDataResolver] Using org.springframework:spring-jdbc:7.0.8 from org.gradle.api.internal.artifacts.ivyservice.ivyresolve.FilteredModuleComponentRepository@c6fd012
2026-08-21T16:48:36.331-0300 [DEBUG] [org.gradle.api.internal.artifacts.ivyservice.ivyresolve.RepositoryChainComponentMetaDataResolver] Attempting to resolve component for com.zaxxer:HikariCP:7.0.2 using repositories [MavenRepo]
2026-08-21T16:48:36.331-0300 [DEBUG] [org.gradle.api.internal.artifacts.ivyservice.ivyresolve.CachingModuleComponentRepository] Using cached module metadata for module 'com.zaxxer:HikariCP:7.0.2' in 'MavenRepo'
2026-08-21T16:48:36.331-0300 [DEBUG] [org.gradle.api.internal.artifacts.ivyservice.ivyresolve.RepositoryChainComponentMetaDataResolver] Using com.zaxxer:HikariCP:7.0.2 from org.gradle.api.internal.artifacts.ivyservice.ivyresolve.FilteredModuleComponentRepository@c6fd012
2026-08-21T16:48:36.331-0300 [DEBUG] [org.gradle.api.internal.artifacts.ivyservice.ivyresolve.RepositoryChainComponentMetaDataResolver] Attempting to resolve component for org.springframework.boot:spring-boot-data-jpa:4.1.0 using repositories [MavenRepo]
2026-08-21T16:48:36.331-0300 [DEBUG] [org.gradle.api.internal.artifacts.ivyservice.ivyresolve.CachingModuleComponentRepository] Using cached module metadata for module 'org.springframework.boot:spring-boot-data-jpa:4.1.0' in 'MavenRepo'
2026-08-21T16:48:36.331-0300 [DEBUG] [org.gradle.api.internal.artifacts.ivyservice.ivyresolve.RepositoryChainComponentMetaDataResolver] Using org.springframework.boot:spring-boot-data-jpa:4.1.0 from org.gradle.api.internal.artifacts.ivyservice.ivyresolve.FilteredModuleComponentRepository@c6fd012
2026-08-21T16:48:36.331-0300 [DEBUG] [org.gradle.api.internal.artifacts.ivyservice.ivyresolve.RepositoryChainComponentMetaDataResolver] Attempting to resolve component for org.springframework.boot:spring-boot-data-commons:4.1.0 using repositories [MavenRepo]
2026-08-21T16:48:36.331-0300 [DEBUG] [org.gradle.api.internal.artifacts.ivyservice.ivyresolve.CachingModuleComponentRepository] Using cached module metadata for module 'org.springframework.boot:spring-boot-data-commons:4.1.0' in 'MavenRepo'
2026-08-21T16:48:36.331-0300 [DEBUG] [org.gradle.api.internal.artifacts.ivyservice.ivyresolve.RepositoryChainComponentMetaDataResolver] Using org.springframework.boot:spring-boot-data-commons:4.1.0 from org.gradle.api.internal.artifacts.ivyservice.ivyresolve.FilteredModuleComponentRepository@c6fd012
2026-08-21T16:48:36.331-0300 [DEBUG] [org.gradle.api.internal.artifacts.ivyservice.ivyresolve.RepositoryChainComponentMetaDataResolver] Attempting to resolve component for org.springframework.data:spring-data-commons:4.1.0 using repositories [MavenRepo]
2026-08-21T16:48:36.331-0300 [DEBUG] [org.gradle.api.internal.artifacts.ivyservice.ivyresolve.CachingModuleComponentRepository] Using cached module metadata for module 'org.springframework.data:spring-data-commons:4.1.0' in 'MavenRepo'
2026-08-21T16:48:36.331-0300 [DEBUG] [org.gradle.api.internal.artifacts.ivyservice.ivyresolve.RepositoryChainComponentMetaDataResolver] Using org.springframework.data:spring-data-commons:4.1.0 from org.gradle.api.internal.artifacts.ivyservice.ivyresolve.FilteredModuleComponentRepository@c6fd012
2026-08-21T16:48:36.331-0300 [DEBUG] [org.gradle.api.internal.artifacts.ivyservice.ivyresolve.RepositoryChainComponentMetaDataResolver] Attempting to resolve component for org.springframework.boot:spring-boot-hibernate:4.1.0 using repositories [MavenRepo]
2026-08-21T16:48:36.331-0300 [DEBUG] [org.gradle.api.internal.artifacts.ivyservice.ivyresolve.CachingModuleComponentRepository] Using cached module metadata for module 'org.springframework.boot:spring-boot-hibernate:4.1.0' in 'MavenRepo'
2026-08-21T16:48:36.331-0300 [DEBUG] [org.gradle.api.internal.artifacts.ivyservice.ivyresolve.RepositoryChainComponentMetaDataResolver] Using org.springframework.boot:spring-boot-hibernate:4.1.0 from org.gradle.api.internal.artifacts.ivyservice.ivyresolve.FilteredModuleComponentRepository@c6fd012
2026-08-21T16:48:36.332-0300 [DEBUG] [org.gradle.api.internal.artifacts.ivyservice.ivyresolve.RepositoryChainComponentMetaDataResolver] Attempting to resolve component for org.springframework.boot:spring-boot-jpa:4.1.0 using repositories [MavenRepo]
2026-08-21T16:48:36.332-0300 [DEBUG] [org.gradle.api.internal.artifacts.ivyservice.ivyresolve.CachingModuleComponentRepository] Using cached module metadata for module 'org.springframework.boot:spring-boot-jpa:4.1.0' in 'MavenRepo'
2026-08-21T16:48:36.332-0300 [DEBUG] [org.gradle.api.internal.artifacts.ivyservice.ivyresolve.RepositoryChainComponentMetaDataResolver] Using org.springframework.boot:spring-boot-jpa:4.1.0 from org.gradle.api.internal.artifacts.ivyservice.ivyresolve.FilteredModuleComponentRepository@c6fd012
2026-08-21T16:48:36.332-0300 [DEBUG] [org.gradle.api.internal.artifacts.ivyservice.ivyresolve.RepositoryChainComponentMetaDataResolver] Attempting to resolve component for jakarta.persistence:jakarta.persistence-api:3.2.0 using repositories [MavenRepo]
2026-08-21T16:48:36.332-0300 [DEBUG] [org.gradle.api.internal.artifacts.ivyservice.ivyresolve.CachingModuleComponentRepository] Using cached module metadata for module 'jakarta.persistence:jakarta.persistence-api:3.2.0' in 'MavenRepo'
2026-08-21T16:48:36.332-0300 [DEBUG] [org.gradle.api.internal.artifacts.ivyservice.ivyresolve.RepositoryChainComponentMetaDataResolver] Using jakarta.persistence:jakarta.persistence-api:3.2.0 from org.gradle.api.internal.artifacts.ivyservice.ivyresolve.FilteredModuleComponentRepository@c6fd012
2026-08-21T16:48:36.332-0300 [DEBUG] [org.gradle.api.internal.artifacts.ivyservice.ivyresolve.RepositoryChainComponentMetaDataResolver] Attempting to resolve component for org.springframework:spring-orm:7.0.8 using repositories [MavenRepo]
2026-08-21T16:48:36.332-0300 [DEBUG] [org.gradle.api.internal.artifacts.ivyservice.ivyresolve.CachingModuleComponentRepository] Using cached module metadata for module 'org.springframework:spring-orm:7.0.8' in 'MavenRepo'
2026-08-21T16:48:36.332-0300 [DEBUG] [org.gradle.api.internal.artifacts.ivyservice.ivyresolve.RepositoryChainComponentMetaDataResolver] Using org.springframework:spring-orm:7.0.8 from org.gradle.api.internal.artifacts.ivyservice.ivyresolve.FilteredModuleComponentRepository@c6fd012
2026-08-21T16:48:36.332-0300 [DEBUG] [org.gradle.api.internal.artifacts.ivyservice.ivyresolve.RepositoryChainComponentMetaDataResolver] Attempting to resolve component for org.hibernate.orm:hibernate-core:7.4.1.Final using repositories [MavenRepo]
2026-08-21T16:48:36.332-0300 [DEBUG] [org.gradle.api.internal.artifacts.ivyservice.ivyresolve.CachingModuleComponentRepository] Using cached module metadata for module 'org.hibernate.orm:hibernate-core:7.4.1.Final' in 'MavenRepo'
2026-08-21T16:48:36.332-0300 [DEBUG] [org.gradle.api.internal.artifacts.ivyservice.ivyresolve.RepositoryChainComponentMetaDataResolver] Using org.hibernate.orm:hibernate-core:7.4.1.Final from org.gradle.api.internal.artifacts.ivyservice.ivyresolve.FilteredModuleComponentRepository@c6fd012
2026-08-21T16:48:36.332-0300 [DEBUG] [org.gradle.api.internal.artifacts.ivyservice.ivyresolve.RepositoryChainComponentMetaDataResolver] Attempting to resolve component for org.jboss.logging:jboss-logging:3.6.3.Final using repositories [MavenRepo]
2026-08-21T16:48:36.332-0300 [DEBUG] [org.gradle.api.internal.artifacts.ivyservice.ivyresolve.CachingModuleComponentRepository] Using cached module metadata for module 'org.jboss.logging:jboss-logging:3.6.3.Final' in 'MavenRepo'
2026-08-21T16:48:36.332-0300 [DEBUG] [org.gradle.api.internal.artifacts.ivyservice.ivyresolve.RepositoryChainComponentMetaDataResolver] Using org.jboss.logging:jboss-logging:3.6.3.Final from org.gradle.api.internal.artifacts.ivyservice.ivyresolve.FilteredModuleComponentRepository@c6fd012
2026-08-21T16:48:36.332-0300 [DEBUG] [org.gradle.api.internal.artifacts.ivyservice.ivyresolve.RepositoryChainComponentMetaDataResolver] Attempting to resolve component for org.hibernate.models:hibernate-models:1.1.1 using repositories [MavenRepo]
2026-08-21T16:48:36.332-0300 [DEBUG] [org.gradle.api.internal.artifacts.ivyservice.ivyresolve.CachingModuleComponentRepository] Using cached module metadata for module 'org.hibernate.models:hibernate-models:1.1.1' in 'MavenRepo'
2026-08-21T16:48:36.332-0300 [DEBUG] [org.gradle.api.internal.artifacts.ivyservice.ivyresolve.RepositoryChainComponentMetaDataResolver] Using org.hibernate.models:hibernate-models:1.1.1 from org.gradle.api.internal.artifacts.ivyservice.ivyresolve.FilteredModuleComponentRepository@c6fd012
2026-08-21T16:48:36.332-0300 [DEBUG] [org.gradle.api.internal.artifacts.ivyservice.ivyresolve.RepositoryChainComponentMetaDataResolver] Attempting to resolve component for org.glassfish.jaxb:jaxb-runtime:4.0.9 using repositories [MavenRepo]
2026-08-21T16:48:36.332-0300 [DEBUG] [org.gradle.api.internal.artifacts.ivyservice.ivyresolve.CachingModuleComponentRepository] Using cached module metadata for module 'org.glassfish.jaxb:jaxb-runtime:4.0.9' in 'MavenRepo'
2026-08-21T16:48:36.332-0300 [DEBUG] [org.gradle.api.internal.artifacts.ivyservice.ivyresolve.RepositoryChainComponentMetaDataResolver] Using org.glassfish.jaxb:jaxb-runtime:4.0.9 from org.gradle.api.internal.artifacts.ivyservice.ivyresolve.FilteredModuleComponentRepository@c6fd012
2026-08-21T16:48:36.332-0300 [DEBUG] [org.gradle.api.internal.artifacts.ivyservice.ivyresolve.RepositoryChainComponentMetaDataResolver] Attempting to resolve component for org.glassfish.jaxb:jaxb-core:4.0.9 using repositories [MavenRepo]
2026-08-21T16:48:36.332-0300 [DEBUG] [org.gradle.api.internal.artifacts.ivyservice.ivyresolve.CachingModuleComponentRepository] Using cached module metadata for module 'org.glassfish.jaxb:jaxb-core:4.0.9' in 'MavenRepo'
2026-08-21T16:48:36.332-0300 [DEBUG] [org.gradle.api.internal.artifacts.ivyservice.ivyresolve.RepositoryChainComponentMetaDataResolver] Using org.glassfish.jaxb:jaxb-core:4.0.9 from org.gradle.api.internal.artifacts.ivyservice.ivyresolve.FilteredModuleComponentRepository@c6fd012
2026-08-21T16:48:36.332-0300 [DEBUG] [org.gradle.api.internal.artifacts.ivyservice.ivyresolve.RepositoryChainComponentMetaDataResolver] Attempting to resolve component for org.eclipse.angus:angus-activation:2.0.3 using repositories [MavenRepo]
2026-08-21T16:48:36.332-0300 [DEBUG] [org.gradle.api.internal.artifacts.ivyservice.ivyresolve.CachingModuleComponentRepository] Using cached module metadata for module 'org.eclipse.angus:angus-activation:2.0.3' in 'MavenRepo'
2026-08-21T16:48:36.332-0300 [DEBUG] [org.gradle.api.internal.artifacts.ivyservice.ivyresolve.RepositoryChainComponentMetaDataResolver] Using org.eclipse.angus:angus-activation:2.0.3 from org.gradle.api.internal.artifacts.ivyservice.ivyresolve.FilteredModuleComponentRepository@c6fd012
2026-08-21T16:48:36.332-0300 [DEBUG] [org.gradle.api.internal.artifacts.ivyservice.ivyresolve.RepositoryChainComponentMetaDataResolver] Attempting to resolve component for org.glassfish.jaxb:txw2:4.0.9 using repositories [MavenRepo]
2026-08-21T16:48:36.332-0300 [DEBUG] [org.gradle.api.internal.artifacts.ivyservice.ivyresolve.CachingModuleComponentRepository] Using cached module metadata for module 'org.glassfish.jaxb:txw2:4.0.9' in 'MavenRepo'
2026-08-21T16:48:36.332-0300 [DEBUG] [org.gradle.api.internal.artifacts.ivyservice.ivyresolve.RepositoryChainComponentMetaDataResolver] Using org.glassfish.jaxb:txw2:4.0.9 from org.gradle.api.internal.artifacts.ivyservice.ivyresolve.FilteredModuleComponentRepository@c6fd012
2026-08-21T16:48:36.332-0300 [DEBUG] [org.gradle.api.internal.artifacts.ivyservice.ivyresolve.RepositoryChainComponentMetaDataResolver] Attempting to resolve component for com.sun.istack:istack-commons-runtime:4.1.2 using repositories [MavenRepo]
2026-08-21T16:48:36.332-0300 [DEBUG] [org.gradle.api.internal.artifacts.ivyservice.ivyresolve.CachingModuleComponentRepository] Using cached module metadata for module 'com.sun.istack:istack-commons-runtime:4.1.2' in 'MavenRepo'
2026-08-21T16:48:36.332-0300 [DEBUG] [org.gradle.api.internal.artifacts.ivyservice.ivyresolve.RepositoryChainComponentMetaDataResolver] Using com.sun.istack:istack-commons-runtime:4.1.2 from org.gradle.api.internal.artifacts.ivyservice.ivyresolve.FilteredModuleComponentRepository@c6fd012
2026-08-21T16:48:36.332-0300 [DEBUG] [org.gradle.api.internal.artifacts.ivyservice.ivyresolve.RepositoryChainComponentMetaDataResolver] Attempting to resolve component for jakarta.inject:jakarta.inject-api:2.0.1 using repositories [MavenRepo]
2026-08-21T16:48:36.332-0300 [DEBUG] [org.gradle.api.internal.artifacts.ivyservice.ivyresolve.CachingModuleComponentRepository] Using cached module metadata for module 'jakarta.inject:jakarta.inject-api:2.0.1' in 'MavenRepo'
2026-08-21T16:48:36.332-0300 [DEBUG] [org.gradle.api.internal.artifacts.ivyservice.ivyresolve.RepositoryChainComponentMetaDataResolver] Using jakarta.inject:jakarta.inject-api:2.0.1 from org.gradle.api.internal.artifacts.ivyservice.ivyresolve.FilteredModuleComponentRepository@c6fd012
2026-08-21T16:48:36.332-0300 [DEBUG] [org.gradle.api.internal.artifacts.ivyservice.ivyresolve.RepositoryChainComponentMetaDataResolver] Attempting to resolve component for org.antlr:antlr4-runtime:4.13.2 using repositories [MavenRepo]
2026-08-21T16:48:36.332-0300 [DEBUG] [org.gradle.api.internal.artifacts.ivyservice.ivyresolve.CachingModuleComponentRepository] Using cached module metadata for module 'org.antlr:antlr4-runtime:4.13.2' in 'MavenRepo'
2026-08-21T16:48:36.332-0300 [DEBUG] [org.gradle.api.internal.artifacts.ivyservice.ivyresolve.RepositoryChainComponentMetaDataResolver] Using org.antlr:antlr4-runtime:4.13.2 from org.gradle.api.internal.artifacts.ivyservice.ivyresolve.FilteredModuleComponentRepository@c6fd012
2026-08-21T16:48:36.332-0300 [DEBUG] [org.gradle.api.internal.artifacts.ivyservice.ivyresolve.RepositoryChainComponentMetaDataResolver] Attempting to resolve component for org.hibernate.orm:hibernate-platform:7.4.1.Final using repositories [MavenRepo]
2026-08-21T16:48:36.332-0300 [DEBUG] [org.gradle.api.internal.artifacts.ivyservice.ivyresolve.CachingModuleComponentRepository] Using cached module metadata for module 'org.hibernate.orm:hibernate-platform:7.4.1.Final' in 'MavenRepo'
2026-08-21T16:48:36.332-0300 [DEBUG] [org.gradle.api.internal.artifacts.ivyservice.ivyresolve.RepositoryChainComponentMetaDataResolver] Using org.hibernate.orm:hibernate-platform:7.4.1.Final from org.gradle.api.internal.artifacts.ivyservice.ivyresolve.FilteredModuleComponentRepository@c6fd012
2026-08-21T16:48:36.332-0300 [DEBUG] [org.gradle.api.internal.artifacts.ivyservice.ivyresolve.RepositoryChainComponentMetaDataResolver] Attempting to resolve component for jakarta.transaction:jakarta.transaction-api:2.0.1 using repositories [MavenRepo]
2026-08-21T16:48:36.332-0300 [DEBUG] [org.gradle.api.internal.artifacts.ivyservice.ivyresolve.CachingModuleComponentRepository] Using cached module metadata for module 'jakarta.transaction:jakarta.transaction-api:2.0.1' in 'MavenRepo'
2026-08-21T16:48:36.332-0300 [DEBUG] [org.gradle.api.internal.artifacts.ivyservice.ivyresolve.RepositoryChainComponentMetaDataResolver] Using jakarta.transaction:jakarta.transaction-api:2.0.1 from org.gradle.api.internal.artifacts.ivyservice.ivyresolve.FilteredModuleComponentRepository@c6fd012
2026-08-21T16:48:36.333-0300 [DEBUG] [org.gradle.api.internal.artifacts.ivyservice.ivyresolve.RepositoryChainComponentMetaDataResolver] Attempting to resolve component for org.springframework.data:spring-data-jpa:4.1.0 using repositories [MavenRepo]
2026-08-21T16:48:36.333-0300 [DEBUG] [org.gradle.api.internal.artifacts.ivyservice.ivyresolve.CachingModuleComponentRepository] Using cached module metadata for module 'org.springframework.data:spring-data-jpa:4.1.0' in 'MavenRepo'
2026-08-21T16:48:36.333-0300 [DEBUG] [org.gradle.api.internal.artifacts.ivyservice.ivyresolve.RepositoryChainComponentMetaDataResolver] Using org.springframework.data:spring-data-jpa:4.1.0 from org.gradle.api.internal.artifacts.ivyservice.ivyresolve.FilteredModuleComponentRepository@c6fd012
2026-08-21T16:48:36.333-0300 [DEBUG] [org.gradle.api.internal.artifacts.ivyservice.ivyresolve.RepositoryChainComponentMetaDataResolver] Attempting to resolve component for org.springframework:spring-aspects:7.0.8 using repositories [MavenRepo]
2026-08-21T16:48:36.333-0300 [DEBUG] [org.gradle.api.internal.artifacts.ivyservice.ivyresolve.CachingModuleComponentRepository] Using cached module metadata for module 'org.springframework:spring-aspects:7.0.8' in 'MavenRepo'
2026-08-21T16:48:36.333-0300 [DEBUG] [org.gradle.api.internal.artifacts.ivyservice.ivyresolve.RepositoryChainComponentMetaDataResolver] Using org.springframework:spring-aspects:7.0.8 from org.gradle.api.internal.artifacts.ivyservice.ivyresolve.FilteredModuleComponentRepository@c6fd012
2026-08-21T16:48:36.333-0300 [DEBUG] [org.gradle.api.internal.artifacts.ivyservice.ivyresolve.RepositoryChainComponentMetaDataResolver] Attempting to resolve component for org.aspectj:aspectjweaver:1.9.25.1 using repositories [MavenRepo]
2026-08-21T16:48:36.333-0300 [DEBUG] [org.gradle.api.internal.artifacts.ivyservice.ivyresolve.CachingModuleComponentRepository] Using cached module metadata for module 'org.aspectj:aspectjweaver:1.9.25.1' in 'MavenRepo'
2026-08-21T16:48:36.333-0300 [DEBUG] [org.gradle.api.internal.artifacts.ivyservice.ivyresolve.RepositoryChainComponentMetaDataResolver] Using org.aspectj:aspectjweaver:1.9.25.1 from org.gradle.api.internal.artifacts.ivyservice.ivyresolve.FilteredModuleComponentRepository@c6fd012
2026-08-21T16:48:36.333-0300 [DEBUG] [org.gradle.api.internal.artifacts.ivyservice.ivyresolve.RepositoryChainComponentMetaDataResolver] Attempting to resolve component for org.flywaydb:flyway-core:12.4.0 using repositories [MavenRepo]
2026-08-21T16:48:36.333-0300 [DEBUG] [org.gradle.api.internal.artifacts.ivyservice.ivyresolve.CachingModuleComponentRepository] Using cached module metadata for module 'org.flywaydb:flyway-core:12.4.0' in 'MavenRepo'
2026-08-21T16:48:36.333-0300 [DEBUG] [org.gradle.api.internal.artifacts.ivyservice.ivyresolve.RepositoryChainComponentMetaDataResolver] Using org.flywaydb:flyway-core:12.4.0 from org.gradle.api.internal.artifacts.ivyservice.ivyresolve.FilteredModuleComponentRepository@c6fd012
2026-08-21T16:48:36.333-0300 [DEBUG] [org.gradle.api.internal.artifacts.ivyservice.ivyresolve.RepositoryChainComponentMetaDataResolver] Attempting to resolve component for org.springframework.boot:spring-boot-starter-data-redis:4.1.0 using repositories [MavenRepo]
2026-08-21T16:48:36.333-0300 [DEBUG] [org.gradle.api.internal.artifacts.ivyservice.ivyresolve.CachingModuleComponentRepository] Using cached module metadata for module 'org.springframework.boot:spring-boot-starter-data-redis:4.1.0' in 'MavenRepo'
2026-08-21T16:48:36.333-0300 [DEBUG] [org.gradle.api.internal.artifacts.ivyservice.ivyresolve.RepositoryChainComponentMetaDataResolver] Using org.springframework.boot:spring-boot-starter-data-redis:4.1.0 from org.gradle.api.internal.artifacts.ivyservice.ivyresolve.FilteredModuleComponentRepository@c6fd012
2026-08-21T16:48:36.333-0300 [DEBUG] [org.gradle.api.internal.artifacts.ivyservice.ivyresolve.RepositoryChainComponentMetaDataResolver] Attempting to resolve component for org.springframework.boot:spring-boot-data-redis:4.1.0 using repositories [MavenRepo]
2026-08-21T16:48:36.333-0300 [DEBUG] [org.gradle.api.internal.artifacts.ivyservice.ivyresolve.CachingModuleComponentRepository] Using cached module metadata for module 'org.springframework.boot:spring-boot-data-redis:4.1.0' in 'MavenRepo'
2026-08-21T16:48:36.333-0300 [DEBUG] [org.gradle.api.internal.artifacts.ivyservice.ivyresolve.RepositoryChainComponentMetaDataResolver] Using org.springframework.boot:spring-boot-data-redis:4.1.0 from org.gradle.api.internal.artifacts.ivyservice.ivyresolve.FilteredModuleComponentRepository@c6fd012
2026-08-21T16:48:36.333-0300 [DEBUG] [org.gradle.api.internal.artifacts.ivyservice.ivyresolve.RepositoryChainComponentMetaDataResolver] Attempting to resolve component for org.springframework.boot:spring-boot-netty:4.1.0 using repositories [MavenRepo]
2026-08-21T16:48:36.333-0300 [DEBUG] [org.gradle.api.internal.artifacts.ivyservice.ivyresolve.CachingModuleComponentRepository] Using cached module metadata for module 'org.springframework.boot:spring-boot-netty:4.1.0' in 'MavenRepo'
2026-08-21T16:48:36.333-0300 [DEBUG] [org.gradle.api.internal.artifacts.ivyservice.ivyresolve.RepositoryChainComponentMetaDataResolver] Using org.springframework.boot:spring-boot-netty:4.1.0 from org.gradle.api.internal.artifacts.ivyservice.ivyresolve.FilteredModuleComponentRepository@c6fd012
2026-08-21T16:48:36.333-0300 [DEBUG] [org.gradle.api.internal.artifacts.ivyservice.ivyresolve.RepositoryChainComponentMetaDataResolver] Attempting to resolve component for io.netty:netty-common:4.2.15.Final using repositories [MavenRepo]
2026-08-21T16:48:36.333-0300 [DEBUG] [org.gradle.api.internal.artifacts.ivyservice.ivyresolve.CachingModuleComponentRepository] Using cached module metadata for module 'io.netty:netty-common:4.2.15.Final' in 'MavenRepo'
2026-08-21T16:48:36.333-0300 [DEBUG] [org.gradle.api.internal.artifacts.ivyservice.ivyresolve.RepositoryChainComponentMetaDataResolver] Using io.netty:netty-common:4.2.15.Final from org.gradle.api.internal.artifacts.ivyservice.ivyresolve.FilteredModuleComponentRepository@c6fd012
2026-08-21T16:48:36.333-0300 [DEBUG] [org.gradle.api.internal.artifacts.ivyservice.ivyresolve.RepositoryChainComponentMetaDataResolver] Attempting to resolve component for io.lettuce:lettuce-core:7.5.2.RELEASE using repositories [MavenRepo]
2026-08-21T16:48:36.333-0300 [DEBUG] [org.gradle.api.internal.artifacts.ivyservice.ivyresolve.CachingModuleComponentRepository] Using cached module metadata for module 'io.lettuce:lettuce-core:7.5.2.RELEASE' in 'MavenRepo'
2026-08-21T16:48:36.333-0300 [DEBUG] [org.gradle.api.internal.artifacts.ivyservice.ivyresolve.RepositoryChainComponentMetaDataResolver] Using io.lettuce:lettuce-core:7.5.2.RELEASE from org.gradle.api.internal.artifacts.ivyservice.ivyresolve.FilteredModuleComponentRepository@c6fd012
2026-08-21T16:48:36.333-0300 [DEBUG] [org.gradle.api.internal.artifacts.ivyservice.ivyresolve.RepositoryChainComponentMetaDataResolver] Attempting to resolve component for redis.clients.authentication:redis-authx-core:0.1.1-beta2 using repositories [MavenRepo]
2026-08-21T16:48:36.333-0300 [DEBUG] [org.gradle.api.internal.artifacts.ivyservice.ivyresolve.CachingModuleComponentRepository] Using cached module metadata for module 'redis.clients.authentication:redis-authx-core:0.1.1-beta2' in 'MavenRepo'
2026-08-21T16:48:36.333-0300 [DEBUG] [org.gradle.api.internal.artifacts.ivyservice.ivyresolve.RepositoryChainComponentMetaDataResolver] Using redis.clients.authentication:redis-authx-core:0.1.1-beta2 from org.gradle.api.internal.artifacts.ivyservice.ivyresolve.FilteredModuleComponentRepository@c6fd012
2026-08-21T16:48:36.333-0300 [DEBUG] [org.gradle.api.internal.artifacts.ivyservice.ivyresolve.RepositoryChainComponentMetaDataResolver] Attempting to resolve component for io.netty:netty-handler:4.2.15.Final using repositories [MavenRepo]
2026-08-21T16:48:36.333-0300 [DEBUG] [org.gradle.api.internal.artifacts.ivyservice.ivyresolve.CachingModuleComponentRepository] Using cached module metadata for module 'io.netty:netty-handler:4.2.15.Final' in 'MavenRepo'
2026-08-21T16:48:36.333-0300 [DEBUG] [org.gradle.api.internal.artifacts.ivyservice.ivyresolve.RepositoryChainComponentMetaDataResolver] Using io.netty:netty-handler:4.2.15.Final from org.gradle.api.internal.artifacts.ivyservice.ivyresolve.FilteredModuleComponentRepository@c6fd012
2026-08-21T16:48:36.333-0300 [DEBUG] [org.gradle.api.internal.artifacts.ivyservice.ivyresolve.RepositoryChainComponentMetaDataResolver] Attempting to resolve component for io.netty:netty-resolver:4.2.15.Final using repositories [MavenRepo]
2026-08-21T16:48:36.333-0300 [DEBUG] [org.gradle.api.internal.artifacts.ivyservice.ivyresolve.CachingModuleComponentRepository] Using cached module metadata for module 'io.netty:netty-resolver:4.2.15.Final' in 'MavenRepo'
2026-08-21T16:48:36.333-0300 [DEBUG] [org.gradle.api.internal.artifacts.ivyservice.ivyresolve.RepositoryChainComponentMetaDataResolver] Using io.netty:netty-resolver:4.2.15.Final from org.gradle.api.internal.artifacts.ivyservice.ivyresolve.FilteredModuleComponentRepository@c6fd012
2026-08-21T16:48:36.333-0300 [DEBUG] [org.gradle.api.internal.artifacts.ivyservice.ivyresolve.RepositoryChainComponentMetaDataResolver] Attempting to resolve component for io.netty:netty-buffer:4.2.15.Final using repositories [MavenRepo]
2026-08-21T16:48:36.333-0300 [DEBUG] [org.gradle.api.internal.artifacts.ivyservice.ivyresolve.CachingModuleComponentRepository] Using cached module metadata for module 'io.netty:netty-buffer:4.2.15.Final' in 'MavenRepo'
2026-08-21T16:48:36.333-0300 [DEBUG] [org.gradle.api.internal.artifacts.ivyservice.ivyresolve.RepositoryChainComponentMetaDataResolver] Using io.netty:netty-buffer:4.2.15.Final from org.gradle.api.internal.artifacts.ivyservice.ivyresolve.FilteredModuleComponentRepository@c6fd012
2026-08-21T16:48:36.333-0300 [DEBUG] [org.gradle.api.internal.artifacts.ivyservice.ivyresolve.RepositoryChainComponentMetaDataResolver] Attempting to resolve component for io.netty:netty-transport:4.2.15.Final using repositories [MavenRepo]
2026-08-21T16:48:36.333-0300 [DEBUG] [org.gradle.api.internal.artifacts.ivyservice.ivyresolve.CachingModuleComponentRepository] Using cached module metadata for module 'io.netty:netty-transport:4.2.15.Final' in 'MavenRepo'
2026-08-21T16:48:36.333-0300 [DEBUG] [org.gradle.api.internal.artifacts.ivyservice.ivyresolve.RepositoryChainComponentMetaDataResolver] Using io.netty:netty-transport:4.2.15.Final from org.gradle.api.internal.artifacts.ivyservice.ivyresolve.FilteredModuleComponentRepository@c6fd012
2026-08-21T16:48:36.333-0300 [DEBUG] [org.gradle.api.internal.artifacts.ivyservice.ivyresolve.RepositoryChainComponentMetaDataResolver] Attempting to resolve component for io.netty:netty-transport-native-unix-common:4.2.15.Final using repositories [MavenRepo]
2026-08-21T16:48:36.333-0300 [DEBUG] [org.gradle.api.internal.artifacts.ivyservice.ivyresolve.CachingModuleComponentRepository] Using cached module metadata for module 'io.netty:netty-transport-native-unix-common:4.2.15.Final' in 'MavenRepo'
2026-08-21T16:48:36.334-0300 [DEBUG] [org.gradle.api.internal.artifacts.ivyservice.ivyresolve.RepositoryChainComponentMetaDataResolver] Using io.netty:netty-transport-native-unix-common:4.2.15.Final from org.gradle.api.internal.artifacts.ivyservice.ivyresolve.FilteredModuleComponentRepository@c6fd012
2026-08-21T16:48:36.334-0300 [DEBUG] [org.gradle.api.internal.artifacts.ivyservice.ivyresolve.RepositoryChainComponentMetaDataResolver] Attempting to resolve component for io.netty:netty-codec-base:4.2.15.Final using repositories [MavenRepo]
2026-08-21T16:48:36.334-0300 [DEBUG] [org.gradle.api.internal.artifacts.ivyservice.ivyresolve.CachingModuleComponentRepository] Using cached module metadata for module 'io.netty:netty-codec-base:4.2.15.Final' in 'MavenRepo'
2026-08-21T16:48:36.334-0300 [DEBUG] [org.gradle.api.internal.artifacts.ivyservice.ivyresolve.RepositoryChainComponentMetaDataResolver] Using io.netty:netty-codec-base:4.2.15.Final from org.gradle.api.internal.artifacts.ivyservice.ivyresolve.FilteredModuleComponentRepository@c6fd012
2026-08-21T16:48:36.334-0300 [DEBUG] [org.gradle.api.internal.artifacts.ivyservice.ivyresolve.RepositoryChainComponentMetaDataResolver] Attempting to resolve component for io.projectreactor:reactor-core:3.8.6 using repositories [MavenRepo]
2026-08-21T16:48:36.334-0300 [DEBUG] [org.gradle.api.internal.artifacts.ivyservice.ivyresolve.CachingModuleComponentRepository] Using cached module metadata for module 'io.projectreactor:reactor-core:3.8.6' in 'MavenRepo'
2026-08-21T16:48:36.334-0300 [DEBUG] [org.gradle.api.internal.artifacts.ivyservice.ivyresolve.RepositoryChainComponentMetaDataResolver] Using io.projectreactor:reactor-core:3.8.6 from org.gradle.api.internal.artifacts.ivyservice.ivyresolve.FilteredModuleComponentRepository@c6fd012
2026-08-21T16:48:36.334-0300 [DEBUG] [org.gradle.api.internal.artifacts.ivyservice.ivyresolve.RepositoryChainComponentMetaDataResolver] Attempting to resolve component for org.reactivestreams:reactive-streams:1.0.4 using repositories [MavenRepo]
2026-08-21T16:48:36.334-0300 [DEBUG] [org.gradle.api.internal.artifacts.ivyservice.ivyresolve.CachingModuleComponentRepository] Using cached module metadata for module 'org.reactivestreams:reactive-streams:1.0.4' in 'MavenRepo'
2026-08-21T16:48:36.334-0300 [DEBUG] [org.gradle.api.internal.artifacts.ivyservice.ivyresolve.RepositoryChainComponentMetaDataResolver] Using org.reactivestreams:reactive-streams:1.0.4 from org.gradle.api.internal.artifacts.ivyservice.ivyresolve.FilteredModuleComponentRepository@c6fd012
2026-08-21T16:48:36.334-0300 [DEBUG] [org.gradle.api.internal.artifacts.ivyservice.ivyresolve.RepositoryChainComponentMetaDataResolver] Attempting to resolve component for io.netty:netty-resolver-dns:4.2.15.Final using repositories [MavenRepo]
2026-08-21T16:48:36.334-0300 [DEBUG] [org.gradle.api.internal.artifacts.ivyservice.ivyresolve.CachingModuleComponentRepository] Using cached module metadata for module 'io.netty:netty-resolver-dns:4.2.15.Final' in 'MavenRepo'
2026-08-21T16:48:36.334-0300 [DEBUG] [org.gradle.api.internal.artifacts.ivyservice.ivyresolve.RepositoryChainComponentMetaDataResolver] Using io.netty:netty-resolver-dns:4.2.15.Final from org.gradle.api.internal.artifacts.ivyservice.ivyresolve.FilteredModuleComponentRepository@c6fd012
2026-08-21T16:48:36.334-0300 [DEBUG] [org.gradle.api.internal.artifacts.ivyservice.ivyresolve.RepositoryChainComponentMetaDataResolver] Attempting to resolve component for io.netty:netty-codec-dns:4.2.15.Final using repositories [MavenRepo]
2026-08-21T16:48:36.334-0300 [DEBUG] [org.gradle.api.internal.artifacts.ivyservice.ivyresolve.CachingModuleComponentRepository] Using cached module metadata for module 'io.netty:netty-codec-dns:4.2.15.Final' in 'MavenRepo'
2026-08-21T16:48:36.334-0300 [DEBUG] [org.gradle.api.internal.artifacts.ivyservice.ivyresolve.RepositoryChainComponentMetaDataResolver] Using io.netty:netty-codec-dns:4.2.15.Final from org.gradle.api.internal.artifacts.ivyservice.ivyresolve.FilteredModuleComponentRepository@c6fd012
2026-08-21T16:48:36.334-0300 [DEBUG] [org.gradle.api.internal.artifacts.ivyservice.ivyresolve.RepositoryChainComponentMetaDataResolver] Attempting to resolve component for org.springframework.data:spring-data-redis:4.1.0 using repositories [MavenRepo]
2026-08-21T16:48:36.334-0300 [DEBUG] [org.gradle.api.internal.artifacts.ivyservice.ivyresolve.CachingModuleComponentRepository] Using cached module metadata for module 'org.springframework.data:spring-data-redis:4.1.0' in 'MavenRepo'
2026-08-21T16:48:36.334-0300 [DEBUG] [org.gradle.api.internal.artifacts.ivyservice.ivyresolve.RepositoryChainComponentMetaDataResolver] Using org.springframework.data:spring-data-redis:4.1.0 from org.gradle.api.internal.artifacts.ivyservice.ivyresolve.FilteredModuleComponentRepository@c6fd012
2026-08-21T16:48:36.334-0300 [DEBUG] [org.gradle.api.internal.artifacts.ivyservice.ivyresolve.RepositoryChainComponentMetaDataResolver] Attempting to resolve component for org.springframework.data:spring-data-keyvalue:4.1.0 using repositories [MavenRepo]
2026-08-21T16:48:36.334-0300 [DEBUG] [org.gradle.api.internal.artifacts.ivyservice.ivyresolve.CachingModuleComponentRepository] Using cached module metadata for module 'org.springframework.data:spring-data-keyvalue:4.1.0' in 'MavenRepo'
2026-08-21T16:48:36.334-0300 [DEBUG] [org.gradle.api.internal.artifacts.ivyservice.ivyresolve.RepositoryChainComponentMetaDataResolver] Using org.springframework.data:spring-data-keyvalue:4.1.0 from org.gradle.api.internal.artifacts.ivyservice.ivyresolve.FilteredModuleComponentRepository@c6fd012
2026-08-21T16:48:36.334-0300 [DEBUG] [org.gradle.api.internal.artifacts.ivyservice.ivyresolve.RepositoryChainComponentMetaDataResolver] Attempting to resolve component for org.springframework:spring-oxm:7.0.8 using repositories [MavenRepo]
2026-08-21T16:48:36.334-0300 [DEBUG] [org.gradle.api.internal.artifacts.ivyservice.ivyresolve.CachingModuleComponentRepository] Using cached module metadata for module 'org.springframework:spring-oxm:7.0.8' in 'MavenRepo'
2026-08-21T16:48:36.334-0300 [DEBUG] [org.gradle.api.internal.artifacts.ivyservice.ivyresolve.RepositoryChainComponentMetaDataResolver] Using org.springframework:spring-oxm:7.0.8 from org.gradle.api.internal.artifacts.ivyservice.ivyresolve.FilteredModuleComponentRepository@c6fd012
2026-08-21T16:48:36.334-0300 [DEBUG] [org.gradle.api.internal.artifacts.ivyservice.ivyresolve.RepositoryChainComponentMetaDataResolver] Attempting to resolve component for org.springframework:spring-context-support:7.0.8 using repositories [MavenRepo]
2026-08-21T16:48:36.334-0300 [DEBUG] [org.gradle.api.internal.artifacts.ivyservice.ivyresolve.CachingModuleComponentRepository] Using cached module metadata for module 'org.springframework:spring-context-support:7.0.8' in 'MavenRepo'
2026-08-21T16:48:36.334-0300 [DEBUG] [org.gradle.api.internal.artifacts.ivyservice.ivyresolve.RepositoryChainComponentMetaDataResolver] Using org.springframework:spring-context-support:7.0.8 from org.gradle.api.internal.artifacts.ivyservice.ivyresolve.FilteredModuleComponentRepository@c6fd012
2026-08-21T16:48:36.334-0300 [DEBUG] [org.gradle.api.internal.artifacts.ivyservice.ivyresolve.RepositoryChainComponentMetaDataResolver] Attempting to resolve component for org.springframework:spring-messaging:7.0.8 using repositories [MavenRepo]
2026-08-21T16:48:36.334-0300 [DEBUG] [org.gradle.api.internal.artifacts.ivyservice.ivyresolve.CachingModuleComponentRepository] Using cached module metadata for module 'org.springframework:spring-messaging:7.0.8' in 'MavenRepo'
2026-08-21T16:48:36.334-0300 [DEBUG] [org.gradle.api.internal.artifacts.ivyservice.ivyresolve.RepositoryChainComponentMetaDataResolver] Using org.springframework:spring-messaging:7.0.8 from org.gradle.api.internal.artifacts.ivyservice.ivyresolve.FilteredModuleComponentRepository@c6fd012
2026-08-21T16:48:36.334-0300 [DEBUG] [org.gradle.api.internal.artifacts.ivyservice.ivyresolve.RepositoryChainComponentMetaDataResolver] Attempting to resolve component for me.paulschwarz:spring-dotenv-bom:5.1.0 using repositories [MavenRepo]
2026-08-21T16:48:36.334-0300 [DEBUG] [org.gradle.api.internal.artifacts.ivyservice.ivyresolve.CachingModuleComponentRepository] Using cached module metadata for module 'me.paulschwarz:spring-dotenv-bom:5.1.0' in 'MavenRepo'
2026-08-21T16:48:36.334-0300 [DEBUG] [org.gradle.api.internal.artifacts.ivyservice.ivyresolve.RepositoryChainComponentMetaDataResolver] Using me.paulschwarz:spring-dotenv-bom:5.1.0 from org.gradle.api.internal.artifacts.ivyservice.ivyresolve.FilteredModuleComponentRepository@c6fd012
2026-08-21T16:48:36.335-0300 [DEBUG] [org.gradle.internal.operations.DefaultBuildOperationRunner] Completing Build operation 'Resolve dependencies of :detachedConfiguration60'
2026-08-21T16:48:36.335-0300 [DEBUG] [org.gradle.internal.operations.DefaultBuildOperationRunner] Build operation 'Resolve dependencies of :detachedConfiguration60' completed
2026-08-21T16:48:36.335-0300 [DEBUG] [org.gradle.internal.component.model.LoggingAttributeMatchingExplanationBuilder] Selected match {artifactType=pom, org.gradle.status=release} from candidates [{artifactType=pom, org.gradle.status=release}] for {}
2026-08-21T16:48:36.335-0300 [DEBUG] [org.gradle.internal.component.model.LoggingAttributeMatchingExplanationBuilder] Selected match {artifactType=pom, org.gradle.status=release} from candidates [{artifactType=pom, org.gradle.status=release}] for {}
2026-08-21T16:48:36.335-0300 [DEBUG] [org.gradle.internal.component.model.LoggingAttributeMatchingExplanationBuilder] Selected match {artifactType=pom, org.gradle.status=release} from candidates [{artifactType=pom, org.gradle.status=release}] for {}
2026-08-21T16:48:36.335-0300 [DEBUG] [org.gradle.internal.component.model.LoggingAttributeMatchingExplanationBuilder] Selected match {artifactType=pom, org.gradle.status=release} from candidates [{artifactType=pom, org.gradle.status=release}] for {}
2026-08-21T16:48:36.335-0300 [DEBUG] [org.gradle.internal.component.model.LoggingAttributeMatchingExplanationBuilder] Selected match {artifactType=pom, org.gradle.status=release} from candidates [{artifactType=pom, org.gradle.status=release}] for {}
2026-08-21T16:48:36.335-0300 [DEBUG] [org.gradle.internal.component.model.LoggingAttributeMatchingExplanationBuilder] Selected match {artifactType=pom, org.gradle.status=release} from candidates [{artifactType=pom, org.gradle.status=release}] for {}
2026-08-21T16:48:36.335-0300 [DEBUG] [org.gradle.internal.component.model.LoggingAttributeMatchingExplanationBuilder] Selected match {artifactType=pom, org.gradle.status=release} from candidates [{artifactType=pom, org.gradle.status=release}] for {}
2026-08-21T16:48:36.335-0300 [DEBUG] [org.gradle.internal.component.model.LoggingAttributeMatchingExplanationBuilder] Selected match {artifactType=pom, org.gradle.status=release} from candidates [{artifactType=pom, org.gradle.status=release}] for {}
2026-08-21T16:48:36.335-0300 [DEBUG] [org.gradle.internal.component.model.LoggingAttributeMatchingExplanationBuilder] Selected match {artifactType=pom, org.gradle.status=release} from candidates [{artifactType=pom, org.gradle.status=release}] for {}
2026-08-21T16:48:36.335-0300 [DEBUG] [org.gradle.internal.component.model.LoggingAttributeMatchingExplanationBuilder] Selected match {artifactType=pom, org.gradle.status=release} from candidates [{artifactType=pom, org.gradle.status=release}] for {}
2026-08-21T16:48:36.335-0300 [DEBUG] [org.gradle.internal.component.model.LoggingAttributeMatchingExplanationBuilder] Selected match {artifactType=pom, org.gradle.status=release} from candidates [{artifactType=pom, org.gradle.status=release}] for {}
2026-08-21T16:48:36.335-0300 [DEBUG] [org.gradle.internal.component.model.LoggingAttributeMatchingExplanationBuilder] Selected match {artifactType=pom, org.gradle.status=release} from candidates [{artifactType=pom, org.gradle.status=release}] for {}
2026-08-21T16:48:36.335-0300 [DEBUG] [org.gradle.internal.component.model.LoggingAttributeMatchingExplanationBuilder] Selected match {artifactType=pom, org.gradle.status=release} from candidates [{artifactType=pom, org.gradle.status=release}] for {}
2026-08-21T16:48:36.335-0300 [DEBUG] [org.gradle.internal.component.model.LoggingAttributeMatchingExplanationBuilder] Selected match {artifactType=pom, org.gradle.status=release} from candidates [{artifactType=pom, org.gradle.status=release}] for {}
2026-08-21T16:48:36.335-0300 [DEBUG] [org.gradle.internal.component.model.LoggingAttributeMatchingExplanationBuilder] Selected match {artifactType=pom, org.gradle.status=release} from candidates [{artifactType=pom, org.gradle.status=release}] for {}
2026-08-21T16:48:36.335-0300 [DEBUG] [org.gradle.internal.component.model.LoggingAttributeMatchingExplanationBuilder] Selected match {artifactType=pom, org.gradle.status=release} from candidates [{artifactType=pom, org.gradle.status=release}] for {}
2026-08-21T16:48:36.335-0300 [DEBUG] [org.gradle.internal.component.model.LoggingAttributeMatchingExplanationBuilder] Selected match {artifactType=pom, org.gradle.status=release} from candidates [{artifactType=pom, org.gradle.status=release}] for {}
2026-08-21T16:48:36.335-0300 [DEBUG] [org.gradle.internal.component.model.LoggingAttributeMatchingExplanationBuilder] Selected match {artifactType=pom, org.gradle.status=release} from candidates [{artifactType=pom, org.gradle.status=release}] for {}
2026-08-21T16:48:36.335-0300 [DEBUG] [org.gradle.internal.component.model.LoggingAttributeMatchingExplanationBuilder] Selected match {artifactType=pom, org.gradle.status=release} from candidates [{artifactType=pom, org.gradle.status=release}] for {}
2026-08-21T16:48:36.335-0300 [DEBUG] [org.gradle.internal.component.model.LoggingAttributeMatchingExplanationBuilder] Selected match {artifactType=pom, org.gradle.status=release} from candidates [{artifactType=pom, org.gradle.status=release}] for {}
2026-08-21T16:48:36.335-0300 [DEBUG] [org.gradle.internal.component.model.LoggingAttributeMatchingExplanationBuilder] Selected match {artifactType=pom, org.gradle.status=release} from candidates [{artifactType=pom, org.gradle.status=release}] for {}
2026-08-21T16:48:36.335-0300 [DEBUG] [org.gradle.internal.component.model.LoggingAttributeMatchingExplanationBuilder] Selected match {artifactType=pom, org.gradle.status=release} from candidates [{artifactType=pom, org.gradle.status=release}] for {}
2026-08-21T16:48:36.336-0300 [DEBUG] [org.gradle.internal.component.model.LoggingAttributeMatchingExplanationBuilder] Selected match {artifactType=pom, org.gradle.status=release} from candidates [{artifactType=pom, org.gradle.status=release}] for {}
2026-08-21T16:48:36.336-0300 [DEBUG] [org.gradle.internal.component.model.LoggingAttributeMatchingExplanationBuilder] Selected match {artifactType=pom, org.gradle.status=release} from candidates [{artifactType=pom, org.gradle.status=release}] for {}
2026-08-21T16:48:36.336-0300 [DEBUG] [org.gradle.internal.component.model.LoggingAttributeMatchingExplanationBuilder] Selected match {artifactType=pom, org.gradle.status=release} from candidates [{artifactType=pom, org.gradle.status=release}] for {}
2026-08-21T16:48:36.336-0300 [DEBUG] [org.gradle.internal.component.model.LoggingAttributeMatchingExplanationBuilder] Selected match {artifactType=pom, org.gradle.status=release} from candidates [{artifactType=pom, org.gradle.status=release}] for {}
2026-08-21T16:48:36.336-0300 [DEBUG] [org.gradle.internal.component.model.LoggingAttributeMatchingExplanationBuilder] Selected match {artifactType=pom, org.gradle.status=release} from candidates [{artifactType=pom, org.gradle.status=release}] for {}
2026-08-21T16:48:36.336-0300 [DEBUG] [org.gradle.internal.component.model.LoggingAttributeMatchingExplanationBuilder] Selected match {artifactType=pom, org.gradle.status=release} from candidates [{artifactType=pom, org.gradle.status=release}] for {}
2026-08-21T16:48:36.336-0300 [DEBUG] [org.gradle.internal.component.model.LoggingAttributeMatchingExplanationBuilder] Selected match {artifactType=pom, org.gradle.status=release} from candidates [{artifactType=pom, org.gradle.status=release}] for {}
2026-08-21T16:48:36.336-0300 [DEBUG] [org.gradle.internal.component.model.LoggingAttributeMatchingExplanationBuilder] Selected match {artifactType=pom, org.gradle.status=release} from candidates [{artifactType=pom, org.gradle.status=release}] for {}
2026-08-21T16:48:36.336-0300 [DEBUG] [org.gradle.internal.component.model.LoggingAttributeMatchingExplanationBuilder] Selected match {artifactType=pom, org.gradle.status=release} from candidates [{artifactType=pom, org.gradle.status=release}] for {}
2026-08-21T16:48:36.336-0300 [DEBUG] [org.gradle.internal.component.model.LoggingAttributeMatchingExplanationBuilder] Selected match {artifactType=pom, org.gradle.status=release} from candidates [{artifactType=pom, org.gradle.status=release}] for {}
2026-08-21T16:48:36.336-0300 [DEBUG] [org.gradle.internal.component.model.LoggingAttributeMatchingExplanationBuilder] Selected match {artifactType=pom, org.gradle.status=release} from candidates [{artifactType=pom, org.gradle.status=release}] for {}
2026-08-21T16:48:36.336-0300 [DEBUG] [org.gradle.internal.component.model.LoggingAttributeMatchingExplanationBuilder] Selected match {artifactType=pom, org.gradle.status=release} from candidates [{artifactType=pom, org.gradle.status=release}] for {}
2026-08-21T16:48:36.336-0300 [DEBUG] [org.gradle.internal.component.model.LoggingAttributeMatchingExplanationBuilder] Selected match {artifactType=pom, org.gradle.status=release} from candidates [{artifactType=pom, org.gradle.status=release}] for {}
2026-08-21T16:48:36.336-0300 [DEBUG] [org.gradle.internal.component.model.LoggingAttributeMatchingExplanationBuilder] Selected match {artifactType=pom, org.gradle.status=release} from candidates [{artifactType=pom, org.gradle.status=release}] for {}
2026-08-21T16:48:36.336-0300 [DEBUG] [org.gradle.internal.component.model.LoggingAttributeMatchingExplanationBuilder] Selected match {artifactType=pom, org.gradle.status=release} from candidates [{artifactType=pom, org.gradle.status=release}] for {}
2026-08-21T16:48:36.336-0300 [DEBUG] [org.gradle.internal.component.model.LoggingAttributeMatchingExplanationBuilder] Selected match {artifactType=pom, org.gradle.status=release} from candidates [{artifactType=pom, org.gradle.status=release}] for {}
2026-08-21T16:48:36.336-0300 [DEBUG] [org.gradle.internal.component.model.LoggingAttributeMatchingExplanationBuilder] Selected match {artifactType=pom, org.gradle.status=release} from candidates [{artifactType=pom, org.gradle.status=release}] for {}
2026-08-21T16:48:36.336-0300 [DEBUG] [org.gradle.internal.component.model.LoggingAttributeMatchingExplanationBuilder] Selected match {artifactType=pom, org.gradle.status=release} from candidates [{artifactType=pom, org.gradle.status=release}] for {}
2026-08-21T16:48:36.336-0300 [DEBUG] [org.gradle.internal.component.model.LoggingAttributeMatchingExplanationBuilder] Selected match {artifactType=pom, org.gradle.status=release} from candidates [{artifactType=pom, org.gradle.status=release}] for {}
2026-08-21T16:48:36.336-0300 [DEBUG] [org.gradle.internal.component.model.LoggingAttributeMatchingExplanationBuilder] Selected match {artifactType=pom, org.gradle.status=release} from candidates [{artifactType=pom, org.gradle.status=release}] for {}
2026-08-21T16:48:36.336-0300 [DEBUG] [org.gradle.internal.component.model.LoggingAttributeMatchingExplanationBuilder] Selected match {artifactType=pom, org.gradle.status=release} from candidates [{artifactType=pom, org.gradle.status=release}] for {}
2026-08-21T16:48:36.336-0300 [DEBUG] [org.gradle.internal.component.model.LoggingAttributeMatchingExplanationBuilder] Selected match {artifactType=pom, org.gradle.status=release} from candidates [{artifactType=pom, org.gradle.status=release}] for {}
2026-08-21T16:48:36.336-0300 [DEBUG] [org.gradle.internal.component.model.LoggingAttributeMatchingExplanationBuilder] Selected match {artifactType=pom, org.gradle.status=release} from candidates [{artifactType=pom, org.gradle.status=release}] for {}
2026-08-21T16:48:36.336-0300 [DEBUG] [org.gradle.internal.component.model.LoggingAttributeMatchingExplanationBuilder] Selected match {artifactType=pom, org.gradle.status=release} from candidates [{artifactType=pom, org.gradle.status=release}] for {}
2026-08-21T16:48:36.336-0300 [DEBUG] [org.gradle.internal.component.model.LoggingAttributeMatchingExplanationBuilder] Selected match {artifactType=pom, org.gradle.status=release} from candidates [{artifactType=pom, org.gradle.status=release}] for {}
2026-08-21T16:48:36.336-0300 [DEBUG] [org.gradle.internal.component.model.LoggingAttributeMatchingExplanationBuilder] Selected match {artifactType=pom, org.gradle.status=release} from candidates [{artifactType=pom, org.gradle.status=release}] for {}
2026-08-21T16:48:36.336-0300 [DEBUG] [org.gradle.internal.component.model.LoggingAttributeMatchingExplanationBuilder] Selected match {artifactType=pom, org.gradle.status=release} from candidates [{artifactType=pom, org.gradle.status=release}] for {}
2026-08-21T16:48:36.336-0300 [DEBUG] [org.gradle.internal.component.model.LoggingAttributeMatchingExplanationBuilder] Selected match {artifactType=pom, org.gradle.status=release} from candidates [{artifactType=pom, org.gradle.status=release}] for {}
2026-08-21T16:48:36.336-0300 [DEBUG] [org.gradle.internal.component.model.LoggingAttributeMatchingExplanationBuilder] Selected match {artifactType=pom, org.gradle.status=release} from candidates [{artifactType=pom, org.gradle.status=release}] for {}
2026-08-21T16:48:36.336-0300 [DEBUG] [org.gradle.internal.component.model.LoggingAttributeMatchingExplanationBuilder] Selected match {artifactType=pom, org.gradle.status=release} from candidates [{artifactType=pom, org.gradle.status=release}] for {}
2026-08-21T16:48:36.336-0300 [DEBUG] [org.gradle.internal.component.model.LoggingAttributeMatchingExplanationBuilder] Selected match {artifactType=pom, org.gradle.status=release} from candidates [{artifactType=pom, org.gradle.status=release}] for {}
2026-08-21T16:48:36.336-0300 [DEBUG] [org.gradle.internal.component.model.LoggingAttributeMatchingExplanationBuilder] Selected match {artifactType=pom, org.gradle.status=release} from candidates [{artifactType=pom, org.gradle.status=release}] for {}
2026-08-21T16:48:36.336-0300 [DEBUG] [org.gradle.internal.component.model.LoggingAttributeMatchingExplanationBuilder] Selected match {artifactType=pom, org.gradle.status=release} from candidates [{artifactType=pom, org.gradle.status=release}] for {}
2026-08-21T16:48:36.336-0300 [DEBUG] [org.gradle.internal.component.model.LoggingAttributeMatchingExplanationBuilder] Selected match {artifactType=pom, org.gradle.status=release} from candidates [{artifactType=pom, org.gradle.status=release}] for {}
2026-08-21T16:48:36.336-0300 [DEBUG] [org.gradle.internal.component.model.LoggingAttributeMatchingExplanationBuilder] Selected match {artifactType=pom, org.gradle.status=release} from candidates [{artifactType=pom, org.gradle.status=release}] for {}
2026-08-21T16:48:36.336-0300 [DEBUG] [org.gradle.internal.component.model.LoggingAttributeMatchingExplanationBuilder] Selected match {artifactType=pom, org.gradle.status=release} from candidates [{artifactType=pom, org.gradle.status=release}] for {}
2026-08-21T16:48:36.336-0300 [DEBUG] [org.gradle.internal.component.model.LoggingAttributeMatchingExplanationBuilder] Selected match {artifactType=pom, org.gradle.status=release} from candidates [{artifactType=pom, org.gradle.status=release}] for {}
2026-08-21T16:48:36.336-0300 [DEBUG] [org.gradle.internal.component.model.LoggingAttributeMatchingExplanationBuilder] Selected match {artifactType=pom, org.gradle.status=release} from candidates [{artifactType=pom, org.gradle.status=release}] for {}
2026-08-21T16:48:36.336-0300 [DEBUG] [org.gradle.internal.component.model.LoggingAttributeMatchingExplanationBuilder] Selected match {artifactType=pom, org.gradle.status=release} from candidates [{artifactType=pom, org.gradle.status=release}] for {}
2026-08-21T16:48:36.336-0300 [DEBUG] [org.gradle.internal.component.model.LoggingAttributeMatchingExplanationBuilder] Selected match {artifactType=pom, org.gradle.status=release} from candidates [{artifactType=pom, org.gradle.status=release}] for {}
2026-08-21T16:48:36.336-0300 [DEBUG] [org.gradle.internal.component.model.LoggingAttributeMatchingExplanationBuilder] Selected match {artifactType=pom, org.gradle.status=release} from candidates [{artifactType=pom, org.gradle.status=release}] for {}
2026-08-21T16:48:36.337-0300 [DEBUG] [org.gradle.internal.component.model.LoggingAttributeMatchingExplanationBuilder] Selected match {artifactType=pom, org.gradle.status=release} from candidates [{artifactType=pom, org.gradle.status=release}] for {}
2026-08-21T16:48:36.337-0300 [DEBUG] [org.gradle.internal.component.model.LoggingAttributeMatchingExplanationBuilder] Selected match {artifactType=pom, org.gradle.status=release} from candidates [{artifactType=pom, org.gradle.status=release}] for {}
2026-08-21T16:48:36.337-0300 [DEBUG] [org.gradle.internal.component.model.LoggingAttributeMatchingExplanationBuilder] Selected match {artifactType=pom, org.gradle.status=release} from candidates [{artifactType=pom, org.gradle.status=release}] for {}
2026-08-21T16:48:36.337-0300 [DEBUG] [org.gradle.internal.component.model.LoggingAttributeMatchingExplanationBuilder] Selected match {artifactType=pom, org.gradle.status=release} from candidates [{artifactType=pom, org.gradle.status=release}] for {}
2026-08-21T16:48:36.337-0300 [DEBUG] [org.gradle.internal.component.model.LoggingAttributeMatchingExplanationBuilder] Selected match {artifactType=pom, org.gradle.status=release} from candidates [{artifactType=pom, org.gradle.status=release}] for {}
2026-08-21T16:48:36.337-0300 [DEBUG] [org.gradle.internal.component.model.LoggingAttributeMatchingExplanationBuilder] Selected match {artifactType=pom, org.gradle.status=release} from candidates [{artifactType=pom, org.gradle.status=release}] for {}
2026-08-21T16:48:36.337-0300 [DEBUG] [org.gradle.internal.component.model.LoggingAttributeMatchingExplanationBuilder] Selected match {artifactType=pom, org.gradle.status=release} from candidates [{artifactType=pom, org.gradle.status=release}] for {}
2026-08-21T16:48:36.337-0300 [DEBUG] [org.gradle.internal.component.model.LoggingAttributeMatchingExplanationBuilder] Selected match {artifactType=pom, org.gradle.status=release} from candidates [{artifactType=pom, org.gradle.status=release}] for {}
2026-08-21T16:48:36.337-0300 [DEBUG] [org.gradle.internal.component.model.LoggingAttributeMatchingExplanationBuilder] Selected match {artifactType=pom, org.gradle.status=release} from candidates [{artifactType=pom, org.gradle.status=release}] for {}
2026-08-21T16:48:36.337-0300 [DEBUG] [org.gradle.internal.component.model.LoggingAttributeMatchingExplanationBuilder] Selected match {artifactType=pom, org.gradle.status=release} from candidates [{artifactType=pom, org.gradle.status=release}] for {}
2026-08-21T16:48:36.337-0300 [DEBUG] [org.gradle.internal.component.model.LoggingAttributeMatchingExplanationBuilder] Selected match {artifactType=pom, org.gradle.status=release} from candidates [{artifactType=pom, org.gradle.status=release}] for {}
2026-08-21T16:48:36.337-0300 [DEBUG] [org.gradle.internal.component.model.LoggingAttributeMatchingExplanationBuilder] Selected match {artifactType=pom, org.gradle.status=release} from candidates [{artifactType=pom, org.gradle.status=release}] for {}
2026-08-21T16:48:36.337-0300 [DEBUG] [org.gradle.internal.component.model.LoggingAttributeMatchingExplanationBuilder] Selected match {artifactType=pom, org.gradle.status=release} from candidates [{artifactType=pom, org.gradle.status=release}] for {}
2026-08-21T16:48:36.337-0300 [DEBUG] [org.gradle.internal.component.model.LoggingAttributeMatchingExplanationBuilder] Selected match {artifactType=pom, org.gradle.status=release} from candidates [{artifactType=pom, org.gradle.status=release}] for {}
2026-08-21T16:48:36.337-0300 [DEBUG] [org.gradle.internal.component.model.LoggingAttributeMatchingExplanationBuilder] Selected match {artifactType=pom, org.gradle.status=release} from candidates [{artifactType=pom, org.gradle.status=release}] for {}
2026-08-21T16:48:36.337-0300 [DEBUG] [org.gradle.internal.component.model.LoggingAttributeMatchingExplanationBuilder] Selected match {artifactType=pom, org.gradle.status=release} from candidates [{artifactType=pom, org.gradle.status=release}] for {}
2026-08-21T16:48:36.337-0300 [DEBUG] [org.gradle.internal.component.model.LoggingAttributeMatchingExplanationBuilder] Selected match {artifactType=pom, org.gradle.status=release} from candidates [{artifactType=pom, org.gradle.status=release}] for {}
2026-08-21T16:48:36.337-0300 [DEBUG] [org.gradle.internal.component.model.LoggingAttributeMatchingExplanationBuilder] Selected match {artifactType=pom, org.gradle.status=release} from candidates [{artifactType=pom, org.gradle.status=release}] for {}
2026-08-21T16:48:36.337-0300 [DEBUG] [org.gradle.internal.component.model.LoggingAttributeMatchingExplanationBuilder] Selected match {artifactType=pom, org.gradle.status=release} from candidates [{artifactType=pom, org.gradle.status=release}] for {}
2026-08-21T16:48:36.337-0300 [DEBUG] [org.gradle.internal.component.model.LoggingAttributeMatchingExplanationBuilder] Selected match {artifactType=pom, org.gradle.status=release} from candidates [{artifactType=pom, org.gradle.status=release}] for {}
2026-08-21T16:48:36.337-0300 [DEBUG] [org.gradle.internal.component.model.LoggingAttributeMatchingExplanationBuilder] Selected match {artifactType=pom, org.gradle.status=release} from candidates [{artifactType=pom, org.gradle.status=release}] for {}
2026-08-21T16:48:36.337-0300 [DEBUG] [org.gradle.internal.component.model.LoggingAttributeMatchingExplanationBuilder] Selected match {artifactType=pom, org.gradle.status=release} from candidates [{artifactType=pom, org.gradle.status=release}] for {}
2026-08-21T16:48:36.337-0300 [DEBUG] [org.gradle.internal.component.model.LoggingAttributeMatchingExplanationBuilder] Selected match {artifactType=pom, org.gradle.status=release} from candidates [{artifactType=pom, org.gradle.status=release}] for {}
2026-08-21T16:48:36.337-0300 [DEBUG] [org.gradle.internal.component.model.LoggingAttributeMatchingExplanationBuilder] Selected match {artifactType=pom, org.gradle.status=release} from candidates [{artifactType=pom, org.gradle.status=release}] for {}
2026-08-21T16:48:36.337-0300 [DEBUG] [org.gradle.internal.component.model.LoggingAttributeMatchingExplanationBuilder] Selected match {artifactType=pom, org.gradle.status=release} from candidates [{artifactType=pom, org.gradle.status=release}] for {}
2026-08-21T16:48:36.337-0300 [DEBUG] [org.gradle.internal.component.model.LoggingAttributeMatchingExplanationBuilder] Selected match {artifactType=pom, org.gradle.status=release} from candidates [{artifactType=pom, org.gradle.status=release}] for {}
2026-08-21T16:48:36.337-0300 [DEBUG] [org.gradle.internal.component.model.LoggingAttributeMatchingExplanationBuilder] Selected match {artifactType=pom, org.gradle.status=release} from candidates [{artifactType=pom, org.gradle.status=release}] for {}
2026-08-21T16:48:36.337-0300 [DEBUG] [org.gradle.internal.component.model.LoggingAttributeMatchingExplanationBuilder] Selected match {artifactType=pom, org.gradle.status=release} from candidates [{artifactType=pom, org.gradle.status=release}] for {}
2026-08-21T16:48:36.337-0300 [DEBUG] [org.gradle.internal.component.model.LoggingAttributeMatchingExplanationBuilder] Selected match {artifactType=pom, org.gradle.status=release} from candidates [{artifactType=pom, org.gradle.status=release}] for {}
2026-08-21T16:48:36.337-0300 [DEBUG] [org.gradle.internal.component.model.LoggingAttributeMatchingExplanationBuilder] Selected match {artifactType=pom, org.gradle.status=release} from candidates [{artifactType=pom, org.gradle.status=release}] for {}
2026-08-21T16:48:36.337-0300 [DEBUG] [org.gradle.internal.component.model.LoggingAttributeMatchingExplanationBuilder] Selected match {artifactType=pom, org.gradle.status=release} from candidates [{artifactType=pom, org.gradle.status=release}] for {}
2026-08-21T16:48:36.337-0300 [DEBUG] [org.gradle.internal.component.model.LoggingAttributeMatchingExplanationBuilder] Selected match {artifactType=pom, org.gradle.status=release} from candidates [{artifactType=pom, org.gradle.status=release}] for {}
2026-08-21T16:48:36.337-0300 [DEBUG] [org.gradle.internal.component.model.LoggingAttributeMatchingExplanationBuilder] Selected match {artifactType=pom, org.gradle.status=release} from candidates [{artifactType=pom, org.gradle.status=release}] for {}
2026-08-21T16:48:36.337-0300 [DEBUG] [org.gradle.internal.component.model.LoggingAttributeMatchingExplanationBuilder] Selected match {artifactType=pom, org.gradle.status=release} from candidates [{artifactType=pom, org.gradle.status=release}] for {}
2026-08-21T16:48:36.337-0300 [DEBUG] [org.gradle.internal.component.model.LoggingAttributeMatchingExplanationBuilder] Selected match {artifactType=pom, org.gradle.status=release} from candidates [{artifactType=pom, org.gradle.status=release}] for {}
2026-08-21T16:48:36.337-0300 [DEBUG] [org.gradle.internal.component.model.LoggingAttributeMatchingExplanationBuilder] Selected match {artifactType=pom, org.gradle.status=release} from candidates [{artifactType=pom, org.gradle.status=release}] for {}
2026-08-21T16:48:36.337-0300 [DEBUG] [org.gradle.internal.component.model.LoggingAttributeMatchingExplanationBuilder] Selected match {artifactType=pom, org.gradle.status=release} from candidates [{artifactType=pom, org.gradle.status=release}] for {}
2026-08-21T16:48:36.337-0300 [DEBUG] [org.gradle.internal.component.model.LoggingAttributeMatchingExplanationBuilder] Selected match {artifactType=pom, org.gradle.status=release} from candidates [{artifactType=pom, org.gradle.status=release}] for {}
2026-08-21T16:48:36.337-0300 [DEBUG] [org.gradle.internal.component.model.LoggingAttributeMatchingExplanationBuilder] Selected match {artifactType=pom, org.gradle.status=release} from candidates [{artifactType=pom, org.gradle.status=release}] for {}
2026-08-21T16:48:36.337-0300 [DEBUG] [org.gradle.internal.component.model.LoggingAttributeMatchingExplanationBuilder] Selected match {artifactType=pom, org.gradle.status=release} from candidates [{artifactType=pom, org.gradle.status=release}] for {}
2026-08-21T16:48:36.337-0300 [DEBUG] [org.gradle.internal.component.model.LoggingAttributeMatchingExplanationBuilder] Selected match {artifactType=pom, org.gradle.status=release} from candidates [{artifactType=pom, org.gradle.status=release}] for {}
2026-08-21T16:48:36.337-0300 [DEBUG] [org.gradle.internal.component.model.LoggingAttributeMatchingExplanationBuilder] Selected match {artifactType=pom, org.gradle.status=release} from candidates [{artifactType=pom, org.gradle.status=release}] for {}
2026-08-21T16:48:36.337-0300 [DEBUG] [org.gradle.internal.component.model.LoggingAttributeMatchingExplanationBuilder] Selected match {artifactType=pom, org.gradle.status=release} from candidates [{artifactType=pom, org.gradle.status=release}] for {}
2026-08-21T16:48:36.338-0300 [DEBUG] [org.gradle.internal.component.model.LoggingAttributeMatchingExplanationBuilder] Selected match {artifactType=pom, org.gradle.status=release} from candidates [{artifactType=pom, org.gradle.status=release}] for {}
2026-08-21T16:48:36.338-0300 [DEBUG] [org.gradle.internal.component.model.LoggingAttributeMatchingExplanationBuilder] Selected match {artifactType=pom, org.gradle.status=release} from candidates [{artifactType=pom, org.gradle.status=release}] for {}
2026-08-21T16:48:36.338-0300 [DEBUG] [org.gradle.internal.component.model.LoggingAttributeMatchingExplanationBuilder] Selected match {artifactType=pom, org.gradle.status=release} from candidates [{artifactType=pom, org.gradle.status=release}] for {}
2026-08-21T16:48:36.338-0300 [DEBUG] [org.gradle.internal.component.model.LoggingAttributeMatchingExplanationBuilder] Selected match {artifactType=pom, org.gradle.status=release} from candidates [{artifactType=pom, org.gradle.status=release}] for {}
2026-08-21T16:48:36.338-0300 [DEBUG] [org.gradle.internal.component.model.LoggingAttributeMatchingExplanationBuilder] Selected match {artifactType=pom, org.gradle.status=release} from candidates [{artifactType=pom, org.gradle.status=release}] for {}
2026-08-21T16:48:36.338-0300 [DEBUG] [org.gradle.internal.component.model.LoggingAttributeMatchingExplanationBuilder] Selected match {artifactType=pom, org.gradle.status=release} from candidates [{artifactType=pom, org.gradle.status=release}] for {}
2026-08-21T16:48:36.338-0300 [DEBUG] [org.gradle.internal.component.model.LoggingAttributeMatchingExplanationBuilder] Selected match {artifactType=pom, org.gradle.status=release} from candidates [{artifactType=pom, org.gradle.status=release}] for {}
2026-08-21T16:48:36.338-0300 [DEBUG] [org.gradle.internal.component.model.LoggingAttributeMatchingExplanationBuilder] Selected match {artifactType=pom, org.gradle.status=release} from candidates [{artifactType=pom, org.gradle.status=release}] for {}
2026-08-21T16:48:36.338-0300 [DEBUG] [org.gradle.internal.component.model.LoggingAttributeMatchingExplanationBuilder] Selected match {artifactType=pom, org.gradle.status=release} from candidates [{artifactType=pom, org.gradle.status=release}] for {}
2026-08-21T16:48:36.338-0300 [DEBUG] [org.gradle.internal.component.model.LoggingAttributeMatchingExplanationBuilder] Selected match {artifactType=pom, org.gradle.status=release} from candidates [{artifactType=pom, org.gradle.status=release}] for {}
2026-08-21T16:48:36.338-0300 [DEBUG] [org.gradle.internal.component.model.LoggingAttributeMatchingExplanationBuilder] Selected match {artifactType=pom, org.gradle.status=release} from candidates [{artifactType=pom, org.gradle.status=release}] for {}
2026-08-21T16:48:36.338-0300 [DEBUG] [org.gradle.internal.component.model.LoggingAttributeMatchingExplanationBuilder] Selected match {artifactType=pom, org.gradle.status=release} from candidates [{artifactType=pom, org.gradle.status=release}] for {}
2026-08-21T16:48:36.338-0300 [DEBUG] [org.gradle.internal.component.model.LoggingAttributeMatchingExplanationBuilder] Selected match {artifactType=pom, org.gradle.status=release} from candidates [{artifactType=pom, org.gradle.status=release}] for {}
2026-08-21T16:48:36.338-0300 [DEBUG] [org.gradle.internal.component.model.LoggingAttributeMatchingExplanationBuilder] Selected match {artifactType=pom, org.gradle.status=release} from candidates [{artifactType=pom, org.gradle.status=release}] for {}
2026-08-21T16:48:36.338-0300 [DEBUG] [org.gradle.internal.component.model.LoggingAttributeMatchingExplanationBuilder] Selected match {artifactType=pom, org.gradle.status=release} from candidates [{artifactType=pom, org.gradle.status=release}] for {}
2026-08-21T16:48:36.338-0300 [DEBUG] [org.gradle.internal.component.model.LoggingAttributeMatchingExplanationBuilder] Selected match {artifactType=pom, org.gradle.status=release} from candidates [{artifactType=pom, org.gradle.status=release}] for {}
2026-08-21T16:48:36.338-0300 [DEBUG] [org.gradle.internal.component.model.LoggingAttributeMatchingExplanationBuilder] Selected match {artifactType=pom, org.gradle.status=release} from candidates [{artifactType=pom, org.gradle.status=release}] for {}
2026-08-21T16:48:36.338-0300 [DEBUG] [org.gradle.internal.component.model.LoggingAttributeMatchingExplanationBuilder] Selected match {artifactType=pom, org.gradle.status=release} from candidates [{artifactType=pom, org.gradle.status=release}] for {}
2026-08-21T16:48:36.338-0300 [DEBUG] [org.gradle.internal.component.model.LoggingAttributeMatchingExplanationBuilder] Selected match {artifactType=pom, org.gradle.status=release} from candidates [{artifactType=pom, org.gradle.status=release}] for {}
2026-08-21T16:48:36.338-0300 [DEBUG] [org.gradle.internal.operations.DefaultBuildOperationRunner] Build operation 'Resolve files of configuration ':detachedConfiguration60'' started
2026-08-21T16:48:36.338-0300 [DEBUG] [org.gradle.api.internal.artifacts.ivyservice.ivyresolve.CachingModuleComponentRepository] Found artifact 'junit-platform-launcher-6.0.3.pom (org.junit.platform:junit-platform-launcher:6.0.3)' in resolver cache: /Users/claratorres1414/.gradle/caches/modules-2/files-2.1/org.junit.platform/junit-platform-launcher/6.0.3/b533bc7f389bbfac890c267cf236618f30363258/junit-platform-launcher-6.0.3.pom
2026-08-21T16:48:36.338-0300 [DEBUG] [org.gradle.api.internal.artifacts.ivyservice.ivyresolve.CachingModuleComponentRepository] Found artifact 'junit-jupiter-6.0.3.pom (org.junit.jupiter:junit-jupiter:6.0.3)' in resolver cache: /Users/claratorres1414/.gradle/caches/modules-2/files-2.1/org.junit.jupiter/junit-jupiter/6.0.3/9b6952face53f657a932a12ef2014dc61f93f3c7/junit-jupiter-6.0.3.pom
2026-08-21T16:48:36.338-0300 [DEBUG] [org.gradle.api.internal.artifacts.ivyservice.ivyresolve.CachingModuleComponentRepository] Found artifact 'junit-jupiter-engine-6.0.3.pom (org.junit.jupiter:junit-jupiter-engine:6.0.3)' in resolver cache: /Users/claratorres1414/.gradle/caches/modules-2/files-2.1/org.junit.jupiter/junit-jupiter-engine/6.0.3/c38c66f8e395e1a96b9f4dcabe8ef7cbc3d32d8/junit-jupiter-engine-6.0.3.pom
2026-08-21T16:48:36.338-0300 [DEBUG] [org.gradle.api.internal.artifacts.ivyservice.ivyresolve.CachingModuleComponentRepository] Found artifact 'junit-platform-engine-6.0.3.pom (org.junit.platform:junit-platform-engine:6.0.3)' in resolver cache: /Users/claratorres1414/.gradle/caches/modules-2/files-2.1/org.junit.platform/junit-platform-engine/6.0.3/100bd56e3916cb2eb5d8fd3b232c756089c51839/junit-platform-engine-6.0.3.pom
2026-08-21T16:48:36.338-0300 [DEBUG] [org.gradle.api.internal.artifacts.ivyservice.ivyresolve.CachingModuleComponentRepository] Found artifact 'opentest4j-1.3.0.pom (org.opentest4j:opentest4j:1.3.0)' in resolver cache: /Users/claratorres1414/.gradle/caches/modules-2/files-2.1/org.opentest4j/opentest4j/1.3.0/73f3c942f86fd30bcf1759e2f9db6e9cc0e59c32/opentest4j-1.3.0.pom
2026-08-21T16:48:36.338-0300 [DEBUG] [org.gradle.api.internal.artifacts.ivyservice.ivyresolve.CachingModuleComponentRepository] Found artifact 'junit-platform-commons-6.0.3.pom (org.junit.platform:junit-platform-commons:6.0.3)' in resolver cache: /Users/claratorres1414/.gradle/caches/modules-2/files-2.1/org.junit.platform/junit-platform-commons/6.0.3/9505d7dea32350bf82330b96536c7b5ddce185ed/junit-platform-commons-6.0.3.pom
2026-08-21T16:48:36.338-0300 [DEBUG] [org.gradle.api.internal.artifacts.ivyservice.ivyresolve.CachingModuleComponentRepository] Found artifact 'junit-jupiter-api-6.0.3.pom (org.junit.jupiter:junit-jupiter-api:6.0.3)' in resolver cache: /Users/claratorres1414/.gradle/caches/modules-2/files-2.1/org.junit.jupiter/junit-jupiter-api/6.0.3/4d4eb6998dc8cc0a6c6b88032ada87d8afdd5894/junit-jupiter-api-6.0.3.pom
2026-08-21T16:48:36.338-0300 [DEBUG] [org.gradle.api.internal.artifacts.ivyservice.ivyresolve.CachingModuleComponentRepository] Found artifact 'junit-jupiter-params-6.0.3.pom (org.junit.jupiter:junit-jupiter-params:6.0.3)' in resolver cache: /Users/claratorres1414/.gradle/caches/modules-2/files-2.1/org.junit.jupiter/junit-jupiter-params/6.0.3/fab99e4f6f6b8ab4c69b6936166cec9b07009b56/junit-jupiter-params-6.0.3.pom
2026-08-21T16:48:36.338-0300 [DEBUG] [org.gradle.api.internal.artifacts.ivyservice.ivyresolve.CachingModuleComponentRepository] Found artifact 'postgresql-42.7.11.pom (org.postgresql:postgresql:42.7.11)' in resolver cache: /Users/claratorres1414/.gradle/caches/modules-2/files-2.1/org.postgresql/postgresql/42.7.11/a86dd7fb6b4c8225d18474853e6449d3f54611a/postgresql-42.7.11.pom
2026-08-21T16:48:36.339-0300 [DEBUG] [org.gradle.api.internal.artifacts.ivyservice.ivyresolve.CachingModuleComponentRepository] Found artifact 'spring-boot-starter-test-4.1.0.pom (org.springframework.boot:spring-boot-starter-test:4.1.0)' in resolver cache: /Users/claratorres1414/.gradle/caches/modules-2/files-2.1/org.springframework.boot/spring-boot-starter-test/4.1.0/8adcc5d3ebdf62a97a04b8da49feecc6437bf7db/spring-boot-starter-test-4.1.0.pom
2026-08-21T16:48:36.339-0300 [DEBUG] [org.gradle.api.internal.artifacts.ivyservice.ivyresolve.CachingModuleComponentRepository] Found artifact 'spring-boot-starter-4.1.0.pom (org.springframework.boot:spring-boot-starter:4.1.0)' in resolver cache: /Users/claratorres1414/.gradle/caches/modules-2/files-2.1/org.springframework.boot/spring-boot-starter/4.1.0/74edfd8af44473277590e0def9d5406971f7a441/spring-boot-starter-4.1.0.pom
2026-08-21T16:48:36.339-0300 [DEBUG] [org.gradle.api.internal.artifacts.ivyservice.ivyresolve.CachingModuleComponentRepository] Found artifact 'spring-boot-starter-logging-4.1.0.pom (org.springframework.boot:spring-boot-starter-logging:4.1.0)' in resolver cache: /Users/claratorres1414/.gradle/caches/modules-2/files-2.1/org.springframework.boot/spring-boot-starter-logging/4.1.0/5bc5dd1512cb94ff9870b04e1d7bc6b5193e19d3/spring-boot-starter-logging-4.1.0.pom
2026-08-21T16:48:36.339-0300 [DEBUG] [org.gradle.api.internal.artifacts.ivyservice.ivyresolve.CachingModuleComponentRepository] Found artifact 'logback-classic-1.5.34.pom (ch.qos.logback:logback-classic:1.5.34)' in resolver cache: /Users/claratorres1414/.gradle/caches/modules-2/files-2.1/ch.qos.logback/logback-classic/1.5.34/12b80fd36a262ac1b3e62a5c58d70753c6d28559/logback-classic-1.5.34.pom
2026-08-21T16:48:36.339-0300 [DEBUG] [org.gradle.api.internal.artifacts.ivyservice.ivyresolve.CachingModuleComponentRepository] Found artifact 'logback-core-1.5.34.pom (ch.qos.logback:logback-core:1.5.34)' in resolver cache: /Users/claratorres1414/.gradle/caches/modules-2/files-2.1/ch.qos.logback/logback-core/1.5.34/42f1cebecd5b2423f960579fcf514f21ecfde78e/logback-core-1.5.34.pom
2026-08-21T16:48:36.339-0300 [DEBUG] [org.gradle.api.internal.artifacts.ivyservice.ivyresolve.CachingModuleComponentRepository] Found artifact 'slf4j-api-2.0.18.pom (org.slf4j:slf4j-api:2.0.18)' in resolver cache: /Users/claratorres1414/.gradle/caches/modules-2/files-2.1/org.slf4j/slf4j-api/2.0.18/3f22b9783fb7d5b2ef68ed9399faef690cb2d25d/slf4j-api-2.0.18.pom
2026-08-21T16:48:36.339-0300 [DEBUG] [org.gradle.api.internal.artifacts.ivyservice.ivyresolve.CachingModuleComponentRepository] Found artifact 'log4j-to-slf4j-2.25.4.pom (org.apache.logging.log4j:log4j-to-slf4j:2.25.4)' in resolver cache: /Users/claratorres1414/.gradle/caches/modules-2/files-2.1/org.apache.logging.log4j/log4j-to-slf4j/2.25.4/d0c1db8c7636edb8194f45f4578c4a42eb2e32d7/log4j-to-slf4j-2.25.4.pom
2026-08-21T16:48:36.339-0300 [DEBUG] [org.gradle.api.internal.artifacts.ivyservice.ivyresolve.CachingModuleComponentRepository] Found artifact 'log4j-api-2.25.4.pom (org.apache.logging.log4j:log4j-api:2.25.4)' in resolver cache: /Users/claratorres1414/.gradle/caches/modules-2/files-2.1/org.apache.logging.log4j/log4j-api/2.25.4/a88fa0d147cb650dec8246fa92001b8b69bf8bb/log4j-api-2.25.4.pom
2026-08-21T16:48:36.339-0300 [DEBUG] [org.gradle.api.internal.artifacts.ivyservice.ivyresolve.CachingModuleComponentRepository] Found artifact 'jul-to-slf4j-2.0.18.pom (org.slf4j:jul-to-slf4j:2.0.18)' in resolver cache: /Users/claratorres1414/.gradle/caches/modules-2/files-2.1/org.slf4j/jul-to-slf4j/2.0.18/ebf10b3d60e79db2a31b3240dc9fd28290705248/jul-to-slf4j-2.0.18.pom
2026-08-21T16:48:36.339-0300 [DEBUG] [org.gradle.api.internal.artifacts.ivyservice.ivyresolve.CachingModuleComponentRepository] Found artifact 'spring-boot-autoconfigure-4.1.0.pom (org.springframework.boot:spring-boot-autoconfigure:4.1.0)' in resolver cache: /Users/claratorres1414/.gradle/caches/modules-2/files-2.1/org.springframework.boot/spring-boot-autoconfigure/4.1.0/34c9eab3daae2f2a387fc068d396f44d19899b8a/spring-boot-autoconfigure-4.1.0.pom
2026-08-21T16:48:36.339-0300 [DEBUG] [org.gradle.api.internal.artifacts.ivyservice.ivyresolve.CachingModuleComponentRepository] Found artifact 'spring-boot-4.1.0.pom (org.springframework.boot:spring-boot:4.1.0)' in resolver cache: /Users/claratorres1414/.gradle/caches/modules-2/files-2.1/org.springframework.boot/spring-boot/4.1.0/5e0c0a087599fc03c7a082ac3011ff672a95f28d/spring-boot-4.1.0.pom
2026-08-21T16:48:36.339-0300 [DEBUG] [org.gradle.api.internal.artifacts.ivyservice.ivyresolve.CachingModuleComponentRepository] Found artifact 'spring-core-7.0.8.pom (org.springframework:spring-core:7.0.8)' in resolver cache: /Users/claratorres1414/.gradle/caches/modules-2/files-2.1/org.springframework/spring-core/7.0.8/3a1b87c1be7cb7b78a603a1f7040b988f7e203f7/spring-core-7.0.8.pom
2026-08-21T16:48:36.339-0300 [DEBUG] [org.gradle.api.internal.artifacts.ivyservice.ivyresolve.CachingModuleComponentRepository] Found artifact 'commons-logging-1.3.6.pom (commons-logging:commons-logging:1.3.6)' in resolver cache: /Users/claratorres1414/.gradle/caches/modules-2/files-2.1/commons-logging/commons-logging/1.3.6/84b4dfc2206951e7a8690fff8f51488629c1e5c9/commons-logging-1.3.6.pom
2026-08-21T16:48:36.339-0300 [DEBUG] [org.gradle.api.internal.artifacts.ivyservice.ivyresolve.CachingModuleComponentRepository] Found artifact 'jspecify-1.0.0.pom (org.jspecify:jspecify:1.0.0)' in resolver cache: /Users/claratorres1414/.gradle/caches/modules-2/files-2.1/org.jspecify/jspecify/1.0.0/fae4a252aeee8a649653b2f239067bcead8f80cb/jspecify-1.0.0.pom
2026-08-21T16:48:36.339-0300 [DEBUG] [org.gradle.api.internal.artifacts.ivyservice.ivyresolve.CachingModuleComponentRepository] Found artifact 'spring-context-7.0.8.pom (org.springframework:spring-context:7.0.8)' in resolver cache: /Users/claratorres1414/.gradle/caches/modules-2/files-2.1/org.springframework/spring-context/7.0.8/4d86e2e728e687819cbc2f76bc238e57ce70c8ca/spring-context-7.0.8.pom
2026-08-21T16:48:36.339-0300 [DEBUG] [org.gradle.api.internal.artifacts.ivyservice.ivyresolve.CachingModuleComponentRepository] Found artifact 'spring-aop-7.0.8.pom (org.springframework:spring-aop:7.0.8)' in resolver cache: /Users/claratorres1414/.gradle/caches/modules-2/files-2.1/org.springframework/spring-aop/7.0.8/560b6b083d60156bfee3111ec12bde909153b883/spring-aop-7.0.8.pom
2026-08-21T16:48:36.339-0300 [DEBUG] [org.gradle.api.internal.artifacts.ivyservice.ivyresolve.CachingModuleComponentRepository] Found artifact 'spring-beans-7.0.8.pom (org.springframework:spring-beans:7.0.8)' in resolver cache: /Users/claratorres1414/.gradle/caches/modules-2/files-2.1/org.springframework/spring-beans/7.0.8/42d6c27a7f50f794632a5634cbc1ea71cb68efd6/spring-beans-7.0.8.pom
2026-08-21T16:48:36.339-0300 [DEBUG] [org.gradle.api.internal.artifacts.ivyservice.ivyresolve.CachingModuleComponentRepository] Found artifact 'spring-expression-7.0.8.pom (org.springframework:spring-expression:7.0.8)' in resolver cache: /Users/claratorres1414/.gradle/caches/modules-2/files-2.1/org.springframework/spring-expression/7.0.8/c81d3e7c410d620715bd9e39099ec0adf60b578e/spring-expression-7.0.8.pom
2026-08-21T16:48:36.339-0300 [DEBUG] [org.gradle.api.internal.artifacts.ivyservice.ivyresolve.CachingModuleComponentRepository] Found artifact 'micrometer-observation-1.17.0.pom (io.micrometer:micrometer-observation:1.17.0)' in resolver cache: /Users/claratorres1414/.gradle/caches/modules-2/files-2.1/io.micrometer/micrometer-observation/1.17.0/866ab3567e0796d34d8b39d83fd4d759de05fa2b/micrometer-observation-1.17.0.pom
2026-08-21T16:48:36.339-0300 [DEBUG] [org.gradle.api.internal.artifacts.ivyservice.ivyresolve.CachingModuleComponentRepository] Found artifact 'micrometer-commons-1.17.0.pom (io.micrometer:micrometer-commons:1.17.0)' in resolver cache: /Users/claratorres1414/.gradle/caches/modules-2/files-2.1/io.micrometer/micrometer-commons/1.17.0/9e7d035c8b145297389cf679d67cdacd94588ed0/micrometer-commons-1.17.0.pom
2026-08-21T16:48:36.339-0300 [DEBUG] [org.gradle.api.internal.artifacts.ivyservice.ivyresolve.CachingModuleComponentRepository] Found artifact 'jakarta.annotation-api-3.0.0.pom (jakarta.annotation:jakarta.annotation-api:3.0.0)' in resolver cache: /Users/claratorres1414/.gradle/caches/modules-2/files-2.1/jakarta.annotation/jakarta.annotation-api/3.0.0/3774955b3c1e7feb18be1fb462886bfb24a9486e/jakarta.annotation-api-3.0.0.pom
2026-08-21T16:48:36.339-0300 [DEBUG] [org.gradle.api.internal.artifacts.ivyservice.ivyresolve.CachingModuleComponentRepository] Found artifact 'snakeyaml-2.6.pom (org.yaml:snakeyaml:2.6)' in resolver cache: /Users/claratorres1414/.gradle/caches/modules-2/files-2.1/org.yaml/snakeyaml/2.6/544d024294a4cc3064b59454cba461d71b3dba61/snakeyaml-2.6.pom
2026-08-21T16:48:36.339-0300 [DEBUG] [org.gradle.api.internal.artifacts.ivyservice.ivyresolve.CachingModuleComponentRepository] Found artifact 'spring-boot-test-4.1.0.pom (org.springframework.boot:spring-boot-test:4.1.0)' in resolver cache: /Users/claratorres1414/.gradle/caches/modules-2/files-2.1/org.springframework.boot/spring-boot-test/4.1.0/dc5db168446087571debcacef4e95e9886de7edb/spring-boot-test-4.1.0.pom
2026-08-21T16:48:36.339-0300 [DEBUG] [org.gradle.api.internal.artifacts.ivyservice.ivyresolve.CachingModuleComponentRepository] Found artifact 'spring-test-7.0.8.pom (org.springframework:spring-test:7.0.8)' in resolver cache: /Users/claratorres1414/.gradle/caches/modules-2/files-2.1/org.springframework/spring-test/7.0.8/58575ab7d992f0ef405f1b3837a7c4209c775f34/spring-test-7.0.8.pom
2026-08-21T16:48:36.339-0300 [DEBUG] [org.gradle.api.internal.artifacts.ivyservice.ivyresolve.CachingModuleComponentRepository] Found artifact 'spring-boot-test-autoconfigure-4.1.0.pom (org.springframework.boot:spring-boot-test-autoconfigure:4.1.0)' in resolver cache: /Users/claratorres1414/.gradle/caches/modules-2/files-2.1/org.springframework.boot/spring-boot-test-autoconfigure/4.1.0/5f8dcdbf5cc523be5955570a0ab86a410dd3cff9/spring-boot-test-autoconfigure-4.1.0.pom
2026-08-21T16:48:36.340-0300 [DEBUG] [org.gradle.api.internal.artifacts.ivyservice.ivyresolve.CachingModuleComponentRepository] Found artifact 'json-path-2.10.0.pom (com.jayway.jsonpath:json-path:2.10.0)' in resolver cache: /Users/claratorres1414/.gradle/caches/modules-2/files-2.1/com.jayway.jsonpath/json-path/2.10.0/9eca27d0537f3d97fca590a9acf6d3999a636c12/json-path-2.10.0.pom
2026-08-21T16:48:36.340-0300 [DEBUG] [org.gradle.api.internal.artifacts.ivyservice.ivyresolve.CachingModuleComponentRepository] Found artifact 'json-smart-2.6.0.pom (net.minidev:json-smart:2.6.0)' in resolver cache: /Users/claratorres1414/.gradle/caches/modules-2/files-2.1/net.minidev/json-smart/2.6.0/9a4c3140bb509c9dac1345ac9cc4f9b185936652/json-smart-2.6.0.pom
2026-08-21T16:48:36.340-0300 [DEBUG] [org.gradle.api.internal.artifacts.ivyservice.ivyresolve.CachingModuleComponentRepository] Found artifact 'accessors-smart-2.6.0.pom (net.minidev:accessors-smart:2.6.0)' in resolver cache: /Users/claratorres1414/.gradle/caches/modules-2/files-2.1/net.minidev/accessors-smart/2.6.0/bfa73bc832ab05f3e339e705ffc7f3ef3f3b3fe9/accessors-smart-2.6.0.pom
2026-08-21T16:48:36.340-0300 [DEBUG] [org.gradle.api.internal.artifacts.ivyservice.ivyresolve.CachingModuleComponentRepository] Found artifact 'asm-9.7.1.pom (org.ow2.asm:asm:9.7.1)' in resolver cache: /Users/claratorres1414/.gradle/caches/modules-2/files-2.1/org.ow2.asm/asm/9.7.1/381a4b6892969305d88ee13c53e88eabff82d382/asm-9.7.1.pom
2026-08-21T16:48:36.340-0300 [DEBUG] [org.gradle.api.internal.artifacts.ivyservice.ivyresolve.CachingModuleComponentRepository] Found artifact 'jakarta.xml.bind-api-4.0.5.pom (jakarta.xml.bind:jakarta.xml.bind-api:4.0.5)' in resolver cache: /Users/claratorres1414/.gradle/caches/modules-2/files-2.1/jakarta.xml.bind/jakarta.xml.bind-api/4.0.5/d844f51e9067313a78d3474673410eb0a89dfe1d/jakarta.xml.bind-api-4.0.5.pom
2026-08-21T16:48:36.340-0300 [DEBUG] [org.gradle.api.internal.artifacts.ivyservice.ivyresolve.CachingModuleComponentRepository] Found artifact 'jakarta.activation-api-2.1.4.pom (jakarta.activation:jakarta.activation-api:2.1.4)' in resolver cache: /Users/claratorres1414/.gradle/caches/modules-2/files-2.1/jakarta.activation/jakarta.activation-api/2.1.4/37cd45f7bf83ba8dd26387ffe8bf58e5570ce6d7/jakarta.activation-api-2.1.4.pom
2026-08-21T16:48:36.340-0300 [DEBUG] [org.gradle.api.internal.artifacts.ivyservice.ivyresolve.CachingModuleComponentRepository] Found artifact 'assertj-core-3.27.7.pom (org.assertj:assertj-core:3.27.7)' in resolver cache: /Users/claratorres1414/.gradle/caches/modules-2/files-2.1/org.assertj/assertj-core/3.27.7/85b34b36ca531996a44596c8cde4e47a916c51d/assertj-core-3.27.7.pom
2026-08-21T16:48:36.340-0300 [DEBUG] [org.gradle.api.internal.artifacts.ivyservice.ivyresolve.CachingModuleComponentRepository] Found artifact 'byte-buddy-1.18.10.pom (net.bytebuddy:byte-buddy:1.18.10)' in resolver cache: /Users/claratorres1414/.gradle/caches/modules-2/files-2.1/net.bytebuddy/byte-buddy/1.18.10/5617a5029d048a77221f633525be19cd0344bba5/byte-buddy-1.18.10.pom
2026-08-21T16:48:36.340-0300 [DEBUG] [org.gradle.api.internal.artifacts.ivyservice.ivyresolve.CachingModuleComponentRepository] Found artifact 'awaitility-4.3.0.pom (org.awaitility:awaitility:4.3.0)' in resolver cache: /Users/claratorres1414/.gradle/caches/modules-2/files-2.1/org.awaitility/awaitility/4.3.0/301c425332ad3ac724f4ef79118ac9f001cf6996/awaitility-4.3.0.pom
2026-08-21T16:48:36.340-0300 [DEBUG] [org.gradle.api.internal.artifacts.ivyservice.ivyresolve.CachingModuleComponentRepository] Found artifact 'hamcrest-3.0.pom (org.hamcrest:hamcrest:3.0)' in resolver cache: /Users/claratorres1414/.gradle/caches/modules-2/files-2.1/org.hamcrest/hamcrest/3.0/3c85240a040ddb51dc33d405ef0e075ec68b6796/hamcrest-3.0.pom
2026-08-21T16:48:36.340-0300 [DEBUG] [org.gradle.api.internal.artifacts.ivyservice.ivyresolve.CachingModuleComponentRepository] Found artifact 'mockito-core-5.23.0.pom (org.mockito:mockito-core:5.23.0)' in resolver cache: /Users/claratorres1414/.gradle/caches/modules-2/files-2.1/org.mockito/mockito-core/5.23.0/460e0202fa34115d7427d7483cc782a99394882f/mockito-core-5.23.0.pom
2026-08-21T16:48:36.340-0300 [DEBUG] [org.gradle.api.internal.artifacts.ivyservice.ivyresolve.CachingModuleComponentRepository] Found artifact 'byte-buddy-agent-1.18.10.pom (net.bytebuddy:byte-buddy-agent:1.18.10)' in resolver cache: /Users/claratorres1414/.gradle/caches/modules-2/files-2.1/net.bytebuddy/byte-buddy-agent/1.18.10/5b9a4ae9f6fea5b44f817f408505a5dd4c07d37a/byte-buddy-agent-1.18.10.pom
2026-08-21T16:48:36.340-0300 [DEBUG] [org.gradle.api.internal.artifacts.ivyservice.ivyresolve.CachingModuleComponentRepository] Found artifact 'objenesis-3.3.pom (org.objenesis:objenesis:3.3)' in resolver cache: /Users/claratorres1414/.gradle/caches/modules-2/files-2.1/org.objenesis/objenesis/3.3/8da1208285232e541d0bbb869bbe66af6ec6abb4/objenesis-3.3.pom
2026-08-21T16:48:36.340-0300 [DEBUG] [org.gradle.api.internal.artifacts.ivyservice.ivyresolve.CachingModuleComponentRepository] Found artifact 'mockito-junit-jupiter-5.23.0.pom (org.mockito:mockito-junit-jupiter:5.23.0)' in resolver cache: /Users/claratorres1414/.gradle/caches/modules-2/files-2.1/org.mockito/mockito-junit-jupiter/5.23.0/4f8f1729f7cb1f3dcdc882723178bc1e52268ed8/mockito-junit-jupiter-5.23.0.pom
2026-08-21T16:48:36.340-0300 [DEBUG] [org.gradle.api.internal.artifacts.ivyservice.ivyresolve.CachingModuleComponentRepository] Found artifact 'jsonassert-1.5.3.pom (org.skyscreamer:jsonassert:1.5.3)' in resolver cache: /Users/claratorres1414/.gradle/caches/modules-2/files-2.1/org.skyscreamer/jsonassert/1.5.3/3a70866a77f30edb22785baf9a21be61051f5e38/jsonassert-1.5.3.pom
2026-08-21T16:48:36.340-0300 [DEBUG] [org.gradle.api.internal.artifacts.ivyservice.ivyresolve.CachingModuleComponentRepository] Found artifact 'android-json-0.0.20131108.vaadin1.pom (com.vaadin.external.google:android-json:0.0.20131108.vaadin1)' in resolver cache: /Users/claratorres1414/.gradle/caches/modules-2/files-2.1/com.vaadin.external.google/android-json/0.0.20131108.vaadin1/90ebaebd21e7bcfad5416f999926d05f834bfeb5/android-json-0.0.20131108.vaadin1.pom
2026-08-21T16:48:36.340-0300 [DEBUG] [org.gradle.api.internal.artifacts.ivyservice.ivyresolve.CachingModuleComponentRepository] Found artifact 'xmlunit-core-2.11.0.pom (org.xmlunit:xmlunit-core:2.11.0)' in resolver cache: /Users/claratorres1414/.gradle/caches/modules-2/files-2.1/org.xmlunit/xmlunit-core/2.11.0/96ccf673978ac81abd500a5e4bd816c9a3236910/xmlunit-core-2.11.0.pom
2026-08-21T16:48:36.340-0300 [DEBUG] [org.gradle.api.internal.artifacts.ivyservice.ivyresolve.CachingModuleComponentRepository] Found artifact 'spring-boot-starter-web-4.1.0.pom (org.springframework.boot:spring-boot-starter-web:4.1.0)' in resolver cache: /Users/claratorres1414/.gradle/caches/modules-2/files-2.1/org.springframework.boot/spring-boot-starter-web/4.1.0/f2c13b53ed7dba0848e91887323147f485e672b2/spring-boot-starter-web-4.1.0.pom
2026-08-21T16:48:36.340-0300 [DEBUG] [org.gradle.api.internal.artifacts.ivyservice.ivyresolve.CachingModuleComponentRepository] Found artifact 'spring-boot-starter-jackson-4.1.0.pom (org.springframework.boot:spring-boot-starter-jackson:4.1.0)' in resolver cache: /Users/claratorres1414/.gradle/caches/modules-2/files-2.1/org.springframework.boot/spring-boot-starter-jackson/4.1.0/2b2ea0763b2ef513464be7c95476fe9001b12f2b/spring-boot-starter-jackson-4.1.0.pom
2026-08-21T16:48:36.340-0300 [DEBUG] [org.gradle.api.internal.artifacts.ivyservice.ivyresolve.CachingModuleComponentRepository] Found artifact 'spring-boot-jackson-4.1.0.pom (org.springframework.boot:spring-boot-jackson:4.1.0)' in resolver cache: /Users/claratorres1414/.gradle/caches/modules-2/files-2.1/org.springframework.boot/spring-boot-jackson/4.1.0/fc629c31f7cde70bea9d78edf359b5a26dd7ece3/spring-boot-jackson-4.1.0.pom
2026-08-21T16:48:36.340-0300 [DEBUG] [org.gradle.api.internal.artifacts.ivyservice.ivyresolve.CachingModuleComponentRepository] Found artifact 'jackson-databind-3.1.4.pom (tools.jackson.core:jackson-databind:3.1.4)' in resolver cache: /Users/claratorres1414/.gradle/caches/modules-2/files-2.1/tools.jackson.core/jackson-databind/3.1.4/1d68906879d2e40e675092f04075a8ac55b3cdf7/jackson-databind-3.1.4.pom
2026-08-21T16:48:36.340-0300 [DEBUG] [org.gradle.api.internal.artifacts.ivyservice.ivyresolve.CachingModuleComponentRepository] Found artifact 'jackson-annotations-2.21.pom (com.fasterxml.jackson.core:jackson-annotations:2.21)' in resolver cache: /Users/claratorres1414/.gradle/caches/modules-2/files-2.1/com.fasterxml.jackson.core/jackson-annotations/2.21/2e729bf0e12485bd0c2044e09bb505fb0e52b822/jackson-annotations-2.21.pom
2026-08-21T16:48:36.340-0300 [DEBUG] [org.gradle.api.internal.artifacts.ivyservice.ivyresolve.CachingModuleComponentRepository] Found artifact 'jackson-core-3.1.4.pom (tools.jackson.core:jackson-core:3.1.4)' in resolver cache: /Users/claratorres1414/.gradle/caches/modules-2/files-2.1/tools.jackson.core/jackson-core/3.1.4/755c075fd6475417c21bb977cf90eb240f81f8a0/jackson-core-3.1.4.pom
2026-08-21T16:48:36.340-0300 [DEBUG] [org.gradle.api.internal.artifacts.ivyservice.ivyresolve.CachingModuleComponentRepository] Found artifact 'spring-boot-starter-tomcat-4.1.0.pom (org.springframework.boot:spring-boot-starter-tomcat:4.1.0)' in resolver cache: /Users/claratorres1414/.gradle/caches/modules-2/files-2.1/org.springframework.boot/spring-boot-starter-tomcat/4.1.0/64c7944053499de9306621c7161e5e6297689533/spring-boot-starter-tomcat-4.1.0.pom
2026-08-21T16:48:36.340-0300 [DEBUG] [org.gradle.api.internal.artifacts.ivyservice.ivyresolve.CachingModuleComponentRepository] Found artifact 'spring-boot-starter-tomcat-runtime-4.1.0.pom (org.springframework.boot:spring-boot-starter-tomcat-runtime:4.1.0)' in resolver cache: /Users/claratorres1414/.gradle/caches/modules-2/files-2.1/org.springframework.boot/spring-boot-starter-tomcat-runtime/4.1.0/4649cccff412079b71cc52c90a0b37e32d85acd1/spring-boot-starter-tomcat-runtime-4.1.0.pom
2026-08-21T16:48:36.341-0300 [DEBUG] [org.gradle.api.internal.artifacts.ivyservice.ivyresolve.CachingModuleComponentRepository] Found artifact 'spring-boot-tomcat-4.1.0.pom (org.springframework.boot:spring-boot-tomcat:4.1.0)' in resolver cache: /Users/claratorres1414/.gradle/caches/modules-2/files-2.1/org.springframework.boot/spring-boot-tomcat/4.1.0/ecf112461be4356da3f2bae9f04d7cc738ad4d8e/spring-boot-tomcat-4.1.0.pom
2026-08-21T16:48:36.341-0300 [DEBUG] [org.gradle.api.internal.artifacts.ivyservice.ivyresolve.CachingModuleComponentRepository] Found artifact 'spring-boot-web-server-4.1.0.pom (org.springframework.boot:spring-boot-web-server:4.1.0)' in resolver cache: /Users/claratorres1414/.gradle/caches/modules-2/files-2.1/org.springframework.boot/spring-boot-web-server/4.1.0/2da20d5c9dbee801714b0aac8c7894be0f5315bf/spring-boot-web-server-4.1.0.pom
2026-08-21T16:48:36.341-0300 [DEBUG] [org.gradle.api.internal.artifacts.ivyservice.ivyresolve.CachingModuleComponentRepository] Found artifact 'spring-web-7.0.8.pom (org.springframework:spring-web:7.0.8)' in resolver cache: /Users/claratorres1414/.gradle/caches/modules-2/files-2.1/org.springframework/spring-web/7.0.8/eba3f32b887829013c0b71167bf279a891832557/spring-web-7.0.8.pom
2026-08-21T16:48:36.341-0300 [DEBUG] [org.gradle.api.internal.artifacts.ivyservice.ivyresolve.CachingModuleComponentRepository] Found artifact 'tomcat-embed-core-11.0.22.pom (org.apache.tomcat.embed:tomcat-embed-core:11.0.22)' in resolver cache: /Users/claratorres1414/.gradle/caches/modules-2/files-2.1/org.apache.tomcat.embed/tomcat-embed-core/11.0.22/29328abaaf6e360f689107035a544f0da297e84f/tomcat-embed-core-11.0.22.pom
2026-08-21T16:48:36.341-0300 [DEBUG] [org.gradle.api.internal.artifacts.ivyservice.ivyresolve.CachingModuleComponentRepository] Found artifact 'tomcat-embed-el-11.0.22.pom (org.apache.tomcat.embed:tomcat-embed-el:11.0.22)' in resolver cache: /Users/claratorres1414/.gradle/caches/modules-2/files-2.1/org.apache.tomcat.embed/tomcat-embed-el/11.0.22/eed2841bd1ef28a9fda89506ec35c0d1b9259d8b/tomcat-embed-el-11.0.22.pom
2026-08-21T16:48:36.341-0300 [DEBUG] [org.gradle.api.internal.artifacts.ivyservice.ivyresolve.CachingModuleComponentRepository] Found artifact 'tomcat-embed-websocket-11.0.22.pom (org.apache.tomcat.embed:tomcat-embed-websocket:11.0.22)' in resolver cache: /Users/claratorres1414/.gradle/caches/modules-2/files-2.1/org.apache.tomcat.embed/tomcat-embed-websocket/11.0.22/2b026a28e1c8dcdd179fee3aace38067415478f6/tomcat-embed-websocket-11.0.22.pom
2026-08-21T16:48:36.341-0300 [DEBUG] [org.gradle.api.internal.artifacts.ivyservice.ivyresolve.CachingModuleComponentRepository] Found artifact 'spring-boot-http-converter-4.1.0.pom (org.springframework.boot:spring-boot-http-converter:4.1.0)' in resolver cache: /Users/claratorres1414/.gradle/caches/modules-2/files-2.1/org.springframework.boot/spring-boot-http-converter/4.1.0/97ac01e5feeaffbd28184fc7e755edee0246b4cd/spring-boot-http-converter-4.1.0.pom
2026-08-21T16:48:36.341-0300 [DEBUG] [org.gradle.api.internal.artifacts.ivyservice.ivyresolve.CachingModuleComponentRepository] Found artifact 'spring-boot-webmvc-4.1.0.pom (org.springframework.boot:spring-boot-webmvc:4.1.0)' in resolver cache: /Users/claratorres1414/.gradle/caches/modules-2/files-2.1/org.springframework.boot/spring-boot-webmvc/4.1.0/bd499d8d71db090ae89063a29dd0ce351370f949/spring-boot-webmvc-4.1.0.pom
2026-08-21T16:48:36.341-0300 [DEBUG] [org.gradle.api.internal.artifacts.ivyservice.ivyresolve.CachingModuleComponentRepository] Found artifact 'spring-boot-servlet-4.1.0.pom (org.springframework.boot:spring-boot-servlet:4.1.0)' in resolver cache: /Users/claratorres1414/.gradle/caches/modules-2/files-2.1/org.springframework.boot/spring-boot-servlet/4.1.0/75c8db3f0febc3f4ba44540dc0ba936b1244ab64/spring-boot-servlet-4.1.0.pom
2026-08-21T16:48:36.341-0300 [DEBUG] [org.gradle.api.internal.artifacts.ivyservice.ivyresolve.CachingModuleComponentRepository] Found artifact 'spring-webmvc-7.0.8.pom (org.springframework:spring-webmvc:7.0.8)' in resolver cache: /Users/claratorres1414/.gradle/caches/modules-2/files-2.1/org.springframework/spring-webmvc/7.0.8/fdc76a1711cbc62d7329f20ca913487d32921348/spring-webmvc-7.0.8.pom
2026-08-21T16:48:36.341-0300 [DEBUG] [org.gradle.api.internal.artifacts.ivyservice.ivyresolve.CachingModuleComponentRepository] Found artifact 'spring-boot-starter-data-jpa-4.1.0.pom (org.springframework.boot:spring-boot-starter-data-jpa:4.1.0)' in resolver cache: /Users/claratorres1414/.gradle/caches/modules-2/files-2.1/org.springframework.boot/spring-boot-starter-data-jpa/4.1.0/c7080dfa89da220814fe8e4bbe5cc7428f722c9a/spring-boot-starter-data-jpa-4.1.0.pom
2026-08-21T16:48:36.341-0300 [DEBUG] [org.gradle.api.internal.artifacts.ivyservice.ivyresolve.CachingModuleComponentRepository] Found artifact 'spring-boot-starter-jdbc-4.1.0.pom (org.springframework.boot:spring-boot-starter-jdbc:4.1.0)' in resolver cache: /Users/claratorres1414/.gradle/caches/modules-2/files-2.1/org.springframework.boot/spring-boot-starter-jdbc/4.1.0/fdeabd3b6c59a572c7fde27c49cf9ba73554c3ca/spring-boot-starter-jdbc-4.1.0.pom
2026-08-21T16:48:36.341-0300 [DEBUG] [org.gradle.api.internal.artifacts.ivyservice.ivyresolve.CachingModuleComponentRepository] Found artifact 'spring-boot-jdbc-4.1.0.pom (org.springframework.boot:spring-boot-jdbc:4.1.0)' in resolver cache: /Users/claratorres1414/.gradle/caches/modules-2/files-2.1/org.springframework.boot/spring-boot-jdbc/4.1.0/f821698f7855d8061d6d600b9f52b8a3b2ee77c7/spring-boot-jdbc-4.1.0.pom
2026-08-21T16:48:36.341-0300 [DEBUG] [org.gradle.api.internal.artifacts.ivyservice.ivyresolve.CachingModuleComponentRepository] Found artifact 'spring-boot-sql-4.1.0.pom (org.springframework.boot:spring-boot-sql:4.1.0)' in resolver cache: /Users/claratorres1414/.gradle/caches/modules-2/files-2.1/org.springframework.boot/spring-boot-sql/4.1.0/a3dbb3b528f780c090cf7c4b35f1710ad1f63639/spring-boot-sql-4.1.0.pom
2026-08-21T16:48:36.341-0300 [DEBUG] [org.gradle.api.internal.artifacts.ivyservice.ivyresolve.CachingModuleComponentRepository] Found artifact 'spring-boot-transaction-4.1.0.pom (org.springframework.boot:spring-boot-transaction:4.1.0)' in resolver cache: /Users/claratorres1414/.gradle/caches/modules-2/files-2.1/org.springframework.boot/spring-boot-transaction/4.1.0/4be164258752b3438d5fd1cdcb1e9f0de540a8e9/spring-boot-transaction-4.1.0.pom
2026-08-21T16:48:36.341-0300 [DEBUG] [org.gradle.api.internal.artifacts.ivyservice.ivyresolve.CachingModuleComponentRepository] Found artifact 'spring-boot-persistence-4.1.0.pom (org.springframework.boot:spring-boot-persistence:4.1.0)' in resolver cache: /Users/claratorres1414/.gradle/caches/modules-2/files-2.1/org.springframework.boot/spring-boot-persistence/4.1.0/bd5dd3021c16579cdebf7e7cb3e2747fb669bcf3/spring-boot-persistence-4.1.0.pom
2026-08-21T16:48:36.341-0300 [DEBUG] [org.gradle.api.internal.artifacts.ivyservice.ivyresolve.CachingModuleComponentRepository] Found artifact 'spring-tx-7.0.8.pom (org.springframework:spring-tx:7.0.8)' in resolver cache: /Users/claratorres1414/.gradle/caches/modules-2/files-2.1/org.springframework/spring-tx/7.0.8/89455c30d129dee68fdf52248ed0cd9988ad238d/spring-tx-7.0.8.pom
2026-08-21T16:48:36.341-0300 [DEBUG] [org.gradle.api.internal.artifacts.ivyservice.ivyresolve.CachingModuleComponentRepository] Found artifact 'spring-jdbc-7.0.8.pom (org.springframework:spring-jdbc:7.0.8)' in resolver cache: /Users/claratorres1414/.gradle/caches/modules-2/files-2.1/org.springframework/spring-jdbc/7.0.8/68473fed4849f8e30f4c709a384223595985ce5c/spring-jdbc-7.0.8.pom
2026-08-21T16:48:36.341-0300 [DEBUG] [org.gradle.api.internal.artifacts.ivyservice.ivyresolve.CachingModuleComponentRepository] Found artifact 'HikariCP-7.0.2.pom (com.zaxxer:HikariCP:7.0.2)' in resolver cache: /Users/claratorres1414/.gradle/caches/modules-2/files-2.1/com.zaxxer/HikariCP/7.0.2/b700b5899cad5d74eadd37c74d872c61cad2bc1e/HikariCP-7.0.2.pom
2026-08-21T16:48:36.341-0300 [DEBUG] [org.gradle.api.internal.artifacts.ivyservice.ivyresolve.CachingModuleComponentRepository] Found artifact 'spring-boot-data-jpa-4.1.0.pom (org.springframework.boot:spring-boot-data-jpa:4.1.0)' in resolver cache: /Users/claratorres1414/.gradle/caches/modules-2/files-2.1/org.springframework.boot/spring-boot-data-jpa/4.1.0/fb133136a4638dc325cd4f5a3dad456b2cfe2856/spring-boot-data-jpa-4.1.0.pom
2026-08-21T16:48:36.341-0300 [DEBUG] [org.gradle.api.internal.artifacts.ivyservice.ivyresolve.CachingModuleComponentRepository] Found artifact 'spring-boot-data-commons-4.1.0.pom (org.springframework.boot:spring-boot-data-commons:4.1.0)' in resolver cache: /Users/claratorres1414/.gradle/caches/modules-2/files-2.1/org.springframework.boot/spring-boot-data-commons/4.1.0/551c7407ec2ae67db51116249c452d8da3773626/spring-boot-data-commons-4.1.0.pom
2026-08-21T16:48:36.341-0300 [DEBUG] [org.gradle.api.internal.artifacts.ivyservice.ivyresolve.CachingModuleComponentRepository] Found artifact 'spring-data-commons-4.1.0.pom (org.springframework.data:spring-data-commons:4.1.0)' in resolver cache: /Users/claratorres1414/.gradle/caches/modules-2/files-2.1/org.springframework.data/spring-data-commons/4.1.0/c2e9bc315fefff9b7e5adafd89e7d568b1359d4f/spring-data-commons-4.1.0.pom
2026-08-21T16:48:36.341-0300 [DEBUG] [org.gradle.api.internal.artifacts.ivyservice.ivyresolve.CachingModuleComponentRepository] Found artifact 'spring-boot-hibernate-4.1.0.pom (org.springframework.boot:spring-boot-hibernate:4.1.0)' in resolver cache: /Users/claratorres1414/.gradle/caches/modules-2/files-2.1/org.springframework.boot/spring-boot-hibernate/4.1.0/c3aa6ea6125999b008670dc73ec5c256f3988eea/spring-boot-hibernate-4.1.0.pom
2026-08-21T16:48:36.341-0300 [DEBUG] [org.gradle.api.internal.artifacts.ivyservice.ivyresolve.CachingModuleComponentRepository] Found artifact 'spring-boot-jpa-4.1.0.pom (org.springframework.boot:spring-boot-jpa:4.1.0)' in resolver cache: /Users/claratorres1414/.gradle/caches/modules-2/files-2.1/org.springframework.boot/spring-boot-jpa/4.1.0/bd9a5c7daa02eb6a898ef3a8a4c64a9aecf15b33/spring-boot-jpa-4.1.0.pom
2026-08-21T16:48:36.342-0300 [DEBUG] [org.gradle.api.internal.artifacts.ivyservice.ivyresolve.CachingModuleComponentRepository] Found artifact 'jakarta.persistence-api-3.2.0.pom (jakarta.persistence:jakarta.persistence-api:3.2.0)' in resolver cache: /Users/claratorres1414/.gradle/caches/modules-2/files-2.1/jakarta.persistence/jakarta.persistence-api/3.2.0/80f492fc4643b89f8a1b0c920b5e53e22ac211e2/jakarta.persistence-api-3.2.0.pom
2026-08-21T16:48:36.342-0300 [DEBUG] [org.gradle.api.internal.artifacts.ivyservice.ivyresolve.CachingModuleComponentRepository] Found artifact 'spring-orm-7.0.8.pom (org.springframework:spring-orm:7.0.8)' in resolver cache: /Users/claratorres1414/.gradle/caches/modules-2/files-2.1/org.springframework/spring-orm/7.0.8/9fa408f9a33d4a272b55ad4c593a51d7e899c366/spring-orm-7.0.8.pom
2026-08-21T16:48:36.342-0300 [DEBUG] [org.gradle.api.internal.artifacts.ivyservice.ivyresolve.CachingModuleComponentRepository] Found artifact 'hibernate-core-7.4.1.Final.pom (org.hibernate.orm:hibernate-core:7.4.1.Final)' in resolver cache: /Users/claratorres1414/.gradle/caches/modules-2/files-2.1/org.hibernate.orm/hibernate-core/7.4.1.Final/6e519356266e37dc4ef20adf991fb27c3e3bf592/hibernate-core-7.4.1.Final.pom
2026-08-21T16:48:36.342-0300 [DEBUG] [org.gradle.api.internal.artifacts.ivyservice.ivyresolve.CachingModuleComponentRepository] Found artifact 'jboss-logging-3.6.3.Final.pom (org.jboss.logging:jboss-logging:3.6.3.Final)' in resolver cache: /Users/claratorres1414/.gradle/caches/modules-2/files-2.1/org.jboss.logging/jboss-logging/3.6.3.Final/4fe46a9999ac175ddd026bd27d3978495b2cddc2/jboss-logging-3.6.3.Final.pom
2026-08-21T16:48:36.342-0300 [DEBUG] [org.gradle.api.internal.artifacts.ivyservice.ivyresolve.CachingModuleComponentRepository] Found artifact 'hibernate-models-1.1.1.pom (org.hibernate.models:hibernate-models:1.1.1)' in resolver cache: /Users/claratorres1414/.gradle/caches/modules-2/files-2.1/org.hibernate.models/hibernate-models/1.1.1/6a9aa8e62d4a9bea8e64bc0c449ec5962118166a/hibernate-models-1.1.1.pom
2026-08-21T16:48:36.342-0300 [DEBUG] [org.gradle.api.internal.artifacts.ivyservice.ivyresolve.CachingModuleComponentRepository] Found artifact 'jaxb-runtime-4.0.9.pom (org.glassfish.jaxb:jaxb-runtime:4.0.9)' in resolver cache: /Users/claratorres1414/.gradle/caches/modules-2/files-2.1/org.glassfish.jaxb/jaxb-runtime/4.0.9/c16a300311ab0d491b0f470e13bdfdbdad7bd8a6/jaxb-runtime-4.0.9.pom
2026-08-21T16:48:36.342-0300 [DEBUG] [org.gradle.api.internal.artifacts.ivyservice.ivyresolve.CachingModuleComponentRepository] Found artifact 'jaxb-core-4.0.9.pom (org.glassfish.jaxb:jaxb-core:4.0.9)' in resolver cache: /Users/claratorres1414/.gradle/caches/modules-2/files-2.1/org.glassfish.jaxb/jaxb-core/4.0.9/f1a03cb3295d2fc110feacb33a03fc52376bcf08/jaxb-core-4.0.9.pom
2026-08-21T16:48:36.342-0300 [DEBUG] [org.gradle.api.internal.artifacts.ivyservice.ivyresolve.CachingModuleComponentRepository] Found artifact 'angus-activation-2.0.3.pom (org.eclipse.angus:angus-activation:2.0.3)' in resolver cache: /Users/claratorres1414/.gradle/caches/modules-2/files-2.1/org.eclipse.angus/angus-activation/2.0.3/542229910dfee918ffa562c8d19d146fc05fe1d8/angus-activation-2.0.3.pom
2026-08-21T16:48:36.342-0300 [DEBUG] [org.gradle.api.internal.artifacts.ivyservice.ivyresolve.CachingModuleComponentRepository] Found artifact 'txw2-4.0.9.pom (org.glassfish.jaxb:txw2:4.0.9)' in resolver cache: /Users/claratorres1414/.gradle/caches/modules-2/files-2.1/org.glassfish.jaxb/txw2/4.0.9/be29f44a08b459cd4017a49a81d2158a29c597e/txw2-4.0.9.pom
2026-08-21T16:48:36.342-0300 [DEBUG] [org.gradle.api.internal.artifacts.ivyservice.ivyresolve.CachingModuleComponentRepository] Found artifact 'istack-commons-runtime-4.1.2.pom (com.sun.istack:istack-commons-runtime:4.1.2)' in resolver cache: /Users/claratorres1414/.gradle/caches/modules-2/files-2.1/com.sun.istack/istack-commons-runtime/4.1.2/791e64803f294eafcf0f401c399d626ad0721500/istack-commons-runtime-4.1.2.pom
2026-08-21T16:48:36.342-0300 [DEBUG] [org.gradle.api.internal.artifacts.ivyservice.ivyresolve.CachingModuleComponentRepository] Found artifact 'jakarta.inject-api-2.0.1.pom (jakarta.inject:jakarta.inject-api:2.0.1)' in resolver cache: /Users/claratorres1414/.gradle/caches/modules-2/files-2.1/jakarta.inject/jakarta.inject-api/2.0.1/d53e5e2c5362dc3f6748efac10909af8562b3505/jakarta.inject-api-2.0.1.pom
2026-08-21T16:48:36.342-0300 [DEBUG] [org.gradle.api.internal.artifacts.ivyservice.ivyresolve.CachingModuleComponentRepository] Found artifact 'antlr4-runtime-4.13.2.pom (org.antlr:antlr4-runtime:4.13.2)' in resolver cache: /Users/claratorres1414/.gradle/caches/modules-2/files-2.1/org.antlr/antlr4-runtime/4.13.2/d07a9559966ddaa848df4dd2099f15ceaab173ca/antlr4-runtime-4.13.2.pom
2026-08-21T16:48:36.342-0300 [DEBUG] [org.gradle.api.internal.artifacts.ivyservice.ivyresolve.CachingModuleComponentRepository] Found artifact 'hibernate-platform-7.4.1.Final.pom (org.hibernate.orm:hibernate-platform:7.4.1.Final)' in resolver cache: /Users/claratorres1414/.gradle/caches/modules-2/files-2.1/org.hibernate.orm/hibernate-platform/7.4.1.Final/cd4cfab75b570dc8999da47102c5495ecfc2e534/hibernate-platform-7.4.1.Final.pom
2026-08-21T16:48:36.342-0300 [DEBUG] [org.gradle.api.internal.artifacts.ivyservice.ivyresolve.CachingModuleComponentRepository] Found artifact 'jakarta.transaction-api-2.0.1.pom (jakarta.transaction:jakarta.transaction-api:2.0.1)' in resolver cache: /Users/claratorres1414/.gradle/caches/modules-2/files-2.1/jakarta.transaction/jakarta.transaction-api/2.0.1/5ea0f7ca81255825d28b937eb08d718087a0daa9/jakarta.transaction-api-2.0.1.pom
2026-08-21T16:48:36.342-0300 [DEBUG] [org.gradle.api.internal.artifacts.ivyservice.ivyresolve.CachingModuleComponentRepository] Found artifact 'spring-data-jpa-4.1.0.pom (org.springframework.data:spring-data-jpa:4.1.0)' in resolver cache: /Users/claratorres1414/.gradle/caches/modules-2/files-2.1/org.springframework.data/spring-data-jpa/4.1.0/260881e074e99f12cd1a63261308fba13d8efb8c/spring-data-jpa-4.1.0.pom
2026-08-21T16:48:36.342-0300 [DEBUG] [org.gradle.api.internal.artifacts.ivyservice.ivyresolve.CachingModuleComponentRepository] Found artifact 'spring-aspects-7.0.8.pom (org.springframework:spring-aspects:7.0.8)' in resolver cache: /Users/claratorres1414/.gradle/caches/modules-2/files-2.1/org.springframework/spring-aspects/7.0.8/1c5c543d9805508b76e31a4a0834d9680138bea1/spring-aspects-7.0.8.pom
2026-08-21T16:48:36.342-0300 [DEBUG] [org.gradle.api.internal.artifacts.ivyservice.ivyresolve.CachingModuleComponentRepository] Found artifact 'aspectjweaver-1.9.25.1.pom (org.aspectj:aspectjweaver:1.9.25.1)' in resolver cache: /Users/claratorres1414/.gradle/caches/modules-2/files-2.1/org.aspectj/aspectjweaver/1.9.25.1/ed10c5d0d11143312a444a25d2619c2b5e74152c/aspectjweaver-1.9.25.1.pom
2026-08-21T16:48:36.342-0300 [DEBUG] [org.gradle.api.internal.artifacts.ivyservice.ivyresolve.CachingModuleComponentRepository] Found artifact 'flyway-core-12.4.0.pom (org.flywaydb:flyway-core:12.4.0)' in resolver cache: /Users/claratorres1414/.gradle/caches/modules-2/files-2.1/org.flywaydb/flyway-core/12.4.0/463c0702a17b2a8fb5ef5c6789ac57c287440ffc/flyway-core-12.4.0.pom
2026-08-21T16:48:36.342-0300 [DEBUG] [org.gradle.api.internal.artifacts.ivyservice.ivyresolve.CachingModuleComponentRepository] Found artifact 'spring-boot-starter-data-redis-4.1.0.pom (org.springframework.boot:spring-boot-starter-data-redis:4.1.0)' in resolver cache: /Users/claratorres1414/.gradle/caches/modules-2/files-2.1/org.springframework.boot/spring-boot-starter-data-redis/4.1.0/73523e83e865a8403e14969f2fd7711239ba46fa/spring-boot-starter-data-redis-4.1.0.pom
2026-08-21T16:48:36.342-0300 [DEBUG] [org.gradle.api.internal.artifacts.ivyservice.ivyresolve.CachingModuleComponentRepository] Found artifact 'spring-boot-data-redis-4.1.0.pom (org.springframework.boot:spring-boot-data-redis:4.1.0)' in resolver cache: /Users/claratorres1414/.gradle/caches/modules-2/files-2.1/org.springframework.boot/spring-boot-data-redis/4.1.0/e4bcfc84f3afe2bc179caa53350ac5cabeabf43c/spring-boot-data-redis-4.1.0.pom
2026-08-21T16:48:36.342-0300 [DEBUG] [org.gradle.api.internal.artifacts.ivyservice.ivyresolve.CachingModuleComponentRepository] Found artifact 'spring-boot-netty-4.1.0.pom (org.springframework.boot:spring-boot-netty:4.1.0)' in resolver cache: /Users/claratorres1414/.gradle/caches/modules-2/files-2.1/org.springframework.boot/spring-boot-netty/4.1.0/392bfa14c944d4495a742ddac7a93b8924f0817a/spring-boot-netty-4.1.0.pom
2026-08-21T16:48:36.342-0300 [DEBUG] [org.gradle.api.internal.artifacts.ivyservice.ivyresolve.CachingModuleComponentRepository] Found artifact 'netty-common-4.2.15.Final.pom (io.netty:netty-common:4.2.15.Final)' in resolver cache: /Users/claratorres1414/.gradle/caches/modules-2/files-2.1/io.netty/netty-common/4.2.15.Final/10e7cb664ed15daad4f2af2d77ee74f6d650c962/netty-common-4.2.15.Final.pom
2026-08-21T16:48:36.342-0300 [DEBUG] [org.gradle.api.internal.artifacts.ivyservice.ivyresolve.CachingModuleComponentRepository] Found artifact 'lettuce-core-7.5.2.RELEASE.pom (io.lettuce:lettuce-core:7.5.2.RELEASE)' in resolver cache: /Users/claratorres1414/.gradle/caches/modules-2/files-2.1/io.lettuce/lettuce-core/7.5.2.RELEASE/361d0d5e260be6aee8cb54f2730b998dca4b7dd1/lettuce-core-7.5.2.RELEASE.pom
2026-08-21T16:48:36.342-0300 [DEBUG] [org.gradle.api.internal.artifacts.ivyservice.ivyresolve.CachingModuleComponentRepository] Found artifact 'redis-authx-core-0.1.1-beta2.pom (redis.clients.authentication:redis-authx-core:0.1.1-beta2)' in resolver cache: /Users/claratorres1414/.gradle/caches/modules-2/files-2.1/redis.clients.authentication/redis-authx-core/0.1.1-beta2/5c4bae4f4163ce9b4fb622fac23838a24f133522/redis-authx-core-0.1.1-beta2.pom
2026-08-21T16:48:36.342-0300 [DEBUG] [org.gradle.api.internal.artifacts.ivyservice.ivyresolve.CachingModuleComponentRepository] Found artifact 'netty-handler-4.2.15.Final.pom (io.netty:netty-handler:4.2.15.Final)' in resolver cache: /Users/claratorres1414/.gradle/caches/modules-2/files-2.1/io.netty/netty-handler/4.2.15.Final/6ae33e7fde22ca3a923a12398c4a2984a274deee/netty-handler-4.2.15.Final.pom
2026-08-21T16:48:36.343-0300 [DEBUG] [org.gradle.api.internal.artifacts.ivyservice.ivyresolve.CachingModuleComponentRepository] Found artifact 'netty-resolver-4.2.15.Final.pom (io.netty:netty-resolver:4.2.15.Final)' in resolver cache: /Users/claratorres1414/.gradle/caches/modules-2/files-2.1/io.netty/netty-resolver/4.2.15.Final/3866626678a6df98d9a409422b292641041b9a9a/netty-resolver-4.2.15.Final.pom
2026-08-21T16:48:36.343-0300 [DEBUG] [org.gradle.api.internal.artifacts.ivyservice.ivyresolve.CachingModuleComponentRepository] Found artifact 'netty-buffer-4.2.15.Final.pom (io.netty:netty-buffer:4.2.15.Final)' in resolver cache: /Users/claratorres1414/.gradle/caches/modules-2/files-2.1/io.netty/netty-buffer/4.2.15.Final/246f030b3d7a2df386931a9399993550da820f1a/netty-buffer-4.2.15.Final.pom
2026-08-21T16:48:36.343-0300 [DEBUG] [org.gradle.api.internal.artifacts.ivyservice.ivyresolve.CachingModuleComponentRepository] Found artifact 'netty-transport-4.2.15.Final.pom (io.netty:netty-transport:4.2.15.Final)' in resolver cache: /Users/claratorres1414/.gradle/caches/modules-2/files-2.1/io.netty/netty-transport/4.2.15.Final/9fe6a8b7a493999ff1b3eb2f17be9207b3ad9b01/netty-transport-4.2.15.Final.pom
2026-08-21T16:48:36.343-0300 [DEBUG] [org.gradle.api.internal.artifacts.ivyservice.ivyresolve.CachingModuleComponentRepository] Found artifact 'netty-transport-native-unix-common-4.2.15.Final.pom (io.netty:netty-transport-native-unix-common:4.2.15.Final)' in resolver cache: /Users/claratorres1414/.gradle/caches/modules-2/files-2.1/io.netty/netty-transport-native-unix-common/4.2.15.Final/787700ee26833e40d9b1a562448566d6ae592ead/netty-transport-native-unix-common-4.2.15.Final.pom
2026-08-21T16:48:36.343-0300 [DEBUG] [org.gradle.api.internal.artifacts.ivyservice.ivyresolve.CachingModuleComponentRepository] Found artifact 'netty-codec-base-4.2.15.Final.pom (io.netty:netty-codec-base:4.2.15.Final)' in resolver cache: /Users/claratorres1414/.gradle/caches/modules-2/files-2.1/io.netty/netty-codec-base/4.2.15.Final/69262a07d58cf9d898e1cd2af7a879035b2bbeba/netty-codec-base-4.2.15.Final.pom
2026-08-21T16:48:36.343-0300 [DEBUG] [org.gradle.api.internal.artifacts.ivyservice.ivyresolve.CachingModuleComponentRepository] Found artifact 'reactor-core-3.8.6.pom (io.projectreactor:reactor-core:3.8.6)' in resolver cache: /Users/claratorres1414/.gradle/caches/modules-2/files-2.1/io.projectreactor/reactor-core/3.8.6/4b2df78c8bf9a1f6c12dc996ec2f9fa6d7b60ed4/reactor-core-3.8.6.pom
2026-08-21T16:48:36.343-0300 [DEBUG] [org.gradle.api.internal.artifacts.ivyservice.ivyresolve.CachingModuleComponentRepository] Found artifact 'reactive-streams-1.0.4.pom (org.reactivestreams:reactive-streams:1.0.4)' in resolver cache: /Users/claratorres1414/.gradle/caches/modules-2/files-2.1/org.reactivestreams/reactive-streams/1.0.4/1ca52a3b51493500972199a713c886d38e03ac15/reactive-streams-1.0.4.pom
2026-08-21T16:48:36.343-0300 [DEBUG] [org.gradle.api.internal.artifacts.ivyservice.ivyresolve.CachingModuleComponentRepository] Found artifact 'netty-resolver-dns-4.2.15.Final.pom (io.netty:netty-resolver-dns:4.2.15.Final)' in resolver cache: /Users/claratorres1414/.gradle/caches/modules-2/files-2.1/io.netty/netty-resolver-dns/4.2.15.Final/8e910474fff353529a02d87a8160d64c2efb677e/netty-resolver-dns-4.2.15.Final.pom
2026-08-21T16:48:36.343-0300 [DEBUG] [org.gradle.api.internal.artifacts.ivyservice.ivyresolve.CachingModuleComponentRepository] Found artifact 'netty-codec-dns-4.2.15.Final.pom (io.netty:netty-codec-dns:4.2.15.Final)' in resolver cache: /Users/claratorres1414/.gradle/caches/modules-2/files-2.1/io.netty/netty-codec-dns/4.2.15.Final/62486b42c0ec6b897574cc7a91cdc3bb00a28ef9/netty-codec-dns-4.2.15.Final.pom
2026-08-21T16:48:36.343-0300 [DEBUG] [org.gradle.api.internal.artifacts.ivyservice.ivyresolve.CachingModuleComponentRepository] Found artifact 'spring-data-redis-4.1.0.pom (org.springframework.data:spring-data-redis:4.1.0)' in resolver cache: /Users/claratorres1414/.gradle/caches/modules-2/files-2.1/org.springframework.data/spring-data-redis/4.1.0/466ea42d8e17e5f9a3debe0def3267d26feefd10/spring-data-redis-4.1.0.pom
2026-08-21T16:48:36.343-0300 [DEBUG] [org.gradle.api.internal.artifacts.ivyservice.ivyresolve.CachingModuleComponentRepository] Found artifact 'spring-data-keyvalue-4.1.0.pom (org.springframework.data:spring-data-keyvalue:4.1.0)' in resolver cache: /Users/claratorres1414/.gradle/caches/modules-2/files-2.1/org.springframework.data/spring-data-keyvalue/4.1.0/554720bf4a1c096709910f6828f05ab8e32da5fa/spring-data-keyvalue-4.1.0.pom
2026-08-21T16:48:36.343-0300 [DEBUG] [org.gradle.api.internal.artifacts.ivyservice.ivyresolve.CachingModuleComponentRepository] Found artifact 'spring-oxm-7.0.8.pom (org.springframework:spring-oxm:7.0.8)' in resolver cache: /Users/claratorres1414/.gradle/caches/modules-2/files-2.1/org.springframework/spring-oxm/7.0.8/66bdec30545715ec3b622ded40d644a5600deb9c/spring-oxm-7.0.8.pom
2026-08-21T16:48:36.343-0300 [DEBUG] [org.gradle.api.internal.artifacts.ivyservice.ivyresolve.CachingModuleComponentRepository] Found artifact 'spring-context-support-7.0.8.pom (org.springframework:spring-context-support:7.0.8)' in resolver cache: /Users/claratorres1414/.gradle/caches/modules-2/files-2.1/org.springframework/spring-context-support/7.0.8/7a67f1b0cb2d4343a3dbb5a04d788fb70e57f47c/spring-context-support-7.0.8.pom
2026-08-21T16:48:36.343-0300 [DEBUG] [org.gradle.api.internal.artifacts.ivyservice.ivyresolve.CachingModuleComponentRepository] Found artifact 'spring-messaging-7.0.8.pom (org.springframework:spring-messaging:7.0.8)' in resolver cache: /Users/claratorres1414/.gradle/caches/modules-2/files-2.1/org.springframework/spring-messaging/7.0.8/157cd867a4b600cdd3cae500429db4be4186764/spring-messaging-7.0.8.pom
2026-08-21T16:48:36.343-0300 [DEBUG] [org.gradle.api.internal.artifacts.ivyservice.ivyresolve.CachingModuleComponentRepository] Found artifact 'spring-dotenv-bom-5.1.0.pom (me.paulschwarz:spring-dotenv-bom:5.1.0)' in resolver cache: /Users/claratorres1414/.gradle/caches/modules-2/files-2.1/me.paulschwarz/spring-dotenv-bom/5.1.0/d1973fb21bed80447a3eee246d14759664de689b/spring-dotenv-bom-5.1.0.pom
2026-08-21T16:48:36.343-0300 [DEBUG] [org.gradle.internal.operations.DefaultBuildOperationRunner] Completing Build operation 'Resolve files of configuration ':detachedConfiguration60''
2026-08-21T16:48:36.343-0300 [DEBUG] [org.gradle.internal.operations.DefaultBuildOperationRunner] Build operation 'Resolve files of configuration ':detachedConfiguration60'' completed
2026-08-21T16:48:36.349-0300 [DEBUG] [org.gradle.internal.operations.DefaultBuildOperationRunner] Build operation 'Resolve dependencies of :detachedConfiguration61' started
2026-08-21T16:48:36.350-0300 [DEBUG] [org.gradle.api.internal.artifacts.ivyservice.modulecache.ResolvedArtifactCaches] Reusing in-memory cache for repo 'MavenRepo' [26c913274550a0b2221f47a0fe2d2358].
2026-08-21T16:48:36.350-0300 [DEBUG] [org.gradle.api.internal.artifacts.ivyservice.ivyresolve.RepositoryChainComponentMetaDataResolver] Attempting to resolve component for ch.qos.logback:logback-parent:1.5.34 using repositories [MavenRepo]
2026-08-21T16:48:36.350-0300 [DEBUG] [org.gradle.api.internal.artifacts.ivyservice.ivyresolve.CachingModuleComponentRepository] Using cached module metadata for module 'ch.qos.logback:logback-parent:1.5.34' in 'MavenRepo'
2026-08-21T16:48:36.350-0300 [DEBUG] [org.gradle.api.internal.artifacts.ivyservice.ivyresolve.RepositoryChainComponentMetaDataResolver] Using ch.qos.logback:logback-parent:1.5.34 from org.gradle.api.internal.artifacts.ivyservice.ivyresolve.FilteredModuleComponentRepository@f41eba7
2026-08-21T16:48:36.350-0300 [DEBUG] [org.gradle.internal.operations.DefaultBuildOperationRunner] Completing Build operation 'Resolve dependencies of :detachedConfiguration61'
2026-08-21T16:48:36.350-0300 [DEBUG] [org.gradle.internal.operations.DefaultBuildOperationRunner] Build operation 'Resolve dependencies of :detachedConfiguration61' completed
2026-08-21T16:48:36.350-0300 [DEBUG] [org.gradle.internal.component.model.LoggingAttributeMatchingExplanationBuilder] Selected match {artifactType=pom, org.gradle.status=release} from candidates [{artifactType=pom, org.gradle.status=release}] for {}
2026-08-21T16:48:36.350-0300 [DEBUG] [org.gradle.internal.operations.DefaultBuildOperationRunner] Build operation 'Resolve files of configuration ':detachedConfiguration61'' started
2026-08-21T16:48:36.350-0300 [DEBUG] [org.gradle.internal.operations.DefaultBuildOperationRunner] Completing Build operation 'Resolve files of configuration ':detachedConfiguration61''
2026-08-21T16:48:36.350-0300 [DEBUG] [org.gradle.internal.operations.DefaultBuildOperationRunner] Build operation 'Resolve files of configuration ':detachedConfiguration61'' completed
2026-08-21T16:48:36.350-0300 [DEBUG] [org.gradle.internal.component.model.LoggingAttributeMatchingExplanationBuilder] Selected match {artifactType=pom, org.gradle.status=release} from candidates [{artifactType=pom, org.gradle.status=release}] for {}
2026-08-21T16:48:36.350-0300 [DEBUG] [org.gradle.internal.operations.DefaultBuildOperationRunner] Build operation 'Resolve files of configuration ':detachedConfiguration61'' started
2026-08-21T16:48:36.350-0300 [DEBUG] [org.gradle.internal.operations.DefaultBuildOperationRunner] Build operation 'Resolve logback-parent-1.5.34.pom (ch.qos.logback:logback-parent:1.5.34)' started
2026-08-21T16:48:36.350-0300 [DEBUG] [org.gradle.api.internal.artifacts.ivyservice.ivyresolve.CachingModuleComponentRepository] Found artifact 'logback-parent-1.5.34.pom (ch.qos.logback:logback-parent:1.5.34)' in resolver cache: /Users/claratorres1414/.gradle/caches/modules-2/files-2.1/ch.qos.logback/logback-parent/1.5.34/77feb27b5f22bb83b13d952e7343685ebd27b2c2/logback-parent-1.5.34.pom
2026-08-21T16:48:36.350-0300 [DEBUG] [org.gradle.internal.operations.DefaultBuildOperationRunner] Completing Build operation 'Resolve logback-parent-1.5.34.pom (ch.qos.logback:logback-parent:1.5.34)'
2026-08-21T16:48:36.350-0300 [DEBUG] [org.gradle.internal.operations.DefaultBuildOperationRunner] Build operation 'Resolve logback-parent-1.5.34.pom (ch.qos.logback:logback-parent:1.5.34)' completed
2026-08-21T16:48:36.350-0300 [DEBUG] [org.gradle.internal.operations.DefaultBuildOperationRunner] Completing Build operation 'Resolve files of configuration ':detachedConfiguration61''
2026-08-21T16:48:36.350-0300 [DEBUG] [org.gradle.internal.operations.DefaultBuildOperationRunner] Build operation 'Resolve files of configuration ':detachedConfiguration61'' completed
2026-08-21T16:48:36.352-0300 [DEBUG] [org.gradle.internal.operations.DefaultBuildOperationRunner] Build operation 'Resolve dependencies of :detachedConfiguration62' started
2026-08-21T16:48:36.352-0300 [DEBUG] [org.gradle.api.internal.artifacts.ivyservice.modulecache.ResolvedArtifactCaches] Reusing in-memory cache for repo 'MavenRepo' [26c913274550a0b2221f47a0fe2d2358].
2026-08-21T16:48:36.353-0300 [DEBUG] [org.gradle.api.internal.artifacts.ivyservice.ivyresolve.RepositoryChainComponentMetaDataResolver] Attempting to resolve component for org.slf4j:slf4j-parent:2.0.18 using repositories [MavenRepo]
2026-08-21T16:48:36.353-0300 [DEBUG] [org.gradle.api.internal.artifacts.ivyservice.ivyresolve.CachingModuleComponentRepository] Using cached module metadata for module 'org.slf4j:slf4j-parent:2.0.18' in 'MavenRepo'
2026-08-21T16:48:36.353-0300 [DEBUG] [org.gradle.api.internal.artifacts.ivyservice.ivyresolve.RepositoryChainComponentMetaDataResolver] Using org.slf4j:slf4j-parent:2.0.18 from org.gradle.api.internal.artifacts.ivyservice.ivyresolve.FilteredModuleComponentRepository@b94988f
2026-08-21T16:48:36.353-0300 [DEBUG] [org.gradle.internal.operations.DefaultBuildOperationRunner] Completing Build operation 'Resolve dependencies of :detachedConfiguration62'
2026-08-21T16:48:36.353-0300 [DEBUG] [org.gradle.internal.operations.DefaultBuildOperationRunner] Build operation 'Resolve dependencies of :detachedConfiguration62' completed
2026-08-21T16:48:36.353-0300 [DEBUG] [org.gradle.internal.component.model.LoggingAttributeMatchingExplanationBuilder] Selected match {artifactType=pom, org.gradle.status=release} from candidates [{artifactType=pom, org.gradle.status=release}] for {}
2026-08-21T16:48:36.353-0300 [DEBUG] [org.gradle.internal.operations.DefaultBuildOperationRunner] Build operation 'Resolve files of configuration ':detachedConfiguration62'' started
2026-08-21T16:48:36.353-0300 [DEBUG] [org.gradle.internal.operations.DefaultBuildOperationRunner] Completing Build operation 'Resolve files of configuration ':detachedConfiguration62''
2026-08-21T16:48:36.353-0300 [DEBUG] [org.gradle.internal.operations.DefaultBuildOperationRunner] Build operation 'Resolve files of configuration ':detachedConfiguration62'' completed
2026-08-21T16:48:36.353-0300 [DEBUG] [org.gradle.internal.component.model.LoggingAttributeMatchingExplanationBuilder] Selected match {artifactType=pom, org.gradle.status=release} from candidates [{artifactType=pom, org.gradle.status=release}] for {}
2026-08-21T16:48:36.353-0300 [DEBUG] [org.gradle.internal.operations.DefaultBuildOperationRunner] Build operation 'Resolve files of configuration ':detachedConfiguration62'' started
2026-08-21T16:48:36.353-0300 [DEBUG] [org.gradle.internal.operations.DefaultBuildOperationRunner] Build operation 'Resolve slf4j-parent-2.0.18.pom (org.slf4j:slf4j-parent:2.0.18)' started
2026-08-21T16:48:36.353-0300 [DEBUG] [org.gradle.api.internal.artifacts.ivyservice.ivyresolve.CachingModuleComponentRepository] Found artifact 'slf4j-parent-2.0.18.pom (org.slf4j:slf4j-parent:2.0.18)' in resolver cache: /Users/claratorres1414/.gradle/caches/modules-2/files-2.1/org.slf4j/slf4j-parent/2.0.18/8d2bf008896478ddbc7138be8b13f3ab3bfa2f2e/slf4j-parent-2.0.18.pom
2026-08-21T16:48:36.353-0300 [DEBUG] [org.gradle.internal.operations.DefaultBuildOperationRunner] Completing Build operation 'Resolve slf4j-parent-2.0.18.pom (org.slf4j:slf4j-parent:2.0.18)'
2026-08-21T16:48:36.353-0300 [DEBUG] [org.gradle.internal.operations.DefaultBuildOperationRunner] Build operation 'Resolve slf4j-parent-2.0.18.pom (org.slf4j:slf4j-parent:2.0.18)' completed
2026-08-21T16:48:36.353-0300 [DEBUG] [org.gradle.internal.operations.DefaultBuildOperationRunner] Completing Build operation 'Resolve files of configuration ':detachedConfiguration62''
2026-08-21T16:48:36.353-0300 [DEBUG] [org.gradle.internal.operations.DefaultBuildOperationRunner] Build operation 'Resolve files of configuration ':detachedConfiguration62'' completed
2026-08-21T16:48:36.354-0300 [DEBUG] [org.gradle.internal.operations.DefaultBuildOperationRunner] Build operation 'Resolve dependencies of :detachedConfiguration63' started
2026-08-21T16:48:36.354-0300 [DEBUG] [org.gradle.api.internal.artifacts.ivyservice.modulecache.ResolvedArtifactCaches] Reusing in-memory cache for repo 'MavenRepo' [26c913274550a0b2221f47a0fe2d2358].
2026-08-21T16:48:36.354-0300 [DEBUG] [org.gradle.api.internal.artifacts.ivyservice.ivyresolve.RepositoryChainComponentMetaDataResolver] Attempting to resolve component for org.slf4j:slf4j-bom:2.0.18 using repositories [MavenRepo]
2026-08-21T16:48:36.354-0300 [DEBUG] [org.gradle.api.internal.artifacts.ivyservice.ivyresolve.CachingModuleComponentRepository] Using cached module metadata for module 'org.slf4j:slf4j-bom:2.0.18' in 'MavenRepo'
2026-08-21T16:48:36.354-0300 [DEBUG] [org.gradle.api.internal.artifacts.ivyservice.ivyresolve.RepositoryChainComponentMetaDataResolver] Using org.slf4j:slf4j-bom:2.0.18 from org.gradle.api.internal.artifacts.ivyservice.ivyresolve.FilteredModuleComponentRepository@753ba11
2026-08-21T16:48:36.354-0300 [DEBUG] [org.gradle.internal.operations.DefaultBuildOperationRunner] Completing Build operation 'Resolve dependencies of :detachedConfiguration63'
2026-08-21T16:48:36.354-0300 [DEBUG] [org.gradle.internal.operations.DefaultBuildOperationRunner] Build operation 'Resolve dependencies of :detachedConfiguration63' completed
2026-08-21T16:48:36.354-0300 [DEBUG] [org.gradle.internal.component.model.LoggingAttributeMatchingExplanationBuilder] Selected match {artifactType=pom, org.gradle.status=release} from candidates [{artifactType=pom, org.gradle.status=release}] for {}
2026-08-21T16:48:36.354-0300 [DEBUG] [org.gradle.internal.operations.DefaultBuildOperationRunner] Build operation 'Resolve files of configuration ':detachedConfiguration63'' started
2026-08-21T16:48:36.354-0300 [DEBUG] [org.gradle.internal.operations.DefaultBuildOperationRunner] Completing Build operation 'Resolve files of configuration ':detachedConfiguration63''
2026-08-21T16:48:36.354-0300 [DEBUG] [org.gradle.internal.operations.DefaultBuildOperationRunner] Build operation 'Resolve files of configuration ':detachedConfiguration63'' completed
2026-08-21T16:48:36.354-0300 [DEBUG] [org.gradle.internal.component.model.LoggingAttributeMatchingExplanationBuilder] Selected match {artifactType=pom, org.gradle.status=release} from candidates [{artifactType=pom, org.gradle.status=release}] for {}
2026-08-21T16:48:36.354-0300 [DEBUG] [org.gradle.internal.operations.DefaultBuildOperationRunner] Build operation 'Resolve files of configuration ':detachedConfiguration63'' started
2026-08-21T16:48:36.354-0300 [DEBUG] [org.gradle.internal.operations.DefaultBuildOperationRunner] Build operation 'Resolve slf4j-bom-2.0.18.pom (org.slf4j:slf4j-bom:2.0.18)' started
2026-08-21T16:48:36.354-0300 [DEBUG] [org.gradle.api.internal.artifacts.ivyservice.ivyresolve.CachingModuleComponentRepository] Found artifact 'slf4j-bom-2.0.18.pom (org.slf4j:slf4j-bom:2.0.18)' in resolver cache: /Users/claratorres1414/.gradle/caches/modules-2/files-2.1/org.slf4j/slf4j-bom/2.0.18/d51215682a8a18409dc7361d380c0666d97faa08/slf4j-bom-2.0.18.pom
2026-08-21T16:48:36.354-0300 [DEBUG] [org.gradle.internal.operations.DefaultBuildOperationRunner] Completing Build operation 'Resolve slf4j-bom-2.0.18.pom (org.slf4j:slf4j-bom:2.0.18)'
2026-08-21T16:48:36.354-0300 [DEBUG] [org.gradle.internal.operations.DefaultBuildOperationRunner] Build operation 'Resolve slf4j-bom-2.0.18.pom (org.slf4j:slf4j-bom:2.0.18)' completed
2026-08-21T16:48:36.354-0300 [DEBUG] [org.gradle.internal.operations.DefaultBuildOperationRunner] Completing Build operation 'Resolve files of configuration ':detachedConfiguration63''
2026-08-21T16:48:36.354-0300 [DEBUG] [org.gradle.internal.operations.DefaultBuildOperationRunner] Build operation 'Resolve files of configuration ':detachedConfiguration63'' completed
2026-08-21T16:48:36.355-0300 [DEBUG] [org.gradle.internal.operations.DefaultBuildOperationRunner] Build operation 'Resolve dependencies of :detachedConfiguration64' started
2026-08-21T16:48:36.355-0300 [DEBUG] [org.gradle.api.internal.artifacts.ivyservice.modulecache.ResolvedArtifactCaches] Reusing in-memory cache for repo 'MavenRepo' [26c913274550a0b2221f47a0fe2d2358].
2026-08-21T16:48:36.356-0300 [DEBUG] [org.gradle.api.internal.artifacts.ivyservice.ivyresolve.RepositoryChainComponentMetaDataResolver] Attempting to resolve component for org.apache.logging.log4j:log4j:2.25.4 using repositories [MavenRepo]
2026-08-21T16:48:36.356-0300 [DEBUG] [org.gradle.api.internal.artifacts.ivyservice.ivyresolve.CachingModuleComponentRepository] Using cached module metadata for module 'org.apache.logging.log4j:log4j:2.25.4' in 'MavenRepo'
2026-08-21T16:48:36.356-0300 [DEBUG] [org.gradle.api.internal.artifacts.ivyservice.ivyresolve.RepositoryChainComponentMetaDataResolver] Using org.apache.logging.log4j:log4j:2.25.4 from org.gradle.api.internal.artifacts.ivyservice.ivyresolve.FilteredModuleComponentRepository@29597a0e
2026-08-21T16:48:36.356-0300 [DEBUG] [org.gradle.internal.operations.DefaultBuildOperationRunner] Completing Build operation 'Resolve dependencies of :detachedConfiguration64'
2026-08-21T16:48:36.356-0300 [DEBUG] [org.gradle.internal.operations.DefaultBuildOperationRunner] Build operation 'Resolve dependencies of :detachedConfiguration64' completed
2026-08-21T16:48:36.356-0300 [DEBUG] [org.gradle.internal.component.model.LoggingAttributeMatchingExplanationBuilder] Selected match {artifactType=pom, org.gradle.status=release} from candidates [{artifactType=pom, org.gradle.status=release}] for {}
2026-08-21T16:48:36.356-0300 [DEBUG] [org.gradle.internal.operations.DefaultBuildOperationRunner] Build operation 'Resolve files of configuration ':detachedConfiguration64'' started
2026-08-21T16:48:36.356-0300 [DEBUG] [org.gradle.internal.operations.DefaultBuildOperationRunner] Completing Build operation 'Resolve files of configuration ':detachedConfiguration64''
2026-08-21T16:48:36.356-0300 [DEBUG] [org.gradle.internal.operations.DefaultBuildOperationRunner] Build operation 'Resolve files of configuration ':detachedConfiguration64'' completed
2026-08-21T16:48:36.356-0300 [DEBUG] [org.gradle.internal.component.model.LoggingAttributeMatchingExplanationBuilder] Selected match {artifactType=pom, org.gradle.status=release} from candidates [{artifactType=pom, org.gradle.status=release}] for {}
2026-08-21T16:48:36.356-0300 [DEBUG] [org.gradle.internal.operations.DefaultBuildOperationRunner] Build operation 'Resolve files of configuration ':detachedConfiguration64'' started
2026-08-21T16:48:36.356-0300 [DEBUG] [org.gradle.internal.operations.DefaultBuildOperationRunner] Build operation 'Resolve log4j-2.25.4.pom (org.apache.logging.log4j:log4j:2.25.4)' started
2026-08-21T16:48:36.356-0300 [DEBUG] [org.gradle.api.internal.artifacts.ivyservice.ivyresolve.CachingModuleComponentRepository] Found artifact 'log4j-2.25.4.pom (org.apache.logging.log4j:log4j:2.25.4)' in resolver cache: /Users/claratorres1414/.gradle/caches/modules-2/files-2.1/org.apache.logging.log4j/log4j/2.25.4/cbc2f543084ccc488e68c38f608880d3c62657a5/log4j-2.25.4.pom
2026-08-21T16:48:36.356-0300 [DEBUG] [org.gradle.internal.operations.DefaultBuildOperationRunner] Completing Build operation 'Resolve log4j-2.25.4.pom (org.apache.logging.log4j:log4j:2.25.4)'
2026-08-21T16:48:36.356-0300 [DEBUG] [org.gradle.internal.operations.DefaultBuildOperationRunner] Build operation 'Resolve log4j-2.25.4.pom (org.apache.logging.log4j:log4j:2.25.4)' completed
2026-08-21T16:48:36.356-0300 [DEBUG] [org.gradle.internal.operations.DefaultBuildOperationRunner] Completing Build operation 'Resolve files of configuration ':detachedConfiguration64''
2026-08-21T16:48:36.356-0300 [DEBUG] [org.gradle.internal.operations.DefaultBuildOperationRunner] Build operation 'Resolve files of configuration ':detachedConfiguration64'' completed
2026-08-21T16:48:36.358-0300 [DEBUG] [org.gradle.internal.operations.DefaultBuildOperationRunner] Build operation 'Resolve dependencies of :detachedConfiguration65' started
2026-08-21T16:48:36.358-0300 [DEBUG] [org.gradle.api.internal.artifacts.ivyservice.modulecache.ResolvedArtifactCaches] Reusing in-memory cache for repo 'MavenRepo' [26c913274550a0b2221f47a0fe2d2358].
2026-08-21T16:48:36.358-0300 [DEBUG] [org.gradle.api.internal.artifacts.ivyservice.ivyresolve.RepositoryChainComponentMetaDataResolver] Attempting to resolve component for org.apache.groovy:groovy-bom:4.0.27 using repositories [MavenRepo]
2026-08-21T16:48:36.358-0300 [DEBUG] [org.gradle.api.internal.artifacts.ivyservice.ivyresolve.CachingModuleComponentRepository] Using cached module metadata for module 'org.apache.groovy:groovy-bom:4.0.27' in 'MavenRepo'
2026-08-21T16:48:36.358-0300 [DEBUG] [org.gradle.api.internal.artifacts.ivyservice.ivyresolve.RepositoryChainComponentMetaDataResolver] Using org.apache.groovy:groovy-bom:4.0.27 from org.gradle.api.internal.artifacts.ivyservice.ivyresolve.FilteredModuleComponentRepository@5b918261
2026-08-21T16:48:36.358-0300 [DEBUG] [org.gradle.internal.operations.DefaultBuildOperationRunner] Completing Build operation 'Resolve dependencies of :detachedConfiguration65'
2026-08-21T16:48:36.358-0300 [DEBUG] [org.gradle.internal.operations.DefaultBuildOperationRunner] Build operation 'Resolve dependencies of :detachedConfiguration65' completed
2026-08-21T16:48:36.358-0300 [DEBUG] [org.gradle.internal.component.model.LoggingAttributeMatchingExplanationBuilder] Selected match {artifactType=pom, org.gradle.status=release} from candidates [{artifactType=pom, org.gradle.status=release}] for {}
2026-08-21T16:48:36.358-0300 [DEBUG] [org.gradle.internal.operations.DefaultBuildOperationRunner] Build operation 'Resolve files of configuration ':detachedConfiguration65'' started
2026-08-21T16:48:36.358-0300 [DEBUG] [org.gradle.internal.operations.DefaultBuildOperationRunner] Completing Build operation 'Resolve files of configuration ':detachedConfiguration65''
2026-08-21T16:48:36.358-0300 [DEBUG] [org.gradle.internal.operations.DefaultBuildOperationRunner] Build operation 'Resolve files of configuration ':detachedConfiguration65'' completed
2026-08-21T16:48:36.358-0300 [DEBUG] [org.gradle.internal.component.model.LoggingAttributeMatchingExplanationBuilder] Selected match {artifactType=pom, org.gradle.status=release} from candidates [{artifactType=pom, org.gradle.status=release}] for {}
2026-08-21T16:48:36.358-0300 [DEBUG] [org.gradle.internal.operations.DefaultBuildOperationRunner] Build operation 'Resolve files of configuration ':detachedConfiguration65'' started
2026-08-21T16:48:36.359-0300 [DEBUG] [org.gradle.internal.operations.DefaultBuildOperationRunner] Build operation 'Resolve groovy-bom-4.0.27.pom (org.apache.groovy:groovy-bom:4.0.27)' started
2026-08-21T16:48:36.359-0300 [DEBUG] [org.gradle.api.internal.artifacts.ivyservice.ivyresolve.CachingModuleComponentRepository] Found artifact 'groovy-bom-4.0.27.pom (org.apache.groovy:groovy-bom:4.0.27)' in resolver cache: /Users/claratorres1414/.gradle/caches/modules-2/files-2.1/org.apache.groovy/groovy-bom/4.0.27/774ec4ea5b652e8bb9500e34b0f9034a0332a81e/groovy-bom-4.0.27.pom
2026-08-21T16:48:36.359-0300 [DEBUG] [org.gradle.internal.operations.DefaultBuildOperationRunner] Completing Build operation 'Resolve groovy-bom-4.0.27.pom (org.apache.groovy:groovy-bom:4.0.27)'
2026-08-21T16:48:36.359-0300 [DEBUG] [org.gradle.internal.operations.DefaultBuildOperationRunner] Build operation 'Resolve groovy-bom-4.0.27.pom (org.apache.groovy:groovy-bom:4.0.27)' completed
2026-08-21T16:48:36.359-0300 [DEBUG] [org.gradle.internal.operations.DefaultBuildOperationRunner] Completing Build operation 'Resolve files of configuration ':detachedConfiguration65''
2026-08-21T16:48:36.359-0300 [DEBUG] [org.gradle.internal.operations.DefaultBuildOperationRunner] Build operation 'Resolve files of configuration ':detachedConfiguration65'' completed
2026-08-21T16:48:36.360-0300 [DEBUG] [org.gradle.internal.operations.DefaultBuildOperationRunner] Build operation 'Resolve dependencies of :detachedConfiguration66' started
2026-08-21T16:48:36.360-0300 [DEBUG] [org.gradle.api.internal.artifacts.ivyservice.modulecache.ResolvedArtifactCaches] Reusing in-memory cache for repo 'MavenRepo' [26c913274550a0b2221f47a0fe2d2358].
2026-08-21T16:48:36.360-0300 [DEBUG] [org.gradle.api.internal.artifacts.ivyservice.ivyresolve.RepositoryChainComponentMetaDataResolver] Attempting to resolve component for com.fasterxml.jackson:jackson-bom:2.19.1 using repositories [MavenRepo]
2026-08-21T16:48:36.360-0300 [DEBUG] [org.gradle.api.internal.artifacts.ivyservice.ivyresolve.CachingModuleComponentRepository] Using cached module metadata for module 'com.fasterxml.jackson:jackson-bom:2.19.1' in 'MavenRepo'
2026-08-21T16:48:36.361-0300 [DEBUG] [org.gradle.api.internal.artifacts.ivyservice.ivyresolve.RepositoryChainComponentMetaDataResolver] Using com.fasterxml.jackson:jackson-bom:2.19.1 from org.gradle.api.internal.artifacts.ivyservice.ivyresolve.FilteredModuleComponentRepository@51cff33e
2026-08-21T16:48:36.361-0300 [DEBUG] [org.gradle.internal.operations.DefaultBuildOperationRunner] Completing Build operation 'Resolve dependencies of :detachedConfiguration66'
2026-08-21T16:48:36.361-0300 [DEBUG] [org.gradle.internal.operations.DefaultBuildOperationRunner] Build operation 'Resolve dependencies of :detachedConfiguration66' completed
2026-08-21T16:48:36.361-0300 [DEBUG] [org.gradle.internal.component.model.LoggingAttributeMatchingExplanationBuilder] Selected match {artifactType=pom, org.gradle.status=release} from candidates [{artifactType=pom, org.gradle.status=release}] for {}
2026-08-21T16:48:36.361-0300 [DEBUG] [org.gradle.internal.operations.DefaultBuildOperationRunner] Build operation 'Resolve files of configuration ':detachedConfiguration66'' started
2026-08-21T16:48:36.361-0300 [DEBUG] [org.gradle.internal.operations.DefaultBuildOperationRunner] Completing Build operation 'Resolve files of configuration ':detachedConfiguration66''
2026-08-21T16:48:36.361-0300 [DEBUG] [org.gradle.internal.operations.DefaultBuildOperationRunner] Build operation 'Resolve files of configuration ':detachedConfiguration66'' completed
2026-08-21T16:48:36.361-0300 [DEBUG] [org.gradle.internal.component.model.LoggingAttributeMatchingExplanationBuilder] Selected match {artifactType=pom, org.gradle.status=release} from candidates [{artifactType=pom, org.gradle.status=release}] for {}
2026-08-21T16:48:36.361-0300 [DEBUG] [org.gradle.internal.operations.DefaultBuildOperationRunner] Build operation 'Resolve files of configuration ':detachedConfiguration66'' started
2026-08-21T16:48:36.361-0300 [DEBUG] [org.gradle.internal.operations.DefaultBuildOperationRunner] Build operation 'Resolve jackson-bom-2.19.1.pom (com.fasterxml.jackson:jackson-bom:2.19.1)' started
2026-08-21T16:48:36.361-0300 [DEBUG] [org.gradle.api.internal.artifacts.ivyservice.ivyresolve.CachingModuleComponentRepository] Found artifact 'jackson-bom-2.19.1.pom (com.fasterxml.jackson:jackson-bom:2.19.1)' in resolver cache: /Users/claratorres1414/.gradle/caches/modules-2/files-2.1/com.fasterxml.jackson/jackson-bom/2.19.1/849979babb3cff0dc2a47cf13d43e379d17b4839/jackson-bom-2.19.1.pom
2026-08-21T16:48:36.361-0300 [DEBUG] [org.gradle.internal.operations.DefaultBuildOperationRunner] Completing Build operation 'Resolve jackson-bom-2.19.1.pom (com.fasterxml.jackson:jackson-bom:2.19.1)'
2026-08-21T16:48:36.361-0300 [DEBUG] [org.gradle.internal.operations.DefaultBuildOperationRunner] Build operation 'Resolve jackson-bom-2.19.1.pom (com.fasterxml.jackson:jackson-bom:2.19.1)' completed
2026-08-21T16:48:36.361-0300 [DEBUG] [org.gradle.internal.operations.DefaultBuildOperationRunner] Completing Build operation 'Resolve files of configuration ':detachedConfiguration66''
2026-08-21T16:48:36.361-0300 [DEBUG] [org.gradle.internal.operations.DefaultBuildOperationRunner] Build operation 'Resolve files of configuration ':detachedConfiguration66'' completed
2026-08-21T16:48:36.362-0300 [DEBUG] [org.gradle.internal.operations.DefaultBuildOperationRunner] Build operation 'Resolve dependencies of :detachedConfiguration67' started
2026-08-21T16:48:36.362-0300 [DEBUG] [org.gradle.api.internal.artifacts.ivyservice.modulecache.ResolvedArtifactCaches] Reusing in-memory cache for repo 'MavenRepo' [26c913274550a0b2221f47a0fe2d2358].
2026-08-21T16:48:36.362-0300 [DEBUG] [org.gradle.api.internal.artifacts.ivyservice.ivyresolve.RepositoryChainComponentMetaDataResolver] Attempting to resolve component for com.fasterxml.jackson:jackson-parent:2.19.2 using repositories [MavenRepo]
2026-08-21T16:48:36.362-0300 [DEBUG] [org.gradle.api.internal.artifacts.ivyservice.ivyresolve.CachingModuleComponentRepository] Using cached module metadata for module 'com.fasterxml.jackson:jackson-parent:2.19.2' in 'MavenRepo'
2026-08-21T16:48:36.362-0300 [DEBUG] [org.gradle.api.internal.artifacts.ivyservice.ivyresolve.RepositoryChainComponentMetaDataResolver] Using com.fasterxml.jackson:jackson-parent:2.19.2 from org.gradle.api.internal.artifacts.ivyservice.ivyresolve.FilteredModuleComponentRepository@65625236
2026-08-21T16:48:36.363-0300 [DEBUG] [org.gradle.internal.operations.DefaultBuildOperationRunner] Completing Build operation 'Resolve dependencies of :detachedConfiguration67'
2026-08-21T16:48:36.363-0300 [DEBUG] [org.gradle.internal.operations.DefaultBuildOperationRunner] Build operation 'Resolve dependencies of :detachedConfiguration67' completed
2026-08-21T16:48:36.363-0300 [DEBUG] [org.gradle.internal.component.model.LoggingAttributeMatchingExplanationBuilder] Selected match {artifactType=pom, org.gradle.status=release} from candidates [{artifactType=pom, org.gradle.status=release}] for {}
2026-08-21T16:48:36.363-0300 [DEBUG] [org.gradle.internal.operations.DefaultBuildOperationRunner] Build operation 'Resolve files of configuration ':detachedConfiguration67'' started
2026-08-21T16:48:36.363-0300 [DEBUG] [org.gradle.internal.operations.DefaultBuildOperationRunner] Completing Build operation 'Resolve files of configuration ':detachedConfiguration67''
2026-08-21T16:48:36.363-0300 [DEBUG] [org.gradle.internal.operations.DefaultBuildOperationRunner] Build operation 'Resolve files of configuration ':detachedConfiguration67'' completed
2026-08-21T16:48:36.363-0300 [DEBUG] [org.gradle.internal.component.model.LoggingAttributeMatchingExplanationBuilder] Selected match {artifactType=pom, org.gradle.status=release} from candidates [{artifactType=pom, org.gradle.status=release}] for {}
2026-08-21T16:48:36.363-0300 [DEBUG] [org.gradle.internal.operations.DefaultBuildOperationRunner] Build operation 'Resolve files of configuration ':detachedConfiguration67'' started
2026-08-21T16:48:36.363-0300 [DEBUG] [org.gradle.internal.operations.DefaultBuildOperationRunner] Build operation 'Resolve jackson-parent-2.19.2.pom (com.fasterxml.jackson:jackson-parent:2.19.2)' started
2026-08-21T16:48:36.363-0300 [DEBUG] [org.gradle.api.internal.artifacts.ivyservice.ivyresolve.CachingModuleComponentRepository] Found artifact 'jackson-parent-2.19.2.pom (com.fasterxml.jackson:jackson-parent:2.19.2)' in resolver cache: /Users/claratorres1414/.gradle/caches/modules-2/files-2.1/com.fasterxml.jackson/jackson-parent/2.19.2/c3dda446ba6d44f47123d670847d8b005857bd45/jackson-parent-2.19.2.pom
2026-08-21T16:48:36.363-0300 [DEBUG] [org.gradle.internal.operations.DefaultBuildOperationRunner] Completing Build operation 'Resolve jackson-parent-2.19.2.pom (com.fasterxml.jackson:jackson-parent:2.19.2)'
2026-08-21T16:48:36.363-0300 [DEBUG] [org.gradle.internal.operations.DefaultBuildOperationRunner] Build operation 'Resolve jackson-parent-2.19.2.pom (com.fasterxml.jackson:jackson-parent:2.19.2)' completed
2026-08-21T16:48:36.363-0300 [DEBUG] [org.gradle.internal.operations.DefaultBuildOperationRunner] Completing Build operation 'Resolve files of configuration ':detachedConfiguration67''
2026-08-21T16:48:36.363-0300 [DEBUG] [org.gradle.internal.operations.DefaultBuildOperationRunner] Build operation 'Resolve files of configuration ':detachedConfiguration67'' completed
2026-08-21T16:48:36.364-0300 [DEBUG] [org.gradle.internal.operations.DefaultBuildOperationRunner] Build operation 'Resolve dependencies of :detachedConfiguration68' started
2026-08-21T16:48:36.364-0300 [DEBUG] [org.gradle.api.internal.artifacts.ivyservice.modulecache.ResolvedArtifactCaches] Reusing in-memory cache for repo 'MavenRepo' [26c913274550a0b2221f47a0fe2d2358].
2026-08-21T16:48:36.364-0300 [DEBUG] [org.gradle.api.internal.artifacts.ivyservice.ivyresolve.RepositoryChainComponentMetaDataResolver] Attempting to resolve component for com.fasterxml:oss-parent:68 using repositories [MavenRepo]
2026-08-21T16:48:36.364-0300 [DEBUG] [org.gradle.api.internal.artifacts.ivyservice.ivyresolve.CachingModuleComponentRepository] Using cached module metadata for module 'com.fasterxml:oss-parent:68' in 'MavenRepo'
2026-08-21T16:48:36.364-0300 [DEBUG] [org.gradle.api.internal.artifacts.ivyservice.ivyresolve.RepositoryChainComponentMetaDataResolver] Using com.fasterxml:oss-parent:68 from org.gradle.api.internal.artifacts.ivyservice.ivyresolve.FilteredModuleComponentRepository@9b38ed8
2026-08-21T16:48:36.364-0300 [DEBUG] [org.gradle.internal.operations.DefaultBuildOperationRunner] Completing Build operation 'Resolve dependencies of :detachedConfiguration68'
2026-08-21T16:48:36.364-0300 [DEBUG] [org.gradle.internal.operations.DefaultBuildOperationRunner] Build operation 'Resolve dependencies of :detachedConfiguration68' completed
2026-08-21T16:48:36.364-0300 [DEBUG] [org.gradle.internal.component.model.LoggingAttributeMatchingExplanationBuilder] Selected match {artifactType=pom, org.gradle.status=release} from candidates [{artifactType=pom, org.gradle.status=release}] for {}
2026-08-21T16:48:36.364-0300 [DEBUG] [org.gradle.internal.operations.DefaultBuildOperationRunner] Build operation 'Resolve files of configuration ':detachedConfiguration68'' started
2026-08-21T16:48:36.364-0300 [DEBUG] [org.gradle.internal.operations.DefaultBuildOperationRunner] Completing Build operation 'Resolve files of configuration ':detachedConfiguration68''
2026-08-21T16:48:36.364-0300 [DEBUG] [org.gradle.internal.operations.DefaultBuildOperationRunner] Build operation 'Resolve files of configuration ':detachedConfiguration68'' completed
2026-08-21T16:48:36.364-0300 [DEBUG] [org.gradle.internal.component.model.LoggingAttributeMatchingExplanationBuilder] Selected match {artifactType=pom, org.gradle.status=release} from candidates [{artifactType=pom, org.gradle.status=release}] for {}
2026-08-21T16:48:36.364-0300 [DEBUG] [org.gradle.internal.operations.DefaultBuildOperationRunner] Build operation 'Resolve files of configuration ':detachedConfiguration68'' started
2026-08-21T16:48:36.364-0300 [DEBUG] [org.gradle.internal.operations.DefaultBuildOperationRunner] Build operation 'Resolve oss-parent-68.pom (com.fasterxml:oss-parent:68)' started
2026-08-21T16:48:36.364-0300 [DEBUG] [org.gradle.api.internal.artifacts.ivyservice.ivyresolve.CachingModuleComponentRepository] Found artifact 'oss-parent-68.pom (com.fasterxml:oss-parent:68)' in resolver cache: /Users/claratorres1414/.gradle/caches/modules-2/files-2.1/com.fasterxml/oss-parent/68/f19ecade22562dcd5a3520a35d60225008c16a29/oss-parent-68.pom
2026-08-21T16:48:36.364-0300 [DEBUG] [org.gradle.internal.operations.DefaultBuildOperationRunner] Completing Build operation 'Resolve oss-parent-68.pom (com.fasterxml:oss-parent:68)'
2026-08-21T16:48:36.364-0300 [DEBUG] [org.gradle.internal.operations.DefaultBuildOperationRunner] Build operation 'Resolve oss-parent-68.pom (com.fasterxml:oss-parent:68)' completed
2026-08-21T16:48:36.364-0300 [DEBUG] [org.gradle.internal.operations.DefaultBuildOperationRunner] Completing Build operation 'Resolve files of configuration ':detachedConfiguration68''
2026-08-21T16:48:36.364-0300 [DEBUG] [org.gradle.internal.operations.DefaultBuildOperationRunner] Build operation 'Resolve files of configuration ':detachedConfiguration68'' completed
2026-08-21T16:48:36.366-0300 [DEBUG] [org.gradle.internal.operations.DefaultBuildOperationRunner] Build operation 'Resolve dependencies of :detachedConfiguration69' started
2026-08-21T16:48:36.366-0300 [DEBUG] [org.gradle.api.internal.artifacts.ivyservice.modulecache.ResolvedArtifactCaches] Reusing in-memory cache for repo 'MavenRepo' [26c913274550a0b2221f47a0fe2d2358].
2026-08-21T16:48:36.366-0300 [DEBUG] [org.gradle.api.internal.artifacts.ivyservice.ivyresolve.RepositoryChainComponentMetaDataResolver] Attempting to resolve component for jakarta.platform:jakarta.jakartaee-bom:9.1.0 using repositories [MavenRepo]
2026-08-21T16:48:36.366-0300 [DEBUG] [org.gradle.api.internal.artifacts.ivyservice.ivyresolve.CachingModuleComponentRepository] Using cached module metadata for module 'jakarta.platform:jakarta.jakartaee-bom:9.1.0' in 'MavenRepo'
2026-08-21T16:48:36.366-0300 [DEBUG] [org.gradle.api.internal.artifacts.ivyservice.ivyresolve.RepositoryChainComponentMetaDataResolver] Using jakarta.platform:jakarta.jakartaee-bom:9.1.0 from org.gradle.api.internal.artifacts.ivyservice.ivyresolve.FilteredModuleComponentRepository@4bfc84fc
2026-08-21T16:48:36.367-0300 [DEBUG] [org.gradle.internal.operations.DefaultBuildOperationRunner] Completing Build operation 'Resolve dependencies of :detachedConfiguration69'
2026-08-21T16:48:36.367-0300 [DEBUG] [org.gradle.internal.operations.DefaultBuildOperationRunner] Build operation 'Resolve dependencies of :detachedConfiguration69' completed
2026-08-21T16:48:36.367-0300 [DEBUG] [org.gradle.internal.component.model.LoggingAttributeMatchingExplanationBuilder] Selected match {artifactType=pom, org.gradle.status=release} from candidates [{artifactType=pom, org.gradle.status=release}] for {}
2026-08-21T16:48:36.367-0300 [DEBUG] [org.gradle.internal.operations.DefaultBuildOperationRunner] Build operation 'Resolve files of configuration ':detachedConfiguration69'' started
2026-08-21T16:48:36.367-0300 [DEBUG] [org.gradle.internal.operations.DefaultBuildOperationRunner] Completing Build operation 'Resolve files of configuration ':detachedConfiguration69''
2026-08-21T16:48:36.367-0300 [DEBUG] [org.gradle.internal.operations.DefaultBuildOperationRunner] Build operation 'Resolve files of configuration ':detachedConfiguration69'' completed
2026-08-21T16:48:36.367-0300 [DEBUG] [org.gradle.internal.component.model.LoggingAttributeMatchingExplanationBuilder] Selected match {artifactType=pom, org.gradle.status=release} from candidates [{artifactType=pom, org.gradle.status=release}] for {}
2026-08-21T16:48:36.367-0300 [DEBUG] [org.gradle.internal.operations.DefaultBuildOperationRunner] Build operation 'Resolve files of configuration ':detachedConfiguration69'' started
2026-08-21T16:48:36.367-0300 [DEBUG] [org.gradle.internal.operations.DefaultBuildOperationRunner] Build operation 'Resolve jakarta.jakartaee-bom-9.1.0.pom (jakarta.platform:jakarta.jakartaee-bom:9.1.0)' started
2026-08-21T16:48:36.367-0300 [DEBUG] [org.gradle.api.internal.artifacts.ivyservice.ivyresolve.CachingModuleComponentRepository] Found artifact 'jakarta.jakartaee-bom-9.1.0.pom (jakarta.platform:jakarta.jakartaee-bom:9.1.0)' in resolver cache: /Users/claratorres1414/.gradle/caches/modules-2/files-2.1/jakarta.platform/jakarta.jakartaee-bom/9.1.0/39a915229cabfe6bba43e0566b1a74bf8fe3eefe/jakarta.jakartaee-bom-9.1.0.pom
2026-08-21T16:48:36.367-0300 [DEBUG] [org.gradle.internal.operations.DefaultBuildOperationRunner] Completing Build operation 'Resolve jakarta.jakartaee-bom-9.1.0.pom (jakarta.platform:jakarta.jakartaee-bom:9.1.0)'
2026-08-21T16:48:36.367-0300 [DEBUG] [org.gradle.internal.operations.DefaultBuildOperationRunner] Build operation 'Resolve jakarta.jakartaee-bom-9.1.0.pom (jakarta.platform:jakarta.jakartaee-bom:9.1.0)' completed
2026-08-21T16:48:36.367-0300 [DEBUG] [org.gradle.internal.operations.DefaultBuildOperationRunner] Completing Build operation 'Resolve files of configuration ':detachedConfiguration69''
2026-08-21T16:48:36.367-0300 [DEBUG] [org.gradle.internal.operations.DefaultBuildOperationRunner] Build operation 'Resolve files of configuration ':detachedConfiguration69'' completed
2026-08-21T16:48:36.368-0300 [DEBUG] [org.gradle.internal.operations.DefaultBuildOperationRunner] Build operation 'Resolve dependencies of :detachedConfiguration70' started
2026-08-21T16:48:36.368-0300 [DEBUG] [org.gradle.api.internal.artifacts.ivyservice.modulecache.ResolvedArtifactCaches] Reusing in-memory cache for repo 'MavenRepo' [26c913274550a0b2221f47a0fe2d2358].
2026-08-21T16:48:36.368-0300 [DEBUG] [org.gradle.api.internal.artifacts.ivyservice.ivyresolve.RepositoryChainComponentMetaDataResolver] Attempting to resolve component for jakarta.platform:jakartaee-api-parent:9.1.0 using repositories [MavenRepo]
2026-08-21T16:48:36.368-0300 [DEBUG] [org.gradle.api.internal.artifacts.ivyservice.ivyresolve.CachingModuleComponentRepository] Using cached module metadata for module 'jakarta.platform:jakartaee-api-parent:9.1.0' in 'MavenRepo'
2026-08-21T16:48:36.368-0300 [DEBUG] [org.gradle.api.internal.artifacts.ivyservice.ivyresolve.RepositoryChainComponentMetaDataResolver] Using jakarta.platform:jakartaee-api-parent:9.1.0 from org.gradle.api.internal.artifacts.ivyservice.ivyresolve.FilteredModuleComponentRepository@773562a2
2026-08-21T16:48:36.368-0300 [DEBUG] [org.gradle.internal.operations.DefaultBuildOperationRunner] Completing Build operation 'Resolve dependencies of :detachedConfiguration70'
2026-08-21T16:48:36.368-0300 [DEBUG] [org.gradle.internal.operations.DefaultBuildOperationRunner] Build operation 'Resolve dependencies of :detachedConfiguration70' completed
2026-08-21T16:48:36.368-0300 [DEBUG] [org.gradle.internal.component.model.LoggingAttributeMatchingExplanationBuilder] Selected match {artifactType=pom, org.gradle.status=release} from candidates [{artifactType=pom, org.gradle.status=release}] for {}
2026-08-21T16:48:36.368-0300 [DEBUG] [org.gradle.internal.operations.DefaultBuildOperationRunner] Build operation 'Resolve files of configuration ':detachedConfiguration70'' started
2026-08-21T16:48:36.368-0300 [DEBUG] [org.gradle.internal.operations.DefaultBuildOperationRunner] Completing Build operation 'Resolve files of configuration ':detachedConfiguration70''
2026-08-21T16:48:36.368-0300 [DEBUG] [org.gradle.internal.operations.DefaultBuildOperationRunner] Build operation 'Resolve files of configuration ':detachedConfiguration70'' completed
2026-08-21T16:48:36.368-0300 [DEBUG] [org.gradle.internal.component.model.LoggingAttributeMatchingExplanationBuilder] Selected match {artifactType=pom, org.gradle.status=release} from candidates [{artifactType=pom, org.gradle.status=release}] for {}
2026-08-21T16:48:36.368-0300 [DEBUG] [org.gradle.internal.operations.DefaultBuildOperationRunner] Build operation 'Resolve files of configuration ':detachedConfiguration70'' started
2026-08-21T16:48:36.369-0300 [DEBUG] [org.gradle.internal.operations.DefaultBuildOperationRunner] Build operation 'Resolve jakartaee-api-parent-9.1.0.pom (jakarta.platform:jakartaee-api-parent:9.1.0)' started
2026-08-21T16:48:36.369-0300 [DEBUG] [org.gradle.api.internal.artifacts.ivyservice.ivyresolve.CachingModuleComponentRepository] Found artifact 'jakartaee-api-parent-9.1.0.pom (jakarta.platform:jakartaee-api-parent:9.1.0)' in resolver cache: /Users/claratorres1414/.gradle/caches/modules-2/files-2.1/jakarta.platform/jakartaee-api-parent/9.1.0/e5020a636b3c0cc4c5dd110e17213aaded1d6895/jakartaee-api-parent-9.1.0.pom
2026-08-21T16:48:36.369-0300 [DEBUG] [org.gradle.internal.operations.DefaultBuildOperationRunner] Completing Build operation 'Resolve jakartaee-api-parent-9.1.0.pom (jakarta.platform:jakartaee-api-parent:9.1.0)'
2026-08-21T16:48:36.369-0300 [DEBUG] [org.gradle.internal.operations.DefaultBuildOperationRunner] Build operation 'Resolve jakartaee-api-parent-9.1.0.pom (jakarta.platform:jakartaee-api-parent:9.1.0)' completed
2026-08-21T16:48:36.369-0300 [DEBUG] [org.gradle.internal.operations.DefaultBuildOperationRunner] Completing Build operation 'Resolve files of configuration ':detachedConfiguration70''
2026-08-21T16:48:36.369-0300 [DEBUG] [org.gradle.internal.operations.DefaultBuildOperationRunner] Build operation 'Resolve files of configuration ':detachedConfiguration70'' completed
2026-08-21T16:48:36.369-0300 [DEBUG] [org.gradle.internal.operations.DefaultBuildOperationRunner] Build operation 'Resolve dependencies of :detachedConfiguration71' started
2026-08-21T16:48:36.369-0300 [DEBUG] [org.gradle.api.internal.artifacts.ivyservice.modulecache.ResolvedArtifactCaches] Reusing in-memory cache for repo 'MavenRepo' [26c913274550a0b2221f47a0fe2d2358].
2026-08-21T16:48:36.370-0300 [DEBUG] [org.gradle.api.internal.artifacts.ivyservice.ivyresolve.RepositoryChainComponentMetaDataResolver] Attempting to resolve component for org.eclipse.ee4j:project:1.0.7 using repositories [MavenRepo]
2026-08-21T16:48:36.370-0300 [DEBUG] [org.gradle.api.internal.artifacts.ivyservice.ivyresolve.CachingModuleComponentRepository] Using cached module metadata for module 'org.eclipse.ee4j:project:1.0.7' in 'MavenRepo'
2026-08-21T16:48:36.370-0300 [DEBUG] [org.gradle.api.internal.artifacts.ivyservice.ivyresolve.RepositoryChainComponentMetaDataResolver] Using org.eclipse.ee4j:project:1.0.7 from org.gradle.api.internal.artifacts.ivyservice.ivyresolve.FilteredModuleComponentRepository@65226891
2026-08-21T16:48:36.370-0300 [DEBUG] [org.gradle.internal.operations.DefaultBuildOperationRunner] Completing Build operation 'Resolve dependencies of :detachedConfiguration71'
2026-08-21T16:48:36.370-0300 [DEBUG] [org.gradle.internal.operations.DefaultBuildOperationRunner] Build operation 'Resolve dependencies of :detachedConfiguration71' completed
2026-08-21T16:48:36.370-0300 [DEBUG] [org.gradle.internal.component.model.LoggingAttributeMatchingExplanationBuilder] Selected match {artifactType=pom, org.gradle.status=release} from candidates [{artifactType=pom, org.gradle.status=release}] for {}
2026-08-21T16:48:36.370-0300 [DEBUG] [org.gradle.internal.operations.DefaultBuildOperationRunner] Build operation 'Resolve files of configuration ':detachedConfiguration71'' started
2026-08-21T16:48:36.370-0300 [DEBUG] [org.gradle.internal.operations.DefaultBuildOperationRunner] Completing Build operation 'Resolve files of configuration ':detachedConfiguration71''
2026-08-21T16:48:36.370-0300 [DEBUG] [org.gradle.internal.operations.DefaultBuildOperationRunner] Build operation 'Resolve files of configuration ':detachedConfiguration71'' completed
2026-08-21T16:48:36.370-0300 [DEBUG] [org.gradle.internal.component.model.LoggingAttributeMatchingExplanationBuilder] Selected match {artifactType=pom, org.gradle.status=release} from candidates [{artifactType=pom, org.gradle.status=release}] for {}
2026-08-21T16:48:36.370-0300 [DEBUG] [org.gradle.internal.operations.DefaultBuildOperationRunner] Build operation 'Resolve files of configuration ':detachedConfiguration71'' started
2026-08-21T16:48:36.370-0300 [DEBUG] [org.gradle.internal.operations.DefaultBuildOperationRunner] Build operation 'Resolve project-1.0.7.pom (org.eclipse.ee4j:project:1.0.7)' started
2026-08-21T16:48:36.370-0300 [DEBUG] [org.gradle.api.internal.artifacts.ivyservice.ivyresolve.CachingModuleComponentRepository] Found artifact 'project-1.0.7.pom (org.eclipse.ee4j:project:1.0.7)' in resolver cache: /Users/claratorres1414/.gradle/caches/modules-2/files-2.1/org.eclipse.ee4j/project/1.0.7/b0f6c4bc691a0b694a377edc9bc4777871647253/project-1.0.7.pom
2026-08-21T16:48:36.370-0300 [DEBUG] [org.gradle.internal.operations.DefaultBuildOperationRunner] Completing Build operation 'Resolve project-1.0.7.pom (org.eclipse.ee4j:project:1.0.7)'
2026-08-21T16:48:36.370-0300 [DEBUG] [org.gradle.internal.operations.DefaultBuildOperationRunner] Build operation 'Resolve project-1.0.7.pom (org.eclipse.ee4j:project:1.0.7)' completed
2026-08-21T16:48:36.370-0300 [DEBUG] [org.gradle.internal.operations.DefaultBuildOperationRunner] Completing Build operation 'Resolve files of configuration ':detachedConfiguration71''
2026-08-21T16:48:36.370-0300 [DEBUG] [org.gradle.internal.operations.DefaultBuildOperationRunner] Build operation 'Resolve files of configuration ':detachedConfiguration71'' completed
2026-08-21T16:48:36.371-0300 [DEBUG] [org.gradle.internal.operations.DefaultBuildOperationRunner] Build operation 'Resolve dependencies of :detachedConfiguration72' started
2026-08-21T16:48:36.371-0300 [DEBUG] [org.gradle.api.internal.artifacts.ivyservice.modulecache.ResolvedArtifactCaches] Reusing in-memory cache for repo 'MavenRepo' [26c913274550a0b2221f47a0fe2d2358].
2026-08-21T16:48:36.372-0300 [DEBUG] [org.gradle.api.internal.artifacts.ivyservice.ivyresolve.RepositoryChainComponentMetaDataResolver] Attempting to resolve component for org.junit:junit-bom:5.13.2 using repositories [MavenRepo]
2026-08-21T16:48:36.372-0300 [DEBUG] [org.gradle.api.internal.artifacts.ivyservice.ivyresolve.CachingModuleComponentRepository] Using cached module metadata for module 'org.junit:junit-bom:5.13.2' in 'MavenRepo'
2026-08-21T16:48:36.372-0300 [DEBUG] [org.gradle.api.internal.artifacts.ivyservice.ivyresolve.RepositoryChainComponentMetaDataResolver] Using org.junit:junit-bom:5.13.2 from org.gradle.api.internal.artifacts.ivyservice.ivyresolve.FilteredModuleComponentRepository@3979dd7d
2026-08-21T16:48:36.372-0300 [DEBUG] [org.gradle.internal.operations.DefaultBuildOperationRunner] Completing Build operation 'Resolve dependencies of :detachedConfiguration72'
2026-08-21T16:48:36.372-0300 [DEBUG] [org.gradle.internal.operations.DefaultBuildOperationRunner] Build operation 'Resolve dependencies of :detachedConfiguration72' completed
2026-08-21T16:48:36.372-0300 [DEBUG] [org.gradle.internal.component.model.LoggingAttributeMatchingExplanationBuilder] Selected match {artifactType=pom, org.gradle.status=release} from candidates [{artifactType=pom, org.gradle.status=release}] for {}
2026-08-21T16:48:36.372-0300 [DEBUG] [org.gradle.internal.operations.DefaultBuildOperationRunner] Build operation 'Resolve files of configuration ':detachedConfiguration72'' started
2026-08-21T16:48:36.372-0300 [DEBUG] [org.gradle.internal.operations.DefaultBuildOperationRunner] Completing Build operation 'Resolve files of configuration ':detachedConfiguration72''
2026-08-21T16:48:36.372-0300 [DEBUG] [org.gradle.internal.operations.DefaultBuildOperationRunner] Build operation 'Resolve files of configuration ':detachedConfiguration72'' completed
2026-08-21T16:48:36.372-0300 [DEBUG] [org.gradle.internal.component.model.LoggingAttributeMatchingExplanationBuilder] Selected match {artifactType=pom, org.gradle.status=release} from candidates [{artifactType=pom, org.gradle.status=release}] for {}
2026-08-21T16:48:36.372-0300 [DEBUG] [org.gradle.internal.operations.DefaultBuildOperationRunner] Build operation 'Resolve files of configuration ':detachedConfiguration72'' started
2026-08-21T16:48:36.372-0300 [DEBUG] [org.gradle.internal.operations.DefaultBuildOperationRunner] Build operation 'Resolve junit-bom-5.13.2.pom (org.junit:junit-bom:5.13.2)' started
2026-08-21T16:48:36.372-0300 [DEBUG] [org.gradle.api.internal.artifacts.ivyservice.ivyresolve.CachingModuleComponentRepository] Found artifact 'junit-bom-5.13.2.pom (org.junit:junit-bom:5.13.2)' in resolver cache: /Users/claratorres1414/.gradle/caches/modules-2/files-2.1/org.junit/junit-bom/5.13.2/e192830e2a4932979a3ed6e9e39207d37296f817/junit-bom-5.13.2.pom
2026-08-21T16:48:36.372-0300 [DEBUG] [org.gradle.internal.operations.DefaultBuildOperationRunner] Completing Build operation 'Resolve junit-bom-5.13.2.pom (org.junit:junit-bom:5.13.2)'
2026-08-21T16:48:36.372-0300 [DEBUG] [org.gradle.internal.operations.DefaultBuildOperationRunner] Build operation 'Resolve junit-bom-5.13.2.pom (org.junit:junit-bom:5.13.2)' completed
2026-08-21T16:48:36.372-0300 [DEBUG] [org.gradle.internal.operations.DefaultBuildOperationRunner] Completing Build operation 'Resolve files of configuration ':detachedConfiguration72''
2026-08-21T16:48:36.372-0300 [DEBUG] [org.gradle.internal.operations.DefaultBuildOperationRunner] Build operation 'Resolve files of configuration ':detachedConfiguration72'' completed
2026-08-21T16:48:36.373-0300 [DEBUG] [org.gradle.internal.operations.DefaultBuildOperationRunner] Build operation 'Resolve dependencies of :detachedConfiguration73' started
2026-08-21T16:48:36.373-0300 [DEBUG] [org.gradle.api.internal.artifacts.ivyservice.modulecache.ResolvedArtifactCaches] Reusing in-memory cache for repo 'MavenRepo' [26c913274550a0b2221f47a0fe2d2358].
2026-08-21T16:48:36.373-0300 [DEBUG] [org.gradle.api.internal.artifacts.ivyservice.ivyresolve.RepositoryChainComponentMetaDataResolver] Attempting to resolve component for org.mockito:mockito-bom:4.11.0 using repositories [MavenRepo]
2026-08-21T16:48:36.373-0300 [DEBUG] [org.gradle.api.internal.artifacts.ivyservice.ivyresolve.CachingModuleComponentRepository] Using cached module metadata for module 'org.mockito:mockito-bom:4.11.0' in 'MavenRepo'
2026-08-21T16:48:36.373-0300 [DEBUG] [org.gradle.api.internal.artifacts.ivyservice.ivyresolve.RepositoryChainComponentMetaDataResolver] Using org.mockito:mockito-bom:4.11.0 from org.gradle.api.internal.artifacts.ivyservice.ivyresolve.FilteredModuleComponentRepository@1f8b28b3
2026-08-21T16:48:36.373-0300 [DEBUG] [org.gradle.internal.operations.DefaultBuildOperationRunner] Completing Build operation 'Resolve dependencies of :detachedConfiguration73'
2026-08-21T16:48:36.373-0300 [DEBUG] [org.gradle.internal.operations.DefaultBuildOperationRunner] Build operation 'Resolve dependencies of :detachedConfiguration73' completed
2026-08-21T16:48:36.373-0300 [DEBUG] [org.gradle.internal.component.model.LoggingAttributeMatchingExplanationBuilder] Selected match {artifactType=pom, org.gradle.status=release} from candidates [{artifactType=pom, org.gradle.status=release}] for {}
2026-08-21T16:48:36.373-0300 [DEBUG] [org.gradle.internal.operations.DefaultBuildOperationRunner] Build operation 'Resolve files of configuration ':detachedConfiguration73'' started
2026-08-21T16:48:36.373-0300 [DEBUG] [org.gradle.internal.operations.DefaultBuildOperationRunner] Completing Build operation 'Resolve files of configuration ':detachedConfiguration73''
2026-08-21T16:48:36.373-0300 [DEBUG] [org.gradle.internal.operations.DefaultBuildOperationRunner] Build operation 'Resolve files of configuration ':detachedConfiguration73'' completed
2026-08-21T16:48:36.373-0300 [DEBUG] [org.gradle.internal.component.model.LoggingAttributeMatchingExplanationBuilder] Selected match {artifactType=pom, org.gradle.status=release} from candidates [{artifactType=pom, org.gradle.status=release}] for {}
2026-08-21T16:48:36.374-0300 [DEBUG] [org.gradle.internal.operations.DefaultBuildOperationRunner] Build operation 'Resolve files of configuration ':detachedConfiguration73'' started
2026-08-21T16:48:36.374-0300 [DEBUG] [org.gradle.internal.operations.DefaultBuildOperationRunner] Build operation 'Resolve mockito-bom-4.11.0.pom (org.mockito:mockito-bom:4.11.0)' started
2026-08-21T16:48:36.374-0300 [DEBUG] [org.gradle.api.internal.artifacts.ivyservice.ivyresolve.CachingModuleComponentRepository] Found artifact 'mockito-bom-4.11.0.pom (org.mockito:mockito-bom:4.11.0)' in resolver cache: /Users/claratorres1414/.gradle/caches/modules-2/files-2.1/org.mockito/mockito-bom/4.11.0/1c271051b650e8dd5ae2c9726ee5953887030d/mockito-bom-4.11.0.pom
2026-08-21T16:48:36.374-0300 [DEBUG] [org.gradle.internal.operations.DefaultBuildOperationRunner] Completing Build operation 'Resolve mockito-bom-4.11.0.pom (org.mockito:mockito-bom:4.11.0)'
2026-08-21T16:48:36.374-0300 [DEBUG] [org.gradle.internal.operations.DefaultBuildOperationRunner] Build operation 'Resolve mockito-bom-4.11.0.pom (org.mockito:mockito-bom:4.11.0)' completed
2026-08-21T16:48:36.374-0300 [DEBUG] [org.gradle.internal.operations.DefaultBuildOperationRunner] Completing Build operation 'Resolve files of configuration ':detachedConfiguration73''
2026-08-21T16:48:36.374-0300 [DEBUG] [org.gradle.internal.operations.DefaultBuildOperationRunner] Build operation 'Resolve files of configuration ':detachedConfiguration73'' completed
2026-08-21T16:48:36.374-0300 [DEBUG] [org.gradle.internal.operations.DefaultBuildOperationRunner] Build operation 'Resolve dependencies of :detachedConfiguration74' started
2026-08-21T16:48:36.374-0300 [DEBUG] [org.gradle.api.internal.artifacts.ivyservice.modulecache.ResolvedArtifactCaches] Reusing in-memory cache for repo 'MavenRepo' [26c913274550a0b2221f47a0fe2d2358].
2026-08-21T16:48:36.375-0300 [DEBUG] [org.gradle.api.internal.artifacts.ivyservice.ivyresolve.RepositoryChainComponentMetaDataResolver] Attempting to resolve component for org.springframework:spring-framework-bom:5.3.39 using repositories [MavenRepo]
2026-08-21T16:48:36.375-0300 [DEBUG] [org.gradle.api.internal.artifacts.ivyservice.ivyresolve.CachingModuleComponentRepository] Using cached module metadata for module 'org.springframework:spring-framework-bom:5.3.39' in 'MavenRepo'
2026-08-21T16:48:36.375-0300 [DEBUG] [org.gradle.api.internal.artifacts.ivyservice.ivyresolve.RepositoryChainComponentMetaDataResolver] Using org.springframework:spring-framework-bom:5.3.39 from org.gradle.api.internal.artifacts.ivyservice.ivyresolve.FilteredModuleComponentRepository@39860386
2026-08-21T16:48:36.375-0300 [DEBUG] [org.gradle.internal.operations.DefaultBuildOperationRunner] Completing Build operation 'Resolve dependencies of :detachedConfiguration74'
2026-08-21T16:48:36.375-0300 [DEBUG] [org.gradle.internal.operations.DefaultBuildOperationRunner] Build operation 'Resolve dependencies of :detachedConfiguration74' completed
2026-08-21T16:48:36.375-0300 [DEBUG] [org.gradle.internal.component.model.LoggingAttributeMatchingExplanationBuilder] Selected match {artifactType=pom, org.gradle.status=release} from candidates [{artifactType=pom, org.gradle.status=release}] for {}
2026-08-21T16:48:36.375-0300 [DEBUG] [org.gradle.internal.operations.DefaultBuildOperationRunner] Build operation 'Resolve files of configuration ':detachedConfiguration74'' started
2026-08-21T16:48:36.375-0300 [DEBUG] [org.gradle.internal.operations.DefaultBuildOperationRunner] Completing Build operation 'Resolve files of configuration ':detachedConfiguration74''
2026-08-21T16:48:36.375-0300 [DEBUG] [org.gradle.internal.operations.DefaultBuildOperationRunner] Build operation 'Resolve files of configuration ':detachedConfiguration74'' completed
2026-08-21T16:48:36.375-0300 [DEBUG] [org.gradle.internal.component.model.LoggingAttributeMatchingExplanationBuilder] Selected match {artifactType=pom, org.gradle.status=release} from candidates [{artifactType=pom, org.gradle.status=release}] for {}
2026-08-21T16:48:36.375-0300 [DEBUG] [org.gradle.internal.operations.DefaultBuildOperationRunner] Build operation 'Resolve files of configuration ':detachedConfiguration74'' started
2026-08-21T16:48:36.375-0300 [DEBUG] [org.gradle.internal.operations.DefaultBuildOperationRunner] Build operation 'Resolve spring-framework-bom-5.3.39.pom (org.springframework:spring-framework-bom:5.3.39)' started
2026-08-21T16:48:36.375-0300 [DEBUG] [org.gradle.api.internal.artifacts.ivyservice.ivyresolve.CachingModuleComponentRepository] Found artifact 'spring-framework-bom-5.3.39.pom (org.springframework:spring-framework-bom:5.3.39)' in resolver cache: /Users/claratorres1414/.gradle/caches/modules-2/files-2.1/org.springframework/spring-framework-bom/5.3.39/51d5e26004c5cd98c1d0bd562e0579f18e6552e8/spring-framework-bom-5.3.39.pom
2026-08-21T16:48:36.375-0300 [DEBUG] [org.gradle.internal.operations.DefaultBuildOperationRunner] Completing Build operation 'Resolve spring-framework-bom-5.3.39.pom (org.springframework:spring-framework-bom:5.3.39)'
2026-08-21T16:48:36.375-0300 [DEBUG] [org.gradle.internal.operations.DefaultBuildOperationRunner] Build operation 'Resolve spring-framework-bom-5.3.39.pom (org.springframework:spring-framework-bom:5.3.39)' completed
2026-08-21T16:48:36.375-0300 [DEBUG] [org.gradle.internal.operations.DefaultBuildOperationRunner] Completing Build operation 'Resolve files of configuration ':detachedConfiguration74''
2026-08-21T16:48:36.375-0300 [DEBUG] [org.gradle.internal.operations.DefaultBuildOperationRunner] Build operation 'Resolve files of configuration ':detachedConfiguration74'' completed
2026-08-21T16:48:36.379-0300 [DEBUG] [org.gradle.internal.operations.DefaultBuildOperationRunner] Build operation 'Resolve dependencies of :detachedConfiguration75' started
2026-08-21T16:48:36.380-0300 [DEBUG] [org.gradle.api.internal.artifacts.ivyservice.modulecache.ResolvedArtifactCaches] Reusing in-memory cache for repo 'MavenRepo' [26c913274550a0b2221f47a0fe2d2358].
2026-08-21T16:48:36.380-0300 [DEBUG] [org.gradle.api.internal.artifacts.ivyservice.ivyresolve.RepositoryChainComponentMetaDataResolver] Attempting to resolve component for org.apache.commons:commons-parent:97 using repositories [MavenRepo]
2026-08-21T16:48:36.380-0300 [DEBUG] [org.gradle.api.internal.artifacts.ivyservice.ivyresolve.CachingModuleComponentRepository] Using cached module metadata for module 'org.apache.commons:commons-parent:97' in 'MavenRepo'
2026-08-21T16:48:36.380-0300 [DEBUG] [org.gradle.api.internal.artifacts.ivyservice.ivyresolve.RepositoryChainComponentMetaDataResolver] Using org.apache.commons:commons-parent:97 from org.gradle.api.internal.artifacts.ivyservice.ivyresolve.FilteredModuleComponentRepository@3bcab1d0
2026-08-21T16:48:36.380-0300 [DEBUG] [org.gradle.internal.operations.DefaultBuildOperationRunner] Completing Build operation 'Resolve dependencies of :detachedConfiguration75'
2026-08-21T16:48:36.380-0300 [DEBUG] [org.gradle.internal.operations.DefaultBuildOperationRunner] Build operation 'Resolve dependencies of :detachedConfiguration75' completed
2026-08-21T16:48:36.380-0300 [DEBUG] [org.gradle.internal.component.model.LoggingAttributeMatchingExplanationBuilder] Selected match {artifactType=pom, org.gradle.status=release} from candidates [{artifactType=pom, org.gradle.status=release}] for {}
2026-08-21T16:48:36.380-0300 [DEBUG] [org.gradle.internal.operations.DefaultBuildOperationRunner] Build operation 'Resolve files of configuration ':detachedConfiguration75'' started
2026-08-21T16:48:36.380-0300 [DEBUG] [org.gradle.internal.operations.DefaultBuildOperationRunner] Completing Build operation 'Resolve files of configuration ':detachedConfiguration75''
2026-08-21T16:48:36.380-0300 [DEBUG] [org.gradle.internal.operations.DefaultBuildOperationRunner] Build operation 'Resolve files of configuration ':detachedConfiguration75'' completed
2026-08-21T16:48:36.380-0300 [DEBUG] [org.gradle.internal.component.model.LoggingAttributeMatchingExplanationBuilder] Selected match {artifactType=pom, org.gradle.status=release} from candidates [{artifactType=pom, org.gradle.status=release}] for {}
2026-08-21T16:48:36.380-0300 [DEBUG] [org.gradle.internal.operations.DefaultBuildOperationRunner] Build operation 'Resolve files of configuration ':detachedConfiguration75'' started
2026-08-21T16:48:36.380-0300 [DEBUG] [org.gradle.internal.operations.DefaultBuildOperationRunner] Build operation 'Resolve commons-parent-97.pom (org.apache.commons:commons-parent:97)' started
2026-08-21T16:48:36.381-0300 [DEBUG] [org.gradle.api.internal.artifacts.ivyservice.ivyresolve.CachingModuleComponentRepository] Found artifact 'commons-parent-97.pom (org.apache.commons:commons-parent:97)' in resolver cache: /Users/claratorres1414/.gradle/caches/modules-2/files-2.1/org.apache.commons/commons-parent/97/d9a83789bd80acbe6775feddf5a72c21f81fa36a/commons-parent-97.pom
2026-08-21T16:48:36.381-0300 [DEBUG] [org.gradle.internal.operations.DefaultBuildOperationRunner] Completing Build operation 'Resolve commons-parent-97.pom (org.apache.commons:commons-parent:97)'
2026-08-21T16:48:36.381-0300 [DEBUG] [org.gradle.internal.operations.DefaultBuildOperationRunner] Build operation 'Resolve commons-parent-97.pom (org.apache.commons:commons-parent:97)' completed
2026-08-21T16:48:36.381-0300 [DEBUG] [org.gradle.internal.operations.DefaultBuildOperationRunner] Completing Build operation 'Resolve files of configuration ':detachedConfiguration75''
2026-08-21T16:48:36.381-0300 [DEBUG] [org.gradle.internal.operations.DefaultBuildOperationRunner] Build operation 'Resolve files of configuration ':detachedConfiguration75'' completed
2026-08-21T16:48:36.383-0300 [DEBUG] [org.gradle.internal.operations.DefaultBuildOperationRunner] Build operation 'Resolve dependencies of :detachedConfiguration76' started
2026-08-21T16:48:36.383-0300 [DEBUG] [org.gradle.api.internal.artifacts.ivyservice.modulecache.ResolvedArtifactCaches] Reusing in-memory cache for repo 'MavenRepo' [26c913274550a0b2221f47a0fe2d2358].
2026-08-21T16:48:36.384-0300 [DEBUG] [org.gradle.api.internal.artifacts.ivyservice.ivyresolve.RepositoryChainComponentMetaDataResolver] Attempting to resolve component for org.junit:junit-bom:5.14.2 using repositories [MavenRepo]
2026-08-21T16:48:36.384-0300 [DEBUG] [org.gradle.api.internal.artifacts.ivyservice.ivyresolve.CachingModuleComponentRepository] Using cached module metadata for module 'org.junit:junit-bom:5.14.2' in 'MavenRepo'
2026-08-21T16:48:36.384-0300 [DEBUG] [org.gradle.api.internal.artifacts.ivyservice.ivyresolve.RepositoryChainComponentMetaDataResolver] Using org.junit:junit-bom:5.14.2 from org.gradle.api.internal.artifacts.ivyservice.ivyresolve.FilteredModuleComponentRepository@cfdf27e
2026-08-21T16:48:36.384-0300 [DEBUG] [org.gradle.internal.operations.DefaultBuildOperationRunner] Completing Build operation 'Resolve dependencies of :detachedConfiguration76'
2026-08-21T16:48:36.384-0300 [DEBUG] [org.gradle.internal.operations.DefaultBuildOperationRunner] Build operation 'Resolve dependencies of :detachedConfiguration76' completed
2026-08-21T16:48:36.384-0300 [DEBUG] [org.gradle.internal.component.model.LoggingAttributeMatchingExplanationBuilder] Selected match {artifactType=pom, org.gradle.status=release} from candidates [{artifactType=pom, org.gradle.status=release}] for {}
2026-08-21T16:48:36.384-0300 [DEBUG] [org.gradle.internal.operations.DefaultBuildOperationRunner] Build operation 'Resolve files of configuration ':detachedConfiguration76'' started
2026-08-21T16:48:36.384-0300 [DEBUG] [org.gradle.internal.operations.DefaultBuildOperationRunner] Completing Build operation 'Resolve files of configuration ':detachedConfiguration76''
2026-08-21T16:48:36.384-0300 [DEBUG] [org.gradle.internal.operations.DefaultBuildOperationRunner] Build operation 'Resolve files of configuration ':detachedConfiguration76'' completed
2026-08-21T16:48:36.384-0300 [DEBUG] [org.gradle.internal.component.model.LoggingAttributeMatchingExplanationBuilder] Selected match {artifactType=pom, org.gradle.status=release} from candidates [{artifactType=pom, org.gradle.status=release}] for {}
2026-08-21T16:48:36.384-0300 [DEBUG] [org.gradle.internal.operations.DefaultBuildOperationRunner] Build operation 'Resolve files of configuration ':detachedConfiguration76'' started
2026-08-21T16:48:36.384-0300 [DEBUG] [org.gradle.internal.operations.DefaultBuildOperationRunner] Build operation 'Resolve junit-bom-5.14.2.pom (org.junit:junit-bom:5.14.2)' started
2026-08-21T16:48:36.384-0300 [DEBUG] [org.gradle.api.internal.artifacts.ivyservice.ivyresolve.CachingModuleComponentRepository] Found artifact 'junit-bom-5.14.2.pom (org.junit:junit-bom:5.14.2)' in resolver cache: /Users/claratorres1414/.gradle/caches/modules-2/files-2.1/org.junit/junit-bom/5.14.2/76ba4d331ce3412102fb0b53a48264619ee353e8/junit-bom-5.14.2.pom
2026-08-21T16:48:36.384-0300 [DEBUG] [org.gradle.internal.operations.DefaultBuildOperationRunner] Completing Build operation 'Resolve junit-bom-5.14.2.pom (org.junit:junit-bom:5.14.2)'
2026-08-21T16:48:36.384-0300 [DEBUG] [org.gradle.internal.operations.DefaultBuildOperationRunner] Build operation 'Resolve junit-bom-5.14.2.pom (org.junit:junit-bom:5.14.2)' completed
2026-08-21T16:48:36.384-0300 [DEBUG] [org.gradle.internal.operations.DefaultBuildOperationRunner] Completing Build operation 'Resolve files of configuration ':detachedConfiguration76''
2026-08-21T16:48:36.384-0300 [DEBUG] [org.gradle.internal.operations.DefaultBuildOperationRunner] Build operation 'Resolve files of configuration ':detachedConfiguration76'' completed
2026-08-21T16:48:36.390-0300 [DEBUG] [org.gradle.internal.operations.DefaultBuildOperationRunner] Build operation 'Resolve dependencies of :detachedConfiguration77' started
2026-08-21T16:48:36.390-0300 [DEBUG] [org.gradle.api.internal.artifacts.ivyservice.modulecache.ResolvedArtifactCaches] Reusing in-memory cache for repo 'MavenRepo' [26c913274550a0b2221f47a0fe2d2358].
2026-08-21T16:48:36.390-0300 [DEBUG] [org.gradle.api.internal.artifacts.ivyservice.ivyresolve.RepositoryChainComponentMetaDataResolver] Attempting to resolve component for org.ow2:ow2:1.5.1 using repositories [MavenRepo]
2026-08-21T16:48:36.390-0300 [DEBUG] [org.gradle.api.internal.artifacts.ivyservice.ivyresolve.CachingModuleComponentRepository] Using cached module metadata for module 'org.ow2:ow2:1.5.1' in 'MavenRepo'
2026-08-21T16:48:36.390-0300 [DEBUG] [org.gradle.api.internal.artifacts.ivyservice.ivyresolve.RepositoryChainComponentMetaDataResolver] Using org.ow2:ow2:1.5.1 from org.gradle.api.internal.artifacts.ivyservice.ivyresolve.FilteredModuleComponentRepository@5f796f0f
2026-08-21T16:48:36.391-0300 [DEBUG] [org.gradle.internal.operations.DefaultBuildOperationRunner] Completing Build operation 'Resolve dependencies of :detachedConfiguration77'
2026-08-21T16:48:36.391-0300 [DEBUG] [org.gradle.internal.operations.DefaultBuildOperationRunner] Build operation 'Resolve dependencies of :detachedConfiguration77' completed
2026-08-21T16:48:36.391-0300 [DEBUG] [org.gradle.internal.component.model.LoggingAttributeMatchingExplanationBuilder] Selected match {artifactType=pom, org.gradle.status=release} from candidates [{artifactType=pom, org.gradle.status=release}] for {}
2026-08-21T16:48:36.391-0300 [DEBUG] [org.gradle.internal.operations.DefaultBuildOperationRunner] Build operation 'Resolve files of configuration ':detachedConfiguration77'' started
2026-08-21T16:48:36.391-0300 [DEBUG] [org.gradle.internal.operations.DefaultBuildOperationRunner] Completing Build operation 'Resolve files of configuration ':detachedConfiguration77''
2026-08-21T16:48:36.391-0300 [DEBUG] [org.gradle.internal.operations.DefaultBuildOperationRunner] Build operation 'Resolve files of configuration ':detachedConfiguration77'' completed
2026-08-21T16:48:36.391-0300 [DEBUG] [org.gradle.internal.component.model.LoggingAttributeMatchingExplanationBuilder] Selected match {artifactType=pom, org.gradle.status=release} from candidates [{artifactType=pom, org.gradle.status=release}] for {}
2026-08-21T16:48:36.391-0300 [DEBUG] [org.gradle.internal.operations.DefaultBuildOperationRunner] Build operation 'Resolve files of configuration ':detachedConfiguration77'' started
2026-08-21T16:48:36.391-0300 [DEBUG] [org.gradle.internal.operations.DefaultBuildOperationRunner] Build operation 'Resolve ow2-1.5.1.pom (org.ow2:ow2:1.5.1)' started
2026-08-21T16:48:36.391-0300 [DEBUG] [org.gradle.api.internal.artifacts.ivyservice.ivyresolve.CachingModuleComponentRepository] Found artifact 'ow2-1.5.1.pom (org.ow2:ow2:1.5.1)' in resolver cache: /Users/claratorres1414/.gradle/caches/modules-2/files-2.1/org.ow2/ow2/1.5.1/bda66fa5f1b68fa7d2de3d569bdc8508b2af82d4/ow2-1.5.1.pom
2026-08-21T16:48:36.391-0300 [DEBUG] [org.gradle.internal.operations.DefaultBuildOperationRunner] Completing Build operation 'Resolve ow2-1.5.1.pom (org.ow2:ow2:1.5.1)'
2026-08-21T16:48:36.391-0300 [DEBUG] [org.gradle.internal.operations.DefaultBuildOperationRunner] Build operation 'Resolve ow2-1.5.1.pom (org.ow2:ow2:1.5.1)' completed
2026-08-21T16:48:36.391-0300 [DEBUG] [org.gradle.internal.operations.DefaultBuildOperationRunner] Completing Build operation 'Resolve files of configuration ':detachedConfiguration77''
2026-08-21T16:48:36.391-0300 [DEBUG] [org.gradle.internal.operations.DefaultBuildOperationRunner] Build operation 'Resolve files of configuration ':detachedConfiguration77'' completed
2026-08-21T16:48:36.392-0300 [DEBUG] [org.gradle.internal.operations.DefaultBuildOperationRunner] Build operation 'Resolve dependencies of :detachedConfiguration78' started
2026-08-21T16:48:36.392-0300 [DEBUG] [org.gradle.api.internal.artifacts.ivyservice.modulecache.ResolvedArtifactCaches] Reusing in-memory cache for repo 'MavenRepo' [26c913274550a0b2221f47a0fe2d2358].
2026-08-21T16:48:36.393-0300 [DEBUG] [org.gradle.api.internal.artifacts.ivyservice.ivyresolve.RepositoryChainComponentMetaDataResolver] Attempting to resolve component for jakarta.xml.bind:jakarta.xml.bind-api-parent:4.0.5 using repositories [MavenRepo]
2026-08-21T16:48:36.393-0300 [DEBUG] [org.gradle.api.internal.artifacts.ivyservice.ivyresolve.CachingModuleComponentRepository] Using cached module metadata for module 'jakarta.xml.bind:jakarta.xml.bind-api-parent:4.0.5' in 'MavenRepo'
2026-08-21T16:48:36.393-0300 [DEBUG] [org.gradle.api.internal.artifacts.ivyservice.ivyresolve.RepositoryChainComponentMetaDataResolver] Using jakarta.xml.bind:jakarta.xml.bind-api-parent:4.0.5 from org.gradle.api.internal.artifacts.ivyservice.ivyresolve.FilteredModuleComponentRepository@4a6ab598
2026-08-21T16:48:36.393-0300 [DEBUG] [org.gradle.internal.operations.DefaultBuildOperationRunner] Completing Build operation 'Resolve dependencies of :detachedConfiguration78'
2026-08-21T16:48:36.393-0300 [DEBUG] [org.gradle.internal.operations.DefaultBuildOperationRunner] Build operation 'Resolve dependencies of :detachedConfiguration78' completed
2026-08-21T16:48:36.393-0300 [DEBUG] [org.gradle.internal.component.model.LoggingAttributeMatchingExplanationBuilder] Selected match {artifactType=pom, org.gradle.status=release} from candidates [{artifactType=pom, org.gradle.status=release}] for {}
2026-08-21T16:48:36.393-0300 [DEBUG] [org.gradle.internal.operations.DefaultBuildOperationRunner] Build operation 'Resolve files of configuration ':detachedConfiguration78'' started
2026-08-21T16:48:36.393-0300 [DEBUG] [org.gradle.internal.operations.DefaultBuildOperationRunner] Completing Build operation 'Resolve files of configuration ':detachedConfiguration78''
2026-08-21T16:48:36.393-0300 [DEBUG] [org.gradle.internal.operations.DefaultBuildOperationRunner] Build operation 'Resolve files of configuration ':detachedConfiguration78'' completed
2026-08-21T16:48:36.393-0300 [DEBUG] [org.gradle.internal.component.model.LoggingAttributeMatchingExplanationBuilder] Selected match {artifactType=pom, org.gradle.status=release} from candidates [{artifactType=pom, org.gradle.status=release}] for {}
2026-08-21T16:48:36.393-0300 [DEBUG] [org.gradle.internal.operations.DefaultBuildOperationRunner] Build operation 'Resolve files of configuration ':detachedConfiguration78'' started
2026-08-21T16:48:36.393-0300 [DEBUG] [org.gradle.internal.operations.DefaultBuildOperationRunner] Build operation 'Resolve jakarta.xml.bind-api-parent-4.0.5.pom (jakarta.xml.bind:jakarta.xml.bind-api-parent:4.0.5)' started
2026-08-21T16:48:36.393-0300 [DEBUG] [org.gradle.api.internal.artifacts.ivyservice.ivyresolve.CachingModuleComponentRepository] Found artifact 'jakarta.xml.bind-api-parent-4.0.5.pom (jakarta.xml.bind:jakarta.xml.bind-api-parent:4.0.5)' in resolver cache: /Users/claratorres1414/.gradle/caches/modules-2/files-2.1/jakarta.xml.bind/jakarta.xml.bind-api-parent/4.0.5/84bab6fecef8e4bd0e0095514b8e3d019fa80296/jakarta.xml.bind-api-parent-4.0.5.pom
2026-08-21T16:48:36.393-0300 [DEBUG] [org.gradle.internal.operations.DefaultBuildOperationRunner] Completing Build operation 'Resolve jakarta.xml.bind-api-parent-4.0.5.pom (jakarta.xml.bind:jakarta.xml.bind-api-parent:4.0.5)'
2026-08-21T16:48:36.393-0300 [DEBUG] [org.gradle.internal.operations.DefaultBuildOperationRunner] Build operation 'Resolve jakarta.xml.bind-api-parent-4.0.5.pom (jakarta.xml.bind:jakarta.xml.bind-api-parent:4.0.5)' completed
2026-08-21T16:48:36.393-0300 [DEBUG] [org.gradle.internal.operations.DefaultBuildOperationRunner] Completing Build operation 'Resolve files of configuration ':detachedConfiguration78''
2026-08-21T16:48:36.393-0300 [DEBUG] [org.gradle.internal.operations.DefaultBuildOperationRunner] Build operation 'Resolve files of configuration ':detachedConfiguration78'' completed
2026-08-21T16:48:36.396-0300 [DEBUG] [org.gradle.internal.operations.DefaultBuildOperationRunner] Build operation 'Resolve dependencies of :detachedConfiguration79' started
2026-08-21T16:48:36.396-0300 [DEBUG] [org.gradle.api.internal.artifacts.ivyservice.modulecache.ResolvedArtifactCaches] Reusing in-memory cache for repo 'MavenRepo' [26c913274550a0b2221f47a0fe2d2358].
2026-08-21T16:48:36.396-0300 [DEBUG] [org.gradle.api.internal.artifacts.ivyservice.ivyresolve.RepositoryChainComponentMetaDataResolver] Attempting to resolve component for net.bytebuddy:byte-buddy-parent:1.18.10 using repositories [MavenRepo]
2026-08-21T16:48:36.396-0300 [DEBUG] [org.gradle.api.internal.artifacts.ivyservice.ivyresolve.CachingModuleComponentRepository] Using cached module metadata for module 'net.bytebuddy:byte-buddy-parent:1.18.10' in 'MavenRepo'
2026-08-21T16:48:36.396-0300 [DEBUG] [org.gradle.api.internal.artifacts.ivyservice.ivyresolve.RepositoryChainComponentMetaDataResolver] Using net.bytebuddy:byte-buddy-parent:1.18.10 from org.gradle.api.internal.artifacts.ivyservice.ivyresolve.FilteredModuleComponentRepository@446e3efa
2026-08-21T16:48:36.396-0300 [DEBUG] [org.gradle.internal.operations.DefaultBuildOperationRunner] Completing Build operation 'Resolve dependencies of :detachedConfiguration79'
2026-08-21T16:48:36.397-0300 [DEBUG] [org.gradle.internal.operations.DefaultBuildOperationRunner] Build operation 'Resolve dependencies of :detachedConfiguration79' completed
2026-08-21T16:48:36.397-0300 [DEBUG] [org.gradle.internal.component.model.LoggingAttributeMatchingExplanationBuilder] Selected match {artifactType=pom, org.gradle.status=release} from candidates [{artifactType=pom, org.gradle.status=release}] for {}
2026-08-21T16:48:36.397-0300 [DEBUG] [org.gradle.internal.operations.DefaultBuildOperationRunner] Build operation 'Resolve files of configuration ':detachedConfiguration79'' started
2026-08-21T16:48:36.397-0300 [DEBUG] [org.gradle.internal.operations.DefaultBuildOperationRunner] Completing Build operation 'Resolve files of configuration ':detachedConfiguration79''
2026-08-21T16:48:36.397-0300 [DEBUG] [org.gradle.internal.operations.DefaultBuildOperationRunner] Build operation 'Resolve files of configuration ':detachedConfiguration79'' completed
2026-08-21T16:48:36.397-0300 [DEBUG] [org.gradle.internal.component.model.LoggingAttributeMatchingExplanationBuilder] Selected match {artifactType=pom, org.gradle.status=release} from candidates [{artifactType=pom, org.gradle.status=release}] for {}
2026-08-21T16:48:36.397-0300 [DEBUG] [org.gradle.internal.operations.DefaultBuildOperationRunner] Build operation 'Resolve files of configuration ':detachedConfiguration79'' started
2026-08-21T16:48:36.397-0300 [DEBUG] [org.gradle.internal.operations.DefaultBuildOperationRunner] Build operation 'Resolve byte-buddy-parent-1.18.10.pom (net.bytebuddy:byte-buddy-parent:1.18.10)' started
2026-08-21T16:48:36.397-0300 [DEBUG] [org.gradle.api.internal.artifacts.ivyservice.ivyresolve.CachingModuleComponentRepository] Found artifact 'byte-buddy-parent-1.18.10.pom (net.bytebuddy:byte-buddy-parent:1.18.10)' in resolver cache: /Users/claratorres1414/.gradle/caches/modules-2/files-2.1/net.bytebuddy/byte-buddy-parent/1.18.10/23c8755b66cf2b009029b32513d5ffcd8561c3c7/byte-buddy-parent-1.18.10.pom
2026-08-21T16:48:36.397-0300 [DEBUG] [org.gradle.internal.operations.DefaultBuildOperationRunner] Completing Build operation 'Resolve byte-buddy-parent-1.18.10.pom (net.bytebuddy:byte-buddy-parent:1.18.10)'
2026-08-21T16:48:36.397-0300 [DEBUG] [org.gradle.internal.operations.DefaultBuildOperationRunner] Build operation 'Resolve byte-buddy-parent-1.18.10.pom (net.bytebuddy:byte-buddy-parent:1.18.10)' completed
2026-08-21T16:48:36.397-0300 [DEBUG] [org.gradle.internal.operations.DefaultBuildOperationRunner] Completing Build operation 'Resolve files of configuration ':detachedConfiguration79''
2026-08-21T16:48:36.397-0300 [DEBUG] [org.gradle.internal.operations.DefaultBuildOperationRunner] Build operation 'Resolve files of configuration ':detachedConfiguration79'' completed
2026-08-21T16:48:36.399-0300 [DEBUG] [org.gradle.internal.operations.DefaultBuildOperationRunner] Build operation 'Resolve dependencies of :detachedConfiguration80' started
2026-08-21T16:48:36.399-0300 [DEBUG] [org.gradle.api.internal.artifacts.ivyservice.modulecache.ResolvedArtifactCaches] Reusing in-memory cache for repo 'MavenRepo' [26c913274550a0b2221f47a0fe2d2358].
2026-08-21T16:48:36.400-0300 [DEBUG] [org.gradle.api.internal.artifacts.ivyservice.ivyresolve.RepositoryChainComponentMetaDataResolver] Attempting to resolve component for org.awaitility:awaitility-parent:4.3.0 using repositories [MavenRepo]
2026-08-21T16:48:36.400-0300 [DEBUG] [org.gradle.api.internal.artifacts.ivyservice.ivyresolve.CachingModuleComponentRepository] Using cached module metadata for module 'org.awaitility:awaitility-parent:4.3.0' in 'MavenRepo'
2026-08-21T16:48:36.400-0300 [DEBUG] [org.gradle.api.internal.artifacts.ivyservice.ivyresolve.RepositoryChainComponentMetaDataResolver] Using org.awaitility:awaitility-parent:4.3.0 from org.gradle.api.internal.artifacts.ivyservice.ivyresolve.FilteredModuleComponentRepository@45b0ddb0
2026-08-21T16:48:36.400-0300 [DEBUG] [org.gradle.internal.operations.DefaultBuildOperationRunner] Completing Build operation 'Resolve dependencies of :detachedConfiguration80'
2026-08-21T16:48:36.400-0300 [DEBUG] [org.gradle.internal.operations.DefaultBuildOperationRunner] Build operation 'Resolve dependencies of :detachedConfiguration80' completed
2026-08-21T16:48:36.400-0300 [DEBUG] [org.gradle.internal.component.model.LoggingAttributeMatchingExplanationBuilder] Selected match {artifactType=pom, org.gradle.status=release} from candidates [{artifactType=pom, org.gradle.status=release}] for {}
2026-08-21T16:48:36.400-0300 [DEBUG] [org.gradle.internal.operations.DefaultBuildOperationRunner] Build operation 'Resolve files of configuration ':detachedConfiguration80'' started
2026-08-21T16:48:36.400-0300 [DEBUG] [org.gradle.internal.operations.DefaultBuildOperationRunner] Completing Build operation 'Resolve files of configuration ':detachedConfiguration80''
2026-08-21T16:48:36.400-0300 [DEBUG] [org.gradle.internal.operations.DefaultBuildOperationRunner] Build operation 'Resolve files of configuration ':detachedConfiguration80'' completed
2026-08-21T16:48:36.400-0300 [DEBUG] [org.gradle.internal.component.model.LoggingAttributeMatchingExplanationBuilder] Selected match {artifactType=pom, org.gradle.status=release} from candidates [{artifactType=pom, org.gradle.status=release}] for {}
2026-08-21T16:48:36.400-0300 [DEBUG] [org.gradle.internal.operations.DefaultBuildOperationRunner] Build operation 'Resolve files of configuration ':detachedConfiguration80'' started
2026-08-21T16:48:36.400-0300 [DEBUG] [org.gradle.internal.operations.DefaultBuildOperationRunner] Build operation 'Resolve awaitility-parent-4.3.0.pom (org.awaitility:awaitility-parent:4.3.0)' started
2026-08-21T16:48:36.400-0300 [DEBUG] [org.gradle.api.internal.artifacts.ivyservice.ivyresolve.CachingModuleComponentRepository] Found artifact 'awaitility-parent-4.3.0.pom (org.awaitility:awaitility-parent:4.3.0)' in resolver cache: /Users/claratorres1414/.gradle/caches/modules-2/files-2.1/org.awaitility/awaitility-parent/4.3.0/7b2be0b77d54ffd02205f86322ce3a072b9cc68f/awaitility-parent-4.3.0.pom
2026-08-21T16:48:36.400-0300 [DEBUG] [org.gradle.internal.operations.DefaultBuildOperationRunner] Completing Build operation 'Resolve awaitility-parent-4.3.0.pom (org.awaitility:awaitility-parent:4.3.0)'
2026-08-21T16:48:36.400-0300 [DEBUG] [org.gradle.internal.operations.DefaultBuildOperationRunner] Build operation 'Resolve awaitility-parent-4.3.0.pom (org.awaitility:awaitility-parent:4.3.0)' completed
2026-08-21T16:48:36.400-0300 [DEBUG] [org.gradle.internal.operations.DefaultBuildOperationRunner] Completing Build operation 'Resolve files of configuration ':detachedConfiguration80''
2026-08-21T16:48:36.400-0300 [DEBUG] [org.gradle.internal.operations.DefaultBuildOperationRunner] Build operation 'Resolve files of configuration ':detachedConfiguration80'' completed
2026-08-21T16:48:36.401-0300 [DEBUG] [org.gradle.internal.operations.DefaultBuildOperationRunner] Build operation 'Resolve dependencies of :detachedConfiguration81' started
2026-08-21T16:48:36.401-0300 [DEBUG] [org.gradle.api.internal.artifacts.ivyservice.modulecache.ResolvedArtifactCaches] Reusing in-memory cache for repo 'MavenRepo' [26c913274550a0b2221f47a0fe2d2358].
2026-08-21T16:48:36.402-0300 [DEBUG] [org.gradle.api.internal.artifacts.ivyservice.ivyresolve.RepositoryChainComponentMetaDataResolver] Attempting to resolve component for org.sonatype.oss:oss-parent:9 using repositories [MavenRepo]
2026-08-21T16:48:36.402-0300 [DEBUG] [org.gradle.api.internal.artifacts.ivyservice.ivyresolve.CachingModuleComponentRepository] Using cached module metadata for module 'org.sonatype.oss:oss-parent:9' in 'MavenRepo'
2026-08-21T16:48:36.402-0300 [DEBUG] [org.gradle.api.internal.artifacts.ivyservice.ivyresolve.RepositoryChainComponentMetaDataResolver] Using org.sonatype.oss:oss-parent:9 from org.gradle.api.internal.artifacts.ivyservice.ivyresolve.FilteredModuleComponentRepository@40ef6a91
2026-08-21T16:48:36.402-0300 [DEBUG] [org.gradle.internal.operations.DefaultBuildOperationRunner] Completing Build operation 'Resolve dependencies of :detachedConfiguration81'
2026-08-21T16:48:36.402-0300 [DEBUG] [org.gradle.internal.operations.DefaultBuildOperationRunner] Build operation 'Resolve dependencies of :detachedConfiguration81' completed
2026-08-21T16:48:36.402-0300 [DEBUG] [org.gradle.internal.component.model.LoggingAttributeMatchingExplanationBuilder] Selected match {artifactType=pom, org.gradle.status=release} from candidates [{artifactType=pom, org.gradle.status=release}] for {}
2026-08-21T16:48:36.402-0300 [DEBUG] [org.gradle.internal.operations.DefaultBuildOperationRunner] Build operation 'Resolve files of configuration ':detachedConfiguration81'' started
2026-08-21T16:48:36.402-0300 [DEBUG] [org.gradle.internal.operations.DefaultBuildOperationRunner] Completing Build operation 'Resolve files of configuration ':detachedConfiguration81''
2026-08-21T16:48:36.402-0300 [DEBUG] [org.gradle.internal.operations.DefaultBuildOperationRunner] Build operation 'Resolve files of configuration ':detachedConfiguration81'' completed
2026-08-21T16:48:36.402-0300 [DEBUG] [org.gradle.internal.component.model.LoggingAttributeMatchingExplanationBuilder] Selected match {artifactType=pom, org.gradle.status=release} from candidates [{artifactType=pom, org.gradle.status=release}] for {}
2026-08-21T16:48:36.402-0300 [DEBUG] [org.gradle.internal.operations.DefaultBuildOperationRunner] Build operation 'Resolve files of configuration ':detachedConfiguration81'' started
2026-08-21T16:48:36.402-0300 [DEBUG] [org.gradle.internal.operations.DefaultBuildOperationRunner] Build operation 'Resolve oss-parent-9.pom (org.sonatype.oss:oss-parent:9)' started
2026-08-21T16:48:36.402-0300 [DEBUG] [org.gradle.api.internal.artifacts.ivyservice.ivyresolve.CachingModuleComponentRepository] Found artifact 'oss-parent-9.pom (org.sonatype.oss:oss-parent:9)' in resolver cache: /Users/claratorres1414/.gradle/caches/modules-2/files-2.1/org.sonatype.oss/oss-parent/9/e5cdc4d23b86d79c436f16fed20853284e868f65/oss-parent-9.pom
2026-08-21T16:48:36.402-0300 [DEBUG] [org.gradle.internal.operations.DefaultBuildOperationRunner] Completing Build operation 'Resolve oss-parent-9.pom (org.sonatype.oss:oss-parent:9)'
2026-08-21T16:48:36.402-0300 [DEBUG] [org.gradle.internal.operations.DefaultBuildOperationRunner] Build operation 'Resolve oss-parent-9.pom (org.sonatype.oss:oss-parent:9)' completed
2026-08-21T16:48:36.402-0300 [DEBUG] [org.gradle.internal.operations.DefaultBuildOperationRunner] Completing Build operation 'Resolve files of configuration ':detachedConfiguration81''
2026-08-21T16:48:36.402-0300 [DEBUG] [org.gradle.internal.operations.DefaultBuildOperationRunner] Build operation 'Resolve files of configuration ':detachedConfiguration81'' completed
2026-08-21T16:48:36.405-0300 [DEBUG] [org.gradle.internal.operations.DefaultBuildOperationRunner] Build operation 'Resolve dependencies of :detachedConfiguration82' started
2026-08-21T16:48:36.405-0300 [DEBUG] [org.gradle.api.internal.artifacts.ivyservice.modulecache.ResolvedArtifactCaches] Reusing in-memory cache for repo 'MavenRepo' [26c913274550a0b2221f47a0fe2d2358].
2026-08-21T16:48:36.405-0300 [DEBUG] [org.gradle.api.internal.artifacts.ivyservice.ivyresolve.RepositoryChainComponentMetaDataResolver] Attempting to resolve component for org.objenesis:objenesis-parent:3.3 using repositories [MavenRepo]
2026-08-21T16:48:36.405-0300 [DEBUG] [org.gradle.api.internal.artifacts.ivyservice.ivyresolve.CachingModuleComponentRepository] Using cached module metadata for module 'org.objenesis:objenesis-parent:3.3' in 'MavenRepo'
2026-08-21T16:48:36.405-0300 [DEBUG] [org.gradle.api.internal.artifacts.ivyservice.ivyresolve.RepositoryChainComponentMetaDataResolver] Using org.objenesis:objenesis-parent:3.3 from org.gradle.api.internal.artifacts.ivyservice.ivyresolve.FilteredModuleComponentRepository@426b2a3d
2026-08-21T16:48:36.405-0300 [DEBUG] [org.gradle.internal.operations.DefaultBuildOperationRunner] Completing Build operation 'Resolve dependencies of :detachedConfiguration82'
2026-08-21T16:48:36.405-0300 [DEBUG] [org.gradle.internal.operations.DefaultBuildOperationRunner] Build operation 'Resolve dependencies of :detachedConfiguration82' completed
2026-08-21T16:48:36.405-0300 [DEBUG] [org.gradle.internal.component.model.LoggingAttributeMatchingExplanationBuilder] Selected match {artifactType=pom, org.gradle.status=release} from candidates [{artifactType=pom, org.gradle.status=release}] for {}
2026-08-21T16:48:36.405-0300 [DEBUG] [org.gradle.internal.operations.DefaultBuildOperationRunner] Build operation 'Resolve files of configuration ':detachedConfiguration82'' started
2026-08-21T16:48:36.406-0300 [DEBUG] [org.gradle.internal.operations.DefaultBuildOperationRunner] Completing Build operation 'Resolve files of configuration ':detachedConfiguration82''
2026-08-21T16:48:36.406-0300 [DEBUG] [org.gradle.internal.operations.DefaultBuildOperationRunner] Build operation 'Resolve files of configuration ':detachedConfiguration82'' completed
2026-08-21T16:48:36.406-0300 [DEBUG] [org.gradle.internal.component.model.LoggingAttributeMatchingExplanationBuilder] Selected match {artifactType=pom, org.gradle.status=release} from candidates [{artifactType=pom, org.gradle.status=release}] for {}
2026-08-21T16:48:36.406-0300 [DEBUG] [org.gradle.internal.operations.DefaultBuildOperationRunner] Build operation 'Resolve files of configuration ':detachedConfiguration82'' started
2026-08-21T16:48:36.406-0300 [DEBUG] [org.gradle.internal.operations.DefaultBuildOperationRunner] Build operation 'Resolve objenesis-parent-3.3.pom (org.objenesis:objenesis-parent:3.3)' started
2026-08-21T16:48:36.406-0300 [DEBUG] [org.gradle.api.internal.artifacts.ivyservice.ivyresolve.CachingModuleComponentRepository] Found artifact 'objenesis-parent-3.3.pom (org.objenesis:objenesis-parent:3.3)' in resolver cache: /Users/claratorres1414/.gradle/caches/modules-2/files-2.1/org.objenesis/objenesis-parent/3.3/60b46fea1dc4cb9c3123f8c366f8b33d0c774fa3/objenesis-parent-3.3.pom
2026-08-21T16:48:36.406-0300 [DEBUG] [org.gradle.internal.operations.DefaultBuildOperationRunner] Completing Build operation 'Resolve objenesis-parent-3.3.pom (org.objenesis:objenesis-parent:3.3)'
2026-08-21T16:48:36.406-0300 [DEBUG] [org.gradle.internal.operations.DefaultBuildOperationRunner] Build operation 'Resolve objenesis-parent-3.3.pom (org.objenesis:objenesis-parent:3.3)' completed
2026-08-21T16:48:36.406-0300 [DEBUG] [org.gradle.internal.operations.DefaultBuildOperationRunner] Completing Build operation 'Resolve files of configuration ':detachedConfiguration82''
2026-08-21T16:48:36.406-0300 [DEBUG] [org.gradle.internal.operations.DefaultBuildOperationRunner] Build operation 'Resolve files of configuration ':detachedConfiguration82'' completed
2026-08-21T16:48:36.408-0300 [DEBUG] [org.gradle.internal.operations.DefaultBuildOperationRunner] Build operation 'Resolve dependencies of :detachedConfiguration83' started
2026-08-21T16:48:36.408-0300 [DEBUG] [org.gradle.api.internal.artifacts.ivyservice.modulecache.ResolvedArtifactCaches] Reusing in-memory cache for repo 'MavenRepo' [26c913274550a0b2221f47a0fe2d2358].
2026-08-21T16:48:36.408-0300 [DEBUG] [org.gradle.api.internal.artifacts.ivyservice.ivyresolve.RepositoryChainComponentMetaDataResolver] Attempting to resolve component for org.xmlunit:xmlunit-parent:2.11.0 using repositories [MavenRepo]
2026-08-21T16:48:36.408-0300 [DEBUG] [org.gradle.api.internal.artifacts.ivyservice.ivyresolve.CachingModuleComponentRepository] Using cached module metadata for module 'org.xmlunit:xmlunit-parent:2.11.0' in 'MavenRepo'
2026-08-21T16:48:36.408-0300 [DEBUG] [org.gradle.api.internal.artifacts.ivyservice.ivyresolve.RepositoryChainComponentMetaDataResolver] Using org.xmlunit:xmlunit-parent:2.11.0 from org.gradle.api.internal.artifacts.ivyservice.ivyresolve.FilteredModuleComponentRepository@71c50623
2026-08-21T16:48:36.408-0300 [DEBUG] [org.gradle.internal.operations.DefaultBuildOperationRunner] Completing Build operation 'Resolve dependencies of :detachedConfiguration83'
2026-08-21T16:48:36.408-0300 [DEBUG] [org.gradle.internal.operations.DefaultBuildOperationRunner] Build operation 'Resolve dependencies of :detachedConfiguration83' completed
2026-08-21T16:48:36.408-0300 [DEBUG] [org.gradle.internal.component.model.LoggingAttributeMatchingExplanationBuilder] Selected match {artifactType=pom, org.gradle.status=release} from candidates [{artifactType=pom, org.gradle.status=release}] for {}
2026-08-21T16:48:36.409-0300 [DEBUG] [org.gradle.internal.operations.DefaultBuildOperationRunner] Build operation 'Resolve files of configuration ':detachedConfiguration83'' started
2026-08-21T16:48:36.409-0300 [DEBUG] [org.gradle.internal.operations.DefaultBuildOperationRunner] Completing Build operation 'Resolve files of configuration ':detachedConfiguration83''
2026-08-21T16:48:36.409-0300 [DEBUG] [org.gradle.internal.operations.DefaultBuildOperationRunner] Build operation 'Resolve files of configuration ':detachedConfiguration83'' completed
2026-08-21T16:48:36.409-0300 [DEBUG] [org.gradle.internal.component.model.LoggingAttributeMatchingExplanationBuilder] Selected match {artifactType=pom, org.gradle.status=release} from candidates [{artifactType=pom, org.gradle.status=release}] for {}
2026-08-21T16:48:36.409-0300 [DEBUG] [org.gradle.internal.operations.DefaultBuildOperationRunner] Build operation 'Resolve files of configuration ':detachedConfiguration83'' started
2026-08-21T16:48:36.409-0300 [DEBUG] [org.gradle.internal.operations.DefaultBuildOperationRunner] Build operation 'Resolve xmlunit-parent-2.11.0.pom (org.xmlunit:xmlunit-parent:2.11.0)' started
2026-08-21T16:48:36.409-0300 [DEBUG] [org.gradle.api.internal.artifacts.ivyservice.ivyresolve.CachingModuleComponentRepository] Found artifact 'xmlunit-parent-2.11.0.pom (org.xmlunit:xmlunit-parent:2.11.0)' in resolver cache: /Users/claratorres1414/.gradle/caches/modules-2/files-2.1/org.xmlunit/xmlunit-parent/2.11.0/9cbf7775650f8087f60c6d7f44d9398395483c3c/xmlunit-parent-2.11.0.pom
2026-08-21T16:48:36.409-0300 [DEBUG] [org.gradle.internal.operations.DefaultBuildOperationRunner] Completing Build operation 'Resolve xmlunit-parent-2.11.0.pom (org.xmlunit:xmlunit-parent:2.11.0)'
2026-08-21T16:48:36.409-0300 [DEBUG] [org.gradle.internal.operations.DefaultBuildOperationRunner] Build operation 'Resolve xmlunit-parent-2.11.0.pom (org.xmlunit:xmlunit-parent:2.11.0)' completed
2026-08-21T16:48:36.409-0300 [DEBUG] [org.gradle.internal.operations.DefaultBuildOperationRunner] Completing Build operation 'Resolve files of configuration ':detachedConfiguration83''
2026-08-21T16:48:36.409-0300 [DEBUG] [org.gradle.internal.operations.DefaultBuildOperationRunner] Build operation 'Resolve files of configuration ':detachedConfiguration83'' completed
2026-08-21T16:48:36.411-0300 [DEBUG] [org.gradle.internal.operations.DefaultBuildOperationRunner] Build operation 'Resolve dependencies of :detachedConfiguration84' started
2026-08-21T16:48:36.412-0300 [DEBUG] [org.gradle.api.internal.artifacts.ivyservice.modulecache.ResolvedArtifactCaches] Reusing in-memory cache for repo 'MavenRepo' [26c913274550a0b2221f47a0fe2d2358].
2026-08-21T16:48:36.412-0300 [DEBUG] [org.gradle.api.internal.artifacts.ivyservice.ivyresolve.RepositoryChainComponentMetaDataResolver] Attempting to resolve component for tools.jackson:jackson-base:3.1.4 using repositories [MavenRepo]
2026-08-21T16:48:36.412-0300 [DEBUG] [org.gradle.api.internal.artifacts.ivyservice.ivyresolve.CachingModuleComponentRepository] Using cached module metadata for module 'tools.jackson:jackson-base:3.1.4' in 'MavenRepo'
2026-08-21T16:48:36.412-0300 [DEBUG] [org.gradle.api.internal.artifacts.ivyservice.ivyresolve.RepositoryChainComponentMetaDataResolver] Using tools.jackson:jackson-base:3.1.4 from org.gradle.api.internal.artifacts.ivyservice.ivyresolve.FilteredModuleComponentRepository@6e8dd0d9
2026-08-21T16:48:36.412-0300 [DEBUG] [org.gradle.internal.operations.DefaultBuildOperationRunner] Completing Build operation 'Resolve dependencies of :detachedConfiguration84'
2026-08-21T16:48:36.412-0300 [DEBUG] [org.gradle.internal.operations.DefaultBuildOperationRunner] Build operation 'Resolve dependencies of :detachedConfiguration84' completed
2026-08-21T16:48:36.412-0300 [DEBUG] [org.gradle.internal.component.model.LoggingAttributeMatchingExplanationBuilder] Selected match {artifactType=pom, org.gradle.status=release} from candidates [{artifactType=pom, org.gradle.status=release}] for {}
2026-08-21T16:48:36.412-0300 [DEBUG] [org.gradle.internal.operations.DefaultBuildOperationRunner] Build operation 'Resolve files of configuration ':detachedConfiguration84'' started
2026-08-21T16:48:36.412-0300 [DEBUG] [org.gradle.internal.operations.DefaultBuildOperationRunner] Completing Build operation 'Resolve files of configuration ':detachedConfiguration84''
2026-08-21T16:48:36.412-0300 [DEBUG] [org.gradle.internal.operations.DefaultBuildOperationRunner] Build operation 'Resolve files of configuration ':detachedConfiguration84'' completed
2026-08-21T16:48:36.412-0300 [DEBUG] [org.gradle.internal.component.model.LoggingAttributeMatchingExplanationBuilder] Selected match {artifactType=pom, org.gradle.status=release} from candidates [{artifactType=pom, org.gradle.status=release}] for {}
2026-08-21T16:48:36.412-0300 [DEBUG] [org.gradle.internal.operations.DefaultBuildOperationRunner] Build operation 'Resolve files of configuration ':detachedConfiguration84'' started
2026-08-21T16:48:36.412-0300 [DEBUG] [org.gradle.internal.operations.DefaultBuildOperationRunner] Build operation 'Resolve jackson-base-3.1.4.pom (tools.jackson:jackson-base:3.1.4)' started
2026-08-21T16:48:36.412-0300 [DEBUG] [org.gradle.api.internal.artifacts.ivyservice.ivyresolve.CachingModuleComponentRepository] Found artifact 'jackson-base-3.1.4.pom (tools.jackson:jackson-base:3.1.4)' in resolver cache: /Users/claratorres1414/.gradle/caches/modules-2/files-2.1/tools.jackson/jackson-base/3.1.4/a73942a611ef60c8749bbd213f86830547328e4d/jackson-base-3.1.4.pom
2026-08-21T16:48:36.412-0300 [DEBUG] [org.gradle.internal.operations.DefaultBuildOperationRunner] Completing Build operation 'Resolve jackson-base-3.1.4.pom (tools.jackson:jackson-base:3.1.4)'
2026-08-21T16:48:36.412-0300 [DEBUG] [org.gradle.internal.operations.DefaultBuildOperationRunner] Build operation 'Resolve jackson-base-3.1.4.pom (tools.jackson:jackson-base:3.1.4)' completed
2026-08-21T16:48:36.412-0300 [DEBUG] [org.gradle.internal.operations.DefaultBuildOperationRunner] Completing Build operation 'Resolve files of configuration ':detachedConfiguration84''
2026-08-21T16:48:36.412-0300 [DEBUG] [org.gradle.internal.operations.DefaultBuildOperationRunner] Build operation 'Resolve files of configuration ':detachedConfiguration84'' completed
2026-08-21T16:48:36.428-0300 [DEBUG] [org.gradle.internal.operations.DefaultBuildOperationRunner] Build operation 'Resolve dependencies of :detachedConfiguration85' started
2026-08-21T16:48:36.429-0300 [DEBUG] [org.gradle.api.internal.artifacts.ivyservice.modulecache.ResolvedArtifactCaches] Reusing in-memory cache for repo 'MavenRepo' [26c913274550a0b2221f47a0fe2d2358].
2026-08-21T16:48:36.430-0300 [DEBUG] [org.gradle.api.internal.artifacts.ivyservice.ivyresolve.RepositoryChainComponentMetaDataResolver] Attempting to resolve component for org.springframework.data.build:spring-data-parent:4.1.0 using repositories [MavenRepo]
2026-08-21T16:48:36.430-0300 [DEBUG] [org.gradle.api.internal.artifacts.ivyservice.ivyresolve.CachingModuleComponentRepository] Using cached module metadata for module 'org.springframework.data.build:spring-data-parent:4.1.0' in 'MavenRepo'
2026-08-21T16:48:36.430-0300 [DEBUG] [org.gradle.api.internal.artifacts.ivyservice.ivyresolve.RepositoryChainComponentMetaDataResolver] Using org.springframework.data.build:spring-data-parent:4.1.0 from org.gradle.api.internal.artifacts.ivyservice.ivyresolve.FilteredModuleComponentRepository@394356bf
2026-08-21T16:48:36.431-0300 [DEBUG] [org.gradle.internal.operations.DefaultBuildOperationRunner] Completing Build operation 'Resolve dependencies of :detachedConfiguration85'
2026-08-21T16:48:36.431-0300 [DEBUG] [org.gradle.internal.operations.DefaultBuildOperationRunner] Build operation 'Resolve dependencies of :detachedConfiguration85' completed
2026-08-21T16:48:36.431-0300 [DEBUG] [org.gradle.internal.component.model.LoggingAttributeMatchingExplanationBuilder] Selected match {artifactType=pom, org.gradle.status=release} from candidates [{artifactType=pom, org.gradle.status=release}] for {}
2026-08-21T16:48:36.431-0300 [DEBUG] [org.gradle.internal.operations.DefaultBuildOperationRunner] Build operation 'Resolve files of configuration ':detachedConfiguration85'' started
2026-08-21T16:48:36.431-0300 [DEBUG] [org.gradle.internal.operations.DefaultBuildOperationRunner] Completing Build operation 'Resolve files of configuration ':detachedConfiguration85''
2026-08-21T16:48:36.431-0300 [DEBUG] [org.gradle.internal.operations.DefaultBuildOperationRunner] Build operation 'Resolve files of configuration ':detachedConfiguration85'' completed
2026-08-21T16:48:36.431-0300 [DEBUG] [org.gradle.internal.component.model.LoggingAttributeMatchingExplanationBuilder] Selected match {artifactType=pom, org.gradle.status=release} from candidates [{artifactType=pom, org.gradle.status=release}] for {}
2026-08-21T16:48:36.431-0300 [DEBUG] [org.gradle.internal.operations.DefaultBuildOperationRunner] Build operation 'Resolve files of configuration ':detachedConfiguration85'' started
2026-08-21T16:48:36.431-0300 [DEBUG] [org.gradle.internal.operations.DefaultBuildOperationRunner] Build operation 'Resolve spring-data-parent-4.1.0.pom (org.springframework.data.build:spring-data-parent:4.1.0)' started
2026-08-21T16:48:36.431-0300 [DEBUG] [org.gradle.api.internal.artifacts.ivyservice.ivyresolve.CachingModuleComponentRepository] Found artifact 'spring-data-parent-4.1.0.pom (org.springframework.data.build:spring-data-parent:4.1.0)' in resolver cache: /Users/claratorres1414/.gradle/caches/modules-2/files-2.1/org.springframework.data.build/spring-data-parent/4.1.0/7d8476d2ca3a9f047ce95c22febf8da50d6c0775/spring-data-parent-4.1.0.pom
2026-08-21T16:48:36.431-0300 [DEBUG] [org.gradle.internal.operations.DefaultBuildOperationRunner] Completing Build operation 'Resolve spring-data-parent-4.1.0.pom (org.springframework.data.build:spring-data-parent:4.1.0)'
2026-08-21T16:48:36.431-0300 [DEBUG] [org.gradle.internal.operations.DefaultBuildOperationRunner] Build operation 'Resolve spring-data-parent-4.1.0.pom (org.springframework.data.build:spring-data-parent:4.1.0)' completed
2026-08-21T16:48:36.431-0300 [DEBUG] [org.gradle.internal.operations.DefaultBuildOperationRunner] Completing Build operation 'Resolve files of configuration ':detachedConfiguration85''
2026-08-21T16:48:36.431-0300 [DEBUG] [org.gradle.internal.operations.DefaultBuildOperationRunner] Build operation 'Resolve files of configuration ':detachedConfiguration85'' completed
2026-08-21T16:48:36.432-0300 [DEBUG] [org.gradle.internal.operations.DefaultBuildOperationRunner] Build operation 'Resolve dependencies of :detachedConfiguration86' started
2026-08-21T16:48:36.432-0300 [DEBUG] [org.gradle.api.internal.artifacts.ivyservice.modulecache.ResolvedArtifactCaches] Reusing in-memory cache for repo 'MavenRepo' [26c913274550a0b2221f47a0fe2d2358].
2026-08-21T16:48:36.433-0300 [DEBUG] [org.gradle.api.internal.artifacts.ivyservice.ivyresolve.RepositoryChainComponentMetaDataResolver] Attempting to resolve component for org.springframework.data.build:spring-data-build:4.1.0 using repositories [MavenRepo]
2026-08-21T16:48:36.433-0300 [DEBUG] [org.gradle.api.internal.artifacts.ivyservice.ivyresolve.CachingModuleComponentRepository] Using cached module metadata for module 'org.springframework.data.build:spring-data-build:4.1.0' in 'MavenRepo'
2026-08-21T16:48:36.433-0300 [DEBUG] [org.gradle.api.internal.artifacts.ivyservice.ivyresolve.RepositoryChainComponentMetaDataResolver] Using org.springframework.data.build:spring-data-build:4.1.0 from org.gradle.api.internal.artifacts.ivyservice.ivyresolve.FilteredModuleComponentRepository@425d7f3d
2026-08-21T16:48:36.433-0300 [DEBUG] [org.gradle.internal.operations.DefaultBuildOperationRunner] Completing Build operation 'Resolve dependencies of :detachedConfiguration86'
2026-08-21T16:48:36.433-0300 [DEBUG] [org.gradle.internal.operations.DefaultBuildOperationRunner] Build operation 'Resolve dependencies of :detachedConfiguration86' completed
2026-08-21T16:48:36.433-0300 [DEBUG] [org.gradle.internal.component.model.LoggingAttributeMatchingExplanationBuilder] Selected match {artifactType=pom, org.gradle.status=release} from candidates [{artifactType=pom, org.gradle.status=release}] for {}
2026-08-21T16:48:36.433-0300 [DEBUG] [org.gradle.internal.operations.DefaultBuildOperationRunner] Build operation 'Resolve files of configuration ':detachedConfiguration86'' started
2026-08-21T16:48:36.433-0300 [DEBUG] [org.gradle.internal.operations.DefaultBuildOperationRunner] Completing Build operation 'Resolve files of configuration ':detachedConfiguration86''
2026-08-21T16:48:36.433-0300 [DEBUG] [org.gradle.internal.operations.DefaultBuildOperationRunner] Build operation 'Resolve files of configuration ':detachedConfiguration86'' completed
2026-08-21T16:48:36.433-0300 [DEBUG] [org.gradle.internal.component.model.LoggingAttributeMatchingExplanationBuilder] Selected match {artifactType=pom, org.gradle.status=release} from candidates [{artifactType=pom, org.gradle.status=release}] for {}
2026-08-21T16:48:36.433-0300 [DEBUG] [org.gradle.internal.operations.DefaultBuildOperationRunner] Build operation 'Resolve files of configuration ':detachedConfiguration86'' started
2026-08-21T16:48:36.433-0300 [DEBUG] [org.gradle.internal.operations.DefaultBuildOperationRunner] Build operation 'Resolve spring-data-build-4.1.0.pom (org.springframework.data.build:spring-data-build:4.1.0)' started
2026-08-21T16:48:36.433-0300 [DEBUG] [org.gradle.api.internal.artifacts.ivyservice.ivyresolve.CachingModuleComponentRepository] Found artifact 'spring-data-build-4.1.0.pom (org.springframework.data.build:spring-data-build:4.1.0)' in resolver cache: /Users/claratorres1414/.gradle/caches/modules-2/files-2.1/org.springframework.data.build/spring-data-build/4.1.0/9ab292f16d414073b1228c48a0d98f3697e6baf0/spring-data-build-4.1.0.pom
2026-08-21T16:48:36.433-0300 [DEBUG] [org.gradle.internal.operations.DefaultBuildOperationRunner] Completing Build operation 'Resolve spring-data-build-4.1.0.pom (org.springframework.data.build:spring-data-build:4.1.0)'
2026-08-21T16:48:36.433-0300 [DEBUG] [org.gradle.internal.operations.DefaultBuildOperationRunner] Build operation 'Resolve spring-data-build-4.1.0.pom (org.springframework.data.build:spring-data-build:4.1.0)' completed
2026-08-21T16:48:36.433-0300 [DEBUG] [org.gradle.internal.operations.DefaultBuildOperationRunner] Completing Build operation 'Resolve files of configuration ':detachedConfiguration86''
2026-08-21T16:48:36.433-0300 [DEBUG] [org.gradle.internal.operations.DefaultBuildOperationRunner] Build operation 'Resolve files of configuration ':detachedConfiguration86'' completed
2026-08-21T16:48:36.435-0300 [DEBUG] [org.gradle.internal.operations.DefaultBuildOperationRunner] Build operation 'Resolve dependencies of :detachedConfiguration87' started
2026-08-21T16:48:36.435-0300 [DEBUG] [org.gradle.api.internal.artifacts.ivyservice.modulecache.ResolvedArtifactCaches] Reusing in-memory cache for repo 'MavenRepo' [26c913274550a0b2221f47a0fe2d2358].
2026-08-21T16:48:36.436-0300 [DEBUG] [org.gradle.api.internal.artifacts.ivyservice.ivyresolve.RepositoryChainComponentMetaDataResolver] Attempting to resolve component for org.jmolecules:jmolecules-bom:2025.0.2 using repositories [MavenRepo]
2026-08-21T16:48:36.436-0300 [DEBUG] [org.gradle.api.internal.artifacts.ivyservice.ivyresolve.CachingModuleComponentRepository] Using cached module metadata for module 'org.jmolecules:jmolecules-bom:2025.0.2' in 'MavenRepo'
2026-08-21T16:48:36.436-0300 [DEBUG] [org.gradle.api.internal.artifacts.ivyservice.ivyresolve.RepositoryChainComponentMetaDataResolver] Using org.jmolecules:jmolecules-bom:2025.0.2 from org.gradle.api.internal.artifacts.ivyservice.ivyresolve.FilteredModuleComponentRepository@26ebaed8
2026-08-21T16:48:36.436-0300 [DEBUG] [org.gradle.internal.operations.DefaultBuildOperationRunner] Completing Build operation 'Resolve dependencies of :detachedConfiguration87'
2026-08-21T16:48:36.436-0300 [DEBUG] [org.gradle.internal.operations.DefaultBuildOperationRunner] Build operation 'Resolve dependencies of :detachedConfiguration87' completed
2026-08-21T16:48:36.436-0300 [DEBUG] [org.gradle.internal.component.model.LoggingAttributeMatchingExplanationBuilder] Selected match {artifactType=pom, org.gradle.status=release} from candidates [{artifactType=pom, org.gradle.status=release}] for {}
2026-08-21T16:48:36.436-0300 [DEBUG] [org.gradle.internal.operations.DefaultBuildOperationRunner] Build operation 'Resolve files of configuration ':detachedConfiguration87'' started
2026-08-21T16:48:36.436-0300 [DEBUG] [org.gradle.internal.operations.DefaultBuildOperationRunner] Completing Build operation 'Resolve files of configuration ':detachedConfiguration87''
2026-08-21T16:48:36.436-0300 [DEBUG] [org.gradle.internal.operations.DefaultBuildOperationRunner] Build operation 'Resolve files of configuration ':detachedConfiguration87'' completed
2026-08-21T16:48:36.436-0300 [DEBUG] [org.gradle.internal.component.model.LoggingAttributeMatchingExplanationBuilder] Selected match {artifactType=pom, org.gradle.status=release} from candidates [{artifactType=pom, org.gradle.status=release}] for {}
2026-08-21T16:48:36.436-0300 [DEBUG] [org.gradle.internal.operations.DefaultBuildOperationRunner] Build operation 'Resolve files of configuration ':detachedConfiguration87'' started
2026-08-21T16:48:36.436-0300 [DEBUG] [org.gradle.internal.operations.DefaultBuildOperationRunner] Build operation 'Resolve jmolecules-bom-2025.0.2.pom (org.jmolecules:jmolecules-bom:2025.0.2)' started
2026-08-21T16:48:36.436-0300 [DEBUG] [org.gradle.api.internal.artifacts.ivyservice.ivyresolve.CachingModuleComponentRepository] Found artifact 'jmolecules-bom-2025.0.2.pom (org.jmolecules:jmolecules-bom:2025.0.2)' in resolver cache: /Users/claratorres1414/.gradle/caches/modules-2/files-2.1/org.jmolecules/jmolecules-bom/2025.0.2/9a73ff169b57e2486e08e02eab8f6e7b12c26ae9/jmolecules-bom-2025.0.2.pom
2026-08-21T16:48:36.436-0300 [DEBUG] [org.gradle.internal.operations.DefaultBuildOperationRunner] Completing Build operation 'Resolve jmolecules-bom-2025.0.2.pom (org.jmolecules:jmolecules-bom:2025.0.2)'
2026-08-21T16:48:36.436-0300 [DEBUG] [org.gradle.internal.operations.DefaultBuildOperationRunner] Build operation 'Resolve jmolecules-bom-2025.0.2.pom (org.jmolecules:jmolecules-bom:2025.0.2)' completed
2026-08-21T16:48:36.436-0300 [DEBUG] [org.gradle.internal.operations.DefaultBuildOperationRunner] Completing Build operation 'Resolve files of configuration ':detachedConfiguration87''
2026-08-21T16:48:36.436-0300 [DEBUG] [org.gradle.internal.operations.DefaultBuildOperationRunner] Build operation 'Resolve files of configuration ':detachedConfiguration87'' completed
2026-08-21T16:48:36.439-0300 [DEBUG] [org.gradle.internal.operations.DefaultBuildOperationRunner] Build operation 'Resolve dependencies of :detachedConfiguration88' started
2026-08-21T16:48:36.440-0300 [DEBUG] [org.gradle.api.internal.artifacts.ivyservice.modulecache.ResolvedArtifactCaches] Reusing in-memory cache for repo 'MavenRepo' [26c913274550a0b2221f47a0fe2d2358].
2026-08-21T16:48:36.440-0300 [DEBUG] [org.gradle.api.internal.artifacts.ivyservice.ivyresolve.RepositoryChainComponentMetaDataResolver] Attempting to resolve component for org.hibernate.orm:hibernate-platform:7.4.1.Final using repositories [MavenRepo]
2026-08-21T16:48:36.440-0300 [DEBUG] [org.gradle.api.internal.artifacts.ivyservice.ivyresolve.CachingModuleComponentRepository] Using cached module metadata for module 'org.hibernate.orm:hibernate-platform:7.4.1.Final' in 'MavenRepo'
2026-08-21T16:48:36.440-0300 [DEBUG] [org.gradle.api.internal.artifacts.ivyservice.ivyresolve.RepositoryChainComponentMetaDataResolver] Using org.hibernate.orm:hibernate-platform:7.4.1.Final from org.gradle.api.internal.artifacts.ivyservice.ivyresolve.FilteredModuleComponentRepository@5137d71
2026-08-21T16:48:36.440-0300 [DEBUG] [org.gradle.internal.operations.DefaultBuildOperationRunner] Completing Build operation 'Resolve dependencies of :detachedConfiguration88'
2026-08-21T16:48:36.440-0300 [DEBUG] [org.gradle.internal.operations.DefaultBuildOperationRunner] Build operation 'Resolve dependencies of :detachedConfiguration88' completed
2026-08-21T16:48:36.440-0300 [DEBUG] [org.gradle.internal.component.model.LoggingAttributeMatchingExplanationBuilder] Selected match {artifactType=pom, org.gradle.status=release} from candidates [{artifactType=pom, org.gradle.status=release}] for {}
2026-08-21T16:48:36.440-0300 [DEBUG] [org.gradle.internal.operations.DefaultBuildOperationRunner] Build operation 'Resolve files of configuration ':detachedConfiguration88'' started
2026-08-21T16:48:36.440-0300 [DEBUG] [org.gradle.internal.operations.DefaultBuildOperationRunner] Completing Build operation 'Resolve files of configuration ':detachedConfiguration88''
2026-08-21T16:48:36.440-0300 [DEBUG] [org.gradle.internal.operations.DefaultBuildOperationRunner] Build operation 'Resolve files of configuration ':detachedConfiguration88'' completed
2026-08-21T16:48:36.440-0300 [DEBUG] [org.gradle.internal.component.model.LoggingAttributeMatchingExplanationBuilder] Selected match {artifactType=pom, org.gradle.status=release} from candidates [{artifactType=pom, org.gradle.status=release}] for {}
2026-08-21T16:48:36.440-0300 [DEBUG] [org.gradle.internal.operations.DefaultBuildOperationRunner] Build operation 'Resolve files of configuration ':detachedConfiguration88'' started
2026-08-21T16:48:36.440-0300 [DEBUG] [org.gradle.internal.operations.DefaultBuildOperationRunner] Completing Build operation 'Resolve files of configuration ':detachedConfiguration88''
2026-08-21T16:48:36.440-0300 [DEBUG] [org.gradle.internal.operations.DefaultBuildOperationRunner] Build operation 'Resolve files of configuration ':detachedConfiguration88'' completed
2026-08-21T16:48:36.441-0300 [DEBUG] [org.gradle.internal.operations.DefaultBuildOperationRunner] Build operation 'Resolve dependencies of :detachedConfiguration89' started
2026-08-21T16:48:36.442-0300 [DEBUG] [org.gradle.api.internal.artifacts.ivyservice.modulecache.ResolvedArtifactCaches] Reusing in-memory cache for repo 'MavenRepo' [26c913274550a0b2221f47a0fe2d2358].
2026-08-21T16:48:36.442-0300 [DEBUG] [org.gradle.api.internal.artifacts.ivyservice.ivyresolve.RepositoryChainComponentMetaDataResolver] Attempting to resolve component for org.jboss:jboss-parent:52 using repositories [MavenRepo]
2026-08-21T16:48:36.442-0300 [DEBUG] [org.gradle.api.internal.artifacts.ivyservice.ivyresolve.CachingModuleComponentRepository] Using cached module metadata for module 'org.jboss:jboss-parent:52' in 'MavenRepo'
2026-08-21T16:48:36.442-0300 [DEBUG] [org.gradle.api.internal.artifacts.ivyservice.ivyresolve.RepositoryChainComponentMetaDataResolver] Using org.jboss:jboss-parent:52 from org.gradle.api.internal.artifacts.ivyservice.ivyresolve.FilteredModuleComponentRepository@5ec26c68
2026-08-21T16:48:36.442-0300 [DEBUG] [org.gradle.internal.operations.DefaultBuildOperationRunner] Completing Build operation 'Resolve dependencies of :detachedConfiguration89'
2026-08-21T16:48:36.442-0300 [DEBUG] [org.gradle.internal.operations.DefaultBuildOperationRunner] Build operation 'Resolve dependencies of :detachedConfiguration89' completed
2026-08-21T16:48:36.443-0300 [DEBUG] [org.gradle.internal.component.model.LoggingAttributeMatchingExplanationBuilder] Selected match {artifactType=pom, org.gradle.status=release} from candidates [{artifactType=pom, org.gradle.status=release}] for {}
2026-08-21T16:48:36.443-0300 [DEBUG] [org.gradle.internal.operations.DefaultBuildOperationRunner] Build operation 'Resolve files of configuration ':detachedConfiguration89'' started
2026-08-21T16:48:36.443-0300 [DEBUG] [org.gradle.internal.operations.DefaultBuildOperationRunner] Completing Build operation 'Resolve files of configuration ':detachedConfiguration89''
2026-08-21T16:48:36.443-0300 [DEBUG] [org.gradle.internal.operations.DefaultBuildOperationRunner] Build operation 'Resolve files of configuration ':detachedConfiguration89'' completed
2026-08-21T16:48:36.443-0300 [DEBUG] [org.gradle.internal.component.model.LoggingAttributeMatchingExplanationBuilder] Selected match {artifactType=pom, org.gradle.status=release} from candidates [{artifactType=pom, org.gradle.status=release}] for {}
2026-08-21T16:48:36.443-0300 [DEBUG] [org.gradle.internal.operations.DefaultBuildOperationRunner] Build operation 'Resolve files of configuration ':detachedConfiguration89'' started
2026-08-21T16:48:36.443-0300 [DEBUG] [org.gradle.internal.operations.DefaultBuildOperationRunner] Build operation 'Resolve jboss-parent-52.pom (org.jboss:jboss-parent:52)' started
2026-08-21T16:48:36.443-0300 [DEBUG] [org.gradle.api.internal.artifacts.ivyservice.ivyresolve.CachingModuleComponentRepository] Found artifact 'jboss-parent-52.pom (org.jboss:jboss-parent:52)' in resolver cache: /Users/claratorres1414/.gradle/caches/modules-2/files-2.1/org.jboss/jboss-parent/52/d117e1e247c04d71f293b1cb83fe18a473fa568a/jboss-parent-52.pom
2026-08-21T16:48:36.443-0300 [DEBUG] [org.gradle.internal.operations.DefaultBuildOperationRunner] Completing Build operation 'Resolve jboss-parent-52.pom (org.jboss:jboss-parent:52)'
2026-08-21T16:48:36.443-0300 [DEBUG] [org.gradle.internal.operations.DefaultBuildOperationRunner] Build operation 'Resolve jboss-parent-52.pom (org.jboss:jboss-parent:52)' completed
2026-08-21T16:48:36.443-0300 [DEBUG] [org.gradle.internal.operations.DefaultBuildOperationRunner] Completing Build operation 'Resolve files of configuration ':detachedConfiguration89''
2026-08-21T16:48:36.443-0300 [DEBUG] [org.gradle.internal.operations.DefaultBuildOperationRunner] Build operation 'Resolve files of configuration ':detachedConfiguration89'' completed
2026-08-21T16:48:36.445-0300 [DEBUG] [org.gradle.internal.operations.DefaultBuildOperationRunner] Build operation 'Resolve dependencies of :detachedConfiguration90' started
2026-08-21T16:48:36.445-0300 [DEBUG] [org.gradle.api.internal.artifacts.ivyservice.modulecache.ResolvedArtifactCaches] Reusing in-memory cache for repo 'MavenRepo' [26c913274550a0b2221f47a0fe2d2358].
2026-08-21T16:48:36.446-0300 [DEBUG] [org.gradle.api.internal.artifacts.ivyservice.ivyresolve.RepositoryChainComponentMetaDataResolver] Attempting to resolve component for org.junit:junit-bom:5.13.4 using repositories [MavenRepo]
2026-08-21T16:48:36.446-0300 [DEBUG] [org.gradle.api.internal.artifacts.ivyservice.ivyresolve.CachingModuleComponentRepository] Using cached module metadata for module 'org.junit:junit-bom:5.13.4' in 'MavenRepo'
2026-08-21T16:48:36.446-0300 [DEBUG] [org.gradle.api.internal.artifacts.ivyservice.ivyresolve.RepositoryChainComponentMetaDataResolver] Using org.junit:junit-bom:5.13.4 from org.gradle.api.internal.artifacts.ivyservice.ivyresolve.FilteredModuleComponentRepository@13c97022
2026-08-21T16:48:36.446-0300 [DEBUG] [org.gradle.internal.operations.DefaultBuildOperationRunner] Completing Build operation 'Resolve dependencies of :detachedConfiguration90'
2026-08-21T16:48:36.446-0300 [DEBUG] [org.gradle.internal.operations.DefaultBuildOperationRunner] Build operation 'Resolve dependencies of :detachedConfiguration90' completed
2026-08-21T16:48:36.446-0300 [DEBUG] [org.gradle.internal.component.model.LoggingAttributeMatchingExplanationBuilder] Selected match {artifactType=pom, org.gradle.status=release} from candidates [{artifactType=pom, org.gradle.status=release}] for {}
2026-08-21T16:48:36.446-0300 [DEBUG] [org.gradle.internal.operations.DefaultBuildOperationRunner] Build operation 'Resolve files of configuration ':detachedConfiguration90'' started
2026-08-21T16:48:36.446-0300 [DEBUG] [org.gradle.internal.operations.DefaultBuildOperationRunner] Completing Build operation 'Resolve files of configuration ':detachedConfiguration90''
2026-08-21T16:48:36.446-0300 [DEBUG] [org.gradle.internal.operations.DefaultBuildOperationRunner] Build operation 'Resolve files of configuration ':detachedConfiguration90'' completed
2026-08-21T16:48:36.446-0300 [DEBUG] [org.gradle.internal.component.model.LoggingAttributeMatchingExplanationBuilder] Selected match {artifactType=pom, org.gradle.status=release} from candidates [{artifactType=pom, org.gradle.status=release}] for {}
2026-08-21T16:48:36.446-0300 [DEBUG] [org.gradle.internal.operations.DefaultBuildOperationRunner] Build operation 'Resolve files of configuration ':detachedConfiguration90'' started
2026-08-21T16:48:36.446-0300 [DEBUG] [org.gradle.internal.operations.DefaultBuildOperationRunner] Build operation 'Resolve junit-bom-5.13.4.pom (org.junit:junit-bom:5.13.4)' started
2026-08-21T16:48:36.446-0300 [DEBUG] [org.gradle.api.internal.artifacts.ivyservice.ivyresolve.CachingModuleComponentRepository] Found artifact 'junit-bom-5.13.4.pom (org.junit:junit-bom:5.13.4)' in resolver cache: /Users/claratorres1414/.gradle/caches/modules-2/files-2.1/org.junit/junit-bom/5.13.4/eff1995329424362ac5e524dd5198276da1d6b08/junit-bom-5.13.4.pom
2026-08-21T16:48:36.446-0300 [DEBUG] [org.gradle.internal.operations.DefaultBuildOperationRunner] Completing Build operation 'Resolve junit-bom-5.13.4.pom (org.junit:junit-bom:5.13.4)'
2026-08-21T16:48:36.446-0300 [DEBUG] [org.gradle.internal.operations.DefaultBuildOperationRunner] Build operation 'Resolve junit-bom-5.13.4.pom (org.junit:junit-bom:5.13.4)' completed
2026-08-21T16:48:36.446-0300 [DEBUG] [org.gradle.internal.operations.DefaultBuildOperationRunner] Completing Build operation 'Resolve files of configuration ':detachedConfiguration90''
2026-08-21T16:48:36.446-0300 [DEBUG] [org.gradle.internal.operations.DefaultBuildOperationRunner] Build operation 'Resolve files of configuration ':detachedConfiguration90'' completed
2026-08-21T16:48:36.448-0300 [DEBUG] [org.gradle.internal.operations.DefaultBuildOperationRunner] Build operation 'Resolve dependencies of :detachedConfiguration91' started
2026-08-21T16:48:36.448-0300 [DEBUG] [org.gradle.api.internal.artifacts.ivyservice.modulecache.ResolvedArtifactCaches] Reusing in-memory cache for repo 'MavenRepo' [26c913274550a0b2221f47a0fe2d2358].
2026-08-21T16:48:36.449-0300 [DEBUG] [org.gradle.api.internal.artifacts.ivyservice.ivyresolve.RepositoryChainComponentMetaDataResolver] Attempting to resolve component for org.glassfish.jaxb:jaxb-runtime-parent:4.0.9 using repositories [MavenRepo]
2026-08-21T16:48:36.449-0300 [DEBUG] [org.gradle.api.internal.artifacts.ivyservice.ivyresolve.CachingModuleComponentRepository] Using cached module metadata for module 'org.glassfish.jaxb:jaxb-runtime-parent:4.0.9' in 'MavenRepo'
2026-08-21T16:48:36.449-0300 [DEBUG] [org.gradle.api.internal.artifacts.ivyservice.ivyresolve.RepositoryChainComponentMetaDataResolver] Using org.glassfish.jaxb:jaxb-runtime-parent:4.0.9 from org.gradle.api.internal.artifacts.ivyservice.ivyresolve.FilteredModuleComponentRepository@21b8fd58
2026-08-21T16:48:36.449-0300 [DEBUG] [org.gradle.internal.operations.DefaultBuildOperationRunner] Completing Build operation 'Resolve dependencies of :detachedConfiguration91'
2026-08-21T16:48:36.449-0300 [DEBUG] [org.gradle.internal.operations.DefaultBuildOperationRunner] Build operation 'Resolve dependencies of :detachedConfiguration91' completed
2026-08-21T16:48:36.449-0300 [DEBUG] [org.gradle.internal.component.model.LoggingAttributeMatchingExplanationBuilder] Selected match {artifactType=pom, org.gradle.status=release} from candidates [{artifactType=pom, org.gradle.status=release}] for {}
2026-08-21T16:48:36.449-0300 [DEBUG] [org.gradle.internal.operations.DefaultBuildOperationRunner] Build operation 'Resolve files of configuration ':detachedConfiguration91'' started
2026-08-21T16:48:36.449-0300 [DEBUG] [org.gradle.internal.operations.DefaultBuildOperationRunner] Completing Build operation 'Resolve files of configuration ':detachedConfiguration91''
2026-08-21T16:48:36.449-0300 [DEBUG] [org.gradle.internal.operations.DefaultBuildOperationRunner] Build operation 'Resolve files of configuration ':detachedConfiguration91'' completed
2026-08-21T16:48:36.449-0300 [DEBUG] [org.gradle.internal.component.model.LoggingAttributeMatchingExplanationBuilder] Selected match {artifactType=pom, org.gradle.status=release} from candidates [{artifactType=pom, org.gradle.status=release}] for {}
2026-08-21T16:48:36.449-0300 [DEBUG] [org.gradle.internal.operations.DefaultBuildOperationRunner] Build operation 'Resolve files of configuration ':detachedConfiguration91'' started
2026-08-21T16:48:36.449-0300 [DEBUG] [org.gradle.internal.operations.DefaultBuildOperationRunner] Build operation 'Resolve jaxb-runtime-parent-4.0.9.pom (org.glassfish.jaxb:jaxb-runtime-parent:4.0.9)' started
2026-08-21T16:48:36.449-0300 [DEBUG] [org.gradle.api.internal.artifacts.ivyservice.ivyresolve.CachingModuleComponentRepository] Found artifact 'jaxb-runtime-parent-4.0.9.pom (org.glassfish.jaxb:jaxb-runtime-parent:4.0.9)' in resolver cache: /Users/claratorres1414/.gradle/caches/modules-2/files-2.1/org.glassfish.jaxb/jaxb-runtime-parent/4.0.9/bcbf913e367293e44994ff0f4f92c14a31bd8d7d/jaxb-runtime-parent-4.0.9.pom
2026-08-21T16:48:36.449-0300 [DEBUG] [org.gradle.internal.operations.DefaultBuildOperationRunner] Completing Build operation 'Resolve jaxb-runtime-parent-4.0.9.pom (org.glassfish.jaxb:jaxb-runtime-parent:4.0.9)'
2026-08-21T16:48:36.449-0300 [DEBUG] [org.gradle.internal.operations.DefaultBuildOperationRunner] Build operation 'Resolve jaxb-runtime-parent-4.0.9.pom (org.glassfish.jaxb:jaxb-runtime-parent:4.0.9)' completed
2026-08-21T16:48:36.449-0300 [DEBUG] [org.gradle.internal.operations.DefaultBuildOperationRunner] Completing Build operation 'Resolve files of configuration ':detachedConfiguration91''
2026-08-21T16:48:36.449-0300 [DEBUG] [org.gradle.internal.operations.DefaultBuildOperationRunner] Build operation 'Resolve files of configuration ':detachedConfiguration91'' completed
2026-08-21T16:48:36.450-0300 [DEBUG] [org.gradle.internal.operations.DefaultBuildOperationRunner] Build operation 'Resolve dependencies of :detachedConfiguration92' started
2026-08-21T16:48:36.450-0300 [DEBUG] [org.gradle.api.internal.artifacts.ivyservice.modulecache.ResolvedArtifactCaches] Reusing in-memory cache for repo 'MavenRepo' [26c913274550a0b2221f47a0fe2d2358].
2026-08-21T16:48:36.450-0300 [DEBUG] [org.gradle.api.internal.artifacts.ivyservice.ivyresolve.RepositoryChainComponentMetaDataResolver] Attempting to resolve component for org.glassfish.jaxb:jaxb-parent:4.0.9 using repositories [MavenRepo]
2026-08-21T16:48:36.450-0300 [DEBUG] [org.gradle.api.internal.artifacts.ivyservice.ivyresolve.CachingModuleComponentRepository] Using cached module metadata for module 'org.glassfish.jaxb:jaxb-parent:4.0.9' in 'MavenRepo'
2026-08-21T16:48:36.450-0300 [DEBUG] [org.gradle.api.internal.artifacts.ivyservice.ivyresolve.RepositoryChainComponentMetaDataResolver] Using org.glassfish.jaxb:jaxb-parent:4.0.9 from org.gradle.api.internal.artifacts.ivyservice.ivyresolve.FilteredModuleComponentRepository@30e1a79a
2026-08-21T16:48:36.450-0300 [DEBUG] [org.gradle.internal.operations.DefaultBuildOperationRunner] Completing Build operation 'Resolve dependencies of :detachedConfiguration92'
2026-08-21T16:48:36.450-0300 [DEBUG] [org.gradle.internal.operations.DefaultBuildOperationRunner] Build operation 'Resolve dependencies of :detachedConfiguration92' completed
2026-08-21T16:48:36.450-0300 [DEBUG] [org.gradle.internal.component.model.LoggingAttributeMatchingExplanationBuilder] Selected match {artifactType=pom, org.gradle.status=release} from candidates [{artifactType=pom, org.gradle.status=release}] for {}
2026-08-21T16:48:36.450-0300 [DEBUG] [org.gradle.internal.operations.DefaultBuildOperationRunner] Build operation 'Resolve files of configuration ':detachedConfiguration92'' started
2026-08-21T16:48:36.450-0300 [DEBUG] [org.gradle.internal.operations.DefaultBuildOperationRunner] Completing Build operation 'Resolve files of configuration ':detachedConfiguration92''
2026-08-21T16:48:36.450-0300 [DEBUG] [org.gradle.internal.operations.DefaultBuildOperationRunner] Build operation 'Resolve files of configuration ':detachedConfiguration92'' completed
2026-08-21T16:48:36.450-0300 [DEBUG] [org.gradle.internal.component.model.LoggingAttributeMatchingExplanationBuilder] Selected match {artifactType=pom, org.gradle.status=release} from candidates [{artifactType=pom, org.gradle.status=release}] for {}
2026-08-21T16:48:36.450-0300 [DEBUG] [org.gradle.internal.operations.DefaultBuildOperationRunner] Build operation 'Resolve files of configuration ':detachedConfiguration92'' started
2026-08-21T16:48:36.450-0300 [DEBUG] [org.gradle.internal.operations.DefaultBuildOperationRunner] Build operation 'Resolve jaxb-parent-4.0.9.pom (org.glassfish.jaxb:jaxb-parent:4.0.9)' started
2026-08-21T16:48:36.450-0300 [DEBUG] [org.gradle.api.internal.artifacts.ivyservice.ivyresolve.CachingModuleComponentRepository] Found artifact 'jaxb-parent-4.0.9.pom (org.glassfish.jaxb:jaxb-parent:4.0.9)' in resolver cache: /Users/claratorres1414/.gradle/caches/modules-2/files-2.1/org.glassfish.jaxb/jaxb-parent/4.0.9/a566eea9855845d8818d01bb9edd08f0d208da9f/jaxb-parent-4.0.9.pom
2026-08-21T16:48:36.450-0300 [DEBUG] [org.gradle.internal.operations.DefaultBuildOperationRunner] Completing Build operation 'Resolve jaxb-parent-4.0.9.pom (org.glassfish.jaxb:jaxb-parent:4.0.9)'
2026-08-21T16:48:36.451-0300 [DEBUG] [org.gradle.internal.operations.DefaultBuildOperationRunner] Build operation 'Resolve jaxb-parent-4.0.9.pom (org.glassfish.jaxb:jaxb-parent:4.0.9)' completed
2026-08-21T16:48:36.451-0300 [DEBUG] [org.gradle.internal.operations.DefaultBuildOperationRunner] Completing Build operation 'Resolve files of configuration ':detachedConfiguration92''
2026-08-21T16:48:36.451-0300 [DEBUG] [org.gradle.internal.operations.DefaultBuildOperationRunner] Build operation 'Resolve files of configuration ':detachedConfiguration92'' completed
2026-08-21T16:48:36.452-0300 [DEBUG] [org.gradle.internal.operations.DefaultBuildOperationRunner] Build operation 'Resolve dependencies of :detachedConfiguration93' started
2026-08-21T16:48:36.452-0300 [DEBUG] [org.gradle.api.internal.artifacts.ivyservice.modulecache.ResolvedArtifactCaches] Reusing in-memory cache for repo 'MavenRepo' [26c913274550a0b2221f47a0fe2d2358].
2026-08-21T16:48:36.452-0300 [DEBUG] [org.gradle.api.internal.artifacts.ivyservice.ivyresolve.RepositoryChainComponentMetaDataResolver] Attempting to resolve component for org.glassfish.jaxb:jaxb-bom-ext:4.0.9 using repositories [MavenRepo]
2026-08-21T16:48:36.452-0300 [DEBUG] [org.gradle.api.internal.artifacts.ivyservice.ivyresolve.CachingModuleComponentRepository] Using cached module metadata for module 'org.glassfish.jaxb:jaxb-bom-ext:4.0.9' in 'MavenRepo'
2026-08-21T16:48:36.452-0300 [DEBUG] [org.gradle.api.internal.artifacts.ivyservice.ivyresolve.RepositoryChainComponentMetaDataResolver] Using org.glassfish.jaxb:jaxb-bom-ext:4.0.9 from org.gradle.api.internal.artifacts.ivyservice.ivyresolve.FilteredModuleComponentRepository@4b475454
2026-08-21T16:48:36.452-0300 [DEBUG] [org.gradle.internal.operations.DefaultBuildOperationRunner] Completing Build operation 'Resolve dependencies of :detachedConfiguration93'
2026-08-21T16:48:36.452-0300 [DEBUG] [org.gradle.internal.operations.DefaultBuildOperationRunner] Build operation 'Resolve dependencies of :detachedConfiguration93' completed
2026-08-21T16:48:36.452-0300 [DEBUG] [org.gradle.internal.component.model.LoggingAttributeMatchingExplanationBuilder] Selected match {artifactType=pom, org.gradle.status=release} from candidates [{artifactType=pom, org.gradle.status=release}] for {}
2026-08-21T16:48:36.452-0300 [DEBUG] [org.gradle.internal.operations.DefaultBuildOperationRunner] Build operation 'Resolve files of configuration ':detachedConfiguration93'' started
2026-08-21T16:48:36.452-0300 [DEBUG] [org.gradle.internal.operations.DefaultBuildOperationRunner] Completing Build operation 'Resolve files of configuration ':detachedConfiguration93''
2026-08-21T16:48:36.452-0300 [DEBUG] [org.gradle.internal.operations.DefaultBuildOperationRunner] Build operation 'Resolve files of configuration ':detachedConfiguration93'' completed
2026-08-21T16:48:36.452-0300 [DEBUG] [org.gradle.internal.component.model.LoggingAttributeMatchingExplanationBuilder] Selected match {artifactType=pom, org.gradle.status=release} from candidates [{artifactType=pom, org.gradle.status=release}] for {}
2026-08-21T16:48:36.453-0300 [DEBUG] [org.gradle.internal.operations.DefaultBuildOperationRunner] Build operation 'Resolve files of configuration ':detachedConfiguration93'' started
2026-08-21T16:48:36.453-0300 [DEBUG] [org.gradle.internal.operations.DefaultBuildOperationRunner] Build operation 'Resolve jaxb-bom-ext-4.0.9.pom (org.glassfish.jaxb:jaxb-bom-ext:4.0.9)' started
2026-08-21T16:48:36.453-0300 [DEBUG] [org.gradle.api.internal.artifacts.ivyservice.ivyresolve.CachingModuleComponentRepository] Found artifact 'jaxb-bom-ext-4.0.9.pom (org.glassfish.jaxb:jaxb-bom-ext:4.0.9)' in resolver cache: /Users/claratorres1414/.gradle/caches/modules-2/files-2.1/org.glassfish.jaxb/jaxb-bom-ext/4.0.9/da78491d026a9feb9a2820bda63472eecd1f42ab/jaxb-bom-ext-4.0.9.pom
2026-08-21T16:48:36.453-0300 [DEBUG] [org.gradle.internal.operations.DefaultBuildOperationRunner] Completing Build operation 'Resolve jaxb-bom-ext-4.0.9.pom (org.glassfish.jaxb:jaxb-bom-ext:4.0.9)'
2026-08-21T16:48:36.453-0300 [DEBUG] [org.gradle.internal.operations.DefaultBuildOperationRunner] Build operation 'Resolve jaxb-bom-ext-4.0.9.pom (org.glassfish.jaxb:jaxb-bom-ext:4.0.9)' completed
2026-08-21T16:48:36.453-0300 [DEBUG] [org.gradle.internal.operations.DefaultBuildOperationRunner] Completing Build operation 'Resolve files of configuration ':detachedConfiguration93''
2026-08-21T16:48:36.453-0300 [DEBUG] [org.gradle.internal.operations.DefaultBuildOperationRunner] Build operation 'Resolve files of configuration ':detachedConfiguration93'' completed
2026-08-21T16:48:36.453-0300 [DEBUG] [org.gradle.internal.operations.DefaultBuildOperationRunner] Build operation 'Resolve dependencies of :detachedConfiguration94' started
2026-08-21T16:48:36.453-0300 [DEBUG] [org.gradle.api.internal.artifacts.ivyservice.modulecache.ResolvedArtifactCaches] Reusing in-memory cache for repo 'MavenRepo' [26c913274550a0b2221f47a0fe2d2358].
2026-08-21T16:48:36.454-0300 [DEBUG] [org.gradle.api.internal.artifacts.ivyservice.ivyresolve.RepositoryChainComponentMetaDataResolver] Attempting to resolve component for org.glassfish.jaxb:jaxb-bom:4.0.9 using repositories [MavenRepo]
2026-08-21T16:48:36.454-0300 [DEBUG] [org.gradle.api.internal.artifacts.ivyservice.ivyresolve.CachingModuleComponentRepository] Using cached module metadata for module 'org.glassfish.jaxb:jaxb-bom:4.0.9' in 'MavenRepo'
2026-08-21T16:48:36.454-0300 [DEBUG] [org.gradle.api.internal.artifacts.ivyservice.ivyresolve.RepositoryChainComponentMetaDataResolver] Using org.glassfish.jaxb:jaxb-bom:4.0.9 from org.gradle.api.internal.artifacts.ivyservice.ivyresolve.FilteredModuleComponentRepository@456fc188
2026-08-21T16:48:36.454-0300 [DEBUG] [org.gradle.internal.operations.DefaultBuildOperationRunner] Completing Build operation 'Resolve dependencies of :detachedConfiguration94'
2026-08-21T16:48:36.454-0300 [DEBUG] [org.gradle.internal.operations.DefaultBuildOperationRunner] Build operation 'Resolve dependencies of :detachedConfiguration94' completed
2026-08-21T16:48:36.454-0300 [DEBUG] [org.gradle.internal.component.model.LoggingAttributeMatchingExplanationBuilder] Selected match {artifactType=pom, org.gradle.status=release} from candidates [{artifactType=pom, org.gradle.status=release}] for {}
2026-08-21T16:48:36.454-0300 [DEBUG] [org.gradle.internal.operations.DefaultBuildOperationRunner] Build operation 'Resolve files of configuration ':detachedConfiguration94'' started
2026-08-21T16:48:36.454-0300 [DEBUG] [org.gradle.internal.operations.DefaultBuildOperationRunner] Completing Build operation 'Resolve files of configuration ':detachedConfiguration94''
2026-08-21T16:48:36.454-0300 [DEBUG] [org.gradle.internal.operations.DefaultBuildOperationRunner] Build operation 'Resolve files of configuration ':detachedConfiguration94'' completed
2026-08-21T16:48:36.454-0300 [DEBUG] [org.gradle.internal.component.model.LoggingAttributeMatchingExplanationBuilder] Selected match {artifactType=pom, org.gradle.status=release} from candidates [{artifactType=pom, org.gradle.status=release}] for {}
2026-08-21T16:48:36.454-0300 [DEBUG] [org.gradle.internal.operations.DefaultBuildOperationRunner] Build operation 'Resolve files of configuration ':detachedConfiguration94'' started
2026-08-21T16:48:36.454-0300 [DEBUG] [org.gradle.internal.operations.DefaultBuildOperationRunner] Build operation 'Resolve jaxb-bom-4.0.9.pom (org.glassfish.jaxb:jaxb-bom:4.0.9)' started
2026-08-21T16:48:36.454-0300 [DEBUG] [org.gradle.api.internal.artifacts.ivyservice.ivyresolve.CachingModuleComponentRepository] Found artifact 'jaxb-bom-4.0.9.pom (org.glassfish.jaxb:jaxb-bom:4.0.9)' in resolver cache: /Users/claratorres1414/.gradle/caches/modules-2/files-2.1/org.glassfish.jaxb/jaxb-bom/4.0.9/8ce9f76aacb0bf94e7e5ecbf2373e72ffa14eb5b/jaxb-bom-4.0.9.pom
2026-08-21T16:48:36.454-0300 [DEBUG] [org.gradle.internal.operations.DefaultBuildOperationRunner] Completing Build operation 'Resolve jaxb-bom-4.0.9.pom (org.glassfish.jaxb:jaxb-bom:4.0.9)'
2026-08-21T16:48:36.454-0300 [DEBUG] [org.gradle.internal.operations.DefaultBuildOperationRunner] Build operation 'Resolve jaxb-bom-4.0.9.pom (org.glassfish.jaxb:jaxb-bom:4.0.9)' completed
2026-08-21T16:48:36.454-0300 [DEBUG] [org.gradle.internal.operations.DefaultBuildOperationRunner] Completing Build operation 'Resolve files of configuration ':detachedConfiguration94''
2026-08-21T16:48:36.454-0300 [DEBUG] [org.gradle.internal.operations.DefaultBuildOperationRunner] Build operation 'Resolve files of configuration ':detachedConfiguration94'' completed
2026-08-21T16:48:36.455-0300 [DEBUG] [org.gradle.internal.operations.DefaultBuildOperationRunner] Build operation 'Resolve dependencies of :detachedConfiguration95' started
2026-08-21T16:48:36.464-0300 [DEBUG] [org.gradle.api.internal.artifacts.ivyservice.modulecache.ResolvedArtifactCaches] Reusing in-memory cache for repo 'MavenRepo' [26c913274550a0b2221f47a0fe2d2358].
2026-08-21T16:48:36.464-0300 [DEBUG] [org.gradle.api.internal.artifacts.ivyservice.ivyresolve.RepositoryChainComponentMetaDataResolver] Attempting to resolve component for org.eclipse.ee4j:project:2.0.4 using repositories [MavenRepo]
2026-08-21T16:48:36.465-0300 [DEBUG] [org.gradle.api.internal.artifacts.ivyservice.ivyresolve.CachingModuleComponentRepository] Using cached module metadata for module 'org.eclipse.ee4j:project:2.0.4' in 'MavenRepo'
2026-08-21T16:48:36.465-0300 [DEBUG] [org.gradle.api.internal.artifacts.ivyservice.ivyresolve.RepositoryChainComponentMetaDataResolver] Using org.eclipse.ee4j:project:2.0.4 from org.gradle.api.internal.artifacts.ivyservice.ivyresolve.FilteredModuleComponentRepository@51fefe5
2026-08-21T16:48:36.465-0300 [DEBUG] [org.gradle.internal.operations.DefaultBuildOperationRunner] Completing Build operation 'Resolve dependencies of :detachedConfiguration95'
2026-08-21T16:48:36.465-0300 [DEBUG] [org.gradle.internal.operations.DefaultBuildOperationRunner] Build operation 'Resolve dependencies of :detachedConfiguration95' completed
2026-08-21T16:48:36.465-0300 [DEBUG] [org.gradle.internal.component.model.LoggingAttributeMatchingExplanationBuilder] Selected match {artifactType=pom, org.gradle.status=release} from candidates [{artifactType=pom, org.gradle.status=release}] for {}
2026-08-21T16:48:36.465-0300 [DEBUG] [org.gradle.internal.operations.DefaultBuildOperationRunner] Build operation 'Resolve files of configuration ':detachedConfiguration95'' started
2026-08-21T16:48:36.465-0300 [DEBUG] [org.gradle.internal.operations.DefaultBuildOperationRunner] Completing Build operation 'Resolve files of configuration ':detachedConfiguration95''
2026-08-21T16:48:36.465-0300 [DEBUG] [org.gradle.internal.operations.DefaultBuildOperationRunner] Build operation 'Resolve files of configuration ':detachedConfiguration95'' completed
2026-08-21T16:48:36.465-0300 [DEBUG] [org.gradle.internal.component.model.LoggingAttributeMatchingExplanationBuilder] Selected match {artifactType=pom, org.gradle.status=release} from candidates [{artifactType=pom, org.gradle.status=release}] for {}
2026-08-21T16:48:36.465-0300 [DEBUG] [org.gradle.internal.operations.DefaultBuildOperationRunner] Build operation 'Resolve files of configuration ':detachedConfiguration95'' started
2026-08-21T16:48:36.465-0300 [DEBUG] [org.gradle.internal.operations.DefaultBuildOperationRunner] Build operation 'Resolve project-2.0.4.pom (org.eclipse.ee4j:project:2.0.4)' started
2026-08-21T16:48:36.465-0300 [DEBUG] [org.gradle.api.internal.artifacts.ivyservice.ivyresolve.CachingModuleComponentRepository] Found artifact 'project-2.0.4.pom (org.eclipse.ee4j:project:2.0.4)' in resolver cache: /Users/claratorres1414/.gradle/caches/modules-2/files-2.1/org.eclipse.ee4j/project/2.0.4/747b6a9243371564ae952b500406f5f1bd34e35b/project-2.0.4.pom
2026-08-21T16:48:36.465-0300 [DEBUG] [org.gradle.internal.operations.DefaultBuildOperationRunner] Completing Build operation 'Resolve project-2.0.4.pom (org.eclipse.ee4j:project:2.0.4)'
2026-08-21T16:48:36.465-0300 [DEBUG] [org.gradle.internal.operations.DefaultBuildOperationRunner] Build operation 'Resolve project-2.0.4.pom (org.eclipse.ee4j:project:2.0.4)' completed
2026-08-21T16:48:36.465-0300 [DEBUG] [org.gradle.internal.operations.DefaultBuildOperationRunner] Completing Build operation 'Resolve files of configuration ':detachedConfiguration95''
2026-08-21T16:48:36.465-0300 [DEBUG] [org.gradle.internal.operations.DefaultBuildOperationRunner] Build operation 'Resolve files of configuration ':detachedConfiguration95'' completed
2026-08-21T16:48:36.469-0300 [DEBUG] [org.gradle.internal.operations.DefaultBuildOperationRunner] Build operation 'Resolve dependencies of :detachedConfiguration96' started
2026-08-21T16:48:36.469-0300 [DEBUG] [org.gradle.api.internal.artifacts.ivyservice.modulecache.ResolvedArtifactCaches] Reusing in-memory cache for repo 'MavenRepo' [26c913274550a0b2221f47a0fe2d2358].
2026-08-21T16:48:36.469-0300 [DEBUG] [org.gradle.api.internal.artifacts.ivyservice.ivyresolve.RepositoryChainComponentMetaDataResolver] Attempting to resolve component for org.eclipse.angus:angus-activation-project:2.0.3 using repositories [MavenRepo]
2026-08-21T16:48:36.469-0300 [DEBUG] [org.gradle.api.internal.artifacts.ivyservice.ivyresolve.CachingModuleComponentRepository] Using cached module metadata for module 'org.eclipse.angus:angus-activation-project:2.0.3' in 'MavenRepo'
2026-08-21T16:48:36.469-0300 [DEBUG] [org.gradle.api.internal.artifacts.ivyservice.ivyresolve.RepositoryChainComponentMetaDataResolver] Using org.eclipse.angus:angus-activation-project:2.0.3 from org.gradle.api.internal.artifacts.ivyservice.ivyresolve.FilteredModuleComponentRepository@6b14ffb0
2026-08-21T16:48:36.469-0300 [DEBUG] [org.gradle.internal.operations.DefaultBuildOperationRunner] Completing Build operation 'Resolve dependencies of :detachedConfiguration96'
2026-08-21T16:48:36.470-0300 [DEBUG] [org.gradle.internal.operations.DefaultBuildOperationRunner] Build operation 'Resolve dependencies of :detachedConfiguration96' completed
2026-08-21T16:48:36.470-0300 [DEBUG] [org.gradle.internal.component.model.LoggingAttributeMatchingExplanationBuilder] Selected match {artifactType=pom, org.gradle.status=release} from candidates [{artifactType=pom, org.gradle.status=release}] for {}
2026-08-21T16:48:36.470-0300 [DEBUG] [org.gradle.internal.operations.DefaultBuildOperationRunner] Build operation 'Resolve files of configuration ':detachedConfiguration96'' started
2026-08-21T16:48:36.470-0300 [DEBUG] [org.gradle.internal.operations.DefaultBuildOperationRunner] Completing Build operation 'Resolve files of configuration ':detachedConfiguration96''
2026-08-21T16:48:36.470-0300 [DEBUG] [org.gradle.internal.operations.DefaultBuildOperationRunner] Build operation 'Resolve files of configuration ':detachedConfiguration96'' completed
2026-08-21T16:48:36.470-0300 [DEBUG] [org.gradle.internal.component.model.LoggingAttributeMatchingExplanationBuilder] Selected match {artifactType=pom, org.gradle.status=release} from candidates [{artifactType=pom, org.gradle.status=release}] for {}
2026-08-21T16:48:36.470-0300 [DEBUG] [org.gradle.internal.operations.DefaultBuildOperationRunner] Build operation 'Resolve files of configuration ':detachedConfiguration96'' started
2026-08-21T16:48:36.470-0300 [DEBUG] [org.gradle.internal.operations.DefaultBuildOperationRunner] Build operation 'Resolve angus-activation-project-2.0.3.pom (org.eclipse.angus:angus-activation-project:2.0.3)' started
2026-08-21T16:48:36.470-0300 [DEBUG] [org.gradle.api.internal.artifacts.ivyservice.ivyresolve.CachingModuleComponentRepository] Found artifact 'angus-activation-project-2.0.3.pom (org.eclipse.angus:angus-activation-project:2.0.3)' in resolver cache: /Users/claratorres1414/.gradle/caches/modules-2/files-2.1/org.eclipse.angus/angus-activation-project/2.0.3/ac655631a193ba63267a4a9f8e71bf417535a4b5/angus-activation-project-2.0.3.pom
2026-08-21T16:48:36.470-0300 [DEBUG] [org.gradle.internal.operations.DefaultBuildOperationRunner] Completing Build operation 'Resolve angus-activation-project-2.0.3.pom (org.eclipse.angus:angus-activation-project:2.0.3)'
2026-08-21T16:48:36.470-0300 [DEBUG] [org.gradle.internal.operations.DefaultBuildOperationRunner] Build operation 'Resolve angus-activation-project-2.0.3.pom (org.eclipse.angus:angus-activation-project:2.0.3)' completed
2026-08-21T16:48:36.470-0300 [DEBUG] [org.gradle.internal.operations.DefaultBuildOperationRunner] Completing Build operation 'Resolve files of configuration ':detachedConfiguration96''
2026-08-21T16:48:36.470-0300 [DEBUG] [org.gradle.internal.operations.DefaultBuildOperationRunner] Build operation 'Resolve files of configuration ':detachedConfiguration96'' completed
2026-08-21T16:48:36.472-0300 [DEBUG] [org.gradle.internal.operations.DefaultBuildOperationRunner] Build operation 'Resolve dependencies of :detachedConfiguration97' started
2026-08-21T16:48:36.472-0300 [DEBUG] [org.gradle.api.internal.artifacts.ivyservice.modulecache.ResolvedArtifactCaches] Reusing in-memory cache for repo 'MavenRepo' [26c913274550a0b2221f47a0fe2d2358].
2026-08-21T16:48:36.473-0300 [DEBUG] [org.gradle.api.internal.artifacts.ivyservice.ivyresolve.RepositoryChainComponentMetaDataResolver] Attempting to resolve component for org.glassfish.jaxb:jaxb-txw-parent:4.0.9 using repositories [MavenRepo]
2026-08-21T16:48:36.473-0300 [DEBUG] [org.gradle.api.internal.artifacts.ivyservice.ivyresolve.CachingModuleComponentRepository] Using cached module metadata for module 'org.glassfish.jaxb:jaxb-txw-parent:4.0.9' in 'MavenRepo'
2026-08-21T16:48:36.473-0300 [DEBUG] [org.gradle.api.internal.artifacts.ivyservice.ivyresolve.RepositoryChainComponentMetaDataResolver] Using org.glassfish.jaxb:jaxb-txw-parent:4.0.9 from org.gradle.api.internal.artifacts.ivyservice.ivyresolve.FilteredModuleComponentRepository@54d3c329
2026-08-21T16:48:36.474-0300 [DEBUG] [org.gradle.internal.operations.DefaultBuildOperationRunner] Completing Build operation 'Resolve dependencies of :detachedConfiguration97'
2026-08-21T16:48:36.474-0300 [DEBUG] [org.gradle.internal.operations.DefaultBuildOperationRunner] Build operation 'Resolve dependencies of :detachedConfiguration97' completed
2026-08-21T16:48:36.474-0300 [DEBUG] [org.gradle.internal.component.model.LoggingAttributeMatchingExplanationBuilder] Selected match {artifactType=pom, org.gradle.status=release} from candidates [{artifactType=pom, org.gradle.status=release}] for {}
2026-08-21T16:48:36.474-0300 [DEBUG] [org.gradle.internal.operations.DefaultBuildOperationRunner] Build operation 'Resolve files of configuration ':detachedConfiguration97'' started
2026-08-21T16:48:36.474-0300 [DEBUG] [org.gradle.internal.operations.DefaultBuildOperationRunner] Completing Build operation 'Resolve files of configuration ':detachedConfiguration97''
2026-08-21T16:48:36.474-0300 [DEBUG] [org.gradle.internal.operations.DefaultBuildOperationRunner] Build operation 'Resolve files of configuration ':detachedConfiguration97'' completed
2026-08-21T16:48:36.474-0300 [DEBUG] [org.gradle.internal.component.model.LoggingAttributeMatchingExplanationBuilder] Selected match {artifactType=pom, org.gradle.status=release} from candidates [{artifactType=pom, org.gradle.status=release}] for {}
2026-08-21T16:48:36.474-0300 [DEBUG] [org.gradle.internal.operations.DefaultBuildOperationRunner] Build operation 'Resolve files of configuration ':detachedConfiguration97'' started
2026-08-21T16:48:36.474-0300 [DEBUG] [org.gradle.internal.operations.DefaultBuildOperationRunner] Build operation 'Resolve jaxb-txw-parent-4.0.9.pom (org.glassfish.jaxb:jaxb-txw-parent:4.0.9)' started
2026-08-21T16:48:36.474-0300 [DEBUG] [org.gradle.api.internal.artifacts.ivyservice.ivyresolve.CachingModuleComponentRepository] Found artifact 'jaxb-txw-parent-4.0.9.pom (org.glassfish.jaxb:jaxb-txw-parent:4.0.9)' in resolver cache: /Users/claratorres1414/.gradle/caches/modules-2/files-2.1/org.glassfish.jaxb/jaxb-txw-parent/4.0.9/821a33399f1dec411dd185a023f9ec3bbfaf2824/jaxb-txw-parent-4.0.9.pom
2026-08-21T16:48:36.474-0300 [DEBUG] [org.gradle.internal.operations.DefaultBuildOperationRunner] Completing Build operation 'Resolve jaxb-txw-parent-4.0.9.pom (org.glassfish.jaxb:jaxb-txw-parent:4.0.9)'
2026-08-21T16:48:36.474-0300 [DEBUG] [org.gradle.internal.operations.DefaultBuildOperationRunner] Build operation 'Resolve jaxb-txw-parent-4.0.9.pom (org.glassfish.jaxb:jaxb-txw-parent:4.0.9)' completed
2026-08-21T16:48:36.474-0300 [DEBUG] [org.gradle.internal.operations.DefaultBuildOperationRunner] Completing Build operation 'Resolve files of configuration ':detachedConfiguration97''
2026-08-21T16:48:36.474-0300 [DEBUG] [org.gradle.internal.operations.DefaultBuildOperationRunner] Build operation 'Resolve files of configuration ':detachedConfiguration97'' completed
2026-08-21T16:48:36.476-0300 [DEBUG] [org.gradle.internal.operations.DefaultBuildOperationRunner] Build operation 'Resolve dependencies of :detachedConfiguration98' started
2026-08-21T16:48:36.477-0300 [DEBUG] [org.gradle.api.internal.artifacts.ivyservice.modulecache.ResolvedArtifactCaches] Reusing in-memory cache for repo 'MavenRepo' [26c913274550a0b2221f47a0fe2d2358].
2026-08-21T16:48:36.477-0300 [DEBUG] [org.gradle.api.internal.artifacts.ivyservice.ivyresolve.RepositoryChainComponentMetaDataResolver] Attempting to resolve component for com.sun.istack:istack-commons:4.1.2 using repositories [MavenRepo]
2026-08-21T16:48:36.477-0300 [DEBUG] [org.gradle.api.internal.artifacts.ivyservice.ivyresolve.CachingModuleComponentRepository] Using cached module metadata for module 'com.sun.istack:istack-commons:4.1.2' in 'MavenRepo'
2026-08-21T16:48:36.477-0300 [DEBUG] [org.gradle.api.internal.artifacts.ivyservice.ivyresolve.RepositoryChainComponentMetaDataResolver] Using com.sun.istack:istack-commons:4.1.2 from org.gradle.api.internal.artifacts.ivyservice.ivyresolve.FilteredModuleComponentRepository@298b3c86
2026-08-21T16:48:36.478-0300 [DEBUG] [org.gradle.internal.operations.DefaultBuildOperationRunner] Completing Build operation 'Resolve dependencies of :detachedConfiguration98'
2026-08-21T16:48:36.478-0300 [DEBUG] [org.gradle.internal.operations.DefaultBuildOperationRunner] Build operation 'Resolve dependencies of :detachedConfiguration98' completed
2026-08-21T16:48:36.478-0300 [DEBUG] [org.gradle.internal.component.model.LoggingAttributeMatchingExplanationBuilder] Selected match {artifactType=pom, org.gradle.status=release} from candidates [{artifactType=pom, org.gradle.status=release}] for {}
2026-08-21T16:48:36.478-0300 [DEBUG] [org.gradle.internal.operations.DefaultBuildOperationRunner] Build operation 'Resolve files of configuration ':detachedConfiguration98'' started
2026-08-21T16:48:36.478-0300 [DEBUG] [org.gradle.internal.operations.DefaultBuildOperationRunner] Completing Build operation 'Resolve files of configuration ':detachedConfiguration98''
2026-08-21T16:48:36.478-0300 [DEBUG] [org.gradle.internal.operations.DefaultBuildOperationRunner] Build operation 'Resolve files of configuration ':detachedConfiguration98'' completed
2026-08-21T16:48:36.478-0300 [DEBUG] [org.gradle.internal.component.model.LoggingAttributeMatchingExplanationBuilder] Selected match {artifactType=pom, org.gradle.status=release} from candidates [{artifactType=pom, org.gradle.status=release}] for {}
2026-08-21T16:48:36.478-0300 [DEBUG] [org.gradle.internal.operations.DefaultBuildOperationRunner] Build operation 'Resolve files of configuration ':detachedConfiguration98'' started
2026-08-21T16:48:36.478-0300 [DEBUG] [org.gradle.internal.operations.DefaultBuildOperationRunner] Build operation 'Resolve istack-commons-4.1.2.pom (com.sun.istack:istack-commons:4.1.2)' started
2026-08-21T16:48:36.478-0300 [DEBUG] [org.gradle.api.internal.artifacts.ivyservice.ivyresolve.CachingModuleComponentRepository] Found artifact 'istack-commons-4.1.2.pom (com.sun.istack:istack-commons:4.1.2)' in resolver cache: /Users/claratorres1414/.gradle/caches/modules-2/files-2.1/com.sun.istack/istack-commons/4.1.2/4a568257731f081dd9a566eb5cea0f4fb6c3b20c/istack-commons-4.1.2.pom
2026-08-21T16:48:36.478-0300 [DEBUG] [org.gradle.internal.operations.DefaultBuildOperationRunner] Completing Build operation 'Resolve istack-commons-4.1.2.pom (com.sun.istack:istack-commons:4.1.2)'
2026-08-21T16:48:36.478-0300 [DEBUG] [org.gradle.internal.operations.DefaultBuildOperationRunner] Build operation 'Resolve istack-commons-4.1.2.pom (com.sun.istack:istack-commons:4.1.2)' completed
2026-08-21T16:48:36.478-0300 [DEBUG] [org.gradle.internal.operations.DefaultBuildOperationRunner] Completing Build operation 'Resolve files of configuration ':detachedConfiguration98''
2026-08-21T16:48:36.478-0300 [DEBUG] [org.gradle.internal.operations.DefaultBuildOperationRunner] Build operation 'Resolve files of configuration ':detachedConfiguration98'' completed
2026-08-21T16:48:36.480-0300 [DEBUG] [org.gradle.internal.operations.DefaultBuildOperationRunner] Build operation 'Resolve dependencies of :detachedConfiguration99' started
2026-08-21T16:48:36.480-0300 [DEBUG] [org.gradle.api.internal.artifacts.ivyservice.modulecache.ResolvedArtifactCaches] Reusing in-memory cache for repo 'MavenRepo' [26c913274550a0b2221f47a0fe2d2358].
2026-08-21T16:48:36.481-0300 [DEBUG] [org.gradle.api.internal.artifacts.ivyservice.ivyresolve.RepositoryChainComponentMetaDataResolver] Attempting to resolve component for org.eclipse.ee4j:project:1.0.6 using repositories [MavenRepo]
2026-08-21T16:48:36.481-0300 [DEBUG] [org.gradle.api.internal.artifacts.ivyservice.ivyresolve.CachingModuleComponentRepository] Using cached module metadata for module 'org.eclipse.ee4j:project:1.0.6' in 'MavenRepo'
2026-08-21T16:48:36.481-0300 [DEBUG] [org.gradle.api.internal.artifacts.ivyservice.ivyresolve.RepositoryChainComponentMetaDataResolver] Using org.eclipse.ee4j:project:1.0.6 from org.gradle.api.internal.artifacts.ivyservice.ivyresolve.FilteredModuleComponentRepository@604ab42a
2026-08-21T16:48:36.481-0300 [DEBUG] [org.gradle.internal.operations.DefaultBuildOperationRunner] Completing Build operation 'Resolve dependencies of :detachedConfiguration99'
2026-08-21T16:48:36.481-0300 [DEBUG] [org.gradle.internal.operations.DefaultBuildOperationRunner] Build operation 'Resolve dependencies of :detachedConfiguration99' completed
2026-08-21T16:48:36.481-0300 [DEBUG] [org.gradle.internal.component.model.LoggingAttributeMatchingExplanationBuilder] Selected match {artifactType=pom, org.gradle.status=release} from candidates [{artifactType=pom, org.gradle.status=release}] for {}
2026-08-21T16:48:36.481-0300 [DEBUG] [org.gradle.internal.operations.DefaultBuildOperationRunner] Build operation 'Resolve files of configuration ':detachedConfiguration99'' started
2026-08-21T16:48:36.481-0300 [DEBUG] [org.gradle.internal.operations.DefaultBuildOperationRunner] Completing Build operation 'Resolve files of configuration ':detachedConfiguration99''
2026-08-21T16:48:36.481-0300 [DEBUG] [org.gradle.internal.operations.DefaultBuildOperationRunner] Build operation 'Resolve files of configuration ':detachedConfiguration99'' completed
2026-08-21T16:48:36.481-0300 [DEBUG] [org.gradle.internal.component.model.LoggingAttributeMatchingExplanationBuilder] Selected match {artifactType=pom, org.gradle.status=release} from candidates [{artifactType=pom, org.gradle.status=release}] for {}
2026-08-21T16:48:36.482-0300 [DEBUG] [org.gradle.internal.operations.DefaultBuildOperationRunner] Build operation 'Resolve files of configuration ':detachedConfiguration99'' started
2026-08-21T16:48:36.482-0300 [DEBUG] [org.gradle.internal.operations.DefaultBuildOperationRunner] Build operation 'Resolve project-1.0.6.pom (org.eclipse.ee4j:project:1.0.6)' started
2026-08-21T16:48:36.482-0300 [DEBUG] [org.gradle.api.internal.artifacts.ivyservice.ivyresolve.CachingModuleComponentRepository] Found artifact 'project-1.0.6.pom (org.eclipse.ee4j:project:1.0.6)' in resolver cache: /Users/claratorres1414/.gradle/caches/modules-2/files-2.1/org.eclipse.ee4j/project/1.0.6/9adda6d67ddf76eb9ed4e1c331d705d03dc2a94b/project-1.0.6.pom
2026-08-21T16:48:36.482-0300 [DEBUG] [org.gradle.internal.operations.DefaultBuildOperationRunner] Completing Build operation 'Resolve project-1.0.6.pom (org.eclipse.ee4j:project:1.0.6)'
2026-08-21T16:48:36.482-0300 [DEBUG] [org.gradle.internal.operations.DefaultBuildOperationRunner] Build operation 'Resolve project-1.0.6.pom (org.eclipse.ee4j:project:1.0.6)' completed
2026-08-21T16:48:36.482-0300 [DEBUG] [org.gradle.internal.operations.DefaultBuildOperationRunner] Completing Build operation 'Resolve files of configuration ':detachedConfiguration99''
2026-08-21T16:48:36.482-0300 [DEBUG] [org.gradle.internal.operations.DefaultBuildOperationRunner] Build operation 'Resolve files of configuration ':detachedConfiguration99'' completed
2026-08-21T16:48:36.483-0300 [DEBUG] [org.gradle.internal.operations.DefaultBuildOperationRunner] Build operation 'Resolve dependencies of :detachedConfiguration100' started
2026-08-21T16:48:36.483-0300 [DEBUG] [org.gradle.api.internal.artifacts.ivyservice.modulecache.ResolvedArtifactCaches] Reusing in-memory cache for repo 'MavenRepo' [26c913274550a0b2221f47a0fe2d2358].
2026-08-21T16:48:36.484-0300 [DEBUG] [org.gradle.api.internal.artifacts.ivyservice.ivyresolve.RepositoryChainComponentMetaDataResolver] Attempting to resolve component for org.antlr:antlr4-master:4.13.2 using repositories [MavenRepo]
2026-08-21T16:48:36.484-0300 [DEBUG] [org.gradle.api.internal.artifacts.ivyservice.ivyresolve.CachingModuleComponentRepository] Using cached module metadata for module 'org.antlr:antlr4-master:4.13.2' in 'MavenRepo'
2026-08-21T16:48:36.484-0300 [DEBUG] [org.gradle.api.internal.artifacts.ivyservice.ivyresolve.RepositoryChainComponentMetaDataResolver] Using org.antlr:antlr4-master:4.13.2 from org.gradle.api.internal.artifacts.ivyservice.ivyresolve.FilteredModuleComponentRepository@340a87af
2026-08-21T16:48:36.484-0300 [DEBUG] [org.gradle.internal.operations.DefaultBuildOperationRunner] Completing Build operation 'Resolve dependencies of :detachedConfiguration100'
2026-08-21T16:48:36.484-0300 [DEBUG] [org.gradle.internal.operations.DefaultBuildOperationRunner] Build operation 'Resolve dependencies of :detachedConfiguration100' completed
2026-08-21T16:48:36.484-0300 [DEBUG] [org.gradle.internal.component.model.LoggingAttributeMatchingExplanationBuilder] Selected match {artifactType=pom, org.gradle.status=release} from candidates [{artifactType=pom, org.gradle.status=release}] for {}
2026-08-21T16:48:36.484-0300 [DEBUG] [org.gradle.internal.operations.DefaultBuildOperationRunner] Build operation 'Resolve files of configuration ':detachedConfiguration100'' started
2026-08-21T16:48:36.484-0300 [DEBUG] [org.gradle.internal.operations.DefaultBuildOperationRunner] Completing Build operation 'Resolve files of configuration ':detachedConfiguration100''
2026-08-21T16:48:36.484-0300 [DEBUG] [org.gradle.internal.operations.DefaultBuildOperationRunner] Build operation 'Resolve files of configuration ':detachedConfiguration100'' completed
2026-08-21T16:48:36.484-0300 [DEBUG] [org.gradle.internal.component.model.LoggingAttributeMatchingExplanationBuilder] Selected match {artifactType=pom, org.gradle.status=release} from candidates [{artifactType=pom, org.gradle.status=release}] for {}
2026-08-21T16:48:36.484-0300 [DEBUG] [org.gradle.internal.operations.DefaultBuildOperationRunner] Build operation 'Resolve files of configuration ':detachedConfiguration100'' started
2026-08-21T16:48:36.484-0300 [DEBUG] [org.gradle.internal.operations.DefaultBuildOperationRunner] Build operation 'Resolve antlr4-master-4.13.2.pom (org.antlr:antlr4-master:4.13.2)' started
2026-08-21T16:48:36.484-0300 [DEBUG] [org.gradle.api.internal.artifacts.ivyservice.ivyresolve.CachingModuleComponentRepository] Found artifact 'antlr4-master-4.13.2.pom (org.antlr:antlr4-master:4.13.2)' in resolver cache: /Users/claratorres1414/.gradle/caches/modules-2/files-2.1/org.antlr/antlr4-master/4.13.2/c16aa4679ed71d485c700238d9b4730dd3d5e82e/antlr4-master-4.13.2.pom
2026-08-21T16:48:36.484-0300 [DEBUG] [org.gradle.internal.operations.DefaultBuildOperationRunner] Completing Build operation 'Resolve antlr4-master-4.13.2.pom (org.antlr:antlr4-master:4.13.2)'
2026-08-21T16:48:36.484-0300 [DEBUG] [org.gradle.internal.operations.DefaultBuildOperationRunner] Build operation 'Resolve antlr4-master-4.13.2.pom (org.antlr:antlr4-master:4.13.2)' completed
2026-08-21T16:48:36.484-0300 [DEBUG] [org.gradle.internal.operations.DefaultBuildOperationRunner] Completing Build operation 'Resolve files of configuration ':detachedConfiguration100''
2026-08-21T16:48:36.484-0300 [DEBUG] [org.gradle.internal.operations.DefaultBuildOperationRunner] Build operation 'Resolve files of configuration ':detachedConfiguration100'' completed
2026-08-21T16:48:36.486-0300 [DEBUG] [org.gradle.internal.operations.DefaultBuildOperationRunner] Build operation 'Resolve dependencies of :detachedConfiguration101' started
2026-08-21T16:48:36.486-0300 [DEBUG] [org.gradle.api.internal.artifacts.ivyservice.modulecache.ResolvedArtifactCaches] Reusing in-memory cache for repo 'MavenRepo' [26c913274550a0b2221f47a0fe2d2358].
2026-08-21T16:48:36.487-0300 [DEBUG] [org.gradle.api.internal.artifacts.ivyservice.ivyresolve.RepositoryChainComponentMetaDataResolver] Attempting to resolve component for org.springframework.data:spring-data-jpa-parent:4.1.0 using repositories [MavenRepo]
2026-08-21T16:48:36.487-0300 [DEBUG] [org.gradle.api.internal.artifacts.ivyservice.ivyresolve.CachingModuleComponentRepository] Using cached module metadata for module 'org.springframework.data:spring-data-jpa-parent:4.1.0' in 'MavenRepo'
2026-08-21T16:48:36.487-0300 [DEBUG] [org.gradle.api.internal.artifacts.ivyservice.ivyresolve.RepositoryChainComponentMetaDataResolver] Using org.springframework.data:spring-data-jpa-parent:4.1.0 from org.gradle.api.internal.artifacts.ivyservice.ivyresolve.FilteredModuleComponentRepository@5289ab41
2026-08-21T16:48:36.487-0300 [DEBUG] [org.gradle.internal.operations.DefaultBuildOperationRunner] Completing Build operation 'Resolve dependencies of :detachedConfiguration101'
2026-08-21T16:48:36.487-0300 [DEBUG] [org.gradle.internal.operations.DefaultBuildOperationRunner] Build operation 'Resolve dependencies of :detachedConfiguration101' completed
2026-08-21T16:48:36.487-0300 [DEBUG] [org.gradle.internal.component.model.LoggingAttributeMatchingExplanationBuilder] Selected match {artifactType=pom, org.gradle.status=release} from candidates [{artifactType=pom, org.gradle.status=release}] for {}
2026-08-21T16:48:36.487-0300 [DEBUG] [org.gradle.internal.operations.DefaultBuildOperationRunner] Build operation 'Resolve files of configuration ':detachedConfiguration101'' started
2026-08-21T16:48:36.487-0300 [DEBUG] [org.gradle.internal.operations.DefaultBuildOperationRunner] Completing Build operation 'Resolve files of configuration ':detachedConfiguration101''
2026-08-21T16:48:36.487-0300 [DEBUG] [org.gradle.internal.operations.DefaultBuildOperationRunner] Build operation 'Resolve files of configuration ':detachedConfiguration101'' completed
2026-08-21T16:48:36.487-0300 [DEBUG] [org.gradle.internal.component.model.LoggingAttributeMatchingExplanationBuilder] Selected match {artifactType=pom, org.gradle.status=release} from candidates [{artifactType=pom, org.gradle.status=release}] for {}
2026-08-21T16:48:36.487-0300 [DEBUG] [org.gradle.internal.operations.DefaultBuildOperationRunner] Build operation 'Resolve files of configuration ':detachedConfiguration101'' started
2026-08-21T16:48:36.488-0300 [DEBUG] [org.gradle.internal.operations.DefaultBuildOperationRunner] Build operation 'Resolve spring-data-jpa-parent-4.1.0.pom (org.springframework.data:spring-data-jpa-parent:4.1.0)' started
2026-08-21T16:48:36.488-0300 [DEBUG] [org.gradle.api.internal.artifacts.ivyservice.ivyresolve.CachingModuleComponentRepository] Found artifact 'spring-data-jpa-parent-4.1.0.pom (org.springframework.data:spring-data-jpa-parent:4.1.0)' in resolver cache: /Users/claratorres1414/.gradle/caches/modules-2/files-2.1/org.springframework.data/spring-data-jpa-parent/4.1.0/2f67343ba749c25ac1c670a3bbcd1b632a128d73/spring-data-jpa-parent-4.1.0.pom
2026-08-21T16:48:36.488-0300 [DEBUG] [org.gradle.internal.operations.DefaultBuildOperationRunner] Completing Build operation 'Resolve spring-data-jpa-parent-4.1.0.pom (org.springframework.data:spring-data-jpa-parent:4.1.0)'
2026-08-21T16:48:36.488-0300 [DEBUG] [org.gradle.internal.operations.DefaultBuildOperationRunner] Build operation 'Resolve spring-data-jpa-parent-4.1.0.pom (org.springframework.data:spring-data-jpa-parent:4.1.0)' completed
2026-08-21T16:48:36.488-0300 [DEBUG] [org.gradle.internal.operations.DefaultBuildOperationRunner] Completing Build operation 'Resolve files of configuration ':detachedConfiguration101''
2026-08-21T16:48:36.488-0300 [DEBUG] [org.gradle.internal.operations.DefaultBuildOperationRunner] Build operation 'Resolve files of configuration ':detachedConfiguration101'' completed
2026-08-21T16:48:36.490-0300 [DEBUG] [org.gradle.internal.operations.DefaultBuildOperationRunner] Build operation 'Resolve dependencies of :detachedConfiguration102' started
2026-08-21T16:48:36.490-0300 [DEBUG] [org.gradle.api.internal.artifacts.ivyservice.modulecache.ResolvedArtifactCaches] Reusing in-memory cache for repo 'MavenRepo' [26c913274550a0b2221f47a0fe2d2358].
2026-08-21T16:48:36.491-0300 [DEBUG] [org.gradle.api.internal.artifacts.ivyservice.ivyresolve.RepositoryChainComponentMetaDataResolver] Attempting to resolve component for org.flywaydb:flyway-parent:12.4.0 using repositories [MavenRepo]
2026-08-21T16:48:36.491-0300 [DEBUG] [org.gradle.api.internal.artifacts.ivyservice.ivyresolve.CachingModuleComponentRepository] Using cached module metadata for module 'org.flywaydb:flyway-parent:12.4.0' in 'MavenRepo'
2026-08-21T16:48:36.491-0300 [DEBUG] [org.gradle.api.internal.artifacts.ivyservice.ivyresolve.RepositoryChainComponentMetaDataResolver] Using org.flywaydb:flyway-parent:12.4.0 from org.gradle.api.internal.artifacts.ivyservice.ivyresolve.FilteredModuleComponentRepository@3250bebc
2026-08-21T16:48:36.491-0300 [DEBUG] [org.gradle.internal.operations.DefaultBuildOperationRunner] Completing Build operation 'Resolve dependencies of :detachedConfiguration102'
2026-08-21T16:48:36.491-0300 [DEBUG] [org.gradle.internal.operations.DefaultBuildOperationRunner] Build operation 'Resolve dependencies of :detachedConfiguration102' completed
2026-08-21T16:48:36.491-0300 [DEBUG] [org.gradle.internal.component.model.LoggingAttributeMatchingExplanationBuilder] Selected match {artifactType=pom, org.gradle.status=release} from candidates [{artifactType=pom, org.gradle.status=release}] for {}
2026-08-21T16:48:36.491-0300 [DEBUG] [org.gradle.internal.operations.DefaultBuildOperationRunner] Build operation 'Resolve files of configuration ':detachedConfiguration102'' started
2026-08-21T16:48:36.491-0300 [DEBUG] [org.gradle.internal.operations.DefaultBuildOperationRunner] Completing Build operation 'Resolve files of configuration ':detachedConfiguration102''
2026-08-21T16:48:36.491-0300 [DEBUG] [org.gradle.internal.operations.DefaultBuildOperationRunner] Build operation 'Resolve files of configuration ':detachedConfiguration102'' completed
2026-08-21T16:48:36.491-0300 [DEBUG] [org.gradle.internal.component.model.LoggingAttributeMatchingExplanationBuilder] Selected match {artifactType=pom, org.gradle.status=release} from candidates [{artifactType=pom, org.gradle.status=release}] for {}
2026-08-21T16:48:36.491-0300 [DEBUG] [org.gradle.internal.operations.DefaultBuildOperationRunner] Build operation 'Resolve files of configuration ':detachedConfiguration102'' started
2026-08-21T16:48:36.491-0300 [DEBUG] [org.gradle.internal.operations.DefaultBuildOperationRunner] Build operation 'Resolve flyway-parent-12.4.0.pom (org.flywaydb:flyway-parent:12.4.0)' started
2026-08-21T16:48:36.491-0300 [DEBUG] [org.gradle.api.internal.artifacts.ivyservice.ivyresolve.CachingModuleComponentRepository] Found artifact 'flyway-parent-12.4.0.pom (org.flywaydb:flyway-parent:12.4.0)' in resolver cache: /Users/claratorres1414/.gradle/caches/modules-2/files-2.1/org.flywaydb/flyway-parent/12.4.0/fd011184d02320b2d361460be0a2c4ef7b19e20d/flyway-parent-12.4.0.pom
2026-08-21T16:48:36.491-0300 [DEBUG] [org.gradle.internal.operations.DefaultBuildOperationRunner] Completing Build operation 'Resolve flyway-parent-12.4.0.pom (org.flywaydb:flyway-parent:12.4.0)'
2026-08-21T16:48:36.491-0300 [DEBUG] [org.gradle.internal.operations.DefaultBuildOperationRunner] Build operation 'Resolve flyway-parent-12.4.0.pom (org.flywaydb:flyway-parent:12.4.0)' completed
2026-08-21T16:48:36.491-0300 [DEBUG] [org.gradle.internal.operations.DefaultBuildOperationRunner] Completing Build operation 'Resolve files of configuration ':detachedConfiguration102''
2026-08-21T16:48:36.491-0300 [DEBUG] [org.gradle.internal.operations.DefaultBuildOperationRunner] Build operation 'Resolve files of configuration ':detachedConfiguration102'' completed
2026-08-21T16:48:36.492-0300 [DEBUG] [org.gradle.internal.operations.DefaultBuildOperationRunner] Build operation 'Resolve dependencies of :detachedConfiguration103' started
2026-08-21T16:48:36.493-0300 [DEBUG] [org.gradle.api.internal.artifacts.ivyservice.modulecache.ResolvedArtifactCaches] Reusing in-memory cache for repo 'MavenRepo' [26c913274550a0b2221f47a0fe2d2358].
2026-08-21T16:48:36.493-0300 [DEBUG] [org.gradle.api.internal.artifacts.ivyservice.ivyresolve.RepositoryChainComponentMetaDataResolver] Attempting to resolve component for io.netty:netty-bom:4.2.12.Final using repositories [MavenRepo]
2026-08-21T16:48:36.493-0300 [DEBUG] [org.gradle.api.internal.artifacts.ivyservice.ivyresolve.CachingModuleComponentRepository] Using cached module metadata for module 'io.netty:netty-bom:4.2.12.Final' in 'MavenRepo'
2026-08-21T16:48:36.493-0300 [DEBUG] [org.gradle.api.internal.artifacts.ivyservice.ivyresolve.RepositoryChainComponentMetaDataResolver] Using io.netty:netty-bom:4.2.12.Final from org.gradle.api.internal.artifacts.ivyservice.ivyresolve.FilteredModuleComponentRepository@59b4a865
2026-08-21T16:48:36.493-0300 [DEBUG] [org.gradle.internal.operations.DefaultBuildOperationRunner] Completing Build operation 'Resolve dependencies of :detachedConfiguration103'
2026-08-21T16:48:36.493-0300 [DEBUG] [org.gradle.internal.operations.DefaultBuildOperationRunner] Build operation 'Resolve dependencies of :detachedConfiguration103' completed
2026-08-21T16:48:36.493-0300 [DEBUG] [org.gradle.internal.component.model.LoggingAttributeMatchingExplanationBuilder] Selected match {artifactType=pom, org.gradle.status=release} from candidates [{artifactType=pom, org.gradle.status=release}] for {}
2026-08-21T16:48:36.493-0300 [DEBUG] [org.gradle.internal.operations.DefaultBuildOperationRunner] Build operation 'Resolve files of configuration ':detachedConfiguration103'' started
2026-08-21T16:48:36.493-0300 [DEBUG] [org.gradle.internal.operations.DefaultBuildOperationRunner] Completing Build operation 'Resolve files of configuration ':detachedConfiguration103''
2026-08-21T16:48:36.493-0300 [DEBUG] [org.gradle.internal.operations.DefaultBuildOperationRunner] Build operation 'Resolve files of configuration ':detachedConfiguration103'' completed
2026-08-21T16:48:36.494-0300 [DEBUG] [org.gradle.internal.component.model.LoggingAttributeMatchingExplanationBuilder] Selected match {artifactType=pom, org.gradle.status=release} from candidates [{artifactType=pom, org.gradle.status=release}] for {}
2026-08-21T16:48:36.494-0300 [DEBUG] [org.gradle.internal.operations.DefaultBuildOperationRunner] Build operation 'Resolve files of configuration ':detachedConfiguration103'' started
2026-08-21T16:48:36.494-0300 [DEBUG] [org.gradle.internal.operations.DefaultBuildOperationRunner] Build operation 'Resolve netty-bom-4.2.12.Final.pom (io.netty:netty-bom:4.2.12.Final)' started
2026-08-21T16:48:36.494-0300 [DEBUG] [org.gradle.api.internal.artifacts.ivyservice.ivyresolve.CachingModuleComponentRepository] Found artifact 'netty-bom-4.2.12.Final.pom (io.netty:netty-bom:4.2.12.Final)' in resolver cache: /Users/claratorres1414/.gradle/caches/modules-2/files-2.1/io.netty/netty-bom/4.2.12.Final/e1fd2756cc9b086fc4cb1617d455ec8b8e37fcb5/netty-bom-4.2.12.Final.pom
2026-08-21T16:48:36.494-0300 [DEBUG] [org.gradle.internal.operations.DefaultBuildOperationRunner] Completing Build operation 'Resolve netty-bom-4.2.12.Final.pom (io.netty:netty-bom:4.2.12.Final)'
2026-08-21T16:48:36.494-0300 [DEBUG] [org.gradle.internal.operations.DefaultBuildOperationRunner] Build operation 'Resolve netty-bom-4.2.12.Final.pom (io.netty:netty-bom:4.2.12.Final)' completed
2026-08-21T16:48:36.494-0300 [DEBUG] [org.gradle.internal.operations.DefaultBuildOperationRunner] Completing Build operation 'Resolve files of configuration ':detachedConfiguration103''
2026-08-21T16:48:36.494-0300 [DEBUG] [org.gradle.internal.operations.DefaultBuildOperationRunner] Build operation 'Resolve files of configuration ':detachedConfiguration103'' completed
2026-08-21T16:48:36.497-0300 [DEBUG] [org.gradle.internal.operations.DefaultBuildOperationRunner] Build operation 'Resolve dependencies of :detachedConfiguration104' started
2026-08-21T16:48:36.497-0300 [DEBUG] [org.gradle.api.internal.artifacts.ivyservice.modulecache.ResolvedArtifactCaches] Reusing in-memory cache for repo 'MavenRepo' [26c913274550a0b2221f47a0fe2d2358].
2026-08-21T16:48:36.498-0300 [DEBUG] [org.gradle.api.internal.artifacts.ivyservice.ivyresolve.RepositoryChainComponentMetaDataResolver] Attempting to resolve component for io.netty:netty-parent:4.2.15.Final using repositories [MavenRepo]
2026-08-21T16:48:36.498-0300 [DEBUG] [org.gradle.api.internal.artifacts.ivyservice.ivyresolve.CachingModuleComponentRepository] Using cached module metadata for module 'io.netty:netty-parent:4.2.15.Final' in 'MavenRepo'
2026-08-21T16:48:36.498-0300 [DEBUG] [org.gradle.api.internal.artifacts.ivyservice.ivyresolve.RepositoryChainComponentMetaDataResolver] Using io.netty:netty-parent:4.2.15.Final from org.gradle.api.internal.artifacts.ivyservice.ivyresolve.FilteredModuleComponentRepository@47bbb4ca
2026-08-21T16:48:36.498-0300 [DEBUG] [org.gradle.internal.operations.DefaultBuildOperationRunner] Completing Build operation 'Resolve dependencies of :detachedConfiguration104'
2026-08-21T16:48:36.498-0300 [DEBUG] [org.gradle.internal.operations.DefaultBuildOperationRunner] Build operation 'Resolve dependencies of :detachedConfiguration104' completed
2026-08-21T16:48:36.498-0300 [DEBUG] [org.gradle.internal.component.model.LoggingAttributeMatchingExplanationBuilder] Selected match {artifactType=pom, org.gradle.status=release} from candidates [{artifactType=pom, org.gradle.status=release}] for {}
2026-08-21T16:48:36.498-0300 [DEBUG] [org.gradle.internal.operations.DefaultBuildOperationRunner] Build operation 'Resolve files of configuration ':detachedConfiguration104'' started
2026-08-21T16:48:36.498-0300 [DEBUG] [org.gradle.internal.operations.DefaultBuildOperationRunner] Completing Build operation 'Resolve files of configuration ':detachedConfiguration104''
2026-08-21T16:48:36.498-0300 [DEBUG] [org.gradle.internal.operations.DefaultBuildOperationRunner] Build operation 'Resolve files of configuration ':detachedConfiguration104'' completed
2026-08-21T16:48:36.498-0300 [DEBUG] [org.gradle.internal.component.model.LoggingAttributeMatchingExplanationBuilder] Selected match {artifactType=pom, org.gradle.status=release} from candidates [{artifactType=pom, org.gradle.status=release}] for {}
2026-08-21T16:48:36.498-0300 [DEBUG] [org.gradle.internal.operations.DefaultBuildOperationRunner] Build operation 'Resolve files of configuration ':detachedConfiguration104'' started
2026-08-21T16:48:36.498-0300 [DEBUG] [org.gradle.internal.operations.DefaultBuildOperationRunner] Build operation 'Resolve netty-parent-4.2.15.Final.pom (io.netty:netty-parent:4.2.15.Final)' started
2026-08-21T16:48:36.498-0300 [DEBUG] [org.gradle.api.internal.artifacts.ivyservice.ivyresolve.CachingModuleComponentRepository] Found artifact 'netty-parent-4.2.15.Final.pom (io.netty:netty-parent:4.2.15.Final)' in resolver cache: /Users/claratorres1414/.gradle/caches/modules-2/files-2.1/io.netty/netty-parent/4.2.15.Final/64cae2c20b098491b8cac15b831d64ec6b74a6d9/netty-parent-4.2.15.Final.pom
2026-08-21T16:48:36.498-0300 [DEBUG] [org.gradle.internal.operations.DefaultBuildOperationRunner] Completing Build operation 'Resolve netty-parent-4.2.15.Final.pom (io.netty:netty-parent:4.2.15.Final)'
2026-08-21T16:48:36.498-0300 [DEBUG] [org.gradle.internal.operations.DefaultBuildOperationRunner] Build operation 'Resolve netty-parent-4.2.15.Final.pom (io.netty:netty-parent:4.2.15.Final)' completed
2026-08-21T16:48:36.498-0300 [DEBUG] [org.gradle.internal.operations.DefaultBuildOperationRunner] Completing Build operation 'Resolve files of configuration ':detachedConfiguration104''
2026-08-21T16:48:36.498-0300 [DEBUG] [org.gradle.internal.operations.DefaultBuildOperationRunner] Build operation 'Resolve files of configuration ':detachedConfiguration104'' completed
2026-08-21T16:48:36.500-0300 [DEBUG] [org.gradle.internal.operations.DefaultBuildOperationRunner] Build operation 'Resolve dependencies of :detachedConfiguration105' started
2026-08-21T16:48:36.501-0300 [DEBUG] [org.gradle.api.internal.artifacts.ivyservice.modulecache.ResolvedArtifactCaches] Reusing in-memory cache for repo 'MavenRepo' [26c913274550a0b2221f47a0fe2d2358].
2026-08-21T16:48:36.501-0300 [DEBUG] [org.gradle.api.internal.artifacts.ivyservice.ivyresolve.RepositoryChainComponentMetaDataResolver] Attempting to resolve component for org.bouncycastle:bc-jdk18on-bom:1.84 using repositories [MavenRepo]
2026-08-21T16:48:36.501-0300 [DEBUG] [org.gradle.api.internal.artifacts.ivyservice.ivyresolve.CachingModuleComponentRepository] Using cached module metadata for module 'org.bouncycastle:bc-jdk18on-bom:1.84' in 'MavenRepo'
2026-08-21T16:48:36.501-0300 [DEBUG] [org.gradle.api.internal.artifacts.ivyservice.ivyresolve.RepositoryChainComponentMetaDataResolver] Using org.bouncycastle:bc-jdk18on-bom:1.84 from org.gradle.api.internal.artifacts.ivyservice.ivyresolve.FilteredModuleComponentRepository@5ec935fd
2026-08-21T16:48:36.501-0300 [DEBUG] [org.gradle.internal.operations.DefaultBuildOperationRunner] Completing Build operation 'Resolve dependencies of :detachedConfiguration105'
2026-08-21T16:48:36.501-0300 [DEBUG] [org.gradle.internal.operations.DefaultBuildOperationRunner] Build operation 'Resolve dependencies of :detachedConfiguration105' completed
2026-08-21T16:48:36.501-0300 [DEBUG] [org.gradle.internal.component.model.LoggingAttributeMatchingExplanationBuilder] Selected match {artifactType=pom, org.gradle.status=release} from candidates [{artifactType=pom, org.gradle.status=release}] for {}
2026-08-21T16:48:36.501-0300 [DEBUG] [org.gradle.internal.operations.DefaultBuildOperationRunner] Build operation 'Resolve files of configuration ':detachedConfiguration105'' started
2026-08-21T16:48:36.501-0300 [DEBUG] [org.gradle.internal.operations.DefaultBuildOperationRunner] Completing Build operation 'Resolve files of configuration ':detachedConfiguration105''
2026-08-21T16:48:36.501-0300 [DEBUG] [org.gradle.internal.operations.DefaultBuildOperationRunner] Build operation 'Resolve files of configuration ':detachedConfiguration105'' completed
2026-08-21T16:48:36.501-0300 [DEBUG] [org.gradle.internal.component.model.LoggingAttributeMatchingExplanationBuilder] Selected match {artifactType=pom, org.gradle.status=release} from candidates [{artifactType=pom, org.gradle.status=release}] for {}
2026-08-21T16:48:36.501-0300 [DEBUG] [org.gradle.internal.operations.DefaultBuildOperationRunner] Build operation 'Resolve files of configuration ':detachedConfiguration105'' started
2026-08-21T16:48:36.501-0300 [DEBUG] [org.gradle.internal.operations.DefaultBuildOperationRunner] Build operation 'Resolve bc-jdk18on-bom-1.84.pom (org.bouncycastle:bc-jdk18on-bom:1.84)' started
2026-08-21T16:48:36.501-0300 [DEBUG] [org.gradle.api.internal.artifacts.ivyservice.ivyresolve.CachingModuleComponentRepository] Found artifact 'bc-jdk18on-bom-1.84.pom (org.bouncycastle:bc-jdk18on-bom:1.84)' in resolver cache: /Users/claratorres1414/.gradle/caches/modules-2/files-2.1/org.bouncycastle/bc-jdk18on-bom/1.84/aa56bb2380adbfaadf94eda71d461ccd45cfb94c/bc-jdk18on-bom-1.84.pom
2026-08-21T16:48:36.501-0300 [DEBUG] [org.gradle.internal.operations.DefaultBuildOperationRunner] Completing Build operation 'Resolve bc-jdk18on-bom-1.84.pom (org.bouncycastle:bc-jdk18on-bom:1.84)'
2026-08-21T16:48:36.502-0300 [DEBUG] [org.gradle.internal.operations.DefaultBuildOperationRunner] Build operation 'Resolve bc-jdk18on-bom-1.84.pom (org.bouncycastle:bc-jdk18on-bom:1.84)' completed
2026-08-21T16:48:36.502-0300 [DEBUG] [org.gradle.internal.operations.DefaultBuildOperationRunner] Completing Build operation 'Resolve files of configuration ':detachedConfiguration105''
2026-08-21T16:48:36.502-0300 [DEBUG] [org.gradle.internal.operations.DefaultBuildOperationRunner] Build operation 'Resolve files of configuration ':detachedConfiguration105'' completed
2026-08-21T16:48:36.512-0300 [DEBUG] [org.gradle.internal.operations.DefaultBuildOperationRunner] Build operation 'Resolve dependencies of :detachedConfiguration106' started
2026-08-21T16:48:36.513-0300 [DEBUG] [org.gradle.api.internal.artifacts.ivyservice.modulecache.ResolvedArtifactCaches] Reusing in-memory cache for repo 'MavenRepo' [26c913274550a0b2221f47a0fe2d2358].
2026-08-21T16:48:36.513-0300 [DEBUG] [org.gradle.api.internal.artifacts.ivyservice.ivyresolve.RepositoryChainComponentMetaDataResolver] Attempting to resolve component for io.netty:netty-bom:4.2.10.Final using repositories [MavenRepo]
2026-08-21T16:48:36.513-0300 [DEBUG] [org.gradle.api.internal.artifacts.ivyservice.ivyresolve.CachingModuleComponentRepository] Using cached module metadata for module 'io.netty:netty-bom:4.2.10.Final' in 'MavenRepo'
2026-08-21T16:48:36.513-0300 [DEBUG] [org.gradle.api.internal.artifacts.ivyservice.ivyresolve.RepositoryChainComponentMetaDataResolver] Using io.netty:netty-bom:4.2.10.Final from org.gradle.api.internal.artifacts.ivyservice.ivyresolve.FilteredModuleComponentRepository@717aee9c
2026-08-21T16:48:36.514-0300 [DEBUG] [org.gradle.internal.operations.DefaultBuildOperationRunner] Completing Build operation 'Resolve dependencies of :detachedConfiguration106'
2026-08-21T16:48:36.514-0300 [DEBUG] [org.gradle.internal.operations.DefaultBuildOperationRunner] Build operation 'Resolve dependencies of :detachedConfiguration106' completed
2026-08-21T16:48:36.514-0300 [DEBUG] [org.gradle.internal.component.model.LoggingAttributeMatchingExplanationBuilder] Selected match {artifactType=pom, org.gradle.status=release} from candidates [{artifactType=pom, org.gradle.status=release}] for {}
2026-08-21T16:48:36.514-0300 [DEBUG] [org.gradle.internal.operations.DefaultBuildOperationRunner] Build operation 'Resolve files of configuration ':detachedConfiguration106'' started
2026-08-21T16:48:36.514-0300 [DEBUG] [org.gradle.internal.operations.DefaultBuildOperationRunner] Completing Build operation 'Resolve files of configuration ':detachedConfiguration106''
2026-08-21T16:48:36.514-0300 [DEBUG] [org.gradle.internal.operations.DefaultBuildOperationRunner] Build operation 'Resolve files of configuration ':detachedConfiguration106'' completed
2026-08-21T16:48:36.514-0300 [DEBUG] [org.gradle.internal.component.model.LoggingAttributeMatchingExplanationBuilder] Selected match {artifactType=pom, org.gradle.status=release} from candidates [{artifactType=pom, org.gradle.status=release}] for {}
2026-08-21T16:48:36.514-0300 [DEBUG] [org.gradle.internal.operations.DefaultBuildOperationRunner] Build operation 'Resolve files of configuration ':detachedConfiguration106'' started
2026-08-21T16:48:36.514-0300 [DEBUG] [org.gradle.internal.operations.DefaultBuildOperationRunner] Build operation 'Resolve netty-bom-4.2.10.Final.pom (io.netty:netty-bom:4.2.10.Final)' started
2026-08-21T16:48:36.514-0300 [DEBUG] [org.gradle.api.internal.artifacts.ivyservice.ivyresolve.CachingModuleComponentRepository] Found artifact 'netty-bom-4.2.10.Final.pom (io.netty:netty-bom:4.2.10.Final)' in resolver cache: /Users/claratorres1414/.gradle/caches/modules-2/files-2.1/io.netty/netty-bom/4.2.10.Final/993b7b845bf6453c4e640466145b569a204b4e35/netty-bom-4.2.10.Final.pom
2026-08-21T16:48:36.514-0300 [DEBUG] [org.gradle.internal.operations.DefaultBuildOperationRunner] Completing Build operation 'Resolve netty-bom-4.2.10.Final.pom (io.netty:netty-bom:4.2.10.Final)'
2026-08-21T16:48:36.514-0300 [DEBUG] [org.gradle.internal.operations.DefaultBuildOperationRunner] Build operation 'Resolve netty-bom-4.2.10.Final.pom (io.netty:netty-bom:4.2.10.Final)' completed
2026-08-21T16:48:36.514-0300 [DEBUG] [org.gradle.internal.operations.DefaultBuildOperationRunner] Completing Build operation 'Resolve files of configuration ':detachedConfiguration106''
2026-08-21T16:48:36.514-0300 [DEBUG] [org.gradle.internal.operations.DefaultBuildOperationRunner] Build operation 'Resolve files of configuration ':detachedConfiguration106'' completed
2026-08-21T16:48:36.520-0300 [INFO] [io.spring.gradle.dependencymanagement.internal.ExclusionConfiguringAction] Excluding []
2026-08-21T16:48:36.520-0300 [DEBUG] [org.gradle.internal.operations.DefaultBuildOperationRunner] Completing Build operation 'Execute container callback action'
2026-08-21T16:48:36.520-0300 [DEBUG] [org.gradle.internal.operations.DefaultBuildOperationRunner] Build operation 'Execute container callback action' completed
2026-08-21T16:48:36.520-0300 [DEBUG] [org.gradle.internal.operations.DefaultBuildOperationRunner] Build operation 'Execute container callback action' started
2026-08-21T16:48:36.520-0300 [DEBUG] [org.gradle.internal.operations.DefaultBuildOperationRunner] Completing Build operation 'Execute container callback action'
2026-08-21T16:48:36.520-0300 [DEBUG] [org.gradle.internal.operations.DefaultBuildOperationRunner] Build operation 'Execute container callback action' completed
2026-08-21T16:48:36.520-0300 [DEBUG] [org.gradle.internal.operations.DefaultBuildOperationRunner] Build operation 'Execute container callback action' started
2026-08-21T16:48:36.520-0300 [DEBUG] [org.gradle.internal.operations.DefaultBuildOperationRunner] Completing Build operation 'Execute container callback action'
2026-08-21T16:48:36.520-0300 [DEBUG] [org.gradle.internal.operations.DefaultBuildOperationRunner] Build operation 'Execute container callback action' completed
2026-08-21T16:48:36.520-0300 [DEBUG] [org.gradle.internal.operations.DefaultBuildOperationRunner] Build operation 'Execute container callback action' started
2026-08-21T16:48:36.520-0300 [DEBUG] [org.gradle.internal.operations.DefaultBuildOperationRunner] Completing Build operation 'Execute container callback action'
2026-08-21T16:48:36.520-0300 [DEBUG] [org.gradle.internal.operations.DefaultBuildOperationRunner] Build operation 'Execute container callback action' completed
2026-08-21T16:48:36.520-0300 [DEBUG] [org.gradle.internal.operations.DefaultBuildOperationRunner] Build operation 'Execute container callback action' started
2026-08-21T16:48:36.520-0300 [DEBUG] [org.gradle.internal.operations.DefaultBuildOperationRunner] Completing Build operation 'Execute container callback action'
2026-08-21T16:48:36.520-0300 [DEBUG] [org.gradle.internal.operations.DefaultBuildOperationRunner] Build operation 'Execute container callback action' completed
2026-08-21T16:48:36.520-0300 [DEBUG] [org.gradle.internal.operations.DefaultBuildOperationRunner] Build operation 'Execute container callback action' started
2026-08-21T16:48:36.520-0300 [DEBUG] [org.gradle.internal.operations.DefaultBuildOperationRunner] Build operation 'Resolve dependencies of :detachedConfiguration107' started
2026-08-21T16:48:36.521-0300 [DEBUG] [org.gradle.internal.operations.DefaultBuildOperationRunner] Completing Build operation 'Resolve dependencies of :detachedConfiguration107'
2026-08-21T16:48:36.521-0300 [DEBUG] [org.gradle.internal.operations.DefaultBuildOperationRunner] Build operation 'Resolve dependencies of :detachedConfiguration107' completed
2026-08-21T16:48:36.521-0300 [DEBUG] [org.gradle.internal.operations.DefaultBuildOperationRunner] Build operation 'Resolve dependencies of :detachedConfiguration108' started
2026-08-21T16:48:36.521-0300 [DEBUG] [org.gradle.internal.operations.DefaultBuildOperationRunner] Completing Build operation 'Resolve dependencies of :detachedConfiguration108'
2026-08-21T16:48:36.521-0300 [DEBUG] [org.gradle.internal.operations.DefaultBuildOperationRunner] Build operation 'Resolve dependencies of :detachedConfiguration108' completed
2026-08-21T16:48:36.521-0300 [INFO] [io.spring.gradle.dependencymanagement.internal.ExclusionConfiguringAction] Excluding []
2026-08-21T16:48:36.521-0300 [DEBUG] [org.gradle.internal.operations.DefaultBuildOperationRunner] Completing Build operation 'Execute container callback action'
2026-08-21T16:48:36.521-0300 [DEBUG] [org.gradle.internal.operations.DefaultBuildOperationRunner] Build operation 'Execute container callback action' completed
2026-08-21T16:48:36.521-0300 [DEBUG] [org.gradle.internal.operations.DefaultBuildOperationRunner] Build operation 'Realize task :compileTestJava' started
2026-08-21T16:48:36.521-0300 [DEBUG] [org.gradle.internal.operations.DefaultBuildOperationRunner] Build operation 'Execute container callback action' started
2026-08-21T16:48:36.521-0300 [DEBUG] [org.gradle.internal.operations.DefaultBuildOperationRunner] Completing Build operation 'Execute container callback action'
2026-08-21T16:48:36.521-0300 [DEBUG] [org.gradle.internal.operations.DefaultBuildOperationRunner] Build operation 'Execute container callback action' completed
2026-08-21T16:48:36.521-0300 [DEBUG] [org.gradle.internal.operations.DefaultBuildOperationRunner] Build operation 'Execute container callback action' started
2026-08-21T16:48:36.522-0300 [DEBUG] [org.gradle.internal.operations.DefaultBuildOperationRunner] Completing Build operation 'Execute container callback action'
2026-08-21T16:48:36.522-0300 [DEBUG] [org.gradle.internal.operations.DefaultBuildOperationRunner] Build operation 'Execute container callback action' completed
2026-08-21T16:48:36.522-0300 [DEBUG] [org.gradle.internal.operations.DefaultBuildOperationRunner] Build operation 'Execute container callback action' started
2026-08-21T16:48:36.522-0300 [DEBUG] [org.gradle.internal.operations.DefaultBuildOperationRunner] Completing Build operation 'Execute container callback action'
2026-08-21T16:48:36.522-0300 [DEBUG] [org.gradle.internal.operations.DefaultBuildOperationRunner] Build operation 'Execute container callback action' completed
2026-08-21T16:48:36.522-0300 [DEBUG] [org.gradle.internal.operations.DefaultBuildOperationRunner] Build operation 'Execute container callback action' started
2026-08-21T16:48:36.522-0300 [DEBUG] [org.gradle.internal.operations.DefaultBuildOperationRunner] Completing Build operation 'Execute container callback action'
2026-08-21T16:48:36.522-0300 [DEBUG] [org.gradle.internal.operations.DefaultBuildOperationRunner] Build operation 'Execute container callback action' completed
2026-08-21T16:48:36.522-0300 [DEBUG] [org.gradle.internal.operations.DefaultBuildOperationRunner] Build operation 'Execute container callback action' started
2026-08-21T16:48:36.522-0300 [DEBUG] [org.gradle.internal.operations.DefaultBuildOperationRunner] Completing Build operation 'Execute container callback action'
2026-08-21T16:48:36.522-0300 [DEBUG] [org.gradle.internal.operations.DefaultBuildOperationRunner] Build operation 'Execute container callback action' completed
2026-08-21T16:48:36.522-0300 [DEBUG] [org.gradle.internal.operations.DefaultBuildOperationRunner] Build operation 'Execute container callback action' started
2026-08-21T16:48:36.522-0300 [DEBUG] [org.gradle.internal.operations.DefaultBuildOperationRunner] Completing Build operation 'Execute container callback action'
2026-08-21T16:48:36.522-0300 [DEBUG] [org.gradle.internal.operations.DefaultBuildOperationRunner] Build operation 'Execute container callback action' completed
2026-08-21T16:48:36.522-0300 [DEBUG] [org.gradle.internal.operations.DefaultBuildOperationRunner] Completing Build operation 'Realize task :compileTestJava'
2026-08-21T16:48:36.522-0300 [DEBUG] [org.gradle.internal.operations.DefaultBuildOperationRunner] Build operation 'Realize task :compileTestJava' completed
2026-08-21T16:48:36.523-0300 [DEBUG] [io.spring.gradle.dependencymanagement.internal.VersionConfiguringAction] Processing requested dependency 'org.springframework.boot:spring-boot-starter:' with target 'org.springframework.boot:spring-boot-starter:
2026-08-21T16:48:36.523-0300 [DEBUG] [io.spring.gradle.dependencymanagement.internal.DependencyManagementContainer] Found managed version '4.1.0' for dependency 'org.springframework.boot:spring-boot-starter' in global dependency management
2026-08-21T16:48:36.523-0300 [DEBUG] [io.spring.gradle.dependencymanagement.internal.VersionConfiguringAction] Using version '4.1.0' for dependency 'org.springframework.boot:spring-boot-starter:'
2026-08-21T16:48:36.523-0300 [DEBUG] [io.spring.gradle.dependencymanagement.internal.VersionConfiguringAction] Processing requested dependency 'org.springframework.boot:spring-boot-starter-web:' with target 'org.springframework.boot:spring-boot-starter-web:
2026-08-21T16:48:36.523-0300 [DEBUG] [io.spring.gradle.dependencymanagement.internal.DependencyManagementContainer] Found managed version '4.1.0' for dependency 'org.springframework.boot:spring-boot-starter-web' in global dependency management
2026-08-21T16:48:36.523-0300 [DEBUG] [io.spring.gradle.dependencymanagement.internal.VersionConfiguringAction] Using version '4.1.0' for dependency 'org.springframework.boot:spring-boot-starter-web:'
2026-08-21T16:48:36.523-0300 [DEBUG] [io.spring.gradle.dependencymanagement.internal.VersionConfiguringAction] Processing requested dependency 'org.springframework.boot:spring-boot-starter-data-jpa:' with target 'org.springframework.boot:spring-boot-starter-data-jpa:
2026-08-21T16:48:36.523-0300 [DEBUG] [io.spring.gradle.dependencymanagement.internal.DependencyManagementContainer] Found managed version '4.1.0' for dependency 'org.springframework.boot:spring-boot-starter-data-jpa' in global dependency management
2026-08-21T16:48:36.523-0300 [DEBUG] [io.spring.gradle.dependencymanagement.internal.VersionConfiguringAction] Using version '4.1.0' for dependency 'org.springframework.boot:spring-boot-starter-data-jpa:'
2026-08-21T16:48:36.523-0300 [DEBUG] [io.spring.gradle.dependencymanagement.internal.VersionConfiguringAction] Processing requested dependency 'org.flywaydb:flyway-core:' with target 'org.flywaydb:flyway-core:
2026-08-21T16:48:36.523-0300 [DEBUG] [io.spring.gradle.dependencymanagement.internal.DependencyManagementContainer] Found managed version '12.4.0' for dependency 'org.flywaydb:flyway-core' in global dependency management
2026-08-21T16:48:36.523-0300 [DEBUG] [io.spring.gradle.dependencymanagement.internal.VersionConfiguringAction] Using version '12.4.0' for dependency 'org.flywaydb:flyway-core:'
2026-08-21T16:48:36.523-0300 [DEBUG] [io.spring.gradle.dependencymanagement.internal.VersionConfiguringAction] Processing requested dependency 'org.springframework.boot:spring-boot-starter-data-redis:' with target 'org.springframework.boot:spring-boot-starter-data-redis:
2026-08-21T16:48:36.523-0300 [DEBUG] [io.spring.gradle.dependencymanagement.internal.DependencyManagementContainer] Found managed version '4.1.0' for dependency 'org.springframework.boot:spring-boot-starter-data-redis' in global dependency management
2026-08-21T16:48:36.523-0300 [DEBUG] [io.spring.gradle.dependencymanagement.internal.VersionConfiguringAction] Using version '4.1.0' for dependency 'org.springframework.boot:spring-boot-starter-data-redis:'
2026-08-21T16:48:36.523-0300 [DEBUG] [io.spring.gradle.dependencymanagement.internal.VersionConfiguringAction] Processing requested dependency 'me.paulschwarz:spring-dotenv-bom:5.1.0' with target 'me.paulschwarz:spring-dotenv-bom:5.1.0
2026-08-21T16:48:36.523-0300 [DEBUG] [io.spring.gradle.dependencymanagement.internal.VersionConfiguringAction] No dependency management for dependency 'me.paulschwarz:spring-dotenv-bom:5.1.0'
2026-08-21T16:48:36.523-0300 [DEBUG] [io.spring.gradle.dependencymanagement.internal.VersionConfiguringAction] Processing requested dependency 'org.postgresql:postgresql:' with target 'org.postgresql:postgresql:
2026-08-21T16:48:36.523-0300 [DEBUG] [io.spring.gradle.dependencymanagement.internal.DependencyManagementContainer] Found managed version '42.7.11' for dependency 'org.postgresql:postgresql' in global dependency management
2026-08-21T16:48:36.523-0300 [DEBUG] [io.spring.gradle.dependencymanagement.internal.VersionConfiguringAction] Using version '42.7.11' for dependency 'org.postgresql:postgresql:'
2026-08-21T16:48:36.523-0300 [DEBUG] [io.spring.gradle.dependencymanagement.internal.VersionConfiguringAction] Processing requested dependency 'org.springframework.boot:spring-boot-starter-test:' with target 'org.springframework.boot:spring-boot-starter-test:
2026-08-21T16:48:36.523-0300 [DEBUG] [io.spring.gradle.dependencymanagement.internal.DependencyManagementContainer] Found managed version '4.1.0' for dependency 'org.springframework.boot:spring-boot-starter-test' in global dependency management
2026-08-21T16:48:36.523-0300 [DEBUG] [io.spring.gradle.dependencymanagement.internal.VersionConfiguringAction] Using version '4.1.0' for dependency 'org.springframework.boot:spring-boot-starter-test:'
2026-08-21T16:48:36.523-0300 [DEBUG] [io.spring.gradle.dependencymanagement.internal.VersionConfiguringAction] Processing requested dependency 'org.junit.platform:junit-platform-launcher:' with target 'org.junit.platform:junit-platform-launcher:
2026-08-21T16:48:36.524-0300 [DEBUG] [io.spring.gradle.dependencymanagement.internal.DependencyManagementContainer] Found managed version '6.0.3' for dependency 'org.junit.platform:junit-platform-launcher' in global dependency management
2026-08-21T16:48:36.524-0300 [DEBUG] [io.spring.gradle.dependencymanagement.internal.VersionConfiguringAction] Using version '6.0.3' for dependency 'org.junit.platform:junit-platform-launcher:'
2026-08-21T16:48:36.524-0300 [DEBUG] [org.gradle.api.internal.artifacts.ivyservice.resolveengine.graph.builder.NodeState] org.springframework.boot:spring-boot-starter:4.1.0 is filtered.
2026-08-21T16:48:36.524-0300 [DEBUG] [org.gradle.api.internal.artifacts.ivyservice.resolveengine.graph.builder.NodeState] org.springframework.boot:spring-boot-starter-web:4.1.0 is filtered.
2026-08-21T16:48:36.524-0300 [DEBUG] [org.gradle.api.internal.artifacts.ivyservice.resolveengine.graph.builder.NodeState] org.springframework.boot:spring-boot-starter-data-jpa:4.1.0 is filtered.
2026-08-21T16:48:36.524-0300 [DEBUG] [org.gradle.api.internal.artifacts.ivyservice.resolveengine.graph.builder.NodeState] org.flywaydb:flyway-core:12.4.0 is filtered.
2026-08-21T16:48:36.524-0300 [DEBUG] [org.gradle.api.internal.artifacts.ivyservice.resolveengine.graph.builder.NodeState] org.springframework.boot:spring-boot-starter-data-redis:4.1.0 is filtered.
2026-08-21T16:48:36.524-0300 [DEBUG] [org.gradle.api.internal.artifacts.ivyservice.resolveengine.graph.builder.NodeState] me.paulschwarz:spring-dotenv-bom:5.1.0 is filtered.
2026-08-21T16:48:36.524-0300 [DEBUG] [org.gradle.api.internal.artifacts.ivyservice.resolveengine.graph.builder.NodeState] org.postgresql:postgresql:42.7.11 is filtered.
2026-08-21T16:48:36.524-0300 [DEBUG] [org.gradle.api.internal.artifacts.ivyservice.resolveengine.graph.builder.NodeState] org.springframework.boot:spring-boot-starter-test:4.1.0 is filtered.
2026-08-21T16:48:36.524-0300 [DEBUG] [org.gradle.api.internal.artifacts.ivyservice.resolveengine.graph.builder.NodeState] org.junit.platform:junit-platform-launcher:6.0.3 is filtered.
2026-08-21T16:48:36.524-0300 [DEBUG] [org.gradle.internal.operations.DefaultBuildOperationRunner] Build operation 'Realize task :compileJava' started
2026-08-21T16:48:36.524-0300 [DEBUG] [org.gradle.internal.operations.DefaultBuildOperationRunner] Build operation 'Execute container callback action' started
2026-08-21T16:48:36.524-0300 [DEBUG] [org.gradle.internal.operations.DefaultBuildOperationRunner] Completing Build operation 'Execute container callback action'
2026-08-21T16:48:36.524-0300 [DEBUG] [org.gradle.internal.operations.DefaultBuildOperationRunner] Build operation 'Execute container callback action' completed
2026-08-21T16:48:36.524-0300 [DEBUG] [org.gradle.internal.operations.DefaultBuildOperationRunner] Build operation 'Execute container callback action' started
2026-08-21T16:48:36.524-0300 [DEBUG] [org.gradle.internal.operations.DefaultBuildOperationRunner] Completing Build operation 'Execute container callback action'
2026-08-21T16:48:36.524-0300 [DEBUG] [org.gradle.internal.operations.DefaultBuildOperationRunner] Build operation 'Execute container callback action' completed
2026-08-21T16:48:36.524-0300 [DEBUG] [org.gradle.internal.operations.DefaultBuildOperationRunner] Build operation 'Execute container callback action' started
2026-08-21T16:48:36.525-0300 [DEBUG] [org.gradle.internal.operations.DefaultBuildOperationRunner] Completing Build operation 'Execute container callback action'
2026-08-21T16:48:36.525-0300 [DEBUG] [org.gradle.internal.operations.DefaultBuildOperationRunner] Build operation 'Execute container callback action' completed
2026-08-21T16:48:36.525-0300 [DEBUG] [org.gradle.internal.operations.DefaultBuildOperationRunner] Build operation 'Execute container callback action' started
2026-08-21T16:48:36.525-0300 [DEBUG] [org.gradle.internal.operations.DefaultBuildOperationRunner] Completing Build operation 'Execute container callback action'
2026-08-21T16:48:36.525-0300 [DEBUG] [org.gradle.internal.operations.DefaultBuildOperationRunner] Build operation 'Execute container callback action' completed
2026-08-21T16:48:36.525-0300 [DEBUG] [org.gradle.internal.operations.DefaultBuildOperationRunner] Build operation 'Execute container callback action' started
2026-08-21T16:48:36.525-0300 [DEBUG] [org.gradle.internal.operations.DefaultBuildOperationRunner] Completing Build operation 'Execute container callback action'
2026-08-21T16:48:36.525-0300 [DEBUG] [org.gradle.internal.operations.DefaultBuildOperationRunner] Build operation 'Execute container callback action' completed
2026-08-21T16:48:36.525-0300 [DEBUG] [org.gradle.internal.operations.DefaultBuildOperationRunner] Build operation 'Execute container callback action' started
2026-08-21T16:48:36.525-0300 [DEBUG] [org.gradle.internal.operations.DefaultBuildOperationRunner] Completing Build operation 'Execute container callback action'
2026-08-21T16:48:36.525-0300 [DEBUG] [org.gradle.internal.operations.DefaultBuildOperationRunner] Build operation 'Execute container callback action' completed
2026-08-21T16:48:36.525-0300 [DEBUG] [org.gradle.internal.operations.DefaultBuildOperationRunner] Completing Build operation 'Realize task :compileJava'
2026-08-21T16:48:36.525-0300 [DEBUG] [org.gradle.internal.operations.DefaultBuildOperationRunner] Build operation 'Realize task :compileJava' completed
2026-08-21T16:48:36.525-0300 [DEBUG] [org.gradle.internal.operations.DefaultBuildOperationRunner] Build operation 'Realize task :classes' started
2026-08-21T16:48:36.525-0300 [DEBUG] [org.gradle.internal.operations.DefaultBuildOperationRunner] Build operation 'Execute container callback action' started
2026-08-21T16:48:36.525-0300 [DEBUG] [org.gradle.internal.operations.DefaultBuildOperationRunner] Completing Build operation 'Execute container callback action'
2026-08-21T16:48:36.525-0300 [DEBUG] [org.gradle.internal.operations.DefaultBuildOperationRunner] Build operation 'Execute container callback action' completed
2026-08-21T16:48:36.525-0300 [DEBUG] [org.gradle.internal.operations.DefaultBuildOperationRunner] Completing Build operation 'Realize task :classes'
2026-08-21T16:48:36.525-0300 [DEBUG] [org.gradle.internal.operations.DefaultBuildOperationRunner] Build operation 'Realize task :classes' completed
2026-08-21T16:48:36.525-0300 [DEBUG] [org.gradle.internal.operations.DefaultBuildOperationRunner] Build operation 'Realize task :testClasses' started
2026-08-21T16:48:36.525-0300 [DEBUG] [org.gradle.internal.operations.DefaultBuildOperationRunner] Build operation 'Execute container callback action' started
2026-08-21T16:48:36.525-0300 [DEBUG] [org.gradle.internal.operations.DefaultBuildOperationRunner] Completing Build operation 'Execute container callback action'
2026-08-21T16:48:36.525-0300 [DEBUG] [org.gradle.internal.operations.DefaultBuildOperationRunner] Build operation 'Execute container callback action' completed
2026-08-21T16:48:36.525-0300 [DEBUG] [org.gradle.internal.operations.DefaultBuildOperationRunner] Completing Build operation 'Realize task :testClasses'
2026-08-21T16:48:36.525-0300 [DEBUG] [org.gradle.internal.operations.DefaultBuildOperationRunner] Build operation 'Realize task :testClasses' completed
2026-08-21T16:48:36.526-0300 [DEBUG] [org.gradle.internal.operations.DefaultBuildOperationRunner] Build operation 'Realize task :jar' started
2026-08-21T16:48:36.526-0300 [DEBUG] [org.gradle.internal.operations.DefaultBuildOperationRunner] Build operation 'Execute container callback action' started
2026-08-21T16:48:36.526-0300 [DEBUG] [org.gradle.internal.operations.DefaultBuildOperationRunner] Completing Build operation 'Execute container callback action'
2026-08-21T16:48:36.526-0300 [DEBUG] [org.gradle.internal.operations.DefaultBuildOperationRunner] Build operation 'Execute container callback action' completed
2026-08-21T16:48:36.526-0300 [DEBUG] [org.gradle.internal.operations.DefaultBuildOperationRunner] Build operation 'Execute container callback action' started
2026-08-21T16:48:36.526-0300 [DEBUG] [org.gradle.internal.operations.DefaultBuildOperationRunner] Completing Build operation 'Execute container callback action'
2026-08-21T16:48:36.526-0300 [DEBUG] [org.gradle.internal.operations.DefaultBuildOperationRunner] Build operation 'Execute container callback action' completed
2026-08-21T16:48:36.526-0300 [DEBUG] [org.gradle.internal.operations.DefaultBuildOperationRunner] Build operation 'Execute container callback action' started
2026-08-21T16:48:36.526-0300 [DEBUG] [org.gradle.internal.operations.DefaultBuildOperationRunner] Completing Build operation 'Execute container callback action'
2026-08-21T16:48:36.526-0300 [DEBUG] [org.gradle.internal.operations.DefaultBuildOperationRunner] Build operation 'Execute container callback action' completed
2026-08-21T16:48:36.526-0300 [DEBUG] [org.gradle.internal.operations.DefaultBuildOperationRunner] Build operation 'Execute container callback action' started
2026-08-21T16:48:36.526-0300 [DEBUG] [org.gradle.internal.operations.DefaultBuildOperationRunner] Completing Build operation 'Execute container callback action'
2026-08-21T16:48:36.526-0300 [DEBUG] [org.gradle.internal.operations.DefaultBuildOperationRunner] Build operation 'Execute container callback action' completed
2026-08-21T16:48:36.526-0300 [DEBUG] [org.gradle.internal.operations.DefaultBuildOperationRunner] Completing Build operation 'Realize task :jar'
2026-08-21T16:48:36.526-0300 [DEBUG] [org.gradle.internal.operations.DefaultBuildOperationRunner] Build operation 'Realize task :jar' completed
2026-08-21T16:48:36.526-0300 [DEBUG] [org.gradle.internal.operations.DefaultBuildOperationRunner] Build operation 'Realize task :bootJar' started
2026-08-21T16:48:36.527-0300 [DEBUG] [org.gradle.internal.operations.DefaultBuildOperationRunner] Build operation 'Execute container callback action' started
2026-08-21T16:48:36.527-0300 [DEBUG] [org.gradle.internal.operations.DefaultBuildOperationRunner] Completing Build operation 'Execute container callback action'
2026-08-21T16:48:36.527-0300 [DEBUG] [org.gradle.internal.operations.DefaultBuildOperationRunner] Build operation 'Execute container callback action' completed
2026-08-21T16:48:36.527-0300 [DEBUG] [org.gradle.internal.operations.DefaultBuildOperationRunner] Build operation 'Execute container callback action' started
2026-08-21T16:48:36.527-0300 [DEBUG] [org.gradle.internal.operations.DefaultBuildOperationRunner] Completing Build operation 'Execute container callback action'
2026-08-21T16:48:36.527-0300 [DEBUG] [org.gradle.internal.operations.DefaultBuildOperationRunner] Build operation 'Execute container callback action' completed
2026-08-21T16:48:36.527-0300 [DEBUG] [org.gradle.internal.operations.DefaultBuildOperationRunner] Build operation 'Execute container callback action' started
2026-08-21T16:48:36.527-0300 [DEBUG] [org.gradle.internal.operations.DefaultBuildOperationRunner] Completing Build operation 'Execute container callback action'
2026-08-21T16:48:36.527-0300 [DEBUG] [org.gradle.internal.operations.DefaultBuildOperationRunner] Build operation 'Execute container callback action' completed
2026-08-21T16:48:36.527-0300 [DEBUG] [org.gradle.internal.operations.DefaultBuildOperationRunner] Completing Build operation 'Realize task :bootJar'
2026-08-21T16:48:36.527-0300 [DEBUG] [org.gradle.internal.operations.DefaultBuildOperationRunner] Build operation 'Realize task :bootJar' completed
2026-08-21T16:48:36.527-0300 [DEBUG] [org.gradle.internal.operations.DefaultBuildOperationRunner] Build operation 'Realize task :processResources' started
2026-08-21T16:48:36.527-0300 [DEBUG] [org.gradle.internal.operations.DefaultBuildOperationRunner] Build operation 'Execute container callback action' started
2026-08-21T16:48:36.527-0300 [DEBUG] [org.gradle.internal.operations.DefaultBuildOperationRunner] Completing Build operation 'Execute container callback action'
2026-08-21T16:48:36.527-0300 [DEBUG] [org.gradle.internal.operations.DefaultBuildOperationRunner] Build operation 'Execute container callback action' completed
2026-08-21T16:48:36.527-0300 [DEBUG] [org.gradle.internal.operations.DefaultBuildOperationRunner] Completing Build operation 'Realize task :processResources'
2026-08-21T16:48:36.527-0300 [DEBUG] [org.gradle.internal.operations.DefaultBuildOperationRunner] Build operation 'Realize task :processResources' completed
2026-08-21T16:48:36.528-0300 [DEBUG] [org.gradle.internal.operations.DefaultBuildOperationRunner] Build operation 'Execute container callback action' started
2026-08-21T16:48:36.528-0300 [DEBUG] [org.gradle.internal.operations.DefaultBuildOperationRunner] Build operation 'Resolve dependencies of :detachedConfiguration109' started
2026-08-21T16:48:36.528-0300 [DEBUG] [org.gradle.api.internal.artifacts.ivyservice.modulecache.ResolvedArtifactCaches] Reusing in-memory cache for repo 'MavenRepo' [26c913274550a0b2221f47a0fe2d2358].
2026-08-21T16:48:36.528-0300 [DEBUG] [io.spring.gradle.dependencymanagement.internal.VersionConfiguringAction] Processing requested dependency 'org.projectlombok:lombok:' with target 'org.projectlombok:lombok:
2026-08-21T16:48:36.528-0300 [DEBUG] [io.spring.gradle.dependencymanagement.internal.DependencyManagementContainer] Found managed version '1.18.46' for dependency 'org.projectlombok:lombok' in global dependency management
2026-08-21T16:48:36.528-0300 [DEBUG] [io.spring.gradle.dependencymanagement.internal.VersionConfiguringAction] Using version '1.18.46' for dependency 'org.projectlombok:lombok:'
2026-08-21T16:48:36.529-0300 [DEBUG] [org.gradle.api.internal.artifacts.ivyservice.ivyresolve.RepositoryChainComponentMetaDataResolver] Attempting to resolve component for org.projectlombok:lombok:1.18.46 using repositories [MavenRepo]
2026-08-21T16:48:36.529-0300 [DEBUG] [org.gradle.api.internal.artifacts.ivyservice.ivyresolve.CachingModuleComponentRepository] Using cached module metadata for module 'org.projectlombok:lombok:1.18.46' in 'MavenRepo'
2026-08-21T16:48:36.529-0300 [DEBUG] [org.gradle.api.internal.artifacts.ivyservice.ivyresolve.RepositoryChainComponentMetaDataResolver] Using org.projectlombok:lombok:1.18.46 from org.gradle.api.internal.artifacts.ivyservice.ivyresolve.FilteredModuleComponentRepository@169f4fe6
2026-08-21T16:48:36.529-0300 [DEBUG] [org.gradle.internal.operations.DefaultBuildOperationRunner] Completing Build operation 'Resolve dependencies of :detachedConfiguration109'
2026-08-21T16:48:36.529-0300 [DEBUG] [org.gradle.internal.operations.DefaultBuildOperationRunner] Build operation 'Resolve dependencies of :detachedConfiguration109' completed
2026-08-21T16:48:36.529-0300 [DEBUG] [org.gradle.api.internal.artifacts.ivyservice.resolveengine.result.StreamingResolutionResultBuilder$GraphFactory] Loaded resolution results (0.0 secs) from Binary store in /Users/claratorres1414/.gradle/.tmp/gradle14523498154792549156.bin offset 38514 exists? true
2026-08-21T16:48:36.530-0300 [DEBUG] [org.gradle.internal.operations.DefaultBuildOperationRunner] Build operation 'Resolve dependencies of :detachedConfiguration110' started
2026-08-21T16:48:36.530-0300 [DEBUG] [org.gradle.api.internal.artifacts.ivyservice.modulecache.ResolvedArtifactCaches] Reusing in-memory cache for repo 'MavenRepo' [26c913274550a0b2221f47a0fe2d2358].
2026-08-21T16:48:36.530-0300 [DEBUG] [org.gradle.api.internal.artifacts.ivyservice.ivyresolve.RepositoryChainComponentMetaDataResolver] Attempting to resolve component for org.projectlombok:lombok:1.18.46 using repositories [MavenRepo]
2026-08-21T16:48:36.530-0300 [DEBUG] [org.gradle.api.internal.artifacts.ivyservice.ivyresolve.CachingModuleComponentRepository] Using cached module metadata for module 'org.projectlombok:lombok:1.18.46' in 'MavenRepo'
2026-08-21T16:48:36.530-0300 [DEBUG] [org.gradle.api.internal.artifacts.ivyservice.ivyresolve.RepositoryChainComponentMetaDataResolver] Using org.projectlombok:lombok:1.18.46 from org.gradle.api.internal.artifacts.ivyservice.ivyresolve.FilteredModuleComponentRepository@4e75f800
2026-08-21T16:48:36.530-0300 [DEBUG] [org.gradle.internal.operations.DefaultBuildOperationRunner] Completing Build operation 'Resolve dependencies of :detachedConfiguration110'
2026-08-21T16:48:36.530-0300 [DEBUG] [org.gradle.internal.operations.DefaultBuildOperationRunner] Build operation 'Resolve dependencies of :detachedConfiguration110' completed
2026-08-21T16:48:36.530-0300 [DEBUG] [org.gradle.internal.component.model.LoggingAttributeMatchingExplanationBuilder] Selected match {artifactType=pom, org.gradle.status=release} from candidates [{artifactType=pom, org.gradle.status=release}] for {}
2026-08-21T16:48:36.530-0300 [DEBUG] [org.gradle.internal.operations.DefaultBuildOperationRunner] Build operation 'Resolve files of configuration ':detachedConfiguration110'' started
2026-08-21T16:48:36.530-0300 [DEBUG] [org.gradle.api.internal.artifacts.ivyservice.ivyresolve.CachingModuleComponentRepository] Found artifact 'lombok-1.18.46.pom (org.projectlombok:lombok:1.18.46)' in resolver cache: /Users/claratorres1414/.gradle/caches/modules-2/files-2.1/org.projectlombok/lombok/1.18.46/9ec95ec5433dc79ef4e34c6bda296293625b1511/lombok-1.18.46.pom
2026-08-21T16:48:36.530-0300 [DEBUG] [org.gradle.internal.operations.DefaultBuildOperationRunner] Completing Build operation 'Resolve files of configuration ':detachedConfiguration110''
2026-08-21T16:48:36.530-0300 [DEBUG] [org.gradle.internal.operations.DefaultBuildOperationRunner] Build operation 'Resolve files of configuration ':detachedConfiguration110'' completed
2026-08-21T16:48:36.531-0300 [INFO] [io.spring.gradle.dependencymanagement.internal.ExclusionConfiguringAction] Excluding []
2026-08-21T16:48:36.531-0300 [DEBUG] [org.gradle.internal.operations.DefaultBuildOperationRunner] Completing Build operation 'Execute container callback action'
2026-08-21T16:48:36.531-0300 [DEBUG] [org.gradle.internal.operations.DefaultBuildOperationRunner] Build operation 'Execute container callback action' completed
2026-08-21T16:48:36.531-0300 [DEBUG] [io.spring.gradle.dependencymanagement.internal.VersionConfiguringAction] Processing requested dependency 'org.projectlombok:lombok:' with target 'org.projectlombok:lombok:
2026-08-21T16:48:36.531-0300 [DEBUG] [io.spring.gradle.dependencymanagement.internal.DependencyManagementContainer] Found managed version '1.18.46' for dependency 'org.projectlombok:lombok' in global dependency management
2026-08-21T16:48:36.531-0300 [DEBUG] [io.spring.gradle.dependencymanagement.internal.VersionConfiguringAction] Using version '1.18.46' for dependency 'org.projectlombok:lombok:'
2026-08-21T16:48:36.531-0300 [DEBUG] [org.gradle.api.internal.artifacts.ivyservice.resolveengine.graph.builder.NodeState] org.projectlombok:lombok:1.18.46 is filtered.
2026-08-21T16:48:36.531-0300 [DEBUG] [org.gradle.internal.operations.DefaultBuildOperationRunner] Build operation 'Execute container callback action' started
2026-08-21T16:48:36.532-0300 [DEBUG] [org.gradle.internal.operations.DefaultBuildOperationRunner] Build operation 'Resolve dependencies of :detachedConfiguration111' started
2026-08-21T16:48:36.532-0300 [DEBUG] [org.gradle.api.internal.artifacts.ivyservice.modulecache.ResolvedArtifactCaches] Reusing in-memory cache for repo 'MavenRepo' [26c913274550a0b2221f47a0fe2d2358].
2026-08-21T16:48:36.532-0300 [DEBUG] [io.spring.gradle.dependencymanagement.internal.VersionConfiguringAction] Processing requested dependency 'org.projectlombok:lombok:' with target 'org.projectlombok:lombok:
2026-08-21T16:48:36.532-0300 [DEBUG] [io.spring.gradle.dependencymanagement.internal.DependencyManagementContainer] Found managed version '1.18.46' for dependency 'org.projectlombok:lombok' in global dependency management
2026-08-21T16:48:36.532-0300 [DEBUG] [io.spring.gradle.dependencymanagement.internal.VersionConfiguringAction] Using version '1.18.46' for dependency 'org.projectlombok:lombok:'
2026-08-21T16:48:36.532-0300 [DEBUG] [io.spring.gradle.dependencymanagement.internal.VersionConfiguringAction] Processing requested dependency 'org.springframework.boot:spring-boot-starter:' with target 'org.springframework.boot:spring-boot-starter:
2026-08-21T16:48:36.532-0300 [DEBUG] [io.spring.gradle.dependencymanagement.internal.DependencyManagementContainer] Found managed version '4.1.0' for dependency 'org.springframework.boot:spring-boot-starter' in global dependency management
2026-08-21T16:48:36.532-0300 [DEBUG] [io.spring.gradle.dependencymanagement.internal.VersionConfiguringAction] Using version '4.1.0' for dependency 'org.springframework.boot:spring-boot-starter:'
2026-08-21T16:48:36.532-0300 [DEBUG] [io.spring.gradle.dependencymanagement.internal.VersionConfiguringAction] Processing requested dependency 'org.springframework.boot:spring-boot-starter-web:' with target 'org.springframework.boot:spring-boot-starter-web:
2026-08-21T16:48:36.532-0300 [DEBUG] [io.spring.gradle.dependencymanagement.internal.DependencyManagementContainer] Found managed version '4.1.0' for dependency 'org.springframework.boot:spring-boot-starter-web' in global dependency management
2026-08-21T16:48:36.532-0300 [DEBUG] [io.spring.gradle.dependencymanagement.internal.VersionConfiguringAction] Using version '4.1.0' for dependency 'org.springframework.boot:spring-boot-starter-web:'
2026-08-21T16:48:36.532-0300 [DEBUG] [io.spring.gradle.dependencymanagement.internal.VersionConfiguringAction] Processing requested dependency 'org.springframework.boot:spring-boot-starter-data-jpa:' with target 'org.springframework.boot:spring-boot-starter-data-jpa:
2026-08-21T16:48:36.532-0300 [DEBUG] [io.spring.gradle.dependencymanagement.internal.DependencyManagementContainer] Found managed version '4.1.0' for dependency 'org.springframework.boot:spring-boot-starter-data-jpa' in global dependency management
2026-08-21T16:48:36.532-0300 [DEBUG] [io.spring.gradle.dependencymanagement.internal.VersionConfiguringAction] Using version '4.1.0' for dependency 'org.springframework.boot:spring-boot-starter-data-jpa:'
2026-08-21T16:48:36.532-0300 [DEBUG] [io.spring.gradle.dependencymanagement.internal.VersionConfiguringAction] Processing requested dependency 'org.flywaydb:flyway-core:' with target 'org.flywaydb:flyway-core:
2026-08-21T16:48:36.532-0300 [DEBUG] [io.spring.gradle.dependencymanagement.internal.DependencyManagementContainer] Found managed version '12.4.0' for dependency 'org.flywaydb:flyway-core' in global dependency management
2026-08-21T16:48:36.532-0300 [DEBUG] [io.spring.gradle.dependencymanagement.internal.VersionConfiguringAction] Using version '12.4.0' for dependency 'org.flywaydb:flyway-core:'
2026-08-21T16:48:36.532-0300 [DEBUG] [io.spring.gradle.dependencymanagement.internal.VersionConfiguringAction] Processing requested dependency 'org.springframework.boot:spring-boot-starter-data-redis:' with target 'org.springframework.boot:spring-boot-starter-data-redis:
2026-08-21T16:48:36.532-0300 [DEBUG] [io.spring.gradle.dependencymanagement.internal.DependencyManagementContainer] Found managed version '4.1.0' for dependency 'org.springframework.boot:spring-boot-starter-data-redis' in global dependency management
2026-08-21T16:48:36.532-0300 [DEBUG] [io.spring.gradle.dependencymanagement.internal.VersionConfiguringAction] Using version '4.1.0' for dependency 'org.springframework.boot:spring-boot-starter-data-redis:'
2026-08-21T16:48:36.532-0300 [DEBUG] [io.spring.gradle.dependencymanagement.internal.VersionConfiguringAction] Processing requested dependency 'me.paulschwarz:spring-dotenv-bom:5.1.0' with target 'me.paulschwarz:spring-dotenv-bom:5.1.0
2026-08-21T16:48:36.533-0300 [DEBUG] [io.spring.gradle.dependencymanagement.internal.VersionConfiguringAction] No dependency management for dependency 'me.paulschwarz:spring-dotenv-bom:5.1.0'
2026-08-21T16:48:36.533-0300 [DEBUG] [org.gradle.api.internal.artifacts.ivyservice.ivyresolve.RepositoryChainComponentMetaDataResolver] Attempting to resolve component for org.projectlombok:lombok:1.18.46 using repositories [MavenRepo]
2026-08-21T16:48:36.533-0300 [DEBUG] [org.gradle.api.internal.artifacts.ivyservice.ivyresolve.CachingModuleComponentRepository] Using cached module metadata for module 'org.projectlombok:lombok:1.18.46' in 'MavenRepo'
2026-08-21T16:48:36.533-0300 [DEBUG] [org.gradle.api.internal.artifacts.ivyservice.ivyresolve.RepositoryChainComponentMetaDataResolver] Using org.projectlombok:lombok:1.18.46 from org.gradle.api.internal.artifacts.ivyservice.ivyresolve.FilteredModuleComponentRepository@2cd54e3f
2026-08-21T16:48:36.533-0300 [DEBUG] [org.gradle.api.internal.artifacts.ivyservice.ivyresolve.RepositoryChainComponentMetaDataResolver] Attempting to resolve component for org.springframework.boot:spring-boot-starter:4.1.0 using repositories [MavenRepo]
2026-08-21T16:48:36.533-0300 [DEBUG] [org.gradle.api.internal.artifacts.ivyservice.ivyresolve.CachingModuleComponentRepository] Using cached module metadata for module 'org.springframework.boot:spring-boot-starter:4.1.0' in 'MavenRepo'
2026-08-21T16:48:36.533-0300 [DEBUG] [org.gradle.api.internal.artifacts.ivyservice.ivyresolve.RepositoryChainComponentMetaDataResolver] Using org.springframework.boot:spring-boot-starter:4.1.0 from org.gradle.api.internal.artifacts.ivyservice.ivyresolve.FilteredModuleComponentRepository@2cd54e3f
2026-08-21T16:48:36.533-0300 [DEBUG] [org.gradle.api.internal.artifacts.ivyservice.ivyresolve.RepositoryChainComponentMetaDataResolver] Attempting to resolve component for org.springframework.boot:spring-boot-starter-web:4.1.0 using repositories [MavenRepo]
2026-08-21T16:48:36.533-0300 [DEBUG] [org.gradle.api.internal.artifacts.ivyservice.ivyresolve.CachingModuleComponentRepository] Using cached module metadata for module 'org.springframework.boot:spring-boot-starter-web:4.1.0' in 'MavenRepo'
2026-08-21T16:48:36.533-0300 [DEBUG] [org.gradle.api.internal.artifacts.ivyservice.ivyresolve.RepositoryChainComponentMetaDataResolver] Using org.springframework.boot:spring-boot-starter-web:4.1.0 from org.gradle.api.internal.artifacts.ivyservice.ivyresolve.FilteredModuleComponentRepository@2cd54e3f
2026-08-21T16:48:36.533-0300 [DEBUG] [org.gradle.api.internal.artifacts.ivyservice.ivyresolve.RepositoryChainComponentMetaDataResolver] Attempting to resolve component for org.springframework.boot:spring-boot-starter-data-jpa:4.1.0 using repositories [MavenRepo]
2026-08-21T16:48:36.533-0300 [DEBUG] [org.gradle.api.internal.artifacts.ivyservice.ivyresolve.CachingModuleComponentRepository] Using cached module metadata for module 'org.springframework.boot:spring-boot-starter-data-jpa:4.1.0' in 'MavenRepo'
2026-08-21T16:48:36.533-0300 [DEBUG] [org.gradle.api.internal.artifacts.ivyservice.ivyresolve.RepositoryChainComponentMetaDataResolver] Using org.springframework.boot:spring-boot-starter-data-jpa:4.1.0 from org.gradle.api.internal.artifacts.ivyservice.ivyresolve.FilteredModuleComponentRepository@2cd54e3f
2026-08-21T16:48:36.533-0300 [DEBUG] [org.gradle.api.internal.artifacts.ivyservice.ivyresolve.RepositoryChainComponentMetaDataResolver] Attempting to resolve component for org.flywaydb:flyway-core:12.4.0 using repositories [MavenRepo]
2026-08-21T16:48:36.533-0300 [DEBUG] [org.gradle.api.internal.artifacts.ivyservice.ivyresolve.CachingModuleComponentRepository] Using cached module metadata for module 'org.flywaydb:flyway-core:12.4.0' in 'MavenRepo'
2026-08-21T16:48:36.533-0300 [DEBUG] [org.gradle.api.internal.artifacts.ivyservice.ivyresolve.RepositoryChainComponentMetaDataResolver] Using org.flywaydb:flyway-core:12.4.0 from org.gradle.api.internal.artifacts.ivyservice.ivyresolve.FilteredModuleComponentRepository@2cd54e3f
2026-08-21T16:48:36.533-0300 [DEBUG] [org.gradle.api.internal.artifacts.ivyservice.ivyresolve.RepositoryChainComponentMetaDataResolver] Attempting to resolve component for org.springframework.boot:spring-boot-starter-data-redis:4.1.0 using repositories [MavenRepo]
2026-08-21T16:48:36.533-0300 [DEBUG] [org.gradle.api.internal.artifacts.ivyservice.ivyresolve.CachingModuleComponentRepository] Using cached module metadata for module 'org.springframework.boot:spring-boot-starter-data-redis:4.1.0' in 'MavenRepo'
2026-08-21T16:48:36.533-0300 [DEBUG] [org.gradle.api.internal.artifacts.ivyservice.ivyresolve.RepositoryChainComponentMetaDataResolver] Using org.springframework.boot:spring-boot-starter-data-redis:4.1.0 from org.gradle.api.internal.artifacts.ivyservice.ivyresolve.FilteredModuleComponentRepository@2cd54e3f
2026-08-21T16:48:36.533-0300 [DEBUG] [org.gradle.api.internal.artifacts.ivyservice.ivyresolve.RepositoryChainComponentMetaDataResolver] Attempting to resolve component for me.paulschwarz:spring-dotenv-bom:5.1.0 using repositories [MavenRepo]
2026-08-21T16:48:36.533-0300 [DEBUG] [org.gradle.api.internal.artifacts.ivyservice.ivyresolve.CachingModuleComponentRepository] Using cached module metadata for module 'me.paulschwarz:spring-dotenv-bom:5.1.0' in 'MavenRepo'
2026-08-21T16:48:36.533-0300 [DEBUG] [org.gradle.api.internal.artifacts.ivyservice.ivyresolve.RepositoryChainComponentMetaDataResolver] Using me.paulschwarz:spring-dotenv-bom:5.1.0 from org.gradle.api.internal.artifacts.ivyservice.ivyresolve.FilteredModuleComponentRepository@2cd54e3f
2026-08-21T16:48:36.533-0300 [DEBUG] [io.spring.gradle.dependencymanagement.internal.VersionConfiguringAction] Processing requested dependency 'me.paulschwarz:spring-dotenv:5.1.0' with target 'me.paulschwarz:spring-dotenv:5.1.0
2026-08-21T16:48:36.533-0300 [DEBUG] [io.spring.gradle.dependencymanagement.internal.VersionConfiguringAction] No dependency management for dependency 'me.paulschwarz:spring-dotenv:5.1.0'
2026-08-21T16:48:36.533-0300 [DEBUG] [io.spring.gradle.dependencymanagement.internal.VersionConfiguringAction] Processing requested dependency 'me.paulschwarz:springboot3-dotenv:5.1.0' with target 'me.paulschwarz:springboot3-dotenv:5.1.0
2026-08-21T16:48:36.533-0300 [DEBUG] [io.spring.gradle.dependencymanagement.internal.VersionConfiguringAction] No dependency management for dependency 'me.paulschwarz:springboot3-dotenv:5.1.0'
2026-08-21T16:48:36.533-0300 [DEBUG] [io.spring.gradle.dependencymanagement.internal.VersionConfiguringAction] Processing requested dependency 'me.paulschwarz:springboot4-dotenv:5.1.0' with target 'me.paulschwarz:springboot4-dotenv:5.1.0
2026-08-21T16:48:36.533-0300 [DEBUG] [io.spring.gradle.dependencymanagement.internal.VersionConfiguringAction] No dependency management for dependency 'me.paulschwarz:springboot4-dotenv:5.1.0'
2026-08-21T16:48:36.533-0300 [DEBUG] [io.spring.gradle.dependencymanagement.internal.VersionConfiguringAction] Processing requested dependency 'org.springframework.boot:spring-boot-starter-logging:4.1.0' with target 'org.springframework.boot:spring-boot-starter-logging:4.1.0
2026-08-21T16:48:36.533-0300 [DEBUG] [io.spring.gradle.dependencymanagement.internal.DependencyManagementContainer] Found managed version '4.1.0' for dependency 'org.springframework.boot:spring-boot-starter-logging' in global dependency management
2026-08-21T16:48:36.533-0300 [DEBUG] [io.spring.gradle.dependencymanagement.internal.VersionConfiguringAction] Using version '4.1.0' for dependency 'org.springframework.boot:spring-boot-starter-logging:4.1.0'
2026-08-21T16:48:36.533-0300 [DEBUG] [io.spring.gradle.dependencymanagement.internal.VersionConfiguringAction] Processing requested dependency 'org.springframework.boot:spring-boot-autoconfigure:4.1.0' with target 'org.springframework.boot:spring-boot-autoconfigure:4.1.0
2026-08-21T16:48:36.533-0300 [DEBUG] [io.spring.gradle.dependencymanagement.internal.DependencyManagementContainer] Found managed version '4.1.0' for dependency 'org.springframework.boot:spring-boot-autoconfigure' in global dependency management
2026-08-21T16:48:36.533-0300 [DEBUG] [io.spring.gradle.dependencymanagement.internal.VersionConfiguringAction] Using version '4.1.0' for dependency 'org.springframework.boot:spring-boot-autoconfigure:4.1.0'
2026-08-21T16:48:36.533-0300 [DEBUG] [io.spring.gradle.dependencymanagement.internal.VersionConfiguringAction] Processing requested dependency 'jakarta.annotation:jakarta.annotation-api:3.0.0' with target 'jakarta.annotation:jakarta.annotation-api:3.0.0
2026-08-21T16:48:36.533-0300 [DEBUG] [io.spring.gradle.dependencymanagement.internal.DependencyManagementContainer] Found managed version '3.0.0' for dependency 'jakarta.annotation:jakarta.annotation-api' in global dependency management
2026-08-21T16:48:36.533-0300 [DEBUG] [io.spring.gradle.dependencymanagement.internal.VersionConfiguringAction] Using version '3.0.0' for dependency 'jakarta.annotation:jakarta.annotation-api:3.0.0'
2026-08-21T16:48:36.534-0300 [DEBUG] [io.spring.gradle.dependencymanagement.internal.VersionConfiguringAction] Processing requested dependency 'org.yaml:snakeyaml:2.6' with target 'org.yaml:snakeyaml:2.6
2026-08-21T16:48:36.534-0300 [DEBUG] [io.spring.gradle.dependencymanagement.internal.DependencyManagementContainer] Found managed version '2.6' for dependency 'org.yaml:snakeyaml' in global dependency management
2026-08-21T16:48:36.534-0300 [DEBUG] [io.spring.gradle.dependencymanagement.internal.VersionConfiguringAction] Using version '2.6' for dependency 'org.yaml:snakeyaml:2.6'
2026-08-21T16:48:36.534-0300 [DEBUG] [org.gradle.api.internal.artifacts.ivyservice.ivyresolve.RepositoryChainComponentMetaDataResolver] Attempting to resolve component for org.springframework.boot:spring-boot-starter-logging:4.1.0 using repositories [MavenRepo]
2026-08-21T16:48:36.534-0300 [DEBUG] [org.gradle.api.internal.artifacts.ivyservice.ivyresolve.CachingModuleComponentRepository] Using cached module metadata for module 'org.springframework.boot:spring-boot-starter-logging:4.1.0' in 'MavenRepo'
2026-08-21T16:48:36.534-0300 [DEBUG] [org.gradle.api.internal.artifacts.ivyservice.ivyresolve.RepositoryChainComponentMetaDataResolver] Using org.springframework.boot:spring-boot-starter-logging:4.1.0 from org.gradle.api.internal.artifacts.ivyservice.ivyresolve.FilteredModuleComponentRepository@2cd54e3f
2026-08-21T16:48:36.534-0300 [DEBUG] [org.gradle.api.internal.artifacts.ivyservice.ivyresolve.RepositoryChainComponentMetaDataResolver] Attempting to resolve component for org.springframework.boot:spring-boot-autoconfigure:4.1.0 using repositories [MavenRepo]
2026-08-21T16:48:36.534-0300 [DEBUG] [org.gradle.api.internal.artifacts.ivyservice.ivyresolve.CachingModuleComponentRepository] Using cached module metadata for module 'org.springframework.boot:spring-boot-autoconfigure:4.1.0' in 'MavenRepo'
2026-08-21T16:48:36.534-0300 [DEBUG] [org.gradle.api.internal.artifacts.ivyservice.ivyresolve.RepositoryChainComponentMetaDataResolver] Using org.springframework.boot:spring-boot-autoconfigure:4.1.0 from org.gradle.api.internal.artifacts.ivyservice.ivyresolve.FilteredModuleComponentRepository@2cd54e3f
2026-08-21T16:48:36.534-0300 [DEBUG] [org.gradle.api.internal.artifacts.ivyservice.ivyresolve.RepositoryChainComponentMetaDataResolver] Attempting to resolve component for jakarta.annotation:jakarta.annotation-api:3.0.0 using repositories [MavenRepo]
2026-08-21T16:48:36.534-0300 [DEBUG] [org.gradle.api.internal.artifacts.ivyservice.ivyresolve.CachingModuleComponentRepository] Using cached module metadata for module 'jakarta.annotation:jakarta.annotation-api:3.0.0' in 'MavenRepo'
2026-08-21T16:48:36.534-0300 [DEBUG] [org.gradle.api.internal.artifacts.ivyservice.ivyresolve.RepositoryChainComponentMetaDataResolver] Using jakarta.annotation:jakarta.annotation-api:3.0.0 from org.gradle.api.internal.artifacts.ivyservice.ivyresolve.FilteredModuleComponentRepository@2cd54e3f
2026-08-21T16:48:36.534-0300 [DEBUG] [org.gradle.api.internal.artifacts.ivyservice.ivyresolve.RepositoryChainComponentMetaDataResolver] Attempting to resolve component for org.yaml:snakeyaml:2.6 using repositories [MavenRepo]
2026-08-21T16:48:36.534-0300 [DEBUG] [org.gradle.api.internal.artifacts.ivyservice.ivyresolve.CachingModuleComponentRepository] Using cached module metadata for module 'org.yaml:snakeyaml:2.6' in 'MavenRepo'
2026-08-21T16:48:36.534-0300 [DEBUG] [org.gradle.api.internal.artifacts.ivyservice.ivyresolve.RepositoryChainComponentMetaDataResolver] Using org.yaml:snakeyaml:2.6 from org.gradle.api.internal.artifacts.ivyservice.ivyresolve.FilteredModuleComponentRepository@2cd54e3f
2026-08-21T16:48:36.534-0300 [DEBUG] [io.spring.gradle.dependencymanagement.internal.VersionConfiguringAction] Processing requested dependency 'org.springframework.boot:spring-boot-starter-jackson:4.1.0' with target 'org.springframework.boot:spring-boot-starter-jackson:4.1.0
2026-08-21T16:48:36.534-0300 [DEBUG] [io.spring.gradle.dependencymanagement.internal.DependencyManagementContainer] Found managed version '4.1.0' for dependency 'org.springframework.boot:spring-boot-starter-jackson' in global dependency management
2026-08-21T16:48:36.534-0300 [DEBUG] [io.spring.gradle.dependencymanagement.internal.VersionConfiguringAction] Using version '4.1.0' for dependency 'org.springframework.boot:spring-boot-starter-jackson:4.1.0'
2026-08-21T16:48:36.534-0300 [DEBUG] [io.spring.gradle.dependencymanagement.internal.VersionConfiguringAction] Processing requested dependency 'org.springframework.boot:spring-boot-starter-tomcat:4.1.0' with target 'org.springframework.boot:spring-boot-starter-tomcat:4.1.0
2026-08-21T16:48:36.534-0300 [DEBUG] [io.spring.gradle.dependencymanagement.internal.DependencyManagementContainer] Found managed version '4.1.0' for dependency 'org.springframework.boot:spring-boot-starter-tomcat' in global dependency management
2026-08-21T16:48:36.534-0300 [DEBUG] [io.spring.gradle.dependencymanagement.internal.VersionConfiguringAction] Using version '4.1.0' for dependency 'org.springframework.boot:spring-boot-starter-tomcat:4.1.0'
2026-08-21T16:48:36.534-0300 [DEBUG] [io.spring.gradle.dependencymanagement.internal.VersionConfiguringAction] Processing requested dependency 'org.springframework.boot:spring-boot-http-converter:4.1.0' with target 'org.springframework.boot:spring-boot-http-converter:4.1.0
2026-08-21T16:48:36.534-0300 [DEBUG] [io.spring.gradle.dependencymanagement.internal.DependencyManagementContainer] Found managed version '4.1.0' for dependency 'org.springframework.boot:spring-boot-http-converter' in global dependency management
2026-08-21T16:48:36.534-0300 [DEBUG] [io.spring.gradle.dependencymanagement.internal.VersionConfiguringAction] Using version '4.1.0' for dependency 'org.springframework.boot:spring-boot-http-converter:4.1.0'
2026-08-21T16:48:36.534-0300 [DEBUG] [io.spring.gradle.dependencymanagement.internal.VersionConfiguringAction] Processing requested dependency 'org.springframework.boot:spring-boot-webmvc:4.1.0' with target 'org.springframework.boot:spring-boot-webmvc:4.1.0
2026-08-21T16:48:36.534-0300 [DEBUG] [io.spring.gradle.dependencymanagement.internal.DependencyManagementContainer] Found managed version '4.1.0' for dependency 'org.springframework.boot:spring-boot-webmvc' in global dependency management
2026-08-21T16:48:36.534-0300 [DEBUG] [io.spring.gradle.dependencymanagement.internal.VersionConfiguringAction] Using version '4.1.0' for dependency 'org.springframework.boot:spring-boot-webmvc:4.1.0'
2026-08-21T16:48:36.534-0300 [DEBUG] [org.gradle.api.internal.artifacts.ivyservice.ivyresolve.RepositoryChainComponentMetaDataResolver] Attempting to resolve component for org.springframework.boot:spring-boot-starter-jackson:4.1.0 using repositories [MavenRepo]
2026-08-21T16:48:36.534-0300 [DEBUG] [org.gradle.api.internal.artifacts.ivyservice.ivyresolve.CachingModuleComponentRepository] Using cached module metadata for module 'org.springframework.boot:spring-boot-starter-jackson:4.1.0' in 'MavenRepo'
2026-08-21T16:48:36.534-0300 [DEBUG] [org.gradle.api.internal.artifacts.ivyservice.ivyresolve.RepositoryChainComponentMetaDataResolver] Using org.springframework.boot:spring-boot-starter-jackson:4.1.0 from org.gradle.api.internal.artifacts.ivyservice.ivyresolve.FilteredModuleComponentRepository@2cd54e3f
2026-08-21T16:48:36.535-0300 [DEBUG] [org.gradle.api.internal.artifacts.ivyservice.ivyresolve.RepositoryChainComponentMetaDataResolver] Attempting to resolve component for org.springframework.boot:spring-boot-starter-tomcat:4.1.0 using repositories [MavenRepo]
2026-08-21T16:48:36.535-0300 [DEBUG] [org.gradle.api.internal.artifacts.ivyservice.ivyresolve.CachingModuleComponentRepository] Using cached module metadata for module 'org.springframework.boot:spring-boot-starter-tomcat:4.1.0' in 'MavenRepo'
2026-08-21T16:48:36.535-0300 [DEBUG] [org.gradle.api.internal.artifacts.ivyservice.ivyresolve.RepositoryChainComponentMetaDataResolver] Using org.springframework.boot:spring-boot-starter-tomcat:4.1.0 from org.gradle.api.internal.artifacts.ivyservice.ivyresolve.FilteredModuleComponentRepository@2cd54e3f
2026-08-21T16:48:36.535-0300 [DEBUG] [org.gradle.api.internal.artifacts.ivyservice.ivyresolve.RepositoryChainComponentMetaDataResolver] Attempting to resolve component for org.springframework.boot:spring-boot-http-converter:4.1.0 using repositories [MavenRepo]
2026-08-21T16:48:36.535-0300 [DEBUG] [org.gradle.api.internal.artifacts.ivyservice.ivyresolve.CachingModuleComponentRepository] Using cached module metadata for module 'org.springframework.boot:spring-boot-http-converter:4.1.0' in 'MavenRepo'
2026-08-21T16:48:36.535-0300 [DEBUG] [org.gradle.api.internal.artifacts.ivyservice.ivyresolve.RepositoryChainComponentMetaDataResolver] Using org.springframework.boot:spring-boot-http-converter:4.1.0 from org.gradle.api.internal.artifacts.ivyservice.ivyresolve.FilteredModuleComponentRepository@2cd54e3f
2026-08-21T16:48:36.535-0300 [DEBUG] [org.gradle.api.internal.artifacts.ivyservice.ivyresolve.RepositoryChainComponentMetaDataResolver] Attempting to resolve component for org.springframework.boot:spring-boot-webmvc:4.1.0 using repositories [MavenRepo]
2026-08-21T16:48:36.535-0300 [DEBUG] [org.gradle.api.internal.artifacts.ivyservice.ivyresolve.CachingModuleComponentRepository] Using cached module metadata for module 'org.springframework.boot:spring-boot-webmvc:4.1.0' in 'MavenRepo'
2026-08-21T16:48:36.535-0300 [DEBUG] [org.gradle.api.internal.artifacts.ivyservice.ivyresolve.RepositoryChainComponentMetaDataResolver] Using org.springframework.boot:spring-boot-webmvc:4.1.0 from org.gradle.api.internal.artifacts.ivyservice.ivyresolve.FilteredModuleComponentRepository@2cd54e3f
2026-08-21T16:48:36.535-0300 [DEBUG] [io.spring.gradle.dependencymanagement.internal.VersionConfiguringAction] Processing requested dependency 'org.springframework.boot:spring-boot-starter:4.1.0' with target 'org.springframework.boot:spring-boot-starter:4.1.0
2026-08-21T16:48:36.535-0300 [DEBUG] [io.spring.gradle.dependencymanagement.internal.DependencyManagementContainer] Found managed version '4.1.0' for dependency 'org.springframework.boot:spring-boot-starter' in global dependency management
2026-08-21T16:48:36.535-0300 [DEBUG] [io.spring.gradle.dependencymanagement.internal.VersionConfiguringAction] Using version '4.1.0' for dependency 'org.springframework.boot:spring-boot-starter:4.1.0'
2026-08-21T16:48:36.535-0300 [DEBUG] [io.spring.gradle.dependencymanagement.internal.VersionConfiguringAction] Processing requested dependency 'org.springframework.boot:spring-boot-starter-jdbc:4.1.0' with target 'org.springframework.boot:spring-boot-starter-jdbc:4.1.0
2026-08-21T16:48:36.535-0300 [DEBUG] [io.spring.gradle.dependencymanagement.internal.DependencyManagementContainer] Found managed version '4.1.0' for dependency 'org.springframework.boot:spring-boot-starter-jdbc' in global dependency management
2026-08-21T16:48:36.535-0300 [DEBUG] [io.spring.gradle.dependencymanagement.internal.VersionConfiguringAction] Using version '4.1.0' for dependency 'org.springframework.boot:spring-boot-starter-jdbc:4.1.0'
2026-08-21T16:48:36.535-0300 [DEBUG] [io.spring.gradle.dependencymanagement.internal.VersionConfiguringAction] Processing requested dependency 'org.springframework.boot:spring-boot-data-jpa:4.1.0' with target 'org.springframework.boot:spring-boot-data-jpa:4.1.0
2026-08-21T16:48:36.535-0300 [DEBUG] [io.spring.gradle.dependencymanagement.internal.DependencyManagementContainer] Found managed version '4.1.0' for dependency 'org.springframework.boot:spring-boot-data-jpa' in global dependency management
2026-08-21T16:48:36.535-0300 [DEBUG] [io.spring.gradle.dependencymanagement.internal.VersionConfiguringAction] Using version '4.1.0' for dependency 'org.springframework.boot:spring-boot-data-jpa:4.1.0'
2026-08-21T16:48:36.535-0300 [DEBUG] [io.spring.gradle.dependencymanagement.internal.VersionConfiguringAction] Processing requested dependency 'org.springframework.boot:spring-boot-jdbc:4.1.0' with target 'org.springframework.boot:spring-boot-jdbc:4.1.0
2026-08-21T16:48:36.535-0300 [DEBUG] [io.spring.gradle.dependencymanagement.internal.DependencyManagementContainer] Found managed version '4.1.0' for dependency 'org.springframework.boot:spring-boot-jdbc' in global dependency management
2026-08-21T16:48:36.535-0300 [DEBUG] [io.spring.gradle.dependencymanagement.internal.VersionConfiguringAction] Using version '4.1.0' for dependency 'org.springframework.boot:spring-boot-jdbc:4.1.0'
2026-08-21T16:48:36.535-0300 [DEBUG] [org.gradle.api.internal.artifacts.ivyservice.ivyresolve.RepositoryChainComponentMetaDataResolver] Attempting to resolve component for org.springframework.boot:spring-boot-starter-jdbc:4.1.0 using repositories [MavenRepo]
2026-08-21T16:48:36.535-0300 [DEBUG] [org.gradle.api.internal.artifacts.ivyservice.ivyresolve.CachingModuleComponentRepository] Using cached module metadata for module 'org.springframework.boot:spring-boot-starter-jdbc:4.1.0' in 'MavenRepo'
2026-08-21T16:48:36.535-0300 [DEBUG] [org.gradle.api.internal.artifacts.ivyservice.ivyresolve.RepositoryChainComponentMetaDataResolver] Using org.springframework.boot:spring-boot-starter-jdbc:4.1.0 from org.gradle.api.internal.artifacts.ivyservice.ivyresolve.FilteredModuleComponentRepository@2cd54e3f
2026-08-21T16:48:36.535-0300 [DEBUG] [org.gradle.api.internal.artifacts.ivyservice.ivyresolve.RepositoryChainComponentMetaDataResolver] Attempting to resolve component for org.springframework.boot:spring-boot-data-jpa:4.1.0 using repositories [MavenRepo]
2026-08-21T16:48:36.535-0300 [DEBUG] [org.gradle.api.internal.artifacts.ivyservice.ivyresolve.CachingModuleComponentRepository] Using cached module metadata for module 'org.springframework.boot:spring-boot-data-jpa:4.1.0' in 'MavenRepo'
2026-08-21T16:48:36.535-0300 [DEBUG] [org.gradle.api.internal.artifacts.ivyservice.ivyresolve.RepositoryChainComponentMetaDataResolver] Using org.springframework.boot:spring-boot-data-jpa:4.1.0 from org.gradle.api.internal.artifacts.ivyservice.ivyresolve.FilteredModuleComponentRepository@2cd54e3f
2026-08-21T16:48:36.535-0300 [DEBUG] [org.gradle.api.internal.artifacts.ivyservice.ivyresolve.RepositoryChainComponentMetaDataResolver] Attempting to resolve component for org.springframework.boot:spring-boot-jdbc:4.1.0 using repositories [MavenRepo]
2026-08-21T16:48:36.535-0300 [DEBUG] [org.gradle.api.internal.artifacts.ivyservice.ivyresolve.CachingModuleComponentRepository] Using cached module metadata for module 'org.springframework.boot:spring-boot-jdbc:4.1.0' in 'MavenRepo'
2026-08-21T16:48:36.535-0300 [DEBUG] [org.gradle.api.internal.artifacts.ivyservice.ivyresolve.RepositoryChainComponentMetaDataResolver] Using org.springframework.boot:spring-boot-jdbc:4.1.0 from org.gradle.api.internal.artifacts.ivyservice.ivyresolve.FilteredModuleComponentRepository@2cd54e3f
2026-08-21T16:48:36.535-0300 [DEBUG] [io.spring.gradle.dependencymanagement.internal.VersionConfiguringAction] Processing requested dependency 'tools.jackson.core:jackson-databind:3.1.1' with target 'tools.jackson.core:jackson-databind:3.1.1
2026-08-21T16:48:36.535-0300 [DEBUG] [io.spring.gradle.dependencymanagement.internal.DependencyManagementContainer] Found managed version '3.1.4' for dependency 'tools.jackson.core:jackson-databind' in global dependency management
2026-08-21T16:48:36.535-0300 [DEBUG] [io.spring.gradle.dependencymanagement.internal.VersionConfiguringAction] Using version '3.1.4' for dependency 'tools.jackson.core:jackson-databind:3.1.1'
2026-08-21T16:48:36.535-0300 [DEBUG] [org.gradle.api.internal.artifacts.ivyservice.ivyresolve.RepositoryChainComponentMetaDataResolver] Attempting to resolve component for tools.jackson.core:jackson-databind:3.1.4 using repositories [MavenRepo]
2026-08-21T16:48:36.535-0300 [DEBUG] [org.gradle.api.internal.artifacts.ivyservice.ivyresolve.CachingModuleComponentRepository] Using cached module metadata for module 'tools.jackson.core:jackson-databind:3.1.4' in 'MavenRepo'
2026-08-21T16:48:36.535-0300 [DEBUG] [org.gradle.api.internal.artifacts.ivyservice.ivyresolve.RepositoryChainComponentMetaDataResolver] Using tools.jackson.core:jackson-databind:3.1.4 from org.gradle.api.internal.artifacts.ivyservice.ivyresolve.FilteredModuleComponentRepository@2cd54e3f
2026-08-21T16:48:36.535-0300 [DEBUG] [io.spring.gradle.dependencymanagement.internal.VersionConfiguringAction] Processing requested dependency 'org.springframework.boot:spring-boot-data-redis:4.1.0' with target 'org.springframework.boot:spring-boot-data-redis:4.1.0
2026-08-21T16:48:36.535-0300 [DEBUG] [io.spring.gradle.dependencymanagement.internal.DependencyManagementContainer] Found managed version '4.1.0' for dependency 'org.springframework.boot:spring-boot-data-redis' in global dependency management
2026-08-21T16:48:36.536-0300 [DEBUG] [io.spring.gradle.dependencymanagement.internal.VersionConfiguringAction] Using version '4.1.0' for dependency 'org.springframework.boot:spring-boot-data-redis:4.1.0'
2026-08-21T16:48:36.536-0300 [DEBUG] [io.spring.gradle.dependencymanagement.internal.VersionConfiguringAction] Processing requested dependency 'org.springframework:spring-messaging:7.0.8' with target 'org.springframework:spring-messaging:7.0.8
2026-08-21T16:48:36.536-0300 [DEBUG] [io.spring.gradle.dependencymanagement.internal.DependencyManagementContainer] Found managed version '7.0.8' for dependency 'org.springframework:spring-messaging' in global dependency management
2026-08-21T16:48:36.536-0300 [DEBUG] [io.spring.gradle.dependencymanagement.internal.VersionConfiguringAction] Using version '7.0.8' for dependency 'org.springframework:spring-messaging:7.0.8'
2026-08-21T16:48:36.536-0300 [DEBUG] [org.gradle.api.internal.artifacts.ivyservice.ivyresolve.RepositoryChainComponentMetaDataResolver] Attempting to resolve component for org.springframework.boot:spring-boot-data-redis:4.1.0 using repositories [MavenRepo]
2026-08-21T16:48:36.536-0300 [DEBUG] [org.gradle.api.internal.artifacts.ivyservice.ivyresolve.CachingModuleComponentRepository] Using cached module metadata for module 'org.springframework.boot:spring-boot-data-redis:4.1.0' in 'MavenRepo'
2026-08-21T16:48:36.536-0300 [DEBUG] [org.gradle.api.internal.artifacts.ivyservice.ivyresolve.RepositoryChainComponentMetaDataResolver] Using org.springframework.boot:spring-boot-data-redis:4.1.0 from org.gradle.api.internal.artifacts.ivyservice.ivyresolve.FilteredModuleComponentRepository@2cd54e3f
2026-08-21T16:48:36.536-0300 [DEBUG] [org.gradle.api.internal.artifacts.ivyservice.ivyresolve.RepositoryChainComponentMetaDataResolver] Attempting to resolve component for org.springframework:spring-messaging:7.0.8 using repositories [MavenRepo]
2026-08-21T16:48:36.536-0300 [DEBUG] [org.gradle.api.internal.artifacts.ivyservice.ivyresolve.CachingModuleComponentRepository] Using cached module metadata for module 'org.springframework:spring-messaging:7.0.8' in 'MavenRepo'
2026-08-21T16:48:36.536-0300 [DEBUG] [org.gradle.api.internal.artifacts.ivyservice.ivyresolve.RepositoryChainComponentMetaDataResolver] Using org.springframework:spring-messaging:7.0.8 from org.gradle.api.internal.artifacts.ivyservice.ivyresolve.FilteredModuleComponentRepository@2cd54e3f
2026-08-21T16:48:36.536-0300 [DEBUG] [io.spring.gradle.dependencymanagement.internal.VersionConfiguringAction] Processing requested dependency 'ch.qos.logback:logback-classic:1.5.34' with target 'ch.qos.logback:logback-classic:1.5.34
2026-08-21T16:48:36.536-0300 [DEBUG] [io.spring.gradle.dependencymanagement.internal.DependencyManagementContainer] Found managed version '1.5.34' for dependency 'ch.qos.logback:logback-classic' in global dependency management
2026-08-21T16:48:36.536-0300 [DEBUG] [io.spring.gradle.dependencymanagement.internal.VersionConfiguringAction] Using version '1.5.34' for dependency 'ch.qos.logback:logback-classic:1.5.34'
2026-08-21T16:48:36.536-0300 [DEBUG] [io.spring.gradle.dependencymanagement.internal.VersionConfiguringAction] Processing requested dependency 'org.apache.logging.log4j:log4j-to-slf4j:2.25.4' with target 'org.apache.logging.log4j:log4j-to-slf4j:2.25.4
2026-08-21T16:48:36.536-0300 [DEBUG] [io.spring.gradle.dependencymanagement.internal.DependencyManagementContainer] Found managed version '2.25.4' for dependency 'org.apache.logging.log4j:log4j-to-slf4j' in global dependency management
2026-08-21T16:48:36.536-0300 [DEBUG] [io.spring.gradle.dependencymanagement.internal.VersionConfiguringAction] Using version '2.25.4' for dependency 'org.apache.logging.log4j:log4j-to-slf4j:2.25.4'
2026-08-21T16:48:36.536-0300 [DEBUG] [io.spring.gradle.dependencymanagement.internal.VersionConfiguringAction] Processing requested dependency 'org.slf4j:jul-to-slf4j:2.0.18' with target 'org.slf4j:jul-to-slf4j:2.0.18
2026-08-21T16:48:36.536-0300 [DEBUG] [io.spring.gradle.dependencymanagement.internal.DependencyManagementContainer] Found managed version '2.0.18' for dependency 'org.slf4j:jul-to-slf4j' in global dependency management
2026-08-21T16:48:36.536-0300 [DEBUG] [io.spring.gradle.dependencymanagement.internal.VersionConfiguringAction] Using version '2.0.18' for dependency 'org.slf4j:jul-to-slf4j:2.0.18'
2026-08-21T16:48:36.536-0300 [DEBUG] [org.gradle.api.internal.artifacts.ivyservice.ivyresolve.RepositoryChainComponentMetaDataResolver] Attempting to resolve component for ch.qos.logback:logback-classic:1.5.34 using repositories [MavenRepo]
2026-08-21T16:48:36.536-0300 [DEBUG] [org.gradle.api.internal.artifacts.ivyservice.ivyresolve.CachingModuleComponentRepository] Using cached module metadata for module 'ch.qos.logback:logback-classic:1.5.34' in 'MavenRepo'
2026-08-21T16:48:36.536-0300 [DEBUG] [org.gradle.api.internal.artifacts.ivyservice.ivyresolve.RepositoryChainComponentMetaDataResolver] Using ch.qos.logback:logback-classic:1.5.34 from org.gradle.api.internal.artifacts.ivyservice.ivyresolve.FilteredModuleComponentRepository@2cd54e3f
2026-08-21T16:48:36.536-0300 [DEBUG] [org.gradle.api.internal.artifacts.ivyservice.ivyresolve.RepositoryChainComponentMetaDataResolver] Attempting to resolve component for org.apache.logging.log4j:log4j-to-slf4j:2.25.4 using repositories [MavenRepo]
2026-08-21T16:48:36.536-0300 [DEBUG] [org.gradle.api.internal.artifacts.ivyservice.ivyresolve.CachingModuleComponentRepository] Using cached module metadata for module 'org.apache.logging.log4j:log4j-to-slf4j:2.25.4' in 'MavenRepo'
2026-08-21T16:48:36.536-0300 [DEBUG] [org.gradle.api.internal.artifacts.ivyservice.ivyresolve.RepositoryChainComponentMetaDataResolver] Using org.apache.logging.log4j:log4j-to-slf4j:2.25.4 from org.gradle.api.internal.artifacts.ivyservice.ivyresolve.FilteredModuleComponentRepository@2cd54e3f
2026-08-21T16:48:36.536-0300 [DEBUG] [org.gradle.api.internal.artifacts.ivyservice.ivyresolve.RepositoryChainComponentMetaDataResolver] Attempting to resolve component for org.slf4j:jul-to-slf4j:2.0.18 using repositories [MavenRepo]
2026-08-21T16:48:36.536-0300 [DEBUG] [org.gradle.api.internal.artifacts.ivyservice.ivyresolve.CachingModuleComponentRepository] Using cached module metadata for module 'org.slf4j:jul-to-slf4j:2.0.18' in 'MavenRepo'
2026-08-21T16:48:36.536-0300 [DEBUG] [org.gradle.api.internal.artifacts.ivyservice.ivyresolve.RepositoryChainComponentMetaDataResolver] Using org.slf4j:jul-to-slf4j:2.0.18 from org.gradle.api.internal.artifacts.ivyservice.ivyresolve.FilteredModuleComponentRepository@2cd54e3f
2026-08-21T16:48:36.536-0300 [DEBUG] [io.spring.gradle.dependencymanagement.internal.VersionConfiguringAction] Processing requested dependency 'org.springframework.boot:spring-boot:4.1.0' with target 'org.springframework.boot:spring-boot:4.1.0
2026-08-21T16:48:36.536-0300 [DEBUG] [io.spring.gradle.dependencymanagement.internal.DependencyManagementContainer] Found managed version '4.1.0' for dependency 'org.springframework.boot:spring-boot' in global dependency management
2026-08-21T16:48:36.536-0300 [DEBUG] [io.spring.gradle.dependencymanagement.internal.VersionConfiguringAction] Using version '4.1.0' for dependency 'org.springframework.boot:spring-boot:4.1.0'
2026-08-21T16:48:36.536-0300 [DEBUG] [org.gradle.api.internal.artifacts.ivyservice.ivyresolve.RepositoryChainComponentMetaDataResolver] Attempting to resolve component for org.springframework.boot:spring-boot:4.1.0 using repositories [MavenRepo]
2026-08-21T16:48:36.536-0300 [DEBUG] [org.gradle.api.internal.artifacts.ivyservice.ivyresolve.CachingModuleComponentRepository] Using cached module metadata for module 'org.springframework.boot:spring-boot:4.1.0' in 'MavenRepo'
2026-08-21T16:48:36.536-0300 [DEBUG] [org.gradle.api.internal.artifacts.ivyservice.ivyresolve.RepositoryChainComponentMetaDataResolver] Using org.springframework.boot:spring-boot:4.1.0 from org.gradle.api.internal.artifacts.ivyservice.ivyresolve.FilteredModuleComponentRepository@2cd54e3f
2026-08-21T16:48:36.536-0300 [DEBUG] [io.spring.gradle.dependencymanagement.internal.VersionConfiguringAction] Processing requested dependency 'org.springframework.boot:spring-boot-jackson:4.1.0' with target 'org.springframework.boot:spring-boot-jackson:4.1.0
2026-08-21T16:48:36.537-0300 [DEBUG] [io.spring.gradle.dependencymanagement.internal.DependencyManagementContainer] Found managed version '4.1.0' for dependency 'org.springframework.boot:spring-boot-jackson' in global dependency management
2026-08-21T16:48:36.537-0300 [DEBUG] [io.spring.gradle.dependencymanagement.internal.VersionConfiguringAction] Using version '4.1.0' for dependency 'org.springframework.boot:spring-boot-jackson:4.1.0'
2026-08-21T16:48:36.537-0300 [DEBUG] [org.gradle.api.internal.artifacts.ivyservice.ivyresolve.RepositoryChainComponentMetaDataResolver] Attempting to resolve component for org.springframework.boot:spring-boot-jackson:4.1.0 using repositories [MavenRepo]
2026-08-21T16:48:36.537-0300 [DEBUG] [org.gradle.api.internal.artifacts.ivyservice.ivyresolve.CachingModuleComponentRepository] Using cached module metadata for module 'org.springframework.boot:spring-boot-jackson:4.1.0' in 'MavenRepo'
2026-08-21T16:48:36.537-0300 [DEBUG] [org.gradle.api.internal.artifacts.ivyservice.ivyresolve.RepositoryChainComponentMetaDataResolver] Using org.springframework.boot:spring-boot-jackson:4.1.0 from org.gradle.api.internal.artifacts.ivyservice.ivyresolve.FilteredModuleComponentRepository@2cd54e3f
2026-08-21T16:48:36.537-0300 [DEBUG] [io.spring.gradle.dependencymanagement.internal.VersionConfiguringAction] Processing requested dependency 'org.springframework.boot:spring-boot-starter-tomcat-runtime:4.1.0' with target 'org.springframework.boot:spring-boot-starter-tomcat-runtime:4.1.0
2026-08-21T16:48:36.537-0300 [DEBUG] [io.spring.gradle.dependencymanagement.internal.DependencyManagementContainer] Found managed version '4.1.0' for dependency 'org.springframework.boot:spring-boot-starter-tomcat-runtime' in global dependency management
2026-08-21T16:48:36.537-0300 [DEBUG] [io.spring.gradle.dependencymanagement.internal.VersionConfiguringAction] Using version '4.1.0' for dependency 'org.springframework.boot:spring-boot-starter-tomcat-runtime:4.1.0'
2026-08-21T16:48:36.537-0300 [DEBUG] [io.spring.gradle.dependencymanagement.internal.VersionConfiguringAction] Processing requested dependency 'org.springframework.boot:spring-boot-tomcat:4.1.0' with target 'org.springframework.boot:spring-boot-tomcat:4.1.0
2026-08-21T16:48:36.537-0300 [DEBUG] [io.spring.gradle.dependencymanagement.internal.DependencyManagementContainer] Found managed version '4.1.0' for dependency 'org.springframework.boot:spring-boot-tomcat' in global dependency management
2026-08-21T16:48:36.537-0300 [DEBUG] [io.spring.gradle.dependencymanagement.internal.VersionConfiguringAction] Using version '4.1.0' for dependency 'org.springframework.boot:spring-boot-tomcat:4.1.0'
2026-08-21T16:48:36.537-0300 [DEBUG] [org.gradle.api.internal.artifacts.ivyservice.ivyresolve.RepositoryChainComponentMetaDataResolver] Attempting to resolve component for org.springframework.boot:spring-boot-starter-tomcat-runtime:4.1.0 using repositories [MavenRepo]
2026-08-21T16:48:36.537-0300 [DEBUG] [org.gradle.api.internal.artifacts.ivyservice.ivyresolve.CachingModuleComponentRepository] Using cached module metadata for module 'org.springframework.boot:spring-boot-starter-tomcat-runtime:4.1.0' in 'MavenRepo'
2026-08-21T16:48:36.537-0300 [DEBUG] [org.gradle.api.internal.artifacts.ivyservice.ivyresolve.RepositoryChainComponentMetaDataResolver] Using org.springframework.boot:spring-boot-starter-tomcat-runtime:4.1.0 from org.gradle.api.internal.artifacts.ivyservice.ivyresolve.FilteredModuleComponentRepository@2cd54e3f
2026-08-21T16:48:36.537-0300 [DEBUG] [org.gradle.api.internal.artifacts.ivyservice.ivyresolve.RepositoryChainComponentMetaDataResolver] Attempting to resolve component for org.springframework.boot:spring-boot-tomcat:4.1.0 using repositories [MavenRepo]
2026-08-21T16:48:36.537-0300 [DEBUG] [org.gradle.api.internal.artifacts.ivyservice.ivyresolve.CachingModuleComponentRepository] Using cached module metadata for module 'org.springframework.boot:spring-boot-tomcat:4.1.0' in 'MavenRepo'
2026-08-21T16:48:36.537-0300 [DEBUG] [org.gradle.api.internal.artifacts.ivyservice.ivyresolve.RepositoryChainComponentMetaDataResolver] Using org.springframework.boot:spring-boot-tomcat:4.1.0 from org.gradle.api.internal.artifacts.ivyservice.ivyresolve.FilteredModuleComponentRepository@2cd54e3f
2026-08-21T16:48:36.537-0300 [DEBUG] [io.spring.gradle.dependencymanagement.internal.VersionConfiguringAction] Processing requested dependency 'org.springframework:spring-web:7.0.8' with target 'org.springframework:spring-web:7.0.8
2026-08-21T16:48:36.537-0300 [DEBUG] [io.spring.gradle.dependencymanagement.internal.DependencyManagementContainer] Found managed version '7.0.8' for dependency 'org.springframework:spring-web' in global dependency management
2026-08-21T16:48:36.537-0300 [DEBUG] [io.spring.gradle.dependencymanagement.internal.VersionConfiguringAction] Using version '7.0.8' for dependency 'org.springframework:spring-web:7.0.8'
2026-08-21T16:48:36.537-0300 [DEBUG] [org.gradle.api.internal.artifacts.ivyservice.ivyresolve.RepositoryChainComponentMetaDataResolver] Attempting to resolve component for org.springframework:spring-web:7.0.8 using repositories [MavenRepo]
2026-08-21T16:48:36.537-0300 [DEBUG] [org.gradle.api.internal.artifacts.ivyservice.ivyresolve.CachingModuleComponentRepository] Using cached module metadata for module 'org.springframework:spring-web:7.0.8' in 'MavenRepo'
2026-08-21T16:48:36.537-0300 [DEBUG] [org.gradle.api.internal.artifacts.ivyservice.ivyresolve.RepositoryChainComponentMetaDataResolver] Using org.springframework:spring-web:7.0.8 from org.gradle.api.internal.artifacts.ivyservice.ivyresolve.FilteredModuleComponentRepository@2cd54e3f
2026-08-21T16:48:36.537-0300 [DEBUG] [io.spring.gradle.dependencymanagement.internal.VersionConfiguringAction] Processing requested dependency 'org.springframework.boot:spring-boot-servlet:4.1.0' with target 'org.springframework.boot:spring-boot-servlet:4.1.0
2026-08-21T16:48:36.537-0300 [DEBUG] [io.spring.gradle.dependencymanagement.internal.DependencyManagementContainer] Found managed version '4.1.0' for dependency 'org.springframework.boot:spring-boot-servlet' in global dependency management
2026-08-21T16:48:36.537-0300 [DEBUG] [io.spring.gradle.dependencymanagement.internal.VersionConfiguringAction] Using version '4.1.0' for dependency 'org.springframework.boot:spring-boot-servlet:4.1.0'
2026-08-21T16:48:36.537-0300 [DEBUG] [io.spring.gradle.dependencymanagement.internal.VersionConfiguringAction] Processing requested dependency 'org.springframework:spring-webmvc:7.0.8' with target 'org.springframework:spring-webmvc:7.0.8
2026-08-21T16:48:36.537-0300 [DEBUG] [io.spring.gradle.dependencymanagement.internal.DependencyManagementContainer] Found managed version '7.0.8' for dependency 'org.springframework:spring-webmvc' in global dependency management
2026-08-21T16:48:36.537-0300 [DEBUG] [io.spring.gradle.dependencymanagement.internal.VersionConfiguringAction] Using version '7.0.8' for dependency 'org.springframework:spring-webmvc:7.0.8'
2026-08-21T16:48:36.537-0300 [DEBUG] [org.gradle.api.internal.artifacts.ivyservice.ivyresolve.RepositoryChainComponentMetaDataResolver] Attempting to resolve component for org.springframework.boot:spring-boot-servlet:4.1.0 using repositories [MavenRepo]
2026-08-21T16:48:36.537-0300 [DEBUG] [org.gradle.api.internal.artifacts.ivyservice.ivyresolve.CachingModuleComponentRepository] Using cached module metadata for module 'org.springframework.boot:spring-boot-servlet:4.1.0' in 'MavenRepo'
2026-08-21T16:48:36.537-0300 [DEBUG] [org.gradle.api.internal.artifacts.ivyservice.ivyresolve.RepositoryChainComponentMetaDataResolver] Using org.springframework.boot:spring-boot-servlet:4.1.0 from org.gradle.api.internal.artifacts.ivyservice.ivyresolve.FilteredModuleComponentRepository@2cd54e3f
2026-08-21T16:48:36.537-0300 [DEBUG] [org.gradle.api.internal.artifacts.ivyservice.ivyresolve.RepositoryChainComponentMetaDataResolver] Attempting to resolve component for org.springframework:spring-webmvc:7.0.8 using repositories [MavenRepo]
2026-08-21T16:48:36.537-0300 [DEBUG] [org.gradle.api.internal.artifacts.ivyservice.ivyresolve.CachingModuleComponentRepository] Using cached module metadata for module 'org.springframework:spring-webmvc:7.0.8' in 'MavenRepo'
2026-08-21T16:48:36.537-0300 [DEBUG] [org.gradle.api.internal.artifacts.ivyservice.ivyresolve.RepositoryChainComponentMetaDataResolver] Using org.springframework:spring-webmvc:7.0.8 from org.gradle.api.internal.artifacts.ivyservice.ivyresolve.FilteredModuleComponentRepository@2cd54e3f
2026-08-21T16:48:36.537-0300 [DEBUG] [io.spring.gradle.dependencymanagement.internal.VersionConfiguringAction] Processing requested dependency 'com.zaxxer:HikariCP:7.0.2' with target 'com.zaxxer:HikariCP:7.0.2
2026-08-21T16:48:36.537-0300 [DEBUG] [io.spring.gradle.dependencymanagement.internal.DependencyManagementContainer] Found managed version '7.0.2' for dependency 'com.zaxxer:HikariCP' in global dependency management
2026-08-21T16:48:36.537-0300 [DEBUG] [io.spring.gradle.dependencymanagement.internal.VersionConfiguringAction] Using version '7.0.2' for dependency 'com.zaxxer:HikariCP:7.0.2'
2026-08-21T16:48:36.537-0300 [DEBUG] [org.gradle.api.internal.artifacts.ivyservice.ivyresolve.RepositoryChainComponentMetaDataResolver] Attempting to resolve component for com.zaxxer:HikariCP:7.0.2 using repositories [MavenRepo]
2026-08-21T16:48:36.537-0300 [DEBUG] [org.gradle.api.internal.artifacts.ivyservice.ivyresolve.CachingModuleComponentRepository] Using cached module metadata for module 'com.zaxxer:HikariCP:7.0.2' in 'MavenRepo'
2026-08-21T16:48:36.537-0300 [DEBUG] [org.gradle.api.internal.artifacts.ivyservice.ivyresolve.RepositoryChainComponentMetaDataResolver] Using com.zaxxer:HikariCP:7.0.2 from org.gradle.api.internal.artifacts.ivyservice.ivyresolve.FilteredModuleComponentRepository@2cd54e3f
2026-08-21T16:48:36.537-0300 [DEBUG] [io.spring.gradle.dependencymanagement.internal.VersionConfiguringAction] Processing requested dependency 'org.springframework.boot:spring-boot-data-commons:4.1.0' with target 'org.springframework.boot:spring-boot-data-commons:4.1.0
2026-08-21T16:48:36.537-0300 [DEBUG] [io.spring.gradle.dependencymanagement.internal.DependencyManagementContainer] Found managed version '4.1.0' for dependency 'org.springframework.boot:spring-boot-data-commons' in global dependency management
2026-08-21T16:48:36.537-0300 [DEBUG] [io.spring.gradle.dependencymanagement.internal.VersionConfiguringAction] Using version '4.1.0' for dependency 'org.springframework.boot:spring-boot-data-commons:4.1.0'
2026-08-21T16:48:36.538-0300 [DEBUG] [io.spring.gradle.dependencymanagement.internal.VersionConfiguringAction] Processing requested dependency 'org.springframework.boot:spring-boot-hibernate:4.1.0' with target 'org.springframework.boot:spring-boot-hibernate:4.1.0
2026-08-21T16:48:36.538-0300 [DEBUG] [io.spring.gradle.dependencymanagement.internal.DependencyManagementContainer] Found managed version '4.1.0' for dependency 'org.springframework.boot:spring-boot-hibernate' in global dependency management
2026-08-21T16:48:36.538-0300 [DEBUG] [io.spring.gradle.dependencymanagement.internal.VersionConfiguringAction] Using version '4.1.0' for dependency 'org.springframework.boot:spring-boot-hibernate:4.1.0'
2026-08-21T16:48:36.538-0300 [DEBUG] [io.spring.gradle.dependencymanagement.internal.VersionConfiguringAction] Processing requested dependency 'org.springframework.data:spring-data-jpa:4.1.0' with target 'org.springframework.data:spring-data-jpa:4.1.0
2026-08-21T16:48:36.538-0300 [DEBUG] [io.spring.gradle.dependencymanagement.internal.DependencyManagementContainer] Found managed version '4.1.0' for dependency 'org.springframework.data:spring-data-jpa' in global dependency management
2026-08-21T16:48:36.538-0300 [DEBUG] [io.spring.gradle.dependencymanagement.internal.VersionConfiguringAction] Using version '4.1.0' for dependency 'org.springframework.data:spring-data-jpa:4.1.0'
2026-08-21T16:48:36.538-0300 [DEBUG] [io.spring.gradle.dependencymanagement.internal.VersionConfiguringAction] Processing requested dependency 'org.springframework:spring-aspects:7.0.8' with target 'org.springframework:spring-aspects:7.0.8
2026-08-21T16:48:36.538-0300 [DEBUG] [io.spring.gradle.dependencymanagement.internal.DependencyManagementContainer] Found managed version '7.0.8' for dependency 'org.springframework:spring-aspects' in global dependency management
2026-08-21T16:48:36.538-0300 [DEBUG] [io.spring.gradle.dependencymanagement.internal.VersionConfiguringAction] Using version '7.0.8' for dependency 'org.springframework:spring-aspects:7.0.8'
2026-08-21T16:48:36.538-0300 [DEBUG] [org.gradle.api.internal.artifacts.ivyservice.ivyresolve.RepositoryChainComponentMetaDataResolver] Attempting to resolve component for org.springframework.boot:spring-boot-data-commons:4.1.0 using repositories [MavenRepo]
2026-08-21T16:48:36.538-0300 [DEBUG] [org.gradle.api.internal.artifacts.ivyservice.ivyresolve.CachingModuleComponentRepository] Using cached module metadata for module 'org.springframework.boot:spring-boot-data-commons:4.1.0' in 'MavenRepo'
2026-08-21T16:48:36.538-0300 [DEBUG] [org.gradle.api.internal.artifacts.ivyservice.ivyresolve.RepositoryChainComponentMetaDataResolver] Using org.springframework.boot:spring-boot-data-commons:4.1.0 from org.gradle.api.internal.artifacts.ivyservice.ivyresolve.FilteredModuleComponentRepository@2cd54e3f
2026-08-21T16:48:36.538-0300 [DEBUG] [org.gradle.api.internal.artifacts.ivyservice.ivyresolve.RepositoryChainComponentMetaDataResolver] Attempting to resolve component for org.springframework.boot:spring-boot-hibernate:4.1.0 using repositories [MavenRepo]
2026-08-21T16:48:36.538-0300 [DEBUG] [org.gradle.api.internal.artifacts.ivyservice.ivyresolve.CachingModuleComponentRepository] Using cached module metadata for module 'org.springframework.boot:spring-boot-hibernate:4.1.0' in 'MavenRepo'
2026-08-21T16:48:36.538-0300 [DEBUG] [org.gradle.api.internal.artifacts.ivyservice.ivyresolve.RepositoryChainComponentMetaDataResolver] Using org.springframework.boot:spring-boot-hibernate:4.1.0 from org.gradle.api.internal.artifacts.ivyservice.ivyresolve.FilteredModuleComponentRepository@2cd54e3f
2026-08-21T16:48:36.538-0300 [DEBUG] [org.gradle.api.internal.artifacts.ivyservice.ivyresolve.RepositoryChainComponentMetaDataResolver] Attempting to resolve component for org.springframework.data:spring-data-jpa:4.1.0 using repositories [MavenRepo]
2026-08-21T16:48:36.538-0300 [DEBUG] [org.gradle.api.internal.artifacts.ivyservice.ivyresolve.CachingModuleComponentRepository] Using cached module metadata for module 'org.springframework.data:spring-data-jpa:4.1.0' in 'MavenRepo'
2026-08-21T16:48:36.538-0300 [DEBUG] [org.gradle.api.internal.artifacts.ivyservice.ivyresolve.RepositoryChainComponentMetaDataResolver] Using org.springframework.data:spring-data-jpa:4.1.0 from org.gradle.api.internal.artifacts.ivyservice.ivyresolve.FilteredModuleComponentRepository@2cd54e3f
2026-08-21T16:48:36.538-0300 [DEBUG] [org.gradle.api.internal.artifacts.ivyservice.ivyresolve.RepositoryChainComponentMetaDataResolver] Attempting to resolve component for org.springframework:spring-aspects:7.0.8 using repositories [MavenRepo]
2026-08-21T16:48:36.538-0300 [DEBUG] [org.gradle.api.internal.artifacts.ivyservice.ivyresolve.CachingModuleComponentRepository] Using cached module metadata for module 'org.springframework:spring-aspects:7.0.8' in 'MavenRepo'
2026-08-21T16:48:36.538-0300 [DEBUG] [org.gradle.api.internal.artifacts.ivyservice.ivyresolve.RepositoryChainComponentMetaDataResolver] Using org.springframework:spring-aspects:7.0.8 from org.gradle.api.internal.artifacts.ivyservice.ivyresolve.FilteredModuleComponentRepository@2cd54e3f
2026-08-21T16:48:36.538-0300 [DEBUG] [io.spring.gradle.dependencymanagement.internal.VersionConfiguringAction] Processing requested dependency 'org.springframework.boot:spring-boot-sql:4.1.0' with target 'org.springframework.boot:spring-boot-sql:4.1.0
2026-08-21T16:48:36.538-0300 [DEBUG] [io.spring.gradle.dependencymanagement.internal.DependencyManagementContainer] Found managed version '4.1.0' for dependency 'org.springframework.boot:spring-boot-sql' in global dependency management
2026-08-21T16:48:36.538-0300 [DEBUG] [io.spring.gradle.dependencymanagement.internal.VersionConfiguringAction] Using version '4.1.0' for dependency 'org.springframework.boot:spring-boot-sql:4.1.0'
2026-08-21T16:48:36.538-0300 [DEBUG] [io.spring.gradle.dependencymanagement.internal.VersionConfiguringAction] Processing requested dependency 'org.springframework.boot:spring-boot-transaction:4.1.0' with target 'org.springframework.boot:spring-boot-transaction:4.1.0
2026-08-21T16:48:36.538-0300 [DEBUG] [io.spring.gradle.dependencymanagement.internal.DependencyManagementContainer] Found managed version '4.1.0' for dependency 'org.springframework.boot:spring-boot-transaction' in global dependency management
2026-08-21T16:48:36.538-0300 [DEBUG] [io.spring.gradle.dependencymanagement.internal.VersionConfiguringAction] Using version '4.1.0' for dependency 'org.springframework.boot:spring-boot-transaction:4.1.0'
2026-08-21T16:48:36.538-0300 [DEBUG] [io.spring.gradle.dependencymanagement.internal.VersionConfiguringAction] Processing requested dependency 'org.springframework:spring-jdbc:7.0.8' with target 'org.springframework:spring-jdbc:7.0.8
2026-08-21T16:48:36.538-0300 [DEBUG] [io.spring.gradle.dependencymanagement.internal.DependencyManagementContainer] Found managed version '7.0.8' for dependency 'org.springframework:spring-jdbc' in global dependency management
2026-08-21T16:48:36.538-0300 [DEBUG] [io.spring.gradle.dependencymanagement.internal.VersionConfiguringAction] Using version '7.0.8' for dependency 'org.springframework:spring-jdbc:7.0.8'
2026-08-21T16:48:36.538-0300 [DEBUG] [org.gradle.api.internal.artifacts.ivyservice.ivyresolve.RepositoryChainComponentMetaDataResolver] Attempting to resolve component for org.springframework.boot:spring-boot-sql:4.1.0 using repositories [MavenRepo]
2026-08-21T16:48:36.538-0300 [DEBUG] [org.gradle.api.internal.artifacts.ivyservice.ivyresolve.CachingModuleComponentRepository] Using cached module metadata for module 'org.springframework.boot:spring-boot-sql:4.1.0' in 'MavenRepo'
2026-08-21T16:48:36.538-0300 [DEBUG] [org.gradle.api.internal.artifacts.ivyservice.ivyresolve.RepositoryChainComponentMetaDataResolver] Using org.springframework.boot:spring-boot-sql:4.1.0 from org.gradle.api.internal.artifacts.ivyservice.ivyresolve.FilteredModuleComponentRepository@2cd54e3f
2026-08-21T16:48:36.538-0300 [DEBUG] [org.gradle.api.internal.artifacts.ivyservice.ivyresolve.RepositoryChainComponentMetaDataResolver] Attempting to resolve component for org.springframework.boot:spring-boot-transaction:4.1.0 using repositories [MavenRepo]
2026-08-21T16:48:36.538-0300 [DEBUG] [org.gradle.api.internal.artifacts.ivyservice.ivyresolve.CachingModuleComponentRepository] Using cached module metadata for module 'org.springframework.boot:spring-boot-transaction:4.1.0' in 'MavenRepo'
2026-08-21T16:48:36.538-0300 [DEBUG] [org.gradle.api.internal.artifacts.ivyservice.ivyresolve.RepositoryChainComponentMetaDataResolver] Using org.springframework.boot:spring-boot-transaction:4.1.0 from org.gradle.api.internal.artifacts.ivyservice.ivyresolve.FilteredModuleComponentRepository@2cd54e3f
2026-08-21T16:48:36.538-0300 [DEBUG] [org.gradle.api.internal.artifacts.ivyservice.ivyresolve.RepositoryChainComponentMetaDataResolver] Attempting to resolve component for org.springframework:spring-jdbc:7.0.8 using repositories [MavenRepo]
2026-08-21T16:48:36.538-0300 [DEBUG] [org.gradle.api.internal.artifacts.ivyservice.ivyresolve.CachingModuleComponentRepository] Using cached module metadata for module 'org.springframework:spring-jdbc:7.0.8' in 'MavenRepo'
2026-08-21T16:48:36.538-0300 [DEBUG] [org.gradle.api.internal.artifacts.ivyservice.ivyresolve.RepositoryChainComponentMetaDataResolver] Using org.springframework:spring-jdbc:7.0.8 from org.gradle.api.internal.artifacts.ivyservice.ivyresolve.FilteredModuleComponentRepository@2cd54e3f
2026-08-21T16:48:36.538-0300 [DEBUG] [io.spring.gradle.dependencymanagement.internal.VersionConfiguringAction] Processing requested dependency 'com.fasterxml.jackson.core:jackson-annotations:2.21' with target 'com.fasterxml.jackson.core:jackson-annotations:2.21
2026-08-21T16:48:36.538-0300 [DEBUG] [io.spring.gradle.dependencymanagement.internal.DependencyManagementContainer] Found managed version '2.21' for dependency 'com.fasterxml.jackson.core:jackson-annotations' in global dependency management
2026-08-21T16:48:36.538-0300 [DEBUG] [io.spring.gradle.dependencymanagement.internal.VersionConfiguringAction] Using version '2.21' for dependency 'com.fasterxml.jackson.core:jackson-annotations:2.21'
2026-08-21T16:48:36.538-0300 [DEBUG] [io.spring.gradle.dependencymanagement.internal.VersionConfiguringAction] Processing requested dependency 'tools.jackson.core:jackson-core:3.1.4' with target 'tools.jackson.core:jackson-core:3.1.4
2026-08-21T16:48:36.539-0300 [DEBUG] [io.spring.gradle.dependencymanagement.internal.DependencyManagementContainer] Found managed version '3.1.4' for dependency 'tools.jackson.core:jackson-core' in global dependency management
2026-08-21T16:48:36.539-0300 [DEBUG] [io.spring.gradle.dependencymanagement.internal.VersionConfiguringAction] Using version '3.1.4' for dependency 'tools.jackson.core:jackson-core:3.1.4'
2026-08-21T16:48:36.539-0300 [DEBUG] [io.spring.gradle.dependencymanagement.internal.VersionConfiguringAction] Processing requested dependency 'tools.jackson:jackson-bom:3.1.4' with target 'tools.jackson:jackson-bom:3.1.4
2026-08-21T16:48:36.539-0300 [DEBUG] [io.spring.gradle.dependencymanagement.internal.VersionConfiguringAction] No dependency management for dependency 'tools.jackson:jackson-bom:3.1.4'
2026-08-21T16:48:36.539-0300 [DEBUG] [org.gradle.api.internal.artifacts.ivyservice.ivyresolve.RepositoryChainComponentMetaDataResolver] Attempting to resolve component for com.fasterxml.jackson.core:jackson-annotations:2.21 using repositories [MavenRepo]
2026-08-21T16:48:36.539-0300 [DEBUG] [org.gradle.api.internal.artifacts.ivyservice.ivyresolve.CachingModuleComponentRepository] Using cached module metadata for module 'com.fasterxml.jackson.core:jackson-annotations:2.21' in 'MavenRepo'
2026-08-21T16:48:36.539-0300 [DEBUG] [org.gradle.api.internal.artifacts.ivyservice.ivyresolve.RepositoryChainComponentMetaDataResolver] Using com.fasterxml.jackson.core:jackson-annotations:2.21 from org.gradle.api.internal.artifacts.ivyservice.ivyresolve.FilteredModuleComponentRepository@2cd54e3f
2026-08-21T16:48:36.539-0300 [DEBUG] [org.gradle.api.internal.artifacts.ivyservice.ivyresolve.RepositoryChainComponentMetaDataResolver] Attempting to resolve component for tools.jackson.core:jackson-core:3.1.4 using repositories [MavenRepo]
2026-08-21T16:48:36.539-0300 [DEBUG] [org.gradle.api.internal.artifacts.ivyservice.ivyresolve.CachingModuleComponentRepository] Using cached module metadata for module 'tools.jackson.core:jackson-core:3.1.4' in 'MavenRepo'
2026-08-21T16:48:36.539-0300 [DEBUG] [org.gradle.api.internal.artifacts.ivyservice.ivyresolve.RepositoryChainComponentMetaDataResolver] Using tools.jackson.core:jackson-core:3.1.4 from org.gradle.api.internal.artifacts.ivyservice.ivyresolve.FilteredModuleComponentRepository@2cd54e3f
2026-08-21T16:48:36.539-0300 [DEBUG] [org.gradle.api.internal.artifacts.ivyservice.ivyresolve.RepositoryChainComponentMetaDataResolver] Attempting to resolve component for tools.jackson:jackson-bom:3.1.4 using repositories [MavenRepo]
2026-08-21T16:48:36.539-0300 [DEBUG] [org.gradle.api.internal.artifacts.ivyservice.ivyresolve.CachingModuleComponentRepository] Using cached module metadata for module 'tools.jackson:jackson-bom:3.1.4' in 'MavenRepo'
2026-08-21T16:48:36.539-0300 [DEBUG] [org.gradle.api.internal.artifacts.ivyservice.ivyresolve.RepositoryChainComponentMetaDataResolver] Using tools.jackson:jackson-bom:3.1.4 from org.gradle.api.internal.artifacts.ivyservice.ivyresolve.FilteredModuleComponentRepository@2cd54e3f
2026-08-21T16:48:36.539-0300 [DEBUG] [io.spring.gradle.dependencymanagement.internal.VersionConfiguringAction] Processing requested dependency 'tools.jackson.core:jackson-databind:3.1.4' with target 'tools.jackson.core:jackson-databind:3.1.4
2026-08-21T16:48:36.539-0300 [DEBUG] [io.spring.gradle.dependencymanagement.internal.DependencyManagementContainer] Found managed version '3.1.4' for dependency 'tools.jackson.core:jackson-databind' in global dependency management
2026-08-21T16:48:36.539-0300 [DEBUG] [io.spring.gradle.dependencymanagement.internal.VersionConfiguringAction] Using version '3.1.4' for dependency 'tools.jackson.core:jackson-databind:3.1.4'
2026-08-21T16:48:36.539-0300 [DEBUG] [io.spring.gradle.dependencymanagement.internal.VersionConfiguringAction] Processing requested dependency 'tools.jackson.dataformat:jackson-dataformat-avro:3.1.4' with target 'tools.jackson.dataformat:jackson-dataformat-avro:3.1.4
2026-08-21T16:48:36.539-0300 [DEBUG] [io.spring.gradle.dependencymanagement.internal.DependencyManagementContainer] Found managed version '3.1.4' for dependency 'tools.jackson.dataformat:jackson-dataformat-avro' in global dependency management
2026-08-21T16:48:36.539-0300 [DEBUG] [io.spring.gradle.dependencymanagement.internal.VersionConfiguringAction] Using version '3.1.4' for dependency 'tools.jackson.dataformat:jackson-dataformat-avro:3.1.4'
2026-08-21T16:48:36.539-0300 [DEBUG] [io.spring.gradle.dependencymanagement.internal.VersionConfiguringAction] Processing requested dependency 'tools.jackson.dataformat:jackson-dataformat-cbor:3.1.4' with target 'tools.jackson.dataformat:jackson-dataformat-cbor:3.1.4
2026-08-21T16:48:36.539-0300 [DEBUG] [io.spring.gradle.dependencymanagement.internal.DependencyManagementContainer] Found managed version '3.1.4' for dependency 'tools.jackson.dataformat:jackson-dataformat-cbor' in global dependency management
2026-08-21T16:48:36.539-0300 [DEBUG] [io.spring.gradle.dependencymanagement.internal.VersionConfiguringAction] Using version '3.1.4' for dependency 'tools.jackson.dataformat:jackson-dataformat-cbor:3.1.4'
2026-08-21T16:48:36.539-0300 [DEBUG] [io.spring.gradle.dependencymanagement.internal.VersionConfiguringAction] Processing requested dependency 'tools.jackson.dataformat:jackson-dataformat-csv:3.1.4' with target 'tools.jackson.dataformat:jackson-dataformat-csv:3.1.4
2026-08-21T16:48:36.539-0300 [DEBUG] [io.spring.gradle.dependencymanagement.internal.DependencyManagementContainer] Found managed version '3.1.4' for dependency 'tools.jackson.dataformat:jackson-dataformat-csv' in global dependency management
2026-08-21T16:48:36.539-0300 [DEBUG] [io.spring.gradle.dependencymanagement.internal.VersionConfiguringAction] Using version '3.1.4' for dependency 'tools.jackson.dataformat:jackson-dataformat-csv:3.1.4'
2026-08-21T16:48:36.539-0300 [DEBUG] [io.spring.gradle.dependencymanagement.internal.VersionConfiguringAction] Processing requested dependency 'tools.jackson.dataformat:jackson-dataformat-ion:3.1.4' with target 'tools.jackson.dataformat:jackson-dataformat-ion:3.1.4
2026-08-21T16:48:36.539-0300 [DEBUG] [io.spring.gradle.dependencymanagement.internal.DependencyManagementContainer] Found managed version '3.1.4' for dependency 'tools.jackson.dataformat:jackson-dataformat-ion' in global dependency management
2026-08-21T16:48:36.539-0300 [DEBUG] [io.spring.gradle.dependencymanagement.internal.VersionConfiguringAction] Using version '3.1.4' for dependency 'tools.jackson.dataformat:jackson-dataformat-ion:3.1.4'
2026-08-21T16:48:36.539-0300 [DEBUG] [io.spring.gradle.dependencymanagement.internal.VersionConfiguringAction] Processing requested dependency 'tools.jackson.dataformat:jackson-dataformat-properties:3.1.4' with target 'tools.jackson.dataformat:jackson-dataformat-properties:3.1.4
2026-08-21T16:48:36.539-0300 [DEBUG] [io.spring.gradle.dependencymanagement.internal.DependencyManagementContainer] Found managed version '3.1.4' for dependency 'tools.jackson.dataformat:jackson-dataformat-properties' in global dependency management
2026-08-21T16:48:36.539-0300 [DEBUG] [io.spring.gradle.dependencymanagement.internal.VersionConfiguringAction] Using version '3.1.4' for dependency 'tools.jackson.dataformat:jackson-dataformat-properties:3.1.4'
2026-08-21T16:48:36.539-0300 [DEBUG] [io.spring.gradle.dependencymanagement.internal.VersionConfiguringAction] Processing requested dependency 'tools.jackson.dataformat:jackson-dataformat-protobuf:3.1.4' with target 'tools.jackson.dataformat:jackson-dataformat-protobuf:3.1.4
2026-08-21T16:48:36.539-0300 [DEBUG] [io.spring.gradle.dependencymanagement.internal.DependencyManagementContainer] Found managed version '3.1.4' for dependency 'tools.jackson.dataformat:jackson-dataformat-protobuf' in global dependency management
2026-08-21T16:48:36.539-0300 [DEBUG] [io.spring.gradle.dependencymanagement.internal.VersionConfiguringAction] Using version '3.1.4' for dependency 'tools.jackson.dataformat:jackson-dataformat-protobuf:3.1.4'
2026-08-21T16:48:36.539-0300 [DEBUG] [io.spring.gradle.dependencymanagement.internal.VersionConfiguringAction] Processing requested dependency 'tools.jackson.dataformat:jackson-dataformat-smile:3.1.4' with target 'tools.jackson.dataformat:jackson-dataformat-smile:3.1.4
2026-08-21T16:48:36.539-0300 [DEBUG] [io.spring.gradle.dependencymanagement.internal.DependencyManagementContainer] Found managed version '3.1.4' for dependency 'tools.jackson.dataformat:jackson-dataformat-smile' in global dependency management
2026-08-21T16:48:36.539-0300 [DEBUG] [io.spring.gradle.dependencymanagement.internal.VersionConfiguringAction] Using version '3.1.4' for dependency 'tools.jackson.dataformat:jackson-dataformat-smile:3.1.4'
2026-08-21T16:48:36.539-0300 [DEBUG] [io.spring.gradle.dependencymanagement.internal.VersionConfiguringAction] Processing requested dependency 'tools.jackson.dataformat:jackson-dataformat-toml:3.1.4' with target 'tools.jackson.dataformat:jackson-dataformat-toml:3.1.4
2026-08-21T16:48:36.539-0300 [DEBUG] [io.spring.gradle.dependencymanagement.internal.DependencyManagementContainer] Found managed version '3.1.4' for dependency 'tools.jackson.dataformat:jackson-dataformat-toml' in global dependency management
2026-08-21T16:48:36.539-0300 [DEBUG] [io.spring.gradle.dependencymanagement.internal.VersionConfiguringAction] Using version '3.1.4' for dependency 'tools.jackson.dataformat:jackson-dataformat-toml:3.1.4'
2026-08-21T16:48:36.539-0300 [DEBUG] [io.spring.gradle.dependencymanagement.internal.VersionConfiguringAction] Processing requested dependency 'tools.jackson.dataformat:jackson-dataformat-xml:3.1.4' with target 'tools.jackson.dataformat:jackson-dataformat-xml:3.1.4
2026-08-21T16:48:36.539-0300 [DEBUG] [io.spring.gradle.dependencymanagement.internal.DependencyManagementContainer] Found managed version '3.1.4' for dependency 'tools.jackson.dataformat:jackson-dataformat-xml' in global dependency management
2026-08-21T16:48:36.539-0300 [DEBUG] [io.spring.gradle.dependencymanagement.internal.VersionConfiguringAction] Using version '3.1.4' for dependency 'tools.jackson.dataformat:jackson-dataformat-xml:3.1.4'
2026-08-21T16:48:36.539-0300 [DEBUG] [io.spring.gradle.dependencymanagement.internal.VersionConfiguringAction] Processing requested dependency 'tools.jackson.dataformat:jackson-dataformat-yaml:3.1.4' with target 'tools.jackson.dataformat:jackson-dataformat-yaml:3.1.4
2026-08-21T16:48:36.539-0300 [DEBUG] [io.spring.gradle.dependencymanagement.internal.DependencyManagementContainer] Found managed version '3.1.4' for dependency 'tools.jackson.dataformat:jackson-dataformat-yaml' in global dependency management
2026-08-21T16:48:36.540-0300 [DEBUG] [io.spring.gradle.dependencymanagement.internal.VersionConfiguringAction] Using version '3.1.4' for dependency 'tools.jackson.dataformat:jackson-dataformat-yaml:3.1.4'
2026-08-21T16:48:36.540-0300 [DEBUG] [io.spring.gradle.dependencymanagement.internal.VersionConfiguringAction] Processing requested dependency 'tools.jackson.datatype:jackson-datatype-eclipse-collections:3.1.4' with target 'tools.jackson.datatype:jackson-datatype-eclipse-collections:3.1.4
2026-08-21T16:48:36.540-0300 [DEBUG] [io.spring.gradle.dependencymanagement.internal.DependencyManagementContainer] Found managed version '3.1.4' for dependency 'tools.jackson.datatype:jackson-datatype-eclipse-collections' in global dependency management
2026-08-21T16:48:36.540-0300 [DEBUG] [io.spring.gradle.dependencymanagement.internal.VersionConfiguringAction] Using version '3.1.4' for dependency 'tools.jackson.datatype:jackson-datatype-eclipse-collections:3.1.4'
2026-08-21T16:48:36.540-0300 [DEBUG] [io.spring.gradle.dependencymanagement.internal.VersionConfiguringAction] Processing requested dependency 'tools.jackson.datatype:jackson-datatype-guava:3.1.4' with target 'tools.jackson.datatype:jackson-datatype-guava:3.1.4
2026-08-21T16:48:36.540-0300 [DEBUG] [io.spring.gradle.dependencymanagement.internal.DependencyManagementContainer] Found managed version '3.1.4' for dependency 'tools.jackson.datatype:jackson-datatype-guava' in global dependency management
2026-08-21T16:48:36.540-0300 [DEBUG] [io.spring.gradle.dependencymanagement.internal.VersionConfiguringAction] Using version '3.1.4' for dependency 'tools.jackson.datatype:jackson-datatype-guava:3.1.4'
2026-08-21T16:48:36.540-0300 [DEBUG] [io.spring.gradle.dependencymanagement.internal.VersionConfiguringAction] Processing requested dependency 'tools.jackson.datatype:jackson-datatype-hibernate4:3.1.4' with target 'tools.jackson.datatype:jackson-datatype-hibernate4:3.1.4
2026-08-21T16:48:36.540-0300 [DEBUG] [io.spring.gradle.dependencymanagement.internal.DependencyManagementContainer] Found managed version '3.1.4' for dependency 'tools.jackson.datatype:jackson-datatype-hibernate4' in global dependency management
2026-08-21T16:48:36.540-0300 [DEBUG] [io.spring.gradle.dependencymanagement.internal.VersionConfiguringAction] Using version '3.1.4' for dependency 'tools.jackson.datatype:jackson-datatype-hibernate4:3.1.4'
2026-08-21T16:48:36.540-0300 [DEBUG] [io.spring.gradle.dependencymanagement.internal.VersionConfiguringAction] Processing requested dependency 'tools.jackson.datatype:jackson-datatype-hibernate5:3.1.4' with target 'tools.jackson.datatype:jackson-datatype-hibernate5:3.1.4
2026-08-21T16:48:36.540-0300 [DEBUG] [io.spring.gradle.dependencymanagement.internal.DependencyManagementContainer] Found managed version '3.1.4' for dependency 'tools.jackson.datatype:jackson-datatype-hibernate5' in global dependency management
2026-08-21T16:48:36.540-0300 [DEBUG] [io.spring.gradle.dependencymanagement.internal.VersionConfiguringAction] Using version '3.1.4' for dependency 'tools.jackson.datatype:jackson-datatype-hibernate5:3.1.4'
2026-08-21T16:48:36.540-0300 [DEBUG] [io.spring.gradle.dependencymanagement.internal.VersionConfiguringAction] Processing requested dependency 'tools.jackson.datatype:jackson-datatype-hibernate5-jakarta:3.1.4' with target 'tools.jackson.datatype:jackson-datatype-hibernate5-jakarta:3.1.4
2026-08-21T16:48:36.540-0300 [DEBUG] [io.spring.gradle.dependencymanagement.internal.DependencyManagementContainer] Found managed version '3.1.4' for dependency 'tools.jackson.datatype:jackson-datatype-hibernate5-jakarta' in global dependency management
2026-08-21T16:48:36.540-0300 [DEBUG] [io.spring.gradle.dependencymanagement.internal.VersionConfiguringAction] Using version '3.1.4' for dependency 'tools.jackson.datatype:jackson-datatype-hibernate5-jakarta:3.1.4'
2026-08-21T16:48:36.540-0300 [DEBUG] [io.spring.gradle.dependencymanagement.internal.VersionConfiguringAction] Processing requested dependency 'tools.jackson.datatype:jackson-datatype-hibernate6:3.1.4' with target 'tools.jackson.datatype:jackson-datatype-hibernate6:3.1.4
2026-08-21T16:48:36.540-0300 [DEBUG] [io.spring.gradle.dependencymanagement.internal.DependencyManagementContainer] Found managed version '3.1.4' for dependency 'tools.jackson.datatype:jackson-datatype-hibernate6' in global dependency management
2026-08-21T16:48:36.540-0300 [DEBUG] [io.spring.gradle.dependencymanagement.internal.VersionConfiguringAction] Using version '3.1.4' for dependency 'tools.jackson.datatype:jackson-datatype-hibernate6:3.1.4'
2026-08-21T16:48:36.540-0300 [DEBUG] [io.spring.gradle.dependencymanagement.internal.VersionConfiguringAction] Processing requested dependency 'tools.jackson.datatype:jackson-datatype-hibernate7:3.1.4' with target 'tools.jackson.datatype:jackson-datatype-hibernate7:3.1.4
2026-08-21T16:48:36.540-0300 [DEBUG] [io.spring.gradle.dependencymanagement.internal.DependencyManagementContainer] Found managed version '3.1.4' for dependency 'tools.jackson.datatype:jackson-datatype-hibernate7' in global dependency management
2026-08-21T16:48:36.540-0300 [DEBUG] [io.spring.gradle.dependencymanagement.internal.VersionConfiguringAction] Using version '3.1.4' for dependency 'tools.jackson.datatype:jackson-datatype-hibernate7:3.1.4'
2026-08-21T16:48:36.540-0300 [DEBUG] [io.spring.gradle.dependencymanagement.internal.VersionConfiguringAction] Processing requested dependency 'tools.jackson.datatype:jackson-datatype-hppc:3.1.4' with target 'tools.jackson.datatype:jackson-datatype-hppc:3.1.4
2026-08-21T16:48:36.540-0300 [DEBUG] [io.spring.gradle.dependencymanagement.internal.DependencyManagementContainer] Found managed version '3.1.4' for dependency 'tools.jackson.datatype:jackson-datatype-hppc' in global dependency management
2026-08-21T16:48:36.540-0300 [DEBUG] [io.spring.gradle.dependencymanagement.internal.VersionConfiguringAction] Using version '3.1.4' for dependency 'tools.jackson.datatype:jackson-datatype-hppc:3.1.4'
2026-08-21T16:48:36.540-0300 [DEBUG] [io.spring.gradle.dependencymanagement.internal.VersionConfiguringAction] Processing requested dependency 'tools.jackson.datatype:jackson-datatype-javax-money:3.1.4' with target 'tools.jackson.datatype:jackson-datatype-javax-money:3.1.4
2026-08-21T16:48:36.540-0300 [DEBUG] [io.spring.gradle.dependencymanagement.internal.DependencyManagementContainer] Found managed version '3.1.4' for dependency 'tools.jackson.datatype:jackson-datatype-javax-money' in global dependency management
2026-08-21T16:48:36.540-0300 [DEBUG] [io.spring.gradle.dependencymanagement.internal.VersionConfiguringAction] Using version '3.1.4' for dependency 'tools.jackson.datatype:jackson-datatype-javax-money:3.1.4'
2026-08-21T16:48:36.540-0300 [DEBUG] [io.spring.gradle.dependencymanagement.internal.VersionConfiguringAction] Processing requested dependency 'tools.jackson.datatype:jackson-datatype-jakarta-jsonp:3.1.4' with target 'tools.jackson.datatype:jackson-datatype-jakarta-jsonp:3.1.4
2026-08-21T16:48:36.540-0300 [DEBUG] [io.spring.gradle.dependencymanagement.internal.DependencyManagementContainer] Found managed version '3.1.4' for dependency 'tools.jackson.datatype:jackson-datatype-jakarta-jsonp' in global dependency management
2026-08-21T16:48:36.540-0300 [DEBUG] [io.spring.gradle.dependencymanagement.internal.VersionConfiguringAction] Using version '3.1.4' for dependency 'tools.jackson.datatype:jackson-datatype-jakarta-jsonp:3.1.4'
2026-08-21T16:48:36.540-0300 [DEBUG] [io.spring.gradle.dependencymanagement.internal.VersionConfiguringAction] Processing requested dependency 'tools.jackson.datatype:jackson-datatype-jaxrs:3.1.4' with target 'tools.jackson.datatype:jackson-datatype-jaxrs:3.1.4
2026-08-21T16:48:36.540-0300 [DEBUG] [io.spring.gradle.dependencymanagement.internal.DependencyManagementContainer] Found managed version '3.1.4' for dependency 'tools.jackson.datatype:jackson-datatype-jaxrs' in global dependency management
2026-08-21T16:48:36.540-0300 [DEBUG] [io.spring.gradle.dependencymanagement.internal.VersionConfiguringAction] Using version '3.1.4' for dependency 'tools.jackson.datatype:jackson-datatype-jaxrs:3.1.4'
2026-08-21T16:48:36.540-0300 [DEBUG] [io.spring.gradle.dependencymanagement.internal.VersionConfiguringAction] Processing requested dependency 'tools.jackson.datatype:jackson-datatype-joda:3.1.4' with target 'tools.jackson.datatype:jackson-datatype-joda:3.1.4
2026-08-21T16:48:36.540-0300 [DEBUG] [io.spring.gradle.dependencymanagement.internal.DependencyManagementContainer] Found managed version '3.1.4' for dependency 'tools.jackson.datatype:jackson-datatype-joda' in global dependency management
2026-08-21T16:48:36.540-0300 [DEBUG] [io.spring.gradle.dependencymanagement.internal.VersionConfiguringAction] Using version '3.1.4' for dependency 'tools.jackson.datatype:jackson-datatype-joda:3.1.4'
2026-08-21T16:48:36.540-0300 [DEBUG] [io.spring.gradle.dependencymanagement.internal.VersionConfiguringAction] Processing requested dependency 'tools.jackson.datatype:jackson-datatype-joda-money:3.1.4' with target 'tools.jackson.datatype:jackson-datatype-joda-money:3.1.4
2026-08-21T16:48:36.540-0300 [DEBUG] [io.spring.gradle.dependencymanagement.internal.DependencyManagementContainer] Found managed version '3.1.4' for dependency 'tools.jackson.datatype:jackson-datatype-joda-money' in global dependency management
2026-08-21T16:48:36.540-0300 [DEBUG] [io.spring.gradle.dependencymanagement.internal.VersionConfiguringAction] Using version '3.1.4' for dependency 'tools.jackson.datatype:jackson-datatype-joda-money:3.1.4'
2026-08-21T16:48:36.540-0300 [DEBUG] [io.spring.gradle.dependencymanagement.internal.VersionConfiguringAction] Processing requested dependency 'tools.jackson.datatype:jackson-datatype-json-org:3.1.4' with target 'tools.jackson.datatype:jackson-datatype-json-org:3.1.4
2026-08-21T16:48:36.540-0300 [DEBUG] [io.spring.gradle.dependencymanagement.internal.DependencyManagementContainer] Found managed version '3.1.4' for dependency 'tools.jackson.datatype:jackson-datatype-json-org' in global dependency management
2026-08-21T16:48:36.540-0300 [DEBUG] [io.spring.gradle.dependencymanagement.internal.VersionConfiguringAction] Using version '3.1.4' for dependency 'tools.jackson.datatype:jackson-datatype-json-org:3.1.4'
2026-08-21T16:48:36.540-0300 [DEBUG] [io.spring.gradle.dependencymanagement.internal.VersionConfiguringAction] Processing requested dependency 'tools.jackson.datatype:jackson-datatype-jsr353:3.1.4' with target 'tools.jackson.datatype:jackson-datatype-jsr353:3.1.4
2026-08-21T16:48:36.540-0300 [DEBUG] [io.spring.gradle.dependencymanagement.internal.DependencyManagementContainer] Found managed version '3.1.4' for dependency 'tools.jackson.datatype:jackson-datatype-jsr353' in global dependency management
2026-08-21T16:48:36.540-0300 [DEBUG] [io.spring.gradle.dependencymanagement.internal.VersionConfiguringAction] Using version '3.1.4' for dependency 'tools.jackson.datatype:jackson-datatype-jsr353:3.1.4'
2026-08-21T16:48:36.540-0300 [DEBUG] [io.spring.gradle.dependencymanagement.internal.VersionConfiguringAction] Processing requested dependency 'tools.jackson.datatype:jackson-datatype-moneta:3.1.4' with target 'tools.jackson.datatype:jackson-datatype-moneta:3.1.4
2026-08-21T16:48:36.540-0300 [DEBUG] [io.spring.gradle.dependencymanagement.internal.DependencyManagementContainer] Found managed version '3.1.4' for dependency 'tools.jackson.datatype:jackson-datatype-moneta' in global dependency management
2026-08-21T16:48:36.540-0300 [DEBUG] [io.spring.gradle.dependencymanagement.internal.VersionConfiguringAction] Using version '3.1.4' for dependency 'tools.jackson.datatype:jackson-datatype-moneta:3.1.4'
2026-08-21T16:48:36.540-0300 [DEBUG] [io.spring.gradle.dependencymanagement.internal.VersionConfiguringAction] Processing requested dependency 'tools.jackson.datatype:jackson-datatype-pcollections:3.1.4' with target 'tools.jackson.datatype:jackson-datatype-pcollections:3.1.4
2026-08-21T16:48:36.540-0300 [DEBUG] [io.spring.gradle.dependencymanagement.internal.DependencyManagementContainer] Found managed version '3.1.4' for dependency 'tools.jackson.datatype:jackson-datatype-pcollections' in global dependency management
2026-08-21T16:48:36.541-0300 [DEBUG] [io.spring.gradle.dependencymanagement.internal.VersionConfiguringAction] Using version '3.1.4' for dependency 'tools.jackson.datatype:jackson-datatype-pcollections:3.1.4'
2026-08-21T16:48:36.541-0300 [DEBUG] [io.spring.gradle.dependencymanagement.internal.VersionConfiguringAction] Processing requested dependency 'tools.jackson.jaxrs:jackson-jaxrs-base:3.1.4' with target 'tools.jackson.jaxrs:jackson-jaxrs-base:3.1.4
2026-08-21T16:48:36.541-0300 [DEBUG] [io.spring.gradle.dependencymanagement.internal.DependencyManagementContainer] Found managed version '3.1.4' for dependency 'tools.jackson.jaxrs:jackson-jaxrs-base' in global dependency management
2026-08-21T16:48:36.541-0300 [DEBUG] [io.spring.gradle.dependencymanagement.internal.VersionConfiguringAction] Using version '3.1.4' for dependency 'tools.jackson.jaxrs:jackson-jaxrs-base:3.1.4'
2026-08-21T16:48:36.541-0300 [DEBUG] [io.spring.gradle.dependencymanagement.internal.VersionConfiguringAction] Processing requested dependency 'tools.jackson.jaxrs:jackson-jaxrs-cbor-provider:3.1.4' with target 'tools.jackson.jaxrs:jackson-jaxrs-cbor-provider:3.1.4
2026-08-21T16:48:36.541-0300 [DEBUG] [io.spring.gradle.dependencymanagement.internal.DependencyManagementContainer] Found managed version '3.1.4' for dependency 'tools.jackson.jaxrs:jackson-jaxrs-cbor-provider' in global dependency management
2026-08-21T16:48:36.541-0300 [DEBUG] [io.spring.gradle.dependencymanagement.internal.VersionConfiguringAction] Using version '3.1.4' for dependency 'tools.jackson.jaxrs:jackson-jaxrs-cbor-provider:3.1.4'
2026-08-21T16:48:36.541-0300 [DEBUG] [io.spring.gradle.dependencymanagement.internal.VersionConfiguringAction] Processing requested dependency 'tools.jackson.jaxrs:jackson-jaxrs-json-provider:3.1.4' with target 'tools.jackson.jaxrs:jackson-jaxrs-json-provider:3.1.4
2026-08-21T16:48:36.541-0300 [DEBUG] [io.spring.gradle.dependencymanagement.internal.DependencyManagementContainer] Found managed version '3.1.4' for dependency 'tools.jackson.jaxrs:jackson-jaxrs-json-provider' in global dependency management
2026-08-21T16:48:36.541-0300 [DEBUG] [io.spring.gradle.dependencymanagement.internal.VersionConfiguringAction] Using version '3.1.4' for dependency 'tools.jackson.jaxrs:jackson-jaxrs-json-provider:3.1.4'
2026-08-21T16:48:36.541-0300 [DEBUG] [io.spring.gradle.dependencymanagement.internal.VersionConfiguringAction] Processing requested dependency 'tools.jackson.jaxrs:jackson-jaxrs-smile-provider:3.1.4' with target 'tools.jackson.jaxrs:jackson-jaxrs-smile-provider:3.1.4
2026-08-21T16:48:36.541-0300 [DEBUG] [io.spring.gradle.dependencymanagement.internal.DependencyManagementContainer] Found managed version '3.1.4' for dependency 'tools.jackson.jaxrs:jackson-jaxrs-smile-provider' in global dependency management
2026-08-21T16:48:36.541-0300 [DEBUG] [io.spring.gradle.dependencymanagement.internal.VersionConfiguringAction] Using version '3.1.4' for dependency 'tools.jackson.jaxrs:jackson-jaxrs-smile-provider:3.1.4'
2026-08-21T16:48:36.541-0300 [DEBUG] [io.spring.gradle.dependencymanagement.internal.VersionConfiguringAction] Processing requested dependency 'tools.jackson.jaxrs:jackson-jaxrs-xml-provider:3.1.4' with target 'tools.jackson.jaxrs:jackson-jaxrs-xml-provider:3.1.4
2026-08-21T16:48:36.541-0300 [DEBUG] [io.spring.gradle.dependencymanagement.internal.DependencyManagementContainer] Found managed version '3.1.4' for dependency 'tools.jackson.jaxrs:jackson-jaxrs-xml-provider' in global dependency management
2026-08-21T16:48:36.541-0300 [DEBUG] [io.spring.gradle.dependencymanagement.internal.VersionConfiguringAction] Using version '3.1.4' for dependency 'tools.jackson.jaxrs:jackson-jaxrs-xml-provider:3.1.4'
2026-08-21T16:48:36.541-0300 [DEBUG] [io.spring.gradle.dependencymanagement.internal.VersionConfiguringAction] Processing requested dependency 'tools.jackson.jaxrs:jackson-jaxrs-yaml-provider:3.1.4' with target 'tools.jackson.jaxrs:jackson-jaxrs-yaml-provider:3.1.4
2026-08-21T16:48:36.541-0300 [DEBUG] [io.spring.gradle.dependencymanagement.internal.DependencyManagementContainer] Found managed version '3.1.4' for dependency 'tools.jackson.jaxrs:jackson-jaxrs-yaml-provider' in global dependency management
2026-08-21T16:48:36.541-0300 [DEBUG] [io.spring.gradle.dependencymanagement.internal.VersionConfiguringAction] Using version '3.1.4' for dependency 'tools.jackson.jaxrs:jackson-jaxrs-yaml-provider:3.1.4'
2026-08-21T16:48:36.541-0300 [DEBUG] [io.spring.gradle.dependencymanagement.internal.VersionConfiguringAction] Processing requested dependency 'tools.jackson.jakarta.rs:jackson-jakarta-rs-base:3.1.4' with target 'tools.jackson.jakarta.rs:jackson-jakarta-rs-base:3.1.4
2026-08-21T16:48:36.541-0300 [DEBUG] [io.spring.gradle.dependencymanagement.internal.DependencyManagementContainer] Found managed version '3.1.4' for dependency 'tools.jackson.jakarta.rs:jackson-jakarta-rs-base' in global dependency management
2026-08-21T16:48:36.541-0300 [DEBUG] [io.spring.gradle.dependencymanagement.internal.VersionConfiguringAction] Using version '3.1.4' for dependency 'tools.jackson.jakarta.rs:jackson-jakarta-rs-base:3.1.4'
2026-08-21T16:48:36.541-0300 [DEBUG] [io.spring.gradle.dependencymanagement.internal.VersionConfiguringAction] Processing requested dependency 'tools.jackson.jakarta.rs:jackson-jakarta-rs-cbor-provider:3.1.4' with target 'tools.jackson.jakarta.rs:jackson-jakarta-rs-cbor-provider:3.1.4
2026-08-21T16:48:36.541-0300 [DEBUG] [io.spring.gradle.dependencymanagement.internal.DependencyManagementContainer] Found managed version '3.1.4' for dependency 'tools.jackson.jakarta.rs:jackson-jakarta-rs-cbor-provider' in global dependency management
2026-08-21T16:48:36.541-0300 [DEBUG] [io.spring.gradle.dependencymanagement.internal.VersionConfiguringAction] Using version '3.1.4' for dependency 'tools.jackson.jakarta.rs:jackson-jakarta-rs-cbor-provider:3.1.4'
2026-08-21T16:48:36.541-0300 [DEBUG] [io.spring.gradle.dependencymanagement.internal.VersionConfiguringAction] Processing requested dependency 'tools.jackson.jakarta.rs:jackson-jakarta-rs-json-provider:3.1.4' with target 'tools.jackson.jakarta.rs:jackson-jakarta-rs-json-provider:3.1.4
2026-08-21T16:48:36.541-0300 [DEBUG] [io.spring.gradle.dependencymanagement.internal.DependencyManagementContainer] Found managed version '3.1.4' for dependency 'tools.jackson.jakarta.rs:jackson-jakarta-rs-json-provider' in global dependency management
2026-08-21T16:48:36.541-0300 [DEBUG] [io.spring.gradle.dependencymanagement.internal.VersionConfiguringAction] Using version '3.1.4' for dependency 'tools.jackson.jakarta.rs:jackson-jakarta-rs-json-provider:3.1.4'
2026-08-21T16:48:36.541-0300 [DEBUG] [io.spring.gradle.dependencymanagement.internal.VersionConfiguringAction] Processing requested dependency 'tools.jackson.jakarta.rs:jackson-jakarta-rs-smile-provider:3.1.4' with target 'tools.jackson.jakarta.rs:jackson-jakarta-rs-smile-provider:3.1.4
2026-08-21T16:48:36.541-0300 [DEBUG] [io.spring.gradle.dependencymanagement.internal.DependencyManagementContainer] Found managed version '3.1.4' for dependency 'tools.jackson.jakarta.rs:jackson-jakarta-rs-smile-provider' in global dependency management
2026-08-21T16:48:36.541-0300 [DEBUG] [io.spring.gradle.dependencymanagement.internal.VersionConfiguringAction] Using version '3.1.4' for dependency 'tools.jackson.jakarta.rs:jackson-jakarta-rs-smile-provider:3.1.4'
2026-08-21T16:48:36.541-0300 [DEBUG] [io.spring.gradle.dependencymanagement.internal.VersionConfiguringAction] Processing requested dependency 'tools.jackson.jakarta.rs:jackson-jakarta-rs-xml-provider:3.1.4' with target 'tools.jackson.jakarta.rs:jackson-jakarta-rs-xml-provider:3.1.4
2026-08-21T16:48:36.541-0300 [DEBUG] [io.spring.gradle.dependencymanagement.internal.DependencyManagementContainer] Found managed version '3.1.4' for dependency 'tools.jackson.jakarta.rs:jackson-jakarta-rs-xml-provider' in global dependency management
2026-08-21T16:48:36.541-0300 [DEBUG] [io.spring.gradle.dependencymanagement.internal.VersionConfiguringAction] Using version '3.1.4' for dependency 'tools.jackson.jakarta.rs:jackson-jakarta-rs-xml-provider:3.1.4'
2026-08-21T16:48:36.541-0300 [DEBUG] [io.spring.gradle.dependencymanagement.internal.VersionConfiguringAction] Processing requested dependency 'tools.jackson.jakarta.rs:jackson-jakarta-rs-yaml-provider:3.1.4' with target 'tools.jackson.jakarta.rs:jackson-jakarta-rs-yaml-provider:3.1.4
2026-08-21T16:48:36.541-0300 [DEBUG] [io.spring.gradle.dependencymanagement.internal.DependencyManagementContainer] Found managed version '3.1.4' for dependency 'tools.jackson.jakarta.rs:jackson-jakarta-rs-yaml-provider' in global dependency management
2026-08-21T16:48:36.541-0300 [DEBUG] [io.spring.gradle.dependencymanagement.internal.VersionConfiguringAction] Using version '3.1.4' for dependency 'tools.jackson.jakarta.rs:jackson-jakarta-rs-yaml-provider:3.1.4'
2026-08-21T16:48:36.541-0300 [DEBUG] [io.spring.gradle.dependencymanagement.internal.VersionConfiguringAction] Processing requested dependency 'tools.jackson.jr:jackson-jr-all:3.1.4' with target 'tools.jackson.jr:jackson-jr-all:3.1.4
2026-08-21T16:48:36.541-0300 [DEBUG] [io.spring.gradle.dependencymanagement.internal.DependencyManagementContainer] Found managed version '3.1.4' for dependency 'tools.jackson.jr:jackson-jr-all' in global dependency management
2026-08-21T16:48:36.541-0300 [DEBUG] [io.spring.gradle.dependencymanagement.internal.VersionConfiguringAction] Using version '3.1.4' for dependency 'tools.jackson.jr:jackson-jr-all:3.1.4'
2026-08-21T16:48:36.541-0300 [DEBUG] [io.spring.gradle.dependencymanagement.internal.VersionConfiguringAction] Processing requested dependency 'tools.jackson.jr:jackson-jr-annotation-support:3.1.4' with target 'tools.jackson.jr:jackson-jr-annotation-support:3.1.4
2026-08-21T16:48:36.541-0300 [DEBUG] [io.spring.gradle.dependencymanagement.internal.DependencyManagementContainer] Found managed version '3.1.4' for dependency 'tools.jackson.jr:jackson-jr-annotation-support' in global dependency management
2026-08-21T16:48:36.541-0300 [DEBUG] [io.spring.gradle.dependencymanagement.internal.VersionConfiguringAction] Using version '3.1.4' for dependency 'tools.jackson.jr:jackson-jr-annotation-support:3.1.4'
2026-08-21T16:48:36.542-0300 [DEBUG] [io.spring.gradle.dependencymanagement.internal.VersionConfiguringAction] Processing requested dependency 'tools.jackson.jr:jackson-jr-extension-javatime:3.1.4' with target 'tools.jackson.jr:jackson-jr-extension-javatime:3.1.4
2026-08-21T16:48:36.542-0300 [DEBUG] [io.spring.gradle.dependencymanagement.internal.DependencyManagementContainer] Found managed version '3.1.4' for dependency 'tools.jackson.jr:jackson-jr-extension-javatime' in global dependency management
2026-08-21T16:48:36.542-0300 [DEBUG] [io.spring.gradle.dependencymanagement.internal.VersionConfiguringAction] Using version '3.1.4' for dependency 'tools.jackson.jr:jackson-jr-extension-javatime:3.1.4'
2026-08-21T16:48:36.542-0300 [DEBUG] [io.spring.gradle.dependencymanagement.internal.VersionConfiguringAction] Processing requested dependency 'tools.jackson.jr:jackson-jr-objects:3.1.4' with target 'tools.jackson.jr:jackson-jr-objects:3.1.4
2026-08-21T16:48:36.542-0300 [DEBUG] [io.spring.gradle.dependencymanagement.internal.DependencyManagementContainer] Found managed version '3.1.4' for dependency 'tools.jackson.jr:jackson-jr-objects' in global dependency management
2026-08-21T16:48:36.542-0300 [DEBUG] [io.spring.gradle.dependencymanagement.internal.VersionConfiguringAction] Using version '3.1.4' for dependency 'tools.jackson.jr:jackson-jr-objects:3.1.4'
2026-08-21T16:48:36.542-0300 [DEBUG] [io.spring.gradle.dependencymanagement.internal.VersionConfiguringAction] Processing requested dependency 'tools.jackson.jr:jackson-jr-retrofit2:3.1.4' with target 'tools.jackson.jr:jackson-jr-retrofit2:3.1.4
2026-08-21T16:48:36.542-0300 [DEBUG] [io.spring.gradle.dependencymanagement.internal.DependencyManagementContainer] Found managed version '3.1.4' for dependency 'tools.jackson.jr:jackson-jr-retrofit2' in global dependency management
2026-08-21T16:48:36.542-0300 [DEBUG] [io.spring.gradle.dependencymanagement.internal.VersionConfiguringAction] Using version '3.1.4' for dependency 'tools.jackson.jr:jackson-jr-retrofit2:3.1.4'
2026-08-21T16:48:36.542-0300 [DEBUG] [io.spring.gradle.dependencymanagement.internal.VersionConfiguringAction] Processing requested dependency 'tools.jackson.jr:jackson-jr-stree:3.1.4' with target 'tools.jackson.jr:jackson-jr-stree:3.1.4
2026-08-21T16:48:36.542-0300 [DEBUG] [io.spring.gradle.dependencymanagement.internal.DependencyManagementContainer] Found managed version '3.1.4' for dependency 'tools.jackson.jr:jackson-jr-stree' in global dependency management
2026-08-21T16:48:36.542-0300 [DEBUG] [io.spring.gradle.dependencymanagement.internal.VersionConfiguringAction] Using version '3.1.4' for dependency 'tools.jackson.jr:jackson-jr-stree:3.1.4'
2026-08-21T16:48:36.542-0300 [DEBUG] [io.spring.gradle.dependencymanagement.internal.VersionConfiguringAction] Processing requested dependency 'tools.jackson.module:jackson-module-afterburner:3.1.4' with target 'tools.jackson.module:jackson-module-afterburner:3.1.4
2026-08-21T16:48:36.542-0300 [DEBUG] [io.spring.gradle.dependencymanagement.internal.DependencyManagementContainer] Found managed version '3.1.4' for dependency 'tools.jackson.module:jackson-module-afterburner' in global dependency management
2026-08-21T16:48:36.542-0300 [DEBUG] [io.spring.gradle.dependencymanagement.internal.VersionConfiguringAction] Using version '3.1.4' for dependency 'tools.jackson.module:jackson-module-afterburner:3.1.4'
2026-08-21T16:48:36.542-0300 [DEBUG] [io.spring.gradle.dependencymanagement.internal.VersionConfiguringAction] Processing requested dependency 'tools.jackson.module:jackson-module-android-record:3.1.4' with target 'tools.jackson.module:jackson-module-android-record:3.1.4
2026-08-21T16:48:36.542-0300 [DEBUG] [io.spring.gradle.dependencymanagement.internal.DependencyManagementContainer] Found managed version '3.1.4' for dependency 'tools.jackson.module:jackson-module-android-record' in global dependency management
2026-08-21T16:48:36.542-0300 [DEBUG] [io.spring.gradle.dependencymanagement.internal.VersionConfiguringAction] Using version '3.1.4' for dependency 'tools.jackson.module:jackson-module-android-record:3.1.4'
2026-08-21T16:48:36.542-0300 [DEBUG] [io.spring.gradle.dependencymanagement.internal.VersionConfiguringAction] Processing requested dependency 'tools.jackson.module:jackson-module-blackbird:3.1.4' with target 'tools.jackson.module:jackson-module-blackbird:3.1.4
2026-08-21T16:48:36.542-0300 [DEBUG] [io.spring.gradle.dependencymanagement.internal.DependencyManagementContainer] Found managed version '3.1.4' for dependency 'tools.jackson.module:jackson-module-blackbird' in global dependency management
2026-08-21T16:48:36.542-0300 [DEBUG] [io.spring.gradle.dependencymanagement.internal.VersionConfiguringAction] Using version '3.1.4' for dependency 'tools.jackson.module:jackson-module-blackbird:3.1.4'
2026-08-21T16:48:36.542-0300 [DEBUG] [io.spring.gradle.dependencymanagement.internal.VersionConfiguringAction] Processing requested dependency 'tools.jackson.module:jackson-module-guice:3.1.4' with target 'tools.jackson.module:jackson-module-guice:3.1.4
2026-08-21T16:48:36.542-0300 [DEBUG] [io.spring.gradle.dependencymanagement.internal.DependencyManagementContainer] Found managed version '3.1.4' for dependency 'tools.jackson.module:jackson-module-guice' in global dependency management
2026-08-21T16:48:36.542-0300 [DEBUG] [io.spring.gradle.dependencymanagement.internal.VersionConfiguringAction] Using version '3.1.4' for dependency 'tools.jackson.module:jackson-module-guice:3.1.4'
2026-08-21T16:48:36.542-0300 [DEBUG] [io.spring.gradle.dependencymanagement.internal.VersionConfiguringAction] Processing requested dependency 'tools.jackson.module:jackson-module-guice7:3.1.4' with target 'tools.jackson.module:jackson-module-guice7:3.1.4
2026-08-21T16:48:36.542-0300 [DEBUG] [io.spring.gradle.dependencymanagement.internal.DependencyManagementContainer] Found managed version '3.1.4' for dependency 'tools.jackson.module:jackson-module-guice7' in global dependency management
2026-08-21T16:48:36.542-0300 [DEBUG] [io.spring.gradle.dependencymanagement.internal.VersionConfiguringAction] Using version '3.1.4' for dependency 'tools.jackson.module:jackson-module-guice7:3.1.4'
2026-08-21T16:48:36.542-0300 [DEBUG] [io.spring.gradle.dependencymanagement.internal.VersionConfiguringAction] Processing requested dependency 'tools.jackson.module:jackson-module-jaxb-annotations:3.1.4' with target 'tools.jackson.module:jackson-module-jaxb-annotations:3.1.4
2026-08-21T16:48:36.542-0300 [DEBUG] [io.spring.gradle.dependencymanagement.internal.DependencyManagementContainer] Found managed version '3.1.4' for dependency 'tools.jackson.module:jackson-module-jaxb-annotations' in global dependency management
2026-08-21T16:48:36.542-0300 [DEBUG] [io.spring.gradle.dependencymanagement.internal.VersionConfiguringAction] Using version '3.1.4' for dependency 'tools.jackson.module:jackson-module-jaxb-annotations:3.1.4'
2026-08-21T16:48:36.542-0300 [DEBUG] [io.spring.gradle.dependencymanagement.internal.VersionConfiguringAction] Processing requested dependency 'tools.jackson.module:jackson-module-jakarta-xmlbind-annotations:3.1.4' with target 'tools.jackson.module:jackson-module-jakarta-xmlbind-annotations:3.1.4
2026-08-21T16:48:36.542-0300 [DEBUG] [io.spring.gradle.dependencymanagement.internal.DependencyManagementContainer] Found managed version '3.1.4' for dependency 'tools.jackson.module:jackson-module-jakarta-xmlbind-annotations' in global dependency management
2026-08-21T16:48:36.542-0300 [DEBUG] [io.spring.gradle.dependencymanagement.internal.VersionConfiguringAction] Using version '3.1.4' for dependency 'tools.jackson.module:jackson-module-jakarta-xmlbind-annotations:3.1.4'
2026-08-21T16:48:36.542-0300 [DEBUG] [io.spring.gradle.dependencymanagement.internal.VersionConfiguringAction] Processing requested dependency 'tools.jackson.module:jackson-module-jsonSchema:3.1.4' with target 'tools.jackson.module:jackson-module-jsonSchema:3.1.4
2026-08-21T16:48:36.542-0300 [DEBUG] [io.spring.gradle.dependencymanagement.internal.DependencyManagementContainer] Found managed version '3.1.4' for dependency 'tools.jackson.module:jackson-module-jsonSchema' in global dependency management
2026-08-21T16:48:36.542-0300 [DEBUG] [io.spring.gradle.dependencymanagement.internal.VersionConfiguringAction] Using version '3.1.4' for dependency 'tools.jackson.module:jackson-module-jsonSchema:3.1.4'
2026-08-21T16:48:36.542-0300 [DEBUG] [io.spring.gradle.dependencymanagement.internal.VersionConfiguringAction] Processing requested dependency 'tools.jackson.module:jackson-module-jsonSchema-jakarta:3.1.4' with target 'tools.jackson.module:jackson-module-jsonSchema-jakarta:3.1.4
2026-08-21T16:48:36.542-0300 [DEBUG] [io.spring.gradle.dependencymanagement.internal.DependencyManagementContainer] Found managed version '3.1.4' for dependency 'tools.jackson.module:jackson-module-jsonSchema-jakarta' in global dependency management
2026-08-21T16:48:36.542-0300 [DEBUG] [io.spring.gradle.dependencymanagement.internal.VersionConfiguringAction] Using version '3.1.4' for dependency 'tools.jackson.module:jackson-module-jsonSchema-jakarta:3.1.4'
2026-08-21T16:48:36.542-0300 [DEBUG] [io.spring.gradle.dependencymanagement.internal.VersionConfiguringAction] Processing requested dependency 'tools.jackson.module:jackson-module-kotlin:3.1.4' with target 'tools.jackson.module:jackson-module-kotlin:3.1.4
2026-08-21T16:48:36.542-0300 [DEBUG] [io.spring.gradle.dependencymanagement.internal.DependencyManagementContainer] Found managed version '3.1.4' for dependency 'tools.jackson.module:jackson-module-kotlin' in global dependency management
2026-08-21T16:48:36.542-0300 [DEBUG] [io.spring.gradle.dependencymanagement.internal.VersionConfiguringAction] Using version '3.1.4' for dependency 'tools.jackson.module:jackson-module-kotlin:3.1.4'
2026-08-21T16:48:36.542-0300 [DEBUG] [io.spring.gradle.dependencymanagement.internal.VersionConfiguringAction] Processing requested dependency 'tools.jackson.module:jackson-module-mrbean:3.1.4' with target 'tools.jackson.module:jackson-module-mrbean:3.1.4
2026-08-21T16:48:36.542-0300 [DEBUG] [io.spring.gradle.dependencymanagement.internal.DependencyManagementContainer] Found managed version '3.1.4' for dependency 'tools.jackson.module:jackson-module-mrbean' in global dependency management
2026-08-21T16:48:36.542-0300 [DEBUG] [io.spring.gradle.dependencymanagement.internal.VersionConfiguringAction] Using version '3.1.4' for dependency 'tools.jackson.module:jackson-module-mrbean:3.1.4'
2026-08-21T16:48:36.542-0300 [DEBUG] [io.spring.gradle.dependencymanagement.internal.VersionConfiguringAction] Processing requested dependency 'tools.jackson.module:jackson-module-no-ctor-deser:3.1.4' with target 'tools.jackson.module:jackson-module-no-ctor-deser:3.1.4
2026-08-21T16:48:36.542-0300 [DEBUG] [io.spring.gradle.dependencymanagement.internal.DependencyManagementContainer] Found managed version '3.1.4' for dependency 'tools.jackson.module:jackson-module-no-ctor-deser' in global dependency management
2026-08-21T16:48:36.542-0300 [DEBUG] [io.spring.gradle.dependencymanagement.internal.VersionConfiguringAction] Using version '3.1.4' for dependency 'tools.jackson.module:jackson-module-no-ctor-deser:3.1.4'
2026-08-21T16:48:36.542-0300 [DEBUG] [io.spring.gradle.dependencymanagement.internal.VersionConfiguringAction] Processing requested dependency 'tools.jackson.module:jackson-module-osgi:3.1.4' with target 'tools.jackson.module:jackson-module-osgi:3.1.4
2026-08-21T16:48:36.542-0300 [DEBUG] [io.spring.gradle.dependencymanagement.internal.DependencyManagementContainer] Found managed version '3.1.4' for dependency 'tools.jackson.module:jackson-module-osgi' in global dependency management
2026-08-21T16:48:36.542-0300 [DEBUG] [io.spring.gradle.dependencymanagement.internal.VersionConfiguringAction] Using version '3.1.4' for dependency 'tools.jackson.module:jackson-module-osgi:3.1.4'
2026-08-21T16:48:36.542-0300 [DEBUG] [io.spring.gradle.dependencymanagement.internal.VersionConfiguringAction] Processing requested dependency 'tools.jackson.module:jackson-module-scala_2.12:3.1.4' with target 'tools.jackson.module:jackson-module-scala_2.12:3.1.4
2026-08-21T16:48:36.542-0300 [DEBUG] [io.spring.gradle.dependencymanagement.internal.DependencyManagementContainer] Found managed version '3.1.4' for dependency 'tools.jackson.module:jackson-module-scala_2.12' in global dependency management
2026-08-21T16:48:36.543-0300 [DEBUG] [io.spring.gradle.dependencymanagement.internal.VersionConfiguringAction] Using version '3.1.4' for dependency 'tools.jackson.module:jackson-module-scala_2.12:3.1.4'
2026-08-21T16:48:36.543-0300 [DEBUG] [io.spring.gradle.dependencymanagement.internal.VersionConfiguringAction] Processing requested dependency 'tools.jackson.module:jackson-module-scala_2.13:3.1.4' with target 'tools.jackson.module:jackson-module-scala_2.13:3.1.4
2026-08-21T16:48:36.543-0300 [DEBUG] [io.spring.gradle.dependencymanagement.internal.DependencyManagementContainer] Found managed version '3.1.4' for dependency 'tools.jackson.module:jackson-module-scala_2.13' in global dependency management
2026-08-21T16:48:36.543-0300 [DEBUG] [io.spring.gradle.dependencymanagement.internal.VersionConfiguringAction] Using version '3.1.4' for dependency 'tools.jackson.module:jackson-module-scala_2.13:3.1.4'
2026-08-21T16:48:36.543-0300 [DEBUG] [io.spring.gradle.dependencymanagement.internal.VersionConfiguringAction] Processing requested dependency 'tools.jackson.module:jackson-module-scala_3:3.1.4' with target 'tools.jackson.module:jackson-module-scala_3:3.1.4
2026-08-21T16:48:36.543-0300 [DEBUG] [io.spring.gradle.dependencymanagement.internal.DependencyManagementContainer] Found managed version '3.1.4' for dependency 'tools.jackson.module:jackson-module-scala_3' in global dependency management
2026-08-21T16:48:36.543-0300 [DEBUG] [io.spring.gradle.dependencymanagement.internal.VersionConfiguringAction] Using version '3.1.4' for dependency 'tools.jackson.module:jackson-module-scala_3:3.1.4'
2026-08-21T16:48:36.543-0300 [DEBUG] [io.spring.gradle.dependencymanagement.internal.VersionConfiguringAction] Processing requested dependency 'org.springframework.boot:spring-boot-netty:4.1.0' with target 'org.springframework.boot:spring-boot-netty:4.1.0
2026-08-21T16:48:36.543-0300 [DEBUG] [io.spring.gradle.dependencymanagement.internal.DependencyManagementContainer] Found managed version '4.1.0' for dependency 'org.springframework.boot:spring-boot-netty' in global dependency management
2026-08-21T16:48:36.543-0300 [DEBUG] [io.spring.gradle.dependencymanagement.internal.VersionConfiguringAction] Using version '4.1.0' for dependency 'org.springframework.boot:spring-boot-netty:4.1.0'
2026-08-21T16:48:36.543-0300 [DEBUG] [io.spring.gradle.dependencymanagement.internal.VersionConfiguringAction] Processing requested dependency 'io.lettuce:lettuce-core:7.5.2.RELEASE' with target 'io.lettuce:lettuce-core:7.5.2.RELEASE
2026-08-21T16:48:36.543-0300 [DEBUG] [io.spring.gradle.dependencymanagement.internal.DependencyManagementContainer] Found managed version '7.5.2.RELEASE' for dependency 'io.lettuce:lettuce-core' in global dependency management
2026-08-21T16:48:36.543-0300 [DEBUG] [io.spring.gradle.dependencymanagement.internal.VersionConfiguringAction] Using version '7.5.2.RELEASE' for dependency 'io.lettuce:lettuce-core:7.5.2.RELEASE'
2026-08-21T16:48:36.543-0300 [DEBUG] [io.spring.gradle.dependencymanagement.internal.VersionConfiguringAction] Processing requested dependency 'org.springframework.data:spring-data-redis:4.1.0' with target 'org.springframework.data:spring-data-redis:4.1.0
2026-08-21T16:48:36.543-0300 [DEBUG] [io.spring.gradle.dependencymanagement.internal.DependencyManagementContainer] Found managed version '4.1.0' for dependency 'org.springframework.data:spring-data-redis' in global dependency management
2026-08-21T16:48:36.543-0300 [DEBUG] [io.spring.gradle.dependencymanagement.internal.VersionConfiguringAction] Using version '4.1.0' for dependency 'org.springframework.data:spring-data-redis:4.1.0'
2026-08-21T16:48:36.543-0300 [DEBUG] [org.gradle.api.internal.artifacts.ivyservice.ivyresolve.RepositoryChainComponentMetaDataResolver] Attempting to resolve component for org.springframework.boot:spring-boot-netty:4.1.0 using repositories [MavenRepo]
2026-08-21T16:48:36.543-0300 [DEBUG] [org.gradle.api.internal.artifacts.ivyservice.ivyresolve.CachingModuleComponentRepository] Using cached module metadata for module 'org.springframework.boot:spring-boot-netty:4.1.0' in 'MavenRepo'
2026-08-21T16:48:36.543-0300 [DEBUG] [org.gradle.api.internal.artifacts.ivyservice.ivyresolve.RepositoryChainComponentMetaDataResolver] Using org.springframework.boot:spring-boot-netty:4.1.0 from org.gradle.api.internal.artifacts.ivyservice.ivyresolve.FilteredModuleComponentRepository@2cd54e3f
2026-08-21T16:48:36.543-0300 [DEBUG] [org.gradle.api.internal.artifacts.ivyservice.ivyresolve.RepositoryChainComponentMetaDataResolver] Attempting to resolve component for io.lettuce:lettuce-core:7.5.2.RELEASE using repositories [MavenRepo]
2026-08-21T16:48:36.543-0300 [DEBUG] [org.gradle.api.internal.artifacts.ivyservice.ivyresolve.CachingModuleComponentRepository] Using cached module metadata for module 'io.lettuce:lettuce-core:7.5.2.RELEASE' in 'MavenRepo'
2026-08-21T16:48:36.543-0300 [DEBUG] [org.gradle.api.internal.artifacts.ivyservice.ivyresolve.RepositoryChainComponentMetaDataResolver] Using io.lettuce:lettuce-core:7.5.2.RELEASE from org.gradle.api.internal.artifacts.ivyservice.ivyresolve.FilteredModuleComponentRepository@2cd54e3f
2026-08-21T16:48:36.543-0300 [DEBUG] [org.gradle.api.internal.artifacts.ivyservice.ivyresolve.RepositoryChainComponentMetaDataResolver] Attempting to resolve component for org.springframework.data:spring-data-redis:4.1.0 using repositories [MavenRepo]
2026-08-21T16:48:36.543-0300 [DEBUG] [org.gradle.api.internal.artifacts.ivyservice.ivyresolve.CachingModuleComponentRepository] Using cached module metadata for module 'org.springframework.data:spring-data-redis:4.1.0' in 'MavenRepo'
2026-08-21T16:48:36.543-0300 [DEBUG] [org.gradle.api.internal.artifacts.ivyservice.ivyresolve.RepositoryChainComponentMetaDataResolver] Using org.springframework.data:spring-data-redis:4.1.0 from org.gradle.api.internal.artifacts.ivyservice.ivyresolve.FilteredModuleComponentRepository@2cd54e3f
2026-08-21T16:48:36.543-0300 [DEBUG] [io.spring.gradle.dependencymanagement.internal.VersionConfiguringAction] Processing requested dependency 'org.springframework:spring-beans:7.0.8' with target 'org.springframework:spring-beans:7.0.8
2026-08-21T16:48:36.543-0300 [DEBUG] [io.spring.gradle.dependencymanagement.internal.DependencyManagementContainer] Found managed version '7.0.8' for dependency 'org.springframework:spring-beans' in global dependency management
2026-08-21T16:48:36.543-0300 [DEBUG] [io.spring.gradle.dependencymanagement.internal.VersionConfiguringAction] Using version '7.0.8' for dependency 'org.springframework:spring-beans:7.0.8'
2026-08-21T16:48:36.543-0300 [DEBUG] [io.spring.gradle.dependencymanagement.internal.VersionConfiguringAction] Processing requested dependency 'org.springframework:spring-core:7.0.8' with target 'org.springframework:spring-core:7.0.8
2026-08-21T16:48:36.543-0300 [DEBUG] [io.spring.gradle.dependencymanagement.internal.DependencyManagementContainer] Found managed version '7.0.8' for dependency 'org.springframework:spring-core' in global dependency management
2026-08-21T16:48:36.543-0300 [DEBUG] [io.spring.gradle.dependencymanagement.internal.VersionConfiguringAction] Using version '7.0.8' for dependency 'org.springframework:spring-core:7.0.8'
2026-08-21T16:48:36.543-0300 [DEBUG] [org.gradle.api.internal.artifacts.ivyservice.ivyresolve.RepositoryChainComponentMetaDataResolver] Attempting to resolve component for org.springframework:spring-beans:7.0.8 using repositories [MavenRepo]
2026-08-21T16:48:36.543-0300 [DEBUG] [org.gradle.api.internal.artifacts.ivyservice.ivyresolve.CachingModuleComponentRepository] Using cached module metadata for module 'org.springframework:spring-beans:7.0.8' in 'MavenRepo'
2026-08-21T16:48:36.543-0300 [DEBUG] [org.gradle.api.internal.artifacts.ivyservice.ivyresolve.RepositoryChainComponentMetaDataResolver] Using org.springframework:spring-beans:7.0.8 from org.gradle.api.internal.artifacts.ivyservice.ivyresolve.FilteredModuleComponentRepository@2cd54e3f
2026-08-21T16:48:36.543-0300 [DEBUG] [org.gradle.api.internal.artifacts.ivyservice.ivyresolve.RepositoryChainComponentMetaDataResolver] Attempting to resolve component for org.springframework:spring-core:7.0.8 using repositories [MavenRepo]
2026-08-21T16:48:36.543-0300 [DEBUG] [org.gradle.api.internal.artifacts.ivyservice.ivyresolve.CachingModuleComponentRepository] Using cached module metadata for module 'org.springframework:spring-core:7.0.8' in 'MavenRepo'
2026-08-21T16:48:36.543-0300 [DEBUG] [org.gradle.api.internal.artifacts.ivyservice.ivyresolve.RepositoryChainComponentMetaDataResolver] Using org.springframework:spring-core:7.0.8 from org.gradle.api.internal.artifacts.ivyservice.ivyresolve.FilteredModuleComponentRepository@2cd54e3f
2026-08-21T16:48:36.543-0300 [DEBUG] [io.spring.gradle.dependencymanagement.internal.VersionConfiguringAction] Processing requested dependency 'ch.qos.logback:logback-core:1.5.34' with target 'ch.qos.logback:logback-core:1.5.34
2026-08-21T16:48:36.543-0300 [DEBUG] [io.spring.gradle.dependencymanagement.internal.DependencyManagementContainer] Found managed version '1.5.34' for dependency 'ch.qos.logback:logback-core' in global dependency management
2026-08-21T16:48:36.544-0300 [DEBUG] [io.spring.gradle.dependencymanagement.internal.VersionConfiguringAction] Using version '1.5.34' for dependency 'ch.qos.logback:logback-core:1.5.34'
2026-08-21T16:48:36.544-0300 [DEBUG] [io.spring.gradle.dependencymanagement.internal.VersionConfiguringAction] Processing requested dependency 'org.slf4j:slf4j-api:2.0.17' with target 'org.slf4j:slf4j-api:2.0.17
2026-08-21T16:48:36.544-0300 [DEBUG] [io.spring.gradle.dependencymanagement.internal.DependencyManagementContainer] Found managed version '2.0.18' for dependency 'org.slf4j:slf4j-api' in global dependency management
2026-08-21T16:48:36.544-0300 [DEBUG] [io.spring.gradle.dependencymanagement.internal.VersionConfiguringAction] Using version '2.0.18' for dependency 'org.slf4j:slf4j-api:2.0.17'
2026-08-21T16:48:36.544-0300 [DEBUG] [org.gradle.api.internal.artifacts.ivyservice.ivyresolve.RepositoryChainComponentMetaDataResolver] Attempting to resolve component for ch.qos.logback:logback-core:1.5.34 using repositories [MavenRepo]
2026-08-21T16:48:36.544-0300 [DEBUG] [org.gradle.api.internal.artifacts.ivyservice.ivyresolve.CachingModuleComponentRepository] Using cached module metadata for module 'ch.qos.logback:logback-core:1.5.34' in 'MavenRepo'
2026-08-21T16:48:36.544-0300 [DEBUG] [org.gradle.api.internal.artifacts.ivyservice.ivyresolve.RepositoryChainComponentMetaDataResolver] Using ch.qos.logback:logback-core:1.5.34 from org.gradle.api.internal.artifacts.ivyservice.ivyresolve.FilteredModuleComponentRepository@2cd54e3f
2026-08-21T16:48:36.544-0300 [DEBUG] [org.gradle.api.internal.artifacts.ivyservice.ivyresolve.RepositoryChainComponentMetaDataResolver] Attempting to resolve component for org.slf4j:slf4j-api:2.0.18 using repositories [MavenRepo]
2026-08-21T16:48:36.544-0300 [DEBUG] [org.gradle.api.internal.artifacts.ivyservice.ivyresolve.CachingModuleComponentRepository] Using cached module metadata for module 'org.slf4j:slf4j-api:2.0.18' in 'MavenRepo'
2026-08-21T16:48:36.544-0300 [DEBUG] [org.gradle.api.internal.artifacts.ivyservice.ivyresolve.RepositoryChainComponentMetaDataResolver] Using org.slf4j:slf4j-api:2.0.18 from org.gradle.api.internal.artifacts.ivyservice.ivyresolve.FilteredModuleComponentRepository@2cd54e3f
2026-08-21T16:48:36.544-0300 [DEBUG] [io.spring.gradle.dependencymanagement.internal.VersionConfiguringAction] Processing requested dependency 'org.apache.logging.log4j:log4j-api:2.25.4' with target 'org.apache.logging.log4j:log4j-api:2.25.4
2026-08-21T16:48:36.544-0300 [DEBUG] [io.spring.gradle.dependencymanagement.internal.DependencyManagementContainer] Found managed version '2.25.4' for dependency 'org.apache.logging.log4j:log4j-api' in global dependency management
2026-08-21T16:48:36.544-0300 [DEBUG] [io.spring.gradle.dependencymanagement.internal.VersionConfiguringAction] Using version '2.25.4' for dependency 'org.apache.logging.log4j:log4j-api:2.25.4'
2026-08-21T16:48:36.544-0300 [DEBUG] [org.gradle.api.internal.artifacts.ivyservice.ivyresolve.RepositoryChainComponentMetaDataResolver] Attempting to resolve component for org.apache.logging.log4j:log4j-api:2.25.4 using repositories [MavenRepo]
2026-08-21T16:48:36.544-0300 [DEBUG] [org.gradle.api.internal.artifacts.ivyservice.ivyresolve.CachingModuleComponentRepository] Using cached module metadata for module 'org.apache.logging.log4j:log4j-api:2.25.4' in 'MavenRepo'
2026-08-21T16:48:36.544-0300 [DEBUG] [org.gradle.api.internal.artifacts.ivyservice.ivyresolve.RepositoryChainComponentMetaDataResolver] Using org.apache.logging.log4j:log4j-api:2.25.4 from org.gradle.api.internal.artifacts.ivyservice.ivyresolve.FilteredModuleComponentRepository@2cd54e3f
2026-08-21T16:48:36.544-0300 [DEBUG] [io.spring.gradle.dependencymanagement.internal.VersionConfiguringAction] Processing requested dependency 'org.slf4j:slf4j-api:2.0.18' with target 'org.slf4j:slf4j-api:2.0.18
2026-08-21T16:48:36.544-0300 [DEBUG] [io.spring.gradle.dependencymanagement.internal.DependencyManagementContainer] Found managed version '2.0.18' for dependency 'org.slf4j:slf4j-api' in global dependency management
2026-08-21T16:48:36.544-0300 [DEBUG] [io.spring.gradle.dependencymanagement.internal.VersionConfiguringAction] Using version '2.0.18' for dependency 'org.slf4j:slf4j-api:2.0.18'
2026-08-21T16:48:36.544-0300 [DEBUG] [io.spring.gradle.dependencymanagement.internal.VersionConfiguringAction] Processing requested dependency 'org.springframework:spring-context:7.0.8' with target 'org.springframework:spring-context:7.0.8
2026-08-21T16:48:36.544-0300 [DEBUG] [io.spring.gradle.dependencymanagement.internal.DependencyManagementContainer] Found managed version '7.0.8' for dependency 'org.springframework:spring-context' in global dependency management
2026-08-21T16:48:36.544-0300 [DEBUG] [io.spring.gradle.dependencymanagement.internal.VersionConfiguringAction] Using version '7.0.8' for dependency 'org.springframework:spring-context:7.0.8'
2026-08-21T16:48:36.544-0300 [DEBUG] [org.gradle.api.internal.artifacts.ivyservice.ivyresolve.RepositoryChainComponentMetaDataResolver] Attempting to resolve component for org.springframework:spring-context:7.0.8 using repositories [MavenRepo]
2026-08-21T16:48:36.545-0300 [DEBUG] [org.gradle.api.internal.artifacts.ivyservice.ivyresolve.CachingModuleComponentRepository] Using cached module metadata for module 'org.springframework:spring-context:7.0.8' in 'MavenRepo'
2026-08-21T16:48:36.545-0300 [DEBUG] [org.gradle.api.internal.artifacts.ivyservice.ivyresolve.RepositoryChainComponentMetaDataResolver] Using org.springframework:spring-context:7.0.8 from org.gradle.api.internal.artifacts.ivyservice.ivyresolve.FilteredModuleComponentRepository@2cd54e3f
2026-08-21T16:48:36.545-0300 [DEBUG] [io.spring.gradle.dependencymanagement.internal.VersionConfiguringAction] Processing requested dependency 'org.springframework.boot:spring-boot-web-server:4.1.0' with target 'org.springframework.boot:spring-boot-web-server:4.1.0
2026-08-21T16:48:36.545-0300 [DEBUG] [io.spring.gradle.dependencymanagement.internal.DependencyManagementContainer] Found managed version '4.1.0' for dependency 'org.springframework.boot:spring-boot-web-server' in global dependency management
2026-08-21T16:48:36.545-0300 [DEBUG] [io.spring.gradle.dependencymanagement.internal.VersionConfiguringAction] Using version '4.1.0' for dependency 'org.springframework.boot:spring-boot-web-server:4.1.0'
2026-08-21T16:48:36.545-0300 [DEBUG] [io.spring.gradle.dependencymanagement.internal.VersionConfiguringAction] Processing requested dependency 'org.apache.tomcat.embed:tomcat-embed-core:11.0.22' with target 'org.apache.tomcat.embed:tomcat-embed-core:11.0.22
2026-08-21T16:48:36.545-0300 [DEBUG] [io.spring.gradle.dependencymanagement.internal.DependencyManagementContainer] Found managed version '11.0.22' for dependency 'org.apache.tomcat.embed:tomcat-embed-core' in global dependency management
2026-08-21T16:48:36.545-0300 [DEBUG] [io.spring.gradle.dependencymanagement.internal.VersionConfiguringAction] Using version '11.0.22' for dependency 'org.apache.tomcat.embed:tomcat-embed-core:11.0.22'
2026-08-21T16:48:36.545-0300 [DEBUG] [io.spring.gradle.dependencymanagement.internal.VersionConfiguringAction] Processing requested dependency 'org.apache.tomcat.embed:tomcat-embed-el:11.0.22' with target 'org.apache.tomcat.embed:tomcat-embed-el:11.0.22
2026-08-21T16:48:36.545-0300 [DEBUG] [io.spring.gradle.dependencymanagement.internal.DependencyManagementContainer] Found managed version '11.0.22' for dependency 'org.apache.tomcat.embed:tomcat-embed-el' in global dependency management
2026-08-21T16:48:36.545-0300 [DEBUG] [io.spring.gradle.dependencymanagement.internal.VersionConfiguringAction] Using version '11.0.22' for dependency 'org.apache.tomcat.embed:tomcat-embed-el:11.0.22'
2026-08-21T16:48:36.545-0300 [DEBUG] [io.spring.gradle.dependencymanagement.internal.VersionConfiguringAction] Processing requested dependency 'org.apache.tomcat.embed:tomcat-embed-websocket:11.0.22' with target 'org.apache.tomcat.embed:tomcat-embed-websocket:11.0.22
2026-08-21T16:48:36.545-0300 [DEBUG] [io.spring.gradle.dependencymanagement.internal.DependencyManagementContainer] Found managed version '11.0.22' for dependency 'org.apache.tomcat.embed:tomcat-embed-websocket' in global dependency management
2026-08-21T16:48:36.545-0300 [DEBUG] [io.spring.gradle.dependencymanagement.internal.VersionConfiguringAction] Using version '11.0.22' for dependency 'org.apache.tomcat.embed:tomcat-embed-websocket:11.0.22'
2026-08-21T16:48:36.545-0300 [DEBUG] [org.gradle.api.internal.artifacts.ivyservice.ivyresolve.RepositoryChainComponentMetaDataResolver] Attempting to resolve component for org.springframework.boot:spring-boot-web-server:4.1.0 using repositories [MavenRepo]
2026-08-21T16:48:36.545-0300 [DEBUG] [org.gradle.api.internal.artifacts.ivyservice.ivyresolve.CachingModuleComponentRepository] Using cached module metadata for module 'org.springframework.boot:spring-boot-web-server:4.1.0' in 'MavenRepo'
2026-08-21T16:48:36.545-0300 [DEBUG] [org.gradle.api.internal.artifacts.ivyservice.ivyresolve.RepositoryChainComponentMetaDataResolver] Using org.springframework.boot:spring-boot-web-server:4.1.0 from org.gradle.api.internal.artifacts.ivyservice.ivyresolve.FilteredModuleComponentRepository@2cd54e3f
2026-08-21T16:48:36.545-0300 [DEBUG] [org.gradle.api.internal.artifacts.ivyservice.ivyresolve.RepositoryChainComponentMetaDataResolver] Attempting to resolve component for org.apache.tomcat.embed:tomcat-embed-core:11.0.22 using repositories [MavenRepo]
2026-08-21T16:48:36.545-0300 [DEBUG] [org.gradle.api.internal.artifacts.ivyservice.ivyresolve.CachingModuleComponentRepository] Using cached module metadata for module 'org.apache.tomcat.embed:tomcat-embed-core:11.0.22' in 'MavenRepo'
2026-08-21T16:48:36.545-0300 [DEBUG] [org.gradle.api.internal.artifacts.ivyservice.ivyresolve.RepositoryChainComponentMetaDataResolver] Using org.apache.tomcat.embed:tomcat-embed-core:11.0.22 from org.gradle.api.internal.artifacts.ivyservice.ivyresolve.FilteredModuleComponentRepository@2cd54e3f
2026-08-21T16:48:36.545-0300 [DEBUG] [org.gradle.api.internal.artifacts.ivyservice.ivyresolve.RepositoryChainComponentMetaDataResolver] Attempting to resolve component for org.apache.tomcat.embed:tomcat-embed-el:11.0.22 using repositories [MavenRepo]
2026-08-21T16:48:36.545-0300 [DEBUG] [org.gradle.api.internal.artifacts.ivyservice.ivyresolve.CachingModuleComponentRepository] Using cached module metadata for module 'org.apache.tomcat.embed:tomcat-embed-el:11.0.22' in 'MavenRepo'
2026-08-21T16:48:36.545-0300 [DEBUG] [org.gradle.api.internal.artifacts.ivyservice.ivyresolve.RepositoryChainComponentMetaDataResolver] Using org.apache.tomcat.embed:tomcat-embed-el:11.0.22 from org.gradle.api.internal.artifacts.ivyservice.ivyresolve.FilteredModuleComponentRepository@2cd54e3f
2026-08-21T16:48:36.545-0300 [DEBUG] [org.gradle.api.internal.artifacts.ivyservice.ivyresolve.RepositoryChainComponentMetaDataResolver] Attempting to resolve component for org.apache.tomcat.embed:tomcat-embed-websocket:11.0.22 using repositories [MavenRepo]
2026-08-21T16:48:36.545-0300 [DEBUG] [org.gradle.api.internal.artifacts.ivyservice.ivyresolve.CachingModuleComponentRepository] Using cached module metadata for module 'org.apache.tomcat.embed:tomcat-embed-websocket:11.0.22' in 'MavenRepo'
2026-08-21T16:48:36.545-0300 [DEBUG] [org.gradle.api.internal.artifacts.ivyservice.ivyresolve.RepositoryChainComponentMetaDataResolver] Using org.apache.tomcat.embed:tomcat-embed-websocket:11.0.22 from org.gradle.api.internal.artifacts.ivyservice.ivyresolve.FilteredModuleComponentRepository@2cd54e3f
2026-08-21T16:48:36.545-0300 [DEBUG] [io.spring.gradle.dependencymanagement.internal.VersionConfiguringAction] Processing requested dependency 'io.micrometer:micrometer-observation:1.16.6' with target 'io.micrometer:micrometer-observation:1.16.6
2026-08-21T16:48:36.545-0300 [DEBUG] [io.spring.gradle.dependencymanagement.internal.DependencyManagementContainer] Found managed version '1.17.0' for dependency 'io.micrometer:micrometer-observation' in global dependency management
2026-08-21T16:48:36.545-0300 [DEBUG] [io.spring.gradle.dependencymanagement.internal.VersionConfiguringAction] Using version '1.17.0' for dependency 'io.micrometer:micrometer-observation:1.16.6'
2026-08-21T16:48:36.545-0300 [DEBUG] [org.gradle.api.internal.artifacts.ivyservice.ivyresolve.RepositoryChainComponentMetaDataResolver] Attempting to resolve component for io.micrometer:micrometer-observation:1.17.0 using repositories [MavenRepo]
2026-08-21T16:48:36.545-0300 [DEBUG] [org.gradle.api.internal.artifacts.ivyservice.ivyresolve.CachingModuleComponentRepository] Using cached module metadata for module 'io.micrometer:micrometer-observation:1.17.0' in 'MavenRepo'
2026-08-21T16:48:36.545-0300 [DEBUG] [org.gradle.api.internal.artifacts.ivyservice.ivyresolve.RepositoryChainComponentMetaDataResolver] Using io.micrometer:micrometer-observation:1.17.0 from org.gradle.api.internal.artifacts.ivyservice.ivyresolve.FilteredModuleComponentRepository@2cd54e3f
2026-08-21T16:48:36.545-0300 [DEBUG] [io.spring.gradle.dependencymanagement.internal.VersionConfiguringAction] Processing requested dependency 'org.springframework:spring-aop:7.0.8' with target 'org.springframework:spring-aop:7.0.8
2026-08-21T16:48:36.545-0300 [DEBUG] [io.spring.gradle.dependencymanagement.internal.DependencyManagementContainer] Found managed version '7.0.8' for dependency 'org.springframework:spring-aop' in global dependency management
2026-08-21T16:48:36.545-0300 [DEBUG] [io.spring.gradle.dependencymanagement.internal.VersionConfiguringAction] Using version '7.0.8' for dependency 'org.springframework:spring-aop:7.0.8'
2026-08-21T16:48:36.545-0300 [DEBUG] [io.spring.gradle.dependencymanagement.internal.VersionConfiguringAction] Processing requested dependency 'org.springframework:spring-expression:7.0.8' with target 'org.springframework:spring-expression:7.0.8
2026-08-21T16:48:36.545-0300 [DEBUG] [io.spring.gradle.dependencymanagement.internal.DependencyManagementContainer] Found managed version '7.0.8' for dependency 'org.springframework:spring-expression' in global dependency management
2026-08-21T16:48:36.545-0300 [DEBUG] [io.spring.gradle.dependencymanagement.internal.VersionConfiguringAction] Using version '7.0.8' for dependency 'org.springframework:spring-expression:7.0.8'
2026-08-21T16:48:36.545-0300 [DEBUG] [org.gradle.api.internal.artifacts.ivyservice.ivyresolve.RepositoryChainComponentMetaDataResolver] Attempting to resolve component for org.springframework:spring-aop:7.0.8 using repositories [MavenRepo]
2026-08-21T16:48:36.545-0300 [DEBUG] [org.gradle.api.internal.artifacts.ivyservice.ivyresolve.CachingModuleComponentRepository] Using cached module metadata for module 'org.springframework:spring-aop:7.0.8' in 'MavenRepo'
2026-08-21T16:48:36.545-0300 [DEBUG] [org.gradle.api.internal.artifacts.ivyservice.ivyresolve.RepositoryChainComponentMetaDataResolver] Using org.springframework:spring-aop:7.0.8 from org.gradle.api.internal.artifacts.ivyservice.ivyresolve.FilteredModuleComponentRepository@2cd54e3f
2026-08-21T16:48:36.545-0300 [DEBUG] [org.gradle.api.internal.artifacts.ivyservice.ivyresolve.RepositoryChainComponentMetaDataResolver] Attempting to resolve component for org.springframework:spring-expression:7.0.8 using repositories [MavenRepo]
2026-08-21T16:48:36.545-0300 [DEBUG] [org.gradle.api.internal.artifacts.ivyservice.ivyresolve.CachingModuleComponentRepository] Using cached module metadata for module 'org.springframework:spring-expression:7.0.8' in 'MavenRepo'
2026-08-21T16:48:36.545-0300 [DEBUG] [org.gradle.api.internal.artifacts.ivyservice.ivyresolve.RepositoryChainComponentMetaDataResolver] Using org.springframework:spring-expression:7.0.8 from org.gradle.api.internal.artifacts.ivyservice.ivyresolve.FilteredModuleComponentRepository@2cd54e3f
2026-08-21T16:48:36.546-0300 [DEBUG] [io.spring.gradle.dependencymanagement.internal.VersionConfiguringAction] Processing requested dependency 'org.springframework.boot:spring-boot-persistence:4.1.0' with target 'org.springframework.boot:spring-boot-persistence:4.1.0
2026-08-21T16:48:36.546-0300 [DEBUG] [io.spring.gradle.dependencymanagement.internal.DependencyManagementContainer] Found managed version '4.1.0' for dependency 'org.springframework.boot:spring-boot-persistence' in global dependency management
2026-08-21T16:48:36.546-0300 [DEBUG] [io.spring.gradle.dependencymanagement.internal.VersionConfiguringAction] Using version '4.1.0' for dependency 'org.springframework.boot:spring-boot-persistence:4.1.0'
2026-08-21T16:48:36.546-0300 [DEBUG] [io.spring.gradle.dependencymanagement.internal.VersionConfiguringAction] Processing requested dependency 'org.springframework.data:spring-data-commons:4.1.0' with target 'org.springframework.data:spring-data-commons:4.1.0
2026-08-21T16:48:36.546-0300 [DEBUG] [io.spring.gradle.dependencymanagement.internal.DependencyManagementContainer] Found managed version '4.1.0' for dependency 'org.springframework.data:spring-data-commons' in global dependency management
2026-08-21T16:48:36.546-0300 [DEBUG] [io.spring.gradle.dependencymanagement.internal.VersionConfiguringAction] Using version '4.1.0' for dependency 'org.springframework.data:spring-data-commons:4.1.0'
2026-08-21T16:48:36.546-0300 [DEBUG] [org.gradle.api.internal.artifacts.ivyservice.ivyresolve.RepositoryChainComponentMetaDataResolver] Attempting to resolve component for org.springframework.boot:spring-boot-persistence:4.1.0 using repositories [MavenRepo]
2026-08-21T16:48:36.546-0300 [DEBUG] [org.gradle.api.internal.artifacts.ivyservice.ivyresolve.CachingModuleComponentRepository] Using cached module metadata for module 'org.springframework.boot:spring-boot-persistence:4.1.0' in 'MavenRepo'
2026-08-21T16:48:36.546-0300 [DEBUG] [org.gradle.api.internal.artifacts.ivyservice.ivyresolve.RepositoryChainComponentMetaDataResolver] Using org.springframework.boot:spring-boot-persistence:4.1.0 from org.gradle.api.internal.artifacts.ivyservice.ivyresolve.FilteredModuleComponentRepository@2cd54e3f
2026-08-21T16:48:36.546-0300 [DEBUG] [org.gradle.api.internal.artifacts.ivyservice.ivyresolve.RepositoryChainComponentMetaDataResolver] Attempting to resolve component for org.springframework.data:spring-data-commons:4.1.0 using repositories [MavenRepo]
2026-08-21T16:48:36.546-0300 [DEBUG] [org.gradle.api.internal.artifacts.ivyservice.ivyresolve.CachingModuleComponentRepository] Using cached module metadata for module 'org.springframework.data:spring-data-commons:4.1.0' in 'MavenRepo'
2026-08-21T16:48:36.546-0300 [DEBUG] [org.gradle.api.internal.artifacts.ivyservice.ivyresolve.RepositoryChainComponentMetaDataResolver] Using org.springframework.data:spring-data-commons:4.1.0 from org.gradle.api.internal.artifacts.ivyservice.ivyresolve.FilteredModuleComponentRepository@2cd54e3f
2026-08-21T16:48:36.546-0300 [DEBUG] [io.spring.gradle.dependencymanagement.internal.VersionConfiguringAction] Processing requested dependency 'org.springframework.boot:spring-boot-jpa:4.1.0' with target 'org.springframework.boot:spring-boot-jpa:4.1.0
2026-08-21T16:48:36.546-0300 [DEBUG] [io.spring.gradle.dependencymanagement.internal.DependencyManagementContainer] Found managed version '4.1.0' for dependency 'org.springframework.boot:spring-boot-jpa' in global dependency management
2026-08-21T16:48:36.546-0300 [DEBUG] [io.spring.gradle.dependencymanagement.internal.VersionConfiguringAction] Using version '4.1.0' for dependency 'org.springframework.boot:spring-boot-jpa:4.1.0'
2026-08-21T16:48:36.546-0300 [DEBUG] [io.spring.gradle.dependencymanagement.internal.VersionConfiguringAction] Processing requested dependency 'org.hibernate.orm:hibernate-core:7.4.1.Final' with target 'org.hibernate.orm:hibernate-core:7.4.1.Final
2026-08-21T16:48:36.546-0300 [DEBUG] [io.spring.gradle.dependencymanagement.internal.DependencyManagementContainer] Found managed version '7.4.1.Final' for dependency 'org.hibernate.orm:hibernate-core' in global dependency management
2026-08-21T16:48:36.546-0300 [DEBUG] [io.spring.gradle.dependencymanagement.internal.VersionConfiguringAction] Using version '7.4.1.Final' for dependency 'org.hibernate.orm:hibernate-core:7.4.1.Final'
2026-08-21T16:48:36.546-0300 [DEBUG] [io.spring.gradle.dependencymanagement.internal.VersionConfiguringAction] Processing requested dependency 'org.springframework:spring-orm:7.0.8' with target 'org.springframework:spring-orm:7.0.8
2026-08-21T16:48:36.546-0300 [DEBUG] [io.spring.gradle.dependencymanagement.internal.DependencyManagementContainer] Found managed version '7.0.8' for dependency 'org.springframework:spring-orm' in global dependency management
2026-08-21T16:48:36.546-0300 [DEBUG] [io.spring.gradle.dependencymanagement.internal.VersionConfiguringAction] Using version '7.0.8' for dependency 'org.springframework:spring-orm:7.0.8'
2026-08-21T16:48:36.546-0300 [DEBUG] [org.gradle.api.internal.artifacts.ivyservice.ivyresolve.RepositoryChainComponentMetaDataResolver] Attempting to resolve component for org.springframework.boot:spring-boot-jpa:4.1.0 using repositories [MavenRepo]
2026-08-21T16:48:36.546-0300 [DEBUG] [org.gradle.api.internal.artifacts.ivyservice.ivyresolve.CachingModuleComponentRepository] Using cached module metadata for module 'org.springframework.boot:spring-boot-jpa:4.1.0' in 'MavenRepo'
2026-08-21T16:48:36.546-0300 [DEBUG] [org.gradle.api.internal.artifacts.ivyservice.ivyresolve.RepositoryChainComponentMetaDataResolver] Using org.springframework.boot:spring-boot-jpa:4.1.0 from org.gradle.api.internal.artifacts.ivyservice.ivyresolve.FilteredModuleComponentRepository@2cd54e3f
2026-08-21T16:48:36.546-0300 [DEBUG] [org.gradle.api.internal.artifacts.ivyservice.ivyresolve.RepositoryChainComponentMetaDataResolver] Attempting to resolve component for org.hibernate.orm:hibernate-core:7.4.1.Final using repositories [MavenRepo]
2026-08-21T16:48:36.546-0300 [DEBUG] [org.gradle.api.internal.artifacts.ivyservice.ivyresolve.CachingModuleComponentRepository] Using cached module metadata for module 'org.hibernate.orm:hibernate-core:7.4.1.Final' in 'MavenRepo'
2026-08-21T16:48:36.546-0300 [DEBUG] [org.gradle.api.internal.artifacts.ivyservice.ivyresolve.RepositoryChainComponentMetaDataResolver] Using org.hibernate.orm:hibernate-core:7.4.1.Final from org.gradle.api.internal.artifacts.ivyservice.ivyresolve.FilteredModuleComponentRepository@2cd54e3f
2026-08-21T16:48:36.546-0300 [DEBUG] [org.gradle.api.internal.artifacts.ivyservice.ivyresolve.RepositoryChainComponentMetaDataResolver] Attempting to resolve component for org.springframework:spring-orm:7.0.8 using repositories [MavenRepo]
2026-08-21T16:48:36.546-0300 [DEBUG] [org.gradle.api.internal.artifacts.ivyservice.ivyresolve.CachingModuleComponentRepository] Using cached module metadata for module 'org.springframework:spring-orm:7.0.8' in 'MavenRepo'
2026-08-21T16:48:36.546-0300 [DEBUG] [org.gradle.api.internal.artifacts.ivyservice.ivyresolve.RepositoryChainComponentMetaDataResolver] Using org.springframework:spring-orm:7.0.8 from org.gradle.api.internal.artifacts.ivyservice.ivyresolve.FilteredModuleComponentRepository@2cd54e3f
2026-08-21T16:48:36.546-0300 [DEBUG] [io.spring.gradle.dependencymanagement.internal.VersionConfiguringAction] Processing requested dependency 'org.springframework:spring-tx:7.0.8' with target 'org.springframework:spring-tx:7.0.8
2026-08-21T16:48:36.546-0300 [DEBUG] [io.spring.gradle.dependencymanagement.internal.DependencyManagementContainer] Found managed version '7.0.8' for dependency 'org.springframework:spring-tx' in global dependency management
2026-08-21T16:48:36.546-0300 [DEBUG] [io.spring.gradle.dependencymanagement.internal.VersionConfiguringAction] Using version '7.0.8' for dependency 'org.springframework:spring-tx:7.0.8'
2026-08-21T16:48:36.546-0300 [DEBUG] [io.spring.gradle.dependencymanagement.internal.VersionConfiguringAction] Processing requested dependency 'org.antlr:antlr4-runtime:4.13.2' with target 'org.antlr:antlr4-runtime:4.13.2
2026-08-21T16:48:36.546-0300 [DEBUG] [io.spring.gradle.dependencymanagement.internal.VersionConfiguringAction] No dependency management for dependency 'org.antlr:antlr4-runtime:4.13.2'
2026-08-21T16:48:36.546-0300 [DEBUG] [io.spring.gradle.dependencymanagement.internal.VersionConfiguringAction] Processing requested dependency 'jakarta.annotation:jakarta.annotation-api:2.0.0' with target 'jakarta.annotation:jakarta.annotation-api:2.0.0
2026-08-21T16:48:36.546-0300 [DEBUG] [io.spring.gradle.dependencymanagement.internal.DependencyManagementContainer] Found managed version '3.0.0' for dependency 'jakarta.annotation:jakarta.annotation-api' in global dependency management
2026-08-21T16:48:36.546-0300 [DEBUG] [io.spring.gradle.dependencymanagement.internal.VersionConfiguringAction] Using version '3.0.0' for dependency 'jakarta.annotation:jakarta.annotation-api:2.0.0'
2026-08-21T16:48:36.546-0300 [DEBUG] [org.gradle.api.internal.artifacts.ivyservice.ivyresolve.RepositoryChainComponentMetaDataResolver] Attempting to resolve component for org.springframework:spring-tx:7.0.8 using repositories [MavenRepo]
2026-08-21T16:48:36.546-0300 [DEBUG] [org.gradle.api.internal.artifacts.ivyservice.ivyresolve.CachingModuleComponentRepository] Using cached module metadata for module 'org.springframework:spring-tx:7.0.8' in 'MavenRepo'
2026-08-21T16:48:36.546-0300 [DEBUG] [org.gradle.api.internal.artifacts.ivyservice.ivyresolve.RepositoryChainComponentMetaDataResolver] Using org.springframework:spring-tx:7.0.8 from org.gradle.api.internal.artifacts.ivyservice.ivyresolve.FilteredModuleComponentRepository@2cd54e3f
2026-08-21T16:48:36.547-0300 [DEBUG] [org.gradle.api.internal.artifacts.ivyservice.ivyresolve.RepositoryChainComponentMetaDataResolver] Attempting to resolve component for org.antlr:antlr4-runtime:4.13.2 using repositories [MavenRepo]
2026-08-21T16:48:36.547-0300 [DEBUG] [org.gradle.api.internal.artifacts.ivyservice.ivyresolve.CachingModuleComponentRepository] Using cached module metadata for module 'org.antlr:antlr4-runtime:4.13.2' in 'MavenRepo'
2026-08-21T16:48:36.547-0300 [DEBUG] [org.gradle.api.internal.artifacts.ivyservice.ivyresolve.RepositoryChainComponentMetaDataResolver] Using org.antlr:antlr4-runtime:4.13.2 from org.gradle.api.internal.artifacts.ivyservice.ivyresolve.FilteredModuleComponentRepository@2cd54e3f
2026-08-21T16:48:36.547-0300 [DEBUG] [io.spring.gradle.dependencymanagement.internal.VersionConfiguringAction] Processing requested dependency 'org.aspectj:aspectjweaver:1.9.25' with target 'org.aspectj:aspectjweaver:1.9.25
2026-08-21T16:48:36.547-0300 [DEBUG] [io.spring.gradle.dependencymanagement.internal.DependencyManagementContainer] Found managed version '1.9.25.1' for dependency 'org.aspectj:aspectjweaver' in global dependency management
2026-08-21T16:48:36.547-0300 [DEBUG] [io.spring.gradle.dependencymanagement.internal.VersionConfiguringAction] Using version '1.9.25.1' for dependency 'org.aspectj:aspectjweaver:1.9.25'
2026-08-21T16:48:36.547-0300 [DEBUG] [org.gradle.api.internal.artifacts.ivyservice.ivyresolve.RepositoryChainComponentMetaDataResolver] Attempting to resolve component for org.aspectj:aspectjweaver:1.9.25.1 using repositories [MavenRepo]
2026-08-21T16:48:36.547-0300 [DEBUG] [org.gradle.api.internal.artifacts.ivyservice.ivyresolve.CachingModuleComponentRepository] Using cached module metadata for module 'org.aspectj:aspectjweaver:1.9.25.1' in 'MavenRepo'
2026-08-21T16:48:36.547-0300 [DEBUG] [org.gradle.api.internal.artifacts.ivyservice.ivyresolve.RepositoryChainComponentMetaDataResolver] Using org.aspectj:aspectjweaver:1.9.25.1 from org.gradle.api.internal.artifacts.ivyservice.ivyresolve.FilteredModuleComponentRepository@2cd54e3f
2026-08-21T16:48:36.547-0300 [DEBUG] [io.spring.gradle.dependencymanagement.internal.VersionConfiguringAction] Processing requested dependency 'io.netty:netty-common:4.2.15.Final' with target 'io.netty:netty-common:4.2.15.Final
2026-08-21T16:48:36.547-0300 [DEBUG] [io.spring.gradle.dependencymanagement.internal.DependencyManagementContainer] Found managed version '4.2.15.Final' for dependency 'io.netty:netty-common' in global dependency management
2026-08-21T16:48:36.547-0300 [DEBUG] [io.spring.gradle.dependencymanagement.internal.VersionConfiguringAction] Using version '4.2.15.Final' for dependency 'io.netty:netty-common:4.2.15.Final'
2026-08-21T16:48:36.547-0300 [DEBUG] [org.gradle.api.internal.artifacts.ivyservice.ivyresolve.RepositoryChainComponentMetaDataResolver] Attempting to resolve component for io.netty:netty-common:4.2.15.Final using repositories [MavenRepo]
2026-08-21T16:48:36.547-0300 [DEBUG] [org.gradle.api.internal.artifacts.ivyservice.ivyresolve.CachingModuleComponentRepository] Using cached module metadata for module 'io.netty:netty-common:4.2.15.Final' in 'MavenRepo'
2026-08-21T16:48:36.547-0300 [DEBUG] [org.gradle.api.internal.artifacts.ivyservice.ivyresolve.RepositoryChainComponentMetaDataResolver] Using io.netty:netty-common:4.2.15.Final from org.gradle.api.internal.artifacts.ivyservice.ivyresolve.FilteredModuleComponentRepository@2cd54e3f
2026-08-21T16:48:36.547-0300 [DEBUG] [io.spring.gradle.dependencymanagement.internal.VersionConfiguringAction] Processing requested dependency 'redis.clients.authentication:redis-authx-core:0.1.1-beta2' with target 'redis.clients.authentication:redis-authx-core:0.1.1-beta2
2026-08-21T16:48:36.547-0300 [DEBUG] [io.spring.gradle.dependencymanagement.internal.VersionConfiguringAction] No dependency management for dependency 'redis.clients.authentication:redis-authx-core:0.1.1-beta2'
2026-08-21T16:48:36.547-0300 [DEBUG] [io.spring.gradle.dependencymanagement.internal.VersionConfiguringAction] Processing requested dependency 'io.netty:netty-common:4.2.13.Final' with target 'io.netty:netty-common:4.2.13.Final
2026-08-21T16:48:36.547-0300 [DEBUG] [io.spring.gradle.dependencymanagement.internal.DependencyManagementContainer] Found managed version '4.2.15.Final' for dependency 'io.netty:netty-common' in global dependency management
2026-08-21T16:48:36.547-0300 [DEBUG] [io.spring.gradle.dependencymanagement.internal.VersionConfiguringAction] Using version '4.2.15.Final' for dependency 'io.netty:netty-common:4.2.13.Final'
2026-08-21T16:48:36.547-0300 [DEBUG] [io.spring.gradle.dependencymanagement.internal.VersionConfiguringAction] Processing requested dependency 'io.netty:netty-handler:4.2.13.Final' with target 'io.netty:netty-handler:4.2.13.Final
2026-08-21T16:48:36.547-0300 [DEBUG] [io.spring.gradle.dependencymanagement.internal.DependencyManagementContainer] Found managed version '4.2.15.Final' for dependency 'io.netty:netty-handler' in global dependency management
2026-08-21T16:48:36.547-0300 [DEBUG] [io.spring.gradle.dependencymanagement.internal.VersionConfiguringAction] Using version '4.2.15.Final' for dependency 'io.netty:netty-handler:4.2.13.Final'
2026-08-21T16:48:36.547-0300 [DEBUG] [io.spring.gradle.dependencymanagement.internal.VersionConfiguringAction] Processing requested dependency 'io.netty:netty-transport:4.2.13.Final' with target 'io.netty:netty-transport:4.2.13.Final
2026-08-21T16:48:36.547-0300 [DEBUG] [io.spring.gradle.dependencymanagement.internal.DependencyManagementContainer] Found managed version '4.2.15.Final' for dependency 'io.netty:netty-transport' in global dependency management
2026-08-21T16:48:36.547-0300 [DEBUG] [io.spring.gradle.dependencymanagement.internal.VersionConfiguringAction] Using version '4.2.15.Final' for dependency 'io.netty:netty-transport:4.2.13.Final'
2026-08-21T16:48:36.547-0300 [DEBUG] [io.spring.gradle.dependencymanagement.internal.VersionConfiguringAction] Processing requested dependency 'io.projectreactor:reactor-core:3.6.6' with target 'io.projectreactor:reactor-core:3.6.6
2026-08-21T16:48:36.547-0300 [DEBUG] [io.spring.gradle.dependencymanagement.internal.DependencyManagementContainer] Found managed version '3.8.6' for dependency 'io.projectreactor:reactor-core' in global dependency management
2026-08-21T16:48:36.547-0300 [DEBUG] [io.spring.gradle.dependencymanagement.internal.VersionConfiguringAction] Using version '3.8.6' for dependency 'io.projectreactor:reactor-core:3.6.6'
2026-08-21T16:48:36.547-0300 [DEBUG] [io.spring.gradle.dependencymanagement.internal.VersionConfiguringAction] Processing requested dependency 'io.netty:netty-resolver-dns:4.2.13.Final' with target 'io.netty:netty-resolver-dns:4.2.13.Final
2026-08-21T16:48:36.547-0300 [DEBUG] [io.spring.gradle.dependencymanagement.internal.DependencyManagementContainer] Found managed version '4.2.15.Final' for dependency 'io.netty:netty-resolver-dns' in global dependency management
2026-08-21T16:48:36.547-0300 [DEBUG] [io.spring.gradle.dependencymanagement.internal.VersionConfiguringAction] Using version '4.2.15.Final' for dependency 'io.netty:netty-resolver-dns:4.2.13.Final'
2026-08-21T16:48:36.547-0300 [DEBUG] [org.gradle.api.internal.artifacts.ivyservice.ivyresolve.RepositoryChainComponentMetaDataResolver] Attempting to resolve component for redis.clients.authentication:redis-authx-core:0.1.1-beta2 using repositories [MavenRepo]
2026-08-21T16:48:36.547-0300 [DEBUG] [org.gradle.api.internal.artifacts.ivyservice.ivyresolve.CachingModuleComponentRepository] Using cached module metadata for module 'redis.clients.authentication:redis-authx-core:0.1.1-beta2' in 'MavenRepo'
2026-08-21T16:48:36.548-0300 [DEBUG] [org.gradle.api.internal.artifacts.ivyservice.ivyresolve.RepositoryChainComponentMetaDataResolver] Using redis.clients.authentication:redis-authx-core:0.1.1-beta2 from org.gradle.api.internal.artifacts.ivyservice.ivyresolve.FilteredModuleComponentRepository@2cd54e3f
2026-08-21T16:48:36.548-0300 [DEBUG] [org.gradle.api.internal.artifacts.ivyservice.ivyresolve.RepositoryChainComponentMetaDataResolver] Attempting to resolve component for io.netty:netty-handler:4.2.15.Final using repositories [MavenRepo]
2026-08-21T16:48:36.548-0300 [DEBUG] [org.gradle.api.internal.artifacts.ivyservice.ivyresolve.CachingModuleComponentRepository] Using cached module metadata for module 'io.netty:netty-handler:4.2.15.Final' in 'MavenRepo'
2026-08-21T16:48:36.548-0300 [DEBUG] [org.gradle.api.internal.artifacts.ivyservice.ivyresolve.RepositoryChainComponentMetaDataResolver] Using io.netty:netty-handler:4.2.15.Final from org.gradle.api.internal.artifacts.ivyservice.ivyresolve.FilteredModuleComponentRepository@2cd54e3f
2026-08-21T16:48:36.548-0300 [DEBUG] [org.gradle.api.internal.artifacts.ivyservice.ivyresolve.RepositoryChainComponentMetaDataResolver] Attempting to resolve component for io.netty:netty-transport:4.2.15.Final using repositories [MavenRepo]
2026-08-21T16:48:36.548-0300 [DEBUG] [org.gradle.api.internal.artifacts.ivyservice.ivyresolve.CachingModuleComponentRepository] Using cached module metadata for module 'io.netty:netty-transport:4.2.15.Final' in 'MavenRepo'
2026-08-21T16:48:36.548-0300 [DEBUG] [org.gradle.api.internal.artifacts.ivyservice.ivyresolve.RepositoryChainComponentMetaDataResolver] Using io.netty:netty-transport:4.2.15.Final from org.gradle.api.internal.artifacts.ivyservice.ivyresolve.FilteredModuleComponentRepository@2cd54e3f
2026-08-21T16:48:36.548-0300 [DEBUG] [org.gradle.api.internal.artifacts.ivyservice.ivyresolve.RepositoryChainComponentMetaDataResolver] Attempting to resolve component for io.projectreactor:reactor-core:3.8.6 using repositories [MavenRepo]
2026-08-21T16:48:36.548-0300 [DEBUG] [org.gradle.api.internal.artifacts.ivyservice.ivyresolve.CachingModuleComponentRepository] Using cached module metadata for module 'io.projectreactor:reactor-core:3.8.6' in 'MavenRepo'
2026-08-21T16:48:36.548-0300 [DEBUG] [org.gradle.api.internal.artifacts.ivyservice.ivyresolve.RepositoryChainComponentMetaDataResolver] Using io.projectreactor:reactor-core:3.8.6 from org.gradle.api.internal.artifacts.ivyservice.ivyresolve.FilteredModuleComponentRepository@2cd54e3f
2026-08-21T16:48:36.548-0300 [DEBUG] [org.gradle.api.internal.artifacts.ivyservice.ivyresolve.RepositoryChainComponentMetaDataResolver] Attempting to resolve component for io.netty:netty-resolver-dns:4.2.15.Final using repositories [MavenRepo]
2026-08-21T16:48:36.548-0300 [DEBUG] [org.gradle.api.internal.artifacts.ivyservice.ivyresolve.CachingModuleComponentRepository] Using cached module metadata for module 'io.netty:netty-resolver-dns:4.2.15.Final' in 'MavenRepo'
2026-08-21T16:48:36.548-0300 [DEBUG] [org.gradle.api.internal.artifacts.ivyservice.ivyresolve.RepositoryChainComponentMetaDataResolver] Using io.netty:netty-resolver-dns:4.2.15.Final from org.gradle.api.internal.artifacts.ivyservice.ivyresolve.FilteredModuleComponentRepository@2cd54e3f
2026-08-21T16:48:36.548-0300 [DEBUG] [io.spring.gradle.dependencymanagement.internal.VersionConfiguringAction] Processing requested dependency 'org.springframework.data:spring-data-keyvalue:4.1.0' with target 'org.springframework.data:spring-data-keyvalue:4.1.0
2026-08-21T16:48:36.548-0300 [DEBUG] [io.spring.gradle.dependencymanagement.internal.DependencyManagementContainer] Found managed version '4.1.0' for dependency 'org.springframework.data:spring-data-keyvalue' in global dependency management
2026-08-21T16:48:36.548-0300 [DEBUG] [io.spring.gradle.dependencymanagement.internal.VersionConfiguringAction] Using version '4.1.0' for dependency 'org.springframework.data:spring-data-keyvalue:4.1.0'
2026-08-21T16:48:36.548-0300 [DEBUG] [io.spring.gradle.dependencymanagement.internal.VersionConfiguringAction] Processing requested dependency 'org.springframework:spring-oxm:7.0.8' with target 'org.springframework:spring-oxm:7.0.8
2026-08-21T16:48:36.548-0300 [DEBUG] [io.spring.gradle.dependencymanagement.internal.DependencyManagementContainer] Found managed version '7.0.8' for dependency 'org.springframework:spring-oxm' in global dependency management
2026-08-21T16:48:36.548-0300 [DEBUG] [io.spring.gradle.dependencymanagement.internal.VersionConfiguringAction] Using version '7.0.8' for dependency 'org.springframework:spring-oxm:7.0.8'
2026-08-21T16:48:36.548-0300 [DEBUG] [io.spring.gradle.dependencymanagement.internal.VersionConfiguringAction] Processing requested dependency 'org.springframework:spring-context-support:7.0.8' with target 'org.springframework:spring-context-support:7.0.8
2026-08-21T16:48:36.548-0300 [DEBUG] [io.spring.gradle.dependencymanagement.internal.DependencyManagementContainer] Found managed version '7.0.8' for dependency 'org.springframework:spring-context-support' in global dependency management
2026-08-21T16:48:36.548-0300 [DEBUG] [io.spring.gradle.dependencymanagement.internal.VersionConfiguringAction] Using version '7.0.8' for dependency 'org.springframework:spring-context-support:7.0.8'
2026-08-21T16:48:36.548-0300 [DEBUG] [org.gradle.api.internal.artifacts.ivyservice.ivyresolve.RepositoryChainComponentMetaDataResolver] Attempting to resolve component for org.springframework.data:spring-data-keyvalue:4.1.0 using repositories [MavenRepo]
2026-08-21T16:48:36.548-0300 [DEBUG] [org.gradle.api.internal.artifacts.ivyservice.ivyresolve.CachingModuleComponentRepository] Using cached module metadata for module 'org.springframework.data:spring-data-keyvalue:4.1.0' in 'MavenRepo'
2026-08-21T16:48:36.548-0300 [DEBUG] [org.gradle.api.internal.artifacts.ivyservice.ivyresolve.RepositoryChainComponentMetaDataResolver] Using org.springframework.data:spring-data-keyvalue:4.1.0 from org.gradle.api.internal.artifacts.ivyservice.ivyresolve.FilteredModuleComponentRepository@2cd54e3f
2026-08-21T16:48:36.549-0300 [DEBUG] [org.gradle.api.internal.artifacts.ivyservice.ivyresolve.RepositoryChainComponentMetaDataResolver] Attempting to resolve component for org.springframework:spring-oxm:7.0.8 using repositories [MavenRepo]
2026-08-21T16:48:36.549-0300 [DEBUG] [org.gradle.api.internal.artifacts.ivyservice.ivyresolve.CachingModuleComponentRepository] Using cached module metadata for module 'org.springframework:spring-oxm:7.0.8' in 'MavenRepo'
2026-08-21T16:48:36.549-0300 [DEBUG] [org.gradle.api.internal.artifacts.ivyservice.ivyresolve.RepositoryChainComponentMetaDataResolver] Using org.springframework:spring-oxm:7.0.8 from org.gradle.api.internal.artifacts.ivyservice.ivyresolve.FilteredModuleComponentRepository@2cd54e3f
2026-08-21T16:48:36.549-0300 [DEBUG] [org.gradle.api.internal.artifacts.ivyservice.ivyresolve.RepositoryChainComponentMetaDataResolver] Attempting to resolve component for org.springframework:spring-context-support:7.0.8 using repositories [MavenRepo]
2026-08-21T16:48:36.549-0300 [DEBUG] [org.gradle.api.internal.artifacts.ivyservice.ivyresolve.CachingModuleComponentRepository] Using cached module metadata for module 'org.springframework:spring-context-support:7.0.8' in 'MavenRepo'
2026-08-21T16:48:36.549-0300 [DEBUG] [org.gradle.api.internal.artifacts.ivyservice.ivyresolve.RepositoryChainComponentMetaDataResolver] Using org.springframework:spring-context-support:7.0.8 from org.gradle.api.internal.artifacts.ivyservice.ivyresolve.FilteredModuleComponentRepository@2cd54e3f
2026-08-21T16:48:36.549-0300 [DEBUG] [io.spring.gradle.dependencymanagement.internal.VersionConfiguringAction] Processing requested dependency 'commons-logging:commons-logging:1.3.5' with target 'commons-logging:commons-logging:1.3.5
2026-08-21T16:48:36.549-0300 [DEBUG] [io.spring.gradle.dependencymanagement.internal.DependencyManagementContainer] Found managed version '1.3.6' for dependency 'commons-logging:commons-logging' in global dependency management
2026-08-21T16:48:36.549-0300 [DEBUG] [io.spring.gradle.dependencymanagement.internal.VersionConfiguringAction] Using version '1.3.6' for dependency 'commons-logging:commons-logging:1.3.5'
2026-08-21T16:48:36.549-0300 [DEBUG] [io.spring.gradle.dependencymanagement.internal.VersionConfiguringAction] Processing requested dependency 'org.jspecify:jspecify:1.0.0' with target 'org.jspecify:jspecify:1.0.0
2026-08-21T16:48:36.549-0300 [DEBUG] [io.spring.gradle.dependencymanagement.internal.DependencyManagementContainer] Found managed version '1.0.0' for dependency 'org.jspecify:jspecify' in global dependency management
2026-08-21T16:48:36.549-0300 [DEBUG] [io.spring.gradle.dependencymanagement.internal.VersionConfiguringAction] Using version '1.0.0' for dependency 'org.jspecify:jspecify:1.0.0'
2026-08-21T16:48:36.549-0300 [DEBUG] [org.gradle.api.internal.artifacts.ivyservice.ivyresolve.RepositoryChainComponentMetaDataResolver] Attempting to resolve component for commons-logging:commons-logging:1.3.6 using repositories [MavenRepo]
2026-08-21T16:48:36.549-0300 [DEBUG] [org.gradle.api.internal.artifacts.ivyservice.ivyresolve.CachingModuleComponentRepository] Using cached module metadata for module 'commons-logging:commons-logging:1.3.6' in 'MavenRepo'
2026-08-21T16:48:36.549-0300 [DEBUG] [org.gradle.api.internal.artifacts.ivyservice.ivyresolve.RepositoryChainComponentMetaDataResolver] Using commons-logging:commons-logging:1.3.6 from org.gradle.api.internal.artifacts.ivyservice.ivyresolve.FilteredModuleComponentRepository@2cd54e3f
2026-08-21T16:48:36.549-0300 [DEBUG] [org.gradle.api.internal.artifacts.ivyservice.ivyresolve.RepositoryChainComponentMetaDataResolver] Attempting to resolve component for org.jspecify:jspecify:1.0.0 using repositories [MavenRepo]
2026-08-21T16:48:36.549-0300 [DEBUG] [org.gradle.api.internal.artifacts.ivyservice.ivyresolve.CachingModuleComponentRepository] Using cached module metadata for module 'org.jspecify:jspecify:1.0.0' in 'MavenRepo'
2026-08-21T16:48:36.549-0300 [DEBUG] [org.gradle.api.internal.artifacts.ivyservice.ivyresolve.RepositoryChainComponentMetaDataResolver] Using org.jspecify:jspecify:1.0.0 from org.gradle.api.internal.artifacts.ivyservice.ivyresolve.FilteredModuleComponentRepository@2cd54e3f
2026-08-21T16:48:36.549-0300 [DEBUG] [io.spring.gradle.dependencymanagement.internal.VersionConfiguringAction] Processing requested dependency 'org.apache.tomcat:tomcat-annotations-api:11.0.22' with target 'org.apache.tomcat:tomcat-annotations-api:11.0.22
2026-08-21T16:48:36.549-0300 [DEBUG] [io.spring.gradle.dependencymanagement.internal.DependencyManagementContainer] Found managed version '11.0.22' for dependency 'org.apache.tomcat:tomcat-annotations-api' in global dependency management
2026-08-21T16:48:36.549-0300 [DEBUG] [io.spring.gradle.dependencymanagement.internal.VersionConfiguringAction] Using version '11.0.22' for dependency 'org.apache.tomcat:tomcat-annotations-api:11.0.22'
2026-08-21T16:48:36.549-0300 [DEBUG] [org.gradle.api.internal.artifacts.ivyservice.resolveengine.graph.builder.NodeState] org.apache.tomcat:tomcat-annotations-api is excluded from 'org.apache.tomcat.embed:tomcat-embed-core:11.0.22' (runtime) by {"exclude module id" : "org.apache.tomcat:tomcat-annotations-api"}.
2026-08-21T16:48:36.549-0300 [DEBUG] [io.spring.gradle.dependencymanagement.internal.VersionConfiguringAction] Processing requested dependency 'io.micrometer:micrometer-commons:1.17.0' with target 'io.micrometer:micrometer-commons:1.17.0
2026-08-21T16:48:36.550-0300 [DEBUG] [io.spring.gradle.dependencymanagement.internal.DependencyManagementContainer] Found managed version '1.17.0' for dependency 'io.micrometer:micrometer-commons' in global dependency management
2026-08-21T16:48:36.550-0300 [DEBUG] [io.spring.gradle.dependencymanagement.internal.VersionConfiguringAction] Using version '1.17.0' for dependency 'io.micrometer:micrometer-commons:1.17.0'
2026-08-21T16:48:36.550-0300 [DEBUG] [org.gradle.api.internal.artifacts.ivyservice.ivyresolve.RepositoryChainComponentMetaDataResolver] Attempting to resolve component for io.micrometer:micrometer-commons:1.17.0 using repositories [MavenRepo]
2026-08-21T16:48:36.550-0300 [DEBUG] [org.gradle.api.internal.artifacts.ivyservice.ivyresolve.CachingModuleComponentRepository] Using cached module metadata for module 'io.micrometer:micrometer-commons:1.17.0' in 'MavenRepo'
2026-08-21T16:48:36.550-0300 [DEBUG] [org.gradle.api.internal.artifacts.ivyservice.ivyresolve.RepositoryChainComponentMetaDataResolver] Using io.micrometer:micrometer-commons:1.17.0 from org.gradle.api.internal.artifacts.ivyservice.ivyresolve.FilteredModuleComponentRepository@2cd54e3f
2026-08-21T16:48:36.550-0300 [DEBUG] [io.spring.gradle.dependencymanagement.internal.VersionConfiguringAction] Processing requested dependency 'jakarta.persistence:jakarta.persistence-api:3.2.0' with target 'jakarta.persistence:jakarta.persistence-api:3.2.0
2026-08-21T16:48:36.550-0300 [DEBUG] [io.spring.gradle.dependencymanagement.internal.DependencyManagementContainer] Found managed version '3.2.0' for dependency 'jakarta.persistence:jakarta.persistence-api' in global dependency management
2026-08-21T16:48:36.550-0300 [DEBUG] [io.spring.gradle.dependencymanagement.internal.VersionConfiguringAction] Using version '3.2.0' for dependency 'jakarta.persistence:jakarta.persistence-api:3.2.0'
2026-08-21T16:48:36.550-0300 [DEBUG] [org.gradle.api.internal.artifacts.ivyservice.ivyresolve.RepositoryChainComponentMetaDataResolver] Attempting to resolve component for jakarta.persistence:jakarta.persistence-api:3.2.0 using repositories [MavenRepo]
2026-08-21T16:48:36.550-0300 [DEBUG] [org.gradle.api.internal.artifacts.ivyservice.ivyresolve.CachingModuleComponentRepository] Using cached module metadata for module 'jakarta.persistence:jakarta.persistence-api:3.2.0' in 'MavenRepo'
2026-08-21T16:48:36.550-0300 [DEBUG] [org.gradle.api.internal.artifacts.ivyservice.ivyresolve.RepositoryChainComponentMetaDataResolver] Using jakarta.persistence:jakarta.persistence-api:3.2.0 from org.gradle.api.internal.artifacts.ivyservice.ivyresolve.FilteredModuleComponentRepository@2cd54e3f
2026-08-21T16:48:36.550-0300 [DEBUG] [io.spring.gradle.dependencymanagement.internal.VersionConfiguringAction] Processing requested dependency 'org.jboss.logging:jboss-logging:3.6.1.Final' with target 'org.jboss.logging:jboss-logging:3.6.1.Final
2026-08-21T16:48:36.550-0300 [DEBUG] [io.spring.gradle.dependencymanagement.internal.DependencyManagementContainer] Found managed version '3.6.3.Final' for dependency 'org.jboss.logging:jboss-logging' in global dependency management
2026-08-21T16:48:36.550-0300 [DEBUG] [io.spring.gradle.dependencymanagement.internal.VersionConfiguringAction] Using version '3.6.3.Final' for dependency 'org.jboss.logging:jboss-logging:3.6.1.Final'
2026-08-21T16:48:36.550-0300 [DEBUG] [io.spring.gradle.dependencymanagement.internal.VersionConfiguringAction] Processing requested dependency 'org.hibernate.models:hibernate-models:1.1.1' with target 'org.hibernate.models:hibernate-models:1.1.1
2026-08-21T16:48:36.550-0300 [DEBUG] [io.spring.gradle.dependencymanagement.internal.VersionConfiguringAction] No dependency management for dependency 'org.hibernate.models:hibernate-models:1.1.1'
2026-08-21T16:48:36.550-0300 [DEBUG] [io.spring.gradle.dependencymanagement.internal.VersionConfiguringAction] Processing requested dependency 'net.bytebuddy:byte-buddy:1.18.8' with target 'net.bytebuddy:byte-buddy:1.18.8
2026-08-21T16:48:36.550-0300 [DEBUG] [io.spring.gradle.dependencymanagement.internal.DependencyManagementContainer] Found managed version '1.18.10' for dependency 'net.bytebuddy:byte-buddy' in global dependency management
2026-08-21T16:48:36.550-0300 [DEBUG] [io.spring.gradle.dependencymanagement.internal.VersionConfiguringAction] Using version '1.18.10' for dependency 'net.bytebuddy:byte-buddy:1.18.8'
2026-08-21T16:48:36.550-0300 [DEBUG] [io.spring.gradle.dependencymanagement.internal.VersionConfiguringAction] Processing requested dependency 'jakarta.xml.bind:jakarta.xml.bind-api:4.0.4' with target 'jakarta.xml.bind:jakarta.xml.bind-api:4.0.4
2026-08-21T16:48:36.550-0300 [DEBUG] [io.spring.gradle.dependencymanagement.internal.DependencyManagementContainer] Found managed version '4.0.5' for dependency 'jakarta.xml.bind:jakarta.xml.bind-api' in global dependency management
2026-08-21T16:48:36.550-0300 [DEBUG] [io.spring.gradle.dependencymanagement.internal.VersionConfiguringAction] Using version '4.0.5' for dependency 'jakarta.xml.bind:jakarta.xml.bind-api:4.0.4'
2026-08-21T16:48:36.550-0300 [DEBUG] [io.spring.gradle.dependencymanagement.internal.VersionConfiguringAction] Processing requested dependency 'org.glassfish.jaxb:jaxb-runtime:4.0.7' with target 'org.glassfish.jaxb:jaxb-runtime:4.0.7
2026-08-21T16:48:36.550-0300 [DEBUG] [io.spring.gradle.dependencymanagement.internal.DependencyManagementContainer] Found managed version '4.0.9' for dependency 'org.glassfish.jaxb:jaxb-runtime' in global dependency management
2026-08-21T16:48:36.550-0300 [DEBUG] [io.spring.gradle.dependencymanagement.internal.VersionConfiguringAction] Using version '4.0.9' for dependency 'org.glassfish.jaxb:jaxb-runtime:4.0.7'
2026-08-21T16:48:36.550-0300 [DEBUG] [io.spring.gradle.dependencymanagement.internal.VersionConfiguringAction] Processing requested dependency 'jakarta.inject:jakarta.inject-api:2.0.1' with target 'jakarta.inject:jakarta.inject-api:2.0.1
2026-08-21T16:48:36.550-0300 [DEBUG] [io.spring.gradle.dependencymanagement.internal.DependencyManagementContainer] Found managed version '2.0.1' for dependency 'jakarta.inject:jakarta.inject-api' in global dependency management
2026-08-21T16:48:36.550-0300 [DEBUG] [io.spring.gradle.dependencymanagement.internal.VersionConfiguringAction] Using version '2.0.1' for dependency 'jakarta.inject:jakarta.inject-api:2.0.1'
2026-08-21T16:48:36.550-0300 [DEBUG] [io.spring.gradle.dependencymanagement.internal.VersionConfiguringAction] Processing requested dependency 'org.hibernate.orm:hibernate-platform:7.4.1.Final' with target 'org.hibernate.orm:hibernate-platform:7.4.1.Final
2026-08-21T16:48:36.550-0300 [DEBUG] [io.spring.gradle.dependencymanagement.internal.VersionConfiguringAction] No dependency management for dependency 'org.hibernate.orm:hibernate-platform:7.4.1.Final'
2026-08-21T16:48:36.550-0300 [DEBUG] [io.spring.gradle.dependencymanagement.internal.VersionConfiguringAction] Processing requested dependency 'jakarta.transaction:jakarta.transaction-api:2.0.1' with target 'jakarta.transaction:jakarta.transaction-api:2.0.1
2026-08-21T16:48:36.550-0300 [DEBUG] [io.spring.gradle.dependencymanagement.internal.DependencyManagementContainer] Found managed version '2.0.1' for dependency 'jakarta.transaction:jakarta.transaction-api' in global dependency management
2026-08-21T16:48:36.550-0300 [DEBUG] [io.spring.gradle.dependencymanagement.internal.VersionConfiguringAction] Using version '2.0.1' for dependency 'jakarta.transaction:jakarta.transaction-api:2.0.1'
2026-08-21T16:48:36.550-0300 [DEBUG] [io.spring.gradle.dependencymanagement.internal.VersionConfiguringAction] Processing requested dependency 'org.apache.logging.log4j:log4j-core:[2.17.1, 3[' with target 'org.apache.logging.log4j:log4j-core:[2.17.1, 3[
2026-08-21T16:48:36.550-0300 [DEBUG] [io.spring.gradle.dependencymanagement.internal.DependencyManagementContainer] Found managed version '2.25.4' for dependency 'org.apache.logging.log4j:log4j-core' in global dependency management
2026-08-21T16:48:36.550-0300 [DEBUG] [io.spring.gradle.dependencymanagement.internal.VersionConfiguringAction] Using version '2.25.4' for dependency 'org.apache.logging.log4j:log4j-core:[2.17.1, 3['
2026-08-21T16:48:36.550-0300 [DEBUG] [org.gradle.api.internal.artifacts.ivyservice.ivyresolve.RepositoryChainComponentMetaDataResolver] Attempting to resolve component for org.jboss.logging:jboss-logging:3.6.3.Final using repositories [MavenRepo]
2026-08-21T16:48:36.550-0300 [DEBUG] [org.gradle.api.internal.artifacts.ivyservice.ivyresolve.CachingModuleComponentRepository] Using cached module metadata for module 'org.jboss.logging:jboss-logging:3.6.3.Final' in 'MavenRepo'
2026-08-21T16:48:36.550-0300 [DEBUG] [org.gradle.api.internal.artifacts.ivyservice.ivyresolve.RepositoryChainComponentMetaDataResolver] Using org.jboss.logging:jboss-logging:3.6.3.Final from org.gradle.api.internal.artifacts.ivyservice.ivyresolve.FilteredModuleComponentRepository@2cd54e3f
2026-08-21T16:48:36.550-0300 [DEBUG] [org.gradle.api.internal.artifacts.ivyservice.ivyresolve.RepositoryChainComponentMetaDataResolver] Attempting to resolve component for org.hibernate.models:hibernate-models:1.1.1 using repositories [MavenRepo]
2026-08-21T16:48:36.550-0300 [DEBUG] [org.gradle.api.internal.artifacts.ivyservice.ivyresolve.CachingModuleComponentRepository] Using cached module metadata for module 'org.hibernate.models:hibernate-models:1.1.1' in 'MavenRepo'
2026-08-21T16:48:36.550-0300 [DEBUG] [org.gradle.api.internal.artifacts.ivyservice.ivyresolve.RepositoryChainComponentMetaDataResolver] Using org.hibernate.models:hibernate-models:1.1.1 from org.gradle.api.internal.artifacts.ivyservice.ivyresolve.FilteredModuleComponentRepository@2cd54e3f
2026-08-21T16:48:36.550-0300 [DEBUG] [org.gradle.api.internal.artifacts.ivyservice.ivyresolve.RepositoryChainComponentMetaDataResolver] Attempting to resolve component for net.bytebuddy:byte-buddy:1.18.10 using repositories [MavenRepo]
2026-08-21T16:48:36.550-0300 [DEBUG] [org.gradle.api.internal.artifacts.ivyservice.ivyresolve.CachingModuleComponentRepository] Using cached module metadata for module 'net.bytebuddy:byte-buddy:1.18.10' in 'MavenRepo'
2026-08-21T16:48:36.550-0300 [DEBUG] [org.gradle.api.internal.artifacts.ivyservice.ivyresolve.RepositoryChainComponentMetaDataResolver] Using net.bytebuddy:byte-buddy:1.18.10 from org.gradle.api.internal.artifacts.ivyservice.ivyresolve.FilteredModuleComponentRepository@2cd54e3f
2026-08-21T16:48:36.551-0300 [DEBUG] [org.gradle.api.internal.artifacts.ivyservice.ivyresolve.RepositoryChainComponentMetaDataResolver] Attempting to resolve component for jakarta.xml.bind:jakarta.xml.bind-api:4.0.5 using repositories [MavenRepo]
2026-08-21T16:48:36.551-0300 [DEBUG] [org.gradle.api.internal.artifacts.ivyservice.ivyresolve.CachingModuleComponentRepository] Using cached module metadata for module 'jakarta.xml.bind:jakarta.xml.bind-api:4.0.5' in 'MavenRepo'
2026-08-21T16:48:36.551-0300 [DEBUG] [org.gradle.api.internal.artifacts.ivyservice.ivyresolve.RepositoryChainComponentMetaDataResolver] Using jakarta.xml.bind:jakarta.xml.bind-api:4.0.5 from org.gradle.api.internal.artifacts.ivyservice.ivyresolve.FilteredModuleComponentRepository@2cd54e3f
2026-08-21T16:48:36.551-0300 [DEBUG] [org.gradle.api.internal.artifacts.ivyservice.ivyresolve.RepositoryChainComponentMetaDataResolver] Attempting to resolve component for org.glassfish.jaxb:jaxb-runtime:4.0.9 using repositories [MavenRepo]
2026-08-21T16:48:36.551-0300 [DEBUG] [org.gradle.api.internal.artifacts.ivyservice.ivyresolve.CachingModuleComponentRepository] Using cached module metadata for module 'org.glassfish.jaxb:jaxb-runtime:4.0.9' in 'MavenRepo'
2026-08-21T16:48:36.551-0300 [DEBUG] [org.gradle.api.internal.artifacts.ivyservice.ivyresolve.RepositoryChainComponentMetaDataResolver] Using org.glassfish.jaxb:jaxb-runtime:4.0.9 from org.gradle.api.internal.artifacts.ivyservice.ivyresolve.FilteredModuleComponentRepository@2cd54e3f
2026-08-21T16:48:36.551-0300 [DEBUG] [org.gradle.api.internal.artifacts.ivyservice.ivyresolve.RepositoryChainComponentMetaDataResolver] Attempting to resolve component for jakarta.inject:jakarta.inject-api:2.0.1 using repositories [MavenRepo]
2026-08-21T16:48:36.551-0300 [DEBUG] [org.gradle.api.internal.artifacts.ivyservice.ivyresolve.CachingModuleComponentRepository] Using cached module metadata for module 'jakarta.inject:jakarta.inject-api:2.0.1' in 'MavenRepo'
2026-08-21T16:48:36.551-0300 [DEBUG] [org.gradle.api.internal.artifacts.ivyservice.ivyresolve.RepositoryChainComponentMetaDataResolver] Using jakarta.inject:jakarta.inject-api:2.0.1 from org.gradle.api.internal.artifacts.ivyservice.ivyresolve.FilteredModuleComponentRepository@2cd54e3f
2026-08-21T16:48:36.551-0300 [DEBUG] [org.gradle.api.internal.artifacts.ivyservice.ivyresolve.RepositoryChainComponentMetaDataResolver] Attempting to resolve component for org.hibernate.orm:hibernate-platform:7.4.1.Final using repositories [MavenRepo]
2026-08-21T16:48:36.551-0300 [DEBUG] [org.gradle.api.internal.artifacts.ivyservice.ivyresolve.CachingModuleComponentRepository] Using cached module metadata for module 'org.hibernate.orm:hibernate-platform:7.4.1.Final' in 'MavenRepo'
2026-08-21T16:48:36.551-0300 [DEBUG] [org.gradle.api.internal.artifacts.ivyservice.ivyresolve.RepositoryChainComponentMetaDataResolver] Using org.hibernate.orm:hibernate-platform:7.4.1.Final from org.gradle.api.internal.artifacts.ivyservice.ivyresolve.FilteredModuleComponentRepository@2cd54e3f
2026-08-21T16:48:36.551-0300 [DEBUG] [io.spring.gradle.dependencymanagement.internal.VersionConfiguringAction] Processing requested dependency 'net.bytebuddy:byte-buddy-agent:1.18.8' with target 'net.bytebuddy:byte-buddy-agent:1.18.8
2026-08-21T16:48:36.551-0300 [DEBUG] [io.spring.gradle.dependencymanagement.internal.DependencyManagementContainer] Found managed version '1.18.10' for dependency 'net.bytebuddy:byte-buddy-agent' in global dependency management
2026-08-21T16:48:36.551-0300 [DEBUG] [io.spring.gradle.dependencymanagement.internal.VersionConfiguringAction] Using version '1.18.10' for dependency 'net.bytebuddy:byte-buddy-agent:1.18.8'
2026-08-21T16:48:36.551-0300 [DEBUG] [io.spring.gradle.dependencymanagement.internal.VersionConfiguringAction] Processing requested dependency 'io.smallrye:jandex:3.3.2' with target 'io.smallrye:jandex:3.3.2
2026-08-21T16:48:36.551-0300 [DEBUG] [io.spring.gradle.dependencymanagement.internal.VersionConfiguringAction] No dependency management for dependency 'io.smallrye:jandex:3.3.2'
2026-08-21T16:48:36.551-0300 [DEBUG] [io.spring.gradle.dependencymanagement.internal.VersionConfiguringAction] Processing requested dependency 'io.agroal:agroal-api:3.0.1' with target 'io.agroal:agroal-api:3.0.1
2026-08-21T16:48:36.551-0300 [DEBUG] [io.spring.gradle.dependencymanagement.internal.VersionConfiguringAction] No dependency management for dependency 'io.agroal:agroal-api:3.0.1'
2026-08-21T16:48:36.551-0300 [DEBUG] [io.spring.gradle.dependencymanagement.internal.VersionConfiguringAction] Processing requested dependency 'io.agroal:agroal-pool:3.0.1' with target 'io.agroal:agroal-pool:3.0.1
2026-08-21T16:48:36.551-0300 [DEBUG] [io.spring.gradle.dependencymanagement.internal.VersionConfiguringAction] No dependency management for dependency 'io.agroal:agroal-pool:3.0.1'
2026-08-21T16:48:36.551-0300 [DEBUG] [io.spring.gradle.dependencymanagement.internal.VersionConfiguringAction] Processing requested dependency 'com.mchange:c3p0:0.12.0' with target 'com.mchange:c3p0:0.12.0
2026-08-21T16:48:36.551-0300 [DEBUG] [io.spring.gradle.dependencymanagement.internal.VersionConfiguringAction] No dependency management for dependency 'com.mchange:c3p0:0.12.0'
2026-08-21T16:48:36.551-0300 [DEBUG] [io.spring.gradle.dependencymanagement.internal.VersionConfiguringAction] Processing requested dependency 'javax.cache:cache-api:1.1.1' with target 'javax.cache:cache-api:1.1.1
2026-08-21T16:48:36.551-0300 [DEBUG] [io.spring.gradle.dependencymanagement.internal.DependencyManagementContainer] Found managed version '1.1.1' for dependency 'javax.cache:cache-api' in global dependency management
2026-08-21T16:48:36.551-0300 [DEBUG] [io.spring.gradle.dependencymanagement.internal.VersionConfiguringAction] Using version '1.1.1' for dependency 'javax.cache:cache-api:1.1.1'
2026-08-21T16:48:36.551-0300 [DEBUG] [io.spring.gradle.dependencymanagement.internal.VersionConfiguringAction] Processing requested dependency 'io.micrometer:micrometer-core:1.16.0' with target 'io.micrometer:micrometer-core:1.16.0
2026-08-21T16:48:36.551-0300 [DEBUG] [io.spring.gradle.dependencymanagement.internal.DependencyManagementContainer] Found managed version '1.17.0' for dependency 'io.micrometer:micrometer-core' in global dependency management
2026-08-21T16:48:36.551-0300 [DEBUG] [io.spring.gradle.dependencymanagement.internal.VersionConfiguringAction] Using version '1.17.0' for dependency 'io.micrometer:micrometer-core:1.16.0'
2026-08-21T16:48:36.551-0300 [DEBUG] [io.spring.gradle.dependencymanagement.internal.VersionConfiguringAction] Processing requested dependency 'org.hibernate:hibernate-core:7.4.1.Final' with target 'org.hibernate:hibernate-core:7.4.1.Final
2026-08-21T16:48:36.551-0300 [DEBUG] [io.spring.gradle.dependencymanagement.internal.VersionConfiguringAction] No dependency management for dependency 'org.hibernate:hibernate-core:7.4.1.Final'
2026-08-21T16:48:36.551-0300 [DEBUG] [io.spring.gradle.dependencymanagement.internal.VersionConfiguringAction] Processing requested dependency 'org.hibernate.orm:hibernate-testing:7.4.1.Final' with target 'org.hibernate.orm:hibernate-testing:7.4.1.Final
2026-08-21T16:48:36.551-0300 [DEBUG] [io.spring.gradle.dependencymanagement.internal.DependencyManagementContainer] Found managed version '7.4.1.Final' for dependency 'org.hibernate.orm:hibernate-testing' in global dependency management
2026-08-21T16:48:36.551-0300 [DEBUG] [io.spring.gradle.dependencymanagement.internal.VersionConfiguringAction] Using version '7.4.1.Final' for dependency 'org.hibernate.orm:hibernate-testing:7.4.1.Final'
2026-08-21T16:48:36.551-0300 [DEBUG] [io.spring.gradle.dependencymanagement.internal.VersionConfiguringAction] Processing requested dependency 'org.hibernate:hibernate-testing:7.4.1.Final' with target 'org.hibernate:hibernate-testing:7.4.1.Final
2026-08-21T16:48:36.551-0300 [DEBUG] [io.spring.gradle.dependencymanagement.internal.VersionConfiguringAction] No dependency management for dependency 'org.hibernate:hibernate-testing:7.4.1.Final'
2026-08-21T16:48:36.551-0300 [DEBUG] [io.spring.gradle.dependencymanagement.internal.VersionConfiguringAction] Processing requested dependency 'org.hibernate.orm:hibernate-envers:7.4.1.Final' with target 'org.hibernate.orm:hibernate-envers:7.4.1.Final
2026-08-21T16:48:36.551-0300 [DEBUG] [io.spring.gradle.dependencymanagement.internal.DependencyManagementContainer] Found managed version '7.4.1.Final' for dependency 'org.hibernate.orm:hibernate-envers' in global dependency management
2026-08-21T16:48:36.551-0300 [DEBUG] [io.spring.gradle.dependencymanagement.internal.VersionConfiguringAction] Using version '7.4.1.Final' for dependency 'org.hibernate.orm:hibernate-envers:7.4.1.Final'
2026-08-21T16:48:36.551-0300 [DEBUG] [io.spring.gradle.dependencymanagement.internal.VersionConfiguringAction] Processing requested dependency 'org.hibernate:hibernate-envers:7.4.1.Final' with target 'org.hibernate:hibernate-envers:7.4.1.Final
2026-08-21T16:48:36.551-0300 [DEBUG] [io.spring.gradle.dependencymanagement.internal.VersionConfiguringAction] No dependency management for dependency 'org.hibernate:hibernate-envers:7.4.1.Final'
2026-08-21T16:48:36.551-0300 [DEBUG] [io.spring.gradle.dependencymanagement.internal.VersionConfiguringAction] Processing requested dependency 'org.hibernate.orm:hibernate-spatial:7.4.1.Final' with target 'org.hibernate.orm:hibernate-spatial:7.4.1.Final
2026-08-21T16:48:36.551-0300 [DEBUG] [io.spring.gradle.dependencymanagement.internal.DependencyManagementContainer] Found managed version '7.4.1.Final' for dependency 'org.hibernate.orm:hibernate-spatial' in global dependency management
2026-08-21T16:48:36.551-0300 [DEBUG] [io.spring.gradle.dependencymanagement.internal.VersionConfiguringAction] Using version '7.4.1.Final' for dependency 'org.hibernate.orm:hibernate-spatial:7.4.1.Final'
2026-08-21T16:48:36.551-0300 [DEBUG] [io.spring.gradle.dependencymanagement.internal.VersionConfiguringAction] Processing requested dependency 'org.hibernate:hibernate-spatial:7.4.1.Final' with target 'org.hibernate:hibernate-spatial:7.4.1.Final
2026-08-21T16:48:36.551-0300 [DEBUG] [io.spring.gradle.dependencymanagement.internal.VersionConfiguringAction] No dependency management for dependency 'org.hibernate:hibernate-spatial:7.4.1.Final'
2026-08-21T16:48:36.551-0300 [DEBUG] [io.spring.gradle.dependencymanagement.internal.VersionConfiguringAction] Processing requested dependency 'org.hibernate.orm:hibernate-vector:7.4.1.Final' with target 'org.hibernate.orm:hibernate-vector:7.4.1.Final
2026-08-21T16:48:36.551-0300 [DEBUG] [io.spring.gradle.dependencymanagement.internal.DependencyManagementContainer] Found managed version '7.4.1.Final' for dependency 'org.hibernate.orm:hibernate-vector' in global dependency management
2026-08-21T16:48:36.551-0300 [DEBUG] [io.spring.gradle.dependencymanagement.internal.VersionConfiguringAction] Using version '7.4.1.Final' for dependency 'org.hibernate.orm:hibernate-vector:7.4.1.Final'
2026-08-21T16:48:36.551-0300 [DEBUG] [io.spring.gradle.dependencymanagement.internal.VersionConfiguringAction] Processing requested dependency 'org.hibernate:hibernate-vector:7.4.1.Final' with target 'org.hibernate:hibernate-vector:7.4.1.Final
2026-08-21T16:48:36.551-0300 [DEBUG] [io.spring.gradle.dependencymanagement.internal.VersionConfiguringAction] No dependency management for dependency 'org.hibernate:hibernate-vector:7.4.1.Final'
2026-08-21T16:48:36.552-0300 [DEBUG] [io.spring.gradle.dependencymanagement.internal.VersionConfiguringAction] Processing requested dependency 'org.hibernate.orm:hibernate-community-dialects:7.4.1.Final' with target 'org.hibernate.orm:hibernate-community-dialects:7.4.1.Final
2026-08-21T16:48:36.552-0300 [DEBUG] [io.spring.gradle.dependencymanagement.internal.DependencyManagementContainer] Found managed version '7.4.1.Final' for dependency 'org.hibernate.orm:hibernate-community-dialects' in global dependency management
2026-08-21T16:48:36.552-0300 [DEBUG] [io.spring.gradle.dependencymanagement.internal.VersionConfiguringAction] Using version '7.4.1.Final' for dependency 'org.hibernate.orm:hibernate-community-dialects:7.4.1.Final'
2026-08-21T16:48:36.552-0300 [DEBUG] [io.spring.gradle.dependencymanagement.internal.VersionConfiguringAction] Processing requested dependency 'org.hibernate:hibernate-community-dialects:7.4.1.Final' with target 'org.hibernate:hibernate-community-dialects:7.4.1.Final
2026-08-21T16:48:36.552-0300 [DEBUG] [io.spring.gradle.dependencymanagement.internal.VersionConfiguringAction] No dependency management for dependency 'org.hibernate:hibernate-community-dialects:7.4.1.Final'
2026-08-21T16:48:36.552-0300 [DEBUG] [io.spring.gradle.dependencymanagement.internal.VersionConfiguringAction] Processing requested dependency 'org.hibernate.orm:hibernate-scan-jandex:7.4.1.Final' with target 'org.hibernate.orm:hibernate-scan-jandex:7.4.1.Final
2026-08-21T16:48:36.552-0300 [DEBUG] [io.spring.gradle.dependencymanagement.internal.DependencyManagementContainer] Found managed version '7.4.1.Final' for dependency 'org.hibernate.orm:hibernate-scan-jandex' in global dependency management
2026-08-21T16:48:36.552-0300 [DEBUG] [io.spring.gradle.dependencymanagement.internal.VersionConfiguringAction] Using version '7.4.1.Final' for dependency 'org.hibernate.orm:hibernate-scan-jandex:7.4.1.Final'
2026-08-21T16:48:36.552-0300 [DEBUG] [io.spring.gradle.dependencymanagement.internal.VersionConfiguringAction] Processing requested dependency 'org.hibernate.orm:hibernate-agroal:7.4.1.Final' with target 'org.hibernate.orm:hibernate-agroal:7.4.1.Final
2026-08-21T16:48:36.552-0300 [DEBUG] [io.spring.gradle.dependencymanagement.internal.DependencyManagementContainer] Found managed version '7.4.1.Final' for dependency 'org.hibernate.orm:hibernate-agroal' in global dependency management
2026-08-21T16:48:36.552-0300 [DEBUG] [io.spring.gradle.dependencymanagement.internal.VersionConfiguringAction] Using version '7.4.1.Final' for dependency 'org.hibernate.orm:hibernate-agroal:7.4.1.Final'
2026-08-21T16:48:36.552-0300 [DEBUG] [io.spring.gradle.dependencymanagement.internal.VersionConfiguringAction] Processing requested dependency 'org.hibernate:hibernate-agroal:7.4.1.Final' with target 'org.hibernate:hibernate-agroal:7.4.1.Final
2026-08-21T16:48:36.552-0300 [DEBUG] [io.spring.gradle.dependencymanagement.internal.VersionConfiguringAction] No dependency management for dependency 'org.hibernate:hibernate-agroal:7.4.1.Final'
2026-08-21T16:48:36.552-0300 [DEBUG] [io.spring.gradle.dependencymanagement.internal.VersionConfiguringAction] Processing requested dependency 'org.hibernate.orm:hibernate-c3p0:7.4.1.Final' with target 'org.hibernate.orm:hibernate-c3p0:7.4.1.Final
2026-08-21T16:48:36.552-0300 [DEBUG] [io.spring.gradle.dependencymanagement.internal.DependencyManagementContainer] Found managed version '7.4.1.Final' for dependency 'org.hibernate.orm:hibernate-c3p0' in global dependency management
2026-08-21T16:48:36.552-0300 [DEBUG] [io.spring.gradle.dependencymanagement.internal.VersionConfiguringAction] Using version '7.4.1.Final' for dependency 'org.hibernate.orm:hibernate-c3p0:7.4.1.Final'
2026-08-21T16:48:36.552-0300 [DEBUG] [io.spring.gradle.dependencymanagement.internal.VersionConfiguringAction] Processing requested dependency 'org.hibernate:hibernate-c3p0:7.4.1.Final' with target 'org.hibernate:hibernate-c3p0:7.4.1.Final
2026-08-21T16:48:36.552-0300 [DEBUG] [io.spring.gradle.dependencymanagement.internal.VersionConfiguringAction] No dependency management for dependency 'org.hibernate:hibernate-c3p0:7.4.1.Final'
2026-08-21T16:48:36.552-0300 [DEBUG] [io.spring.gradle.dependencymanagement.internal.VersionConfiguringAction] Processing requested dependency 'org.hibernate.orm:hibernate-hikaricp:7.4.1.Final' with target 'org.hibernate.orm:hibernate-hikaricp:7.4.1.Final
2026-08-21T16:48:36.552-0300 [DEBUG] [io.spring.gradle.dependencymanagement.internal.DependencyManagementContainer] Found managed version '7.4.1.Final' for dependency 'org.hibernate.orm:hibernate-hikaricp' in global dependency management
2026-08-21T16:48:36.552-0300 [DEBUG] [io.spring.gradle.dependencymanagement.internal.VersionConfiguringAction] Using version '7.4.1.Final' for dependency 'org.hibernate.orm:hibernate-hikaricp:7.4.1.Final'
2026-08-21T16:48:36.552-0300 [DEBUG] [io.spring.gradle.dependencymanagement.internal.VersionConfiguringAction] Processing requested dependency 'org.hibernate:hibernate-hikaricp:7.4.1.Final' with target 'org.hibernate:hibernate-hikaricp:7.4.1.Final
2026-08-21T16:48:36.552-0300 [DEBUG] [io.spring.gradle.dependencymanagement.internal.VersionConfiguringAction] No dependency management for dependency 'org.hibernate:hibernate-hikaricp:7.4.1.Final'
2026-08-21T16:48:36.552-0300 [DEBUG] [io.spring.gradle.dependencymanagement.internal.VersionConfiguringAction] Processing requested dependency 'org.hibernate.orm:hibernate-jcache:7.4.1.Final' with target 'org.hibernate.orm:hibernate-jcache:7.4.1.Final
2026-08-21T16:48:36.552-0300 [DEBUG] [io.spring.gradle.dependencymanagement.internal.DependencyManagementContainer] Found managed version '7.4.1.Final' for dependency 'org.hibernate.orm:hibernate-jcache' in global dependency management
2026-08-21T16:48:36.552-0300 [DEBUG] [io.spring.gradle.dependencymanagement.internal.VersionConfiguringAction] Using version '7.4.1.Final' for dependency 'org.hibernate.orm:hibernate-jcache:7.4.1.Final'
2026-08-21T16:48:36.552-0300 [DEBUG] [io.spring.gradle.dependencymanagement.internal.VersionConfiguringAction] Processing requested dependency 'org.hibernate:hibernate-jcache:7.4.1.Final' with target 'org.hibernate:hibernate-jcache:7.4.1.Final
2026-08-21T16:48:36.552-0300 [DEBUG] [io.spring.gradle.dependencymanagement.internal.VersionConfiguringAction] No dependency management for dependency 'org.hibernate:hibernate-jcache:7.4.1.Final'
2026-08-21T16:48:36.552-0300 [DEBUG] [io.spring.gradle.dependencymanagement.internal.VersionConfiguringAction] Processing requested dependency 'org.hibernate.orm:hibernate-micrometer:7.4.1.Final' with target 'org.hibernate.orm:hibernate-micrometer:7.4.1.Final
2026-08-21T16:48:36.552-0300 [DEBUG] [io.spring.gradle.dependencymanagement.internal.DependencyManagementContainer] Found managed version '7.4.1.Final' for dependency 'org.hibernate.orm:hibernate-micrometer' in global dependency management
2026-08-21T16:48:36.552-0300 [DEBUG] [io.spring.gradle.dependencymanagement.internal.VersionConfiguringAction] Using version '7.4.1.Final' for dependency 'org.hibernate.orm:hibernate-micrometer:7.4.1.Final'
2026-08-21T16:48:36.552-0300 [DEBUG] [io.spring.gradle.dependencymanagement.internal.VersionConfiguringAction] Processing requested dependency 'org.hibernate:hibernate-micrometer:7.4.1.Final' with target 'org.hibernate:hibernate-micrometer:7.4.1.Final
2026-08-21T16:48:36.552-0300 [DEBUG] [io.spring.gradle.dependencymanagement.internal.VersionConfiguringAction] No dependency management for dependency 'org.hibernate:hibernate-micrometer:7.4.1.Final'
2026-08-21T16:48:36.552-0300 [DEBUG] [io.spring.gradle.dependencymanagement.internal.VersionConfiguringAction] Processing requested dependency 'org.hibernate.orm:hibernate-graalvm:7.4.1.Final' with target 'org.hibernate.orm:hibernate-graalvm:7.4.1.Final
2026-08-21T16:48:36.552-0300 [DEBUG] [io.spring.gradle.dependencymanagement.internal.DependencyManagementContainer] Found managed version '7.4.1.Final' for dependency 'org.hibernate.orm:hibernate-graalvm' in global dependency management
2026-08-21T16:48:36.552-0300 [DEBUG] [io.spring.gradle.dependencymanagement.internal.VersionConfiguringAction] Using version '7.4.1.Final' for dependency 'org.hibernate.orm:hibernate-graalvm:7.4.1.Final'
2026-08-21T16:48:36.552-0300 [DEBUG] [io.spring.gradle.dependencymanagement.internal.VersionConfiguringAction] Processing requested dependency 'org.hibernate:hibernate-graalvm:7.4.1.Final' with target 'org.hibernate:hibernate-graalvm:7.4.1.Final
2026-08-21T16:48:36.552-0300 [DEBUG] [io.spring.gradle.dependencymanagement.internal.VersionConfiguringAction] No dependency management for dependency 'org.hibernate:hibernate-graalvm:7.4.1.Final'
2026-08-21T16:48:36.552-0300 [DEBUG] [io.spring.gradle.dependencymanagement.internal.VersionConfiguringAction] Processing requested dependency 'org.hibernate.orm:hibernate-processor:7.4.1.Final' with target 'org.hibernate.orm:hibernate-processor:7.4.1.Final
2026-08-21T16:48:36.552-0300 [DEBUG] [io.spring.gradle.dependencymanagement.internal.DependencyManagementContainer] Found managed version '7.4.1.Final' for dependency 'org.hibernate.orm:hibernate-processor' in global dependency management
2026-08-21T16:48:36.552-0300 [DEBUG] [io.spring.gradle.dependencymanagement.internal.VersionConfiguringAction] Using version '7.4.1.Final' for dependency 'org.hibernate.orm:hibernate-processor:7.4.1.Final'
2026-08-21T16:48:36.552-0300 [DEBUG] [io.spring.gradle.dependencymanagement.internal.VersionConfiguringAction] Processing requested dependency 'org.hibernate:hibernate-processor:7.4.1.Final' with target 'org.hibernate:hibernate-processor:7.4.1.Final
2026-08-21T16:48:36.552-0300 [DEBUG] [io.spring.gradle.dependencymanagement.internal.VersionConfiguringAction] No dependency management for dependency 'org.hibernate:hibernate-processor:7.4.1.Final'
2026-08-21T16:48:36.552-0300 [DEBUG] [io.spring.gradle.dependencymanagement.internal.VersionConfiguringAction] Processing requested dependency 'org.hibernate.orm:hibernate-gradle-plugin:7.4.1.Final' with target 'org.hibernate.orm:hibernate-gradle-plugin:7.4.1.Final
2026-08-21T16:48:36.552-0300 [DEBUG] [io.spring.gradle.dependencymanagement.internal.VersionConfiguringAction] No dependency management for dependency 'org.hibernate.orm:hibernate-gradle-plugin:7.4.1.Final'
2026-08-21T16:48:36.552-0300 [DEBUG] [io.spring.gradle.dependencymanagement.internal.VersionConfiguringAction] Processing requested dependency 'org.hibernate.orm:hibernate-maven-plugin:7.4.1.Final' with target 'org.hibernate.orm:hibernate-maven-plugin:7.4.1.Final
2026-08-21T16:48:36.552-0300 [DEBUG] [io.spring.gradle.dependencymanagement.internal.VersionConfiguringAction] No dependency management for dependency 'org.hibernate.orm:hibernate-maven-plugin:7.4.1.Final'
2026-08-21T16:48:36.552-0300 [DEBUG] [io.spring.gradle.dependencymanagement.internal.VersionConfiguringAction] Processing requested dependency 'org.hibernate.orm:hibernate-ant:7.4.1.Final' with target 'org.hibernate.orm:hibernate-ant:7.4.1.Final
2026-08-21T16:48:36.552-0300 [DEBUG] [io.spring.gradle.dependencymanagement.internal.DependencyManagementContainer] Found managed version '7.4.1.Final' for dependency 'org.hibernate.orm:hibernate-ant' in global dependency management
2026-08-21T16:48:36.552-0300 [DEBUG] [io.spring.gradle.dependencymanagement.internal.VersionConfiguringAction] Using version '7.4.1.Final' for dependency 'org.hibernate.orm:hibernate-ant:7.4.1.Final'
2026-08-21T16:48:36.552-0300 [DEBUG] [io.spring.gradle.dependencymanagement.internal.VersionConfiguringAction] Processing requested dependency 'org.hibernate:hibernate-ant:7.4.1.Final' with target 'org.hibernate:hibernate-ant:7.4.1.Final
2026-08-21T16:48:36.552-0300 [DEBUG] [io.spring.gradle.dependencymanagement.internal.VersionConfiguringAction] No dependency management for dependency 'org.hibernate:hibernate-ant:7.4.1.Final'
2026-08-21T16:48:36.553-0300 [DEBUG] [io.spring.gradle.dependencymanagement.internal.VersionConfiguringAction] Processing requested dependency 'org.hibernate.orm:hibernate-assistant:7.4.1.Final' with target 'org.hibernate.orm:hibernate-assistant:7.4.1.Final
2026-08-21T16:48:36.553-0300 [DEBUG] [io.spring.gradle.dependencymanagement.internal.VersionConfiguringAction] No dependency management for dependency 'org.hibernate.orm:hibernate-assistant:7.4.1.Final'
2026-08-21T16:48:36.553-0300 [DEBUG] [io.spring.gradle.dependencymanagement.internal.VersionConfiguringAction] Processing requested dependency 'org.hibernate:hibernate-assistant:7.4.1.Final' with target 'org.hibernate:hibernate-assistant:7.4.1.Final
2026-08-21T16:48:36.553-0300 [DEBUG] [io.spring.gradle.dependencymanagement.internal.VersionConfiguringAction] No dependency management for dependency 'org.hibernate:hibernate-assistant:7.4.1.Final'
2026-08-21T16:48:36.553-0300 [DEBUG] [io.spring.gradle.dependencymanagement.internal.VersionConfiguringAction] Processing requested dependency 'org.hibernate.orm:hibernate-reveng:7.4.1.Final' with target 'org.hibernate.orm:hibernate-reveng:7.4.1.Final
2026-08-21T16:48:36.553-0300 [DEBUG] [io.spring.gradle.dependencymanagement.internal.VersionConfiguringAction] No dependency management for dependency 'org.hibernate.orm:hibernate-reveng:7.4.1.Final'
2026-08-21T16:48:36.553-0300 [DEBUG] [io.spring.gradle.dependencymanagement.internal.VersionConfiguringAction] Processing requested dependency 'org.hibernate:hibernate-reveng:7.4.1.Final' with target 'org.hibernate:hibernate-reveng:7.4.1.Final
2026-08-21T16:48:36.553-0300 [DEBUG] [io.spring.gradle.dependencymanagement.internal.VersionConfiguringAction] No dependency management for dependency 'org.hibernate:hibernate-reveng:7.4.1.Final'
2026-08-21T16:48:36.553-0300 [DEBUG] [io.spring.gradle.dependencymanagement.internal.VersionConfiguringAction] Processing requested dependency 'org.hibernate.orm:hibernate-jfr:7.4.1.Final' with target 'org.hibernate.orm:hibernate-jfr:7.4.1.Final
2026-08-21T16:48:36.553-0300 [DEBUG] [io.spring.gradle.dependencymanagement.internal.VersionConfiguringAction] No dependency management for dependency 'org.hibernate.orm:hibernate-jfr:7.4.1.Final'
2026-08-21T16:48:36.553-0300 [DEBUG] [io.spring.gradle.dependencymanagement.internal.VersionConfiguringAction] Processing requested dependency 'org.hibernate:hibernate-jfr:7.4.1.Final' with target 'org.hibernate:hibernate-jfr:7.4.1.Final
2026-08-21T16:48:36.553-0300 [DEBUG] [io.spring.gradle.dependencymanagement.internal.VersionConfiguringAction] No dependency management for dependency 'org.hibernate:hibernate-jfr:7.4.1.Final'
2026-08-21T16:48:36.553-0300 [DEBUG] [io.spring.gradle.dependencymanagement.internal.VersionConfiguringAction] Processing requested dependency 'jakarta.data:jakarta.data-api:1.0.1' with target 'jakarta.data:jakarta.data-api:1.0.1
2026-08-21T16:48:36.553-0300 [DEBUG] [io.spring.gradle.dependencymanagement.internal.VersionConfiguringAction] No dependency management for dependency 'jakarta.data:jakarta.data-api:1.0.1'
2026-08-21T16:48:36.553-0300 [DEBUG] [org.gradle.api.internal.artifacts.ivyservice.ivyresolve.RepositoryChainComponentMetaDataResolver] Attempting to resolve component for jakarta.transaction:jakarta.transaction-api:2.0.1 using repositories [MavenRepo]
2026-08-21T16:48:36.553-0300 [DEBUG] [org.gradle.api.internal.artifacts.ivyservice.ivyresolve.CachingModuleComponentRepository] Using cached module metadata for module 'jakarta.transaction:jakarta.transaction-api:2.0.1' in 'MavenRepo'
2026-08-21T16:48:36.553-0300 [DEBUG] [org.gradle.api.internal.artifacts.ivyservice.ivyresolve.RepositoryChainComponentMetaDataResolver] Using jakarta.transaction:jakarta.transaction-api:2.0.1 from org.gradle.api.internal.artifacts.ivyservice.ivyresolve.FilteredModuleComponentRepository@2cd54e3f
2026-08-21T16:48:36.553-0300 [DEBUG] [io.spring.gradle.dependencymanagement.internal.VersionConfiguringAction] Processing requested dependency 'org.slf4j:slf4j-api:1.7.36' with target 'org.slf4j:slf4j-api:1.7.36
2026-08-21T16:48:36.553-0300 [DEBUG] [io.spring.gradle.dependencymanagement.internal.DependencyManagementContainer] Found managed version '2.0.18' for dependency 'org.slf4j:slf4j-api' in global dependency management
2026-08-21T16:48:36.553-0300 [DEBUG] [io.spring.gradle.dependencymanagement.internal.VersionConfiguringAction] Using version '2.0.18' for dependency 'org.slf4j:slf4j-api:1.7.36'
2026-08-21T16:48:36.553-0300 [DEBUG] [io.spring.gradle.dependencymanagement.internal.VersionConfiguringAction] Processing requested dependency 'io.netty:netty-resolver:4.2.15.Final' with target 'io.netty:netty-resolver:4.2.15.Final
2026-08-21T16:48:36.553-0300 [DEBUG] [io.spring.gradle.dependencymanagement.internal.DependencyManagementContainer] Found managed version '4.2.15.Final' for dependency 'io.netty:netty-resolver' in global dependency management
2026-08-21T16:48:36.553-0300 [DEBUG] [io.spring.gradle.dependencymanagement.internal.VersionConfiguringAction] Using version '4.2.15.Final' for dependency 'io.netty:netty-resolver:4.2.15.Final'
2026-08-21T16:48:36.553-0300 [DEBUG] [io.spring.gradle.dependencymanagement.internal.VersionConfiguringAction] Processing requested dependency 'io.netty:netty-buffer:4.2.15.Final' with target 'io.netty:netty-buffer:4.2.15.Final
2026-08-21T16:48:36.553-0300 [DEBUG] [io.spring.gradle.dependencymanagement.internal.DependencyManagementContainer] Found managed version '4.2.15.Final' for dependency 'io.netty:netty-buffer' in global dependency management
2026-08-21T16:48:36.553-0300 [DEBUG] [io.spring.gradle.dependencymanagement.internal.VersionConfiguringAction] Using version '4.2.15.Final' for dependency 'io.netty:netty-buffer:4.2.15.Final'
2026-08-21T16:48:36.553-0300 [DEBUG] [io.spring.gradle.dependencymanagement.internal.VersionConfiguringAction] Processing requested dependency 'io.netty:netty-transport:4.2.15.Final' with target 'io.netty:netty-transport:4.2.15.Final
2026-08-21T16:48:36.553-0300 [DEBUG] [io.spring.gradle.dependencymanagement.internal.DependencyManagementContainer] Found managed version '4.2.15.Final' for dependency 'io.netty:netty-transport' in global dependency management
2026-08-21T16:48:36.553-0300 [DEBUG] [io.spring.gradle.dependencymanagement.internal.VersionConfiguringAction] Using version '4.2.15.Final' for dependency 'io.netty:netty-transport:4.2.15.Final'
2026-08-21T16:48:36.554-0300 [DEBUG] [io.spring.gradle.dependencymanagement.internal.VersionConfiguringAction] Processing requested dependency 'io.netty:netty-transport-native-unix-common:4.2.15.Final' with target 'io.netty:netty-transport-native-unix-common:4.2.15.Final
2026-08-21T16:48:36.554-0300 [DEBUG] [io.spring.gradle.dependencymanagement.internal.DependencyManagementContainer] Found managed version '4.2.15.Final' for dependency 'io.netty:netty-transport-native-unix-common' in global dependency management
2026-08-21T16:48:36.554-0300 [DEBUG] [io.spring.gradle.dependencymanagement.internal.VersionConfiguringAction] Using version '4.2.15.Final' for dependency 'io.netty:netty-transport-native-unix-common:4.2.15.Final'
2026-08-21T16:48:36.554-0300 [DEBUG] [io.spring.gradle.dependencymanagement.internal.VersionConfiguringAction] Processing requested dependency 'io.netty:netty-codec-base:4.2.15.Final' with target 'io.netty:netty-codec-base:4.2.15.Final
2026-08-21T16:48:36.554-0300 [DEBUG] [io.spring.gradle.dependencymanagement.internal.DependencyManagementContainer] Found managed version '4.2.15.Final' for dependency 'io.netty:netty-codec-base' in global dependency management
2026-08-21T16:48:36.554-0300 [DEBUG] [io.spring.gradle.dependencymanagement.internal.VersionConfiguringAction] Using version '4.2.15.Final' for dependency 'io.netty:netty-codec-base:4.2.15.Final'
2026-08-21T16:48:36.554-0300 [DEBUG] [org.gradle.api.internal.artifacts.ivyservice.ivyresolve.RepositoryChainComponentMetaDataResolver] Attempting to resolve component for io.netty:netty-resolver:4.2.15.Final using repositories [MavenRepo]
2026-08-21T16:48:36.554-0300 [DEBUG] [org.gradle.api.internal.artifacts.ivyservice.ivyresolve.CachingModuleComponentRepository] Using cached module metadata for module 'io.netty:netty-resolver:4.2.15.Final' in 'MavenRepo'
2026-08-21T16:48:36.554-0300 [DEBUG] [org.gradle.api.internal.artifacts.ivyservice.ivyresolve.RepositoryChainComponentMetaDataResolver] Using io.netty:netty-resolver:4.2.15.Final from org.gradle.api.internal.artifacts.ivyservice.ivyresolve.FilteredModuleComponentRepository@2cd54e3f
2026-08-21T16:48:36.554-0300 [DEBUG] [org.gradle.api.internal.artifacts.ivyservice.ivyresolve.RepositoryChainComponentMetaDataResolver] Attempting to resolve component for io.netty:netty-buffer:4.2.15.Final using repositories [MavenRepo]
2026-08-21T16:48:36.554-0300 [DEBUG] [org.gradle.api.internal.artifacts.ivyservice.ivyresolve.CachingModuleComponentRepository] Using cached module metadata for module 'io.netty:netty-buffer:4.2.15.Final' in 'MavenRepo'
2026-08-21T16:48:36.554-0300 [DEBUG] [org.gradle.api.internal.artifacts.ivyservice.ivyresolve.RepositoryChainComponentMetaDataResolver] Using io.netty:netty-buffer:4.2.15.Final from org.gradle.api.internal.artifacts.ivyservice.ivyresolve.FilteredModuleComponentRepository@2cd54e3f
2026-08-21T16:48:36.554-0300 [DEBUG] [org.gradle.api.internal.artifacts.ivyservice.ivyresolve.RepositoryChainComponentMetaDataResolver] Attempting to resolve component for io.netty:netty-transport-native-unix-common:4.2.15.Final using repositories [MavenRepo]
2026-08-21T16:48:36.554-0300 [DEBUG] [org.gradle.api.internal.artifacts.ivyservice.ivyresolve.CachingModuleComponentRepository] Using cached module metadata for module 'io.netty:netty-transport-native-unix-common:4.2.15.Final' in 'MavenRepo'
2026-08-21T16:48:36.554-0300 [DEBUG] [org.gradle.api.internal.artifacts.ivyservice.ivyresolve.RepositoryChainComponentMetaDataResolver] Using io.netty:netty-transport-native-unix-common:4.2.15.Final from org.gradle.api.internal.artifacts.ivyservice.ivyresolve.FilteredModuleComponentRepository@2cd54e3f
2026-08-21T16:48:36.554-0300 [DEBUG] [org.gradle.api.internal.artifacts.ivyservice.ivyresolve.RepositoryChainComponentMetaDataResolver] Attempting to resolve component for io.netty:netty-codec-base:4.2.15.Final using repositories [MavenRepo]
2026-08-21T16:48:36.554-0300 [DEBUG] [org.gradle.api.internal.artifacts.ivyservice.ivyresolve.CachingModuleComponentRepository] Using cached module metadata for module 'io.netty:netty-codec-base:4.2.15.Final' in 'MavenRepo'
2026-08-21T16:48:36.554-0300 [DEBUG] [org.gradle.api.internal.artifacts.ivyservice.ivyresolve.RepositoryChainComponentMetaDataResolver] Using io.netty:netty-codec-base:4.2.15.Final from org.gradle.api.internal.artifacts.ivyservice.ivyresolve.FilteredModuleComponentRepository@2cd54e3f
2026-08-21T16:48:36.554-0300 [DEBUG] [io.spring.gradle.dependencymanagement.internal.VersionConfiguringAction] Processing requested dependency 'org.reactivestreams:reactive-streams:1.0.4' with target 'org.reactivestreams:reactive-streams:1.0.4
2026-08-21T16:48:36.554-0300 [DEBUG] [io.spring.gradle.dependencymanagement.internal.DependencyManagementContainer] Found managed version '1.0.4' for dependency 'org.reactivestreams:reactive-streams' in global dependency management
2026-08-21T16:48:36.554-0300 [DEBUG] [io.spring.gradle.dependencymanagement.internal.VersionConfiguringAction] Using version '1.0.4' for dependency 'org.reactivestreams:reactive-streams:1.0.4'
2026-08-21T16:48:36.554-0300 [DEBUG] [org.gradle.api.internal.artifacts.ivyservice.ivyresolve.RepositoryChainComponentMetaDataResolver] Attempting to resolve component for org.reactivestreams:reactive-streams:1.0.4 using repositories [MavenRepo]
2026-08-21T16:48:36.554-0300 [DEBUG] [org.gradle.api.internal.artifacts.ivyservice.ivyresolve.CachingModuleComponentRepository] Using cached module metadata for module 'org.reactivestreams:reactive-streams:1.0.4' in 'MavenRepo'
2026-08-21T16:48:36.554-0300 [DEBUG] [org.gradle.api.internal.artifacts.ivyservice.ivyresolve.RepositoryChainComponentMetaDataResolver] Using org.reactivestreams:reactive-streams:1.0.4 from org.gradle.api.internal.artifacts.ivyservice.ivyresolve.FilteredModuleComponentRepository@2cd54e3f
2026-08-21T16:48:36.554-0300 [DEBUG] [io.spring.gradle.dependencymanagement.internal.VersionConfiguringAction] Processing requested dependency 'io.netty:netty-codec-dns:4.2.15.Final' with target 'io.netty:netty-codec-dns:4.2.15.Final
2026-08-21T16:48:36.554-0300 [DEBUG] [io.spring.gradle.dependencymanagement.internal.DependencyManagementContainer] Found managed version '4.2.15.Final' for dependency 'io.netty:netty-codec-dns' in global dependency management
2026-08-21T16:48:36.554-0300 [DEBUG] [io.spring.gradle.dependencymanagement.internal.VersionConfiguringAction] Using version '4.2.15.Final' for dependency 'io.netty:netty-codec-dns:4.2.15.Final'
2026-08-21T16:48:36.554-0300 [DEBUG] [io.spring.gradle.dependencymanagement.internal.VersionConfiguringAction] Processing requested dependency 'io.netty:netty-handler:4.2.15.Final' with target 'io.netty:netty-handler:4.2.15.Final
2026-08-21T16:48:36.554-0300 [DEBUG] [io.spring.gradle.dependencymanagement.internal.DependencyManagementContainer] Found managed version '4.2.15.Final' for dependency 'io.netty:netty-handler' in global dependency management
2026-08-21T16:48:36.554-0300 [DEBUG] [io.spring.gradle.dependencymanagement.internal.VersionConfiguringAction] Using version '4.2.15.Final' for dependency 'io.netty:netty-handler:4.2.15.Final'
2026-08-21T16:48:36.554-0300 [DEBUG] [org.gradle.api.internal.artifacts.ivyservice.ivyresolve.RepositoryChainComponentMetaDataResolver] Attempting to resolve component for io.netty:netty-codec-dns:4.2.15.Final using repositories [MavenRepo]
2026-08-21T16:48:36.555-0300 [DEBUG] [org.gradle.api.internal.artifacts.ivyservice.ivyresolve.CachingModuleComponentRepository] Using cached module metadata for module 'io.netty:netty-codec-dns:4.2.15.Final' in 'MavenRepo'
2026-08-21T16:48:36.555-0300 [DEBUG] [org.gradle.api.internal.artifacts.ivyservice.ivyresolve.RepositoryChainComponentMetaDataResolver] Using io.netty:netty-codec-dns:4.2.15.Final from org.gradle.api.internal.artifacts.ivyservice.ivyresolve.FilteredModuleComponentRepository@2cd54e3f
2026-08-21T16:48:36.555-0300 [DEBUG] [io.spring.gradle.dependencymanagement.internal.VersionConfiguringAction] Processing requested dependency 'jakarta.xml.bind:jakarta.xml.bind-api:3.0.1' with target 'jakarta.xml.bind:jakarta.xml.bind-api:3.0.1
2026-08-21T16:48:36.555-0300 [DEBUG] [io.spring.gradle.dependencymanagement.internal.DependencyManagementContainer] Found managed version '4.0.5' for dependency 'jakarta.xml.bind:jakarta.xml.bind-api' in global dependency management
2026-08-21T16:48:36.555-0300 [DEBUG] [io.spring.gradle.dependencymanagement.internal.VersionConfiguringAction] Using version '4.0.5' for dependency 'jakarta.xml.bind:jakarta.xml.bind-api:3.0.1'
2026-08-21T16:48:36.555-0300 [DEBUG] [io.spring.gradle.dependencymanagement.internal.VersionConfiguringAction] Processing requested dependency 'org.jboss.logging:jboss-logging:3.6.3.Final' with target 'org.jboss.logging:jboss-logging:3.6.3.Final
2026-08-21T16:48:36.555-0300 [DEBUG] [io.spring.gradle.dependencymanagement.internal.DependencyManagementContainer] Found managed version '3.6.3.Final' for dependency 'org.jboss.logging:jboss-logging' in global dependency management
2026-08-21T16:48:36.555-0300 [DEBUG] [io.spring.gradle.dependencymanagement.internal.VersionConfiguringAction] Using version '3.6.3.Final' for dependency 'org.jboss.logging:jboss-logging:3.6.3.Final'
2026-08-21T16:48:36.555-0300 [DEBUG] [io.spring.gradle.dependencymanagement.internal.VersionConfiguringAction] Processing requested dependency 'jakarta.activation:jakarta.activation-api:2.1.4' with target 'jakarta.activation:jakarta.activation-api:2.1.4
2026-08-21T16:48:36.555-0300 [DEBUG] [io.spring.gradle.dependencymanagement.internal.DependencyManagementContainer] Found managed version '2.1.4' for dependency 'jakarta.activation:jakarta.activation-api' in global dependency management
2026-08-21T16:48:36.555-0300 [DEBUG] [io.spring.gradle.dependencymanagement.internal.VersionConfiguringAction] Using version '2.1.4' for dependency 'jakarta.activation:jakarta.activation-api:2.1.4'
2026-08-21T16:48:36.555-0300 [DEBUG] [org.gradle.api.internal.artifacts.ivyservice.ivyresolve.RepositoryChainComponentMetaDataResolver] Attempting to resolve component for jakarta.activation:jakarta.activation-api:2.1.4 using repositories [MavenRepo]
2026-08-21T16:48:36.555-0300 [DEBUG] [org.gradle.api.internal.artifacts.ivyservice.ivyresolve.CachingModuleComponentRepository] Using cached module metadata for module 'jakarta.activation:jakarta.activation-api:2.1.4' in 'MavenRepo'
2026-08-21T16:48:36.555-0300 [DEBUG] [org.gradle.api.internal.artifacts.ivyservice.ivyresolve.RepositoryChainComponentMetaDataResolver] Using jakarta.activation:jakarta.activation-api:2.1.4 from org.gradle.api.internal.artifacts.ivyservice.ivyresolve.FilteredModuleComponentRepository@2cd54e3f
2026-08-21T16:48:36.555-0300 [DEBUG] [io.spring.gradle.dependencymanagement.internal.VersionConfiguringAction] Processing requested dependency 'org.glassfish.jaxb:jaxb-core:4.0.9' with target 'org.glassfish.jaxb:jaxb-core:4.0.9
2026-08-21T16:48:36.555-0300 [DEBUG] [io.spring.gradle.dependencymanagement.internal.DependencyManagementContainer] Found managed version '4.0.9' for dependency 'org.glassfish.jaxb:jaxb-core' in global dependency management
2026-08-21T16:48:36.556-0300 [DEBUG] [io.spring.gradle.dependencymanagement.internal.VersionConfiguringAction] Using version '4.0.9' for dependency 'org.glassfish.jaxb:jaxb-core:4.0.9'
2026-08-21T16:48:36.556-0300 [DEBUG] [org.gradle.api.internal.artifacts.ivyservice.ivyresolve.RepositoryChainComponentMetaDataResolver] Attempting to resolve component for org.glassfish.jaxb:jaxb-core:4.0.9 using repositories [MavenRepo]
2026-08-21T16:48:36.556-0300 [DEBUG] [org.gradle.api.internal.artifacts.ivyservice.ivyresolve.CachingModuleComponentRepository] Using cached module metadata for module 'org.glassfish.jaxb:jaxb-core:4.0.9' in 'MavenRepo'
2026-08-21T16:48:36.556-0300 [DEBUG] [org.gradle.api.internal.artifacts.ivyservice.ivyresolve.RepositoryChainComponentMetaDataResolver] Using org.glassfish.jaxb:jaxb-core:4.0.9 from org.gradle.api.internal.artifacts.ivyservice.ivyresolve.FilteredModuleComponentRepository@2cd54e3f
2026-08-21T16:48:36.556-0300 [DEBUG] [io.spring.gradle.dependencymanagement.internal.VersionConfiguringAction] Processing requested dependency 'jakarta.xml.bind:jakarta.xml.bind-api:4.0.5' with target 'jakarta.xml.bind:jakarta.xml.bind-api:4.0.5
2026-08-21T16:48:36.556-0300 [DEBUG] [io.spring.gradle.dependencymanagement.internal.DependencyManagementContainer] Found managed version '4.0.5' for dependency 'jakarta.xml.bind:jakarta.xml.bind-api' in global dependency management
2026-08-21T16:48:36.556-0300 [DEBUG] [io.spring.gradle.dependencymanagement.internal.VersionConfiguringAction] Using version '4.0.5' for dependency 'jakarta.xml.bind:jakarta.xml.bind-api:4.0.5'
2026-08-21T16:48:36.556-0300 [DEBUG] [io.spring.gradle.dependencymanagement.internal.VersionConfiguringAction] Processing requested dependency 'org.eclipse.angus:angus-activation:2.0.3' with target 'org.eclipse.angus:angus-activation:2.0.3
2026-08-21T16:48:36.556-0300 [DEBUG] [io.spring.gradle.dependencymanagement.internal.VersionConfiguringAction] No dependency management for dependency 'org.eclipse.angus:angus-activation:2.0.3'
2026-08-21T16:48:36.556-0300 [DEBUG] [io.spring.gradle.dependencymanagement.internal.VersionConfiguringAction] Processing requested dependency 'org.glassfish.jaxb:txw2:4.0.9' with target 'org.glassfish.jaxb:txw2:4.0.9
2026-08-21T16:48:36.556-0300 [DEBUG] [io.spring.gradle.dependencymanagement.internal.DependencyManagementContainer] Found managed version '4.0.9' for dependency 'org.glassfish.jaxb:txw2' in global dependency management
2026-08-21T16:48:36.556-0300 [DEBUG] [io.spring.gradle.dependencymanagement.internal.VersionConfiguringAction] Using version '4.0.9' for dependency 'org.glassfish.jaxb:txw2:4.0.9'
2026-08-21T16:48:36.556-0300 [DEBUG] [io.spring.gradle.dependencymanagement.internal.VersionConfiguringAction] Processing requested dependency 'com.sun.istack:istack-commons-runtime:4.1.2' with target 'com.sun.istack:istack-commons-runtime:4.1.2
2026-08-21T16:48:36.556-0300 [DEBUG] [io.spring.gradle.dependencymanagement.internal.VersionConfiguringAction] No dependency management for dependency 'com.sun.istack:istack-commons-runtime:4.1.2'
2026-08-21T16:48:36.556-0300 [DEBUG] [org.gradle.api.internal.artifacts.ivyservice.ivyresolve.RepositoryChainComponentMetaDataResolver] Attempting to resolve component for org.eclipse.angus:angus-activation:2.0.3 using repositories [MavenRepo]
2026-08-21T16:48:36.556-0300 [DEBUG] [org.gradle.api.internal.artifacts.ivyservice.ivyresolve.CachingModuleComponentRepository] Using cached module metadata for module 'org.eclipse.angus:angus-activation:2.0.3' in 'MavenRepo'
2026-08-21T16:48:36.556-0300 [DEBUG] [org.gradle.api.internal.artifacts.ivyservice.ivyresolve.RepositoryChainComponentMetaDataResolver] Using org.eclipse.angus:angus-activation:2.0.3 from org.gradle.api.internal.artifacts.ivyservice.ivyresolve.FilteredModuleComponentRepository@2cd54e3f
2026-08-21T16:48:36.556-0300 [DEBUG] [org.gradle.api.internal.artifacts.ivyservice.ivyresolve.RepositoryChainComponentMetaDataResolver] Attempting to resolve component for org.glassfish.jaxb:txw2:4.0.9 using repositories [MavenRepo]
2026-08-21T16:48:36.556-0300 [DEBUG] [org.gradle.api.internal.artifacts.ivyservice.ivyresolve.CachingModuleComponentRepository] Using cached module metadata for module 'org.glassfish.jaxb:txw2:4.0.9' in 'MavenRepo'
2026-08-21T16:48:36.557-0300 [DEBUG] [org.gradle.api.internal.artifacts.ivyservice.ivyresolve.RepositoryChainComponentMetaDataResolver] Using org.glassfish.jaxb:txw2:4.0.9 from org.gradle.api.internal.artifacts.ivyservice.ivyresolve.FilteredModuleComponentRepository@2cd54e3f
2026-08-21T16:48:36.557-0300 [DEBUG] [org.gradle.api.internal.artifacts.ivyservice.ivyresolve.RepositoryChainComponentMetaDataResolver] Attempting to resolve component for com.sun.istack:istack-commons-runtime:4.1.2 using repositories [MavenRepo]
2026-08-21T16:48:36.557-0300 [DEBUG] [org.gradle.api.internal.artifacts.ivyservice.ivyresolve.CachingModuleComponentRepository] Using cached module metadata for module 'com.sun.istack:istack-commons-runtime:4.1.2' in 'MavenRepo'
2026-08-21T16:48:36.557-0300 [DEBUG] [org.gradle.api.internal.artifacts.ivyservice.ivyresolve.RepositoryChainComponentMetaDataResolver] Using com.sun.istack:istack-commons-runtime:4.1.2 from org.gradle.api.internal.artifacts.ivyservice.ivyresolve.FilteredModuleComponentRepository@2cd54e3f
2026-08-21T16:48:36.557-0300 [DEBUG] [org.gradle.internal.operations.DefaultBuildOperationRunner] Completing Build operation 'Resolve dependencies of :detachedConfiguration111'
2026-08-21T16:48:36.557-0300 [DEBUG] [org.gradle.internal.operations.DefaultBuildOperationRunner] Build operation 'Resolve dependencies of :detachedConfiguration111' completed
2026-08-21T16:48:36.558-0300 [DEBUG] [org.gradle.api.internal.artifacts.ivyservice.resolveengine.result.StreamingResolutionResultBuilder$GraphFactory] Loaded resolution results (0.0 secs) from Binary store in /Users/claratorres1414/.gradle/.tmp/gradle14523498154792549156.bin offset 38873 exists? true
2026-08-21T16:48:36.558-0300 [DEBUG] [org.gradle.internal.operations.DefaultBuildOperationRunner] Build operation 'Resolve dependencies of :detachedConfiguration112' started
2026-08-21T16:48:36.559-0300 [DEBUG] [org.gradle.internal.operations.DefaultBuildOperationRunner] Completing Build operation 'Resolve dependencies of :detachedConfiguration112'
2026-08-21T16:48:36.559-0300 [DEBUG] [org.gradle.internal.operations.DefaultBuildOperationRunner] Build operation 'Resolve dependencies of :detachedConfiguration112' completed
2026-08-21T16:48:36.560-0300 [INFO] [io.spring.gradle.dependencymanagement.internal.ExclusionConfiguringAction] Excluding []
2026-08-21T16:48:36.560-0300 [DEBUG] [org.gradle.internal.operations.DefaultBuildOperationRunner] Completing Build operation 'Execute container callback action'
2026-08-21T16:48:36.560-0300 [DEBUG] [org.gradle.internal.operations.DefaultBuildOperationRunner] Build operation 'Execute container callback action' completed
2026-08-21T16:48:36.560-0300 [DEBUG] [org.gradle.internal.operations.DefaultBuildOperationRunner] Build operation 'Execute container callback action' started
2026-08-21T16:48:36.560-0300 [DEBUG] [org.gradle.internal.operations.DefaultBuildOperationRunner] Completing Build operation 'Execute container callback action'
2026-08-21T16:48:36.561-0300 [DEBUG] [org.gradle.internal.operations.DefaultBuildOperationRunner] Build operation 'Execute container callback action' completed
2026-08-21T16:48:36.561-0300 [DEBUG] [io.spring.gradle.dependencymanagement.internal.VersionConfiguringAction] Processing requested dependency 'org.projectlombok:lombok:' with target 'org.projectlombok:lombok:
2026-08-21T16:48:36.561-0300 [DEBUG] [io.spring.gradle.dependencymanagement.internal.DependencyManagementContainer] Found managed version '1.18.46' for dependency 'org.projectlombok:lombok' in global dependency management
2026-08-21T16:48:36.561-0300 [DEBUG] [io.spring.gradle.dependencymanagement.internal.VersionConfiguringAction] Using version '1.18.46' for dependency 'org.projectlombok:lombok:'
2026-08-21T16:48:36.561-0300 [DEBUG] [io.spring.gradle.dependencymanagement.internal.VersionConfiguringAction] Processing requested dependency 'org.springframework.boot:spring-boot-starter:' with target 'org.springframework.boot:spring-boot-starter:
2026-08-21T16:48:36.561-0300 [DEBUG] [io.spring.gradle.dependencymanagement.internal.DependencyManagementContainer] Found managed version '4.1.0' for dependency 'org.springframework.boot:spring-boot-starter' in global dependency management
2026-08-21T16:48:36.561-0300 [DEBUG] [io.spring.gradle.dependencymanagement.internal.VersionConfiguringAction] Using version '4.1.0' for dependency 'org.springframework.boot:spring-boot-starter:'
2026-08-21T16:48:36.561-0300 [DEBUG] [io.spring.gradle.dependencymanagement.internal.VersionConfiguringAction] Processing requested dependency 'org.springframework.boot:spring-boot-starter-web:' with target 'org.springframework.boot:spring-boot-starter-web:
2026-08-21T16:48:36.561-0300 [DEBUG] [io.spring.gradle.dependencymanagement.internal.DependencyManagementContainer] Found managed version '4.1.0' for dependency 'org.springframework.boot:spring-boot-starter-web' in global dependency management
2026-08-21T16:48:36.562-0300 [DEBUG] [io.spring.gradle.dependencymanagement.internal.VersionConfiguringAction] Using version '4.1.0' for dependency 'org.springframework.boot:spring-boot-starter-web:'
2026-08-21T16:48:36.562-0300 [DEBUG] [io.spring.gradle.dependencymanagement.internal.VersionConfiguringAction] Processing requested dependency 'org.springframework.boot:spring-boot-starter-data-jpa:' with target 'org.springframework.boot:spring-boot-starter-data-jpa:
2026-08-21T16:48:36.562-0300 [DEBUG] [io.spring.gradle.dependencymanagement.internal.DependencyManagementContainer] Found managed version '4.1.0' for dependency 'org.springframework.boot:spring-boot-starter-data-jpa' in global dependency management
2026-08-21T16:48:36.562-0300 [DEBUG] [io.spring.gradle.dependencymanagement.internal.VersionConfiguringAction] Using version '4.1.0' for dependency 'org.springframework.boot:spring-boot-starter-data-jpa:'
2026-08-21T16:48:36.562-0300 [DEBUG] [io.spring.gradle.dependencymanagement.internal.VersionConfiguringAction] Processing requested dependency 'org.flywaydb:flyway-core:' with target 'org.flywaydb:flyway-core:
2026-08-21T16:48:36.562-0300 [DEBUG] [io.spring.gradle.dependencymanagement.internal.DependencyManagementContainer] Found managed version '12.4.0' for dependency 'org.flywaydb:flyway-core' in global dependency management
2026-08-21T16:48:36.562-0300 [DEBUG] [io.spring.gradle.dependencymanagement.internal.VersionConfiguringAction] Using version '12.4.0' for dependency 'org.flywaydb:flyway-core:'
2026-08-21T16:48:36.562-0300 [DEBUG] [io.spring.gradle.dependencymanagement.internal.VersionConfiguringAction] Processing requested dependency 'org.springframework.boot:spring-boot-starter-data-redis:' with target 'org.springframework.boot:spring-boot-starter-data-redis:
2026-08-21T16:48:36.562-0300 [DEBUG] [io.spring.gradle.dependencymanagement.internal.DependencyManagementContainer] Found managed version '4.1.0' for dependency 'org.springframework.boot:spring-boot-starter-data-redis' in global dependency management
2026-08-21T16:48:36.562-0300 [DEBUG] [io.spring.gradle.dependencymanagement.internal.VersionConfiguringAction] Using version '4.1.0' for dependency 'org.springframework.boot:spring-boot-starter-data-redis:'
2026-08-21T16:48:36.562-0300 [DEBUG] [io.spring.gradle.dependencymanagement.internal.VersionConfiguringAction] Processing requested dependency 'me.paulschwarz:spring-dotenv-bom:5.1.0' with target 'me.paulschwarz:spring-dotenv-bom:5.1.0
2026-08-21T16:48:36.562-0300 [DEBUG] [io.spring.gradle.dependencymanagement.internal.VersionConfiguringAction] No dependency management for dependency 'me.paulschwarz:spring-dotenv-bom:5.1.0'
2026-08-21T16:48:36.562-0300 [DEBUG] [org.gradle.api.internal.artifacts.ivyservice.resolveengine.graph.builder.NodeState] org.projectlombok:lombok:1.18.46 is filtered.
2026-08-21T16:48:36.562-0300 [DEBUG] [org.gradle.api.internal.artifacts.ivyservice.resolveengine.graph.builder.NodeState] org.springframework.boot:spring-boot-starter:4.1.0 is filtered.
2026-08-21T16:48:36.562-0300 [DEBUG] [org.gradle.api.internal.artifacts.ivyservice.resolveengine.graph.builder.NodeState] org.springframework.boot:spring-boot-starter-web:4.1.0 is filtered.
2026-08-21T16:48:36.562-0300 [DEBUG] [org.gradle.api.internal.artifacts.ivyservice.resolveengine.graph.builder.NodeState] org.springframework.boot:spring-boot-starter-data-jpa:4.1.0 is filtered.
2026-08-21T16:48:36.562-0300 [DEBUG] [org.gradle.api.internal.artifacts.ivyservice.resolveengine.graph.builder.NodeState] org.flywaydb:flyway-core:12.4.0 is filtered.
2026-08-21T16:48:36.562-0300 [DEBUG] [org.gradle.api.internal.artifacts.ivyservice.resolveengine.graph.builder.NodeState] org.springframework.boot:spring-boot-starter-data-redis:4.1.0 is filtered.
2026-08-21T16:48:36.562-0300 [DEBUG] [org.gradle.api.internal.artifacts.ivyservice.resolveengine.graph.builder.NodeState] me.paulschwarz:spring-dotenv-bom:5.1.0 is filtered.
2026-08-21T16:48:36.563-0300 [DEBUG] [org.gradle.internal.operations.DefaultBuildOperationRunner] Build operation 'Execute container callback action' started
2026-08-21T16:48:36.564-0300 [DEBUG] [org.gradle.internal.operations.DefaultBuildOperationRunner] Build operation 'Resolve dependencies of :detachedConfiguration113' started
2026-08-21T16:48:36.564-0300 [DEBUG] [org.gradle.api.internal.artifacts.ivyservice.modulecache.ResolvedArtifactCaches] Reusing in-memory cache for repo 'MavenRepo' [26c913274550a0b2221f47a0fe2d2358].
2026-08-21T16:48:36.564-0300 [DEBUG] [io.spring.gradle.dependencymanagement.internal.VersionConfiguringAction] Processing requested dependency 'org.projectlombok:lombok:' with target 'org.projectlombok:lombok:
2026-08-21T16:48:36.564-0300 [DEBUG] [io.spring.gradle.dependencymanagement.internal.DependencyManagementContainer] Found managed version '1.18.46' for dependency 'org.projectlombok:lombok' in global dependency management
2026-08-21T16:48:36.564-0300 [DEBUG] [io.spring.gradle.dependencymanagement.internal.VersionConfiguringAction] Using version '1.18.46' for dependency 'org.projectlombok:lombok:'
2026-08-21T16:48:36.564-0300 [DEBUG] [org.gradle.api.internal.artifacts.ivyservice.ivyresolve.RepositoryChainComponentMetaDataResolver] Attempting to resolve component for org.projectlombok:lombok:1.18.46 using repositories [MavenRepo]
2026-08-21T16:48:36.564-0300 [DEBUG] [org.gradle.api.internal.artifacts.ivyservice.ivyresolve.CachingModuleComponentRepository] Using cached module metadata for module 'org.projectlombok:lombok:1.18.46' in 'MavenRepo'
2026-08-21T16:48:36.564-0300 [DEBUG] [org.gradle.api.internal.artifacts.ivyservice.ivyresolve.RepositoryChainComponentMetaDataResolver] Using org.projectlombok:lombok:1.18.46 from org.gradle.api.internal.artifacts.ivyservice.ivyresolve.FilteredModuleComponentRepository@551e2c19
2026-08-21T16:48:36.564-0300 [DEBUG] [org.gradle.internal.operations.DefaultBuildOperationRunner] Completing Build operation 'Resolve dependencies of :detachedConfiguration113'
2026-08-21T16:48:36.565-0300 [DEBUG] [org.gradle.internal.operations.DefaultBuildOperationRunner] Build operation 'Resolve dependencies of :detachedConfiguration113' completed
2026-08-21T16:48:36.565-0300 [DEBUG] [org.gradle.api.internal.artifacts.ivyservice.resolveengine.result.StreamingResolutionResultBuilder$GraphFactory] Loaded resolution results (0.0 secs) from Binary store in /Users/claratorres1414/.gradle/.tmp/gradle14523498154792549156.bin offset 46615 exists? true
2026-08-21T16:48:36.565-0300 [DEBUG] [org.gradle.internal.operations.DefaultBuildOperationRunner] Build operation 'Resolve dependencies of :detachedConfiguration114' started
2026-08-21T16:48:36.565-0300 [DEBUG] [org.gradle.internal.operations.DefaultBuildOperationRunner] Completing Build operation 'Resolve dependencies of :detachedConfiguration114'
2026-08-21T16:48:36.565-0300 [DEBUG] [org.gradle.internal.operations.DefaultBuildOperationRunner] Build operation 'Resolve dependencies of :detachedConfiguration114' completed
2026-08-21T16:48:36.565-0300 [INFO] [io.spring.gradle.dependencymanagement.internal.ExclusionConfiguringAction] Excluding []
2026-08-21T16:48:36.565-0300 [DEBUG] [org.gradle.internal.operations.DefaultBuildOperationRunner] Completing Build operation 'Execute container callback action'
2026-08-21T16:48:36.565-0300 [DEBUG] [org.gradle.internal.operations.DefaultBuildOperationRunner] Build operation 'Execute container callback action' completed
2026-08-21T16:48:36.565-0300 [DEBUG] [io.spring.gradle.dependencymanagement.internal.VersionConfiguringAction] Processing requested dependency 'org.projectlombok:lombok:' with target 'org.projectlombok:lombok:
2026-08-21T16:48:36.565-0300 [DEBUG] [io.spring.gradle.dependencymanagement.internal.DependencyManagementContainer] Found managed version '1.18.46' for dependency 'org.projectlombok:lombok' in global dependency management
2026-08-21T16:48:36.565-0300 [DEBUG] [io.spring.gradle.dependencymanagement.internal.VersionConfiguringAction] Using version '1.18.46' for dependency 'org.projectlombok:lombok:'
2026-08-21T16:48:36.565-0300 [DEBUG] [org.gradle.api.internal.artifacts.ivyservice.resolveengine.graph.builder.NodeState] org.projectlombok:lombok:1.18.46 is filtered.
2026-08-21T16:48:36.566-0300 [DEBUG] [org.gradle.internal.operations.DefaultBuildOperationRunner] Build operation 'Execute container callback action' started
2026-08-21T16:48:36.566-0300 [DEBUG] [org.gradle.internal.operations.DefaultBuildOperationRunner] Build operation 'Resolve dependencies of :detachedConfiguration115' started
2026-08-21T16:48:36.566-0300 [DEBUG] [org.gradle.api.internal.artifacts.ivyservice.modulecache.ResolvedArtifactCaches] Reusing in-memory cache for repo 'MavenRepo' [26c913274550a0b2221f47a0fe2d2358].
2026-08-21T16:48:36.567-0300 [DEBUG] [io.spring.gradle.dependencymanagement.internal.VersionConfiguringAction] Processing requested dependency 'org.projectlombok:lombok:' with target 'org.projectlombok:lombok:
2026-08-21T16:48:36.567-0300 [DEBUG] [io.spring.gradle.dependencymanagement.internal.DependencyManagementContainer] Found managed version '1.18.46' for dependency 'org.projectlombok:lombok' in global dependency management
2026-08-21T16:48:36.567-0300 [DEBUG] [io.spring.gradle.dependencymanagement.internal.VersionConfiguringAction] Using version '1.18.46' for dependency 'org.projectlombok:lombok:'
2026-08-21T16:48:36.567-0300 [DEBUG] [io.spring.gradle.dependencymanagement.internal.VersionConfiguringAction] Processing requested dependency 'org.springframework.boot:spring-boot-starter-test:' with target 'org.springframework.boot:spring-boot-starter-test:
2026-08-21T16:48:36.567-0300 [DEBUG] [io.spring.gradle.dependencymanagement.internal.DependencyManagementContainer] Found managed version '4.1.0' for dependency 'org.springframework.boot:spring-boot-starter-test' in global dependency management
2026-08-21T16:48:36.567-0300 [DEBUG] [io.spring.gradle.dependencymanagement.internal.VersionConfiguringAction] Using version '4.1.0' for dependency 'org.springframework.boot:spring-boot-starter-test:'
2026-08-21T16:48:36.567-0300 [DEBUG] [io.spring.gradle.dependencymanagement.internal.VersionConfiguringAction] Processing requested dependency 'org.springframework.boot:spring-boot-starter:' with target 'org.springframework.boot:spring-boot-starter:
2026-08-21T16:48:36.567-0300 [DEBUG] [io.spring.gradle.dependencymanagement.internal.DependencyManagementContainer] Found managed version '4.1.0' for dependency 'org.springframework.boot:spring-boot-starter' in global dependency management
2026-08-21T16:48:36.567-0300 [DEBUG] [io.spring.gradle.dependencymanagement.internal.VersionConfiguringAction] Using version '4.1.0' for dependency 'org.springframework.boot:spring-boot-starter:'
2026-08-21T16:48:36.567-0300 [DEBUG] [io.spring.gradle.dependencymanagement.internal.VersionConfiguringAction] Processing requested dependency 'org.springframework.boot:spring-boot-starter-web:' with target 'org.springframework.boot:spring-boot-starter-web:
2026-08-21T16:48:36.567-0300 [DEBUG] [io.spring.gradle.dependencymanagement.internal.DependencyManagementContainer] Found managed version '4.1.0' for dependency 'org.springframework.boot:spring-boot-starter-web' in global dependency management
2026-08-21T16:48:36.567-0300 [DEBUG] [io.spring.gradle.dependencymanagement.internal.VersionConfiguringAction] Using version '4.1.0' for dependency 'org.springframework.boot:spring-boot-starter-web:'
2026-08-21T16:48:36.567-0300 [DEBUG] [io.spring.gradle.dependencymanagement.internal.VersionConfiguringAction] Processing requested dependency 'org.springframework.boot:spring-boot-starter-data-jpa:' with target 'org.springframework.boot:spring-boot-starter-data-jpa:
2026-08-21T16:48:36.567-0300 [DEBUG] [io.spring.gradle.dependencymanagement.internal.DependencyManagementContainer] Found managed version '4.1.0' for dependency 'org.springframework.boot:spring-boot-starter-data-jpa' in global dependency management
2026-08-21T16:48:36.567-0300 [DEBUG] [io.spring.gradle.dependencymanagement.internal.VersionConfiguringAction] Using version '4.1.0' for dependency 'org.springframework.boot:spring-boot-starter-data-jpa:'
2026-08-21T16:48:36.567-0300 [DEBUG] [io.spring.gradle.dependencymanagement.internal.VersionConfiguringAction] Processing requested dependency 'org.flywaydb:flyway-core:' with target 'org.flywaydb:flyway-core:
2026-08-21T16:48:36.567-0300 [DEBUG] [io.spring.gradle.dependencymanagement.internal.DependencyManagementContainer] Found managed version '12.4.0' for dependency 'org.flywaydb:flyway-core' in global dependency management
2026-08-21T16:48:36.567-0300 [DEBUG] [io.spring.gradle.dependencymanagement.internal.VersionConfiguringAction] Using version '12.4.0' for dependency 'org.flywaydb:flyway-core:'
2026-08-21T16:48:36.567-0300 [DEBUG] [io.spring.gradle.dependencymanagement.internal.VersionConfiguringAction] Processing requested dependency 'org.springframework.boot:spring-boot-starter-data-redis:' with target 'org.springframework.boot:spring-boot-starter-data-redis:
2026-08-21T16:48:36.567-0300 [DEBUG] [io.spring.gradle.dependencymanagement.internal.DependencyManagementContainer] Found managed version '4.1.0' for dependency 'org.springframework.boot:spring-boot-starter-data-redis' in global dependency management
2026-08-21T16:48:36.567-0300 [DEBUG] [io.spring.gradle.dependencymanagement.internal.VersionConfiguringAction] Using version '4.1.0' for dependency 'org.springframework.boot:spring-boot-starter-data-redis:'
2026-08-21T16:48:36.567-0300 [DEBUG] [io.spring.gradle.dependencymanagement.internal.VersionConfiguringAction] Processing requested dependency 'me.paulschwarz:spring-dotenv-bom:5.1.0' with target 'me.paulschwarz:spring-dotenv-bom:5.1.0
2026-08-21T16:48:36.567-0300 [DEBUG] [io.spring.gradle.dependencymanagement.internal.VersionConfiguringAction] No dependency management for dependency 'me.paulschwarz:spring-dotenv-bom:5.1.0'
2026-08-21T16:48:36.567-0300 [DEBUG] [org.gradle.api.internal.artifacts.ivyservice.ivyresolve.RepositoryChainComponentMetaDataResolver] Attempting to resolve component for org.projectlombok:lombok:1.18.46 using repositories [MavenRepo]
2026-08-21T16:48:36.568-0300 [DEBUG] [org.gradle.api.internal.artifacts.ivyservice.ivyresolve.CachingModuleComponentRepository] Using cached module metadata for module 'org.projectlombok:lombok:1.18.46' in 'MavenRepo'
2026-08-21T16:48:36.568-0300 [DEBUG] [org.gradle.api.internal.artifacts.ivyservice.ivyresolve.RepositoryChainComponentMetaDataResolver] Using org.projectlombok:lombok:1.18.46 from org.gradle.api.internal.artifacts.ivyservice.ivyresolve.FilteredModuleComponentRepository@21db6d60
2026-08-21T16:48:36.568-0300 [DEBUG] [org.gradle.api.internal.artifacts.ivyservice.ivyresolve.RepositoryChainComponentMetaDataResolver] Attempting to resolve component for org.springframework.boot:spring-boot-starter-test:4.1.0 using repositories [MavenRepo]
2026-08-21T16:48:36.568-0300 [DEBUG] [org.gradle.api.internal.artifacts.ivyservice.ivyresolve.CachingModuleComponentRepository] Using cached module metadata for module 'org.springframework.boot:spring-boot-starter-test:4.1.0' in 'MavenRepo'
2026-08-21T16:48:36.568-0300 [DEBUG] [org.gradle.api.internal.artifacts.ivyservice.ivyresolve.RepositoryChainComponentMetaDataResolver] Using org.springframework.boot:spring-boot-starter-test:4.1.0 from org.gradle.api.internal.artifacts.ivyservice.ivyresolve.FilteredModuleComponentRepository@21db6d60
2026-08-21T16:48:36.568-0300 [DEBUG] [org.gradle.api.internal.artifacts.ivyservice.ivyresolve.RepositoryChainComponentMetaDataResolver] Attempting to resolve component for org.springframework.boot:spring-boot-starter:4.1.0 using repositories [MavenRepo]
2026-08-21T16:48:36.568-0300 [DEBUG] [org.gradle.api.internal.artifacts.ivyservice.ivyresolve.CachingModuleComponentRepository] Using cached module metadata for module 'org.springframework.boot:spring-boot-starter:4.1.0' in 'MavenRepo'
2026-08-21T16:48:36.568-0300 [DEBUG] [org.gradle.api.internal.artifacts.ivyservice.ivyresolve.RepositoryChainComponentMetaDataResolver] Using org.springframework.boot:spring-boot-starter:4.1.0 from org.gradle.api.internal.artifacts.ivyservice.ivyresolve.FilteredModuleComponentRepository@21db6d60
2026-08-21T16:48:36.568-0300 [DEBUG] [org.gradle.api.internal.artifacts.ivyservice.ivyresolve.RepositoryChainComponentMetaDataResolver] Attempting to resolve component for org.springframework.boot:spring-boot-starter-web:4.1.0 using repositories [MavenRepo]
2026-08-21T16:48:36.568-0300 [DEBUG] [org.gradle.api.internal.artifacts.ivyservice.ivyresolve.CachingModuleComponentRepository] Using cached module metadata for module 'org.springframework.boot:spring-boot-starter-web:4.1.0' in 'MavenRepo'
2026-08-21T16:48:36.568-0300 [DEBUG] [org.gradle.api.internal.artifacts.ivyservice.ivyresolve.RepositoryChainComponentMetaDataResolver] Using org.springframework.boot:spring-boot-starter-web:4.1.0 from org.gradle.api.internal.artifacts.ivyservice.ivyresolve.FilteredModuleComponentRepository@21db6d60
2026-08-21T16:48:36.568-0300 [DEBUG] [org.gradle.api.internal.artifacts.ivyservice.ivyresolve.RepositoryChainComponentMetaDataResolver] Attempting to resolve component for org.springframework.boot:spring-boot-starter-data-jpa:4.1.0 using repositories [MavenRepo]
2026-08-21T16:48:36.568-0300 [DEBUG] [org.gradle.api.internal.artifacts.ivyservice.ivyresolve.CachingModuleComponentRepository] Using cached module metadata for module 'org.springframework.boot:spring-boot-starter-data-jpa:4.1.0' in 'MavenRepo'
2026-08-21T16:48:36.568-0300 [DEBUG] [org.gradle.api.internal.artifacts.ivyservice.ivyresolve.RepositoryChainComponentMetaDataResolver] Using org.springframework.boot:spring-boot-starter-data-jpa:4.1.0 from org.gradle.api.internal.artifacts.ivyservice.ivyresolve.FilteredModuleComponentRepository@21db6d60
2026-08-21T16:48:36.568-0300 [DEBUG] [org.gradle.api.internal.artifacts.ivyservice.ivyresolve.RepositoryChainComponentMetaDataResolver] Attempting to resolve component for org.flywaydb:flyway-core:12.4.0 using repositories [MavenRepo]
2026-08-21T16:48:36.568-0300 [DEBUG] [org.gradle.api.internal.artifacts.ivyservice.ivyresolve.CachingModuleComponentRepository] Using cached module metadata for module 'org.flywaydb:flyway-core:12.4.0' in 'MavenRepo'
2026-08-21T16:48:36.568-0300 [DEBUG] [org.gradle.api.internal.artifacts.ivyservice.ivyresolve.RepositoryChainComponentMetaDataResolver] Using org.flywaydb:flyway-core:12.4.0 from org.gradle.api.internal.artifacts.ivyservice.ivyresolve.FilteredModuleComponentRepository@21db6d60
2026-08-21T16:48:36.568-0300 [DEBUG] [org.gradle.api.internal.artifacts.ivyservice.ivyresolve.RepositoryChainComponentMetaDataResolver] Attempting to resolve component for org.springframework.boot:spring-boot-starter-data-redis:4.1.0 using repositories [MavenRepo]
2026-08-21T16:48:36.568-0300 [DEBUG] [org.gradle.api.internal.artifacts.ivyservice.ivyresolve.CachingModuleComponentRepository] Using cached module metadata for module 'org.springframework.boot:spring-boot-starter-data-redis:4.1.0' in 'MavenRepo'
2026-08-21T16:48:36.568-0300 [DEBUG] [org.gradle.api.internal.artifacts.ivyservice.ivyresolve.RepositoryChainComponentMetaDataResolver] Using org.springframework.boot:spring-boot-starter-data-redis:4.1.0 from org.gradle.api.internal.artifacts.ivyservice.ivyresolve.FilteredModuleComponentRepository@21db6d60
2026-08-21T16:48:36.568-0300 [DEBUG] [org.gradle.api.internal.artifacts.ivyservice.ivyresolve.RepositoryChainComponentMetaDataResolver] Attempting to resolve component for me.paulschwarz:spring-dotenv-bom:5.1.0 using repositories [MavenRepo]
2026-08-21T16:48:36.568-0300 [DEBUG] [org.gradle.api.internal.artifacts.ivyservice.ivyresolve.CachingModuleComponentRepository] Using cached module metadata for module 'me.paulschwarz:spring-dotenv-bom:5.1.0' in 'MavenRepo'
2026-08-21T16:48:36.568-0300 [DEBUG] [org.gradle.api.internal.artifacts.ivyservice.ivyresolve.RepositoryChainComponentMetaDataResolver] Using me.paulschwarz:spring-dotenv-bom:5.1.0 from org.gradle.api.internal.artifacts.ivyservice.ivyresolve.FilteredModuleComponentRepository@21db6d60
2026-08-21T16:48:36.568-0300 [DEBUG] [io.spring.gradle.dependencymanagement.internal.VersionConfiguringAction] Processing requested dependency 'me.paulschwarz:spring-dotenv:5.1.0' with target 'me.paulschwarz:spring-dotenv:5.1.0
2026-08-21T16:48:36.568-0300 [DEBUG] [io.spring.gradle.dependencymanagement.internal.VersionConfiguringAction] No dependency management for dependency 'me.paulschwarz:spring-dotenv:5.1.0'
2026-08-21T16:48:36.569-0300 [DEBUG] [io.spring.gradle.dependencymanagement.internal.VersionConfiguringAction] Processing requested dependency 'me.paulschwarz:springboot3-dotenv:5.1.0' with target 'me.paulschwarz:springboot3-dotenv:5.1.0
2026-08-21T16:48:36.569-0300 [DEBUG] [io.spring.gradle.dependencymanagement.internal.VersionConfiguringAction] No dependency management for dependency 'me.paulschwarz:springboot3-dotenv:5.1.0'
2026-08-21T16:48:36.569-0300 [DEBUG] [io.spring.gradle.dependencymanagement.internal.VersionConfiguringAction] Processing requested dependency 'me.paulschwarz:springboot4-dotenv:5.1.0' with target 'me.paulschwarz:springboot4-dotenv:5.1.0
2026-08-21T16:48:36.569-0300 [DEBUG] [io.spring.gradle.dependencymanagement.internal.VersionConfiguringAction] No dependency management for dependency 'me.paulschwarz:springboot4-dotenv:5.1.0'
2026-08-21T16:48:36.569-0300 [DEBUG] [io.spring.gradle.dependencymanagement.internal.VersionConfiguringAction] Processing requested dependency 'org.springframework.boot:spring-boot-starter:4.1.0' with target 'org.springframework.boot:spring-boot-starter:4.1.0
2026-08-21T16:48:36.569-0300 [DEBUG] [io.spring.gradle.dependencymanagement.internal.DependencyManagementContainer] Found managed version '4.1.0' for dependency 'org.springframework.boot:spring-boot-starter' in global dependency management
2026-08-21T16:48:36.569-0300 [DEBUG] [io.spring.gradle.dependencymanagement.internal.VersionConfiguringAction] Using version '4.1.0' for dependency 'org.springframework.boot:spring-boot-starter:4.1.0'
2026-08-21T16:48:36.569-0300 [DEBUG] [io.spring.gradle.dependencymanagement.internal.VersionConfiguringAction] Processing requested dependency 'org.springframework.boot:spring-boot-test:4.1.0' with target 'org.springframework.boot:spring-boot-test:4.1.0
2026-08-21T16:48:36.569-0300 [DEBUG] [io.spring.gradle.dependencymanagement.internal.DependencyManagementContainer] Found managed version '4.1.0' for dependency 'org.springframework.boot:spring-boot-test' in global dependency management
2026-08-21T16:48:36.569-0300 [DEBUG] [io.spring.gradle.dependencymanagement.internal.VersionConfiguringAction] Using version '4.1.0' for dependency 'org.springframework.boot:spring-boot-test:4.1.0'
2026-08-21T16:48:36.569-0300 [DEBUG] [io.spring.gradle.dependencymanagement.internal.VersionConfiguringAction] Processing requested dependency 'org.springframework.boot:spring-boot-test-autoconfigure:4.1.0' with target 'org.springframework.boot:spring-boot-test-autoconfigure:4.1.0
2026-08-21T16:48:36.569-0300 [DEBUG] [io.spring.gradle.dependencymanagement.internal.DependencyManagementContainer] Found managed version '4.1.0' for dependency 'org.springframework.boot:spring-boot-test-autoconfigure' in global dependency management
2026-08-21T16:48:36.569-0300 [DEBUG] [io.spring.gradle.dependencymanagement.internal.VersionConfiguringAction] Using version '4.1.0' for dependency 'org.springframework.boot:spring-boot-test-autoconfigure:4.1.0'
2026-08-21T16:48:36.569-0300 [DEBUG] [io.spring.gradle.dependencymanagement.internal.VersionConfiguringAction] Processing requested dependency 'com.jayway.jsonpath:json-path:2.10.0' with target 'com.jayway.jsonpath:json-path:2.10.0
2026-08-21T16:48:36.569-0300 [DEBUG] [io.spring.gradle.dependencymanagement.internal.DependencyManagementContainer] Found managed version '2.10.0' for dependency 'com.jayway.jsonpath:json-path' in global dependency management
2026-08-21T16:48:36.569-0300 [DEBUG] [io.spring.gradle.dependencymanagement.internal.VersionConfiguringAction] Using version '2.10.0' for dependency 'com.jayway.jsonpath:json-path:2.10.0'
2026-08-21T16:48:36.569-0300 [DEBUG] [io.spring.gradle.dependencymanagement.internal.VersionConfiguringAction] Processing requested dependency 'jakarta.xml.bind:jakarta.xml.bind-api:4.0.5' with target 'jakarta.xml.bind:jakarta.xml.bind-api:4.0.5
2026-08-21T16:48:36.569-0300 [DEBUG] [io.spring.gradle.dependencymanagement.internal.DependencyManagementContainer] Found managed version '4.0.5' for dependency 'jakarta.xml.bind:jakarta.xml.bind-api' in global dependency management
2026-08-21T16:48:36.569-0300 [DEBUG] [io.spring.gradle.dependencymanagement.internal.VersionConfiguringAction] Using version '4.0.5' for dependency 'jakarta.xml.bind:jakarta.xml.bind-api:4.0.5'
2026-08-21T16:48:36.569-0300 [DEBUG] [io.spring.gradle.dependencymanagement.internal.VersionConfiguringAction] Processing requested dependency 'net.minidev:json-smart:2.6.0' with target 'net.minidev:json-smart:2.6.0
2026-08-21T16:48:36.569-0300 [DEBUG] [io.spring.gradle.dependencymanagement.internal.DependencyManagementContainer] Found managed version '2.6.0' for dependency 'net.minidev:json-smart' in global dependency management
2026-08-21T16:48:36.569-0300 [DEBUG] [io.spring.gradle.dependencymanagement.internal.VersionConfiguringAction] Using version '2.6.0' for dependency 'net.minidev:json-smart:2.6.0'
2026-08-21T16:48:36.569-0300 [DEBUG] [io.spring.gradle.dependencymanagement.internal.VersionConfiguringAction] Processing requested dependency 'org.assertj:assertj-core:3.27.7' with target 'org.assertj:assertj-core:3.27.7
2026-08-21T16:48:36.569-0300 [DEBUG] [io.spring.gradle.dependencymanagement.internal.DependencyManagementContainer] Found managed version '3.27.7' for dependency 'org.assertj:assertj-core' in global dependency management
2026-08-21T16:48:36.569-0300 [DEBUG] [io.spring.gradle.dependencymanagement.internal.VersionConfiguringAction] Using version '3.27.7' for dependency 'org.assertj:assertj-core:3.27.7'
2026-08-21T16:48:36.569-0300 [DEBUG] [io.spring.gradle.dependencymanagement.internal.VersionConfiguringAction] Processing requested dependency 'org.awaitility:awaitility:4.3.0' with target 'org.awaitility:awaitility:4.3.0
2026-08-21T16:48:36.569-0300 [DEBUG] [io.spring.gradle.dependencymanagement.internal.DependencyManagementContainer] Found managed version '4.3.0' for dependency 'org.awaitility:awaitility' in global dependency management
2026-08-21T16:48:36.570-0300 [DEBUG] [io.spring.gradle.dependencymanagement.internal.VersionConfiguringAction] Using version '4.3.0' for dependency 'org.awaitility:awaitility:4.3.0'
2026-08-21T16:48:36.570-0300 [DEBUG] [io.spring.gradle.dependencymanagement.internal.VersionConfiguringAction] Processing requested dependency 'org.hamcrest:hamcrest:3.0' with target 'org.hamcrest:hamcrest:3.0
2026-08-21T16:48:36.570-0300 [DEBUG] [io.spring.gradle.dependencymanagement.internal.DependencyManagementContainer] Found managed version '3.0' for dependency 'org.hamcrest:hamcrest' in global dependency management
2026-08-21T16:48:36.570-0300 [DEBUG] [io.spring.gradle.dependencymanagement.internal.VersionConfiguringAction] Using version '3.0' for dependency 'org.hamcrest:hamcrest:3.0'
2026-08-21T16:48:36.570-0300 [DEBUG] [io.spring.gradle.dependencymanagement.internal.VersionConfiguringAction] Processing requested dependency 'org.junit.jupiter:junit-jupiter:6.0.3' with target 'org.junit.jupiter:junit-jupiter:6.0.3
2026-08-21T16:48:36.570-0300 [DEBUG] [io.spring.gradle.dependencymanagement.internal.DependencyManagementContainer] Found managed version '6.0.3' for dependency 'org.junit.jupiter:junit-jupiter' in global dependency management
2026-08-21T16:48:36.570-0300 [DEBUG] [io.spring.gradle.dependencymanagement.internal.VersionConfiguringAction] Using version '6.0.3' for dependency 'org.junit.jupiter:junit-jupiter:6.0.3'
2026-08-21T16:48:36.570-0300 [DEBUG] [io.spring.gradle.dependencymanagement.internal.VersionConfiguringAction] Processing requested dependency 'org.mockito:mockito-core:5.23.0' with target 'org.mockito:mockito-core:5.23.0
2026-08-21T16:48:36.570-0300 [DEBUG] [io.spring.gradle.dependencymanagement.internal.DependencyManagementContainer] Found managed version '5.23.0' for dependency 'org.mockito:mockito-core' in global dependency management
2026-08-21T16:48:36.570-0300 [DEBUG] [io.spring.gradle.dependencymanagement.internal.VersionConfiguringAction] Using version '5.23.0' for dependency 'org.mockito:mockito-core:5.23.0'
2026-08-21T16:48:36.570-0300 [DEBUG] [io.spring.gradle.dependencymanagement.internal.VersionConfiguringAction] Processing requested dependency 'org.mockito:mockito-junit-jupiter:5.23.0' with target 'org.mockito:mockito-junit-jupiter:5.23.0
2026-08-21T16:48:36.570-0300 [DEBUG] [io.spring.gradle.dependencymanagement.internal.DependencyManagementContainer] Found managed version '5.23.0' for dependency 'org.mockito:mockito-junit-jupiter' in global dependency management
2026-08-21T16:48:36.570-0300 [DEBUG] [io.spring.gradle.dependencymanagement.internal.VersionConfiguringAction] Using version '5.23.0' for dependency 'org.mockito:mockito-junit-jupiter:5.23.0'
2026-08-21T16:48:36.570-0300 [DEBUG] [io.spring.gradle.dependencymanagement.internal.VersionConfiguringAction] Processing requested dependency 'org.skyscreamer:jsonassert:1.5.3' with target 'org.skyscreamer:jsonassert:1.5.3
2026-08-21T16:48:36.570-0300 [DEBUG] [io.spring.gradle.dependencymanagement.internal.DependencyManagementContainer] Found managed version '1.5.3' for dependency 'org.skyscreamer:jsonassert' in global dependency management
2026-08-21T16:48:36.570-0300 [DEBUG] [io.spring.gradle.dependencymanagement.internal.VersionConfiguringAction] Using version '1.5.3' for dependency 'org.skyscreamer:jsonassert:1.5.3'
2026-08-21T16:48:36.570-0300 [DEBUG] [io.spring.gradle.dependencymanagement.internal.VersionConfiguringAction] Processing requested dependency 'org.springframework:spring-core:7.0.8' with target 'org.springframework:spring-core:7.0.8
2026-08-21T16:48:36.570-0300 [DEBUG] [io.spring.gradle.dependencymanagement.internal.DependencyManagementContainer] Found managed version '7.0.8' for dependency 'org.springframework:spring-core' in global dependency management
2026-08-21T16:48:36.570-0300 [DEBUG] [io.spring.gradle.dependencymanagement.internal.VersionConfiguringAction] Using version '7.0.8' for dependency 'org.springframework:spring-core:7.0.8'
2026-08-21T16:48:36.570-0300 [DEBUG] [io.spring.gradle.dependencymanagement.internal.VersionConfiguringAction] Processing requested dependency 'org.springframework:spring-test:7.0.8' with target 'org.springframework:spring-test:7.0.8
2026-08-21T16:48:36.570-0300 [DEBUG] [io.spring.gradle.dependencymanagement.internal.DependencyManagementContainer] Found managed version '7.0.8' for dependency 'org.springframework:spring-test' in global dependency management
2026-08-21T16:48:36.570-0300 [DEBUG] [io.spring.gradle.dependencymanagement.internal.VersionConfiguringAction] Using version '7.0.8' for dependency 'org.springframework:spring-test:7.0.8'
2026-08-21T16:48:36.571-0300 [DEBUG] [io.spring.gradle.dependencymanagement.internal.VersionConfiguringAction] Processing requested dependency 'org.xmlunit:xmlunit-core:2.11.0' with target 'org.xmlunit:xmlunit-core:2.11.0
2026-08-21T16:48:36.571-0300 [DEBUG] [io.spring.gradle.dependencymanagement.internal.DependencyManagementContainer] Found managed version '2.11.0' for dependency 'org.xmlunit:xmlunit-core' in global dependency management
2026-08-21T16:48:36.571-0300 [DEBUG] [io.spring.gradle.dependencymanagement.internal.VersionConfiguringAction] Using version '2.11.0' for dependency 'org.xmlunit:xmlunit-core:2.11.0'
2026-08-21T16:48:36.571-0300 [DEBUG] [io.spring.gradle.dependencymanagement.internal.VersionConfiguringAction] Processing requested dependency 'org.junit.platform:junit-platform-launcher:' with target 'org.junit.platform:junit-platform-launcher:
2026-08-21T16:48:36.571-0300 [DEBUG] [io.spring.gradle.dependencymanagement.internal.DependencyManagementContainer] Found managed version '6.0.3' for dependency 'org.junit.platform:junit-platform-launcher' in global dependency management
2026-08-21T16:48:36.571-0300 [DEBUG] [io.spring.gradle.dependencymanagement.internal.VersionConfiguringAction] Using version '6.0.3' for dependency 'org.junit.platform:junit-platform-launcher:'
2026-08-21T16:48:36.571-0300 [DEBUG] [org.gradle.api.internal.artifacts.ivyservice.ivyresolve.RepositoryChainComponentMetaDataResolver] Attempting to resolve component for org.springframework.boot:spring-boot-test:4.1.0 using repositories [MavenRepo]
2026-08-21T16:48:36.571-0300 [DEBUG] [org.gradle.api.internal.artifacts.ivyservice.ivyresolve.CachingModuleComponentRepository] Using cached module metadata for module 'org.springframework.boot:spring-boot-test:4.1.0' in 'MavenRepo'
2026-08-21T16:48:36.571-0300 [DEBUG] [org.gradle.api.internal.artifacts.ivyservice.ivyresolve.RepositoryChainComponentMetaDataResolver] Using org.springframework.boot:spring-boot-test:4.1.0 from org.gradle.api.internal.artifacts.ivyservice.ivyresolve.FilteredModuleComponentRepository@21db6d60
2026-08-21T16:48:36.571-0300 [DEBUG] [org.gradle.api.internal.artifacts.ivyservice.ivyresolve.RepositoryChainComponentMetaDataResolver] Attempting to resolve component for org.springframework.boot:spring-boot-test-autoconfigure:4.1.0 using repositories [MavenRepo]
2026-08-21T16:48:36.571-0300 [DEBUG] [org.gradle.api.internal.artifacts.ivyservice.ivyresolve.CachingModuleComponentRepository] Using cached module metadata for module 'org.springframework.boot:spring-boot-test-autoconfigure:4.1.0' in 'MavenRepo'
2026-08-21T16:48:36.571-0300 [DEBUG] [org.gradle.api.internal.artifacts.ivyservice.ivyresolve.RepositoryChainComponentMetaDataResolver] Using org.springframework.boot:spring-boot-test-autoconfigure:4.1.0 from org.gradle.api.internal.artifacts.ivyservice.ivyresolve.FilteredModuleComponentRepository@21db6d60
2026-08-21T16:48:36.571-0300 [DEBUG] [org.gradle.api.internal.artifacts.ivyservice.ivyresolve.RepositoryChainComponentMetaDataResolver] Attempting to resolve component for com.jayway.jsonpath:json-path:2.10.0 using repositories [MavenRepo]
2026-08-21T16:48:36.571-0300 [DEBUG] [org.gradle.api.internal.artifacts.ivyservice.ivyresolve.CachingModuleComponentRepository] Using cached module metadata for module 'com.jayway.jsonpath:json-path:2.10.0' in 'MavenRepo'
2026-08-21T16:48:36.571-0300 [DEBUG] [org.gradle.api.internal.artifacts.ivyservice.ivyresolve.RepositoryChainComponentMetaDataResolver] Using com.jayway.jsonpath:json-path:2.10.0 from org.gradle.api.internal.artifacts.ivyservice.ivyresolve.FilteredModuleComponentRepository@21db6d60
2026-08-21T16:48:36.571-0300 [DEBUG] [org.gradle.api.internal.artifacts.ivyservice.ivyresolve.RepositoryChainComponentMetaDataResolver] Attempting to resolve component for jakarta.xml.bind:jakarta.xml.bind-api:4.0.5 using repositories [MavenRepo]
2026-08-21T16:48:36.571-0300 [DEBUG] [org.gradle.api.internal.artifacts.ivyservice.ivyresolve.CachingModuleComponentRepository] Using cached module metadata for module 'jakarta.xml.bind:jakarta.xml.bind-api:4.0.5' in 'MavenRepo'
2026-08-21T16:48:36.571-0300 [DEBUG] [org.gradle.api.internal.artifacts.ivyservice.ivyresolve.RepositoryChainComponentMetaDataResolver] Using jakarta.xml.bind:jakarta.xml.bind-api:4.0.5 from org.gradle.api.internal.artifacts.ivyservice.ivyresolve.FilteredModuleComponentRepository@21db6d60
2026-08-21T16:48:36.571-0300 [DEBUG] [org.gradle.api.internal.artifacts.ivyservice.ivyresolve.RepositoryChainComponentMetaDataResolver] Attempting to resolve component for net.minidev:json-smart:2.6.0 using repositories [MavenRepo]
2026-08-21T16:48:36.571-0300 [DEBUG] [org.gradle.api.internal.artifacts.ivyservice.ivyresolve.CachingModuleComponentRepository] Using cached module metadata for module 'net.minidev:json-smart:2.6.0' in 'MavenRepo'
2026-08-21T16:48:36.572-0300 [DEBUG] [org.gradle.api.internal.artifacts.ivyservice.ivyresolve.RepositoryChainComponentMetaDataResolver] Using net.minidev:json-smart:2.6.0 from org.gradle.api.internal.artifacts.ivyservice.ivyresolve.FilteredModuleComponentRepository@21db6d60
2026-08-21T16:48:36.572-0300 [DEBUG] [org.gradle.api.internal.artifacts.ivyservice.ivyresolve.RepositoryChainComponentMetaDataResolver] Attempting to resolve component for org.assertj:assertj-core:3.27.7 using repositories [MavenRepo]
2026-08-21T16:48:36.572-0300 [DEBUG] [org.gradle.api.internal.artifacts.ivyservice.ivyresolve.CachingModuleComponentRepository] Using cached module metadata for module 'org.assertj:assertj-core:3.27.7' in 'MavenRepo'
2026-08-21T16:48:36.572-0300 [DEBUG] [org.gradle.api.internal.artifacts.ivyservice.ivyresolve.RepositoryChainComponentMetaDataResolver] Using org.assertj:assertj-core:3.27.7 from org.gradle.api.internal.artifacts.ivyservice.ivyresolve.FilteredModuleComponentRepository@21db6d60
2026-08-21T16:48:36.572-0300 [DEBUG] [org.gradle.api.internal.artifacts.ivyservice.ivyresolve.RepositoryChainComponentMetaDataResolver] Attempting to resolve component for org.awaitility:awaitility:4.3.0 using repositories [MavenRepo]
2026-08-21T16:48:36.572-0300 [DEBUG] [org.gradle.api.internal.artifacts.ivyservice.ivyresolve.CachingModuleComponentRepository] Using cached module metadata for module 'org.awaitility:awaitility:4.3.0' in 'MavenRepo'
2026-08-21T16:48:36.572-0300 [DEBUG] [org.gradle.api.internal.artifacts.ivyservice.ivyresolve.RepositoryChainComponentMetaDataResolver] Using org.awaitility:awaitility:4.3.0 from org.gradle.api.internal.artifacts.ivyservice.ivyresolve.FilteredModuleComponentRepository@21db6d60
2026-08-21T16:48:36.572-0300 [DEBUG] [org.gradle.api.internal.artifacts.ivyservice.ivyresolve.RepositoryChainComponentMetaDataResolver] Attempting to resolve component for org.hamcrest:hamcrest:3.0 using repositories [MavenRepo]
2026-08-21T16:48:36.572-0300 [DEBUG] [org.gradle.api.internal.artifacts.ivyservice.ivyresolve.CachingModuleComponentRepository] Using cached module metadata for module 'org.hamcrest:hamcrest:3.0' in 'MavenRepo'
2026-08-21T16:48:36.572-0300 [DEBUG] [org.gradle.api.internal.artifacts.ivyservice.ivyresolve.RepositoryChainComponentMetaDataResolver] Using org.hamcrest:hamcrest:3.0 from org.gradle.api.internal.artifacts.ivyservice.ivyresolve.FilteredModuleComponentRepository@21db6d60
2026-08-21T16:48:36.572-0300 [DEBUG] [org.gradle.api.internal.artifacts.ivyservice.ivyresolve.RepositoryChainComponentMetaDataResolver] Attempting to resolve component for org.junit.jupiter:junit-jupiter:6.0.3 using repositories [MavenRepo]
2026-08-21T16:48:36.572-0300 [DEBUG] [org.gradle.api.internal.artifacts.ivyservice.ivyresolve.CachingModuleComponentRepository] Using cached module metadata for module 'org.junit.jupiter:junit-jupiter:6.0.3' in 'MavenRepo'
2026-08-21T16:48:36.572-0300 [DEBUG] [org.gradle.api.internal.artifacts.ivyservice.ivyresolve.RepositoryChainComponentMetaDataResolver] Using org.junit.jupiter:junit-jupiter:6.0.3 from org.gradle.api.internal.artifacts.ivyservice.ivyresolve.FilteredModuleComponentRepository@21db6d60
2026-08-21T16:48:36.572-0300 [DEBUG] [org.gradle.api.internal.artifacts.ivyservice.ivyresolve.RepositoryChainComponentMetaDataResolver] Attempting to resolve component for org.mockito:mockito-core:5.23.0 using repositories [MavenRepo]
2026-08-21T16:48:36.572-0300 [DEBUG] [org.gradle.api.internal.artifacts.ivyservice.ivyresolve.CachingModuleComponentRepository] Using cached module metadata for module 'org.mockito:mockito-core:5.23.0' in 'MavenRepo'
2026-08-21T16:48:36.572-0300 [DEBUG] [org.gradle.api.internal.artifacts.ivyservice.ivyresolve.RepositoryChainComponentMetaDataResolver] Using org.mockito:mockito-core:5.23.0 from org.gradle.api.internal.artifacts.ivyservice.ivyresolve.FilteredModuleComponentRepository@21db6d60
2026-08-21T16:48:36.573-0300 [DEBUG] [org.gradle.api.internal.artifacts.ivyservice.ivyresolve.RepositoryChainComponentMetaDataResolver] Attempting to resolve component for org.mockito:mockito-junit-jupiter:5.23.0 using repositories [MavenRepo]
2026-08-21T16:48:36.573-0300 [DEBUG] [org.gradle.api.internal.artifacts.ivyservice.ivyresolve.CachingModuleComponentRepository] Using cached module metadata for module 'org.mockito:mockito-junit-jupiter:5.23.0' in 'MavenRepo'
2026-08-21T16:48:36.573-0300 [DEBUG] [org.gradle.api.internal.artifacts.ivyservice.ivyresolve.RepositoryChainComponentMetaDataResolver] Using org.mockito:mockito-junit-jupiter:5.23.0 from org.gradle.api.internal.artifacts.ivyservice.ivyresolve.FilteredModuleComponentRepository@21db6d60
2026-08-21T16:48:36.573-0300 [DEBUG] [org.gradle.api.internal.artifacts.ivyservice.ivyresolve.RepositoryChainComponentMetaDataResolver] Attempting to resolve component for org.skyscreamer:jsonassert:1.5.3 using repositories [MavenRepo]
2026-08-21T16:48:36.573-0300 [DEBUG] [org.gradle.api.internal.artifacts.ivyservice.ivyresolve.CachingModuleComponentRepository] Using cached module metadata for module 'org.skyscreamer:jsonassert:1.5.3' in 'MavenRepo'
2026-08-21T16:48:36.573-0300 [DEBUG] [org.gradle.api.internal.artifacts.ivyservice.ivyresolve.RepositoryChainComponentMetaDataResolver] Using org.skyscreamer:jsonassert:1.5.3 from org.gradle.api.internal.artifacts.ivyservice.ivyresolve.FilteredModuleComponentRepository@21db6d60
2026-08-21T16:48:36.573-0300 [DEBUG] [org.gradle.api.internal.artifacts.ivyservice.ivyresolve.RepositoryChainComponentMetaDataResolver] Attempting to resolve component for org.springframework:spring-core:7.0.8 using repositories [MavenRepo]
2026-08-21T16:48:36.573-0300 [DEBUG] [org.gradle.api.internal.artifacts.ivyservice.ivyresolve.CachingModuleComponentRepository] Using cached module metadata for module 'org.springframework:spring-core:7.0.8' in 'MavenRepo'
2026-08-21T16:48:36.573-0300 [DEBUG] [org.gradle.api.internal.artifacts.ivyservice.ivyresolve.RepositoryChainComponentMetaDataResolver] Using org.springframework:spring-core:7.0.8 from org.gradle.api.internal.artifacts.ivyservice.ivyresolve.FilteredModuleComponentRepository@21db6d60
2026-08-21T16:48:36.573-0300 [DEBUG] [org.gradle.api.internal.artifacts.ivyservice.ivyresolve.RepositoryChainComponentMetaDataResolver] Attempting to resolve component for org.springframework:spring-test:7.0.8 using repositories [MavenRepo]
2026-08-21T16:48:36.573-0300 [DEBUG] [org.gradle.api.internal.artifacts.ivyservice.ivyresolve.CachingModuleComponentRepository] Using cached module metadata for module 'org.springframework:spring-test:7.0.8' in 'MavenRepo'
2026-08-21T16:48:36.573-0300 [DEBUG] [org.gradle.api.internal.artifacts.ivyservice.ivyresolve.RepositoryChainComponentMetaDataResolver] Using org.springframework:spring-test:7.0.8 from org.gradle.api.internal.artifacts.ivyservice.ivyresolve.FilteredModuleComponentRepository@21db6d60
2026-08-21T16:48:36.573-0300 [DEBUG] [org.gradle.api.internal.artifacts.ivyservice.ivyresolve.RepositoryChainComponentMetaDataResolver] Attempting to resolve component for org.xmlunit:xmlunit-core:2.11.0 using repositories [MavenRepo]
2026-08-21T16:48:36.573-0300 [DEBUG] [org.gradle.api.internal.artifacts.ivyservice.ivyresolve.CachingModuleComponentRepository] Using cached module metadata for module 'org.xmlunit:xmlunit-core:2.11.0' in 'MavenRepo'
2026-08-21T16:48:36.573-0300 [DEBUG] [org.gradle.api.internal.artifacts.ivyservice.ivyresolve.RepositoryChainComponentMetaDataResolver] Using org.xmlunit:xmlunit-core:2.11.0 from org.gradle.api.internal.artifacts.ivyservice.ivyresolve.FilteredModuleComponentRepository@21db6d60
2026-08-21T16:48:36.573-0300 [DEBUG] [org.gradle.api.internal.artifacts.ivyservice.ivyresolve.RepositoryChainComponentMetaDataResolver] Attempting to resolve component for org.junit.platform:junit-platform-launcher:6.0.3 using repositories [MavenRepo]
2026-08-21T16:48:36.573-0300 [DEBUG] [org.gradle.api.internal.artifacts.ivyservice.ivyresolve.CachingModuleComponentRepository] Using cached module metadata for module 'org.junit.platform:junit-platform-launcher:6.0.3' in 'MavenRepo'
2026-08-21T16:48:36.573-0300 [DEBUG] [org.gradle.api.internal.artifacts.ivyservice.ivyresolve.RepositoryChainComponentMetaDataResolver] Using org.junit.platform:junit-platform-launcher:6.0.3 from org.gradle.api.internal.artifacts.ivyservice.ivyresolve.FilteredModuleComponentRepository@21db6d60
2026-08-21T16:48:36.573-0300 [DEBUG] [io.spring.gradle.dependencymanagement.internal.VersionConfiguringAction] Processing requested dependency 'org.springframework.boot:spring-boot-starter-logging:4.1.0' with target 'org.springframework.boot:spring-boot-starter-logging:4.1.0
2026-08-21T16:48:36.573-0300 [DEBUG] [io.spring.gradle.dependencymanagement.internal.DependencyManagementContainer] Found managed version '4.1.0' for dependency 'org.springframework.boot:spring-boot-starter-logging' in global dependency management
2026-08-21T16:48:36.573-0300 [DEBUG] [io.spring.gradle.dependencymanagement.internal.VersionConfiguringAction] Using version '4.1.0' for dependency 'org.springframework.boot:spring-boot-starter-logging:4.1.0'
2026-08-21T16:48:36.574-0300 [DEBUG] [io.spring.gradle.dependencymanagement.internal.VersionConfiguringAction] Processing requested dependency 'org.springframework.boot:spring-boot-autoconfigure:4.1.0' with target 'org.springframework.boot:spring-boot-autoconfigure:4.1.0
2026-08-21T16:48:36.574-0300 [DEBUG] [io.spring.gradle.dependencymanagement.internal.DependencyManagementContainer] Found managed version '4.1.0' for dependency 'org.springframework.boot:spring-boot-autoconfigure' in global dependency management
2026-08-21T16:48:36.574-0300 [DEBUG] [io.spring.gradle.dependencymanagement.internal.VersionConfiguringAction] Using version '4.1.0' for dependency 'org.springframework.boot:spring-boot-autoconfigure:4.1.0'
2026-08-21T16:48:36.574-0300 [DEBUG] [io.spring.gradle.dependencymanagement.internal.VersionConfiguringAction] Processing requested dependency 'jakarta.annotation:jakarta.annotation-api:3.0.0' with target 'jakarta.annotation:jakarta.annotation-api:3.0.0
2026-08-21T16:48:36.574-0300 [DEBUG] [io.spring.gradle.dependencymanagement.internal.DependencyManagementContainer] Found managed version '3.0.0' for dependency 'jakarta.annotation:jakarta.annotation-api' in global dependency management
2026-08-21T16:48:36.574-0300 [DEBUG] [io.spring.gradle.dependencymanagement.internal.VersionConfiguringAction] Using version '3.0.0' for dependency 'jakarta.annotation:jakarta.annotation-api:3.0.0'
2026-08-21T16:48:36.574-0300 [DEBUG] [io.spring.gradle.dependencymanagement.internal.VersionConfiguringAction] Processing requested dependency 'org.yaml:snakeyaml:2.6' with target 'org.yaml:snakeyaml:2.6
2026-08-21T16:48:36.574-0300 [DEBUG] [io.spring.gradle.dependencymanagement.internal.DependencyManagementContainer] Found managed version '2.6' for dependency 'org.yaml:snakeyaml' in global dependency management
2026-08-21T16:48:36.574-0300 [DEBUG] [io.spring.gradle.dependencymanagement.internal.VersionConfiguringAction] Using version '2.6' for dependency 'org.yaml:snakeyaml:2.6'
2026-08-21T16:48:36.574-0300 [DEBUG] [org.gradle.api.internal.artifacts.ivyservice.ivyresolve.RepositoryChainComponentMetaDataResolver] Attempting to resolve component for org.springframework.boot:spring-boot-starter-logging:4.1.0 using repositories [MavenRepo]
2026-08-21T16:48:36.574-0300 [DEBUG] [org.gradle.api.internal.artifacts.ivyservice.ivyresolve.CachingModuleComponentRepository] Using cached module metadata for module 'org.springframework.boot:spring-boot-starter-logging:4.1.0' in 'MavenRepo'
2026-08-21T16:48:36.574-0300 [DEBUG] [org.gradle.api.internal.artifacts.ivyservice.ivyresolve.RepositoryChainComponentMetaDataResolver] Using org.springframework.boot:spring-boot-starter-logging:4.1.0 from org.gradle.api.internal.artifacts.ivyservice.ivyresolve.FilteredModuleComponentRepository@21db6d60
2026-08-21T16:48:36.574-0300 [DEBUG] [org.gradle.api.internal.artifacts.ivyservice.ivyresolve.RepositoryChainComponentMetaDataResolver] Attempting to resolve component for org.springframework.boot:spring-boot-autoconfigure:4.1.0 using repositories [MavenRepo]
2026-08-21T16:48:36.574-0300 [DEBUG] [org.gradle.api.internal.artifacts.ivyservice.ivyresolve.CachingModuleComponentRepository] Using cached module metadata for module 'org.springframework.boot:spring-boot-autoconfigure:4.1.0' in 'MavenRepo'
2026-08-21T16:48:36.574-0300 [DEBUG] [org.gradle.api.internal.artifacts.ivyservice.ivyresolve.RepositoryChainComponentMetaDataResolver] Using org.springframework.boot:spring-boot-autoconfigure:4.1.0 from org.gradle.api.internal.artifacts.ivyservice.ivyresolve.FilteredModuleComponentRepository@21db6d60
2026-08-21T16:48:36.574-0300 [DEBUG] [org.gradle.api.internal.artifacts.ivyservice.ivyresolve.RepositoryChainComponentMetaDataResolver] Attempting to resolve component for jakarta.annotation:jakarta.annotation-api:3.0.0 using repositories [MavenRepo]
2026-08-21T16:48:36.574-0300 [DEBUG] [org.gradle.api.internal.artifacts.ivyservice.ivyresolve.CachingModuleComponentRepository] Using cached module metadata for module 'jakarta.annotation:jakarta.annotation-api:3.0.0' in 'MavenRepo'
2026-08-21T16:48:36.574-0300 [DEBUG] [org.gradle.api.internal.artifacts.ivyservice.ivyresolve.RepositoryChainComponentMetaDataResolver] Using jakarta.annotation:jakarta.annotation-api:3.0.0 from org.gradle.api.internal.artifacts.ivyservice.ivyresolve.FilteredModuleComponentRepository@21db6d60
2026-08-21T16:48:36.574-0300 [DEBUG] [org.gradle.api.internal.artifacts.ivyservice.ivyresolve.RepositoryChainComponentMetaDataResolver] Attempting to resolve component for org.yaml:snakeyaml:2.6 using repositories [MavenRepo]
2026-08-21T16:48:36.574-0300 [DEBUG] [org.gradle.api.internal.artifacts.ivyservice.ivyresolve.CachingModuleComponentRepository] Using cached module metadata for module 'org.yaml:snakeyaml:2.6' in 'MavenRepo'
2026-08-21T16:48:36.574-0300 [DEBUG] [org.gradle.api.internal.artifacts.ivyservice.ivyresolve.RepositoryChainComponentMetaDataResolver] Using org.yaml:snakeyaml:2.6 from org.gradle.api.internal.artifacts.ivyservice.ivyresolve.FilteredModuleComponentRepository@21db6d60
2026-08-21T16:48:36.574-0300 [DEBUG] [io.spring.gradle.dependencymanagement.internal.VersionConfiguringAction] Processing requested dependency 'org.springframework.boot:spring-boot-starter-jackson:4.1.0' with target 'org.springframework.boot:spring-boot-starter-jackson:4.1.0
2026-08-21T16:48:36.574-0300 [DEBUG] [io.spring.gradle.dependencymanagement.internal.DependencyManagementContainer] Found managed version '4.1.0' for dependency 'org.springframework.boot:spring-boot-starter-jackson' in global dependency management
2026-08-21T16:48:36.574-0300 [DEBUG] [io.spring.gradle.dependencymanagement.internal.VersionConfiguringAction] Using version '4.1.0' for dependency 'org.springframework.boot:spring-boot-starter-jackson:4.1.0'
2026-08-21T16:48:36.574-0300 [DEBUG] [io.spring.gradle.dependencymanagement.internal.VersionConfiguringAction] Processing requested dependency 'org.springframework.boot:spring-boot-starter-tomcat:4.1.0' with target 'org.springframework.boot:spring-boot-starter-tomcat:4.1.0
2026-08-21T16:48:36.574-0300 [DEBUG] [io.spring.gradle.dependencymanagement.internal.DependencyManagementContainer] Found managed version '4.1.0' for dependency 'org.springframework.boot:spring-boot-starter-tomcat' in global dependency management
2026-08-21T16:48:36.574-0300 [DEBUG] [io.spring.gradle.dependencymanagement.internal.VersionConfiguringAction] Using version '4.1.0' for dependency 'org.springframework.boot:spring-boot-starter-tomcat:4.1.0'
2026-08-21T16:48:36.574-0300 [DEBUG] [io.spring.gradle.dependencymanagement.internal.VersionConfiguringAction] Processing requested dependency 'org.springframework.boot:spring-boot-http-converter:4.1.0' with target 'org.springframework.boot:spring-boot-http-converter:4.1.0
2026-08-21T16:48:36.574-0300 [DEBUG] [io.spring.gradle.dependencymanagement.internal.DependencyManagementContainer] Found managed version '4.1.0' for dependency 'org.springframework.boot:spring-boot-http-converter' in global dependency management
2026-08-21T16:48:36.574-0300 [DEBUG] [io.spring.gradle.dependencymanagement.internal.VersionConfiguringAction] Using version '4.1.0' for dependency 'org.springframework.boot:spring-boot-http-converter:4.1.0'
2026-08-21T16:48:36.574-0300 [DEBUG] [io.spring.gradle.dependencymanagement.internal.VersionConfiguringAction] Processing requested dependency 'org.springframework.boot:spring-boot-webmvc:4.1.0' with target 'org.springframework.boot:spring-boot-webmvc:4.1.0
2026-08-21T16:48:36.575-0300 [DEBUG] [io.spring.gradle.dependencymanagement.internal.DependencyManagementContainer] Found managed version '4.1.0' for dependency 'org.springframework.boot:spring-boot-webmvc' in global dependency management
2026-08-21T16:48:36.575-0300 [DEBUG] [io.spring.gradle.dependencymanagement.internal.VersionConfiguringAction] Using version '4.1.0' for dependency 'org.springframework.boot:spring-boot-webmvc:4.1.0'
2026-08-21T16:48:36.575-0300 [DEBUG] [org.gradle.api.internal.artifacts.ivyservice.ivyresolve.RepositoryChainComponentMetaDataResolver] Attempting to resolve component for org.springframework.boot:spring-boot-starter-jackson:4.1.0 using repositories [MavenRepo]
2026-08-21T16:48:36.575-0300 [DEBUG] [org.gradle.api.internal.artifacts.ivyservice.ivyresolve.CachingModuleComponentRepository] Using cached module metadata for module 'org.springframework.boot:spring-boot-starter-jackson:4.1.0' in 'MavenRepo'
2026-08-21T16:48:36.575-0300 [DEBUG] [org.gradle.api.internal.artifacts.ivyservice.ivyresolve.RepositoryChainComponentMetaDataResolver] Using org.springframework.boot:spring-boot-starter-jackson:4.1.0 from org.gradle.api.internal.artifacts.ivyservice.ivyresolve.FilteredModuleComponentRepository@21db6d60
2026-08-21T16:48:36.575-0300 [DEBUG] [org.gradle.api.internal.artifacts.ivyservice.ivyresolve.RepositoryChainComponentMetaDataResolver] Attempting to resolve component for org.springframework.boot:spring-boot-starter-tomcat:4.1.0 using repositories [MavenRepo]
2026-08-21T16:48:36.575-0300 [DEBUG] [org.gradle.api.internal.artifacts.ivyservice.ivyresolve.CachingModuleComponentRepository] Using cached module metadata for module 'org.springframework.boot:spring-boot-starter-tomcat:4.1.0' in 'MavenRepo'
2026-08-21T16:48:36.575-0300 [DEBUG] [org.gradle.api.internal.artifacts.ivyservice.ivyresolve.RepositoryChainComponentMetaDataResolver] Using org.springframework.boot:spring-boot-starter-tomcat:4.1.0 from org.gradle.api.internal.artifacts.ivyservice.ivyresolve.FilteredModuleComponentRepository@21db6d60
2026-08-21T16:48:36.575-0300 [DEBUG] [org.gradle.api.internal.artifacts.ivyservice.ivyresolve.RepositoryChainComponentMetaDataResolver] Attempting to resolve component for org.springframework.boot:spring-boot-http-converter:4.1.0 using repositories [MavenRepo]
2026-08-21T16:48:36.575-0300 [DEBUG] [org.gradle.api.internal.artifacts.ivyservice.ivyresolve.CachingModuleComponentRepository] Using cached module metadata for module 'org.springframework.boot:spring-boot-http-converter:4.1.0' in 'MavenRepo'
2026-08-21T16:48:36.575-0300 [DEBUG] [org.gradle.api.internal.artifacts.ivyservice.ivyresolve.RepositoryChainComponentMetaDataResolver] Using org.springframework.boot:spring-boot-http-converter:4.1.0 from org.gradle.api.internal.artifacts.ivyservice.ivyresolve.FilteredModuleComponentRepository@21db6d60
2026-08-21T16:48:36.575-0300 [DEBUG] [org.gradle.api.internal.artifacts.ivyservice.ivyresolve.RepositoryChainComponentMetaDataResolver] Attempting to resolve component for org.springframework.boot:spring-boot-webmvc:4.1.0 using repositories [MavenRepo]
2026-08-21T16:48:36.575-0300 [DEBUG] [org.gradle.api.internal.artifacts.ivyservice.ivyresolve.CachingModuleComponentRepository] Using cached module metadata for module 'org.springframework.boot:spring-boot-webmvc:4.1.0' in 'MavenRepo'
2026-08-21T16:48:36.575-0300 [DEBUG] [org.gradle.api.internal.artifacts.ivyservice.ivyresolve.RepositoryChainComponentMetaDataResolver] Using org.springframework.boot:spring-boot-webmvc:4.1.0 from org.gradle.api.internal.artifacts.ivyservice.ivyresolve.FilteredModuleComponentRepository@21db6d60
2026-08-21T16:48:36.575-0300 [DEBUG] [io.spring.gradle.dependencymanagement.internal.VersionConfiguringAction] Processing requested dependency 'org.springframework.boot:spring-boot-starter-jdbc:4.1.0' with target 'org.springframework.boot:spring-boot-starter-jdbc:4.1.0
2026-08-21T16:48:36.575-0300 [DEBUG] [io.spring.gradle.dependencymanagement.internal.DependencyManagementContainer] Found managed version '4.1.0' for dependency 'org.springframework.boot:spring-boot-starter-jdbc' in global dependency management
2026-08-21T16:48:36.575-0300 [DEBUG] [io.spring.gradle.dependencymanagement.internal.VersionConfiguringAction] Using version '4.1.0' for dependency 'org.springframework.boot:spring-boot-starter-jdbc:4.1.0'
2026-08-21T16:48:36.575-0300 [DEBUG] [io.spring.gradle.dependencymanagement.internal.VersionConfiguringAction] Processing requested dependency 'org.springframework.boot:spring-boot-data-jpa:4.1.0' with target 'org.springframework.boot:spring-boot-data-jpa:4.1.0
2026-08-21T16:48:36.575-0300 [DEBUG] [io.spring.gradle.dependencymanagement.internal.DependencyManagementContainer] Found managed version '4.1.0' for dependency 'org.springframework.boot:spring-boot-data-jpa' in global dependency management
2026-08-21T16:48:36.575-0300 [DEBUG] [io.spring.gradle.dependencymanagement.internal.VersionConfiguringAction] Using version '4.1.0' for dependency 'org.springframework.boot:spring-boot-data-jpa:4.1.0'
2026-08-21T16:48:36.575-0300 [DEBUG] [io.spring.gradle.dependencymanagement.internal.VersionConfiguringAction] Processing requested dependency 'org.springframework.boot:spring-boot-jdbc:4.1.0' with target 'org.springframework.boot:spring-boot-jdbc:4.1.0
2026-08-21T16:48:36.575-0300 [DEBUG] [io.spring.gradle.dependencymanagement.internal.DependencyManagementContainer] Found managed version '4.1.0' for dependency 'org.springframework.boot:spring-boot-jdbc' in global dependency management
2026-08-21T16:48:36.575-0300 [DEBUG] [io.spring.gradle.dependencymanagement.internal.VersionConfiguringAction] Using version '4.1.0' for dependency 'org.springframework.boot:spring-boot-jdbc:4.1.0'
2026-08-21T16:48:36.575-0300 [DEBUG] [org.gradle.api.internal.artifacts.ivyservice.ivyresolve.RepositoryChainComponentMetaDataResolver] Attempting to resolve component for org.springframework.boot:spring-boot-starter-jdbc:4.1.0 using repositories [MavenRepo]
2026-08-21T16:48:36.575-0300 [DEBUG] [org.gradle.api.internal.artifacts.ivyservice.ivyresolve.CachingModuleComponentRepository] Using cached module metadata for module 'org.springframework.boot:spring-boot-starter-jdbc:4.1.0' in 'MavenRepo'
2026-08-21T16:48:36.575-0300 [DEBUG] [org.gradle.api.internal.artifacts.ivyservice.ivyresolve.RepositoryChainComponentMetaDataResolver] Using org.springframework.boot:spring-boot-starter-jdbc:4.1.0 from org.gradle.api.internal.artifacts.ivyservice.ivyresolve.FilteredModuleComponentRepository@21db6d60
2026-08-21T16:48:36.576-0300 [DEBUG] [org.gradle.api.internal.artifacts.ivyservice.ivyresolve.RepositoryChainComponentMetaDataResolver] Attempting to resolve component for org.springframework.boot:spring-boot-data-jpa:4.1.0 using repositories [MavenRepo]
2026-08-21T16:48:36.576-0300 [DEBUG] [org.gradle.api.internal.artifacts.ivyservice.ivyresolve.CachingModuleComponentRepository] Using cached module metadata for module 'org.springframework.boot:spring-boot-data-jpa:4.1.0' in 'MavenRepo'
2026-08-21T16:48:36.576-0300 [DEBUG] [org.gradle.api.internal.artifacts.ivyservice.ivyresolve.RepositoryChainComponentMetaDataResolver] Using org.springframework.boot:spring-boot-data-jpa:4.1.0 from org.gradle.api.internal.artifacts.ivyservice.ivyresolve.FilteredModuleComponentRepository@21db6d60
2026-08-21T16:48:36.576-0300 [DEBUG] [org.gradle.api.internal.artifacts.ivyservice.ivyresolve.RepositoryChainComponentMetaDataResolver] Attempting to resolve component for org.springframework.boot:spring-boot-jdbc:4.1.0 using repositories [MavenRepo]
2026-08-21T16:48:36.576-0300 [DEBUG] [org.gradle.api.internal.artifacts.ivyservice.ivyresolve.CachingModuleComponentRepository] Using cached module metadata for module 'org.springframework.boot:spring-boot-jdbc:4.1.0' in 'MavenRepo'
2026-08-21T16:48:36.576-0300 [DEBUG] [org.gradle.api.internal.artifacts.ivyservice.ivyresolve.RepositoryChainComponentMetaDataResolver] Using org.springframework.boot:spring-boot-jdbc:4.1.0 from org.gradle.api.internal.artifacts.ivyservice.ivyresolve.FilteredModuleComponentRepository@21db6d60
2026-08-21T16:48:36.576-0300 [DEBUG] [io.spring.gradle.dependencymanagement.internal.VersionConfiguringAction] Processing requested dependency 'tools.jackson.core:jackson-databind:3.1.1' with target 'tools.jackson.core:jackson-databind:3.1.1
2026-08-21T16:48:36.576-0300 [DEBUG] [io.spring.gradle.dependencymanagement.internal.DependencyManagementContainer] Found managed version '3.1.4' for dependency 'tools.jackson.core:jackson-databind' in global dependency management
2026-08-21T16:48:36.576-0300 [DEBUG] [io.spring.gradle.dependencymanagement.internal.VersionConfiguringAction] Using version '3.1.4' for dependency 'tools.jackson.core:jackson-databind:3.1.1'
2026-08-21T16:48:36.576-0300 [DEBUG] [org.gradle.api.internal.artifacts.ivyservice.ivyresolve.RepositoryChainComponentMetaDataResolver] Attempting to resolve component for tools.jackson.core:jackson-databind:3.1.4 using repositories [MavenRepo]
2026-08-21T16:48:36.576-0300 [DEBUG] [org.gradle.api.internal.artifacts.ivyservice.ivyresolve.CachingModuleComponentRepository] Using cached module metadata for module 'tools.jackson.core:jackson-databind:3.1.4' in 'MavenRepo'
2026-08-21T16:48:36.576-0300 [DEBUG] [org.gradle.api.internal.artifacts.ivyservice.ivyresolve.RepositoryChainComponentMetaDataResolver] Using tools.jackson.core:jackson-databind:3.1.4 from org.gradle.api.internal.artifacts.ivyservice.ivyresolve.FilteredModuleComponentRepository@21db6d60
2026-08-21T16:48:36.576-0300 [DEBUG] [io.spring.gradle.dependencymanagement.internal.VersionConfiguringAction] Processing requested dependency 'org.springframework.boot:spring-boot-data-redis:4.1.0' with target 'org.springframework.boot:spring-boot-data-redis:4.1.0
2026-08-21T16:48:36.576-0300 [DEBUG] [io.spring.gradle.dependencymanagement.internal.DependencyManagementContainer] Found managed version '4.1.0' for dependency 'org.springframework.boot:spring-boot-data-redis' in global dependency management
2026-08-21T16:48:36.577-0300 [DEBUG] [io.spring.gradle.dependencymanagement.internal.VersionConfiguringAction] Using version '4.1.0' for dependency 'org.springframework.boot:spring-boot-data-redis:4.1.0'
2026-08-21T16:48:36.577-0300 [DEBUG] [io.spring.gradle.dependencymanagement.internal.VersionConfiguringAction] Processing requested dependency 'org.springframework:spring-messaging:7.0.8' with target 'org.springframework:spring-messaging:7.0.8
2026-08-21T16:48:36.577-0300 [DEBUG] [io.spring.gradle.dependencymanagement.internal.DependencyManagementContainer] Found managed version '7.0.8' for dependency 'org.springframework:spring-messaging' in global dependency management
2026-08-21T16:48:36.577-0300 [DEBUG] [io.spring.gradle.dependencymanagement.internal.VersionConfiguringAction] Using version '7.0.8' for dependency 'org.springframework:spring-messaging:7.0.8'
2026-08-21T16:48:36.577-0300 [DEBUG] [org.gradle.api.internal.artifacts.ivyservice.ivyresolve.RepositoryChainComponentMetaDataResolver] Attempting to resolve component for org.springframework.boot:spring-boot-data-redis:4.1.0 using repositories [MavenRepo]
2026-08-21T16:48:36.577-0300 [DEBUG] [org.gradle.api.internal.artifacts.ivyservice.ivyresolve.CachingModuleComponentRepository] Using cached module metadata for module 'org.springframework.boot:spring-boot-data-redis:4.1.0' in 'MavenRepo'
2026-08-21T16:48:36.577-0300 [DEBUG] [org.gradle.api.internal.artifacts.ivyservice.ivyresolve.RepositoryChainComponentMetaDataResolver] Using org.springframework.boot:spring-boot-data-redis:4.1.0 from org.gradle.api.internal.artifacts.ivyservice.ivyresolve.FilteredModuleComponentRepository@21db6d60
2026-08-21T16:48:36.577-0300 [DEBUG] [org.gradle.api.internal.artifacts.ivyservice.ivyresolve.RepositoryChainComponentMetaDataResolver] Attempting to resolve component for org.springframework:spring-messaging:7.0.8 using repositories [MavenRepo]
2026-08-21T16:48:36.577-0300 [DEBUG] [org.gradle.api.internal.artifacts.ivyservice.ivyresolve.CachingModuleComponentRepository] Using cached module metadata for module 'org.springframework:spring-messaging:7.0.8' in 'MavenRepo'
2026-08-21T16:48:36.577-0300 [DEBUG] [org.gradle.api.internal.artifacts.ivyservice.ivyresolve.RepositoryChainComponentMetaDataResolver] Using org.springframework:spring-messaging:7.0.8 from org.gradle.api.internal.artifacts.ivyservice.ivyresolve.FilteredModuleComponentRepository@21db6d60
2026-08-21T16:48:36.577-0300 [DEBUG] [io.spring.gradle.dependencymanagement.internal.VersionConfiguringAction] Processing requested dependency 'org.springframework.boot:spring-boot:4.1.0' with target 'org.springframework.boot:spring-boot:4.1.0
2026-08-21T16:48:36.577-0300 [DEBUG] [io.spring.gradle.dependencymanagement.internal.DependencyManagementContainer] Found managed version '4.1.0' for dependency 'org.springframework.boot:spring-boot' in global dependency management
2026-08-21T16:48:36.577-0300 [DEBUG] [io.spring.gradle.dependencymanagement.internal.VersionConfiguringAction] Using version '4.1.0' for dependency 'org.springframework.boot:spring-boot:4.1.0'
2026-08-21T16:48:36.577-0300 [DEBUG] [org.gradle.api.internal.artifacts.ivyservice.ivyresolve.RepositoryChainComponentMetaDataResolver] Attempting to resolve component for org.springframework.boot:spring-boot:4.1.0 using repositories [MavenRepo]
2026-08-21T16:48:36.577-0300 [DEBUG] [org.gradle.api.internal.artifacts.ivyservice.ivyresolve.CachingModuleComponentRepository] Using cached module metadata for module 'org.springframework.boot:spring-boot:4.1.0' in 'MavenRepo'
2026-08-21T16:48:36.577-0300 [DEBUG] [org.gradle.api.internal.artifacts.ivyservice.ivyresolve.RepositoryChainComponentMetaDataResolver] Using org.springframework.boot:spring-boot:4.1.0 from org.gradle.api.internal.artifacts.ivyservice.ivyresolve.FilteredModuleComponentRepository@21db6d60
2026-08-21T16:48:36.577-0300 [DEBUG] [io.spring.gradle.dependencymanagement.internal.VersionConfiguringAction] Processing requested dependency 'org.slf4j:slf4j-api:2.0.17' with target 'org.slf4j:slf4j-api:2.0.17
2026-08-21T16:48:36.577-0300 [DEBUG] [io.spring.gradle.dependencymanagement.internal.DependencyManagementContainer] Found managed version '2.0.18' for dependency 'org.slf4j:slf4j-api' in global dependency management
2026-08-21T16:48:36.577-0300 [DEBUG] [io.spring.gradle.dependencymanagement.internal.VersionConfiguringAction] Using version '2.0.18' for dependency 'org.slf4j:slf4j-api:2.0.17'
2026-08-21T16:48:36.577-0300 [DEBUG] [org.gradle.api.internal.artifacts.ivyservice.ivyresolve.RepositoryChainComponentMetaDataResolver] Attempting to resolve component for org.slf4j:slf4j-api:2.0.18 using repositories [MavenRepo]
2026-08-21T16:48:36.577-0300 [DEBUG] [org.gradle.api.internal.artifacts.ivyservice.ivyresolve.CachingModuleComponentRepository] Using cached module metadata for module 'org.slf4j:slf4j-api:2.0.18' in 'MavenRepo'
2026-08-21T16:48:36.577-0300 [DEBUG] [org.gradle.api.internal.artifacts.ivyservice.ivyresolve.RepositoryChainComponentMetaDataResolver] Using org.slf4j:slf4j-api:2.0.18 from org.gradle.api.internal.artifacts.ivyservice.ivyresolve.FilteredModuleComponentRepository@21db6d60
2026-08-21T16:48:36.577-0300 [DEBUG] [io.spring.gradle.dependencymanagement.internal.VersionConfiguringAction] Processing requested dependency 'jakarta.activation:jakarta.activation-api:2.1.4' with target 'jakarta.activation:jakarta.activation-api:2.1.4
2026-08-21T16:48:36.577-0300 [DEBUG] [io.spring.gradle.dependencymanagement.internal.DependencyManagementContainer] Found managed version '2.1.4' for dependency 'jakarta.activation:jakarta.activation-api' in global dependency management
2026-08-21T16:48:36.578-0300 [DEBUG] [io.spring.gradle.dependencymanagement.internal.VersionConfiguringAction] Using version '2.1.4' for dependency 'jakarta.activation:jakarta.activation-api:2.1.4'
2026-08-21T16:48:36.578-0300 [DEBUG] [org.gradle.api.internal.artifacts.ivyservice.ivyresolve.RepositoryChainComponentMetaDataResolver] Attempting to resolve component for jakarta.activation:jakarta.activation-api:2.1.4 using repositories [MavenRepo]
2026-08-21T16:48:36.578-0300 [DEBUG] [org.gradle.api.internal.artifacts.ivyservice.ivyresolve.CachingModuleComponentRepository] Using cached module metadata for module 'jakarta.activation:jakarta.activation-api:2.1.4' in 'MavenRepo'
2026-08-21T16:48:36.578-0300 [DEBUG] [org.gradle.api.internal.artifacts.ivyservice.ivyresolve.RepositoryChainComponentMetaDataResolver] Using jakarta.activation:jakarta.activation-api:2.1.4 from org.gradle.api.internal.artifacts.ivyservice.ivyresolve.FilteredModuleComponentRepository@21db6d60
2026-08-21T16:48:36.578-0300 [DEBUG] [io.spring.gradle.dependencymanagement.internal.VersionConfiguringAction] Processing requested dependency 'net.minidev:accessors-smart:2.6.0' with target 'net.minidev:accessors-smart:2.6.0
2026-08-21T16:48:36.578-0300 [DEBUG] [io.spring.gradle.dependencymanagement.internal.VersionConfiguringAction] No dependency management for dependency 'net.minidev:accessors-smart:2.6.0'
2026-08-21T16:48:36.578-0300 [DEBUG] [org.gradle.api.internal.artifacts.ivyservice.ivyresolve.RepositoryChainComponentMetaDataResolver] Attempting to resolve component for net.minidev:accessors-smart:2.6.0 using repositories [MavenRepo]
2026-08-21T16:48:36.578-0300 [DEBUG] [org.gradle.api.internal.artifacts.ivyservice.ivyresolve.CachingModuleComponentRepository] Using cached module metadata for module 'net.minidev:accessors-smart:2.6.0' in 'MavenRepo'
2026-08-21T16:48:36.578-0300 [DEBUG] [org.gradle.api.internal.artifacts.ivyservice.ivyresolve.RepositoryChainComponentMetaDataResolver] Using net.minidev:accessors-smart:2.6.0 from org.gradle.api.internal.artifacts.ivyservice.ivyresolve.FilteredModuleComponentRepository@21db6d60
2026-08-21T16:48:36.578-0300 [DEBUG] [io.spring.gradle.dependencymanagement.internal.VersionConfiguringAction] Processing requested dependency 'net.bytebuddy:byte-buddy:1.18.3' with target 'net.bytebuddy:byte-buddy:1.18.3
2026-08-21T16:48:36.578-0300 [DEBUG] [io.spring.gradle.dependencymanagement.internal.DependencyManagementContainer] Found managed version '1.18.10' for dependency 'net.bytebuddy:byte-buddy' in global dependency management
2026-08-21T16:48:36.578-0300 [DEBUG] [io.spring.gradle.dependencymanagement.internal.VersionConfiguringAction] Using version '1.18.10' for dependency 'net.bytebuddy:byte-buddy:1.18.3'
2026-08-21T16:48:36.578-0300 [DEBUG] [org.gradle.api.internal.artifacts.ivyservice.ivyresolve.RepositoryChainComponentMetaDataResolver] Attempting to resolve component for net.bytebuddy:byte-buddy:1.18.10 using repositories [MavenRepo]
2026-08-21T16:48:36.578-0300 [DEBUG] [org.gradle.api.internal.artifacts.ivyservice.ivyresolve.CachingModuleComponentRepository] Using cached module metadata for module 'net.bytebuddy:byte-buddy:1.18.10' in 'MavenRepo'
2026-08-21T16:48:36.578-0300 [DEBUG] [org.gradle.api.internal.artifacts.ivyservice.ivyresolve.RepositoryChainComponentMetaDataResolver] Using net.bytebuddy:byte-buddy:1.18.10 from org.gradle.api.internal.artifacts.ivyservice.ivyresolve.FilteredModuleComponentRepository@21db6d60
2026-08-21T16:48:36.578-0300 [DEBUG] [io.spring.gradle.dependencymanagement.internal.VersionConfiguringAction] Processing requested dependency 'org.hamcrest:hamcrest:2.1' with target 'org.hamcrest:hamcrest:2.1
2026-08-21T16:48:36.578-0300 [DEBUG] [io.spring.gradle.dependencymanagement.internal.DependencyManagementContainer] Found managed version '3.0' for dependency 'org.hamcrest:hamcrest' in global dependency management
2026-08-21T16:48:36.578-0300 [DEBUG] [io.spring.gradle.dependencymanagement.internal.VersionConfiguringAction] Using version '3.0' for dependency 'org.hamcrest:hamcrest:2.1'
2026-08-21T16:48:36.578-0300 [DEBUG] [io.spring.gradle.dependencymanagement.internal.VersionConfiguringAction] Processing requested dependency 'org.junit.jupiter:junit-jupiter-engine:6.0.3' with target 'org.junit.jupiter:junit-jupiter-engine:6.0.3
2026-08-21T16:48:36.578-0300 [DEBUG] [io.spring.gradle.dependencymanagement.internal.DependencyManagementContainer] Found managed version '6.0.3' for dependency 'org.junit.jupiter:junit-jupiter-engine' in global dependency management
2026-08-21T16:48:36.578-0300 [DEBUG] [io.spring.gradle.dependencymanagement.internal.VersionConfiguringAction] Using version '6.0.3' for dependency 'org.junit.jupiter:junit-jupiter-engine:6.0.3'
2026-08-21T16:48:36.578-0300 [DEBUG] [io.spring.gradle.dependencymanagement.internal.VersionConfiguringAction] Processing requested dependency 'org.junit:junit-bom:6.0.3' with target 'org.junit:junit-bom:6.0.3
2026-08-21T16:48:36.578-0300 [DEBUG] [io.spring.gradle.dependencymanagement.internal.VersionConfiguringAction] No dependency management for dependency 'org.junit:junit-bom:6.0.3'
2026-08-21T16:48:36.578-0300 [DEBUG] [io.spring.gradle.dependencymanagement.internal.VersionConfiguringAction] Processing requested dependency 'org.junit.jupiter:junit-jupiter-api:6.0.3' with target 'org.junit.jupiter:junit-jupiter-api:6.0.3
2026-08-21T16:48:36.578-0300 [DEBUG] [io.spring.gradle.dependencymanagement.internal.DependencyManagementContainer] Found managed version '6.0.3' for dependency 'org.junit.jupiter:junit-jupiter-api' in global dependency management
2026-08-21T16:48:36.578-0300 [DEBUG] [io.spring.gradle.dependencymanagement.internal.VersionConfiguringAction] Using version '6.0.3' for dependency 'org.junit.jupiter:junit-jupiter-api:6.0.3'
2026-08-21T16:48:36.578-0300 [DEBUG] [io.spring.gradle.dependencymanagement.internal.VersionConfiguringAction] Processing requested dependency 'org.junit.jupiter:junit-jupiter-params:6.0.3' with target 'org.junit.jupiter:junit-jupiter-params:6.0.3
2026-08-21T16:48:36.578-0300 [DEBUG] [io.spring.gradle.dependencymanagement.internal.DependencyManagementContainer] Found managed version '6.0.3' for dependency 'org.junit.jupiter:junit-jupiter-params' in global dependency management
2026-08-21T16:48:36.578-0300 [DEBUG] [io.spring.gradle.dependencymanagement.internal.VersionConfiguringAction] Using version '6.0.3' for dependency 'org.junit.jupiter:junit-jupiter-params:6.0.3'
2026-08-21T16:48:36.579-0300 [DEBUG] [org.gradle.api.internal.artifacts.ivyservice.ivyresolve.RepositoryChainComponentMetaDataResolver] Attempting to resolve component for org.junit.jupiter:junit-jupiter-engine:6.0.3 using repositories [MavenRepo]
2026-08-21T16:48:36.579-0300 [DEBUG] [org.gradle.api.internal.artifacts.ivyservice.ivyresolve.CachingModuleComponentRepository] Using cached module metadata for module 'org.junit.jupiter:junit-jupiter-engine:6.0.3' in 'MavenRepo'
2026-08-21T16:48:36.579-0300 [DEBUG] [org.gradle.api.internal.artifacts.ivyservice.ivyresolve.RepositoryChainComponentMetaDataResolver] Using org.junit.jupiter:junit-jupiter-engine:6.0.3 from org.gradle.api.internal.artifacts.ivyservice.ivyresolve.FilteredModuleComponentRepository@21db6d60
2026-08-21T16:48:36.579-0300 [DEBUG] [org.gradle.api.internal.artifacts.ivyservice.ivyresolve.RepositoryChainComponentMetaDataResolver] Attempting to resolve component for org.junit:junit-bom:6.0.3 using repositories [MavenRepo]
2026-08-21T16:48:36.579-0300 [DEBUG] [org.gradle.api.internal.artifacts.ivyservice.ivyresolve.CachingModuleComponentRepository] Using cached module metadata for module 'org.junit:junit-bom:6.0.3' in 'MavenRepo'
2026-08-21T16:48:36.579-0300 [DEBUG] [org.gradle.api.internal.artifacts.ivyservice.ivyresolve.RepositoryChainComponentMetaDataResolver] Using org.junit:junit-bom:6.0.3 from org.gradle.api.internal.artifacts.ivyservice.ivyresolve.FilteredModuleComponentRepository@21db6d60
2026-08-21T16:48:36.579-0300 [DEBUG] [io.spring.gradle.dependencymanagement.internal.VersionConfiguringAction] Processing requested dependency 'org.junit.jupiter:junit-jupiter-migrationsupport:6.0.3' with target 'org.junit.jupiter:junit-jupiter-migrationsupport:6.0.3
2026-08-21T16:48:36.579-0300 [DEBUG] [io.spring.gradle.dependencymanagement.internal.DependencyManagementContainer] Found managed version '6.0.3' for dependency 'org.junit.jupiter:junit-jupiter-migrationsupport' in global dependency management
2026-08-21T16:48:36.579-0300 [DEBUG] [io.spring.gradle.dependencymanagement.internal.VersionConfiguringAction] Using version '6.0.3' for dependency 'org.junit.jupiter:junit-jupiter-migrationsupport:6.0.3'
2026-08-21T16:48:36.579-0300 [DEBUG] [io.spring.gradle.dependencymanagement.internal.VersionConfiguringAction] Processing requested dependency 'org.junit.platform:junit-platform-commons:6.0.3' with target 'org.junit.platform:junit-platform-commons:6.0.3
2026-08-21T16:48:36.579-0300 [DEBUG] [io.spring.gradle.dependencymanagement.internal.DependencyManagementContainer] Found managed version '6.0.3' for dependency 'org.junit.platform:junit-platform-commons' in global dependency management
2026-08-21T16:48:36.579-0300 [DEBUG] [io.spring.gradle.dependencymanagement.internal.VersionConfiguringAction] Using version '6.0.3' for dependency 'org.junit.platform:junit-platform-commons:6.0.3'
2026-08-21T16:48:36.579-0300 [DEBUG] [io.spring.gradle.dependencymanagement.internal.VersionConfiguringAction] Processing requested dependency 'org.junit.platform:junit-platform-console:6.0.3' with target 'org.junit.platform:junit-platform-console:6.0.3
2026-08-21T16:48:36.579-0300 [DEBUG] [io.spring.gradle.dependencymanagement.internal.DependencyManagementContainer] Found managed version '6.0.3' for dependency 'org.junit.platform:junit-platform-console' in global dependency management
2026-08-21T16:48:36.579-0300 [DEBUG] [io.spring.gradle.dependencymanagement.internal.VersionConfiguringAction] Using version '6.0.3' for dependency 'org.junit.platform:junit-platform-console:6.0.3'
2026-08-21T16:48:36.579-0300 [DEBUG] [io.spring.gradle.dependencymanagement.internal.VersionConfiguringAction] Processing requested dependency 'org.junit.platform:junit-platform-engine:6.0.3' with target 'org.junit.platform:junit-platform-engine:6.0.3
2026-08-21T16:48:36.579-0300 [DEBUG] [io.spring.gradle.dependencymanagement.internal.DependencyManagementContainer] Found managed version '6.0.3' for dependency 'org.junit.platform:junit-platform-engine' in global dependency management
2026-08-21T16:48:36.579-0300 [DEBUG] [io.spring.gradle.dependencymanagement.internal.VersionConfiguringAction] Using version '6.0.3' for dependency 'org.junit.platform:junit-platform-engine:6.0.3'
2026-08-21T16:48:36.579-0300 [DEBUG] [io.spring.gradle.dependencymanagement.internal.VersionConfiguringAction] Processing requested dependency 'org.junit.platform:junit-platform-launcher:6.0.3' with target 'org.junit.platform:junit-platform-launcher:6.0.3
2026-08-21T16:48:36.579-0300 [DEBUG] [io.spring.gradle.dependencymanagement.internal.DependencyManagementContainer] Found managed version '6.0.3' for dependency 'org.junit.platform:junit-platform-launcher' in global dependency management
2026-08-21T16:48:36.579-0300 [DEBUG] [io.spring.gradle.dependencymanagement.internal.VersionConfiguringAction] Using version '6.0.3' for dependency 'org.junit.platform:junit-platform-launcher:6.0.3'
2026-08-21T16:48:36.579-0300 [DEBUG] [io.spring.gradle.dependencymanagement.internal.VersionConfiguringAction] Processing requested dependency 'org.junit.platform:junit-platform-reporting:6.0.3' with target 'org.junit.platform:junit-platform-reporting:6.0.3
2026-08-21T16:48:36.579-0300 [DEBUG] [io.spring.gradle.dependencymanagement.internal.DependencyManagementContainer] Found managed version '6.0.3' for dependency 'org.junit.platform:junit-platform-reporting' in global dependency management
2026-08-21T16:48:36.579-0300 [DEBUG] [io.spring.gradle.dependencymanagement.internal.VersionConfiguringAction] Using version '6.0.3' for dependency 'org.junit.platform:junit-platform-reporting:6.0.3'
2026-08-21T16:48:36.579-0300 [DEBUG] [io.spring.gradle.dependencymanagement.internal.VersionConfiguringAction] Processing requested dependency 'org.junit.platform:junit-platform-suite:6.0.3' with target 'org.junit.platform:junit-platform-suite:6.0.3
2026-08-21T16:48:36.579-0300 [DEBUG] [io.spring.gradle.dependencymanagement.internal.DependencyManagementContainer] Found managed version '6.0.3' for dependency 'org.junit.platform:junit-platform-suite' in global dependency management
2026-08-21T16:48:36.579-0300 [DEBUG] [io.spring.gradle.dependencymanagement.internal.VersionConfiguringAction] Using version '6.0.3' for dependency 'org.junit.platform:junit-platform-suite:6.0.3'
2026-08-21T16:48:36.579-0300 [DEBUG] [io.spring.gradle.dependencymanagement.internal.VersionConfiguringAction] Processing requested dependency 'org.junit.platform:junit-platform-suite-api:6.0.3' with target 'org.junit.platform:junit-platform-suite-api:6.0.3
2026-08-21T16:48:36.579-0300 [DEBUG] [io.spring.gradle.dependencymanagement.internal.DependencyManagementContainer] Found managed version '6.0.3' for dependency 'org.junit.platform:junit-platform-suite-api' in global dependency management
2026-08-21T16:48:36.579-0300 [DEBUG] [io.spring.gradle.dependencymanagement.internal.VersionConfiguringAction] Using version '6.0.3' for dependency 'org.junit.platform:junit-platform-suite-api:6.0.3'
2026-08-21T16:48:36.579-0300 [DEBUG] [io.spring.gradle.dependencymanagement.internal.VersionConfiguringAction] Processing requested dependency 'org.junit.platform:junit-platform-suite-engine:6.0.3' with target 'org.junit.platform:junit-platform-suite-engine:6.0.3
2026-08-21T16:48:36.579-0300 [DEBUG] [io.spring.gradle.dependencymanagement.internal.DependencyManagementContainer] Found managed version '6.0.3' for dependency 'org.junit.platform:junit-platform-suite-engine' in global dependency management
2026-08-21T16:48:36.580-0300 [DEBUG] [io.spring.gradle.dependencymanagement.internal.VersionConfiguringAction] Using version '6.0.3' for dependency 'org.junit.platform:junit-platform-suite-engine:6.0.3'
2026-08-21T16:48:36.580-0300 [DEBUG] [io.spring.gradle.dependencymanagement.internal.VersionConfiguringAction] Processing requested dependency 'org.junit.platform:junit-platform-testkit:6.0.3' with target 'org.junit.platform:junit-platform-testkit:6.0.3
2026-08-21T16:48:36.580-0300 [DEBUG] [io.spring.gradle.dependencymanagement.internal.DependencyManagementContainer] Found managed version '6.0.3' for dependency 'org.junit.platform:junit-platform-testkit' in global dependency management
2026-08-21T16:48:36.580-0300 [DEBUG] [io.spring.gradle.dependencymanagement.internal.VersionConfiguringAction] Using version '6.0.3' for dependency 'org.junit.platform:junit-platform-testkit:6.0.3'
2026-08-21T16:48:36.580-0300 [DEBUG] [io.spring.gradle.dependencymanagement.internal.VersionConfiguringAction] Processing requested dependency 'org.junit.vintage:junit-vintage-engine:6.0.3' with target 'org.junit.vintage:junit-vintage-engine:6.0.3
2026-08-21T16:48:36.580-0300 [DEBUG] [io.spring.gradle.dependencymanagement.internal.DependencyManagementContainer] Found managed version '6.0.3' for dependency 'org.junit.vintage:junit-vintage-engine' in global dependency management
2026-08-21T16:48:36.580-0300 [DEBUG] [io.spring.gradle.dependencymanagement.internal.VersionConfiguringAction] Using version '6.0.3' for dependency 'org.junit.vintage:junit-vintage-engine:6.0.3'
2026-08-21T16:48:36.580-0300 [DEBUG] [org.gradle.api.internal.artifacts.ivyservice.ivyresolve.RepositoryChainComponentMetaDataResolver] Attempting to resolve component for org.junit.jupiter:junit-jupiter-api:6.0.3 using repositories [MavenRepo]
2026-08-21T16:48:36.580-0300 [DEBUG] [org.gradle.api.internal.artifacts.ivyservice.ivyresolve.CachingModuleComponentRepository] Using cached module metadata for module 'org.junit.jupiter:junit-jupiter-api:6.0.3' in 'MavenRepo'
2026-08-21T16:48:36.580-0300 [DEBUG] [org.gradle.api.internal.artifacts.ivyservice.ivyresolve.RepositoryChainComponentMetaDataResolver] Using org.junit.jupiter:junit-jupiter-api:6.0.3 from org.gradle.api.internal.artifacts.ivyservice.ivyresolve.FilteredModuleComponentRepository@21db6d60
2026-08-21T16:48:36.580-0300 [DEBUG] [org.gradle.api.internal.artifacts.ivyservice.ivyresolve.RepositoryChainComponentMetaDataResolver] Attempting to resolve component for org.junit.jupiter:junit-jupiter-params:6.0.3 using repositories [MavenRepo]
2026-08-21T16:48:36.580-0300 [DEBUG] [org.gradle.api.internal.artifacts.ivyservice.ivyresolve.CachingModuleComponentRepository] Using cached module metadata for module 'org.junit.jupiter:junit-jupiter-params:6.0.3' in 'MavenRepo'
2026-08-21T16:48:36.580-0300 [DEBUG] [org.gradle.api.internal.artifacts.ivyservice.ivyresolve.RepositoryChainComponentMetaDataResolver] Using org.junit.jupiter:junit-jupiter-params:6.0.3 from org.gradle.api.internal.artifacts.ivyservice.ivyresolve.FilteredModuleComponentRepository@21db6d60
2026-08-21T16:48:36.580-0300 [DEBUG] [io.spring.gradle.dependencymanagement.internal.VersionConfiguringAction] Processing requested dependency 'net.bytebuddy:byte-buddy:1.17.7' with target 'net.bytebuddy:byte-buddy:1.17.7
2026-08-21T16:48:36.580-0300 [DEBUG] [io.spring.gradle.dependencymanagement.internal.DependencyManagementContainer] Found managed version '1.18.10' for dependency 'net.bytebuddy:byte-buddy' in global dependency management
2026-08-21T16:48:36.580-0300 [DEBUG] [io.spring.gradle.dependencymanagement.internal.VersionConfiguringAction] Using version '1.18.10' for dependency 'net.bytebuddy:byte-buddy:1.17.7'
2026-08-21T16:48:36.580-0300 [DEBUG] [io.spring.gradle.dependencymanagement.internal.VersionConfiguringAction] Processing requested dependency 'net.bytebuddy:byte-buddy-agent:1.17.7' with target 'net.bytebuddy:byte-buddy-agent:1.17.7
2026-08-21T16:48:36.580-0300 [DEBUG] [io.spring.gradle.dependencymanagement.internal.DependencyManagementContainer] Found managed version '1.18.10' for dependency 'net.bytebuddy:byte-buddy-agent' in global dependency management
2026-08-21T16:48:36.580-0300 [DEBUG] [io.spring.gradle.dependencymanagement.internal.VersionConfiguringAction] Using version '1.18.10' for dependency 'net.bytebuddy:byte-buddy-agent:1.17.7'
2026-08-21T16:48:36.580-0300 [DEBUG] [io.spring.gradle.dependencymanagement.internal.VersionConfiguringAction] Processing requested dependency 'org.objenesis:objenesis:3.3' with target 'org.objenesis:objenesis:3.3
2026-08-21T16:48:36.580-0300 [DEBUG] [io.spring.gradle.dependencymanagement.internal.VersionConfiguringAction] No dependency management for dependency 'org.objenesis:objenesis:3.3'
2026-08-21T16:48:36.580-0300 [DEBUG] [org.gradle.api.internal.artifacts.ivyservice.ivyresolve.RepositoryChainComponentMetaDataResolver] Attempting to resolve component for net.bytebuddy:byte-buddy-agent:1.18.10 using repositories [MavenRepo]
2026-08-21T16:48:36.580-0300 [DEBUG] [org.gradle.api.internal.artifacts.ivyservice.ivyresolve.CachingModuleComponentRepository] Using cached module metadata for module 'net.bytebuddy:byte-buddy-agent:1.18.10' in 'MavenRepo'
2026-08-21T16:48:36.581-0300 [DEBUG] [org.gradle.api.internal.artifacts.ivyservice.ivyresolve.RepositoryChainComponentMetaDataResolver] Using net.bytebuddy:byte-buddy-agent:1.18.10 from org.gradle.api.internal.artifacts.ivyservice.ivyresolve.FilteredModuleComponentRepository@21db6d60
2026-08-21T16:48:36.581-0300 [DEBUG] [org.gradle.api.internal.artifacts.ivyservice.ivyresolve.RepositoryChainComponentMetaDataResolver] Attempting to resolve component for org.objenesis:objenesis:3.3 using repositories [MavenRepo]
2026-08-21T16:48:36.581-0300 [DEBUG] [org.gradle.api.internal.artifacts.ivyservice.ivyresolve.CachingModuleComponentRepository] Using cached module metadata for module 'org.objenesis:objenesis:3.3' in 'MavenRepo'
2026-08-21T16:48:36.581-0300 [DEBUG] [org.gradle.api.internal.artifacts.ivyservice.ivyresolve.RepositoryChainComponentMetaDataResolver] Using org.objenesis:objenesis:3.3 from org.gradle.api.internal.artifacts.ivyservice.ivyresolve.FilteredModuleComponentRepository@21db6d60
2026-08-21T16:48:36.581-0300 [DEBUG] [io.spring.gradle.dependencymanagement.internal.VersionConfiguringAction] Processing requested dependency 'org.junit.jupiter:junit-jupiter-api:5.13.4' with target 'org.junit.jupiter:junit-jupiter-api:5.13.4
2026-08-21T16:48:36.581-0300 [DEBUG] [io.spring.gradle.dependencymanagement.internal.DependencyManagementContainer] Found managed version '6.0.3' for dependency 'org.junit.jupiter:junit-jupiter-api' in global dependency management
2026-08-21T16:48:36.581-0300 [DEBUG] [io.spring.gradle.dependencymanagement.internal.VersionConfiguringAction] Using version '6.0.3' for dependency 'org.junit.jupiter:junit-jupiter-api:5.13.4'
2026-08-21T16:48:36.581-0300 [DEBUG] [io.spring.gradle.dependencymanagement.internal.VersionConfiguringAction] Processing requested dependency 'com.vaadin.external.google:android-json:0.0.20131108.vaadin1' with target 'com.vaadin.external.google:android-json:0.0.20131108.vaadin1
2026-08-21T16:48:36.581-0300 [DEBUG] [io.spring.gradle.dependencymanagement.internal.VersionConfiguringAction] No dependency management for dependency 'com.vaadin.external.google:android-json:0.0.20131108.vaadin1'
2026-08-21T16:48:36.581-0300 [DEBUG] [org.gradle.api.internal.artifacts.ivyservice.ivyresolve.RepositoryChainComponentMetaDataResolver] Attempting to resolve component for com.vaadin.external.google:android-json:0.0.20131108.vaadin1 using repositories [MavenRepo]
2026-08-21T16:48:36.581-0300 [DEBUG] [org.gradle.api.internal.artifacts.ivyservice.ivyresolve.CachingModuleComponentRepository] Using cached module metadata for module 'com.vaadin.external.google:android-json:0.0.20131108.vaadin1' in 'MavenRepo'
2026-08-21T16:48:36.581-0300 [DEBUG] [org.gradle.api.internal.artifacts.ivyservice.ivyresolve.RepositoryChainComponentMetaDataResolver] Using com.vaadin.external.google:android-json:0.0.20131108.vaadin1 from org.gradle.api.internal.artifacts.ivyservice.ivyresolve.FilteredModuleComponentRepository@21db6d60
2026-08-21T16:48:36.581-0300 [DEBUG] [io.spring.gradle.dependencymanagement.internal.VersionConfiguringAction] Processing requested dependency 'commons-logging:commons-logging:1.3.5' with target 'commons-logging:commons-logging:1.3.5
2026-08-21T16:48:36.581-0300 [DEBUG] [io.spring.gradle.dependencymanagement.internal.DependencyManagementContainer] Found managed version '1.3.6' for dependency 'commons-logging:commons-logging' in global dependency management
2026-08-21T16:48:36.581-0300 [DEBUG] [io.spring.gradle.dependencymanagement.internal.VersionConfiguringAction] Using version '1.3.6' for dependency 'commons-logging:commons-logging:1.3.5'
2026-08-21T16:48:36.581-0300 [DEBUG] [io.spring.gradle.dependencymanagement.internal.VersionConfiguringAction] Processing requested dependency 'org.jspecify:jspecify:1.0.0' with target 'org.jspecify:jspecify:1.0.0
2026-08-21T16:48:36.581-0300 [DEBUG] [io.spring.gradle.dependencymanagement.internal.DependencyManagementContainer] Found managed version '1.0.0' for dependency 'org.jspecify:jspecify' in global dependency management
2026-08-21T16:48:36.581-0300 [DEBUG] [io.spring.gradle.dependencymanagement.internal.VersionConfiguringAction] Using version '1.0.0' for dependency 'org.jspecify:jspecify:1.0.0'
2026-08-21T16:48:36.581-0300 [DEBUG] [org.gradle.api.internal.artifacts.ivyservice.ivyresolve.RepositoryChainComponentMetaDataResolver] Attempting to resolve component for commons-logging:commons-logging:1.3.6 using repositories [MavenRepo]
2026-08-21T16:48:36.581-0300 [DEBUG] [org.gradle.api.internal.artifacts.ivyservice.ivyresolve.CachingModuleComponentRepository] Using cached module metadata for module 'commons-logging:commons-logging:1.3.6' in 'MavenRepo'
2026-08-21T16:48:36.581-0300 [DEBUG] [org.gradle.api.internal.artifacts.ivyservice.ivyresolve.RepositoryChainComponentMetaDataResolver] Using commons-logging:commons-logging:1.3.6 from org.gradle.api.internal.artifacts.ivyservice.ivyresolve.FilteredModuleComponentRepository@21db6d60
2026-08-21T16:48:36.581-0300 [DEBUG] [org.gradle.api.internal.artifacts.ivyservice.ivyresolve.RepositoryChainComponentMetaDataResolver] Attempting to resolve component for org.jspecify:jspecify:1.0.0 using repositories [MavenRepo]
2026-08-21T16:48:36.581-0300 [DEBUG] [org.gradle.api.internal.artifacts.ivyservice.ivyresolve.CachingModuleComponentRepository] Using cached module metadata for module 'org.jspecify:jspecify:1.0.0' in 'MavenRepo'
2026-08-21T16:48:36.581-0300 [DEBUG] [org.gradle.api.internal.artifacts.ivyservice.ivyresolve.RepositoryChainComponentMetaDataResolver] Using org.jspecify:jspecify:1.0.0 from org.gradle.api.internal.artifacts.ivyservice.ivyresolve.FilteredModuleComponentRepository@21db6d60
2026-08-21T16:48:36.581-0300 [DEBUG] [org.gradle.api.internal.artifacts.ivyservice.ivyresolve.RepositoryChainComponentMetaDataResolver] Attempting to resolve component for org.junit.platform:junit-platform-engine:6.0.3 using repositories [MavenRepo]
2026-08-21T16:48:36.582-0300 [DEBUG] [org.gradle.api.internal.artifacts.ivyservice.ivyresolve.CachingModuleComponentRepository] Using cached module metadata for module 'org.junit.platform:junit-platform-engine:6.0.3' in 'MavenRepo'
2026-08-21T16:48:36.582-0300 [DEBUG] [org.gradle.api.internal.artifacts.ivyservice.ivyresolve.RepositoryChainComponentMetaDataResolver] Using org.junit.platform:junit-platform-engine:6.0.3 from org.gradle.api.internal.artifacts.ivyservice.ivyresolve.FilteredModuleComponentRepository@21db6d60
2026-08-21T16:48:36.582-0300 [DEBUG] [io.spring.gradle.dependencymanagement.internal.VersionConfiguringAction] Processing requested dependency 'ch.qos.logback:logback-classic:1.5.34' with target 'ch.qos.logback:logback-classic:1.5.34
2026-08-21T16:48:36.582-0300 [DEBUG] [io.spring.gradle.dependencymanagement.internal.DependencyManagementContainer] Found managed version '1.5.34' for dependency 'ch.qos.logback:logback-classic' in global dependency management
2026-08-21T16:48:36.582-0300 [DEBUG] [io.spring.gradle.dependencymanagement.internal.VersionConfiguringAction] Using version '1.5.34' for dependency 'ch.qos.logback:logback-classic:1.5.34'
2026-08-21T16:48:36.582-0300 [DEBUG] [io.spring.gradle.dependencymanagement.internal.VersionConfiguringAction] Processing requested dependency 'org.apache.logging.log4j:log4j-to-slf4j:2.25.4' with target 'org.apache.logging.log4j:log4j-to-slf4j:2.25.4
2026-08-21T16:48:36.582-0300 [DEBUG] [io.spring.gradle.dependencymanagement.internal.DependencyManagementContainer] Found managed version '2.25.4' for dependency 'org.apache.logging.log4j:log4j-to-slf4j' in global dependency management
2026-08-21T16:48:36.582-0300 [DEBUG] [io.spring.gradle.dependencymanagement.internal.VersionConfiguringAction] Using version '2.25.4' for dependency 'org.apache.logging.log4j:log4j-to-slf4j:2.25.4'
2026-08-21T16:48:36.582-0300 [DEBUG] [io.spring.gradle.dependencymanagement.internal.VersionConfiguringAction] Processing requested dependency 'org.slf4j:jul-to-slf4j:2.0.18' with target 'org.slf4j:jul-to-slf4j:2.0.18
2026-08-21T16:48:36.582-0300 [DEBUG] [io.spring.gradle.dependencymanagement.internal.DependencyManagementContainer] Found managed version '2.0.18' for dependency 'org.slf4j:jul-to-slf4j' in global dependency management
2026-08-21T16:48:36.582-0300 [DEBUG] [io.spring.gradle.dependencymanagement.internal.VersionConfiguringAction] Using version '2.0.18' for dependency 'org.slf4j:jul-to-slf4j:2.0.18'
2026-08-21T16:48:36.582-0300 [DEBUG] [org.gradle.api.internal.artifacts.ivyservice.ivyresolve.RepositoryChainComponentMetaDataResolver] Attempting to resolve component for ch.qos.logback:logback-classic:1.5.34 using repositories [MavenRepo]
2026-08-21T16:48:36.582-0300 [DEBUG] [org.gradle.api.internal.artifacts.ivyservice.ivyresolve.CachingModuleComponentRepository] Using cached module metadata for module 'ch.qos.logback:logback-classic:1.5.34' in 'MavenRepo'
2026-08-21T16:48:36.582-0300 [DEBUG] [org.gradle.api.internal.artifacts.ivyservice.ivyresolve.RepositoryChainComponentMetaDataResolver] Using ch.qos.logback:logback-classic:1.5.34 from org.gradle.api.internal.artifacts.ivyservice.ivyresolve.FilteredModuleComponentRepository@21db6d60
2026-08-21T16:48:36.582-0300 [DEBUG] [org.gradle.api.internal.artifacts.ivyservice.ivyresolve.RepositoryChainComponentMetaDataResolver] Attempting to resolve component for org.apache.logging.log4j:log4j-to-slf4j:2.25.4 using repositories [MavenRepo]
2026-08-21T16:48:36.582-0300 [DEBUG] [org.gradle.api.internal.artifacts.ivyservice.ivyresolve.CachingModuleComponentRepository] Using cached module metadata for module 'org.apache.logging.log4j:log4j-to-slf4j:2.25.4' in 'MavenRepo'
2026-08-21T16:48:36.582-0300 [DEBUG] [org.gradle.api.internal.artifacts.ivyservice.ivyresolve.RepositoryChainComponentMetaDataResolver] Using org.apache.logging.log4j:log4j-to-slf4j:2.25.4 from org.gradle.api.internal.artifacts.ivyservice.ivyresolve.FilteredModuleComponentRepository@21db6d60
2026-08-21T16:48:36.582-0300 [DEBUG] [org.gradle.api.internal.artifacts.ivyservice.ivyresolve.RepositoryChainComponentMetaDataResolver] Attempting to resolve component for org.slf4j:jul-to-slf4j:2.0.18 using repositories [MavenRepo]
2026-08-21T16:48:36.582-0300 [DEBUG] [org.gradle.api.internal.artifacts.ivyservice.ivyresolve.CachingModuleComponentRepository] Using cached module metadata for module 'org.slf4j:jul-to-slf4j:2.0.18' in 'MavenRepo'
2026-08-21T16:48:36.582-0300 [DEBUG] [org.gradle.api.internal.artifacts.ivyservice.ivyresolve.RepositoryChainComponentMetaDataResolver] Using org.slf4j:jul-to-slf4j:2.0.18 from org.gradle.api.internal.artifacts.ivyservice.ivyresolve.FilteredModuleComponentRepository@21db6d60
2026-08-21T16:48:36.582-0300 [DEBUG] [io.spring.gradle.dependencymanagement.internal.VersionConfiguringAction] Processing requested dependency 'org.springframework.boot:spring-boot-jackson:4.1.0' with target 'org.springframework.boot:spring-boot-jackson:4.1.0
2026-08-21T16:48:36.582-0300 [DEBUG] [io.spring.gradle.dependencymanagement.internal.DependencyManagementContainer] Found managed version '4.1.0' for dependency 'org.springframework.boot:spring-boot-jackson' in global dependency management
2026-08-21T16:48:36.582-0300 [DEBUG] [io.spring.gradle.dependencymanagement.internal.VersionConfiguringAction] Using version '4.1.0' for dependency 'org.springframework.boot:spring-boot-jackson:4.1.0'
2026-08-21T16:48:36.582-0300 [DEBUG] [org.gradle.api.internal.artifacts.ivyservice.ivyresolve.RepositoryChainComponentMetaDataResolver] Attempting to resolve component for org.springframework.boot:spring-boot-jackson:4.1.0 using repositories [MavenRepo]
2026-08-21T16:48:36.582-0300 [DEBUG] [org.gradle.api.internal.artifacts.ivyservice.ivyresolve.CachingModuleComponentRepository] Using cached module metadata for module 'org.springframework.boot:spring-boot-jackson:4.1.0' in 'MavenRepo'
2026-08-21T16:48:36.582-0300 [DEBUG] [org.gradle.api.internal.artifacts.ivyservice.ivyresolve.RepositoryChainComponentMetaDataResolver] Using org.springframework.boot:spring-boot-jackson:4.1.0 from org.gradle.api.internal.artifacts.ivyservice.ivyresolve.FilteredModuleComponentRepository@21db6d60
2026-08-21T16:48:36.582-0300 [DEBUG] [io.spring.gradle.dependencymanagement.internal.VersionConfiguringAction] Processing requested dependency 'org.springframework.boot:spring-boot-starter-tomcat-runtime:4.1.0' with target 'org.springframework.boot:spring-boot-starter-tomcat-runtime:4.1.0
2026-08-21T16:48:36.582-0300 [DEBUG] [io.spring.gradle.dependencymanagement.internal.DependencyManagementContainer] Found managed version '4.1.0' for dependency 'org.springframework.boot:spring-boot-starter-tomcat-runtime' in global dependency management
2026-08-21T16:48:36.582-0300 [DEBUG] [io.spring.gradle.dependencymanagement.internal.VersionConfiguringAction] Using version '4.1.0' for dependency 'org.springframework.boot:spring-boot-starter-tomcat-runtime:4.1.0'
2026-08-21T16:48:36.582-0300 [DEBUG] [io.spring.gradle.dependencymanagement.internal.VersionConfiguringAction] Processing requested dependency 'org.springframework.boot:spring-boot-tomcat:4.1.0' with target 'org.springframework.boot:spring-boot-tomcat:4.1.0
2026-08-21T16:48:36.582-0300 [DEBUG] [io.spring.gradle.dependencymanagement.internal.DependencyManagementContainer] Found managed version '4.1.0' for dependency 'org.springframework.boot:spring-boot-tomcat' in global dependency management
2026-08-21T16:48:36.582-0300 [DEBUG] [io.spring.gradle.dependencymanagement.internal.VersionConfiguringAction] Using version '4.1.0' for dependency 'org.springframework.boot:spring-boot-tomcat:4.1.0'
2026-08-21T16:48:36.583-0300 [DEBUG] [org.gradle.api.internal.artifacts.ivyservice.ivyresolve.RepositoryChainComponentMetaDataResolver] Attempting to resolve component for org.springframework.boot:spring-boot-starter-tomcat-runtime:4.1.0 using repositories [MavenRepo]
2026-08-21T16:48:36.583-0300 [DEBUG] [org.gradle.api.internal.artifacts.ivyservice.ivyresolve.CachingModuleComponentRepository] Using cached module metadata for module 'org.springframework.boot:spring-boot-starter-tomcat-runtime:4.1.0' in 'MavenRepo'
2026-08-21T16:48:36.583-0300 [DEBUG] [org.gradle.api.internal.artifacts.ivyservice.ivyresolve.RepositoryChainComponentMetaDataResolver] Using org.springframework.boot:spring-boot-starter-tomcat-runtime:4.1.0 from org.gradle.api.internal.artifacts.ivyservice.ivyresolve.FilteredModuleComponentRepository@21db6d60
2026-08-21T16:48:36.583-0300 [DEBUG] [org.gradle.api.internal.artifacts.ivyservice.ivyresolve.RepositoryChainComponentMetaDataResolver] Attempting to resolve component for org.springframework.boot:spring-boot-tomcat:4.1.0 using repositories [MavenRepo]
2026-08-21T16:48:36.583-0300 [DEBUG] [org.gradle.api.internal.artifacts.ivyservice.ivyresolve.CachingModuleComponentRepository] Using cached module metadata for module 'org.springframework.boot:spring-boot-tomcat:4.1.0' in 'MavenRepo'
2026-08-21T16:48:36.583-0300 [DEBUG] [org.gradle.api.internal.artifacts.ivyservice.ivyresolve.RepositoryChainComponentMetaDataResolver] Using org.springframework.boot:spring-boot-tomcat:4.1.0 from org.gradle.api.internal.artifacts.ivyservice.ivyresolve.FilteredModuleComponentRepository@21db6d60
2026-08-21T16:48:36.583-0300 [DEBUG] [io.spring.gradle.dependencymanagement.internal.VersionConfiguringAction] Processing requested dependency 'org.springframework:spring-web:7.0.8' with target 'org.springframework:spring-web:7.0.8
2026-08-21T16:48:36.583-0300 [DEBUG] [io.spring.gradle.dependencymanagement.internal.DependencyManagementContainer] Found managed version '7.0.8' for dependency 'org.springframework:spring-web' in global dependency management
2026-08-21T16:48:36.583-0300 [DEBUG] [io.spring.gradle.dependencymanagement.internal.VersionConfiguringAction] Using version '7.0.8' for dependency 'org.springframework:spring-web:7.0.8'
2026-08-21T16:48:36.583-0300 [DEBUG] [org.gradle.api.internal.artifacts.ivyservice.ivyresolve.RepositoryChainComponentMetaDataResolver] Attempting to resolve component for org.springframework:spring-web:7.0.8 using repositories [MavenRepo]
2026-08-21T16:48:36.583-0300 [DEBUG] [org.gradle.api.internal.artifacts.ivyservice.ivyresolve.CachingModuleComponentRepository] Using cached module metadata for module 'org.springframework:spring-web:7.0.8' in 'MavenRepo'
2026-08-21T16:48:36.583-0300 [DEBUG] [org.gradle.api.internal.artifacts.ivyservice.ivyresolve.RepositoryChainComponentMetaDataResolver] Using org.springframework:spring-web:7.0.8 from org.gradle.api.internal.artifacts.ivyservice.ivyresolve.FilteredModuleComponentRepository@21db6d60
2026-08-21T16:48:36.583-0300 [DEBUG] [io.spring.gradle.dependencymanagement.internal.VersionConfiguringAction] Processing requested dependency 'org.springframework.boot:spring-boot-servlet:4.1.0' with target 'org.springframework.boot:spring-boot-servlet:4.1.0
2026-08-21T16:48:36.584-0300 [DEBUG] [io.spring.gradle.dependencymanagement.internal.DependencyManagementContainer] Found managed version '4.1.0' for dependency 'org.springframework.boot:spring-boot-servlet' in global dependency management
2026-08-21T16:48:36.584-0300 [DEBUG] [io.spring.gradle.dependencymanagement.internal.VersionConfiguringAction] Using version '4.1.0' for dependency 'org.springframework.boot:spring-boot-servlet:4.1.0'
2026-08-21T16:48:36.584-0300 [DEBUG] [io.spring.gradle.dependencymanagement.internal.VersionConfiguringAction] Processing requested dependency 'org.springframework:spring-webmvc:7.0.8' with target 'org.springframework:spring-webmvc:7.0.8
2026-08-21T16:48:36.584-0300 [DEBUG] [io.spring.gradle.dependencymanagement.internal.DependencyManagementContainer] Found managed version '7.0.8' for dependency 'org.springframework:spring-webmvc' in global dependency management
2026-08-21T16:48:36.584-0300 [DEBUG] [io.spring.gradle.dependencymanagement.internal.VersionConfiguringAction] Using version '7.0.8' for dependency 'org.springframework:spring-webmvc:7.0.8'
2026-08-21T16:48:36.584-0300 [DEBUG] [org.gradle.api.internal.artifacts.ivyservice.ivyresolve.RepositoryChainComponentMetaDataResolver] Attempting to resolve component for org.springframework.boot:spring-boot-servlet:4.1.0 using repositories [MavenRepo]
2026-08-21T16:48:36.584-0300 [DEBUG] [org.gradle.api.internal.artifacts.ivyservice.ivyresolve.CachingModuleComponentRepository] Using cached module metadata for module 'org.springframework.boot:spring-boot-servlet:4.1.0' in 'MavenRepo'
2026-08-21T16:48:36.584-0300 [DEBUG] [org.gradle.api.internal.artifacts.ivyservice.ivyresolve.RepositoryChainComponentMetaDataResolver] Using org.springframework.boot:spring-boot-servlet:4.1.0 from org.gradle.api.internal.artifacts.ivyservice.ivyresolve.FilteredModuleComponentRepository@21db6d60
2026-08-21T16:48:36.584-0300 [DEBUG] [org.gradle.api.internal.artifacts.ivyservice.ivyresolve.RepositoryChainComponentMetaDataResolver] Attempting to resolve component for org.springframework:spring-webmvc:7.0.8 using repositories [MavenRepo]
2026-08-21T16:48:36.584-0300 [DEBUG] [org.gradle.api.internal.artifacts.ivyservice.ivyresolve.CachingModuleComponentRepository] Using cached module metadata for module 'org.springframework:spring-webmvc:7.0.8' in 'MavenRepo'
2026-08-21T16:48:36.584-0300 [DEBUG] [org.gradle.api.internal.artifacts.ivyservice.ivyresolve.RepositoryChainComponentMetaDataResolver] Using org.springframework:spring-webmvc:7.0.8 from org.gradle.api.internal.artifacts.ivyservice.ivyresolve.FilteredModuleComponentRepository@21db6d60
2026-08-21T16:48:36.584-0300 [DEBUG] [io.spring.gradle.dependencymanagement.internal.VersionConfiguringAction] Processing requested dependency 'com.zaxxer:HikariCP:7.0.2' with target 'com.zaxxer:HikariCP:7.0.2
2026-08-21T16:48:36.584-0300 [DEBUG] [io.spring.gradle.dependencymanagement.internal.DependencyManagementContainer] Found managed version '7.0.2' for dependency 'com.zaxxer:HikariCP' in global dependency management
2026-08-21T16:48:36.585-0300 [DEBUG] [io.spring.gradle.dependencymanagement.internal.VersionConfiguringAction] Using version '7.0.2' for dependency 'com.zaxxer:HikariCP:7.0.2'
2026-08-21T16:48:36.585-0300 [DEBUG] [org.gradle.api.internal.artifacts.ivyservice.ivyresolve.RepositoryChainComponentMetaDataResolver] Attempting to resolve component for com.zaxxer:HikariCP:7.0.2 using repositories [MavenRepo]
2026-08-21T16:48:36.585-0300 [DEBUG] [org.gradle.api.internal.artifacts.ivyservice.ivyresolve.CachingModuleComponentRepository] Using cached module metadata for module 'com.zaxxer:HikariCP:7.0.2' in 'MavenRepo'
2026-08-21T16:48:36.585-0300 [DEBUG] [org.gradle.api.internal.artifacts.ivyservice.ivyresolve.RepositoryChainComponentMetaDataResolver] Using com.zaxxer:HikariCP:7.0.2 from org.gradle.api.internal.artifacts.ivyservice.ivyresolve.FilteredModuleComponentRepository@21db6d60
2026-08-21T16:48:36.585-0300 [DEBUG] [io.spring.gradle.dependencymanagement.internal.VersionConfiguringAction] Processing requested dependency 'org.springframework.boot:spring-boot-data-commons:4.1.0' with target 'org.springframework.boot:spring-boot-data-commons:4.1.0
2026-08-21T16:48:36.585-0300 [DEBUG] [io.spring.gradle.dependencymanagement.internal.DependencyManagementContainer] Found managed version '4.1.0' for dependency 'org.springframework.boot:spring-boot-data-commons' in global dependency management
2026-08-21T16:48:36.585-0300 [DEBUG] [io.spring.gradle.dependencymanagement.internal.VersionConfiguringAction] Using version '4.1.0' for dependency 'org.springframework.boot:spring-boot-data-commons:4.1.0'
2026-08-21T16:48:36.585-0300 [DEBUG] [io.spring.gradle.dependencymanagement.internal.VersionConfiguringAction] Processing requested dependency 'org.springframework.boot:spring-boot-hibernate:4.1.0' with target 'org.springframework.boot:spring-boot-hibernate:4.1.0
2026-08-21T16:48:36.585-0300 [DEBUG] [io.spring.gradle.dependencymanagement.internal.DependencyManagementContainer] Found managed version '4.1.0' for dependency 'org.springframework.boot:spring-boot-hibernate' in global dependency management
2026-08-21T16:48:36.585-0300 [DEBUG] [io.spring.gradle.dependencymanagement.internal.VersionConfiguringAction] Using version '4.1.0' for dependency 'org.springframework.boot:spring-boot-hibernate:4.1.0'
2026-08-21T16:48:36.585-0300 [DEBUG] [io.spring.gradle.dependencymanagement.internal.VersionConfiguringAction] Processing requested dependency 'org.springframework.data:spring-data-jpa:4.1.0' with target 'org.springframework.data:spring-data-jpa:4.1.0
2026-08-21T16:48:36.585-0300 [DEBUG] [io.spring.gradle.dependencymanagement.internal.DependencyManagementContainer] Found managed version '4.1.0' for dependency 'org.springframework.data:spring-data-jpa' in global dependency management
2026-08-21T16:48:36.585-0300 [DEBUG] [io.spring.gradle.dependencymanagement.internal.VersionConfiguringAction] Using version '4.1.0' for dependency 'org.springframework.data:spring-data-jpa:4.1.0'
2026-08-21T16:48:36.585-0300 [DEBUG] [io.spring.gradle.dependencymanagement.internal.VersionConfiguringAction] Processing requested dependency 'org.springframework:spring-aspects:7.0.8' with target 'org.springframework:spring-aspects:7.0.8
2026-08-21T16:48:36.585-0300 [DEBUG] [io.spring.gradle.dependencymanagement.internal.DependencyManagementContainer] Found managed version '7.0.8' for dependency 'org.springframework:spring-aspects' in global dependency management
2026-08-21T16:48:36.586-0300 [DEBUG] [io.spring.gradle.dependencymanagement.internal.VersionConfiguringAction] Using version '7.0.8' for dependency 'org.springframework:spring-aspects:7.0.8'
2026-08-21T16:48:36.586-0300 [DEBUG] [org.gradle.api.internal.artifacts.ivyservice.ivyresolve.RepositoryChainComponentMetaDataResolver] Attempting to resolve component for org.springframework.boot:spring-boot-data-commons:4.1.0 using repositories [MavenRepo]
2026-08-21T16:48:36.586-0300 [DEBUG] [org.gradle.api.internal.artifacts.ivyservice.ivyresolve.CachingModuleComponentRepository] Using cached module metadata for module 'org.springframework.boot:spring-boot-data-commons:4.1.0' in 'MavenRepo'
2026-08-21T16:48:36.586-0300 [DEBUG] [org.gradle.api.internal.artifacts.ivyservice.ivyresolve.RepositoryChainComponentMetaDataResolver] Using org.springframework.boot:spring-boot-data-commons:4.1.0 from org.gradle.api.internal.artifacts.ivyservice.ivyresolve.FilteredModuleComponentRepository@21db6d60
2026-08-21T16:48:36.586-0300 [DEBUG] [org.gradle.api.internal.artifacts.ivyservice.ivyresolve.RepositoryChainComponentMetaDataResolver] Attempting to resolve component for org.springframework.boot:spring-boot-hibernate:4.1.0 using repositories [MavenRepo]
2026-08-21T16:48:36.586-0300 [DEBUG] [org.gradle.api.internal.artifacts.ivyservice.ivyresolve.CachingModuleComponentRepository] Using cached module metadata for module 'org.springframework.boot:spring-boot-hibernate:4.1.0' in 'MavenRepo'
2026-08-21T16:48:36.586-0300 [DEBUG] [org.gradle.api.internal.artifacts.ivyservice.ivyresolve.RepositoryChainComponentMetaDataResolver] Using org.springframework.boot:spring-boot-hibernate:4.1.0 from org.gradle.api.internal.artifacts.ivyservice.ivyresolve.FilteredModuleComponentRepository@21db6d60
2026-08-21T16:48:36.586-0300 [DEBUG] [org.gradle.api.internal.artifacts.ivyservice.ivyresolve.RepositoryChainComponentMetaDataResolver] Attempting to resolve component for org.springframework.data:spring-data-jpa:4.1.0 using repositories [MavenRepo]
2026-08-21T16:48:36.586-0300 [DEBUG] [org.gradle.api.internal.artifacts.ivyservice.ivyresolve.CachingModuleComponentRepository] Using cached module metadata for module 'org.springframework.data:spring-data-jpa:4.1.0' in 'MavenRepo'
2026-08-21T16:48:36.586-0300 [DEBUG] [org.gradle.api.internal.artifacts.ivyservice.ivyresolve.RepositoryChainComponentMetaDataResolver] Using org.springframework.data:spring-data-jpa:4.1.0 from org.gradle.api.internal.artifacts.ivyservice.ivyresolve.FilteredModuleComponentRepository@21db6d60
2026-08-21T16:48:36.586-0300 [DEBUG] [org.gradle.api.internal.artifacts.ivyservice.ivyresolve.RepositoryChainComponentMetaDataResolver] Attempting to resolve component for org.springframework:spring-aspects:7.0.8 using repositories [MavenRepo]
2026-08-21T16:48:36.586-0300 [DEBUG] [org.gradle.api.internal.artifacts.ivyservice.ivyresolve.CachingModuleComponentRepository] Using cached module metadata for module 'org.springframework:spring-aspects:7.0.8' in 'MavenRepo'
2026-08-21T16:48:36.586-0300 [DEBUG] [org.gradle.api.internal.artifacts.ivyservice.ivyresolve.RepositoryChainComponentMetaDataResolver] Using org.springframework:spring-aspects:7.0.8 from org.gradle.api.internal.artifacts.ivyservice.ivyresolve.FilteredModuleComponentRepository@21db6d60
2026-08-21T16:48:36.587-0300 [DEBUG] [io.spring.gradle.dependencymanagement.internal.VersionConfiguringAction] Processing requested dependency 'org.springframework.boot:spring-boot-sql:4.1.0' with target 'org.springframework.boot:spring-boot-sql:4.1.0
2026-08-21T16:48:36.587-0300 [DEBUG] [io.spring.gradle.dependencymanagement.internal.DependencyManagementContainer] Found managed version '4.1.0' for dependency 'org.springframework.boot:spring-boot-sql' in global dependency management
2026-08-21T16:48:36.587-0300 [DEBUG] [io.spring.gradle.dependencymanagement.internal.VersionConfiguringAction] Using version '4.1.0' for dependency 'org.springframework.boot:spring-boot-sql:4.1.0'
2026-08-21T16:48:36.587-0300 [DEBUG] [io.spring.gradle.dependencymanagement.internal.VersionConfiguringAction] Processing requested dependency 'org.springframework.boot:spring-boot-transaction:4.1.0' with target 'org.springframework.boot:spring-boot-transaction:4.1.0
2026-08-21T16:48:36.587-0300 [DEBUG] [io.spring.gradle.dependencymanagement.internal.DependencyManagementContainer] Found managed version '4.1.0' for dependency 'org.springframework.boot:spring-boot-transaction' in global dependency management
2026-08-21T16:48:36.587-0300 [DEBUG] [io.spring.gradle.dependencymanagement.internal.VersionConfiguringAction] Using version '4.1.0' for dependency 'org.springframework.boot:spring-boot-transaction:4.1.0'
2026-08-21T16:48:36.587-0300 [DEBUG] [io.spring.gradle.dependencymanagement.internal.VersionConfiguringAction] Processing requested dependency 'org.springframework:spring-jdbc:7.0.8' with target 'org.springframework:spring-jdbc:7.0.8
2026-08-21T16:48:36.587-0300 [DEBUG] [io.spring.gradle.dependencymanagement.internal.DependencyManagementContainer] Found managed version '7.0.8' for dependency 'org.springframework:spring-jdbc' in global dependency management
2026-08-21T16:48:36.587-0300 [DEBUG] [io.spring.gradle.dependencymanagement.internal.VersionConfiguringAction] Using version '7.0.8' for dependency 'org.springframework:spring-jdbc:7.0.8'
2026-08-21T16:48:36.587-0300 [DEBUG] [org.gradle.api.internal.artifacts.ivyservice.ivyresolve.RepositoryChainComponentMetaDataResolver] Attempting to resolve component for org.springframework.boot:spring-boot-sql:4.1.0 using repositories [MavenRepo]
2026-08-21T16:48:36.587-0300 [DEBUG] [org.gradle.api.internal.artifacts.ivyservice.ivyresolve.CachingModuleComponentRepository] Using cached module metadata for module 'org.springframework.boot:spring-boot-sql:4.1.0' in 'MavenRepo'
2026-08-21T16:48:36.587-0300 [DEBUG] [org.gradle.api.internal.artifacts.ivyservice.ivyresolve.RepositoryChainComponentMetaDataResolver] Using org.springframework.boot:spring-boot-sql:4.1.0 from org.gradle.api.internal.artifacts.ivyservice.ivyresolve.FilteredModuleComponentRepository@21db6d60
2026-08-21T16:48:36.587-0300 [DEBUG] [org.gradle.api.internal.artifacts.ivyservice.ivyresolve.RepositoryChainComponentMetaDataResolver] Attempting to resolve component for org.springframework.boot:spring-boot-transaction:4.1.0 using repositories [MavenRepo]
2026-08-21T16:48:36.588-0300 [DEBUG] [org.gradle.api.internal.artifacts.ivyservice.ivyresolve.CachingModuleComponentRepository] Using cached module metadata for module 'org.springframework.boot:spring-boot-transaction:4.1.0' in 'MavenRepo'
2026-08-21T16:48:36.588-0300 [DEBUG] [org.gradle.api.internal.artifacts.ivyservice.ivyresolve.RepositoryChainComponentMetaDataResolver] Using org.springframework.boot:spring-boot-transaction:4.1.0 from org.gradle.api.internal.artifacts.ivyservice.ivyresolve.FilteredModuleComponentRepository@21db6d60
2026-08-21T16:48:36.588-0300 [DEBUG] [org.gradle.api.internal.artifacts.ivyservice.ivyresolve.RepositoryChainComponentMetaDataResolver] Attempting to resolve component for org.springframework:spring-jdbc:7.0.8 using repositories [MavenRepo]
2026-08-21T16:48:36.588-0300 [DEBUG] [org.gradle.api.internal.artifacts.ivyservice.ivyresolve.CachingModuleComponentRepository] Using cached module metadata for module 'org.springframework:spring-jdbc:7.0.8' in 'MavenRepo'
2026-08-21T16:48:36.588-0300 [DEBUG] [org.gradle.api.internal.artifacts.ivyservice.ivyresolve.RepositoryChainComponentMetaDataResolver] Using org.springframework:spring-jdbc:7.0.8 from org.gradle.api.internal.artifacts.ivyservice.ivyresolve.FilteredModuleComponentRepository@21db6d60
2026-08-21T16:48:36.588-0300 [DEBUG] [io.spring.gradle.dependencymanagement.internal.VersionConfiguringAction] Processing requested dependency 'com.fasterxml.jackson.core:jackson-annotations:2.21' with target 'com.fasterxml.jackson.core:jackson-annotations:2.21
2026-08-21T16:48:36.588-0300 [DEBUG] [io.spring.gradle.dependencymanagement.internal.DependencyManagementContainer] Found managed version '2.21' for dependency 'com.fasterxml.jackson.core:jackson-annotations' in global dependency management
2026-08-21T16:48:36.588-0300 [DEBUG] [io.spring.gradle.dependencymanagement.internal.VersionConfiguringAction] Using version '2.21' for dependency 'com.fasterxml.jackson.core:jackson-annotations:2.21'
2026-08-21T16:48:36.588-0300 [DEBUG] [io.spring.gradle.dependencymanagement.internal.VersionConfiguringAction] Processing requested dependency 'tools.jackson.core:jackson-core:3.1.4' with target 'tools.jackson.core:jackson-core:3.1.4
2026-08-21T16:48:36.588-0300 [DEBUG] [io.spring.gradle.dependencymanagement.internal.DependencyManagementContainer] Found managed version '3.1.4' for dependency 'tools.jackson.core:jackson-core' in global dependency management
2026-08-21T16:48:36.588-0300 [DEBUG] [io.spring.gradle.dependencymanagement.internal.VersionConfiguringAction] Using version '3.1.4' for dependency 'tools.jackson.core:jackson-core:3.1.4'
2026-08-21T16:48:36.588-0300 [DEBUG] [io.spring.gradle.dependencymanagement.internal.VersionConfiguringAction] Processing requested dependency 'tools.jackson:jackson-bom:3.1.4' with target 'tools.jackson:jackson-bom:3.1.4
2026-08-21T16:48:36.588-0300 [DEBUG] [io.spring.gradle.dependencymanagement.internal.VersionConfiguringAction] No dependency management for dependency 'tools.jackson:jackson-bom:3.1.4'
2026-08-21T16:48:36.588-0300 [DEBUG] [org.gradle.api.internal.artifacts.ivyservice.ivyresolve.RepositoryChainComponentMetaDataResolver] Attempting to resolve component for com.fasterxml.jackson.core:jackson-annotations:2.21 using repositories [MavenRepo]
2026-08-21T16:48:36.588-0300 [DEBUG] [org.gradle.api.internal.artifacts.ivyservice.ivyresolve.CachingModuleComponentRepository] Using cached module metadata for module 'com.fasterxml.jackson.core:jackson-annotations:2.21' in 'MavenRepo'
2026-08-21T16:48:36.588-0300 [DEBUG] [org.gradle.api.internal.artifacts.ivyservice.ivyresolve.RepositoryChainComponentMetaDataResolver] Using com.fasterxml.jackson.core:jackson-annotations:2.21 from org.gradle.api.internal.artifacts.ivyservice.ivyresolve.FilteredModuleComponentRepository@21db6d60
2026-08-21T16:48:36.588-0300 [DEBUG] [org.gradle.api.internal.artifacts.ivyservice.ivyresolve.RepositoryChainComponentMetaDataResolver] Attempting to resolve component for tools.jackson.core:jackson-core:3.1.4 using repositories [MavenRepo]
2026-08-21T16:48:36.588-0300 [DEBUG] [org.gradle.api.internal.artifacts.ivyservice.ivyresolve.CachingModuleComponentRepository] Using cached module metadata for module 'tools.jackson.core:jackson-core:3.1.4' in 'MavenRepo'
2026-08-21T16:48:36.588-0300 [DEBUG] [org.gradle.api.internal.artifacts.ivyservice.ivyresolve.RepositoryChainComponentMetaDataResolver] Using tools.jackson.core:jackson-core:3.1.4 from org.gradle.api.internal.artifacts.ivyservice.ivyresolve.FilteredModuleComponentRepository@21db6d60
2026-08-21T16:48:36.588-0300 [DEBUG] [org.gradle.api.internal.artifacts.ivyservice.ivyresolve.RepositoryChainComponentMetaDataResolver] Attempting to resolve component for tools.jackson:jackson-bom:3.1.4 using repositories [MavenRepo]
2026-08-21T16:48:36.588-0300 [DEBUG] [org.gradle.api.internal.artifacts.ivyservice.ivyresolve.CachingModuleComponentRepository] Using cached module metadata for module 'tools.jackson:jackson-bom:3.1.4' in 'MavenRepo'
2026-08-21T16:48:36.588-0300 [DEBUG] [org.gradle.api.internal.artifacts.ivyservice.ivyresolve.RepositoryChainComponentMetaDataResolver] Using tools.jackson:jackson-bom:3.1.4 from org.gradle.api.internal.artifacts.ivyservice.ivyresolve.FilteredModuleComponentRepository@21db6d60
2026-08-21T16:48:36.589-0300 [DEBUG] [io.spring.gradle.dependencymanagement.internal.VersionConfiguringAction] Processing requested dependency 'tools.jackson.core:jackson-databind:3.1.4' with target 'tools.jackson.core:jackson-databind:3.1.4
2026-08-21T16:48:36.589-0300 [DEBUG] [io.spring.gradle.dependencymanagement.internal.DependencyManagementContainer] Found managed version '3.1.4' for dependency 'tools.jackson.core:jackson-databind' in global dependency management
2026-08-21T16:48:36.589-0300 [DEBUG] [io.spring.gradle.dependencymanagement.internal.VersionConfiguringAction] Using version '3.1.4' for dependency 'tools.jackson.core:jackson-databind:3.1.4'
2026-08-21T16:48:36.589-0300 [DEBUG] [io.spring.gradle.dependencymanagement.internal.VersionConfiguringAction] Processing requested dependency 'tools.jackson.dataformat:jackson-dataformat-avro:3.1.4' with target 'tools.jackson.dataformat:jackson-dataformat-avro:3.1.4
2026-08-21T16:48:36.589-0300 [DEBUG] [io.spring.gradle.dependencymanagement.internal.DependencyManagementContainer] Found managed version '3.1.4' for dependency 'tools.jackson.dataformat:jackson-dataformat-avro' in global dependency management
2026-08-21T16:48:36.589-0300 [DEBUG] [io.spring.gradle.dependencymanagement.internal.VersionConfiguringAction] Using version '3.1.4' for dependency 'tools.jackson.dataformat:jackson-dataformat-avro:3.1.4'
2026-08-21T16:48:36.589-0300 [DEBUG] [io.spring.gradle.dependencymanagement.internal.VersionConfiguringAction] Processing requested dependency 'tools.jackson.dataformat:jackson-dataformat-cbor:3.1.4' with target 'tools.jackson.dataformat:jackson-dataformat-cbor:3.1.4
2026-08-21T16:48:36.589-0300 [DEBUG] [io.spring.gradle.dependencymanagement.internal.DependencyManagementContainer] Found managed version '3.1.4' for dependency 'tools.jackson.dataformat:jackson-dataformat-cbor' in global dependency management
2026-08-21T16:48:36.589-0300 [DEBUG] [io.spring.gradle.dependencymanagement.internal.VersionConfiguringAction] Using version '3.1.4' for dependency 'tools.jackson.dataformat:jackson-dataformat-cbor:3.1.4'
2026-08-21T16:48:36.589-0300 [DEBUG] [io.spring.gradle.dependencymanagement.internal.VersionConfiguringAction] Processing requested dependency 'tools.jackson.dataformat:jackson-dataformat-csv:3.1.4' with target 'tools.jackson.dataformat:jackson-dataformat-csv:3.1.4
2026-08-21T16:48:36.589-0300 [DEBUG] [io.spring.gradle.dependencymanagement.internal.DependencyManagementContainer] Found managed version '3.1.4' for dependency 'tools.jackson.dataformat:jackson-dataformat-csv' in global dependency management
2026-08-21T16:48:36.589-0300 [DEBUG] [io.spring.gradle.dependencymanagement.internal.VersionConfiguringAction] Using version '3.1.4' for dependency 'tools.jackson.dataformat:jackson-dataformat-csv:3.1.4'
2026-08-21T16:48:36.589-0300 [DEBUG] [io.spring.gradle.dependencymanagement.internal.VersionConfiguringAction] Processing requested dependency 'tools.jackson.dataformat:jackson-dataformat-ion:3.1.4' with target 'tools.jackson.dataformat:jackson-dataformat-ion:3.1.4
2026-08-21T16:48:36.589-0300 [DEBUG] [io.spring.gradle.dependencymanagement.internal.DependencyManagementContainer] Found managed version '3.1.4' for dependency 'tools.jackson.dataformat:jackson-dataformat-ion' in global dependency management
2026-08-21T16:48:36.589-0300 [DEBUG] [io.spring.gradle.dependencymanagement.internal.VersionConfiguringAction] Using version '3.1.4' for dependency 'tools.jackson.dataformat:jackson-dataformat-ion:3.1.4'
2026-08-21T16:48:36.589-0300 [DEBUG] [io.spring.gradle.dependencymanagement.internal.VersionConfiguringAction] Processing requested dependency 'tools.jackson.dataformat:jackson-dataformat-properties:3.1.4' with target 'tools.jackson.dataformat:jackson-dataformat-properties:3.1.4
2026-08-21T16:48:36.589-0300 [DEBUG] [io.spring.gradle.dependencymanagement.internal.DependencyManagementContainer] Found managed version '3.1.4' for dependency 'tools.jackson.dataformat:jackson-dataformat-properties' in global dependency management
2026-08-21T16:48:36.589-0300 [DEBUG] [io.spring.gradle.dependencymanagement.internal.VersionConfiguringAction] Using version '3.1.4' for dependency 'tools.jackson.dataformat:jackson-dataformat-properties:3.1.4'
2026-08-21T16:48:36.589-0300 [DEBUG] [io.spring.gradle.dependencymanagement.internal.VersionConfiguringAction] Processing requested dependency 'tools.jackson.dataformat:jackson-dataformat-protobuf:3.1.4' with target 'tools.jackson.dataformat:jackson-dataformat-protobuf:3.1.4
2026-08-21T16:48:36.589-0300 [DEBUG] [io.spring.gradle.dependencymanagement.internal.DependencyManagementContainer] Found managed version '3.1.4' for dependency 'tools.jackson.dataformat:jackson-dataformat-protobuf' in global dependency management
2026-08-21T16:48:36.589-0300 [DEBUG] [io.spring.gradle.dependencymanagement.internal.VersionConfiguringAction] Using version '3.1.4' for dependency 'tools.jackson.dataformat:jackson-dataformat-protobuf:3.1.4'
2026-08-21T16:48:36.589-0300 [DEBUG] [io.spring.gradle.dependencymanagement.internal.VersionConfiguringAction] Processing requested dependency 'tools.jackson.dataformat:jackson-dataformat-smile:3.1.4' with target 'tools.jackson.dataformat:jackson-dataformat-smile:3.1.4
2026-08-21T16:48:36.589-0300 [DEBUG] [io.spring.gradle.dependencymanagement.internal.DependencyManagementContainer] Found managed version '3.1.4' for dependency 'tools.jackson.dataformat:jackson-dataformat-smile' in global dependency management
2026-08-21T16:48:36.589-0300 [DEBUG] [io.spring.gradle.dependencymanagement.internal.VersionConfiguringAction] Using version '3.1.4' for dependency 'tools.jackson.dataformat:jackson-dataformat-smile:3.1.4'
2026-08-21T16:48:36.589-0300 [DEBUG] [io.spring.gradle.dependencymanagement.internal.VersionConfiguringAction] Processing requested dependency 'tools.jackson.dataformat:jackson-dataformat-toml:3.1.4' with target 'tools.jackson.dataformat:jackson-dataformat-toml:3.1.4
2026-08-21T16:48:36.589-0300 [DEBUG] [io.spring.gradle.dependencymanagement.internal.DependencyManagementContainer] Found managed version '3.1.4' for dependency 'tools.jackson.dataformat:jackson-dataformat-toml' in global dependency management
2026-08-21T16:48:36.589-0300 [DEBUG] [io.spring.gradle.dependencymanagement.internal.VersionConfiguringAction] Using version '3.1.4' for dependency 'tools.jackson.dataformat:jackson-dataformat-toml:3.1.4'
2026-08-21T16:48:36.589-0300 [DEBUG] [io.spring.gradle.dependencymanagement.internal.VersionConfiguringAction] Processing requested dependency 'tools.jackson.dataformat:jackson-dataformat-xml:3.1.4' with target 'tools.jackson.dataformat:jackson-dataformat-xml:3.1.4
2026-08-21T16:48:36.589-0300 [DEBUG] [io.spring.gradle.dependencymanagement.internal.DependencyManagementContainer] Found managed version '3.1.4' for dependency 'tools.jackson.dataformat:jackson-dataformat-xml' in global dependency management
2026-08-21T16:48:36.589-0300 [DEBUG] [io.spring.gradle.dependencymanagement.internal.VersionConfiguringAction] Using version '3.1.4' for dependency 'tools.jackson.dataformat:jackson-dataformat-xml:3.1.4'
2026-08-21T16:48:36.589-0300 [DEBUG] [io.spring.gradle.dependencymanagement.internal.VersionConfiguringAction] Processing requested dependency 'tools.jackson.dataformat:jackson-dataformat-yaml:3.1.4' with target 'tools.jackson.dataformat:jackson-dataformat-yaml:3.1.4
2026-08-21T16:48:36.589-0300 [DEBUG] [io.spring.gradle.dependencymanagement.internal.DependencyManagementContainer] Found managed version '3.1.4' for dependency 'tools.jackson.dataformat:jackson-dataformat-yaml' in global dependency management
2026-08-21T16:48:36.589-0300 [DEBUG] [io.spring.gradle.dependencymanagement.internal.VersionConfiguringAction] Using version '3.1.4' for dependency 'tools.jackson.dataformat:jackson-dataformat-yaml:3.1.4'
2026-08-21T16:48:36.589-0300 [DEBUG] [io.spring.gradle.dependencymanagement.internal.VersionConfiguringAction] Processing requested dependency 'tools.jackson.datatype:jackson-datatype-eclipse-collections:3.1.4' with target 'tools.jackson.datatype:jackson-datatype-eclipse-collections:3.1.4
2026-08-21T16:48:36.589-0300 [DEBUG] [io.spring.gradle.dependencymanagement.internal.DependencyManagementContainer] Found managed version '3.1.4' for dependency 'tools.jackson.datatype:jackson-datatype-eclipse-collections' in global dependency management
2026-08-21T16:48:36.590-0300 [DEBUG] [io.spring.gradle.dependencymanagement.internal.VersionConfiguringAction] Using version '3.1.4' for dependency 'tools.jackson.datatype:jackson-datatype-eclipse-collections:3.1.4'
2026-08-21T16:48:36.590-0300 [DEBUG] [io.spring.gradle.dependencymanagement.internal.VersionConfiguringAction] Processing requested dependency 'tools.jackson.datatype:jackson-datatype-guava:3.1.4' with target 'tools.jackson.datatype:jackson-datatype-guava:3.1.4
2026-08-21T16:48:36.590-0300 [DEBUG] [io.spring.gradle.dependencymanagement.internal.DependencyManagementContainer] Found managed version '3.1.4' for dependency 'tools.jackson.datatype:jackson-datatype-guava' in global dependency management
2026-08-21T16:48:36.590-0300 [DEBUG] [io.spring.gradle.dependencymanagement.internal.VersionConfiguringAction] Using version '3.1.4' for dependency 'tools.jackson.datatype:jackson-datatype-guava:3.1.4'
2026-08-21T16:48:36.590-0300 [DEBUG] [io.spring.gradle.dependencymanagement.internal.VersionConfiguringAction] Processing requested dependency 'tools.jackson.datatype:jackson-datatype-hibernate4:3.1.4' with target 'tools.jackson.datatype:jackson-datatype-hibernate4:3.1.4
2026-08-21T16:48:36.590-0300 [DEBUG] [io.spring.gradle.dependencymanagement.internal.DependencyManagementContainer] Found managed version '3.1.4' for dependency 'tools.jackson.datatype:jackson-datatype-hibernate4' in global dependency management
2026-08-21T16:48:36.590-0300 [DEBUG] [io.spring.gradle.dependencymanagement.internal.VersionConfiguringAction] Using version '3.1.4' for dependency 'tools.jackson.datatype:jackson-datatype-hibernate4:3.1.4'
2026-08-21T16:48:36.590-0300 [DEBUG] [io.spring.gradle.dependencymanagement.internal.VersionConfiguringAction] Processing requested dependency 'tools.jackson.datatype:jackson-datatype-hibernate5:3.1.4' with target 'tools.jackson.datatype:jackson-datatype-hibernate5:3.1.4
2026-08-21T16:48:36.590-0300 [DEBUG] [io.spring.gradle.dependencymanagement.internal.DependencyManagementContainer] Found managed version '3.1.4' for dependency 'tools.jackson.datatype:jackson-datatype-hibernate5' in global dependency management
2026-08-21T16:48:36.590-0300 [DEBUG] [io.spring.gradle.dependencymanagement.internal.VersionConfiguringAction] Using version '3.1.4' for dependency 'tools.jackson.datatype:jackson-datatype-hibernate5:3.1.4'
2026-08-21T16:48:36.590-0300 [DEBUG] [io.spring.gradle.dependencymanagement.internal.VersionConfiguringAction] Processing requested dependency 'tools.jackson.datatype:jackson-datatype-hibernate5-jakarta:3.1.4' with target 'tools.jackson.datatype:jackson-datatype-hibernate5-jakarta:3.1.4
2026-08-21T16:48:36.590-0300 [DEBUG] [io.spring.gradle.dependencymanagement.internal.DependencyManagementContainer] Found managed version '3.1.4' for dependency 'tools.jackson.datatype:jackson-datatype-hibernate5-jakarta' in global dependency management
2026-08-21T16:48:36.590-0300 [DEBUG] [io.spring.gradle.dependencymanagement.internal.VersionConfiguringAction] Using version '3.1.4' for dependency 'tools.jackson.datatype:jackson-datatype-hibernate5-jakarta:3.1.4'
2026-08-21T16:48:36.590-0300 [DEBUG] [io.spring.gradle.dependencymanagement.internal.VersionConfiguringAction] Processing requested dependency 'tools.jackson.datatype:jackson-datatype-hibernate6:3.1.4' with target 'tools.jackson.datatype:jackson-datatype-hibernate6:3.1.4
2026-08-21T16:48:36.590-0300 [DEBUG] [io.spring.gradle.dependencymanagement.internal.DependencyManagementContainer] Found managed version '3.1.4' for dependency 'tools.jackson.datatype:jackson-datatype-hibernate6' in global dependency management
2026-08-21T16:48:36.590-0300 [DEBUG] [io.spring.gradle.dependencymanagement.internal.VersionConfiguringAction] Using version '3.1.4' for dependency 'tools.jackson.datatype:jackson-datatype-hibernate6:3.1.4'
2026-08-21T16:48:36.590-0300 [DEBUG] [io.spring.gradle.dependencymanagement.internal.VersionConfiguringAction] Processing requested dependency 'tools.jackson.datatype:jackson-datatype-hibernate7:3.1.4' with target 'tools.jackson.datatype:jackson-datatype-hibernate7:3.1.4
2026-08-21T16:48:36.590-0300 [DEBUG] [io.spring.gradle.dependencymanagement.internal.DependencyManagementContainer] Found managed version '3.1.4' for dependency 'tools.jackson.datatype:jackson-datatype-hibernate7' in global dependency management
2026-08-21T16:48:36.590-0300 [DEBUG] [io.spring.gradle.dependencymanagement.internal.VersionConfiguringAction] Using version '3.1.4' for dependency 'tools.jackson.datatype:jackson-datatype-hibernate7:3.1.4'
2026-08-21T16:48:36.590-0300 [DEBUG] [io.spring.gradle.dependencymanagement.internal.VersionConfiguringAction] Processing requested dependency 'tools.jackson.datatype:jackson-datatype-hppc:3.1.4' with target 'tools.jackson.datatype:jackson-datatype-hppc:3.1.4
2026-08-21T16:48:36.590-0300 [DEBUG] [io.spring.gradle.dependencymanagement.internal.DependencyManagementContainer] Found managed version '3.1.4' for dependency 'tools.jackson.datatype:jackson-datatype-hppc' in global dependency management
2026-08-21T16:48:36.590-0300 [DEBUG] [io.spring.gradle.dependencymanagement.internal.VersionConfiguringAction] Using version '3.1.4' for dependency 'tools.jackson.datatype:jackson-datatype-hppc:3.1.4'
2026-08-21T16:48:36.590-0300 [DEBUG] [io.spring.gradle.dependencymanagement.internal.VersionConfiguringAction] Processing requested dependency 'tools.jackson.datatype:jackson-datatype-javax-money:3.1.4' with target 'tools.jackson.datatype:jackson-datatype-javax-money:3.1.4
2026-08-21T16:48:36.590-0300 [DEBUG] [io.spring.gradle.dependencymanagement.internal.DependencyManagementContainer] Found managed version '3.1.4' for dependency 'tools.jackson.datatype:jackson-datatype-javax-money' in global dependency management
2026-08-21T16:48:36.590-0300 [DEBUG] [io.spring.gradle.dependencymanagement.internal.VersionConfiguringAction] Using version '3.1.4' for dependency 'tools.jackson.datatype:jackson-datatype-javax-money:3.1.4'
2026-08-21T16:48:36.590-0300 [DEBUG] [io.spring.gradle.dependencymanagement.internal.VersionConfiguringAction] Processing requested dependency 'tools.jackson.datatype:jackson-datatype-jakarta-jsonp:3.1.4' with target 'tools.jackson.datatype:jackson-datatype-jakarta-jsonp:3.1.4
2026-08-21T16:48:36.591-0300 [DEBUG] [io.spring.gradle.dependencymanagement.internal.DependencyManagementContainer] Found managed version '3.1.4' for dependency 'tools.jackson.datatype:jackson-datatype-jakarta-jsonp' in global dependency management
2026-08-21T16:48:36.591-0300 [DEBUG] [io.spring.gradle.dependencymanagement.internal.VersionConfiguringAction] Using version '3.1.4' for dependency 'tools.jackson.datatype:jackson-datatype-jakarta-jsonp:3.1.4'
2026-08-21T16:48:36.591-0300 [DEBUG] [io.spring.gradle.dependencymanagement.internal.VersionConfiguringAction] Processing requested dependency 'tools.jackson.datatype:jackson-datatype-jaxrs:3.1.4' with target 'tools.jackson.datatype:jackson-datatype-jaxrs:3.1.4
2026-08-21T16:48:36.591-0300 [DEBUG] [io.spring.gradle.dependencymanagement.internal.DependencyManagementContainer] Found managed version '3.1.4' for dependency 'tools.jackson.datatype:jackson-datatype-jaxrs' in global dependency management
2026-08-21T16:48:36.591-0300 [DEBUG] [io.spring.gradle.dependencymanagement.internal.VersionConfiguringAction] Using version '3.1.4' for dependency 'tools.jackson.datatype:jackson-datatype-jaxrs:3.1.4'
2026-08-21T16:48:36.591-0300 [DEBUG] [io.spring.gradle.dependencymanagement.internal.VersionConfiguringAction] Processing requested dependency 'tools.jackson.datatype:jackson-datatype-joda:3.1.4' with target 'tools.jackson.datatype:jackson-datatype-joda:3.1.4
2026-08-21T16:48:36.591-0300 [DEBUG] [io.spring.gradle.dependencymanagement.internal.DependencyManagementContainer] Found managed version '3.1.4' for dependency 'tools.jackson.datatype:jackson-datatype-joda' in global dependency management
2026-08-21T16:48:36.591-0300 [DEBUG] [io.spring.gradle.dependencymanagement.internal.VersionConfiguringAction] Using version '3.1.4' for dependency 'tools.jackson.datatype:jackson-datatype-joda:3.1.4'
2026-08-21T16:48:36.591-0300 [DEBUG] [io.spring.gradle.dependencymanagement.internal.VersionConfiguringAction] Processing requested dependency 'tools.jackson.datatype:jackson-datatype-joda-money:3.1.4' with target 'tools.jackson.datatype:jackson-datatype-joda-money:3.1.4
2026-08-21T16:48:36.591-0300 [DEBUG] [io.spring.gradle.dependencymanagement.internal.DependencyManagementContainer] Found managed version '3.1.4' for dependency 'tools.jackson.datatype:jackson-datatype-joda-money' in global dependency management
2026-08-21T16:48:36.591-0300 [DEBUG] [io.spring.gradle.dependencymanagement.internal.VersionConfiguringAction] Using version '3.1.4' for dependency 'tools.jackson.datatype:jackson-datatype-joda-money:3.1.4'
2026-08-21T16:48:36.591-0300 [DEBUG] [io.spring.gradle.dependencymanagement.internal.VersionConfiguringAction] Processing requested dependency 'tools.jackson.datatype:jackson-datatype-json-org:3.1.4' with target 'tools.jackson.datatype:jackson-datatype-json-org:3.1.4
2026-08-21T16:48:36.591-0300 [DEBUG] [io.spring.gradle.dependencymanagement.internal.DependencyManagementContainer] Found managed version '3.1.4' for dependency 'tools.jackson.datatype:jackson-datatype-json-org' in global dependency management
2026-08-21T16:48:36.591-0300 [DEBUG] [io.spring.gradle.dependencymanagement.internal.VersionConfiguringAction] Using version '3.1.4' for dependency 'tools.jackson.datatype:jackson-datatype-json-org:3.1.4'
2026-08-21T16:48:36.591-0300 [DEBUG] [io.spring.gradle.dependencymanagement.internal.VersionConfiguringAction] Processing requested dependency 'tools.jackson.datatype:jackson-datatype-jsr353:3.1.4' with target 'tools.jackson.datatype:jackson-datatype-jsr353:3.1.4
2026-08-21T16:48:36.591-0300 [DEBUG] [io.spring.gradle.dependencymanagement.internal.DependencyManagementContainer] Found managed version '3.1.4' for dependency 'tools.jackson.datatype:jackson-datatype-jsr353' in global dependency management
2026-08-21T16:48:36.591-0300 [DEBUG] [io.spring.gradle.dependencymanagement.internal.VersionConfiguringAction] Using version '3.1.4' for dependency 'tools.jackson.datatype:jackson-datatype-jsr353:3.1.4'
2026-08-21T16:48:36.591-0300 [DEBUG] [io.spring.gradle.dependencymanagement.internal.VersionConfiguringAction] Processing requested dependency 'tools.jackson.datatype:jackson-datatype-moneta:3.1.4' with target 'tools.jackson.datatype:jackson-datatype-moneta:3.1.4
2026-08-21T16:48:36.591-0300 [DEBUG] [io.spring.gradle.dependencymanagement.internal.DependencyManagementContainer] Found managed version '3.1.4' for dependency 'tools.jackson.datatype:jackson-datatype-moneta' in global dependency management
2026-08-21T16:48:36.591-0300 [DEBUG] [io.spring.gradle.dependencymanagement.internal.VersionConfiguringAction] Using version '3.1.4' for dependency 'tools.jackson.datatype:jackson-datatype-moneta:3.1.4'
2026-08-21T16:48:36.591-0300 [DEBUG] [io.spring.gradle.dependencymanagement.internal.VersionConfiguringAction] Processing requested dependency 'tools.jackson.datatype:jackson-datatype-pcollections:3.1.4' with target 'tools.jackson.datatype:jackson-datatype-pcollections:3.1.4
2026-08-21T16:48:36.591-0300 [DEBUG] [io.spring.gradle.dependencymanagement.internal.DependencyManagementContainer] Found managed version '3.1.4' for dependency 'tools.jackson.datatype:jackson-datatype-pcollections' in global dependency management
2026-08-21T16:48:36.591-0300 [DEBUG] [io.spring.gradle.dependencymanagement.internal.VersionConfiguringAction] Using version '3.1.4' for dependency 'tools.jackson.datatype:jackson-datatype-pcollections:3.1.4'
2026-08-21T16:48:36.591-0300 [DEBUG] [io.spring.gradle.dependencymanagement.internal.VersionConfiguringAction] Processing requested dependency 'tools.jackson.jaxrs:jackson-jaxrs-base:3.1.4' with target 'tools.jackson.jaxrs:jackson-jaxrs-base:3.1.4
2026-08-21T16:48:36.591-0300 [DEBUG] [io.spring.gradle.dependencymanagement.internal.DependencyManagementContainer] Found managed version '3.1.4' for dependency 'tools.jackson.jaxrs:jackson-jaxrs-base' in global dependency management
2026-08-21T16:48:36.591-0300 [DEBUG] [io.spring.gradle.dependencymanagement.internal.VersionConfiguringAction] Using version '3.1.4' for dependency 'tools.jackson.jaxrs:jackson-jaxrs-base:3.1.4'
2026-08-21T16:48:36.591-0300 [DEBUG] [io.spring.gradle.dependencymanagement.internal.VersionConfiguringAction] Processing requested dependency 'tools.jackson.jaxrs:jackson-jaxrs-cbor-provider:3.1.4' with target 'tools.jackson.jaxrs:jackson-jaxrs-cbor-provider:3.1.4
2026-08-21T16:48:36.591-0300 [DEBUG] [io.spring.gradle.dependencymanagement.internal.DependencyManagementContainer] Found managed version '3.1.4' for dependency 'tools.jackson.jaxrs:jackson-jaxrs-cbor-provider' in global dependency management
2026-08-21T16:48:36.591-0300 [DEBUG] [io.spring.gradle.dependencymanagement.internal.VersionConfiguringAction] Using version '3.1.4' for dependency 'tools.jackson.jaxrs:jackson-jaxrs-cbor-provider:3.1.4'
2026-08-21T16:48:36.591-0300 [DEBUG] [io.spring.gradle.dependencymanagement.internal.VersionConfiguringAction] Processing requested dependency 'tools.jackson.jaxrs:jackson-jaxrs-json-provider:3.1.4' with target 'tools.jackson.jaxrs:jackson-jaxrs-json-provider:3.1.4
2026-08-21T16:48:36.591-0300 [DEBUG] [io.spring.gradle.dependencymanagement.internal.DependencyManagementContainer] Found managed version '3.1.4' for dependency 'tools.jackson.jaxrs:jackson-jaxrs-json-provider' in global dependency management
2026-08-21T16:48:36.591-0300 [DEBUG] [io.spring.gradle.dependencymanagement.internal.VersionConfiguringAction] Using version '3.1.4' for dependency 'tools.jackson.jaxrs:jackson-jaxrs-json-provider:3.1.4'
2026-08-21T16:48:36.591-0300 [DEBUG] [io.spring.gradle.dependencymanagement.internal.VersionConfiguringAction] Processing requested dependency 'tools.jackson.jaxrs:jackson-jaxrs-smile-provider:3.1.4' with target 'tools.jackson.jaxrs:jackson-jaxrs-smile-provider:3.1.4
2026-08-21T16:48:36.591-0300 [DEBUG] [io.spring.gradle.dependencymanagement.internal.DependencyManagementContainer] Found managed version '3.1.4' for dependency 'tools.jackson.jaxrs:jackson-jaxrs-smile-provider' in global dependency management
2026-08-21T16:48:36.591-0300 [DEBUG] [io.spring.gradle.dependencymanagement.internal.VersionConfiguringAction] Using version '3.1.4' for dependency 'tools.jackson.jaxrs:jackson-jaxrs-smile-provider:3.1.4'
2026-08-21T16:48:36.592-0300 [DEBUG] [io.spring.gradle.dependencymanagement.internal.VersionConfiguringAction] Processing requested dependency 'tools.jackson.jaxrs:jackson-jaxrs-xml-provider:3.1.4' with target 'tools.jackson.jaxrs:jackson-jaxrs-xml-provider:3.1.4
2026-08-21T16:48:36.592-0300 [DEBUG] [io.spring.gradle.dependencymanagement.internal.DependencyManagementContainer] Found managed version '3.1.4' for dependency 'tools.jackson.jaxrs:jackson-jaxrs-xml-provider' in global dependency management
2026-08-21T16:48:36.592-0300 [DEBUG] [io.spring.gradle.dependencymanagement.internal.VersionConfiguringAction] Using version '3.1.4' for dependency 'tools.jackson.jaxrs:jackson-jaxrs-xml-provider:3.1.4'
2026-08-21T16:48:36.592-0300 [DEBUG] [io.spring.gradle.dependencymanagement.internal.VersionConfiguringAction] Processing requested dependency 'tools.jackson.jaxrs:jackson-jaxrs-yaml-provider:3.1.4' with target 'tools.jackson.jaxrs:jackson-jaxrs-yaml-provider:3.1.4
2026-08-21T16:48:36.592-0300 [DEBUG] [io.spring.gradle.dependencymanagement.internal.DependencyManagementContainer] Found managed version '3.1.4' for dependency 'tools.jackson.jaxrs:jackson-jaxrs-yaml-provider' in global dependency management
2026-08-21T16:48:36.592-0300 [DEBUG] [io.spring.gradle.dependencymanagement.internal.VersionConfiguringAction] Using version '3.1.4' for dependency 'tools.jackson.jaxrs:jackson-jaxrs-yaml-provider:3.1.4'
2026-08-21T16:48:36.592-0300 [DEBUG] [io.spring.gradle.dependencymanagement.internal.VersionConfiguringAction] Processing requested dependency 'tools.jackson.jakarta.rs:jackson-jakarta-rs-base:3.1.4' with target 'tools.jackson.jakarta.rs:jackson-jakarta-rs-base:3.1.4
2026-08-21T16:48:36.592-0300 [DEBUG] [io.spring.gradle.dependencymanagement.internal.DependencyManagementContainer] Found managed version '3.1.4' for dependency 'tools.jackson.jakarta.rs:jackson-jakarta-rs-base' in global dependency management
2026-08-21T16:48:36.592-0300 [DEBUG] [io.spring.gradle.dependencymanagement.internal.VersionConfiguringAction] Using version '3.1.4' for dependency 'tools.jackson.jakarta.rs:jackson-jakarta-rs-base:3.1.4'
2026-08-21T16:48:36.592-0300 [DEBUG] [io.spring.gradle.dependencymanagement.internal.VersionConfiguringAction] Processing requested dependency 'tools.jackson.jakarta.rs:jackson-jakarta-rs-cbor-provider:3.1.4' with target 'tools.jackson.jakarta.rs:jackson-jakarta-rs-cbor-provider:3.1.4
2026-08-21T16:48:36.592-0300 [DEBUG] [io.spring.gradle.dependencymanagement.internal.DependencyManagementContainer] Found managed version '3.1.4' for dependency 'tools.jackson.jakarta.rs:jackson-jakarta-rs-cbor-provider' in global dependency management
2026-08-21T16:48:36.592-0300 [DEBUG] [io.spring.gradle.dependencymanagement.internal.VersionConfiguringAction] Using version '3.1.4' for dependency 'tools.jackson.jakarta.rs:jackson-jakarta-rs-cbor-provider:3.1.4'
2026-08-21T16:48:36.592-0300 [DEBUG] [io.spring.gradle.dependencymanagement.internal.VersionConfiguringAction] Processing requested dependency 'tools.jackson.jakarta.rs:jackson-jakarta-rs-json-provider:3.1.4' with target 'tools.jackson.jakarta.rs:jackson-jakarta-rs-json-provider:3.1.4
2026-08-21T16:48:36.592-0300 [DEBUG] [io.spring.gradle.dependencymanagement.internal.DependencyManagementContainer] Found managed version '3.1.4' for dependency 'tools.jackson.jakarta.rs:jackson-jakarta-rs-json-provider' in global dependency management
2026-08-21T16:48:36.592-0300 [DEBUG] [io.spring.gradle.dependencymanagement.internal.VersionConfiguringAction] Using version '3.1.4' for dependency 'tools.jackson.jakarta.rs:jackson-jakarta-rs-json-provider:3.1.4'
2026-08-21T16:48:36.592-0300 [DEBUG] [io.spring.gradle.dependencymanagement.internal.VersionConfiguringAction] Processing requested dependency 'tools.jackson.jakarta.rs:jackson-jakarta-rs-smile-provider:3.1.4' with target 'tools.jackson.jakarta.rs:jackson-jakarta-rs-smile-provider:3.1.4
2026-08-21T16:48:36.592-0300 [DEBUG] [io.spring.gradle.dependencymanagement.internal.DependencyManagementContainer] Found managed version '3.1.4' for dependency 'tools.jackson.jakarta.rs:jackson-jakarta-rs-smile-provider' in global dependency management
2026-08-21T16:48:36.592-0300 [DEBUG] [io.spring.gradle.dependencymanagement.internal.VersionConfiguringAction] Using version '3.1.4' for dependency 'tools.jackson.jakarta.rs:jackson-jakarta-rs-smile-provider:3.1.4'
2026-08-21T16:48:36.592-0300 [DEBUG] [io.spring.gradle.dependencymanagement.internal.VersionConfiguringAction] Processing requested dependency 'tools.jackson.jakarta.rs:jackson-jakarta-rs-xml-provider:3.1.4' with target 'tools.jackson.jakarta.rs:jackson-jakarta-rs-xml-provider:3.1.4
2026-08-21T16:48:36.592-0300 [DEBUG] [io.spring.gradle.dependencymanagement.internal.DependencyManagementContainer] Found managed version '3.1.4' for dependency 'tools.jackson.jakarta.rs:jackson-jakarta-rs-xml-provider' in global dependency management
2026-08-21T16:48:36.592-0300 [DEBUG] [io.spring.gradle.dependencymanagement.internal.VersionConfiguringAction] Using version '3.1.4' for dependency 'tools.jackson.jakarta.rs:jackson-jakarta-rs-xml-provider:3.1.4'
2026-08-21T16:48:36.592-0300 [DEBUG] [io.spring.gradle.dependencymanagement.internal.VersionConfiguringAction] Processing requested dependency 'tools.jackson.jakarta.rs:jackson-jakarta-rs-yaml-provider:3.1.4' with target 'tools.jackson.jakarta.rs:jackson-jakarta-rs-yaml-provider:3.1.4
2026-08-21T16:48:36.592-0300 [DEBUG] [io.spring.gradle.dependencymanagement.internal.DependencyManagementContainer] Found managed version '3.1.4' for dependency 'tools.jackson.jakarta.rs:jackson-jakarta-rs-yaml-provider' in global dependency management
2026-08-21T16:48:36.592-0300 [DEBUG] [io.spring.gradle.dependencymanagement.internal.VersionConfiguringAction] Using version '3.1.4' for dependency 'tools.jackson.jakarta.rs:jackson-jakarta-rs-yaml-provider:3.1.4'
2026-08-21T16:48:36.592-0300 [DEBUG] [io.spring.gradle.dependencymanagement.internal.VersionConfiguringAction] Processing requested dependency 'tools.jackson.jr:jackson-jr-all:3.1.4' with target 'tools.jackson.jr:jackson-jr-all:3.1.4
2026-08-21T16:48:36.592-0300 [DEBUG] [io.spring.gradle.dependencymanagement.internal.DependencyManagementContainer] Found managed version '3.1.4' for dependency 'tools.jackson.jr:jackson-jr-all' in global dependency management
2026-08-21T16:48:36.592-0300 [DEBUG] [io.spring.gradle.dependencymanagement.internal.VersionConfiguringAction] Using version '3.1.4' for dependency 'tools.jackson.jr:jackson-jr-all:3.1.4'
2026-08-21T16:48:36.592-0300 [DEBUG] [io.spring.gradle.dependencymanagement.internal.VersionConfiguringAction] Processing requested dependency 'tools.jackson.jr:jackson-jr-annotation-support:3.1.4' with target 'tools.jackson.jr:jackson-jr-annotation-support:3.1.4
2026-08-21T16:48:36.592-0300 [DEBUG] [io.spring.gradle.dependencymanagement.internal.DependencyManagementContainer] Found managed version '3.1.4' for dependency 'tools.jackson.jr:jackson-jr-annotation-support' in global dependency management
2026-08-21T16:48:36.592-0300 [DEBUG] [io.spring.gradle.dependencymanagement.internal.VersionConfiguringAction] Using version '3.1.4' for dependency 'tools.jackson.jr:jackson-jr-annotation-support:3.1.4'
2026-08-21T16:48:36.592-0300 [DEBUG] [io.spring.gradle.dependencymanagement.internal.VersionConfiguringAction] Processing requested dependency 'tools.jackson.jr:jackson-jr-extension-javatime:3.1.4' with target 'tools.jackson.jr:jackson-jr-extension-javatime:3.1.4
2026-08-21T16:48:36.592-0300 [DEBUG] [io.spring.gradle.dependencymanagement.internal.DependencyManagementContainer] Found managed version '3.1.4' for dependency 'tools.jackson.jr:jackson-jr-extension-javatime' in global dependency management
2026-08-21T16:48:36.592-0300 [DEBUG] [io.spring.gradle.dependencymanagement.internal.VersionConfiguringAction] Using version '3.1.4' for dependency 'tools.jackson.jr:jackson-jr-extension-javatime:3.1.4'
2026-08-21T16:48:36.592-0300 [DEBUG] [io.spring.gradle.dependencymanagement.internal.VersionConfiguringAction] Processing requested dependency 'tools.jackson.jr:jackson-jr-objects:3.1.4' with target 'tools.jackson.jr:jackson-jr-objects:3.1.4
2026-08-21T16:48:36.592-0300 [DEBUG] [io.spring.gradle.dependencymanagement.internal.DependencyManagementContainer] Found managed version '3.1.4' for dependency 'tools.jackson.jr:jackson-jr-objects' in global dependency management
2026-08-21T16:48:36.592-0300 [DEBUG] [io.spring.gradle.dependencymanagement.internal.VersionConfiguringAction] Using version '3.1.4' for dependency 'tools.jackson.jr:jackson-jr-objects:3.1.4'
2026-08-21T16:48:36.593-0300 [DEBUG] [io.spring.gradle.dependencymanagement.internal.VersionConfiguringAction] Processing requested dependency 'tools.jackson.jr:jackson-jr-retrofit2:3.1.4' with target 'tools.jackson.jr:jackson-jr-retrofit2:3.1.4
2026-08-21T16:48:36.593-0300 [DEBUG] [io.spring.gradle.dependencymanagement.internal.DependencyManagementContainer] Found managed version '3.1.4' for dependency 'tools.jackson.jr:jackson-jr-retrofit2' in global dependency management
2026-08-21T16:48:36.593-0300 [DEBUG] [io.spring.gradle.dependencymanagement.internal.VersionConfiguringAction] Using version '3.1.4' for dependency 'tools.jackson.jr:jackson-jr-retrofit2:3.1.4'
2026-08-21T16:48:36.593-0300 [DEBUG] [io.spring.gradle.dependencymanagement.internal.VersionConfiguringAction] Processing requested dependency 'tools.jackson.jr:jackson-jr-stree:3.1.4' with target 'tools.jackson.jr:jackson-jr-stree:3.1.4
2026-08-21T16:48:36.593-0300 [DEBUG] [io.spring.gradle.dependencymanagement.internal.DependencyManagementContainer] Found managed version '3.1.4' for dependency 'tools.jackson.jr:jackson-jr-stree' in global dependency management
2026-08-21T16:48:36.593-0300 [DEBUG] [io.spring.gradle.dependencymanagement.internal.VersionConfiguringAction] Using version '3.1.4' for dependency 'tools.jackson.jr:jackson-jr-stree:3.1.4'
2026-08-21T16:48:36.593-0300 [DEBUG] [io.spring.gradle.dependencymanagement.internal.VersionConfiguringAction] Processing requested dependency 'tools.jackson.module:jackson-module-afterburner:3.1.4' with target 'tools.jackson.module:jackson-module-afterburner:3.1.4
2026-08-21T16:48:36.593-0300 [DEBUG] [io.spring.gradle.dependencymanagement.internal.DependencyManagementContainer] Found managed version '3.1.4' for dependency 'tools.jackson.module:jackson-module-afterburner' in global dependency management
2026-08-21T16:48:36.593-0300 [DEBUG] [io.spring.gradle.dependencymanagement.internal.VersionConfiguringAction] Using version '3.1.4' for dependency 'tools.jackson.module:jackson-module-afterburner:3.1.4'
2026-08-21T16:48:36.593-0300 [DEBUG] [io.spring.gradle.dependencymanagement.internal.VersionConfiguringAction] Processing requested dependency 'tools.jackson.module:jackson-module-android-record:3.1.4' with target 'tools.jackson.module:jackson-module-android-record:3.1.4
2026-08-21T16:48:36.593-0300 [DEBUG] [io.spring.gradle.dependencymanagement.internal.DependencyManagementContainer] Found managed version '3.1.4' for dependency 'tools.jackson.module:jackson-module-android-record' in global dependency management
2026-08-21T16:48:36.593-0300 [DEBUG] [io.spring.gradle.dependencymanagement.internal.VersionConfiguringAction] Using version '3.1.4' for dependency 'tools.jackson.module:jackson-module-android-record:3.1.4'
2026-08-21T16:48:36.593-0300 [DEBUG] [io.spring.gradle.dependencymanagement.internal.VersionConfiguringAction] Processing requested dependency 'tools.jackson.module:jackson-module-blackbird:3.1.4' with target 'tools.jackson.module:jackson-module-blackbird:3.1.4
2026-08-21T16:48:36.593-0300 [DEBUG] [io.spring.gradle.dependencymanagement.internal.DependencyManagementContainer] Found managed version '3.1.4' for dependency 'tools.jackson.module:jackson-module-blackbird' in global dependency management
2026-08-21T16:48:36.593-0300 [DEBUG] [io.spring.gradle.dependencymanagement.internal.VersionConfiguringAction] Using version '3.1.4' for dependency 'tools.jackson.module:jackson-module-blackbird:3.1.4'
2026-08-21T16:48:36.593-0300 [DEBUG] [io.spring.gradle.dependencymanagement.internal.VersionConfiguringAction] Processing requested dependency 'tools.jackson.module:jackson-module-guice:3.1.4' with target 'tools.jackson.module:jackson-module-guice:3.1.4
2026-08-21T16:48:36.593-0300 [DEBUG] [io.spring.gradle.dependencymanagement.internal.DependencyManagementContainer] Found managed version '3.1.4' for dependency 'tools.jackson.module:jackson-module-guice' in global dependency management
2026-08-21T16:48:36.593-0300 [DEBUG] [io.spring.gradle.dependencymanagement.internal.VersionConfiguringAction] Using version '3.1.4' for dependency 'tools.jackson.module:jackson-module-guice:3.1.4'
2026-08-21T16:48:36.593-0300 [DEBUG] [io.spring.gradle.dependencymanagement.internal.VersionConfiguringAction] Processing requested dependency 'tools.jackson.module:jackson-module-guice7:3.1.4' with target 'tools.jackson.module:jackson-module-guice7:3.1.4
2026-08-21T16:48:36.593-0300 [DEBUG] [io.spring.gradle.dependencymanagement.internal.DependencyManagementContainer] Found managed version '3.1.4' for dependency 'tools.jackson.module:jackson-module-guice7' in global dependency management
2026-08-21T16:48:36.593-0300 [DEBUG] [io.spring.gradle.dependencymanagement.internal.VersionConfiguringAction] Using version '3.1.4' for dependency 'tools.jackson.module:jackson-module-guice7:3.1.4'
2026-08-21T16:48:36.594-0300 [DEBUG] [io.spring.gradle.dependencymanagement.internal.VersionConfiguringAction] Processing requested dependency 'tools.jackson.module:jackson-module-jaxb-annotations:3.1.4' with target 'tools.jackson.module:jackson-module-jaxb-annotations:3.1.4
2026-08-21T16:48:36.594-0300 [DEBUG] [io.spring.gradle.dependencymanagement.internal.DependencyManagementContainer] Found managed version '3.1.4' for dependency 'tools.jackson.module:jackson-module-jaxb-annotations' in global dependency management
2026-08-21T16:48:36.594-0300 [DEBUG] [io.spring.gradle.dependencymanagement.internal.VersionConfiguringAction] Using version '3.1.4' for dependency 'tools.jackson.module:jackson-module-jaxb-annotations:3.1.4'
2026-08-21T16:48:36.594-0300 [DEBUG] [io.spring.gradle.dependencymanagement.internal.VersionConfiguringAction] Processing requested dependency 'tools.jackson.module:jackson-module-jakarta-xmlbind-annotations:3.1.4' with target 'tools.jackson.module:jackson-module-jakarta-xmlbind-annotations:3.1.4
2026-08-21T16:48:36.594-0300 [DEBUG] [io.spring.gradle.dependencymanagement.internal.DependencyManagementContainer] Found managed version '3.1.4' for dependency 'tools.jackson.module:jackson-module-jakarta-xmlbind-annotations' in global dependency management
2026-08-21T16:48:36.594-0300 [DEBUG] [io.spring.gradle.dependencymanagement.internal.VersionConfiguringAction] Using version '3.1.4' for dependency 'tools.jackson.module:jackson-module-jakarta-xmlbind-annotations:3.1.4'
2026-08-21T16:48:36.594-0300 [DEBUG] [io.spring.gradle.dependencymanagement.internal.VersionConfiguringAction] Processing requested dependency 'tools.jackson.module:jackson-module-jsonSchema:3.1.4' with target 'tools.jackson.module:jackson-module-jsonSchema:3.1.4
2026-08-21T16:48:36.594-0300 [DEBUG] [io.spring.gradle.dependencymanagement.internal.DependencyManagementContainer] Found managed version '3.1.4' for dependency 'tools.jackson.module:jackson-module-jsonSchema' in global dependency management
2026-08-21T16:48:36.594-0300 [DEBUG] [io.spring.gradle.dependencymanagement.internal.VersionConfiguringAction] Using version '3.1.4' for dependency 'tools.jackson.module:jackson-module-jsonSchema:3.1.4'
2026-08-21T16:48:36.594-0300 [DEBUG] [io.spring.gradle.dependencymanagement.internal.VersionConfiguringAction] Processing requested dependency 'tools.jackson.module:jackson-module-jsonSchema-jakarta:3.1.4' with target 'tools.jackson.module:jackson-module-jsonSchema-jakarta:3.1.4
2026-08-21T16:48:36.594-0300 [DEBUG] [io.spring.gradle.dependencymanagement.internal.DependencyManagementContainer] Found managed version '3.1.4' for dependency 'tools.jackson.module:jackson-module-jsonSchema-jakarta' in global dependency management
2026-08-21T16:48:36.594-0300 [DEBUG] [io.spring.gradle.dependencymanagement.internal.VersionConfiguringAction] Using version '3.1.4' for dependency 'tools.jackson.module:jackson-module-jsonSchema-jakarta:3.1.4'
2026-08-21T16:48:36.594-0300 [DEBUG] [io.spring.gradle.dependencymanagement.internal.VersionConfiguringAction] Processing requested dependency 'tools.jackson.module:jackson-module-kotlin:3.1.4' with target 'tools.jackson.module:jackson-module-kotlin:3.1.4
2026-08-21T16:48:36.594-0300 [DEBUG] [io.spring.gradle.dependencymanagement.internal.DependencyManagementContainer] Found managed version '3.1.4' for dependency 'tools.jackson.module:jackson-module-kotlin' in global dependency management
2026-08-21T16:48:36.594-0300 [DEBUG] [io.spring.gradle.dependencymanagement.internal.VersionConfiguringAction] Using version '3.1.4' for dependency 'tools.jackson.module:jackson-module-kotlin:3.1.4'
2026-08-21T16:48:36.594-0300 [DEBUG] [io.spring.gradle.dependencymanagement.internal.VersionConfiguringAction] Processing requested dependency 'tools.jackson.module:jackson-module-mrbean:3.1.4' with target 'tools.jackson.module:jackson-module-mrbean:3.1.4
2026-08-21T16:48:36.594-0300 [DEBUG] [io.spring.gradle.dependencymanagement.internal.DependencyManagementContainer] Found managed version '3.1.4' for dependency 'tools.jackson.module:jackson-module-mrbean' in global dependency management
2026-08-21T16:48:36.594-0300 [DEBUG] [io.spring.gradle.dependencymanagement.internal.VersionConfiguringAction] Using version '3.1.4' for dependency 'tools.jackson.module:jackson-module-mrbean:3.1.4'
2026-08-21T16:48:36.594-0300 [DEBUG] [io.spring.gradle.dependencymanagement.internal.VersionConfiguringAction] Processing requested dependency 'tools.jackson.module:jackson-module-no-ctor-deser:3.1.4' with target 'tools.jackson.module:jackson-module-no-ctor-deser:3.1.4
2026-08-21T16:48:36.594-0300 [DEBUG] [io.spring.gradle.dependencymanagement.internal.DependencyManagementContainer] Found managed version '3.1.4' for dependency 'tools.jackson.module:jackson-module-no-ctor-deser' in global dependency management
2026-08-21T16:48:36.594-0300 [DEBUG] [io.spring.gradle.dependencymanagement.internal.VersionConfiguringAction] Using version '3.1.4' for dependency 'tools.jackson.module:jackson-module-no-ctor-deser:3.1.4'
2026-08-21T16:48:36.594-0300 [DEBUG] [io.spring.gradle.dependencymanagement.internal.VersionConfiguringAction] Processing requested dependency 'tools.jackson.module:jackson-module-osgi:3.1.4' with target 'tools.jackson.module:jackson-module-osgi:3.1.4
2026-08-21T16:48:36.594-0300 [DEBUG] [io.spring.gradle.dependencymanagement.internal.DependencyManagementContainer] Found managed version '3.1.4' for dependency 'tools.jackson.module:jackson-module-osgi' in global dependency management
2026-08-21T16:48:36.594-0300 [DEBUG] [io.spring.gradle.dependencymanagement.internal.VersionConfiguringAction] Using version '3.1.4' for dependency 'tools.jackson.module:jackson-module-osgi:3.1.4'
2026-08-21T16:48:36.594-0300 [DEBUG] [io.spring.gradle.dependencymanagement.internal.VersionConfiguringAction] Processing requested dependency 'tools.jackson.module:jackson-module-scala_2.12:3.1.4' with target 'tools.jackson.module:jackson-module-scala_2.12:3.1.4
2026-08-21T16:48:36.594-0300 [DEBUG] [io.spring.gradle.dependencymanagement.internal.DependencyManagementContainer] Found managed version '3.1.4' for dependency 'tools.jackson.module:jackson-module-scala_2.12' in global dependency management
2026-08-21T16:48:36.594-0300 [DEBUG] [io.spring.gradle.dependencymanagement.internal.VersionConfiguringAction] Using version '3.1.4' for dependency 'tools.jackson.module:jackson-module-scala_2.12:3.1.4'
2026-08-21T16:48:36.594-0300 [DEBUG] [io.spring.gradle.dependencymanagement.internal.VersionConfiguringAction] Processing requested dependency 'tools.jackson.module:jackson-module-scala_2.13:3.1.4' with target 'tools.jackson.module:jackson-module-scala_2.13:3.1.4
2026-08-21T16:48:36.594-0300 [DEBUG] [io.spring.gradle.dependencymanagement.internal.DependencyManagementContainer] Found managed version '3.1.4' for dependency 'tools.jackson.module:jackson-module-scala_2.13' in global dependency management
2026-08-21T16:48:36.594-0300 [DEBUG] [io.spring.gradle.dependencymanagement.internal.VersionConfiguringAction] Using version '3.1.4' for dependency 'tools.jackson.module:jackson-module-scala_2.13:3.1.4'
2026-08-21T16:48:36.594-0300 [DEBUG] [io.spring.gradle.dependencymanagement.internal.VersionConfiguringAction] Processing requested dependency 'tools.jackson.module:jackson-module-scala_3:3.1.4' with target 'tools.jackson.module:jackson-module-scala_3:3.1.4
2026-08-21T16:48:36.594-0300 [DEBUG] [io.spring.gradle.dependencymanagement.internal.DependencyManagementContainer] Found managed version '3.1.4' for dependency 'tools.jackson.module:jackson-module-scala_3' in global dependency management
2026-08-21T16:48:36.594-0300 [DEBUG] [io.spring.gradle.dependencymanagement.internal.VersionConfiguringAction] Using version '3.1.4' for dependency 'tools.jackson.module:jackson-module-scala_3:3.1.4'
2026-08-21T16:48:36.594-0300 [DEBUG] [io.spring.gradle.dependencymanagement.internal.VersionConfiguringAction] Processing requested dependency 'org.springframework.boot:spring-boot-netty:4.1.0' with target 'org.springframework.boot:spring-boot-netty:4.1.0
2026-08-21T16:48:36.594-0300 [DEBUG] [io.spring.gradle.dependencymanagement.internal.DependencyManagementContainer] Found managed version '4.1.0' for dependency 'org.springframework.boot:spring-boot-netty' in global dependency management
2026-08-21T16:48:36.594-0300 [DEBUG] [io.spring.gradle.dependencymanagement.internal.VersionConfiguringAction] Using version '4.1.0' for dependency 'org.springframework.boot:spring-boot-netty:4.1.0'
2026-08-21T16:48:36.594-0300 [DEBUG] [io.spring.gradle.dependencymanagement.internal.VersionConfiguringAction] Processing requested dependency 'io.lettuce:lettuce-core:7.5.2.RELEASE' with target 'io.lettuce:lettuce-core:7.5.2.RELEASE
2026-08-21T16:48:36.594-0300 [DEBUG] [io.spring.gradle.dependencymanagement.internal.DependencyManagementContainer] Found managed version '7.5.2.RELEASE' for dependency 'io.lettuce:lettuce-core' in global dependency management
2026-08-21T16:48:36.594-0300 [DEBUG] [io.spring.gradle.dependencymanagement.internal.VersionConfiguringAction] Using version '7.5.2.RELEASE' for dependency 'io.lettuce:lettuce-core:7.5.2.RELEASE'
2026-08-21T16:48:36.594-0300 [DEBUG] [io.spring.gradle.dependencymanagement.internal.VersionConfiguringAction] Processing requested dependency 'org.springframework.data:spring-data-redis:4.1.0' with target 'org.springframework.data:spring-data-redis:4.1.0
2026-08-21T16:48:36.594-0300 [DEBUG] [io.spring.gradle.dependencymanagement.internal.DependencyManagementContainer] Found managed version '4.1.0' for dependency 'org.springframework.data:spring-data-redis' in global dependency management
2026-08-21T16:48:36.594-0300 [DEBUG] [io.spring.gradle.dependencymanagement.internal.VersionConfiguringAction] Using version '4.1.0' for dependency 'org.springframework.data:spring-data-redis:4.1.0'
2026-08-21T16:48:36.595-0300 [DEBUG] [org.gradle.api.internal.artifacts.ivyservice.ivyresolve.RepositoryChainComponentMetaDataResolver] Attempting to resolve component for org.springframework.boot:spring-boot-netty:4.1.0 using repositories [MavenRepo]
2026-08-21T16:48:36.595-0300 [DEBUG] [org.gradle.api.internal.artifacts.ivyservice.ivyresolve.CachingModuleComponentRepository] Using cached module metadata for module 'org.springframework.boot:spring-boot-netty:4.1.0' in 'MavenRepo'
2026-08-21T16:48:36.595-0300 [DEBUG] [org.gradle.api.internal.artifacts.ivyservice.ivyresolve.RepositoryChainComponentMetaDataResolver] Using org.springframework.boot:spring-boot-netty:4.1.0 from org.gradle.api.internal.artifacts.ivyservice.ivyresolve.FilteredModuleComponentRepository@21db6d60
2026-08-21T16:48:36.595-0300 [DEBUG] [org.gradle.api.internal.artifacts.ivyservice.ivyresolve.RepositoryChainComponentMetaDataResolver] Attempting to resolve component for io.lettuce:lettuce-core:7.5.2.RELEASE using repositories [MavenRepo]
2026-08-21T16:48:36.595-0300 [DEBUG] [org.gradle.api.internal.artifacts.ivyservice.ivyresolve.CachingModuleComponentRepository] Using cached module metadata for module 'io.lettuce:lettuce-core:7.5.2.RELEASE' in 'MavenRepo'
2026-08-21T16:48:36.595-0300 [DEBUG] [org.gradle.api.internal.artifacts.ivyservice.ivyresolve.RepositoryChainComponentMetaDataResolver] Using io.lettuce:lettuce-core:7.5.2.RELEASE from org.gradle.api.internal.artifacts.ivyservice.ivyresolve.FilteredModuleComponentRepository@21db6d60
2026-08-21T16:48:36.595-0300 [DEBUG] [org.gradle.api.internal.artifacts.ivyservice.ivyresolve.RepositoryChainComponentMetaDataResolver] Attempting to resolve component for org.springframework.data:spring-data-redis:4.1.0 using repositories [MavenRepo]
2026-08-21T16:48:36.595-0300 [DEBUG] [org.gradle.api.internal.artifacts.ivyservice.ivyresolve.CachingModuleComponentRepository] Using cached module metadata for module 'org.springframework.data:spring-data-redis:4.1.0' in 'MavenRepo'
2026-08-21T16:48:36.595-0300 [DEBUG] [org.gradle.api.internal.artifacts.ivyservice.ivyresolve.RepositoryChainComponentMetaDataResolver] Using org.springframework.data:spring-data-redis:4.1.0 from org.gradle.api.internal.artifacts.ivyservice.ivyresolve.FilteredModuleComponentRepository@21db6d60
2026-08-21T16:48:36.595-0300 [DEBUG] [io.spring.gradle.dependencymanagement.internal.VersionConfiguringAction] Processing requested dependency 'org.springframework:spring-beans:7.0.8' with target 'org.springframework:spring-beans:7.0.8
2026-08-21T16:48:36.595-0300 [DEBUG] [io.spring.gradle.dependencymanagement.internal.DependencyManagementContainer] Found managed version '7.0.8' for dependency 'org.springframework:spring-beans' in global dependency management
2026-08-21T16:48:36.595-0300 [DEBUG] [io.spring.gradle.dependencymanagement.internal.VersionConfiguringAction] Using version '7.0.8' for dependency 'org.springframework:spring-beans:7.0.8'
2026-08-21T16:48:36.595-0300 [DEBUG] [org.gradle.api.internal.artifacts.ivyservice.ivyresolve.RepositoryChainComponentMetaDataResolver] Attempting to resolve component for org.springframework:spring-beans:7.0.8 using repositories [MavenRepo]
2026-08-21T16:48:36.595-0300 [DEBUG] [org.gradle.api.internal.artifacts.ivyservice.ivyresolve.CachingModuleComponentRepository] Using cached module metadata for module 'org.springframework:spring-beans:7.0.8' in 'MavenRepo'
2026-08-21T16:48:36.595-0300 [DEBUG] [org.gradle.api.internal.artifacts.ivyservice.ivyresolve.RepositoryChainComponentMetaDataResolver] Using org.springframework:spring-beans:7.0.8 from org.gradle.api.internal.artifacts.ivyservice.ivyresolve.FilteredModuleComponentRepository@21db6d60
2026-08-21T16:48:36.595-0300 [DEBUG] [io.spring.gradle.dependencymanagement.internal.VersionConfiguringAction] Processing requested dependency 'org.springframework:spring-context:7.0.8' with target 'org.springframework:spring-context:7.0.8
2026-08-21T16:48:36.595-0300 [DEBUG] [io.spring.gradle.dependencymanagement.internal.DependencyManagementContainer] Found managed version '7.0.8' for dependency 'org.springframework:spring-context' in global dependency management
2026-08-21T16:48:36.595-0300 [DEBUG] [io.spring.gradle.dependencymanagement.internal.VersionConfiguringAction] Using version '7.0.8' for dependency 'org.springframework:spring-context:7.0.8'
2026-08-21T16:48:36.595-0300 [DEBUG] [org.gradle.api.internal.artifacts.ivyservice.ivyresolve.RepositoryChainComponentMetaDataResolver] Attempting to resolve component for org.springframework:spring-context:7.0.8 using repositories [MavenRepo]
2026-08-21T16:48:36.595-0300 [DEBUG] [org.gradle.api.internal.artifacts.ivyservice.ivyresolve.CachingModuleComponentRepository] Using cached module metadata for module 'org.springframework:spring-context:7.0.8' in 'MavenRepo'
2026-08-21T16:48:36.595-0300 [DEBUG] [org.gradle.api.internal.artifacts.ivyservice.ivyresolve.RepositoryChainComponentMetaDataResolver] Using org.springframework:spring-context:7.0.8 from org.gradle.api.internal.artifacts.ivyservice.ivyresolve.FilteredModuleComponentRepository@21db6d60
2026-08-21T16:48:36.595-0300 [DEBUG] [io.spring.gradle.dependencymanagement.internal.VersionConfiguringAction] Processing requested dependency 'org.ow2.asm:asm:9.7.1' with target 'org.ow2.asm:asm:9.7.1
2026-08-21T16:48:36.595-0300 [DEBUG] [io.spring.gradle.dependencymanagement.internal.VersionConfiguringAction] No dependency management for dependency 'org.ow2.asm:asm:9.7.1'
2026-08-21T16:48:36.595-0300 [DEBUG] [org.gradle.api.internal.artifacts.ivyservice.ivyresolve.RepositoryChainComponentMetaDataResolver] Attempting to resolve component for org.ow2.asm:asm:9.7.1 using repositories [MavenRepo]
2026-08-21T16:48:36.595-0300 [DEBUG] [org.gradle.api.internal.artifacts.ivyservice.ivyresolve.CachingModuleComponentRepository] Using cached module metadata for module 'org.ow2.asm:asm:9.7.1' in 'MavenRepo'
2026-08-21T16:48:36.595-0300 [DEBUG] [org.gradle.api.internal.artifacts.ivyservice.ivyresolve.RepositoryChainComponentMetaDataResolver] Using org.ow2.asm:asm:9.7.1 from org.gradle.api.internal.artifacts.ivyservice.ivyresolve.FilteredModuleComponentRepository@21db6d60
2026-08-21T16:48:36.595-0300 [DEBUG] [io.spring.gradle.dependencymanagement.internal.VersionConfiguringAction] Processing requested dependency 'org.opentest4j:opentest4j:1.3.0' with target 'org.opentest4j:opentest4j:1.3.0
2026-08-21T16:48:36.595-0300 [DEBUG] [io.spring.gradle.dependencymanagement.internal.VersionConfiguringAction] No dependency management for dependency 'org.opentest4j:opentest4j:1.3.0'
2026-08-21T16:48:36.596-0300 [DEBUG] [org.gradle.api.internal.artifacts.ivyservice.ivyresolve.RepositoryChainComponentMetaDataResolver] Attempting to resolve component for org.opentest4j:opentest4j:1.3.0 using repositories [MavenRepo]
2026-08-21T16:48:36.596-0300 [DEBUG] [org.gradle.api.internal.artifacts.ivyservice.ivyresolve.CachingModuleComponentRepository] Using cached module metadata for module 'org.opentest4j:opentest4j:1.3.0' in 'MavenRepo'
2026-08-21T16:48:36.596-0300 [DEBUG] [org.gradle.api.internal.artifacts.ivyservice.ivyresolve.RepositoryChainComponentMetaDataResolver] Using org.opentest4j:opentest4j:1.3.0 from org.gradle.api.internal.artifacts.ivyservice.ivyresolve.FilteredModuleComponentRepository@21db6d60
2026-08-21T16:48:36.596-0300 [DEBUG] [org.gradle.api.internal.artifacts.ivyservice.ivyresolve.RepositoryChainComponentMetaDataResolver] Attempting to resolve component for org.junit.platform:junit-platform-commons:6.0.3 using repositories [MavenRepo]
2026-08-21T16:48:36.596-0300 [DEBUG] [org.gradle.api.internal.artifacts.ivyservice.ivyresolve.CachingModuleComponentRepository] Using cached module metadata for module 'org.junit.platform:junit-platform-commons:6.0.3' in 'MavenRepo'
2026-08-21T16:48:36.596-0300 [DEBUG] [org.gradle.api.internal.artifacts.ivyservice.ivyresolve.RepositoryChainComponentMetaDataResolver] Using org.junit.platform:junit-platform-commons:6.0.3 from org.gradle.api.internal.artifacts.ivyservice.ivyresolve.FilteredModuleComponentRepository@21db6d60
2026-08-21T16:48:36.596-0300 [DEBUG] [io.spring.gradle.dependencymanagement.internal.VersionConfiguringAction] Processing requested dependency 'ch.qos.logback:logback-core:1.5.34' with target 'ch.qos.logback:logback-core:1.5.34
2026-08-21T16:48:36.596-0300 [DEBUG] [io.spring.gradle.dependencymanagement.internal.DependencyManagementContainer] Found managed version '1.5.34' for dependency 'ch.qos.logback:logback-core' in global dependency management
2026-08-21T16:48:36.596-0300 [DEBUG] [io.spring.gradle.dependencymanagement.internal.VersionConfiguringAction] Using version '1.5.34' for dependency 'ch.qos.logback:logback-core:1.5.34'
2026-08-21T16:48:36.596-0300 [DEBUG] [org.gradle.api.internal.artifacts.ivyservice.ivyresolve.RepositoryChainComponentMetaDataResolver] Attempting to resolve component for ch.qos.logback:logback-core:1.5.34 using repositories [MavenRepo]
2026-08-21T16:48:36.596-0300 [DEBUG] [org.gradle.api.internal.artifacts.ivyservice.ivyresolve.CachingModuleComponentRepository] Using cached module metadata for module 'ch.qos.logback:logback-core:1.5.34' in 'MavenRepo'
2026-08-21T16:48:36.596-0300 [DEBUG] [org.gradle.api.internal.artifacts.ivyservice.ivyresolve.RepositoryChainComponentMetaDataResolver] Using ch.qos.logback:logback-core:1.5.34 from org.gradle.api.internal.artifacts.ivyservice.ivyresolve.FilteredModuleComponentRepository@21db6d60
2026-08-21T16:48:36.596-0300 [DEBUG] [io.spring.gradle.dependencymanagement.internal.VersionConfiguringAction] Processing requested dependency 'org.apache.logging.log4j:log4j-api:2.25.4' with target 'org.apache.logging.log4j:log4j-api:2.25.4
2026-08-21T16:48:36.596-0300 [DEBUG] [io.spring.gradle.dependencymanagement.internal.DependencyManagementContainer] Found managed version '2.25.4' for dependency 'org.apache.logging.log4j:log4j-api' in global dependency management
2026-08-21T16:48:36.596-0300 [DEBUG] [io.spring.gradle.dependencymanagement.internal.VersionConfiguringAction] Using version '2.25.4' for dependency 'org.apache.logging.log4j:log4j-api:2.25.4'
2026-08-21T16:48:36.596-0300 [DEBUG] [org.gradle.api.internal.artifacts.ivyservice.ivyresolve.RepositoryChainComponentMetaDataResolver] Attempting to resolve component for org.apache.logging.log4j:log4j-api:2.25.4 using repositories [MavenRepo]
2026-08-21T16:48:36.596-0300 [DEBUG] [org.gradle.api.internal.artifacts.ivyservice.ivyresolve.CachingModuleComponentRepository] Using cached module metadata for module 'org.apache.logging.log4j:log4j-api:2.25.4' in 'MavenRepo'
2026-08-21T16:48:36.596-0300 [DEBUG] [org.gradle.api.internal.artifacts.ivyservice.ivyresolve.RepositoryChainComponentMetaDataResolver] Using org.apache.logging.log4j:log4j-api:2.25.4 from org.gradle.api.internal.artifacts.ivyservice.ivyresolve.FilteredModuleComponentRepository@21db6d60
2026-08-21T16:48:36.596-0300 [DEBUG] [io.spring.gradle.dependencymanagement.internal.VersionConfiguringAction] Processing requested dependency 'org.slf4j:slf4j-api:2.0.18' with target 'org.slf4j:slf4j-api:2.0.18
2026-08-21T16:48:36.596-0300 [DEBUG] [io.spring.gradle.dependencymanagement.internal.DependencyManagementContainer] Found managed version '2.0.18' for dependency 'org.slf4j:slf4j-api' in global dependency management
2026-08-21T16:48:36.596-0300 [DEBUG] [io.spring.gradle.dependencymanagement.internal.VersionConfiguringAction] Using version '2.0.18' for dependency 'org.slf4j:slf4j-api:2.0.18'
2026-08-21T16:48:36.596-0300 [DEBUG] [io.spring.gradle.dependencymanagement.internal.VersionConfiguringAction] Processing requested dependency 'org.springframework.boot:spring-boot-web-server:4.1.0' with target 'org.springframework.boot:spring-boot-web-server:4.1.0
2026-08-21T16:48:36.596-0300 [DEBUG] [io.spring.gradle.dependencymanagement.internal.DependencyManagementContainer] Found managed version '4.1.0' for dependency 'org.springframework.boot:spring-boot-web-server' in global dependency management
2026-08-21T16:48:36.596-0300 [DEBUG] [io.spring.gradle.dependencymanagement.internal.VersionConfiguringAction] Using version '4.1.0' for dependency 'org.springframework.boot:spring-boot-web-server:4.1.0'
2026-08-21T16:48:36.596-0300 [DEBUG] [io.spring.gradle.dependencymanagement.internal.VersionConfiguringAction] Processing requested dependency 'org.apache.tomcat.embed:tomcat-embed-core:11.0.22' with target 'org.apache.tomcat.embed:tomcat-embed-core:11.0.22
2026-08-21T16:48:36.596-0300 [DEBUG] [io.spring.gradle.dependencymanagement.internal.DependencyManagementContainer] Found managed version '11.0.22' for dependency 'org.apache.tomcat.embed:tomcat-embed-core' in global dependency management
2026-08-21T16:48:36.596-0300 [DEBUG] [io.spring.gradle.dependencymanagement.internal.VersionConfiguringAction] Using version '11.0.22' for dependency 'org.apache.tomcat.embed:tomcat-embed-core:11.0.22'
2026-08-21T16:48:36.596-0300 [DEBUG] [io.spring.gradle.dependencymanagement.internal.VersionConfiguringAction] Processing requested dependency 'org.apache.tomcat.embed:tomcat-embed-el:11.0.22' with target 'org.apache.tomcat.embed:tomcat-embed-el:11.0.22
2026-08-21T16:48:36.596-0300 [DEBUG] [io.spring.gradle.dependencymanagement.internal.DependencyManagementContainer] Found managed version '11.0.22' for dependency 'org.apache.tomcat.embed:tomcat-embed-el' in global dependency management
2026-08-21T16:48:36.596-0300 [DEBUG] [io.spring.gradle.dependencymanagement.internal.VersionConfiguringAction] Using version '11.0.22' for dependency 'org.apache.tomcat.embed:tomcat-embed-el:11.0.22'
2026-08-21T16:48:36.596-0300 [DEBUG] [io.spring.gradle.dependencymanagement.internal.VersionConfiguringAction] Processing requested dependency 'org.apache.tomcat.embed:tomcat-embed-websocket:11.0.22' with target 'org.apache.tomcat.embed:tomcat-embed-websocket:11.0.22
2026-08-21T16:48:36.596-0300 [DEBUG] [io.spring.gradle.dependencymanagement.internal.DependencyManagementContainer] Found managed version '11.0.22' for dependency 'org.apache.tomcat.embed:tomcat-embed-websocket' in global dependency management
2026-08-21T16:48:36.596-0300 [DEBUG] [io.spring.gradle.dependencymanagement.internal.VersionConfiguringAction] Using version '11.0.22' for dependency 'org.apache.tomcat.embed:tomcat-embed-websocket:11.0.22'
2026-08-21T16:48:36.596-0300 [DEBUG] [org.gradle.api.internal.artifacts.ivyservice.ivyresolve.RepositoryChainComponentMetaDataResolver] Attempting to resolve component for org.springframework.boot:spring-boot-web-server:4.1.0 using repositories [MavenRepo]
2026-08-21T16:48:36.596-0300 [DEBUG] [org.gradle.api.internal.artifacts.ivyservice.ivyresolve.CachingModuleComponentRepository] Using cached module metadata for module 'org.springframework.boot:spring-boot-web-server:4.1.0' in 'MavenRepo'
2026-08-21T16:48:36.596-0300 [DEBUG] [org.gradle.api.internal.artifacts.ivyservice.ivyresolve.RepositoryChainComponentMetaDataResolver] Using org.springframework.boot:spring-boot-web-server:4.1.0 from org.gradle.api.internal.artifacts.ivyservice.ivyresolve.FilteredModuleComponentRepository@21db6d60
2026-08-21T16:48:36.596-0300 [DEBUG] [org.gradle.api.internal.artifacts.ivyservice.ivyresolve.RepositoryChainComponentMetaDataResolver] Attempting to resolve component for org.apache.tomcat.embed:tomcat-embed-core:11.0.22 using repositories [MavenRepo]
2026-08-21T16:48:36.596-0300 [DEBUG] [org.gradle.api.internal.artifacts.ivyservice.ivyresolve.CachingModuleComponentRepository] Using cached module metadata for module 'org.apache.tomcat.embed:tomcat-embed-core:11.0.22' in 'MavenRepo'
2026-08-21T16:48:36.596-0300 [DEBUG] [org.gradle.api.internal.artifacts.ivyservice.ivyresolve.RepositoryChainComponentMetaDataResolver] Using org.apache.tomcat.embed:tomcat-embed-core:11.0.22 from org.gradle.api.internal.artifacts.ivyservice.ivyresolve.FilteredModuleComponentRepository@21db6d60
2026-08-21T16:48:36.596-0300 [DEBUG] [org.gradle.api.internal.artifacts.ivyservice.ivyresolve.RepositoryChainComponentMetaDataResolver] Attempting to resolve component for org.apache.tomcat.embed:tomcat-embed-el:11.0.22 using repositories [MavenRepo]
2026-08-21T16:48:36.596-0300 [DEBUG] [org.gradle.api.internal.artifacts.ivyservice.ivyresolve.CachingModuleComponentRepository] Using cached module metadata for module 'org.apache.tomcat.embed:tomcat-embed-el:11.0.22' in 'MavenRepo'
2026-08-21T16:48:36.596-0300 [DEBUG] [org.gradle.api.internal.artifacts.ivyservice.ivyresolve.RepositoryChainComponentMetaDataResolver] Using org.apache.tomcat.embed:tomcat-embed-el:11.0.22 from org.gradle.api.internal.artifacts.ivyservice.ivyresolve.FilteredModuleComponentRepository@21db6d60
2026-08-21T16:48:36.596-0300 [DEBUG] [org.gradle.api.internal.artifacts.ivyservice.ivyresolve.RepositoryChainComponentMetaDataResolver] Attempting to resolve component for org.apache.tomcat.embed:tomcat-embed-websocket:11.0.22 using repositories [MavenRepo]
2026-08-21T16:48:36.596-0300 [DEBUG] [org.gradle.api.internal.artifacts.ivyservice.ivyresolve.CachingModuleComponentRepository] Using cached module metadata for module 'org.apache.tomcat.embed:tomcat-embed-websocket:11.0.22' in 'MavenRepo'
2026-08-21T16:48:36.596-0300 [DEBUG] [org.gradle.api.internal.artifacts.ivyservice.ivyresolve.RepositoryChainComponentMetaDataResolver] Using org.apache.tomcat.embed:tomcat-embed-websocket:11.0.22 from org.gradle.api.internal.artifacts.ivyservice.ivyresolve.FilteredModuleComponentRepository@21db6d60
2026-08-21T16:48:36.596-0300 [DEBUG] [io.spring.gradle.dependencymanagement.internal.VersionConfiguringAction] Processing requested dependency 'io.micrometer:micrometer-observation:1.16.6' with target 'io.micrometer:micrometer-observation:1.16.6
2026-08-21T16:48:36.597-0300 [DEBUG] [io.spring.gradle.dependencymanagement.internal.DependencyManagementContainer] Found managed version '1.17.0' for dependency 'io.micrometer:micrometer-observation' in global dependency management
2026-08-21T16:48:36.597-0300 [DEBUG] [io.spring.gradle.dependencymanagement.internal.VersionConfiguringAction] Using version '1.17.0' for dependency 'io.micrometer:micrometer-observation:1.16.6'
2026-08-21T16:48:36.597-0300 [DEBUG] [org.gradle.api.internal.artifacts.ivyservice.ivyresolve.RepositoryChainComponentMetaDataResolver] Attempting to resolve component for io.micrometer:micrometer-observation:1.17.0 using repositories [MavenRepo]
2026-08-21T16:48:36.597-0300 [DEBUG] [org.gradle.api.internal.artifacts.ivyservice.ivyresolve.CachingModuleComponentRepository] Using cached module metadata for module 'io.micrometer:micrometer-observation:1.17.0' in 'MavenRepo'
2026-08-21T16:48:36.597-0300 [DEBUG] [org.gradle.api.internal.artifacts.ivyservice.ivyresolve.RepositoryChainComponentMetaDataResolver] Using io.micrometer:micrometer-observation:1.17.0 from org.gradle.api.internal.artifacts.ivyservice.ivyresolve.FilteredModuleComponentRepository@21db6d60
2026-08-21T16:48:36.597-0300 [DEBUG] [io.spring.gradle.dependencymanagement.internal.VersionConfiguringAction] Processing requested dependency 'org.springframework:spring-aop:7.0.8' with target 'org.springframework:spring-aop:7.0.8
2026-08-21T16:48:36.597-0300 [DEBUG] [io.spring.gradle.dependencymanagement.internal.DependencyManagementContainer] Found managed version '7.0.8' for dependency 'org.springframework:spring-aop' in global dependency management
2026-08-21T16:48:36.597-0300 [DEBUG] [io.spring.gradle.dependencymanagement.internal.VersionConfiguringAction] Using version '7.0.8' for dependency 'org.springframework:spring-aop:7.0.8'
2026-08-21T16:48:36.597-0300 [DEBUG] [io.spring.gradle.dependencymanagement.internal.VersionConfiguringAction] Processing requested dependency 'org.springframework:spring-expression:7.0.8' with target 'org.springframework:spring-expression:7.0.8
2026-08-21T16:48:36.597-0300 [DEBUG] [io.spring.gradle.dependencymanagement.internal.DependencyManagementContainer] Found managed version '7.0.8' for dependency 'org.springframework:spring-expression' in global dependency management
2026-08-21T16:48:36.597-0300 [DEBUG] [io.spring.gradle.dependencymanagement.internal.VersionConfiguringAction] Using version '7.0.8' for dependency 'org.springframework:spring-expression:7.0.8'
2026-08-21T16:48:36.597-0300 [DEBUG] [org.gradle.api.internal.artifacts.ivyservice.ivyresolve.RepositoryChainComponentMetaDataResolver] Attempting to resolve component for org.springframework:spring-aop:7.0.8 using repositories [MavenRepo]
2026-08-21T16:48:36.597-0300 [DEBUG] [org.gradle.api.internal.artifacts.ivyservice.ivyresolve.CachingModuleComponentRepository] Using cached module metadata for module 'org.springframework:spring-aop:7.0.8' in 'MavenRepo'
2026-08-21T16:48:36.597-0300 [DEBUG] [org.gradle.api.internal.artifacts.ivyservice.ivyresolve.RepositoryChainComponentMetaDataResolver] Using org.springframework:spring-aop:7.0.8 from org.gradle.api.internal.artifacts.ivyservice.ivyresolve.FilteredModuleComponentRepository@21db6d60
2026-08-21T16:48:36.597-0300 [DEBUG] [org.gradle.api.internal.artifacts.ivyservice.ivyresolve.RepositoryChainComponentMetaDataResolver] Attempting to resolve component for org.springframework:spring-expression:7.0.8 using repositories [MavenRepo]
2026-08-21T16:48:36.597-0300 [DEBUG] [org.gradle.api.internal.artifacts.ivyservice.ivyresolve.CachingModuleComponentRepository] Using cached module metadata for module 'org.springframework:spring-expression:7.0.8' in 'MavenRepo'
2026-08-21T16:48:36.597-0300 [DEBUG] [org.gradle.api.internal.artifacts.ivyservice.ivyresolve.RepositoryChainComponentMetaDataResolver] Using org.springframework:spring-expression:7.0.8 from org.gradle.api.internal.artifacts.ivyservice.ivyresolve.FilteredModuleComponentRepository@21db6d60
2026-08-21T16:48:36.597-0300 [DEBUG] [io.spring.gradle.dependencymanagement.internal.VersionConfiguringAction] Processing requested dependency 'org.springframework.boot:spring-boot-persistence:4.1.0' with target 'org.springframework.boot:spring-boot-persistence:4.1.0
2026-08-21T16:48:36.597-0300 [DEBUG] [io.spring.gradle.dependencymanagement.internal.DependencyManagementContainer] Found managed version '4.1.0' for dependency 'org.springframework.boot:spring-boot-persistence' in global dependency management
2026-08-21T16:48:36.597-0300 [DEBUG] [io.spring.gradle.dependencymanagement.internal.VersionConfiguringAction] Using version '4.1.0' for dependency 'org.springframework.boot:spring-boot-persistence:4.1.0'
2026-08-21T16:48:36.597-0300 [DEBUG] [io.spring.gradle.dependencymanagement.internal.VersionConfiguringAction] Processing requested dependency 'org.springframework.data:spring-data-commons:4.1.0' with target 'org.springframework.data:spring-data-commons:4.1.0
2026-08-21T16:48:36.597-0300 [DEBUG] [io.spring.gradle.dependencymanagement.internal.DependencyManagementContainer] Found managed version '4.1.0' for dependency 'org.springframework.data:spring-data-commons' in global dependency management
2026-08-21T16:48:36.597-0300 [DEBUG] [io.spring.gradle.dependencymanagement.internal.VersionConfiguringAction] Using version '4.1.0' for dependency 'org.springframework.data:spring-data-commons:4.1.0'
2026-08-21T16:48:36.597-0300 [DEBUG] [org.gradle.api.internal.artifacts.ivyservice.ivyresolve.RepositoryChainComponentMetaDataResolver] Attempting to resolve component for org.springframework.boot:spring-boot-persistence:4.1.0 using repositories [MavenRepo]
2026-08-21T16:48:36.597-0300 [DEBUG] [org.gradle.api.internal.artifacts.ivyservice.ivyresolve.CachingModuleComponentRepository] Using cached module metadata for module 'org.springframework.boot:spring-boot-persistence:4.1.0' in 'MavenRepo'
2026-08-21T16:48:36.597-0300 [DEBUG] [org.gradle.api.internal.artifacts.ivyservice.ivyresolve.RepositoryChainComponentMetaDataResolver] Using org.springframework.boot:spring-boot-persistence:4.1.0 from org.gradle.api.internal.artifacts.ivyservice.ivyresolve.FilteredModuleComponentRepository@21db6d60
2026-08-21T16:48:36.597-0300 [DEBUG] [org.gradle.api.internal.artifacts.ivyservice.ivyresolve.RepositoryChainComponentMetaDataResolver] Attempting to resolve component for org.springframework.data:spring-data-commons:4.1.0 using repositories [MavenRepo]
2026-08-21T16:48:36.597-0300 [DEBUG] [org.gradle.api.internal.artifacts.ivyservice.ivyresolve.CachingModuleComponentRepository] Using cached module metadata for module 'org.springframework.data:spring-data-commons:4.1.0' in 'MavenRepo'
2026-08-21T16:48:36.597-0300 [DEBUG] [org.gradle.api.internal.artifacts.ivyservice.ivyresolve.RepositoryChainComponentMetaDataResolver] Using org.springframework.data:spring-data-commons:4.1.0 from org.gradle.api.internal.artifacts.ivyservice.ivyresolve.FilteredModuleComponentRepository@21db6d60
2026-08-21T16:48:36.597-0300 [DEBUG] [io.spring.gradle.dependencymanagement.internal.VersionConfiguringAction] Processing requested dependency 'org.springframework.boot:spring-boot-jpa:4.1.0' with target 'org.springframework.boot:spring-boot-jpa:4.1.0
2026-08-21T16:48:36.597-0300 [DEBUG] [io.spring.gradle.dependencymanagement.internal.DependencyManagementContainer] Found managed version '4.1.0' for dependency 'org.springframework.boot:spring-boot-jpa' in global dependency management
2026-08-21T16:48:36.597-0300 [DEBUG] [io.spring.gradle.dependencymanagement.internal.VersionConfiguringAction] Using version '4.1.0' for dependency 'org.springframework.boot:spring-boot-jpa:4.1.0'
2026-08-21T16:48:36.597-0300 [DEBUG] [io.spring.gradle.dependencymanagement.internal.VersionConfiguringAction] Processing requested dependency 'org.hibernate.orm:hibernate-core:7.4.1.Final' with target 'org.hibernate.orm:hibernate-core:7.4.1.Final
2026-08-21T16:48:36.597-0300 [DEBUG] [io.spring.gradle.dependencymanagement.internal.DependencyManagementContainer] Found managed version '7.4.1.Final' for dependency 'org.hibernate.orm:hibernate-core' in global dependency management
2026-08-21T16:48:36.597-0300 [DEBUG] [io.spring.gradle.dependencymanagement.internal.VersionConfiguringAction] Using version '7.4.1.Final' for dependency 'org.hibernate.orm:hibernate-core:7.4.1.Final'
2026-08-21T16:48:36.597-0300 [DEBUG] [io.spring.gradle.dependencymanagement.internal.VersionConfiguringAction] Processing requested dependency 'org.springframework:spring-orm:7.0.8' with target 'org.springframework:spring-orm:7.0.8
2026-08-21T16:48:36.597-0300 [DEBUG] [io.spring.gradle.dependencymanagement.internal.DependencyManagementContainer] Found managed version '7.0.8' for dependency 'org.springframework:spring-orm' in global dependency management
2026-08-21T16:48:36.597-0300 [DEBUG] [io.spring.gradle.dependencymanagement.internal.VersionConfiguringAction] Using version '7.0.8' for dependency 'org.springframework:spring-orm:7.0.8'
2026-08-21T16:48:36.597-0300 [DEBUG] [org.gradle.api.internal.artifacts.ivyservice.ivyresolve.RepositoryChainComponentMetaDataResolver] Attempting to resolve component for org.springframework.boot:spring-boot-jpa:4.1.0 using repositories [MavenRepo]
2026-08-21T16:48:36.597-0300 [DEBUG] [org.gradle.api.internal.artifacts.ivyservice.ivyresolve.CachingModuleComponentRepository] Using cached module metadata for module 'org.springframework.boot:spring-boot-jpa:4.1.0' in 'MavenRepo'
2026-08-21T16:48:36.597-0300 [DEBUG] [org.gradle.api.internal.artifacts.ivyservice.ivyresolve.RepositoryChainComponentMetaDataResolver] Using org.springframework.boot:spring-boot-jpa:4.1.0 from org.gradle.api.internal.artifacts.ivyservice.ivyresolve.FilteredModuleComponentRepository@21db6d60
2026-08-21T16:48:36.597-0300 [DEBUG] [org.gradle.api.internal.artifacts.ivyservice.ivyresolve.RepositoryChainComponentMetaDataResolver] Attempting to resolve component for org.hibernate.orm:hibernate-core:7.4.1.Final using repositories [MavenRepo]
2026-08-21T16:48:36.597-0300 [DEBUG] [org.gradle.api.internal.artifacts.ivyservice.ivyresolve.CachingModuleComponentRepository] Using cached module metadata for module 'org.hibernate.orm:hibernate-core:7.4.1.Final' in 'MavenRepo'
2026-08-21T16:48:36.597-0300 [DEBUG] [org.gradle.api.internal.artifacts.ivyservice.ivyresolve.RepositoryChainComponentMetaDataResolver] Using org.hibernate.orm:hibernate-core:7.4.1.Final from org.gradle.api.internal.artifacts.ivyservice.ivyresolve.FilteredModuleComponentRepository@21db6d60
2026-08-21T16:48:36.597-0300 [DEBUG] [org.gradle.api.internal.artifacts.ivyservice.ivyresolve.RepositoryChainComponentMetaDataResolver] Attempting to resolve component for org.springframework:spring-orm:7.0.8 using repositories [MavenRepo]
2026-08-21T16:48:36.597-0300 [DEBUG] [org.gradle.api.internal.artifacts.ivyservice.ivyresolve.CachingModuleComponentRepository] Using cached module metadata for module 'org.springframework:spring-orm:7.0.8' in 'MavenRepo'
2026-08-21T16:48:36.597-0300 [DEBUG] [org.gradle.api.internal.artifacts.ivyservice.ivyresolve.RepositoryChainComponentMetaDataResolver] Using org.springframework:spring-orm:7.0.8 from org.gradle.api.internal.artifacts.ivyservice.ivyresolve.FilteredModuleComponentRepository@21db6d60
2026-08-21T16:48:36.597-0300 [DEBUG] [io.spring.gradle.dependencymanagement.internal.VersionConfiguringAction] Processing requested dependency 'org.springframework:spring-tx:7.0.8' with target 'org.springframework:spring-tx:7.0.8
2026-08-21T16:48:36.597-0300 [DEBUG] [io.spring.gradle.dependencymanagement.internal.DependencyManagementContainer] Found managed version '7.0.8' for dependency 'org.springframework:spring-tx' in global dependency management
2026-08-21T16:48:36.597-0300 [DEBUG] [io.spring.gradle.dependencymanagement.internal.VersionConfiguringAction] Using version '7.0.8' for dependency 'org.springframework:spring-tx:7.0.8'
2026-08-21T16:48:36.598-0300 [DEBUG] [io.spring.gradle.dependencymanagement.internal.VersionConfiguringAction] Processing requested dependency 'org.antlr:antlr4-runtime:4.13.2' with target 'org.antlr:antlr4-runtime:4.13.2
2026-08-21T16:48:36.598-0300 [DEBUG] [io.spring.gradle.dependencymanagement.internal.VersionConfiguringAction] No dependency management for dependency 'org.antlr:antlr4-runtime:4.13.2'
2026-08-21T16:48:36.598-0300 [DEBUG] [io.spring.gradle.dependencymanagement.internal.VersionConfiguringAction] Processing requested dependency 'jakarta.annotation:jakarta.annotation-api:2.0.0' with target 'jakarta.annotation:jakarta.annotation-api:2.0.0
2026-08-21T16:48:36.598-0300 [DEBUG] [io.spring.gradle.dependencymanagement.internal.DependencyManagementContainer] Found managed version '3.0.0' for dependency 'jakarta.annotation:jakarta.annotation-api' in global dependency management
2026-08-21T16:48:36.598-0300 [DEBUG] [io.spring.gradle.dependencymanagement.internal.VersionConfiguringAction] Using version '3.0.0' for dependency 'jakarta.annotation:jakarta.annotation-api:2.0.0'
2026-08-21T16:48:36.598-0300 [DEBUG] [org.gradle.api.internal.artifacts.ivyservice.ivyresolve.RepositoryChainComponentMetaDataResolver] Attempting to resolve component for org.springframework:spring-tx:7.0.8 using repositories [MavenRepo]
2026-08-21T16:48:36.598-0300 [DEBUG] [org.gradle.api.internal.artifacts.ivyservice.ivyresolve.CachingModuleComponentRepository] Using cached module metadata for module 'org.springframework:spring-tx:7.0.8' in 'MavenRepo'
2026-08-21T16:48:36.598-0300 [DEBUG] [org.gradle.api.internal.artifacts.ivyservice.ivyresolve.RepositoryChainComponentMetaDataResolver] Using org.springframework:spring-tx:7.0.8 from org.gradle.api.internal.artifacts.ivyservice.ivyresolve.FilteredModuleComponentRepository@21db6d60
2026-08-21T16:48:36.598-0300 [DEBUG] [org.gradle.api.internal.artifacts.ivyservice.ivyresolve.RepositoryChainComponentMetaDataResolver] Attempting to resolve component for org.antlr:antlr4-runtime:4.13.2 using repositories [MavenRepo]
2026-08-21T16:48:36.598-0300 [DEBUG] [org.gradle.api.internal.artifacts.ivyservice.ivyresolve.CachingModuleComponentRepository] Using cached module metadata for module 'org.antlr:antlr4-runtime:4.13.2' in 'MavenRepo'
2026-08-21T16:48:36.598-0300 [DEBUG] [org.gradle.api.internal.artifacts.ivyservice.ivyresolve.RepositoryChainComponentMetaDataResolver] Using org.antlr:antlr4-runtime:4.13.2 from org.gradle.api.internal.artifacts.ivyservice.ivyresolve.FilteredModuleComponentRepository@21db6d60
2026-08-21T16:48:36.598-0300 [DEBUG] [io.spring.gradle.dependencymanagement.internal.VersionConfiguringAction] Processing requested dependency 'org.aspectj:aspectjweaver:1.9.25' with target 'org.aspectj:aspectjweaver:1.9.25
2026-08-21T16:48:36.598-0300 [DEBUG] [io.spring.gradle.dependencymanagement.internal.DependencyManagementContainer] Found managed version '1.9.25.1' for dependency 'org.aspectj:aspectjweaver' in global dependency management
2026-08-21T16:48:36.598-0300 [DEBUG] [io.spring.gradle.dependencymanagement.internal.VersionConfiguringAction] Using version '1.9.25.1' for dependency 'org.aspectj:aspectjweaver:1.9.25'
2026-08-21T16:48:36.598-0300 [DEBUG] [org.gradle.api.internal.artifacts.ivyservice.ivyresolve.RepositoryChainComponentMetaDataResolver] Attempting to resolve component for org.aspectj:aspectjweaver:1.9.25.1 using repositories [MavenRepo]
2026-08-21T16:48:36.598-0300 [DEBUG] [org.gradle.api.internal.artifacts.ivyservice.ivyresolve.CachingModuleComponentRepository] Using cached module metadata for module 'org.aspectj:aspectjweaver:1.9.25.1' in 'MavenRepo'
2026-08-21T16:48:36.598-0300 [DEBUG] [org.gradle.api.internal.artifacts.ivyservice.ivyresolve.RepositoryChainComponentMetaDataResolver] Using org.aspectj:aspectjweaver:1.9.25.1 from org.gradle.api.internal.artifacts.ivyservice.ivyresolve.FilteredModuleComponentRepository@21db6d60
2026-08-21T16:48:36.598-0300 [DEBUG] [io.spring.gradle.dependencymanagement.internal.VersionConfiguringAction] Processing requested dependency 'io.netty:netty-common:4.2.15.Final' with target 'io.netty:netty-common:4.2.15.Final
2026-08-21T16:48:36.598-0300 [DEBUG] [io.spring.gradle.dependencymanagement.internal.DependencyManagementContainer] Found managed version '4.2.15.Final' for dependency 'io.netty:netty-common' in global dependency management
2026-08-21T16:48:36.598-0300 [DEBUG] [io.spring.gradle.dependencymanagement.internal.VersionConfiguringAction] Using version '4.2.15.Final' for dependency 'io.netty:netty-common:4.2.15.Final'
2026-08-21T16:48:36.598-0300 [DEBUG] [org.gradle.api.internal.artifacts.ivyservice.ivyresolve.RepositoryChainComponentMetaDataResolver] Attempting to resolve component for io.netty:netty-common:4.2.15.Final using repositories [MavenRepo]
2026-08-21T16:48:36.598-0300 [DEBUG] [org.gradle.api.internal.artifacts.ivyservice.ivyresolve.CachingModuleComponentRepository] Using cached module metadata for module 'io.netty:netty-common:4.2.15.Final' in 'MavenRepo'
2026-08-21T16:48:36.598-0300 [DEBUG] [org.gradle.api.internal.artifacts.ivyservice.ivyresolve.RepositoryChainComponentMetaDataResolver] Using io.netty:netty-common:4.2.15.Final from org.gradle.api.internal.artifacts.ivyservice.ivyresolve.FilteredModuleComponentRepository@21db6d60
2026-08-21T16:48:36.598-0300 [DEBUG] [io.spring.gradle.dependencymanagement.internal.VersionConfiguringAction] Processing requested dependency 'redis.clients.authentication:redis-authx-core:0.1.1-beta2' with target 'redis.clients.authentication:redis-authx-core:0.1.1-beta2
2026-08-21T16:48:36.598-0300 [DEBUG] [io.spring.gradle.dependencymanagement.internal.VersionConfiguringAction] No dependency management for dependency 'redis.clients.authentication:redis-authx-core:0.1.1-beta2'
2026-08-21T16:48:36.598-0300 [DEBUG] [io.spring.gradle.dependencymanagement.internal.VersionConfiguringAction] Processing requested dependency 'io.netty:netty-common:4.2.13.Final' with target 'io.netty:netty-common:4.2.13.Final
2026-08-21T16:48:36.598-0300 [DEBUG] [io.spring.gradle.dependencymanagement.internal.DependencyManagementContainer] Found managed version '4.2.15.Final' for dependency 'io.netty:netty-common' in global dependency management
2026-08-21T16:48:36.598-0300 [DEBUG] [io.spring.gradle.dependencymanagement.internal.VersionConfiguringAction] Using version '4.2.15.Final' for dependency 'io.netty:netty-common:4.2.13.Final'
2026-08-21T16:48:36.598-0300 [DEBUG] [io.spring.gradle.dependencymanagement.internal.VersionConfiguringAction] Processing requested dependency 'io.netty:netty-handler:4.2.13.Final' with target 'io.netty:netty-handler:4.2.13.Final
2026-08-21T16:48:36.598-0300 [DEBUG] [io.spring.gradle.dependencymanagement.internal.DependencyManagementContainer] Found managed version '4.2.15.Final' for dependency 'io.netty:netty-handler' in global dependency management
2026-08-21T16:48:36.598-0300 [DEBUG] [io.spring.gradle.dependencymanagement.internal.VersionConfiguringAction] Using version '4.2.15.Final' for dependency 'io.netty:netty-handler:4.2.13.Final'
2026-08-21T16:48:36.598-0300 [DEBUG] [io.spring.gradle.dependencymanagement.internal.VersionConfiguringAction] Processing requested dependency 'io.netty:netty-transport:4.2.13.Final' with target 'io.netty:netty-transport:4.2.13.Final
2026-08-21T16:48:36.598-0300 [DEBUG] [io.spring.gradle.dependencymanagement.internal.DependencyManagementContainer] Found managed version '4.2.15.Final' for dependency 'io.netty:netty-transport' in global dependency management
2026-08-21T16:48:36.598-0300 [DEBUG] [io.spring.gradle.dependencymanagement.internal.VersionConfiguringAction] Using version '4.2.15.Final' for dependency 'io.netty:netty-transport:4.2.13.Final'
2026-08-21T16:48:36.598-0300 [DEBUG] [io.spring.gradle.dependencymanagement.internal.VersionConfiguringAction] Processing requested dependency 'io.projectreactor:reactor-core:3.6.6' with target 'io.projectreactor:reactor-core:3.6.6
2026-08-21T16:48:36.598-0300 [DEBUG] [io.spring.gradle.dependencymanagement.internal.DependencyManagementContainer] Found managed version '3.8.6' for dependency 'io.projectreactor:reactor-core' in global dependency management
2026-08-21T16:48:36.598-0300 [DEBUG] [io.spring.gradle.dependencymanagement.internal.VersionConfiguringAction] Using version '3.8.6' for dependency 'io.projectreactor:reactor-core:3.6.6'
2026-08-21T16:48:36.598-0300 [DEBUG] [io.spring.gradle.dependencymanagement.internal.VersionConfiguringAction] Processing requested dependency 'io.netty:netty-resolver-dns:4.2.13.Final' with target 'io.netty:netty-resolver-dns:4.2.13.Final
2026-08-21T16:48:36.598-0300 [DEBUG] [io.spring.gradle.dependencymanagement.internal.DependencyManagementContainer] Found managed version '4.2.15.Final' for dependency 'io.netty:netty-resolver-dns' in global dependency management
2026-08-21T16:48:36.598-0300 [DEBUG] [io.spring.gradle.dependencymanagement.internal.VersionConfiguringAction] Using version '4.2.15.Final' for dependency 'io.netty:netty-resolver-dns:4.2.13.Final'
2026-08-21T16:48:36.598-0300 [DEBUG] [org.gradle.api.internal.artifacts.ivyservice.ivyresolve.RepositoryChainComponentMetaDataResolver] Attempting to resolve component for redis.clients.authentication:redis-authx-core:0.1.1-beta2 using repositories [MavenRepo]
2026-08-21T16:48:36.598-0300 [DEBUG] [org.gradle.api.internal.artifacts.ivyservice.ivyresolve.CachingModuleComponentRepository] Using cached module metadata for module 'redis.clients.authentication:redis-authx-core:0.1.1-beta2' in 'MavenRepo'
2026-08-21T16:48:36.598-0300 [DEBUG] [org.gradle.api.internal.artifacts.ivyservice.ivyresolve.RepositoryChainComponentMetaDataResolver] Using redis.clients.authentication:redis-authx-core:0.1.1-beta2 from org.gradle.api.internal.artifacts.ivyservice.ivyresolve.FilteredModuleComponentRepository@21db6d60
2026-08-21T16:48:36.598-0300 [DEBUG] [org.gradle.api.internal.artifacts.ivyservice.ivyresolve.RepositoryChainComponentMetaDataResolver] Attempting to resolve component for io.netty:netty-handler:4.2.15.Final using repositories [MavenRepo]
2026-08-21T16:48:36.598-0300 [DEBUG] [org.gradle.api.internal.artifacts.ivyservice.ivyresolve.CachingModuleComponentRepository] Using cached module metadata for module 'io.netty:netty-handler:4.2.15.Final' in 'MavenRepo'
2026-08-21T16:48:36.599-0300 [DEBUG] [org.gradle.api.internal.artifacts.ivyservice.ivyresolve.RepositoryChainComponentMetaDataResolver] Using io.netty:netty-handler:4.2.15.Final from org.gradle.api.internal.artifacts.ivyservice.ivyresolve.FilteredModuleComponentRepository@21db6d60
2026-08-21T16:48:36.599-0300 [DEBUG] [org.gradle.api.internal.artifacts.ivyservice.ivyresolve.RepositoryChainComponentMetaDataResolver] Attempting to resolve component for io.netty:netty-transport:4.2.15.Final using repositories [MavenRepo]
2026-08-21T16:48:36.599-0300 [DEBUG] [org.gradle.api.internal.artifacts.ivyservice.ivyresolve.CachingModuleComponentRepository] Using cached module metadata for module 'io.netty:netty-transport:4.2.15.Final' in 'MavenRepo'
2026-08-21T16:48:36.599-0300 [DEBUG] [org.gradle.api.internal.artifacts.ivyservice.ivyresolve.RepositoryChainComponentMetaDataResolver] Using io.netty:netty-transport:4.2.15.Final from org.gradle.api.internal.artifacts.ivyservice.ivyresolve.FilteredModuleComponentRepository@21db6d60
2026-08-21T16:48:36.599-0300 [DEBUG] [org.gradle.api.internal.artifacts.ivyservice.ivyresolve.RepositoryChainComponentMetaDataResolver] Attempting to resolve component for io.projectreactor:reactor-core:3.8.6 using repositories [MavenRepo]
2026-08-21T16:48:36.599-0300 [DEBUG] [org.gradle.api.internal.artifacts.ivyservice.ivyresolve.CachingModuleComponentRepository] Using cached module metadata for module 'io.projectreactor:reactor-core:3.8.6' in 'MavenRepo'
2026-08-21T16:48:36.599-0300 [DEBUG] [org.gradle.api.internal.artifacts.ivyservice.ivyresolve.RepositoryChainComponentMetaDataResolver] Using io.projectreactor:reactor-core:3.8.6 from org.gradle.api.internal.artifacts.ivyservice.ivyresolve.FilteredModuleComponentRepository@21db6d60
2026-08-21T16:48:36.599-0300 [DEBUG] [org.gradle.api.internal.artifacts.ivyservice.ivyresolve.RepositoryChainComponentMetaDataResolver] Attempting to resolve component for io.netty:netty-resolver-dns:4.2.15.Final using repositories [MavenRepo]
2026-08-21T16:48:36.599-0300 [DEBUG] [org.gradle.api.internal.artifacts.ivyservice.ivyresolve.CachingModuleComponentRepository] Using cached module metadata for module 'io.netty:netty-resolver-dns:4.2.15.Final' in 'MavenRepo'
2026-08-21T16:48:36.599-0300 [DEBUG] [org.gradle.api.internal.artifacts.ivyservice.ivyresolve.RepositoryChainComponentMetaDataResolver] Using io.netty:netty-resolver-dns:4.2.15.Final from org.gradle.api.internal.artifacts.ivyservice.ivyresolve.FilteredModuleComponentRepository@21db6d60
2026-08-21T16:48:36.599-0300 [DEBUG] [io.spring.gradle.dependencymanagement.internal.VersionConfiguringAction] Processing requested dependency 'org.springframework.data:spring-data-keyvalue:4.1.0' with target 'org.springframework.data:spring-data-keyvalue:4.1.0
2026-08-21T16:48:36.599-0300 [DEBUG] [io.spring.gradle.dependencymanagement.internal.DependencyManagementContainer] Found managed version '4.1.0' for dependency 'org.springframework.data:spring-data-keyvalue' in global dependency management
2026-08-21T16:48:36.599-0300 [DEBUG] [io.spring.gradle.dependencymanagement.internal.VersionConfiguringAction] Using version '4.1.0' for dependency 'org.springframework.data:spring-data-keyvalue:4.1.0'
2026-08-21T16:48:36.599-0300 [DEBUG] [io.spring.gradle.dependencymanagement.internal.VersionConfiguringAction] Processing requested dependency 'org.springframework:spring-oxm:7.0.8' with target 'org.springframework:spring-oxm:7.0.8
2026-08-21T16:48:36.599-0300 [DEBUG] [io.spring.gradle.dependencymanagement.internal.DependencyManagementContainer] Found managed version '7.0.8' for dependency 'org.springframework:spring-oxm' in global dependency management
2026-08-21T16:48:36.599-0300 [DEBUG] [io.spring.gradle.dependencymanagement.internal.VersionConfiguringAction] Using version '7.0.8' for dependency 'org.springframework:spring-oxm:7.0.8'
2026-08-21T16:48:36.599-0300 [DEBUG] [io.spring.gradle.dependencymanagement.internal.VersionConfiguringAction] Processing requested dependency 'org.springframework:spring-context-support:7.0.8' with target 'org.springframework:spring-context-support:7.0.8
2026-08-21T16:48:36.599-0300 [DEBUG] [io.spring.gradle.dependencymanagement.internal.DependencyManagementContainer] Found managed version '7.0.8' for dependency 'org.springframework:spring-context-support' in global dependency management
2026-08-21T16:48:36.599-0300 [DEBUG] [io.spring.gradle.dependencymanagement.internal.VersionConfiguringAction] Using version '7.0.8' for dependency 'org.springframework:spring-context-support:7.0.8'
2026-08-21T16:48:36.599-0300 [DEBUG] [org.gradle.api.internal.artifacts.ivyservice.ivyresolve.RepositoryChainComponentMetaDataResolver] Attempting to resolve component for org.springframework.data:spring-data-keyvalue:4.1.0 using repositories [MavenRepo]
2026-08-21T16:48:36.599-0300 [DEBUG] [org.gradle.api.internal.artifacts.ivyservice.ivyresolve.CachingModuleComponentRepository] Using cached module metadata for module 'org.springframework.data:spring-data-keyvalue:4.1.0' in 'MavenRepo'
2026-08-21T16:48:36.599-0300 [DEBUG] [org.gradle.api.internal.artifacts.ivyservice.ivyresolve.RepositoryChainComponentMetaDataResolver] Using org.springframework.data:spring-data-keyvalue:4.1.0 from org.gradle.api.internal.artifacts.ivyservice.ivyresolve.FilteredModuleComponentRepository@21db6d60
2026-08-21T16:48:36.599-0300 [DEBUG] [org.gradle.api.internal.artifacts.ivyservice.ivyresolve.RepositoryChainComponentMetaDataResolver] Attempting to resolve component for org.springframework:spring-oxm:7.0.8 using repositories [MavenRepo]
2026-08-21T16:48:36.599-0300 [DEBUG] [org.gradle.api.internal.artifacts.ivyservice.ivyresolve.CachingModuleComponentRepository] Using cached module metadata for module 'org.springframework:spring-oxm:7.0.8' in 'MavenRepo'
2026-08-21T16:48:36.599-0300 [DEBUG] [org.gradle.api.internal.artifacts.ivyservice.ivyresolve.RepositoryChainComponentMetaDataResolver] Using org.springframework:spring-oxm:7.0.8 from org.gradle.api.internal.artifacts.ivyservice.ivyresolve.FilteredModuleComponentRepository@21db6d60
2026-08-21T16:48:36.599-0300 [DEBUG] [org.gradle.api.internal.artifacts.ivyservice.ivyresolve.RepositoryChainComponentMetaDataResolver] Attempting to resolve component for org.springframework:spring-context-support:7.0.8 using repositories [MavenRepo]
2026-08-21T16:48:36.599-0300 [DEBUG] [org.gradle.api.internal.artifacts.ivyservice.ivyresolve.CachingModuleComponentRepository] Using cached module metadata for module 'org.springframework:spring-context-support:7.0.8' in 'MavenRepo'
2026-08-21T16:48:36.599-0300 [DEBUG] [org.gradle.api.internal.artifacts.ivyservice.ivyresolve.RepositoryChainComponentMetaDataResolver] Using org.springframework:spring-context-support:7.0.8 from org.gradle.api.internal.artifacts.ivyservice.ivyresolve.FilteredModuleComponentRepository@21db6d60
2026-08-21T16:48:36.599-0300 [DEBUG] [io.spring.gradle.dependencymanagement.internal.VersionConfiguringAction] Processing requested dependency 'org.apache.tomcat:tomcat-annotations-api:11.0.22' with target 'org.apache.tomcat:tomcat-annotations-api:11.0.22
2026-08-21T16:48:36.599-0300 [DEBUG] [io.spring.gradle.dependencymanagement.internal.DependencyManagementContainer] Found managed version '11.0.22' for dependency 'org.apache.tomcat:tomcat-annotations-api' in global dependency management
2026-08-21T16:48:36.599-0300 [DEBUG] [io.spring.gradle.dependencymanagement.internal.VersionConfiguringAction] Using version '11.0.22' for dependency 'org.apache.tomcat:tomcat-annotations-api:11.0.22'
2026-08-21T16:48:36.599-0300 [DEBUG] [org.gradle.api.internal.artifacts.ivyservice.resolveengine.graph.builder.NodeState] org.apache.tomcat:tomcat-annotations-api is excluded from 'org.apache.tomcat.embed:tomcat-embed-core:11.0.22' (runtime) by {"exclude module id" : "org.apache.tomcat:tomcat-annotations-api"}.
2026-08-21T16:48:36.599-0300 [DEBUG] [io.spring.gradle.dependencymanagement.internal.VersionConfiguringAction] Processing requested dependency 'io.micrometer:micrometer-commons:1.17.0' with target 'io.micrometer:micrometer-commons:1.17.0
2026-08-21T16:48:36.599-0300 [DEBUG] [io.spring.gradle.dependencymanagement.internal.DependencyManagementContainer] Found managed version '1.17.0' for dependency 'io.micrometer:micrometer-commons' in global dependency management
2026-08-21T16:48:36.599-0300 [DEBUG] [io.spring.gradle.dependencymanagement.internal.VersionConfiguringAction] Using version '1.17.0' for dependency 'io.micrometer:micrometer-commons:1.17.0'
2026-08-21T16:48:36.599-0300 [DEBUG] [org.gradle.api.internal.artifacts.ivyservice.ivyresolve.RepositoryChainComponentMetaDataResolver] Attempting to resolve component for io.micrometer:micrometer-commons:1.17.0 using repositories [MavenRepo]
2026-08-21T16:48:36.599-0300 [DEBUG] [org.gradle.api.internal.artifacts.ivyservice.ivyresolve.CachingModuleComponentRepository] Using cached module metadata for module 'io.micrometer:micrometer-commons:1.17.0' in 'MavenRepo'
2026-08-21T16:48:36.599-0300 [DEBUG] [org.gradle.api.internal.artifacts.ivyservice.ivyresolve.RepositoryChainComponentMetaDataResolver] Using io.micrometer:micrometer-commons:1.17.0 from org.gradle.api.internal.artifacts.ivyservice.ivyresolve.FilteredModuleComponentRepository@21db6d60
2026-08-21T16:48:36.599-0300 [DEBUG] [io.spring.gradle.dependencymanagement.internal.VersionConfiguringAction] Processing requested dependency 'jakarta.persistence:jakarta.persistence-api:3.2.0' with target 'jakarta.persistence:jakarta.persistence-api:3.2.0
2026-08-21T16:48:36.599-0300 [DEBUG] [io.spring.gradle.dependencymanagement.internal.DependencyManagementContainer] Found managed version '3.2.0' for dependency 'jakarta.persistence:jakarta.persistence-api' in global dependency management
2026-08-21T16:48:36.599-0300 [DEBUG] [io.spring.gradle.dependencymanagement.internal.VersionConfiguringAction] Using version '3.2.0' for dependency 'jakarta.persistence:jakarta.persistence-api:3.2.0'
2026-08-21T16:48:36.599-0300 [DEBUG] [org.gradle.api.internal.artifacts.ivyservice.ivyresolve.RepositoryChainComponentMetaDataResolver] Attempting to resolve component for jakarta.persistence:jakarta.persistence-api:3.2.0 using repositories [MavenRepo]
2026-08-21T16:48:36.599-0300 [DEBUG] [org.gradle.api.internal.artifacts.ivyservice.ivyresolve.CachingModuleComponentRepository] Using cached module metadata for module 'jakarta.persistence:jakarta.persistence-api:3.2.0' in 'MavenRepo'
2026-08-21T16:48:36.599-0300 [DEBUG] [org.gradle.api.internal.artifacts.ivyservice.ivyresolve.RepositoryChainComponentMetaDataResolver] Using jakarta.persistence:jakarta.persistence-api:3.2.0 from org.gradle.api.internal.artifacts.ivyservice.ivyresolve.FilteredModuleComponentRepository@21db6d60
2026-08-21T16:48:36.600-0300 [DEBUG] [io.spring.gradle.dependencymanagement.internal.VersionConfiguringAction] Processing requested dependency 'org.jboss.logging:jboss-logging:3.6.1.Final' with target 'org.jboss.logging:jboss-logging:3.6.1.Final
2026-08-21T16:48:36.600-0300 [DEBUG] [io.spring.gradle.dependencymanagement.internal.DependencyManagementContainer] Found managed version '3.6.3.Final' for dependency 'org.jboss.logging:jboss-logging' in global dependency management
2026-08-21T16:48:36.600-0300 [DEBUG] [io.spring.gradle.dependencymanagement.internal.VersionConfiguringAction] Using version '3.6.3.Final' for dependency 'org.jboss.logging:jboss-logging:3.6.1.Final'
2026-08-21T16:48:36.600-0300 [DEBUG] [io.spring.gradle.dependencymanagement.internal.VersionConfiguringAction] Processing requested dependency 'org.hibernate.models:hibernate-models:1.1.1' with target 'org.hibernate.models:hibernate-models:1.1.1
2026-08-21T16:48:36.600-0300 [DEBUG] [io.spring.gradle.dependencymanagement.internal.VersionConfiguringAction] No dependency management for dependency 'org.hibernate.models:hibernate-models:1.1.1'
2026-08-21T16:48:36.600-0300 [DEBUG] [io.spring.gradle.dependencymanagement.internal.VersionConfiguringAction] Processing requested dependency 'net.bytebuddy:byte-buddy:1.18.8' with target 'net.bytebuddy:byte-buddy:1.18.8
2026-08-21T16:48:36.600-0300 [DEBUG] [io.spring.gradle.dependencymanagement.internal.DependencyManagementContainer] Found managed version '1.18.10' for dependency 'net.bytebuddy:byte-buddy' in global dependency management
2026-08-21T16:48:36.600-0300 [DEBUG] [io.spring.gradle.dependencymanagement.internal.VersionConfiguringAction] Using version '1.18.10' for dependency 'net.bytebuddy:byte-buddy:1.18.8'
2026-08-21T16:48:36.600-0300 [DEBUG] [io.spring.gradle.dependencymanagement.internal.VersionConfiguringAction] Processing requested dependency 'jakarta.xml.bind:jakarta.xml.bind-api:4.0.4' with target 'jakarta.xml.bind:jakarta.xml.bind-api:4.0.4
2026-08-21T16:48:36.600-0300 [DEBUG] [io.spring.gradle.dependencymanagement.internal.DependencyManagementContainer] Found managed version '4.0.5' for dependency 'jakarta.xml.bind:jakarta.xml.bind-api' in global dependency management
2026-08-21T16:48:36.600-0300 [DEBUG] [io.spring.gradle.dependencymanagement.internal.VersionConfiguringAction] Using version '4.0.5' for dependency 'jakarta.xml.bind:jakarta.xml.bind-api:4.0.4'
2026-08-21T16:48:36.600-0300 [DEBUG] [io.spring.gradle.dependencymanagement.internal.VersionConfiguringAction] Processing requested dependency 'org.glassfish.jaxb:jaxb-runtime:4.0.7' with target 'org.glassfish.jaxb:jaxb-runtime:4.0.7
2026-08-21T16:48:36.600-0300 [DEBUG] [io.spring.gradle.dependencymanagement.internal.DependencyManagementContainer] Found managed version '4.0.9' for dependency 'org.glassfish.jaxb:jaxb-runtime' in global dependency management
2026-08-21T16:48:36.600-0300 [DEBUG] [io.spring.gradle.dependencymanagement.internal.VersionConfiguringAction] Using version '4.0.9' for dependency 'org.glassfish.jaxb:jaxb-runtime:4.0.7'
2026-08-21T16:48:36.600-0300 [DEBUG] [io.spring.gradle.dependencymanagement.internal.VersionConfiguringAction] Processing requested dependency 'jakarta.inject:jakarta.inject-api:2.0.1' with target 'jakarta.inject:jakarta.inject-api:2.0.1
2026-08-21T16:48:36.600-0300 [DEBUG] [io.spring.gradle.dependencymanagement.internal.DependencyManagementContainer] Found managed version '2.0.1' for dependency 'jakarta.inject:jakarta.inject-api' in global dependency management
2026-08-21T16:48:36.600-0300 [DEBUG] [io.spring.gradle.dependencymanagement.internal.VersionConfiguringAction] Using version '2.0.1' for dependency 'jakarta.inject:jakarta.inject-api:2.0.1'
2026-08-21T16:48:36.600-0300 [DEBUG] [io.spring.gradle.dependencymanagement.internal.VersionConfiguringAction] Processing requested dependency 'org.hibernate.orm:hibernate-platform:7.4.1.Final' with target 'org.hibernate.orm:hibernate-platform:7.4.1.Final
2026-08-21T16:48:36.600-0300 [DEBUG] [io.spring.gradle.dependencymanagement.internal.VersionConfiguringAction] No dependency management for dependency 'org.hibernate.orm:hibernate-platform:7.4.1.Final'
2026-08-21T16:48:36.600-0300 [DEBUG] [io.spring.gradle.dependencymanagement.internal.VersionConfiguringAction] Processing requested dependency 'jakarta.transaction:jakarta.transaction-api:2.0.1' with target 'jakarta.transaction:jakarta.transaction-api:2.0.1
2026-08-21T16:48:36.600-0300 [DEBUG] [io.spring.gradle.dependencymanagement.internal.DependencyManagementContainer] Found managed version '2.0.1' for dependency 'jakarta.transaction:jakarta.transaction-api' in global dependency management
2026-08-21T16:48:36.600-0300 [DEBUG] [io.spring.gradle.dependencymanagement.internal.VersionConfiguringAction] Using version '2.0.1' for dependency 'jakarta.transaction:jakarta.transaction-api:2.0.1'
2026-08-21T16:48:36.600-0300 [DEBUG] [io.spring.gradle.dependencymanagement.internal.VersionConfiguringAction] Processing requested dependency 'org.apache.logging.log4j:log4j-core:[2.17.1, 3[' with target 'org.apache.logging.log4j:log4j-core:[2.17.1, 3[
2026-08-21T16:48:36.600-0300 [DEBUG] [io.spring.gradle.dependencymanagement.internal.DependencyManagementContainer] Found managed version '2.25.4' for dependency 'org.apache.logging.log4j:log4j-core' in global dependency management
2026-08-21T16:48:36.600-0300 [DEBUG] [io.spring.gradle.dependencymanagement.internal.VersionConfiguringAction] Using version '2.25.4' for dependency 'org.apache.logging.log4j:log4j-core:[2.17.1, 3['
2026-08-21T16:48:36.600-0300 [DEBUG] [org.gradle.api.internal.artifacts.ivyservice.ivyresolve.RepositoryChainComponentMetaDataResolver] Attempting to resolve component for org.jboss.logging:jboss-logging:3.6.3.Final using repositories [MavenRepo]
2026-08-21T16:48:36.600-0300 [DEBUG] [org.gradle.api.internal.artifacts.ivyservice.ivyresolve.CachingModuleComponentRepository] Using cached module metadata for module 'org.jboss.logging:jboss-logging:3.6.3.Final' in 'MavenRepo'
2026-08-21T16:48:36.600-0300 [DEBUG] [org.gradle.api.internal.artifacts.ivyservice.ivyresolve.RepositoryChainComponentMetaDataResolver] Using org.jboss.logging:jboss-logging:3.6.3.Final from org.gradle.api.internal.artifacts.ivyservice.ivyresolve.FilteredModuleComponentRepository@21db6d60
2026-08-21T16:48:36.600-0300 [DEBUG] [org.gradle.api.internal.artifacts.ivyservice.ivyresolve.RepositoryChainComponentMetaDataResolver] Attempting to resolve component for org.hibernate.models:hibernate-models:1.1.1 using repositories [MavenRepo]
2026-08-21T16:48:36.600-0300 [DEBUG] [org.gradle.api.internal.artifacts.ivyservice.ivyresolve.CachingModuleComponentRepository] Using cached module metadata for module 'org.hibernate.models:hibernate-models:1.1.1' in 'MavenRepo'
2026-08-21T16:48:36.600-0300 [DEBUG] [org.gradle.api.internal.artifacts.ivyservice.ivyresolve.RepositoryChainComponentMetaDataResolver] Using org.hibernate.models:hibernate-models:1.1.1 from org.gradle.api.internal.artifacts.ivyservice.ivyresolve.FilteredModuleComponentRepository@21db6d60
2026-08-21T16:48:36.600-0300 [DEBUG] [org.gradle.api.internal.artifacts.ivyservice.ivyresolve.RepositoryChainComponentMetaDataResolver] Attempting to resolve component for org.glassfish.jaxb:jaxb-runtime:4.0.9 using repositories [MavenRepo]
2026-08-21T16:48:36.600-0300 [DEBUG] [org.gradle.api.internal.artifacts.ivyservice.ivyresolve.CachingModuleComponentRepository] Using cached module metadata for module 'org.glassfish.jaxb:jaxb-runtime:4.0.9' in 'MavenRepo'
2026-08-21T16:48:36.600-0300 [DEBUG] [org.gradle.api.internal.artifacts.ivyservice.ivyresolve.RepositoryChainComponentMetaDataResolver] Using org.glassfish.jaxb:jaxb-runtime:4.0.9 from org.gradle.api.internal.artifacts.ivyservice.ivyresolve.FilteredModuleComponentRepository@21db6d60
2026-08-21T16:48:36.600-0300 [DEBUG] [org.gradle.api.internal.artifacts.ivyservice.ivyresolve.RepositoryChainComponentMetaDataResolver] Attempting to resolve component for jakarta.inject:jakarta.inject-api:2.0.1 using repositories [MavenRepo]
2026-08-21T16:48:36.600-0300 [DEBUG] [org.gradle.api.internal.artifacts.ivyservice.ivyresolve.CachingModuleComponentRepository] Using cached module metadata for module 'jakarta.inject:jakarta.inject-api:2.0.1' in 'MavenRepo'
2026-08-21T16:48:36.600-0300 [DEBUG] [org.gradle.api.internal.artifacts.ivyservice.ivyresolve.RepositoryChainComponentMetaDataResolver] Using jakarta.inject:jakarta.inject-api:2.0.1 from org.gradle.api.internal.artifacts.ivyservice.ivyresolve.FilteredModuleComponentRepository@21db6d60
2026-08-21T16:48:36.600-0300 [DEBUG] [org.gradle.api.internal.artifacts.ivyservice.ivyresolve.RepositoryChainComponentMetaDataResolver] Attempting to resolve component for org.hibernate.orm:hibernate-platform:7.4.1.Final using repositories [MavenRepo]
2026-08-21T16:48:36.600-0300 [DEBUG] [org.gradle.api.internal.artifacts.ivyservice.ivyresolve.CachingModuleComponentRepository] Using cached module metadata for module 'org.hibernate.orm:hibernate-platform:7.4.1.Final' in 'MavenRepo'
2026-08-21T16:48:36.600-0300 [DEBUG] [org.gradle.api.internal.artifacts.ivyservice.ivyresolve.RepositoryChainComponentMetaDataResolver] Using org.hibernate.orm:hibernate-platform:7.4.1.Final from org.gradle.api.internal.artifacts.ivyservice.ivyresolve.FilteredModuleComponentRepository@21db6d60
2026-08-21T16:48:36.600-0300 [DEBUG] [io.spring.gradle.dependencymanagement.internal.VersionConfiguringAction] Processing requested dependency 'net.bytebuddy:byte-buddy-agent:1.18.8' with target 'net.bytebuddy:byte-buddy-agent:1.18.8
2026-08-21T16:48:36.600-0300 [DEBUG] [io.spring.gradle.dependencymanagement.internal.DependencyManagementContainer] Found managed version '1.18.10' for dependency 'net.bytebuddy:byte-buddy-agent' in global dependency management
2026-08-21T16:48:36.600-0300 [DEBUG] [io.spring.gradle.dependencymanagement.internal.VersionConfiguringAction] Using version '1.18.10' for dependency 'net.bytebuddy:byte-buddy-agent:1.18.8'
2026-08-21T16:48:36.600-0300 [DEBUG] [io.spring.gradle.dependencymanagement.internal.VersionConfiguringAction] Processing requested dependency 'io.smallrye:jandex:3.3.2' with target 'io.smallrye:jandex:3.3.2
2026-08-21T16:48:36.600-0300 [DEBUG] [io.spring.gradle.dependencymanagement.internal.VersionConfiguringAction] No dependency management for dependency 'io.smallrye:jandex:3.3.2'
2026-08-21T16:48:36.601-0300 [DEBUG] [io.spring.gradle.dependencymanagement.internal.VersionConfiguringAction] Processing requested dependency 'io.agroal:agroal-api:3.0.1' with target 'io.agroal:agroal-api:3.0.1
2026-08-21T16:48:36.601-0300 [DEBUG] [io.spring.gradle.dependencymanagement.internal.VersionConfiguringAction] No dependency management for dependency 'io.agroal:agroal-api:3.0.1'
2026-08-21T16:48:36.601-0300 [DEBUG] [io.spring.gradle.dependencymanagement.internal.VersionConfiguringAction] Processing requested dependency 'io.agroal:agroal-pool:3.0.1' with target 'io.agroal:agroal-pool:3.0.1
2026-08-21T16:48:36.601-0300 [DEBUG] [io.spring.gradle.dependencymanagement.internal.VersionConfiguringAction] No dependency management for dependency 'io.agroal:agroal-pool:3.0.1'
2026-08-21T16:48:36.601-0300 [DEBUG] [io.spring.gradle.dependencymanagement.internal.VersionConfiguringAction] Processing requested dependency 'com.mchange:c3p0:0.12.0' with target 'com.mchange:c3p0:0.12.0
2026-08-21T16:48:36.601-0300 [DEBUG] [io.spring.gradle.dependencymanagement.internal.VersionConfiguringAction] No dependency management for dependency 'com.mchange:c3p0:0.12.0'
2026-08-21T16:48:36.601-0300 [DEBUG] [io.spring.gradle.dependencymanagement.internal.VersionConfiguringAction] Processing requested dependency 'javax.cache:cache-api:1.1.1' with target 'javax.cache:cache-api:1.1.1
2026-08-21T16:48:36.601-0300 [DEBUG] [io.spring.gradle.dependencymanagement.internal.DependencyManagementContainer] Found managed version '1.1.1' for dependency 'javax.cache:cache-api' in global dependency management
2026-08-21T16:48:36.601-0300 [DEBUG] [io.spring.gradle.dependencymanagement.internal.VersionConfiguringAction] Using version '1.1.1' for dependency 'javax.cache:cache-api:1.1.1'
2026-08-21T16:48:36.601-0300 [DEBUG] [io.spring.gradle.dependencymanagement.internal.VersionConfiguringAction] Processing requested dependency 'io.micrometer:micrometer-core:1.16.0' with target 'io.micrometer:micrometer-core:1.16.0
2026-08-21T16:48:36.601-0300 [DEBUG] [io.spring.gradle.dependencymanagement.internal.DependencyManagementContainer] Found managed version '1.17.0' for dependency 'io.micrometer:micrometer-core' in global dependency management
2026-08-21T16:48:36.601-0300 [DEBUG] [io.spring.gradle.dependencymanagement.internal.VersionConfiguringAction] Using version '1.17.0' for dependency 'io.micrometer:micrometer-core:1.16.0'
2026-08-21T16:48:36.601-0300 [DEBUG] [io.spring.gradle.dependencymanagement.internal.VersionConfiguringAction] Processing requested dependency 'org.hibernate:hibernate-core:7.4.1.Final' with target 'org.hibernate:hibernate-core:7.4.1.Final
2026-08-21T16:48:36.601-0300 [DEBUG] [io.spring.gradle.dependencymanagement.internal.VersionConfiguringAction] No dependency management for dependency 'org.hibernate:hibernate-core:7.4.1.Final'
2026-08-21T16:48:36.601-0300 [DEBUG] [io.spring.gradle.dependencymanagement.internal.VersionConfiguringAction] Processing requested dependency 'org.hibernate.orm:hibernate-testing:7.4.1.Final' with target 'org.hibernate.orm:hibernate-testing:7.4.1.Final
2026-08-21T16:48:36.601-0300 [DEBUG] [io.spring.gradle.dependencymanagement.internal.DependencyManagementContainer] Found managed version '7.4.1.Final' for dependency 'org.hibernate.orm:hibernate-testing' in global dependency management
2026-08-21T16:48:36.601-0300 [DEBUG] [io.spring.gradle.dependencymanagement.internal.VersionConfiguringAction] Using version '7.4.1.Final' for dependency 'org.hibernate.orm:hibernate-testing:7.4.1.Final'
2026-08-21T16:48:36.601-0300 [DEBUG] [io.spring.gradle.dependencymanagement.internal.VersionConfiguringAction] Processing requested dependency 'org.hibernate:hibernate-testing:7.4.1.Final' with target 'org.hibernate:hibernate-testing:7.4.1.Final
2026-08-21T16:48:36.601-0300 [DEBUG] [io.spring.gradle.dependencymanagement.internal.VersionConfiguringAction] No dependency management for dependency 'org.hibernate:hibernate-testing:7.4.1.Final'
2026-08-21T16:48:36.601-0300 [DEBUG] [io.spring.gradle.dependencymanagement.internal.VersionConfiguringAction] Processing requested dependency 'org.hibernate.orm:hibernate-envers:7.4.1.Final' with target 'org.hibernate.orm:hibernate-envers:7.4.1.Final
2026-08-21T16:48:36.601-0300 [DEBUG] [io.spring.gradle.dependencymanagement.internal.DependencyManagementContainer] Found managed version '7.4.1.Final' for dependency 'org.hibernate.orm:hibernate-envers' in global dependency management
2026-08-21T16:48:36.601-0300 [DEBUG] [io.spring.gradle.dependencymanagement.internal.VersionConfiguringAction] Using version '7.4.1.Final' for dependency 'org.hibernate.orm:hibernate-envers:7.4.1.Final'
2026-08-21T16:48:36.601-0300 [DEBUG] [io.spring.gradle.dependencymanagement.internal.VersionConfiguringAction] Processing requested dependency 'org.hibernate:hibernate-envers:7.4.1.Final' with target 'org.hibernate:hibernate-envers:7.4.1.Final
2026-08-21T16:48:36.601-0300 [DEBUG] [io.spring.gradle.dependencymanagement.internal.VersionConfiguringAction] No dependency management for dependency 'org.hibernate:hibernate-envers:7.4.1.Final'
2026-08-21T16:48:36.601-0300 [DEBUG] [io.spring.gradle.dependencymanagement.internal.VersionConfiguringAction] Processing requested dependency 'org.hibernate.orm:hibernate-spatial:7.4.1.Final' with target 'org.hibernate.orm:hibernate-spatial:7.4.1.Final
2026-08-21T16:48:36.601-0300 [DEBUG] [io.spring.gradle.dependencymanagement.internal.DependencyManagementContainer] Found managed version '7.4.1.Final' for dependency 'org.hibernate.orm:hibernate-spatial' in global dependency management
2026-08-21T16:48:36.601-0300 [DEBUG] [io.spring.gradle.dependencymanagement.internal.VersionConfiguringAction] Using version '7.4.1.Final' for dependency 'org.hibernate.orm:hibernate-spatial:7.4.1.Final'
2026-08-21T16:48:36.601-0300 [DEBUG] [io.spring.gradle.dependencymanagement.internal.VersionConfiguringAction] Processing requested dependency 'org.hibernate:hibernate-spatial:7.4.1.Final' with target 'org.hibernate:hibernate-spatial:7.4.1.Final
2026-08-21T16:48:36.601-0300 [DEBUG] [io.spring.gradle.dependencymanagement.internal.VersionConfiguringAction] No dependency management for dependency 'org.hibernate:hibernate-spatial:7.4.1.Final'
2026-08-21T16:48:36.601-0300 [DEBUG] [io.spring.gradle.dependencymanagement.internal.VersionConfiguringAction] Processing requested dependency 'org.hibernate.orm:hibernate-vector:7.4.1.Final' with target 'org.hibernate.orm:hibernate-vector:7.4.1.Final
2026-08-21T16:48:36.601-0300 [DEBUG] [io.spring.gradle.dependencymanagement.internal.DependencyManagementContainer] Found managed version '7.4.1.Final' for dependency 'org.hibernate.orm:hibernate-vector' in global dependency management
2026-08-21T16:48:36.601-0300 [DEBUG] [io.spring.gradle.dependencymanagement.internal.VersionConfiguringAction] Using version '7.4.1.Final' for dependency 'org.hibernate.orm:hibernate-vector:7.4.1.Final'
2026-08-21T16:48:36.601-0300 [DEBUG] [io.spring.gradle.dependencymanagement.internal.VersionConfiguringAction] Processing requested dependency 'org.hibernate:hibernate-vector:7.4.1.Final' with target 'org.hibernate:hibernate-vector:7.4.1.Final
2026-08-21T16:48:36.601-0300 [DEBUG] [io.spring.gradle.dependencymanagement.internal.VersionConfiguringAction] No dependency management for dependency 'org.hibernate:hibernate-vector:7.4.1.Final'
2026-08-21T16:48:36.601-0300 [DEBUG] [io.spring.gradle.dependencymanagement.internal.VersionConfiguringAction] Processing requested dependency 'org.hibernate.orm:hibernate-community-dialects:7.4.1.Final' with target 'org.hibernate.orm:hibernate-community-dialects:7.4.1.Final
2026-08-21T16:48:36.601-0300 [DEBUG] [io.spring.gradle.dependencymanagement.internal.DependencyManagementContainer] Found managed version '7.4.1.Final' for dependency 'org.hibernate.orm:hibernate-community-dialects' in global dependency management
2026-08-21T16:48:36.601-0300 [DEBUG] [io.spring.gradle.dependencymanagement.internal.VersionConfiguringAction] Using version '7.4.1.Final' for dependency 'org.hibernate.orm:hibernate-community-dialects:7.4.1.Final'
2026-08-21T16:48:36.601-0300 [DEBUG] [io.spring.gradle.dependencymanagement.internal.VersionConfiguringAction] Processing requested dependency 'org.hibernate:hibernate-community-dialects:7.4.1.Final' with target 'org.hibernate:hibernate-community-dialects:7.4.1.Final
2026-08-21T16:48:36.601-0300 [DEBUG] [io.spring.gradle.dependencymanagement.internal.VersionConfiguringAction] No dependency management for dependency 'org.hibernate:hibernate-community-dialects:7.4.1.Final'
2026-08-21T16:48:36.601-0300 [DEBUG] [io.spring.gradle.dependencymanagement.internal.VersionConfiguringAction] Processing requested dependency 'org.hibernate.orm:hibernate-scan-jandex:7.4.1.Final' with target 'org.hibernate.orm:hibernate-scan-jandex:7.4.1.Final
2026-08-21T16:48:36.601-0300 [DEBUG] [io.spring.gradle.dependencymanagement.internal.DependencyManagementContainer] Found managed version '7.4.1.Final' for dependency 'org.hibernate.orm:hibernate-scan-jandex' in global dependency management
2026-08-21T16:48:36.601-0300 [DEBUG] [io.spring.gradle.dependencymanagement.internal.VersionConfiguringAction] Using version '7.4.1.Final' for dependency 'org.hibernate.orm:hibernate-scan-jandex:7.4.1.Final'
2026-08-21T16:48:36.601-0300 [DEBUG] [io.spring.gradle.dependencymanagement.internal.VersionConfiguringAction] Processing requested dependency 'org.hibernate.orm:hibernate-agroal:7.4.1.Final' with target 'org.hibernate.orm:hibernate-agroal:7.4.1.Final
2026-08-21T16:48:36.601-0300 [DEBUG] [io.spring.gradle.dependencymanagement.internal.DependencyManagementContainer] Found managed version '7.4.1.Final' for dependency 'org.hibernate.orm:hibernate-agroal' in global dependency management
2026-08-21T16:48:36.601-0300 [DEBUG] [io.spring.gradle.dependencymanagement.internal.VersionConfiguringAction] Using version '7.4.1.Final' for dependency 'org.hibernate.orm:hibernate-agroal:7.4.1.Final'
2026-08-21T16:48:36.601-0300 [DEBUG] [io.spring.gradle.dependencymanagement.internal.VersionConfiguringAction] Processing requested dependency 'org.hibernate:hibernate-agroal:7.4.1.Final' with target 'org.hibernate:hibernate-agroal:7.4.1.Final
2026-08-21T16:48:36.601-0300 [DEBUG] [io.spring.gradle.dependencymanagement.internal.VersionConfiguringAction] No dependency management for dependency 'org.hibernate:hibernate-agroal:7.4.1.Final'
2026-08-21T16:48:36.601-0300 [DEBUG] [io.spring.gradle.dependencymanagement.internal.VersionConfiguringAction] Processing requested dependency 'org.hibernate.orm:hibernate-c3p0:7.4.1.Final' with target 'org.hibernate.orm:hibernate-c3p0:7.4.1.Final
2026-08-21T16:48:36.601-0300 [DEBUG] [io.spring.gradle.dependencymanagement.internal.DependencyManagementContainer] Found managed version '7.4.1.Final' for dependency 'org.hibernate.orm:hibernate-c3p0' in global dependency management
2026-08-21T16:48:36.601-0300 [DEBUG] [io.spring.gradle.dependencymanagement.internal.VersionConfiguringAction] Using version '7.4.1.Final' for dependency 'org.hibernate.orm:hibernate-c3p0:7.4.1.Final'
2026-08-21T16:48:36.601-0300 [DEBUG] [io.spring.gradle.dependencymanagement.internal.VersionConfiguringAction] Processing requested dependency 'org.hibernate:hibernate-c3p0:7.4.1.Final' with target 'org.hibernate:hibernate-c3p0:7.4.1.Final
2026-08-21T16:48:36.601-0300 [DEBUG] [io.spring.gradle.dependencymanagement.internal.VersionConfiguringAction] No dependency management for dependency 'org.hibernate:hibernate-c3p0:7.4.1.Final'
2026-08-21T16:48:36.602-0300 [DEBUG] [io.spring.gradle.dependencymanagement.internal.VersionConfiguringAction] Processing requested dependency 'org.hibernate.orm:hibernate-hikaricp:7.4.1.Final' with target 'org.hibernate.orm:hibernate-hikaricp:7.4.1.Final
2026-08-21T16:48:36.602-0300 [DEBUG] [io.spring.gradle.dependencymanagement.internal.DependencyManagementContainer] Found managed version '7.4.1.Final' for dependency 'org.hibernate.orm:hibernate-hikaricp' in global dependency management
2026-08-21T16:48:36.602-0300 [DEBUG] [io.spring.gradle.dependencymanagement.internal.VersionConfiguringAction] Using version '7.4.1.Final' for dependency 'org.hibernate.orm:hibernate-hikaricp:7.4.1.Final'
2026-08-21T16:48:36.602-0300 [DEBUG] [io.spring.gradle.dependencymanagement.internal.VersionConfiguringAction] Processing requested dependency 'org.hibernate:hibernate-hikaricp:7.4.1.Final' with target 'org.hibernate:hibernate-hikaricp:7.4.1.Final
2026-08-21T16:48:36.602-0300 [DEBUG] [io.spring.gradle.dependencymanagement.internal.VersionConfiguringAction] No dependency management for dependency 'org.hibernate:hibernate-hikaricp:7.4.1.Final'
2026-08-21T16:48:36.602-0300 [DEBUG] [io.spring.gradle.dependencymanagement.internal.VersionConfiguringAction] Processing requested dependency 'org.hibernate.orm:hibernate-jcache:7.4.1.Final' with target 'org.hibernate.orm:hibernate-jcache:7.4.1.Final
2026-08-21T16:48:36.602-0300 [DEBUG] [io.spring.gradle.dependencymanagement.internal.DependencyManagementContainer] Found managed version '7.4.1.Final' for dependency 'org.hibernate.orm:hibernate-jcache' in global dependency management
2026-08-21T16:48:36.602-0300 [DEBUG] [io.spring.gradle.dependencymanagement.internal.VersionConfiguringAction] Using version '7.4.1.Final' for dependency 'org.hibernate.orm:hibernate-jcache:7.4.1.Final'
2026-08-21T16:48:36.602-0300 [DEBUG] [io.spring.gradle.dependencymanagement.internal.VersionConfiguringAction] Processing requested dependency 'org.hibernate:hibernate-jcache:7.4.1.Final' with target 'org.hibernate:hibernate-jcache:7.4.1.Final
2026-08-21T16:48:36.602-0300 [DEBUG] [io.spring.gradle.dependencymanagement.internal.VersionConfiguringAction] No dependency management for dependency 'org.hibernate:hibernate-jcache:7.4.1.Final'
2026-08-21T16:48:36.602-0300 [DEBUG] [io.spring.gradle.dependencymanagement.internal.VersionConfiguringAction] Processing requested dependency 'org.hibernate.orm:hibernate-micrometer:7.4.1.Final' with target 'org.hibernate.orm:hibernate-micrometer:7.4.1.Final
2026-08-21T16:48:36.602-0300 [DEBUG] [io.spring.gradle.dependencymanagement.internal.DependencyManagementContainer] Found managed version '7.4.1.Final' for dependency 'org.hibernate.orm:hibernate-micrometer' in global dependency management
2026-08-21T16:48:36.602-0300 [DEBUG] [io.spring.gradle.dependencymanagement.internal.VersionConfiguringAction] Using version '7.4.1.Final' for dependency 'org.hibernate.orm:hibernate-micrometer:7.4.1.Final'
2026-08-21T16:48:36.602-0300 [DEBUG] [io.spring.gradle.dependencymanagement.internal.VersionConfiguringAction] Processing requested dependency 'org.hibernate:hibernate-micrometer:7.4.1.Final' with target 'org.hibernate:hibernate-micrometer:7.4.1.Final
2026-08-21T16:48:36.602-0300 [DEBUG] [io.spring.gradle.dependencymanagement.internal.VersionConfiguringAction] No dependency management for dependency 'org.hibernate:hibernate-micrometer:7.4.1.Final'
2026-08-21T16:48:36.602-0300 [DEBUG] [io.spring.gradle.dependencymanagement.internal.VersionConfiguringAction] Processing requested dependency 'org.hibernate.orm:hibernate-graalvm:7.4.1.Final' with target 'org.hibernate.orm:hibernate-graalvm:7.4.1.Final
2026-08-21T16:48:36.602-0300 [DEBUG] [io.spring.gradle.dependencymanagement.internal.DependencyManagementContainer] Found managed version '7.4.1.Final' for dependency 'org.hibernate.orm:hibernate-graalvm' in global dependency management
2026-08-21T16:48:36.602-0300 [DEBUG] [io.spring.gradle.dependencymanagement.internal.VersionConfiguringAction] Using version '7.4.1.Final' for dependency 'org.hibernate.orm:hibernate-graalvm:7.4.1.Final'
2026-08-21T16:48:36.602-0300 [DEBUG] [io.spring.gradle.dependencymanagement.internal.VersionConfiguringAction] Processing requested dependency 'org.hibernate:hibernate-graalvm:7.4.1.Final' with target 'org.hibernate:hibernate-graalvm:7.4.1.Final
2026-08-21T16:48:36.602-0300 [DEBUG] [io.spring.gradle.dependencymanagement.internal.VersionConfiguringAction] No dependency management for dependency 'org.hibernate:hibernate-graalvm:7.4.1.Final'
2026-08-21T16:48:36.602-0300 [DEBUG] [io.spring.gradle.dependencymanagement.internal.VersionConfiguringAction] Processing requested dependency 'org.hibernate.orm:hibernate-processor:7.4.1.Final' with target 'org.hibernate.orm:hibernate-processor:7.4.1.Final
2026-08-21T16:48:36.602-0300 [DEBUG] [io.spring.gradle.dependencymanagement.internal.DependencyManagementContainer] Found managed version '7.4.1.Final' for dependency 'org.hibernate.orm:hibernate-processor' in global dependency management
2026-08-21T16:48:36.602-0300 [DEBUG] [io.spring.gradle.dependencymanagement.internal.VersionConfiguringAction] Using version '7.4.1.Final' for dependency 'org.hibernate.orm:hibernate-processor:7.4.1.Final'
2026-08-21T16:48:36.602-0300 [DEBUG] [io.spring.gradle.dependencymanagement.internal.VersionConfiguringAction] Processing requested dependency 'org.hibernate:hibernate-processor:7.4.1.Final' with target 'org.hibernate:hibernate-processor:7.4.1.Final
2026-08-21T16:48:36.602-0300 [DEBUG] [io.spring.gradle.dependencymanagement.internal.VersionConfiguringAction] No dependency management for dependency 'org.hibernate:hibernate-processor:7.4.1.Final'
2026-08-21T16:48:36.602-0300 [DEBUG] [io.spring.gradle.dependencymanagement.internal.VersionConfiguringAction] Processing requested dependency 'org.hibernate.orm:hibernate-gradle-plugin:7.4.1.Final' with target 'org.hibernate.orm:hibernate-gradle-plugin:7.4.1.Final
2026-08-21T16:48:36.602-0300 [DEBUG] [io.spring.gradle.dependencymanagement.internal.VersionConfiguringAction] No dependency management for dependency 'org.hibernate.orm:hibernate-gradle-plugin:7.4.1.Final'
2026-08-21T16:48:36.602-0300 [DEBUG] [io.spring.gradle.dependencymanagement.internal.VersionConfiguringAction] Processing requested dependency 'org.hibernate.orm:hibernate-maven-plugin:7.4.1.Final' with target 'org.hibernate.orm:hibernate-maven-plugin:7.4.1.Final
2026-08-21T16:48:36.602-0300 [DEBUG] [io.spring.gradle.dependencymanagement.internal.VersionConfiguringAction] No dependency management for dependency 'org.hibernate.orm:hibernate-maven-plugin:7.4.1.Final'
2026-08-21T16:48:36.602-0300 [DEBUG] [io.spring.gradle.dependencymanagement.internal.VersionConfiguringAction] Processing requested dependency 'org.hibernate.orm:hibernate-ant:7.4.1.Final' with target 'org.hibernate.orm:hibernate-ant:7.4.1.Final
2026-08-21T16:48:36.602-0300 [DEBUG] [io.spring.gradle.dependencymanagement.internal.DependencyManagementContainer] Found managed version '7.4.1.Final' for dependency 'org.hibernate.orm:hibernate-ant' in global dependency management
2026-08-21T16:48:36.602-0300 [DEBUG] [io.spring.gradle.dependencymanagement.internal.VersionConfiguringAction] Using version '7.4.1.Final' for dependency 'org.hibernate.orm:hibernate-ant:7.4.1.Final'
2026-08-21T16:48:36.602-0300 [DEBUG] [io.spring.gradle.dependencymanagement.internal.VersionConfiguringAction] Processing requested dependency 'org.hibernate:hibernate-ant:7.4.1.Final' with target 'org.hibernate:hibernate-ant:7.4.1.Final
2026-08-21T16:48:36.602-0300 [DEBUG] [io.spring.gradle.dependencymanagement.internal.VersionConfiguringAction] No dependency management for dependency 'org.hibernate:hibernate-ant:7.4.1.Final'
2026-08-21T16:48:36.602-0300 [DEBUG] [io.spring.gradle.dependencymanagement.internal.VersionConfiguringAction] Processing requested dependency 'org.hibernate.orm:hibernate-assistant:7.4.1.Final' with target 'org.hibernate.orm:hibernate-assistant:7.4.1.Final
2026-08-21T16:48:36.602-0300 [DEBUG] [io.spring.gradle.dependencymanagement.internal.VersionConfiguringAction] No dependency management for dependency 'org.hibernate.orm:hibernate-assistant:7.4.1.Final'
2026-08-21T16:48:36.602-0300 [DEBUG] [io.spring.gradle.dependencymanagement.internal.VersionConfiguringAction] Processing requested dependency 'org.hibernate:hibernate-assistant:7.4.1.Final' with target 'org.hibernate:hibernate-assistant:7.4.1.Final
2026-08-21T16:48:36.602-0300 [DEBUG] [io.spring.gradle.dependencymanagement.internal.VersionConfiguringAction] No dependency management for dependency 'org.hibernate:hibernate-assistant:7.4.1.Final'
2026-08-21T16:48:36.602-0300 [DEBUG] [io.spring.gradle.dependencymanagement.internal.VersionConfiguringAction] Processing requested dependency 'org.hibernate.orm:hibernate-reveng:7.4.1.Final' with target 'org.hibernate.orm:hibernate-reveng:7.4.1.Final
2026-08-21T16:48:36.602-0300 [DEBUG] [io.spring.gradle.dependencymanagement.internal.VersionConfiguringAction] No dependency management for dependency 'org.hibernate.orm:hibernate-reveng:7.4.1.Final'
2026-08-21T16:48:36.602-0300 [DEBUG] [io.spring.gradle.dependencymanagement.internal.VersionConfiguringAction] Processing requested dependency 'org.hibernate:hibernate-reveng:7.4.1.Final' with target 'org.hibernate:hibernate-reveng:7.4.1.Final
2026-08-21T16:48:36.602-0300 [DEBUG] [io.spring.gradle.dependencymanagement.internal.VersionConfiguringAction] No dependency management for dependency 'org.hibernate:hibernate-reveng:7.4.1.Final'
2026-08-21T16:48:36.602-0300 [DEBUG] [io.spring.gradle.dependencymanagement.internal.VersionConfiguringAction] Processing requested dependency 'org.hibernate.orm:hibernate-jfr:7.4.1.Final' with target 'org.hibernate.orm:hibernate-jfr:7.4.1.Final
2026-08-21T16:48:36.602-0300 [DEBUG] [io.spring.gradle.dependencymanagement.internal.VersionConfiguringAction] No dependency management for dependency 'org.hibernate.orm:hibernate-jfr:7.4.1.Final'
2026-08-21T16:48:36.602-0300 [DEBUG] [io.spring.gradle.dependencymanagement.internal.VersionConfiguringAction] Processing requested dependency 'org.hibernate:hibernate-jfr:7.4.1.Final' with target 'org.hibernate:hibernate-jfr:7.4.1.Final
2026-08-21T16:48:36.602-0300 [DEBUG] [io.spring.gradle.dependencymanagement.internal.VersionConfiguringAction] No dependency management for dependency 'org.hibernate:hibernate-jfr:7.4.1.Final'
2026-08-21T16:48:36.602-0300 [DEBUG] [io.spring.gradle.dependencymanagement.internal.VersionConfiguringAction] Processing requested dependency 'jakarta.data:jakarta.data-api:1.0.1' with target 'jakarta.data:jakarta.data-api:1.0.1
2026-08-21T16:48:36.602-0300 [DEBUG] [io.spring.gradle.dependencymanagement.internal.VersionConfiguringAction] No dependency management for dependency 'jakarta.data:jakarta.data-api:1.0.1'
2026-08-21T16:48:36.602-0300 [DEBUG] [org.gradle.api.internal.artifacts.ivyservice.ivyresolve.RepositoryChainComponentMetaDataResolver] Attempting to resolve component for jakarta.transaction:jakarta.transaction-api:2.0.1 using repositories [MavenRepo]
2026-08-21T16:48:36.602-0300 [DEBUG] [org.gradle.api.internal.artifacts.ivyservice.ivyresolve.CachingModuleComponentRepository] Using cached module metadata for module 'jakarta.transaction:jakarta.transaction-api:2.0.1' in 'MavenRepo'
2026-08-21T16:48:36.602-0300 [DEBUG] [org.gradle.api.internal.artifacts.ivyservice.ivyresolve.RepositoryChainComponentMetaDataResolver] Using jakarta.transaction:jakarta.transaction-api:2.0.1 from org.gradle.api.internal.artifacts.ivyservice.ivyresolve.FilteredModuleComponentRepository@21db6d60
2026-08-21T16:48:36.602-0300 [DEBUG] [io.spring.gradle.dependencymanagement.internal.VersionConfiguringAction] Processing requested dependency 'org.slf4j:slf4j-api:1.7.36' with target 'org.slf4j:slf4j-api:1.7.36
2026-08-21T16:48:36.603-0300 [DEBUG] [io.spring.gradle.dependencymanagement.internal.DependencyManagementContainer] Found managed version '2.0.18' for dependency 'org.slf4j:slf4j-api' in global dependency management
2026-08-21T16:48:36.603-0300 [DEBUG] [io.spring.gradle.dependencymanagement.internal.VersionConfiguringAction] Using version '2.0.18' for dependency 'org.slf4j:slf4j-api:1.7.36'
2026-08-21T16:48:36.603-0300 [DEBUG] [io.spring.gradle.dependencymanagement.internal.VersionConfiguringAction] Processing requested dependency 'io.netty:netty-resolver:4.2.15.Final' with target 'io.netty:netty-resolver:4.2.15.Final
2026-08-21T16:48:36.603-0300 [DEBUG] [io.spring.gradle.dependencymanagement.internal.DependencyManagementContainer] Found managed version '4.2.15.Final' for dependency 'io.netty:netty-resolver' in global dependency management
2026-08-21T16:48:36.603-0300 [DEBUG] [io.spring.gradle.dependencymanagement.internal.VersionConfiguringAction] Using version '4.2.15.Final' for dependency 'io.netty:netty-resolver:4.2.15.Final'
2026-08-21T16:48:36.603-0300 [DEBUG] [io.spring.gradle.dependencymanagement.internal.VersionConfiguringAction] Processing requested dependency 'io.netty:netty-buffer:4.2.15.Final' with target 'io.netty:netty-buffer:4.2.15.Final
2026-08-21T16:48:36.603-0300 [DEBUG] [io.spring.gradle.dependencymanagement.internal.DependencyManagementContainer] Found managed version '4.2.15.Final' for dependency 'io.netty:netty-buffer' in global dependency management
2026-08-21T16:48:36.603-0300 [DEBUG] [io.spring.gradle.dependencymanagement.internal.VersionConfiguringAction] Using version '4.2.15.Final' for dependency 'io.netty:netty-buffer:4.2.15.Final'
2026-08-21T16:48:36.603-0300 [DEBUG] [io.spring.gradle.dependencymanagement.internal.VersionConfiguringAction] Processing requested dependency 'io.netty:netty-transport:4.2.15.Final' with target 'io.netty:netty-transport:4.2.15.Final
2026-08-21T16:48:36.603-0300 [DEBUG] [io.spring.gradle.dependencymanagement.internal.DependencyManagementContainer] Found managed version '4.2.15.Final' for dependency 'io.netty:netty-transport' in global dependency management
2026-08-21T16:48:36.603-0300 [DEBUG] [io.spring.gradle.dependencymanagement.internal.VersionConfiguringAction] Using version '4.2.15.Final' for dependency 'io.netty:netty-transport:4.2.15.Final'
2026-08-21T16:48:36.603-0300 [DEBUG] [io.spring.gradle.dependencymanagement.internal.VersionConfiguringAction] Processing requested dependency 'io.netty:netty-transport-native-unix-common:4.2.15.Final' with target 'io.netty:netty-transport-native-unix-common:4.2.15.Final
2026-08-21T16:48:36.603-0300 [DEBUG] [io.spring.gradle.dependencymanagement.internal.DependencyManagementContainer] Found managed version '4.2.15.Final' for dependency 'io.netty:netty-transport-native-unix-common' in global dependency management
2026-08-21T16:48:36.603-0300 [DEBUG] [io.spring.gradle.dependencymanagement.internal.VersionConfiguringAction] Using version '4.2.15.Final' for dependency 'io.netty:netty-transport-native-unix-common:4.2.15.Final'
2026-08-21T16:48:36.603-0300 [DEBUG] [io.spring.gradle.dependencymanagement.internal.VersionConfiguringAction] Processing requested dependency 'io.netty:netty-codec-base:4.2.15.Final' with target 'io.netty:netty-codec-base:4.2.15.Final
2026-08-21T16:48:36.603-0300 [DEBUG] [io.spring.gradle.dependencymanagement.internal.DependencyManagementContainer] Found managed version '4.2.15.Final' for dependency 'io.netty:netty-codec-base' in global dependency management
2026-08-21T16:48:36.603-0300 [DEBUG] [io.spring.gradle.dependencymanagement.internal.VersionConfiguringAction] Using version '4.2.15.Final' for dependency 'io.netty:netty-codec-base:4.2.15.Final'
2026-08-21T16:48:36.603-0300 [DEBUG] [org.gradle.api.internal.artifacts.ivyservice.ivyresolve.RepositoryChainComponentMetaDataResolver] Attempting to resolve component for io.netty:netty-resolver:4.2.15.Final using repositories [MavenRepo]
2026-08-21T16:48:36.603-0300 [DEBUG] [org.gradle.api.internal.artifacts.ivyservice.ivyresolve.CachingModuleComponentRepository] Using cached module metadata for module 'io.netty:netty-resolver:4.2.15.Final' in 'MavenRepo'
2026-08-21T16:48:36.603-0300 [DEBUG] [org.gradle.api.internal.artifacts.ivyservice.ivyresolve.RepositoryChainComponentMetaDataResolver] Using io.netty:netty-resolver:4.2.15.Final from org.gradle.api.internal.artifacts.ivyservice.ivyresolve.FilteredModuleComponentRepository@21db6d60
2026-08-21T16:48:36.603-0300 [DEBUG] [org.gradle.api.internal.artifacts.ivyservice.ivyresolve.RepositoryChainComponentMetaDataResolver] Attempting to resolve component for io.netty:netty-buffer:4.2.15.Final using repositories [MavenRepo]
2026-08-21T16:48:36.603-0300 [DEBUG] [org.gradle.api.internal.artifacts.ivyservice.ivyresolve.CachingModuleComponentRepository] Using cached module metadata for module 'io.netty:netty-buffer:4.2.15.Final' in 'MavenRepo'
2026-08-21T16:48:36.603-0300 [DEBUG] [org.gradle.api.internal.artifacts.ivyservice.ivyresolve.RepositoryChainComponentMetaDataResolver] Using io.netty:netty-buffer:4.2.15.Final from org.gradle.api.internal.artifacts.ivyservice.ivyresolve.FilteredModuleComponentRepository@21db6d60
2026-08-21T16:48:36.603-0300 [DEBUG] [org.gradle.api.internal.artifacts.ivyservice.ivyresolve.RepositoryChainComponentMetaDataResolver] Attempting to resolve component for io.netty:netty-transport-native-unix-common:4.2.15.Final using repositories [MavenRepo]
2026-08-21T16:48:36.603-0300 [DEBUG] [org.gradle.api.internal.artifacts.ivyservice.ivyresolve.CachingModuleComponentRepository] Using cached module metadata for module 'io.netty:netty-transport-native-unix-common:4.2.15.Final' in 'MavenRepo'
2026-08-21T16:48:36.603-0300 [DEBUG] [org.gradle.api.internal.artifacts.ivyservice.ivyresolve.RepositoryChainComponentMetaDataResolver] Using io.netty:netty-transport-native-unix-common:4.2.15.Final from org.gradle.api.internal.artifacts.ivyservice.ivyresolve.FilteredModuleComponentRepository@21db6d60
2026-08-21T16:48:36.603-0300 [DEBUG] [org.gradle.api.internal.artifacts.ivyservice.ivyresolve.RepositoryChainComponentMetaDataResolver] Attempting to resolve component for io.netty:netty-codec-base:4.2.15.Final using repositories [MavenRepo]
2026-08-21T16:48:36.603-0300 [DEBUG] [org.gradle.api.internal.artifacts.ivyservice.ivyresolve.CachingModuleComponentRepository] Using cached module metadata for module 'io.netty:netty-codec-base:4.2.15.Final' in 'MavenRepo'
2026-08-21T16:48:36.603-0300 [DEBUG] [org.gradle.api.internal.artifacts.ivyservice.ivyresolve.RepositoryChainComponentMetaDataResolver] Using io.netty:netty-codec-base:4.2.15.Final from org.gradle.api.internal.artifacts.ivyservice.ivyresolve.FilteredModuleComponentRepository@21db6d60
2026-08-21T16:48:36.603-0300 [DEBUG] [io.spring.gradle.dependencymanagement.internal.VersionConfiguringAction] Processing requested dependency 'org.reactivestreams:reactive-streams:1.0.4' with target 'org.reactivestreams:reactive-streams:1.0.4
2026-08-21T16:48:36.603-0300 [DEBUG] [io.spring.gradle.dependencymanagement.internal.DependencyManagementContainer] Found managed version '1.0.4' for dependency 'org.reactivestreams:reactive-streams' in global dependency management
2026-08-21T16:48:36.603-0300 [DEBUG] [io.spring.gradle.dependencymanagement.internal.VersionConfiguringAction] Using version '1.0.4' for dependency 'org.reactivestreams:reactive-streams:1.0.4'
2026-08-21T16:48:36.603-0300 [DEBUG] [org.gradle.api.internal.artifacts.ivyservice.ivyresolve.RepositoryChainComponentMetaDataResolver] Attempting to resolve component for org.reactivestreams:reactive-streams:1.0.4 using repositories [MavenRepo]
2026-08-21T16:48:36.603-0300 [DEBUG] [org.gradle.api.internal.artifacts.ivyservice.ivyresolve.CachingModuleComponentRepository] Using cached module metadata for module 'org.reactivestreams:reactive-streams:1.0.4' in 'MavenRepo'
2026-08-21T16:48:36.603-0300 [DEBUG] [org.gradle.api.internal.artifacts.ivyservice.ivyresolve.RepositoryChainComponentMetaDataResolver] Using org.reactivestreams:reactive-streams:1.0.4 from org.gradle.api.internal.artifacts.ivyservice.ivyresolve.FilteredModuleComponentRepository@21db6d60
2026-08-21T16:48:36.603-0300 [DEBUG] [io.spring.gradle.dependencymanagement.internal.VersionConfiguringAction] Processing requested dependency 'io.netty:netty-codec-dns:4.2.15.Final' with target 'io.netty:netty-codec-dns:4.2.15.Final
2026-08-21T16:48:36.603-0300 [DEBUG] [io.spring.gradle.dependencymanagement.internal.DependencyManagementContainer] Found managed version '4.2.15.Final' for dependency 'io.netty:netty-codec-dns' in global dependency management
2026-08-21T16:48:36.603-0300 [DEBUG] [io.spring.gradle.dependencymanagement.internal.VersionConfiguringAction] Using version '4.2.15.Final' for dependency 'io.netty:netty-codec-dns:4.2.15.Final'
2026-08-21T16:48:36.603-0300 [DEBUG] [io.spring.gradle.dependencymanagement.internal.VersionConfiguringAction] Processing requested dependency 'io.netty:netty-handler:4.2.15.Final' with target 'io.netty:netty-handler:4.2.15.Final
2026-08-21T16:48:36.603-0300 [DEBUG] [io.spring.gradle.dependencymanagement.internal.DependencyManagementContainer] Found managed version '4.2.15.Final' for dependency 'io.netty:netty-handler' in global dependency management
2026-08-21T16:48:36.603-0300 [DEBUG] [io.spring.gradle.dependencymanagement.internal.VersionConfiguringAction] Using version '4.2.15.Final' for dependency 'io.netty:netty-handler:4.2.15.Final'
2026-08-21T16:48:36.603-0300 [DEBUG] [org.gradle.api.internal.artifacts.ivyservice.ivyresolve.RepositoryChainComponentMetaDataResolver] Attempting to resolve component for io.netty:netty-codec-dns:4.2.15.Final using repositories [MavenRepo]
2026-08-21T16:48:36.603-0300 [DEBUG] [org.gradle.api.internal.artifacts.ivyservice.ivyresolve.CachingModuleComponentRepository] Using cached module metadata for module 'io.netty:netty-codec-dns:4.2.15.Final' in 'MavenRepo'
2026-08-21T16:48:36.603-0300 [DEBUG] [org.gradle.api.internal.artifacts.ivyservice.ivyresolve.RepositoryChainComponentMetaDataResolver] Using io.netty:netty-codec-dns:4.2.15.Final from org.gradle.api.internal.artifacts.ivyservice.ivyresolve.FilteredModuleComponentRepository@21db6d60
2026-08-21T16:48:36.603-0300 [DEBUG] [io.spring.gradle.dependencymanagement.internal.VersionConfiguringAction] Processing requested dependency 'jakarta.xml.bind:jakarta.xml.bind-api:3.0.1' with target 'jakarta.xml.bind:jakarta.xml.bind-api:3.0.1
2026-08-21T16:48:36.603-0300 [DEBUG] [io.spring.gradle.dependencymanagement.internal.DependencyManagementContainer] Found managed version '4.0.5' for dependency 'jakarta.xml.bind:jakarta.xml.bind-api' in global dependency management
2026-08-21T16:48:36.603-0300 [DEBUG] [io.spring.gradle.dependencymanagement.internal.VersionConfiguringAction] Using version '4.0.5' for dependency 'jakarta.xml.bind:jakarta.xml.bind-api:3.0.1'
2026-08-21T16:48:36.604-0300 [DEBUG] [io.spring.gradle.dependencymanagement.internal.VersionConfiguringAction] Processing requested dependency 'org.jboss.logging:jboss-logging:3.6.3.Final' with target 'org.jboss.logging:jboss-logging:3.6.3.Final
2026-08-21T16:48:36.604-0300 [DEBUG] [io.spring.gradle.dependencymanagement.internal.DependencyManagementContainer] Found managed version '3.6.3.Final' for dependency 'org.jboss.logging:jboss-logging' in global dependency management
2026-08-21T16:48:36.604-0300 [DEBUG] [io.spring.gradle.dependencymanagement.internal.VersionConfiguringAction] Using version '3.6.3.Final' for dependency 'org.jboss.logging:jboss-logging:3.6.3.Final'
2026-08-21T16:48:36.604-0300 [DEBUG] [io.spring.gradle.dependencymanagement.internal.VersionConfiguringAction] Processing requested dependency 'org.glassfish.jaxb:jaxb-core:4.0.9' with target 'org.glassfish.jaxb:jaxb-core:4.0.9
2026-08-21T16:48:36.604-0300 [DEBUG] [io.spring.gradle.dependencymanagement.internal.DependencyManagementContainer] Found managed version '4.0.9' for dependency 'org.glassfish.jaxb:jaxb-core' in global dependency management
2026-08-21T16:48:36.604-0300 [DEBUG] [io.spring.gradle.dependencymanagement.internal.VersionConfiguringAction] Using version '4.0.9' for dependency 'org.glassfish.jaxb:jaxb-core:4.0.9'
2026-08-21T16:48:36.604-0300 [DEBUG] [org.gradle.api.internal.artifacts.ivyservice.ivyresolve.RepositoryChainComponentMetaDataResolver] Attempting to resolve component for org.glassfish.jaxb:jaxb-core:4.0.9 using repositories [MavenRepo]
2026-08-21T16:48:36.604-0300 [DEBUG] [org.gradle.api.internal.artifacts.ivyservice.ivyresolve.CachingModuleComponentRepository] Using cached module metadata for module 'org.glassfish.jaxb:jaxb-core:4.0.9' in 'MavenRepo'
2026-08-21T16:48:36.604-0300 [DEBUG] [org.gradle.api.internal.artifacts.ivyservice.ivyresolve.RepositoryChainComponentMetaDataResolver] Using org.glassfish.jaxb:jaxb-core:4.0.9 from org.gradle.api.internal.artifacts.ivyservice.ivyresolve.FilteredModuleComponentRepository@21db6d60
2026-08-21T16:48:36.604-0300 [DEBUG] [io.spring.gradle.dependencymanagement.internal.VersionConfiguringAction] Processing requested dependency 'org.eclipse.angus:angus-activation:2.0.3' with target 'org.eclipse.angus:angus-activation:2.0.3
2026-08-21T16:48:36.604-0300 [DEBUG] [io.spring.gradle.dependencymanagement.internal.VersionConfiguringAction] No dependency management for dependency 'org.eclipse.angus:angus-activation:2.0.3'
2026-08-21T16:48:36.604-0300 [DEBUG] [io.spring.gradle.dependencymanagement.internal.VersionConfiguringAction] Processing requested dependency 'org.glassfish.jaxb:txw2:4.0.9' with target 'org.glassfish.jaxb:txw2:4.0.9
2026-08-21T16:48:36.604-0300 [DEBUG] [io.spring.gradle.dependencymanagement.internal.DependencyManagementContainer] Found managed version '4.0.9' for dependency 'org.glassfish.jaxb:txw2' in global dependency management
2026-08-21T16:48:36.604-0300 [DEBUG] [io.spring.gradle.dependencymanagement.internal.VersionConfiguringAction] Using version '4.0.9' for dependency 'org.glassfish.jaxb:txw2:4.0.9'
2026-08-21T16:48:36.604-0300 [DEBUG] [io.spring.gradle.dependencymanagement.internal.VersionConfiguringAction] Processing requested dependency 'com.sun.istack:istack-commons-runtime:4.1.2' with target 'com.sun.istack:istack-commons-runtime:4.1.2
2026-08-21T16:48:36.604-0300 [DEBUG] [io.spring.gradle.dependencymanagement.internal.VersionConfiguringAction] No dependency management for dependency 'com.sun.istack:istack-commons-runtime:4.1.2'
2026-08-21T16:48:36.604-0300 [DEBUG] [org.gradle.api.internal.artifacts.ivyservice.ivyresolve.RepositoryChainComponentMetaDataResolver] Attempting to resolve component for org.eclipse.angus:angus-activation:2.0.3 using repositories [MavenRepo]
2026-08-21T16:48:36.604-0300 [DEBUG] [org.gradle.api.internal.artifacts.ivyservice.ivyresolve.CachingModuleComponentRepository] Using cached module metadata for module 'org.eclipse.angus:angus-activation:2.0.3' in 'MavenRepo'
2026-08-21T16:48:36.604-0300 [DEBUG] [org.gradle.api.internal.artifacts.ivyservice.ivyresolve.RepositoryChainComponentMetaDataResolver] Using org.eclipse.angus:angus-activation:2.0.3 from org.gradle.api.internal.artifacts.ivyservice.ivyresolve.FilteredModuleComponentRepository@21db6d60
2026-08-21T16:48:36.604-0300 [DEBUG] [org.gradle.api.internal.artifacts.ivyservice.ivyresolve.RepositoryChainComponentMetaDataResolver] Attempting to resolve component for org.glassfish.jaxb:txw2:4.0.9 using repositories [MavenRepo]
2026-08-21T16:48:36.604-0300 [DEBUG] [org.gradle.api.internal.artifacts.ivyservice.ivyresolve.CachingModuleComponentRepository] Using cached module metadata for module 'org.glassfish.jaxb:txw2:4.0.9' in 'MavenRepo'
2026-08-21T16:48:36.604-0300 [DEBUG] [org.gradle.api.internal.artifacts.ivyservice.ivyresolve.RepositoryChainComponentMetaDataResolver] Using org.glassfish.jaxb:txw2:4.0.9 from org.gradle.api.internal.artifacts.ivyservice.ivyresolve.FilteredModuleComponentRepository@21db6d60
2026-08-21T16:48:36.604-0300 [DEBUG] [org.gradle.api.internal.artifacts.ivyservice.ivyresolve.RepositoryChainComponentMetaDataResolver] Attempting to resolve component for com.sun.istack:istack-commons-runtime:4.1.2 using repositories [MavenRepo]
2026-08-21T16:48:36.604-0300 [DEBUG] [org.gradle.api.internal.artifacts.ivyservice.ivyresolve.CachingModuleComponentRepository] Using cached module metadata for module 'com.sun.istack:istack-commons-runtime:4.1.2' in 'MavenRepo'
2026-08-21T16:48:36.604-0300 [DEBUG] [org.gradle.api.internal.artifacts.ivyservice.ivyresolve.RepositoryChainComponentMetaDataResolver] Using com.sun.istack:istack-commons-runtime:4.1.2 from org.gradle.api.internal.artifacts.ivyservice.ivyresolve.FilteredModuleComponentRepository@21db6d60
2026-08-21T16:48:36.605-0300 [DEBUG] [org.gradle.internal.operations.DefaultBuildOperationRunner] Completing Build operation 'Resolve dependencies of :detachedConfiguration115'
2026-08-21T16:48:36.605-0300 [DEBUG] [org.gradle.internal.operations.DefaultBuildOperationRunner] Build operation 'Resolve dependencies of :detachedConfiguration115' completed
2026-08-21T16:48:36.605-0300 [DEBUG] [org.gradle.api.internal.artifacts.ivyservice.resolveengine.result.StreamingResolutionResultBuilder$GraphFactory] Loaded resolution results (0.0 secs) from Binary store in /Users/claratorres1414/.gradle/.tmp/gradle14523498154792549156.bin offset 46800 exists? true
2026-08-21T16:48:36.606-0300 [DEBUG] [org.gradle.internal.operations.DefaultBuildOperationRunner] Build operation 'Resolve dependencies of :detachedConfiguration116' started
2026-08-21T16:48:36.606-0300 [DEBUG] [org.gradle.internal.operations.DefaultBuildOperationRunner] Completing Build operation 'Resolve dependencies of :detachedConfiguration116'
2026-08-21T16:48:36.606-0300 [DEBUG] [org.gradle.internal.operations.DefaultBuildOperationRunner] Build operation 'Resolve dependencies of :detachedConfiguration116' completed
2026-08-21T16:48:36.606-0300 [INFO] [io.spring.gradle.dependencymanagement.internal.ExclusionConfiguringAction] Excluding []
2026-08-21T16:48:36.606-0300 [DEBUG] [org.gradle.internal.operations.DefaultBuildOperationRunner] Completing Build operation 'Execute container callback action'
2026-08-21T16:48:36.606-0300 [DEBUG] [org.gradle.internal.operations.DefaultBuildOperationRunner] Build operation 'Execute container callback action' completed
2026-08-21T16:48:36.606-0300 [DEBUG] [org.gradle.internal.operations.DefaultBuildOperationRunner] Build operation 'Execute container callback action' started
2026-08-21T16:48:36.606-0300 [DEBUG] [org.gradle.internal.operations.DefaultBuildOperationRunner] Completing Build operation 'Execute container callback action'
2026-08-21T16:48:36.606-0300 [DEBUG] [org.gradle.internal.operations.DefaultBuildOperationRunner] Build operation 'Execute container callback action' completed
2026-08-21T16:48:36.607-0300 [DEBUG] [io.spring.gradle.dependencymanagement.internal.VersionConfiguringAction] Processing requested dependency 'org.springframework.boot:spring-boot-starter:' with target 'org.springframework.boot:spring-boot-starter:
2026-08-21T16:48:36.607-0300 [DEBUG] [io.spring.gradle.dependencymanagement.internal.DependencyManagementContainer] Found managed version '4.1.0' for dependency 'org.springframework.boot:spring-boot-starter' in global dependency management
2026-08-21T16:48:36.607-0300 [DEBUG] [io.spring.gradle.dependencymanagement.internal.VersionConfiguringAction] Using version '4.1.0' for dependency 'org.springframework.boot:spring-boot-starter:'
2026-08-21T16:48:36.607-0300 [DEBUG] [io.spring.gradle.dependencymanagement.internal.VersionConfiguringAction] Processing requested dependency 'org.springframework.boot:spring-boot-starter-web:' with target 'org.springframework.boot:spring-boot-starter-web:
2026-08-21T16:48:36.607-0300 [DEBUG] [io.spring.gradle.dependencymanagement.internal.DependencyManagementContainer] Found managed version '4.1.0' for dependency 'org.springframework.boot:spring-boot-starter-web' in global dependency management
2026-08-21T16:48:36.607-0300 [DEBUG] [io.spring.gradle.dependencymanagement.internal.VersionConfiguringAction] Using version '4.1.0' for dependency 'org.springframework.boot:spring-boot-starter-web:'
2026-08-21T16:48:36.607-0300 [DEBUG] [io.spring.gradle.dependencymanagement.internal.VersionConfiguringAction] Processing requested dependency 'org.springframework.boot:spring-boot-starter-data-jpa:' with target 'org.springframework.boot:spring-boot-starter-data-jpa:
2026-08-21T16:48:36.607-0300 [DEBUG] [io.spring.gradle.dependencymanagement.internal.DependencyManagementContainer] Found managed version '4.1.0' for dependency 'org.springframework.boot:spring-boot-starter-data-jpa' in global dependency management
2026-08-21T16:48:36.607-0300 [DEBUG] [io.spring.gradle.dependencymanagement.internal.VersionConfiguringAction] Using version '4.1.0' for dependency 'org.springframework.boot:spring-boot-starter-data-jpa:'
2026-08-21T16:48:36.607-0300 [DEBUG] [io.spring.gradle.dependencymanagement.internal.VersionConfiguringAction] Processing requested dependency 'org.flywaydb:flyway-core:' with target 'org.flywaydb:flyway-core:
2026-08-21T16:48:36.607-0300 [DEBUG] [io.spring.gradle.dependencymanagement.internal.DependencyManagementContainer] Found managed version '12.4.0' for dependency 'org.flywaydb:flyway-core' in global dependency management
2026-08-21T16:48:36.607-0300 [DEBUG] [io.spring.gradle.dependencymanagement.internal.VersionConfiguringAction] Using version '12.4.0' for dependency 'org.flywaydb:flyway-core:'
2026-08-21T16:48:36.607-0300 [DEBUG] [io.spring.gradle.dependencymanagement.internal.VersionConfiguringAction] Processing requested dependency 'org.springframework.boot:spring-boot-starter-data-redis:' with target 'org.springframework.boot:spring-boot-starter-data-redis:
2026-08-21T16:48:36.607-0300 [DEBUG] [io.spring.gradle.dependencymanagement.internal.DependencyManagementContainer] Found managed version '4.1.0' for dependency 'org.springframework.boot:spring-boot-starter-data-redis' in global dependency management
2026-08-21T16:48:36.607-0300 [DEBUG] [io.spring.gradle.dependencymanagement.internal.VersionConfiguringAction] Using version '4.1.0' for dependency 'org.springframework.boot:spring-boot-starter-data-redis:'
2026-08-21T16:48:36.607-0300 [DEBUG] [io.spring.gradle.dependencymanagement.internal.VersionConfiguringAction] Processing requested dependency 'me.paulschwarz:spring-dotenv-bom:5.1.0' with target 'me.paulschwarz:spring-dotenv-bom:5.1.0
2026-08-21T16:48:36.607-0300 [DEBUG] [io.spring.gradle.dependencymanagement.internal.VersionConfiguringAction] No dependency management for dependency 'me.paulschwarz:spring-dotenv-bom:5.1.0'
2026-08-21T16:48:36.607-0300 [DEBUG] [io.spring.gradle.dependencymanagement.internal.VersionConfiguringAction] Processing requested dependency 'org.projectlombok:lombok:' with target 'org.projectlombok:lombok:
2026-08-21T16:48:36.607-0300 [DEBUG] [io.spring.gradle.dependencymanagement.internal.DependencyManagementContainer] Found managed version '1.18.46' for dependency 'org.projectlombok:lombok' in global dependency management
2026-08-21T16:48:36.607-0300 [DEBUG] [io.spring.gradle.dependencymanagement.internal.VersionConfiguringAction] Using version '1.18.46' for dependency 'org.projectlombok:lombok:'
2026-08-21T16:48:36.607-0300 [DEBUG] [io.spring.gradle.dependencymanagement.internal.VersionConfiguringAction] Processing requested dependency 'org.springframework.boot:spring-boot-starter-test:' with target 'org.springframework.boot:spring-boot-starter-test:
2026-08-21T16:48:36.607-0300 [DEBUG] [io.spring.gradle.dependencymanagement.internal.DependencyManagementContainer] Found managed version '4.1.0' for dependency 'org.springframework.boot:spring-boot-starter-test' in global dependency management
2026-08-21T16:48:36.607-0300 [DEBUG] [io.spring.gradle.dependencymanagement.internal.VersionConfiguringAction] Using version '4.1.0' for dependency 'org.springframework.boot:spring-boot-starter-test:'
2026-08-21T16:48:36.607-0300 [DEBUG] [org.gradle.api.internal.artifacts.ivyservice.resolveengine.graph.builder.NodeState] org.springframework.boot:spring-boot-starter:4.1.0 is filtered.
2026-08-21T16:48:36.607-0300 [DEBUG] [org.gradle.api.internal.artifacts.ivyservice.resolveengine.graph.builder.NodeState] org.springframework.boot:spring-boot-starter-web:4.1.0 is filtered.
2026-08-21T16:48:36.607-0300 [DEBUG] [org.gradle.api.internal.artifacts.ivyservice.resolveengine.graph.builder.NodeState] org.springframework.boot:spring-boot-starter-data-jpa:4.1.0 is filtered.
2026-08-21T16:48:36.607-0300 [DEBUG] [org.gradle.api.internal.artifacts.ivyservice.resolveengine.graph.builder.NodeState] org.flywaydb:flyway-core:12.4.0 is filtered.
2026-08-21T16:48:36.607-0300 [DEBUG] [org.gradle.api.internal.artifacts.ivyservice.resolveengine.graph.builder.NodeState] org.springframework.boot:spring-boot-starter-data-redis:4.1.0 is filtered.
2026-08-21T16:48:36.607-0300 [DEBUG] [org.gradle.api.internal.artifacts.ivyservice.resolveengine.graph.builder.NodeState] me.paulschwarz:spring-dotenv-bom:5.1.0 is filtered.
2026-08-21T16:48:36.607-0300 [DEBUG] [org.gradle.api.internal.artifacts.ivyservice.resolveengine.graph.builder.NodeState] org.projectlombok:lombok:1.18.46 is filtered.
2026-08-21T16:48:36.607-0300 [DEBUG] [org.gradle.api.internal.artifacts.ivyservice.resolveengine.graph.builder.NodeState] org.springframework.boot:spring-boot-starter-test:4.1.0 is filtered.
2026-08-21T16:48:36.607-0300 [DEBUG] [org.gradle.internal.operations.DefaultBuildOperationRunner] Build operation 'Realize task :processTestResources' started
2026-08-21T16:48:36.607-0300 [DEBUG] [org.gradle.internal.operations.DefaultBuildOperationRunner] Build operation 'Execute container callback action' started
2026-08-21T16:48:36.608-0300 [DEBUG] [org.gradle.internal.operations.DefaultBuildOperationRunner] Completing Build operation 'Execute container callback action'
2026-08-21T16:48:36.608-0300 [DEBUG] [org.gradle.internal.operations.DefaultBuildOperationRunner] Build operation 'Execute container callback action' completed
2026-08-21T16:48:36.608-0300 [DEBUG] [org.gradle.internal.operations.DefaultBuildOperationRunner] Completing Build operation 'Realize task :processTestResources'
2026-08-21T16:48:36.608-0300 [DEBUG] [org.gradle.internal.operations.DefaultBuildOperationRunner] Build operation 'Realize task :processTestResources' completed
2026-08-21T16:48:36.608-0300 [DEBUG] [org.gradle.internal.resources.AbstractTrackedResourceLock] Daemon worker Thread 6: released lock on All projects of :
2026-08-21T16:48:36.609-0300 [DEBUG] [org.gradle.internal.operations.DefaultBuildOperationRunner] Completing Build operation 'Calculate task graph'
2026-08-21T16:48:36.609-0300 [DEBUG] [org.gradle.internal.operations.DefaultBuildOperationRunner] Build operation 'Calculate task graph' completed
2026-08-21T16:48:36.609-0300 [DEBUG] [org.gradle.internal.resources.AbstractTrackedResourceLock] Daemon worker Thread 6: acquired lock on All projects of :
2026-08-21T16:48:36.609-0300 [DEBUG] [org.gradle.internal.operations.DefaultBuildOperationRunner] Build operation 'Notify task graph whenReady listeners' started
2026-08-21T16:48:36.609-0300 [INFO] [org.gradle.internal.buildevents.BuildLogger] Tasks to be executed: [task ':compileJava', task ':processResources', task ':classes', task ':compileTestJava', task ':processTestResources', task ':testClasses', task ':test']
2026-08-21T16:48:36.609-0300 [INFO] [org.gradle.internal.buildevents.BuildLogger] Tasks that were excluded: []
2026-08-21T16:48:36.609-0300 [DEBUG] [org.gradle.internal.operations.DefaultBuildOperationRunner] Completing Build operation 'Notify task graph whenReady listeners'
2026-08-21T16:48:36.609-0300 [DEBUG] [org.gradle.internal.operations.DefaultBuildOperationRunner] Build operation 'Notify task graph whenReady listeners' completed
2026-08-21T16:48:36.609-0300 [DEBUG] [org.gradle.internal.resources.AbstractTrackedResourceLock] Daemon worker Thread 6: released lock on All projects of :
2026-08-21T16:48:36.609-0300 [DEBUG] [org.gradle.internal.operations.DefaultBuildOperationRunner] Build operation 'Realize task :clean' started
2026-08-21T16:48:36.609-0300 [DEBUG] [org.gradle.internal.operations.DefaultBuildOperationRunner] Build operation 'Execute container callback action' started
2026-08-21T16:48:36.609-0300 [DEBUG] [org.gradle.internal.operations.DefaultBuildOperationRunner] Completing Build operation 'Execute container callback action'
2026-08-21T16:48:36.609-0300 [DEBUG] [org.gradle.internal.operations.DefaultBuildOperationRunner] Build operation 'Execute container callback action' completed
2026-08-21T16:48:36.609-0300 [DEBUG] [org.gradle.internal.operations.DefaultBuildOperationRunner] Completing Build operation 'Realize task :clean'
2026-08-21T16:48:36.609-0300 [DEBUG] [org.gradle.internal.operations.DefaultBuildOperationRunner] Build operation 'Realize task :clean' completed
2026-08-21T16:48:36.609-0300 [DEBUG] [org.gradle.internal.operations.DefaultBuildOperationRunner] Completing Build operation 'Calculate build tree task graph'
2026-08-21T16:48:36.609-0300 [DEBUG] [org.gradle.internal.operations.DefaultBuildOperationRunner] Build operation 'Calculate build tree task graph' completed
2026-08-21T16:48:36.609-0300 [DEBUG] [org.gradle.internal.operations.DefaultBuildOperationRunner] Build operation 'Run main tasks' started
2026-08-21T16:48:36.610-0300 [DEBUG] [org.gradle.internal.resources.AbstractTrackedResourceLock] Daemon worker Thread 6: released lock on worker lease
2026-08-21T16:48:36.610-0300 [DEBUG] [org.gradle.internal.resources.AbstractTrackedResourceLock] included builds: acquired lock on worker lease
2026-08-21T16:48:36.610-0300 [DEBUG] [org.gradle.internal.operations.DefaultBuildOperationRunner] Build operation 'Run tasks' started
2026-08-21T16:48:36.610-0300 [DEBUG] [org.gradle.execution.plan.DefaultPlanExecutor] Using 12 parallel executor threads
2026-08-21T16:48:36.610-0300 [DEBUG] [org.gradle.internal.resources.AbstractTrackedResourceLock] Execution worker: acquired lock on worker lease
2026-08-21T16:48:36.610-0300 [DEBUG] [org.gradle.internal.resources.AbstractTrackedResourceLock] Execution worker: acquired lock on state of build :
2026-08-21T16:48:36.610-0300 [DEBUG] [org.gradle.internal.resources.AbstractTrackedResourceLock] Execution worker: acquired lock on task execution for build :
2026-08-21T16:48:36.610-0300 [DEBUG] [org.gradle.internal.resources.AbstractTrackedResourceLock] Execution worker Thread 5: acquired lock on worker lease
2026-08-21T16:48:36.610-0300 [INFO] [org.gradle.execution.plan.DefaultPlanExecutor] Resolve mutations for :compileJava (Thread[#637,Execution worker,5,main]) started.
2026-08-21T16:48:36.610-0300 [DEBUG] [org.gradle.execution.plan.DefaultFinalizedExecutionPlan] Cannot acquire project lock for node Resolve mutations for :processResources
2026-08-21T16:48:36.610-0300 [DEBUG] [org.gradle.execution.plan.DefaultFinalizedExecutionPlan] Cannot acquire project lock for node Resolve mutations for :processResources
2026-08-21T16:48:36.610-0300 [DEBUG] [org.gradle.internal.operations.DefaultBuildOperationRunner] Build operation 'Resolve mutations for task :compileJava' started
2026-08-21T16:48:36.610-0300 [DEBUG] [org.gradle.execution.plan.DefaultFinalizedExecutionPlan] Cannot acquire project lock for node Resolve mutations for :processTestResources
2026-08-21T16:48:36.610-0300 [DEBUG] [org.gradle.internal.resources.AbstractTrackedResourceLock] Execution worker Thread 5: released lock on worker lease
2026-08-21T16:48:36.610-0300 [DEBUG] [org.gradle.internal.resources.AbstractTrackedResourceLock] Execution worker Thread 4: acquired lock on worker lease
2026-08-21T16:48:36.611-0300 [DEBUG] [org.gradle.internal.resources.AbstractTrackedResourceLock] Execution worker Thread 4: released lock on worker lease
2026-08-21T16:48:36.611-0300 [DEBUG] [org.gradle.internal.resources.AbstractTrackedResourceLock] Execution worker Thread 3: acquired lock on worker lease
2026-08-21T16:48:36.611-0300 [DEBUG] [org.gradle.internal.resources.AbstractTrackedResourceLock] Execution worker Thread 3: released lock on worker lease
2026-08-21T16:48:36.611-0300 [DEBUG] [org.gradle.internal.resources.AbstractTrackedResourceLock] Execution worker Thread 2: acquired lock on worker lease
2026-08-21T16:48:36.611-0300 [DEBUG] [org.gradle.internal.resources.AbstractTrackedResourceLock] Execution worker Thread 2: released lock on worker lease
2026-08-21T16:48:36.611-0300 [DEBUG] [org.gradle.internal.resources.AbstractTrackedResourceLock] Execution worker Thread 11: acquired lock on worker lease
2026-08-21T16:48:36.611-0300 [DEBUG] [org.gradle.internal.resources.AbstractTrackedResourceLock] Execution worker Thread 11: released lock on worker lease
2026-08-21T16:48:36.611-0300 [DEBUG] [org.gradle.internal.operations.DefaultBuildOperationRunner] Completing Build operation 'Resolve mutations for task :compileJava'
2026-08-21T16:48:36.611-0300 [DEBUG] [org.gradle.internal.operations.DefaultBuildOperationRunner] Build operation 'Resolve mutations for task :compileJava' completed
2026-08-21T16:48:36.611-0300 [DEBUG] [org.gradle.internal.resources.AbstractTrackedResourceLock] included builds: released lock on worker lease
2026-08-21T16:48:36.611-0300 [DEBUG] [org.gradle.internal.resources.AbstractTrackedResourceLock] Execution worker Thread 10: acquired lock on worker lease
2026-08-21T16:48:36.611-0300 [DEBUG] [org.gradle.internal.resources.AbstractTrackedResourceLock] Execution worker Thread 10: released lock on worker lease
2026-08-21T16:48:36.611-0300 [DEBUG] [org.gradle.internal.resources.AbstractTrackedResourceLock] Execution worker Thread 9: acquired lock on worker lease
2026-08-21T16:48:36.611-0300 [DEBUG] [org.gradle.internal.resources.AbstractTrackedResourceLock] Execution worker Thread 9: released lock on worker lease
2026-08-21T16:48:36.611-0300 [DEBUG] [org.gradle.internal.resources.AbstractTrackedResourceLock] Execution worker Thread 8: acquired lock on worker lease
2026-08-21T16:48:36.611-0300 [DEBUG] [org.gradle.internal.resources.AbstractTrackedResourceLock] Execution worker Thread 8: released lock on worker lease
2026-08-21T16:48:36.611-0300 [DEBUG] [org.gradle.internal.resources.AbstractTrackedResourceLock] Execution worker Thread 7: acquired lock on worker lease
2026-08-21T16:48:36.611-0300 [DEBUG] [org.gradle.internal.resources.AbstractTrackedResourceLock] Execution worker Thread 7: released lock on worker lease
2026-08-21T16:48:36.611-0300 [DEBUG] [org.gradle.internal.resources.AbstractTrackedResourceLock] Execution worker Thread 6: acquired lock on worker lease
2026-08-21T16:48:36.611-0300 [DEBUG] [org.gradle.internal.resources.AbstractTrackedResourceLock] Execution worker Thread 6: released lock on worker lease
2026-08-21T16:48:36.611-0300 [DEBUG] [org.gradle.execution.plan.DefaultFinalizedExecutionPlan] Node Resolve mutations for :compileJava completed, executed: true
2026-08-21T16:48:36.611-0300 [DEBUG] [org.gradle.execution.plan.DefaultFinalizedExecutionPlan] Node Resolve mutations for :compileJava finished executing
2026-08-21T16:48:36.611-0300 [DEBUG] [org.gradle.internal.resources.AbstractTrackedResourceLock] Execution worker: released lock on state of build :
2026-08-21T16:48:36.611-0300 [DEBUG] [org.gradle.internal.resources.AbstractTrackedResourceLock] Execution worker: released lock on task execution for build :
2026-08-21T16:48:36.611-0300 [DEBUG] [org.gradle.internal.resources.AbstractTrackedResourceLock] Execution worker: acquired lock on state of build :
2026-08-21T16:48:36.611-0300 [DEBUG] [org.gradle.internal.resources.AbstractTrackedResourceLock] Execution worker: acquired lock on task execution for build :
2026-08-21T16:48:36.611-0300 [INFO] [org.gradle.execution.plan.DefaultPlanExecutor] :compileJava (Thread[#637,Execution worker,5,main]) started.
2026-08-21T16:48:36.611-0300 [DEBUG] [org.gradle.internal.resources.AbstractTrackedResourceLock] Execution worker Thread 11: acquired lock on worker lease
2026-08-21T16:48:36.611-0300 [DEBUG] [org.gradle.execution.plan.DefaultFinalizedExecutionPlan] Cannot acquire project lock for node Resolve mutations for :processResources
2026-08-21T16:48:36.611-0300 [DEBUG] [org.gradle.execution.plan.DefaultFinalizedExecutionPlan] Cannot acquire project lock for node Resolve mutations for :processTestResources
2026-08-21T16:48:36.611-0300 [DEBUG] [org.gradle.internal.resources.AbstractTrackedResourceLock] Execution worker Thread 11: released lock on worker lease
2026-08-21T16:48:36.612-0300 [DEBUG] [org.gradle.internal.resources.AbstractTrackedResourceLock] Execution worker Thread 2: acquired lock on worker lease
2026-08-21T16:48:36.612-0300 [DEBUG] [org.gradle.internal.resources.AbstractTrackedResourceLock] Execution worker Thread 2: released lock on worker lease
2026-08-21T16:48:36.612-0300 [DEBUG] [org.gradle.internal.resources.AbstractTrackedResourceLock] Execution worker Thread 3: acquired lock on worker lease
2026-08-21T16:48:36.612-0300 [DEBUG] [org.gradle.internal.resources.AbstractTrackedResourceLock] Execution worker Thread 3: released lock on worker lease
2026-08-21T16:48:36.612-0300 [DEBUG] [org.gradle.cache.internal.DefaultCacheCoordinator] Creating new cache for executionHistory, path /Users/claratorres1414/Desktop/spring-bootstrap/.gradle/9.5.1/executionHistory/executionHistory.bin, access org.gradle.cache.internal.DefaultCacheCoordinator@6ccb91dd
2026-08-21T16:48:36.612-0300 [DEBUG] [org.gradle.internal.resources.AbstractTrackedResourceLock] Execution worker Thread 4: acquired lock on worker lease
2026-08-21T16:48:36.612-0300 [DEBUG] [org.gradle.internal.resources.AbstractTrackedResourceLock] Execution worker Thread 4: released lock on worker lease
2026-08-21T16:48:36.612-0300 [DEBUG] [org.gradle.internal.resources.AbstractTrackedResourceLock] Execution worker Thread 5: acquired lock on worker lease
2026-08-21T16:48:36.612-0300 [DEBUG] [org.gradle.internal.resources.AbstractTrackedResourceLock] Execution worker Thread 5: released lock on worker lease
2026-08-21T16:48:36.612-0300 [DEBUG] [org.gradle.cache.internal.LockOnDemandCrossProcessCacheAccess] Acquiring file lock for execution history cache (/Users/claratorres1414/Desktop/spring-bootstrap/.gradle/9.5.1/executionHistory)
2026-08-21T16:48:36.612-0300 [DEBUG] [org.gradle.internal.resources.AbstractTrackedResourceLock] Execution worker Thread 6: acquired lock on worker lease
2026-08-21T16:48:36.612-0300 [DEBUG] [org.gradle.internal.resources.AbstractTrackedResourceLock] Execution worker Thread 6: released lock on worker lease
2026-08-21T16:48:36.612-0300 [DEBUG] [org.gradle.internal.resources.AbstractTrackedResourceLock] Execution worker Thread 7: acquired lock on worker lease
2026-08-21T16:48:36.612-0300 [DEBUG] [org.gradle.internal.resources.AbstractTrackedResourceLock] Execution worker Thread 7: released lock on worker lease
2026-08-21T16:48:36.612-0300 [DEBUG] [org.gradle.internal.resources.AbstractTrackedResourceLock] Execution worker Thread 8: acquired lock on worker lease
2026-08-21T16:48:36.612-0300 [DEBUG] [org.gradle.internal.resources.AbstractTrackedResourceLock] Execution worker Thread 8: released lock on worker lease
2026-08-21T16:48:36.612-0300 [DEBUG] [org.gradle.cache.internal.DefaultFileLockManager] Waiting to acquire exclusive lock on execution history cache (/Users/claratorres1414/Desktop/spring-bootstrap/.gradle/9.5.1/executionHistory).
2026-08-21T16:48:36.612-0300 [DEBUG] [org.gradle.internal.resources.AbstractTrackedResourceLock] Execution worker Thread 9: acquired lock on worker lease
2026-08-21T16:48:36.612-0300 [DEBUG] [org.gradle.internal.resources.AbstractTrackedResourceLock] Execution worker Thread 9: released lock on worker lease
2026-08-21T16:48:36.612-0300 [DEBUG] [org.gradle.internal.resources.AbstractTrackedResourceLock] Execution worker Thread 10: acquired lock on worker lease
2026-08-21T16:48:36.612-0300 [DEBUG] [org.gradle.internal.resources.AbstractTrackedResourceLock] Execution worker Thread 10: released lock on worker lease
2026-08-21T16:48:36.612-0300 [DEBUG] [org.gradle.cache.internal.DefaultFileLockManager] Lock acquired on execution history cache (/Users/claratorres1414/Desktop/spring-bootstrap/.gradle/9.5.1/executionHistory).
2026-08-21T16:48:36.612-0300 [DEBUG] [org.gradle.internal.resources.AbstractTrackedResourceLock] included builds: acquired lock on worker lease
2026-08-21T16:48:36.612-0300 [DEBUG] [org.gradle.internal.resources.AbstractTrackedResourceLock] included builds: released lock on worker lease
2026-08-21T16:48:36.613-0300 [DEBUG] [org.gradle.internal.operations.DefaultBuildOperationRunner] Build operation 'Task :compileJava' started
2026-08-21T16:48:36.613-0300 [DEBUG] [org.gradle.internal.operations.DefaultBuildOperationRunner] Build operation 'Snapshot task inputs for :compileJava' started
2026-08-21T16:48:36.615-0300 [DEBUG] [org.gradle.internal.operations.DefaultBuildOperationRunner] Build operation 'Snapshot inputs and outputs before executing task ':compileJava'' started
2026-08-21T16:48:36.616-0300 [DEBUG] [org.gradle.internal.operations.DefaultBuildOperationRunner] Build operation 'Resolve dependencies of :compileClasspath' started
2026-08-21T16:48:36.644-0300 [DEBUG] [org.gradle.internal.operations.DefaultBuildOperationRunner] Completing Build operation 'Resolve dependencies of :compileClasspath'
2026-08-21T16:48:36.647-0300 [DEBUG] [org.gradle.internal.operations.DefaultBuildOperationRunner] Build operation 'Resolve files of configuration ':compileClasspath'' started
2026-08-21T16:48:36.647-0300 [DEBUG] [org.gradle.internal.operations.DefaultBuildOperationRunner] Build operation 'Resolve lombok-1.18.46.jar (org.projectlombok:lombok:1.18.46)' started
2026-08-21T16:48:36.647-0300 [DEBUG] [org.gradle.internal.operations.DefaultBuildOperationRunner] Build operation 'Resolve spring-boot-starter-web-4.1.0.jar (org.springframework.boot:spring-boot-starter-web:4.1.0)' started
2026-08-21T16:48:36.647-0300 [DEBUG] [org.gradle.internal.operations.DefaultBuildOperationRunner] Build operation 'Resolve spring-boot-starter-data-redis-4.1.0.jar (org.springframework.boot:spring-boot-starter-data-redis:4.1.0)' started
2026-08-21T16:48:36.647-0300 [DEBUG] [org.gradle.internal.operations.DefaultBuildOperationRunner] Build operation 'Resolve spring-boot-starter-data-jpa-4.1.0.jar (org.springframework.boot:spring-boot-starter-data-jpa:4.1.0)' started
2026-08-21T16:48:36.647-0300 [DEBUG] [org.gradle.internal.operations.DefaultBuildOperationRunner] Build operation 'Resolve spring-boot-starter-jackson-4.1.0.jar (org.springframework.boot:spring-boot-starter-jackson:4.1.0)' started
2026-08-21T16:48:36.647-0300 [DEBUG] [org.gradle.internal.operations.DefaultBuildOperationRunner] Build operation 'Resolve spring-boot-starter-tomcat-4.1.0.jar (org.springframework.boot:spring-boot-starter-tomcat:4.1.0)' started
2026-08-21T16:48:36.647-0300 [DEBUG] [org.gradle.internal.operations.DefaultBuildOperationRunner] Completing Build operation 'Resolve lombok-1.18.46.jar (org.projectlombok:lombok:1.18.46)'
2026-08-21T16:48:36.648-0300 [DEBUG] [org.gradle.internal.operations.DefaultBuildOperationRunner] Build operation 'Resolve spring-boot-starter-4.1.0.jar (org.springframework.boot:spring-boot-starter:4.1.0)' started
2026-08-21T16:48:36.647-0300 [DEBUG] [org.gradle.internal.operations.DefaultBuildOperationRunner] Completing Build operation 'Resolve spring-boot-starter-web-4.1.0.jar (org.springframework.boot:spring-boot-starter-web:4.1.0)'
2026-08-21T16:48:36.648-0300 [DEBUG] [org.gradle.internal.operations.DefaultBuildOperationRunner] Completing Build operation 'Resolve spring-boot-starter-4.1.0.jar (org.springframework.boot:spring-boot-starter:4.1.0)'
2026-08-21T16:48:36.647-0300 [DEBUG] [org.gradle.internal.operations.DefaultBuildOperationRunner] Completing Build operation 'Resolve spring-boot-starter-data-redis-4.1.0.jar (org.springframework.boot:spring-boot-starter-data-redis:4.1.0)'
2026-08-21T16:48:36.648-0300 [DEBUG] [org.gradle.internal.operations.DefaultBuildOperationRunner] Build operation 'Resolve spring-boot-starter-logging-4.1.0.jar (org.springframework.boot:spring-boot-starter-logging:4.1.0)' started
2026-08-21T16:48:36.648-0300 [DEBUG] [org.gradle.internal.operations.DefaultBuildOperationRunner] Build operation 'Resolve flyway-core-12.4.0.jar (org.flywaydb:flyway-core:12.4.0)' started
2026-08-21T16:48:36.648-0300 [DEBUG] [org.gradle.internal.operations.DefaultBuildOperationRunner] Completing Build operation 'Resolve spring-boot-starter-tomcat-4.1.0.jar (org.springframework.boot:spring-boot-starter-tomcat:4.1.0)'
2026-08-21T16:48:36.647-0300 [DEBUG] [org.gradle.internal.operations.DefaultBuildOperationRunner] Build operation 'Resolve spring-boot-starter-jdbc-4.1.0.jar (org.springframework.boot:spring-boot-starter-jdbc:4.1.0)' started
2026-08-21T16:48:36.648-0300 [DEBUG] [org.gradle.internal.operations.DefaultBuildOperationRunner] Completing Build operation 'Resolve spring-boot-starter-jackson-4.1.0.jar (org.springframework.boot:spring-boot-starter-jackson:4.1.0)'
2026-08-21T16:48:36.648-0300 [DEBUG] [org.gradle.internal.operations.DefaultBuildOperationRunner] Completing Build operation 'Resolve spring-boot-starter-jdbc-4.1.0.jar (org.springframework.boot:spring-boot-starter-jdbc:4.1.0)'
2026-08-21T16:48:36.648-0300 [DEBUG] [org.gradle.internal.operations.DefaultBuildOperationRunner] Build operation 'Resolve spring-boot-data-jpa-4.1.0.jar (org.springframework.boot:spring-boot-data-jpa:4.1.0)' started
2026-08-21T16:48:36.648-0300 [DEBUG] [org.gradle.internal.operations.DefaultBuildOperationRunner] Build operation 'Resolve spring-boot-starter-tomcat-runtime-4.1.0.jar (org.springframework.boot:spring-boot-starter-tomcat-runtime:4.1.0)' started
2026-08-21T16:48:36.648-0300 [DEBUG] [org.gradle.internal.operations.DefaultBuildOperationRunner] Build operation 'Resolve spring-boot-autoconfigure-4.1.0.jar (org.springframework.boot:spring-boot-autoconfigure:4.1.0)' started
2026-08-21T16:48:36.648-0300 [DEBUG] [org.gradle.internal.operations.DefaultBuildOperationRunner] Completing Build operation 'Resolve flyway-core-12.4.0.jar (org.flywaydb:flyway-core:12.4.0)'
2026-08-21T16:48:36.648-0300 [DEBUG] [org.gradle.internal.operations.DefaultBuildOperationRunner] Completing Build operation 'Resolve spring-boot-starter-logging-4.1.0.jar (org.springframework.boot:spring-boot-starter-logging:4.1.0)'
2026-08-21T16:48:36.648-0300 [DEBUG] [org.gradle.internal.operations.DefaultBuildOperationRunner] Build operation 'Resolve spring-boot-webmvc-4.1.0.jar (org.springframework.boot:spring-boot-webmvc:4.1.0)' started
2026-08-21T16:48:36.648-0300 [DEBUG] [org.gradle.internal.operations.DefaultBuildOperationRunner] Completing Build operation 'Resolve spring-boot-starter-data-jpa-4.1.0.jar (org.springframework.boot:spring-boot-starter-data-jpa:4.1.0)'
2026-08-21T16:48:36.648-0300 [DEBUG] [org.gradle.internal.operations.DefaultBuildOperationRunner] Completing Build operation 'Resolve spring-boot-webmvc-4.1.0.jar (org.springframework.boot:spring-boot-webmvc:4.1.0)'
2026-08-21T16:48:36.648-0300 [DEBUG] [org.gradle.internal.operations.DefaultBuildOperationRunner] Build operation 'Resolve spring-boot-jpa-4.1.0.jar (org.springframework.boot:spring-boot-jpa:4.1.0)' started
2026-08-21T16:48:36.648-0300 [DEBUG] [org.gradle.internal.operations.DefaultBuildOperationRunner] Build operation 'Resolve spring-boot-http-converter-4.1.0.jar (org.springframework.boot:spring-boot-http-converter:4.1.0)' started
2026-08-21T16:48:36.648-0300 [DEBUG] [org.gradle.internal.operations.DefaultBuildOperationRunner] Completing Build operation 'Resolve spring-boot-autoconfigure-4.1.0.jar (org.springframework.boot:spring-boot-autoconfigure:4.1.0)'
2026-08-21T16:48:36.648-0300 [DEBUG] [org.gradle.internal.operations.DefaultBuildOperationRunner] Build operation 'Resolve spring-boot-jdbc-4.1.0.jar (org.springframework.boot:spring-boot-jdbc:4.1.0)' started
2026-08-21T16:48:36.649-0300 [DEBUG] [org.gradle.internal.operations.DefaultBuildOperationRunner] Completing Build operation 'Resolve spring-boot-data-jpa-4.1.0.jar (org.springframework.boot:spring-boot-data-jpa:4.1.0)'
2026-08-21T16:48:36.648-0300 [DEBUG] [org.gradle.internal.operations.DefaultBuildOperationRunner] Build operation 'Resolve snakeyaml-2.6.jar (org.yaml:snakeyaml:2.6)' started
2026-08-21T16:48:36.648-0300 [DEBUG] [org.gradle.internal.operations.DefaultBuildOperationRunner] Build operation 'Resolve jakarta.annotation-api-3.0.0.jar (jakarta.annotation:jakarta.annotation-api:3.0.0)' started
2026-08-21T16:48:36.649-0300 [DEBUG] [org.gradle.internal.operations.DefaultBuildOperationRunner] Completing Build operation 'Resolve jakarta.annotation-api-3.0.0.jar (jakarta.annotation:jakarta.annotation-api:3.0.0)'
2026-08-21T16:48:36.649-0300 [DEBUG] [org.gradle.internal.operations.DefaultBuildOperationRunner] Build operation 'Resolve spring-boot-data-redis-4.1.0.jar (org.springframework.boot:spring-boot-data-redis:4.1.0)' started
2026-08-21T16:48:36.648-0300 [DEBUG] [org.gradle.internal.operations.DefaultBuildOperationRunner] Build operation 'Resolve spring-data-jpa-4.1.0.jar (org.springframework.data:spring-data-jpa:4.1.0)' started
2026-08-21T16:48:36.649-0300 [DEBUG] [org.gradle.internal.operations.DefaultBuildOperationRunner] Build operation 'Resolve jackson-databind-3.1.4.jar (tools.jackson.core:jackson-databind:3.1.4)' started
2026-08-21T16:48:36.649-0300 [DEBUG] [org.gradle.internal.operations.DefaultBuildOperationRunner] Build operation 'Resolve jackson-core-3.1.4.jar (tools.jackson.core:jackson-core:3.1.4)' started
2026-08-21T16:48:36.649-0300 [DEBUG] [org.gradle.internal.operations.DefaultBuildOperationRunner] Completing Build operation 'Resolve snakeyaml-2.6.jar (org.yaml:snakeyaml:2.6)'
2026-08-21T16:48:36.649-0300 [DEBUG] [org.gradle.internal.operations.DefaultBuildOperationRunner] Build operation 'Resolve spring-boot-jackson-4.1.0.jar (org.springframework.boot:spring-boot-jackson:4.1.0)' started
2026-08-21T16:48:36.649-0300 [DEBUG] [org.gradle.internal.operations.DefaultBuildOperationRunner] Completing Build operation 'Resolve spring-boot-starter-tomcat-runtime-4.1.0.jar (org.springframework.boot:spring-boot-starter-tomcat-runtime:4.1.0)'
2026-08-21T16:48:36.649-0300 [DEBUG] [org.gradle.internal.operations.DefaultBuildOperationRunner] Build operation 'Resolve log4j-to-slf4j-2.25.4.jar (org.apache.logging.log4j:log4j-to-slf4j:2.25.4)' started
2026-08-21T16:48:36.649-0300 [DEBUG] [org.gradle.internal.operations.DefaultBuildOperationRunner] Completing Build operation 'Resolve spring-boot-jdbc-4.1.0.jar (org.springframework.boot:spring-boot-jdbc:4.1.0)'
2026-08-21T16:48:36.649-0300 [DEBUG] [org.gradle.internal.operations.DefaultBuildOperationRunner] Completing Build operation 'Resolve spring-boot-http-converter-4.1.0.jar (org.springframework.boot:spring-boot-http-converter:4.1.0)'
2026-08-21T16:48:36.649-0300 [DEBUG] [org.gradle.internal.operations.DefaultBuildOperationRunner] Build operation 'Resolve spring-boot-servlet-4.1.0.jar (org.springframework.boot:spring-boot-servlet:4.1.0)' started
2026-08-21T16:48:36.649-0300 [DEBUG] [org.gradle.internal.operations.DefaultBuildOperationRunner] Completing Build operation 'Resolve spring-boot-jpa-4.1.0.jar (org.springframework.boot:spring-boot-jpa:4.1.0)'
2026-08-21T16:48:36.649-0300 [DEBUG] [org.gradle.internal.operations.DefaultBuildOperationRunner] Build operation 'Resolve spring-boot-data-commons-4.1.0.jar (org.springframework.boot:spring-boot-data-commons:4.1.0)' started
2026-08-21T16:48:36.648-0300 [DEBUG] [org.gradle.internal.operations.DefaultBuildOperationRunner] Build operation 'Resolve spring-boot-hibernate-4.1.0.jar (org.springframework.boot:spring-boot-hibernate:4.1.0)' started
2026-08-21T16:48:36.649-0300 [DEBUG] [org.gradle.internal.operations.DefaultBuildOperationRunner] Completing Build operation 'Resolve spring-boot-data-commons-4.1.0.jar (org.springframework.boot:spring-boot-data-commons:4.1.0)'
2026-08-21T16:48:36.649-0300 [DEBUG] [org.gradle.internal.operations.DefaultBuildOperationRunner] Build operation 'Resolve spring-boot-sql-4.1.0.jar (org.springframework.boot:spring-boot-sql:4.1.0)' started
2026-08-21T16:48:36.649-0300 [DEBUG] [org.gradle.internal.operations.DefaultBuildOperationRunner] Completing Build operation 'Resolve spring-boot-servlet-4.1.0.jar (org.springframework.boot:spring-boot-servlet:4.1.0)'
2026-08-21T16:48:36.649-0300 [DEBUG] [org.gradle.internal.operations.DefaultBuildOperationRunner] Build operation 'Resolve spring-boot-transaction-4.1.0.jar (org.springframework.boot:spring-boot-transaction:4.1.0)' started
2026-08-21T16:48:36.649-0300 [DEBUG] [org.gradle.internal.operations.DefaultBuildOperationRunner] Build operation 'Resolve jul-to-slf4j-2.0.18.jar (org.slf4j:jul-to-slf4j:2.0.18)' started
2026-08-21T16:48:36.650-0300 [DEBUG] [org.gradle.internal.operations.DefaultBuildOperationRunner] Completing Build operation 'Resolve log4j-to-slf4j-2.25.4.jar (org.apache.logging.log4j:log4j-to-slf4j:2.25.4)'
2026-08-21T16:48:36.650-0300 [DEBUG] [org.gradle.internal.operations.DefaultBuildOperationRunner] Build operation 'Resolve spring-boot-tomcat-4.1.0.jar (org.springframework.boot:spring-boot-tomcat:4.1.0)' started
2026-08-21T16:48:36.650-0300 [DEBUG] [org.gradle.internal.operations.DefaultBuildOperationRunner] Completing Build operation 'Resolve spring-boot-jackson-4.1.0.jar (org.springframework.boot:spring-boot-jackson:4.1.0)'
2026-08-21T16:48:36.650-0300 [DEBUG] [org.gradle.internal.operations.DefaultBuildOperationRunner] Build operation 'Resolve spring-boot-web-server-4.1.0.jar (org.springframework.boot:spring-boot-web-server:4.1.0)' started
2026-08-21T16:48:36.649-0300 [DEBUG] [org.gradle.internal.operations.DefaultBuildOperationRunner] Build operation 'Resolve logback-classic-1.5.34.jar (ch.qos.logback:logback-classic:1.5.34)' started
2026-08-21T16:48:36.650-0300 [DEBUG] [org.gradle.internal.operations.DefaultBuildOperationRunner] Completing Build operation 'Resolve jackson-core-3.1.4.jar (tools.jackson.core:jackson-core:3.1.4)'
2026-08-21T16:48:36.650-0300 [DEBUG] [org.gradle.internal.operations.DefaultBuildOperationRunner] Completing Build operation 'Resolve jackson-databind-3.1.4.jar (tools.jackson.core:jackson-databind:3.1.4)'
2026-08-21T16:48:36.650-0300 [DEBUG] [org.gradle.internal.operations.DefaultBuildOperationRunner] Build operation 'Resolve spring-boot-4.1.0.jar (org.springframework.boot:spring-boot:4.1.0)' started
2026-08-21T16:48:36.649-0300 [DEBUG] [org.gradle.internal.operations.DefaultBuildOperationRunner] Build operation 'Resolve spring-messaging-7.0.8.jar (org.springframework:spring-messaging:7.0.8)' started
2026-08-21T16:48:36.649-0300 [DEBUG] [org.gradle.internal.operations.DefaultBuildOperationRunner] Completing Build operation 'Resolve spring-boot-data-redis-4.1.0.jar (org.springframework.boot:spring-boot-data-redis:4.1.0)'
2026-08-21T16:48:36.650-0300 [DEBUG] [org.gradle.internal.operations.DefaultBuildOperationRunner] Build operation 'Resolve spring-webmvc-7.0.8.jar (org.springframework:spring-webmvc:7.0.8)' started
2026-08-21T16:48:36.650-0300 [DEBUG] [org.gradle.internal.operations.DefaultBuildOperationRunner] Completing Build operation 'Resolve spring-data-jpa-4.1.0.jar (org.springframework.data:spring-data-jpa:4.1.0)'
2026-08-21T16:48:36.650-0300 [DEBUG] [org.gradle.internal.operations.DefaultBuildOperationRunner] Build operation 'Resolve spring-web-7.0.8.jar (org.springframework:spring-web:7.0.8)' started
2026-08-21T16:48:36.650-0300 [DEBUG] [org.gradle.internal.operations.DefaultBuildOperationRunner] Completing Build operation 'Resolve spring-messaging-7.0.8.jar (org.springframework:spring-messaging:7.0.8)'
2026-08-21T16:48:36.650-0300 [DEBUG] [org.gradle.internal.operations.DefaultBuildOperationRunner] Build operation 'Resolve spring-boot-persistence-4.1.0.jar (org.springframework.boot:spring-boot-persistence:4.1.0)' started
2026-08-21T16:48:36.650-0300 [DEBUG] [org.gradle.internal.operations.DefaultBuildOperationRunner] Completing Build operation 'Resolve spring-boot-web-server-4.1.0.jar (org.springframework.boot:spring-boot-web-server:4.1.0)'
2026-08-21T16:48:36.650-0300 [DEBUG] [org.gradle.internal.operations.DefaultBuildOperationRunner] Build operation 'Resolve spring-aspects-7.0.8.jar (org.springframework:spring-aspects:7.0.8)' started
2026-08-21T16:48:36.650-0300 [DEBUG] [org.gradle.internal.operations.DefaultBuildOperationRunner] Completing Build operation 'Resolve spring-boot-tomcat-4.1.0.jar (org.springframework.boot:spring-boot-tomcat:4.1.0)'
2026-08-21T16:48:36.650-0300 [DEBUG] [org.gradle.internal.operations.DefaultBuildOperationRunner] Completing Build operation 'Resolve jul-to-slf4j-2.0.18.jar (org.slf4j:jul-to-slf4j:2.0.18)'
2026-08-21T16:48:36.650-0300 [DEBUG] [org.gradle.internal.operations.DefaultBuildOperationRunner] Completing Build operation 'Resolve spring-boot-transaction-4.1.0.jar (org.springframework.boot:spring-boot-transaction:4.1.0)'
2026-08-21T16:48:36.651-0300 [DEBUG] [org.gradle.internal.operations.DefaultBuildOperationRunner] Completing Build operation 'Resolve spring-boot-sql-4.1.0.jar (org.springframework.boot:spring-boot-sql:4.1.0)'
2026-08-21T16:48:36.651-0300 [DEBUG] [org.gradle.internal.operations.DefaultBuildOperationRunner] Completing Build operation 'Resolve spring-boot-hibernate-4.1.0.jar (org.springframework.boot:spring-boot-hibernate:4.1.0)'
2026-08-21T16:48:36.651-0300 [DEBUG] [org.gradle.internal.operations.DefaultBuildOperationRunner] Build operation 'Resolve lettuce-core-7.5.2.RELEASE.jar (io.lettuce:lettuce-core:7.5.2.RELEASE)' started
2026-08-21T16:48:36.650-0300 [DEBUG] [org.gradle.internal.operations.DefaultBuildOperationRunner] Build operation 'Resolve jackson-annotations-2.21.jar (com.fasterxml.jackson.core:jackson-annotations:2.21)' started
2026-08-21T16:48:36.650-0300 [DEBUG] [org.gradle.internal.operations.DefaultBuildOperationRunner] Build operation 'Resolve spring-jdbc-7.0.8.jar (org.springframework:spring-jdbc:7.0.8)' started
2026-08-21T16:48:36.650-0300 [DEBUG] [org.gradle.internal.operations.DefaultBuildOperationRunner] Build operation 'Resolve spring-orm-7.0.8.jar (org.springframework:spring-orm:7.0.8)' started
2026-08-21T16:48:36.651-0300 [DEBUG] [org.gradle.internal.operations.DefaultBuildOperationRunner] Completing Build operation 'Resolve spring-aspects-7.0.8.jar (org.springframework:spring-aspects:7.0.8)'
2026-08-21T16:48:36.650-0300 [DEBUG] [org.gradle.internal.operations.DefaultBuildOperationRunner] Completing Build operation 'Resolve logback-classic-1.5.34.jar (ch.qos.logback:logback-classic:1.5.34)'
2026-08-21T16:48:36.651-0300 [DEBUG] [org.gradle.internal.operations.DefaultBuildOperationRunner] Build operation 'Resolve spring-context-support-7.0.8.jar (org.springframework:spring-context-support:7.0.8)' started
2026-08-21T16:48:36.651-0300 [DEBUG] [org.gradle.internal.operations.DefaultBuildOperationRunner] Completing Build operation 'Resolve spring-boot-persistence-4.1.0.jar (org.springframework.boot:spring-boot-persistence:4.1.0)'
2026-08-21T16:48:36.651-0300 [DEBUG] [org.gradle.internal.operations.DefaultBuildOperationRunner] Build operation 'Resolve spring-context-7.0.8.jar (org.springframework:spring-context:7.0.8)' started
2026-08-21T16:48:36.650-0300 [DEBUG] [org.gradle.internal.operations.DefaultBuildOperationRunner] Completing Build operation 'Resolve spring-boot-4.1.0.jar (org.springframework.boot:spring-boot:4.1.0)'
2026-08-21T16:48:36.651-0300 [DEBUG] [org.gradle.internal.operations.DefaultBuildOperationRunner] Build operation 'Resolve spring-aop-7.0.8.jar (org.springframework:spring-aop:7.0.8)' started
2026-08-21T16:48:36.650-0300 [DEBUG] [org.gradle.internal.operations.DefaultBuildOperationRunner] Build operation 'Resolve HikariCP-7.0.2.jar (com.zaxxer:HikariCP:7.0.2)' started
2026-08-21T16:48:36.650-0300 [DEBUG] [org.gradle.internal.operations.DefaultBuildOperationRunner] Completing Build operation 'Resolve spring-webmvc-7.0.8.jar (org.springframework:spring-webmvc:7.0.8)'
2026-08-21T16:48:36.651-0300 [DEBUG] [org.gradle.internal.operations.DefaultBuildOperationRunner] Completing Build operation 'Resolve spring-web-7.0.8.jar (org.springframework:spring-web:7.0.8)'
2026-08-21T16:48:36.651-0300 [DEBUG] [org.gradle.internal.operations.DefaultBuildOperationRunner] Build operation 'Resolve spring-tx-7.0.8.jar (org.springframework:spring-tx:7.0.8)' started
2026-08-21T16:48:36.651-0300 [DEBUG] [org.gradle.internal.operations.DefaultBuildOperationRunner] Build operation 'Resolve spring-data-commons-4.1.0.jar (org.springframework.data:spring-data-commons:4.1.0)' started
2026-08-21T16:48:36.651-0300 [DEBUG] [org.gradle.internal.operations.DefaultBuildOperationRunner] Completing Build operation 'Resolve HikariCP-7.0.2.jar (com.zaxxer:HikariCP:7.0.2)'
2026-08-21T16:48:36.651-0300 [DEBUG] [org.gradle.internal.operations.DefaultBuildOperationRunner] Build operation 'Resolve spring-oxm-7.0.8.jar (org.springframework:spring-oxm:7.0.8)' started
2026-08-21T16:48:36.651-0300 [DEBUG] [org.gradle.internal.operations.DefaultBuildOperationRunner] Completing Build operation 'Resolve spring-aop-7.0.8.jar (org.springframework:spring-aop:7.0.8)'
2026-08-21T16:48:36.651-0300 [DEBUG] [org.gradle.internal.operations.DefaultBuildOperationRunner] Build operation 'Resolve spring-beans-7.0.8.jar (org.springframework:spring-beans:7.0.8)' started
2026-08-21T16:48:36.651-0300 [DEBUG] [org.gradle.internal.operations.DefaultBuildOperationRunner] Completing Build operation 'Resolve spring-context-7.0.8.jar (org.springframework:spring-context:7.0.8)'
2026-08-21T16:48:36.651-0300 [DEBUG] [org.gradle.internal.operations.DefaultBuildOperationRunner] Build operation 'Resolve spring-expression-7.0.8.jar (org.springframework:spring-expression:7.0.8)' started
2026-08-21T16:48:36.651-0300 [DEBUG] [org.gradle.internal.operations.DefaultBuildOperationRunner] Completing Build operation 'Resolve spring-context-support-7.0.8.jar (org.springframework:spring-context-support:7.0.8)'
2026-08-21T16:48:36.651-0300 [DEBUG] [org.gradle.internal.operations.DefaultBuildOperationRunner] Build operation 'Resolve spring-core-7.0.8.jar (org.springframework:spring-core:7.0.8)' started
2026-08-21T16:48:36.651-0300 [DEBUG] [org.gradle.internal.operations.DefaultBuildOperationRunner] Build operation 'Resolve spring-data-keyvalue-4.1.0.jar (org.springframework.data:spring-data-keyvalue:4.1.0)' started
2026-08-21T16:48:36.652-0300 [DEBUG] [org.gradle.internal.operations.DefaultBuildOperationRunner] Completing Build operation 'Resolve spring-orm-7.0.8.jar (org.springframework:spring-orm:7.0.8)'
2026-08-21T16:48:36.652-0300 [DEBUG] [org.gradle.internal.operations.DefaultBuildOperationRunner] Build operation 'Resolve logback-core-1.5.34.jar (ch.qos.logback:logback-core:1.5.34)' started
2026-08-21T16:48:36.652-0300 [DEBUG] [org.gradle.internal.operations.DefaultBuildOperationRunner] Completing Build operation 'Resolve spring-jdbc-7.0.8.jar (org.springframework:spring-jdbc:7.0.8)'
2026-08-21T16:48:36.652-0300 [DEBUG] [org.gradle.internal.operations.DefaultBuildOperationRunner] Completing Build operation 'Resolve jackson-annotations-2.21.jar (com.fasterxml.jackson.core:jackson-annotations:2.21)'
2026-08-21T16:48:36.652-0300 [DEBUG] [org.gradle.internal.operations.DefaultBuildOperationRunner] Completing Build operation 'Resolve lettuce-core-7.5.2.RELEASE.jar (io.lettuce:lettuce-core:7.5.2.RELEASE)'
2026-08-21T16:48:36.652-0300 [DEBUG] [org.gradle.internal.operations.DefaultBuildOperationRunner] Build operation 'Resolve log4j-api-2.25.4.jar (org.apache.logging.log4j:log4j-api:2.25.4)' started
2026-08-21T16:48:36.651-0300 [DEBUG] [org.gradle.internal.operations.DefaultBuildOperationRunner] Build operation 'Resolve spring-data-redis-4.1.0.jar (org.springframework.data:spring-data-redis:4.1.0)' started
2026-08-21T16:48:36.652-0300 [DEBUG] [org.gradle.internal.operations.DefaultBuildOperationRunner] Completing Build operation 'Resolve log4j-api-2.25.4.jar (org.apache.logging.log4j:log4j-api:2.25.4)'
2026-08-21T16:48:36.652-0300 [DEBUG] [org.gradle.internal.operations.DefaultBuildOperationRunner] Build operation 'Resolve micrometer-observation-1.17.0.jar (io.micrometer:micrometer-observation:1.17.0)' started
2026-08-21T16:48:36.652-0300 [DEBUG] [org.gradle.internal.operations.DefaultBuildOperationRunner] Build operation 'Resolve slf4j-api-2.0.18.jar (org.slf4j:slf4j-api:2.0.18)' started
2026-08-21T16:48:36.652-0300 [DEBUG] [org.gradle.internal.operations.DefaultBuildOperationRunner] Build operation 'Resolve redis-authx-core-0.1.1-beta2.jar (redis.clients.authentication:redis-authx-core:0.1.1-beta2)' started
2026-08-21T16:48:36.652-0300 [DEBUG] [org.gradle.internal.operations.DefaultBuildOperationRunner] Completing Build operation 'Resolve logback-core-1.5.34.jar (ch.qos.logback:logback-core:1.5.34)'
2026-08-21T16:48:36.652-0300 [DEBUG] [org.gradle.internal.operations.DefaultBuildOperationRunner] Build operation 'Resolve reactor-core-3.8.6.jar (io.projectreactor:reactor-core:3.8.6)' started
2026-08-21T16:48:36.652-0300 [DEBUG] [org.gradle.internal.operations.DefaultBuildOperationRunner] Completing Build operation 'Resolve spring-data-keyvalue-4.1.0.jar (org.springframework.data:spring-data-keyvalue:4.1.0)'
2026-08-21T16:48:36.652-0300 [DEBUG] [org.gradle.internal.operations.DefaultBuildOperationRunner] Build operation 'Resolve micrometer-commons-1.17.0.jar (io.micrometer:micrometer-commons:1.17.0)' started
2026-08-21T16:48:36.653-0300 [DEBUG] [org.gradle.internal.operations.DefaultBuildOperationRunner] Completing Build operation 'Resolve spring-beans-7.0.8.jar (org.springframework:spring-beans:7.0.8)'
2026-08-21T16:48:36.653-0300 [DEBUG] [org.gradle.internal.operations.DefaultBuildOperationRunner] Build operation 'Resolve jspecify-1.0.0.jar (org.jspecify:jspecify:1.0.0)' started
2026-08-21T16:48:36.653-0300 [DEBUG] [org.gradle.internal.operations.DefaultBuildOperationRunner] Completing Build operation 'Resolve spring-data-commons-4.1.0.jar (org.springframework.data:spring-data-commons:4.1.0)'
2026-08-21T16:48:36.653-0300 [DEBUG] [org.gradle.internal.operations.DefaultBuildOperationRunner] Build operation 'Resolve biz.aQute.bnd.annotation-7.1.0.jar (biz.aQute.bnd:biz.aQute.bnd.annotation:7.1.0)' started
2026-08-21T16:48:36.653-0300 [DEBUG] [org.gradle.internal.operations.DefaultBuildOperationRunner] Completing Build operation 'Resolve biz.aQute.bnd.annotation-7.1.0.jar (biz.aQute.bnd:biz.aQute.bnd.annotation:7.1.0)'
2026-08-21T16:48:36.653-0300 [DEBUG] [org.gradle.internal.operations.DefaultBuildOperationRunner] Build operation 'Resolve error_prone_annotations-2.38.0.jar (com.google.errorprone:error_prone_annotations:2.38.0)' started
2026-08-21T16:48:36.653-0300 [DEBUG] [org.gradle.internal.operations.DefaultBuildOperationRunner] Completing Build operation 'Resolve spring-oxm-7.0.8.jar (org.springframework:spring-oxm:7.0.8)'
2026-08-21T16:48:36.652-0300 [DEBUG] [org.gradle.internal.operations.DefaultBuildOperationRunner] Completing Build operation 'Resolve spring-expression-7.0.8.jar (org.springframework:spring-expression:7.0.8)'
2026-08-21T16:48:36.652-0300 [DEBUG] [org.gradle.internal.operations.DefaultBuildOperationRunner] Completing Build operation 'Resolve spring-core-7.0.8.jar (org.springframework:spring-core:7.0.8)'
2026-08-21T16:48:36.653-0300 [DEBUG] [org.gradle.internal.operations.DefaultBuildOperationRunner] Completing Build operation 'Resolve micrometer-commons-1.17.0.jar (io.micrometer:micrometer-commons:1.17.0)'
2026-08-21T16:48:36.653-0300 [DEBUG] [org.gradle.internal.operations.DefaultBuildOperationRunner] Completing Build operation 'Resolve reactor-core-3.8.6.jar (io.projectreactor:reactor-core:3.8.6)'
2026-08-21T16:48:36.653-0300 [DEBUG] [org.gradle.internal.operations.DefaultBuildOperationRunner] Build operation 'Resolve tomcat-embed-core-11.0.22.jar (org.apache.tomcat.embed:tomcat-embed-core:11.0.22)' started
2026-08-21T16:48:36.653-0300 [DEBUG] [org.gradle.internal.operations.DefaultBuildOperationRunner] Completing Build operation 'Resolve redis-authx-core-0.1.1-beta2.jar (redis.clients.authentication:redis-authx-core:0.1.1-beta2)'
2026-08-21T16:48:36.654-0300 [DEBUG] [org.gradle.internal.operations.DefaultBuildOperationRunner] Completing Build operation 'Resolve slf4j-api-2.0.18.jar (org.slf4j:slf4j-api:2.0.18)'
2026-08-21T16:48:36.654-0300 [DEBUG] [org.gradle.internal.operations.DefaultBuildOperationRunner] Completing Build operation 'Resolve micrometer-observation-1.17.0.jar (io.micrometer:micrometer-observation:1.17.0)'
2026-08-21T16:48:36.654-0300 [DEBUG] [org.gradle.internal.operations.DefaultBuildOperationRunner] Build operation 'Resolve antlr4-runtime-4.13.2.jar (org.antlr:antlr4-runtime:4.13.2)' started
2026-08-21T16:48:36.654-0300 [DEBUG] [org.gradle.internal.operations.DefaultBuildOperationRunner] Completing Build operation 'Resolve spring-data-redis-4.1.0.jar (org.springframework.data:spring-data-redis:4.1.0)'
2026-08-21T16:48:36.654-0300 [DEBUG] [org.gradle.internal.operations.DefaultBuildOperationRunner] Build operation 'Resolve aspectjweaver-1.9.25.1.jar (org.aspectj:aspectjweaver:1.9.25.1)' started
2026-08-21T16:48:36.654-0300 [DEBUG] [org.gradle.internal.operations.DefaultBuildOperationRunner] Build operation 'Resolve hibernate-core-7.4.1.Final.jar (org.hibernate.orm:hibernate-core:7.4.1.Final)' started
2026-08-21T16:48:36.654-0300 [DEBUG] [org.gradle.internal.operations.DefaultBuildOperationRunner] Build operation 'Resolve tomcat-embed-el-11.0.22.jar (org.apache.tomcat.embed:tomcat-embed-el:11.0.22)' started
2026-08-21T16:48:36.654-0300 [DEBUG] [org.gradle.internal.operations.DefaultBuildOperationRunner] Completing Build operation 'Resolve tomcat-embed-core-11.0.22.jar (org.apache.tomcat.embed:tomcat-embed-core:11.0.22)'
2026-08-21T16:48:36.654-0300 [DEBUG] [org.gradle.internal.operations.DefaultBuildOperationRunner] Build operation 'Resolve netty-resolver-dns-4.2.15.Final.jar (io.netty:netty-resolver-dns:4.2.15.Final)' started
2026-08-21T16:48:36.653-0300 [DEBUG] [org.gradle.internal.operations.DefaultBuildOperationRunner] Build operation 'Resolve tomcat-embed-websocket-11.0.22.jar (org.apache.tomcat.embed:tomcat-embed-websocket:11.0.22)' started
2026-08-21T16:48:36.653-0300 [DEBUG] [org.gradle.internal.operations.DefaultBuildOperationRunner] Build operation 'Resolve org.osgi.annotation.versioning-1.1.2.jar (org.osgi:org.osgi.annotation.versioning:1.1.2)' started
2026-08-21T16:48:36.653-0300 [DEBUG] [org.gradle.internal.operations.DefaultBuildOperationRunner] Build operation 'Resolve org.osgi.annotation.bundle-2.0.0.jar (org.osgi:org.osgi.annotation.bundle:2.0.0)' started
2026-08-21T16:48:36.653-0300 [DEBUG] [org.gradle.internal.operations.DefaultBuildOperationRunner] Completing Build operation 'Resolve jspecify-1.0.0.jar (org.jspecify:jspecify:1.0.0)'
2026-08-21T16:48:36.654-0300 [DEBUG] [org.gradle.internal.operations.DefaultBuildOperationRunner] Build operation 'Resolve netty-handler-4.2.15.Final.jar (io.netty:netty-handler:4.2.15.Final)' started
2026-08-21T16:48:36.654-0300 [DEBUG] [org.gradle.internal.operations.DefaultBuildOperationRunner] Build operation 'Resolve netty-transport-native-unix-common-4.2.15.Final.jar (io.netty:netty-transport-native-unix-common:4.2.15.Final)' started
2026-08-21T16:48:36.654-0300 [DEBUG] [org.gradle.internal.operations.DefaultBuildOperationRunner] Completing Build operation 'Resolve error_prone_annotations-2.38.0.jar (com.google.errorprone:error_prone_annotations:2.38.0)'
2026-08-21T16:48:36.654-0300 [DEBUG] [org.gradle.internal.operations.DefaultBuildOperationRunner] Build operation 'Resolve netty-codec-dns-4.2.15.Final.jar (io.netty:netty-codec-dns:4.2.15.Final)' started
2026-08-21T16:48:36.653-0300 [DEBUG] [org.gradle.internal.operations.DefaultBuildOperationRunner] Completing Build operation 'Resolve spring-tx-7.0.8.jar (org.springframework:spring-tx:7.0.8)'
2026-08-21T16:48:36.654-0300 [DEBUG] [org.gradle.internal.operations.DefaultBuildOperationRunner] Build operation 'Resolve netty-codec-base-4.2.15.Final.jar (io.netty:netty-codec-base:4.2.15.Final)' started
2026-08-21T16:48:36.654-0300 [DEBUG] [org.gradle.internal.operations.DefaultBuildOperationRunner] Completing Build operation 'Resolve netty-codec-dns-4.2.15.Final.jar (io.netty:netty-codec-dns:4.2.15.Final)'
2026-08-21T16:48:36.655-0300 [DEBUG] [org.gradle.internal.operations.DefaultBuildOperationRunner] Build operation 'Resolve netty-transport-4.2.15.Final.jar (io.netty:netty-transport:4.2.15.Final)' started
2026-08-21T16:48:36.655-0300 [DEBUG] [org.gradle.internal.operations.DefaultBuildOperationRunner] Completing Build operation 'Resolve netty-transport-native-unix-common-4.2.15.Final.jar (io.netty:netty-transport-native-unix-common:4.2.15.Final)'
2026-08-21T16:48:36.655-0300 [DEBUG] [org.gradle.internal.operations.DefaultBuildOperationRunner] Build operation 'Resolve netty-resolver-4.2.15.Final.jar (io.netty:netty-resolver:4.2.15.Final)' started
2026-08-21T16:48:36.655-0300 [DEBUG] [org.gradle.internal.operations.DefaultBuildOperationRunner] Completing Build operation 'Resolve netty-handler-4.2.15.Final.jar (io.netty:netty-handler:4.2.15.Final)'
2026-08-21T16:48:36.655-0300 [DEBUG] [org.gradle.internal.operations.DefaultBuildOperationRunner] Build operation 'Resolve netty-buffer-4.2.15.Final.jar (io.netty:netty-buffer:4.2.15.Final)' started
2026-08-21T16:48:36.655-0300 [DEBUG] [org.gradle.internal.operations.DefaultBuildOperationRunner] Completing Build operation 'Resolve org.osgi.annotation.bundle-2.0.0.jar (org.osgi:org.osgi.annotation.bundle:2.0.0)'
2026-08-21T16:48:36.655-0300 [DEBUG] [org.gradle.internal.operations.DefaultBuildOperationRunner] Build operation 'Resolve netty-common-4.2.15.Final.jar (io.netty:netty-common:4.2.15.Final)' started
2026-08-21T16:48:36.655-0300 [DEBUG] [org.gradle.internal.operations.DefaultBuildOperationRunner] Completing Build operation 'Resolve org.osgi.annotation.versioning-1.1.2.jar (org.osgi:org.osgi.annotation.versioning:1.1.2)'
2026-08-21T16:48:36.655-0300 [DEBUG] [org.gradle.internal.operations.DefaultBuildOperationRunner] Build operation 'Resolve commons-logging-1.3.6.jar (commons-logging:commons-logging:1.3.6)' started
2026-08-21T16:48:36.655-0300 [DEBUG] [org.gradle.internal.operations.DefaultBuildOperationRunner] Completing Build operation 'Resolve tomcat-embed-websocket-11.0.22.jar (org.apache.tomcat.embed:tomcat-embed-websocket:11.0.22)'
2026-08-21T16:48:36.655-0300 [DEBUG] [org.gradle.internal.operations.DefaultBuildOperationRunner] Build operation 'Resolve org.osgi.resource-1.0.0.jar (org.osgi:org.osgi.resource:1.0.0)' started
2026-08-21T16:48:36.655-0300 [DEBUG] [org.gradle.internal.operations.DefaultBuildOperationRunner] Completing Build operation 'Resolve netty-resolver-dns-4.2.15.Final.jar (io.netty:netty-resolver-dns:4.2.15.Final)'
2026-08-21T16:48:36.655-0300 [DEBUG] [org.gradle.internal.operations.DefaultBuildOperationRunner] Build operation 'Resolve org.osgi.service.serviceloader-1.0.0.jar (org.osgi:org.osgi.service.serviceloader:1.0.0)' started
2026-08-21T16:48:36.655-0300 [DEBUG] [org.gradle.internal.operations.DefaultBuildOperationRunner] Completing Build operation 'Resolve tomcat-embed-el-11.0.22.jar (org.apache.tomcat.embed:tomcat-embed-el:11.0.22)'
2026-08-21T16:48:36.655-0300 [DEBUG] [org.gradle.internal.operations.DefaultBuildOperationRunner] Build operation 'Resolve jakarta.persistence-api-3.2.0.jar (jakarta.persistence:jakarta.persistence-api:3.2.0)' started
2026-08-21T16:48:36.655-0300 [DEBUG] [org.gradle.internal.operations.DefaultBuildOperationRunner] Completing Build operation 'Resolve hibernate-core-7.4.1.Final.jar (org.hibernate.orm:hibernate-core:7.4.1.Final)'
2026-08-21T16:48:36.655-0300 [DEBUG] [org.gradle.internal.operations.DefaultBuildOperationRunner] Build operation 'Resolve jakarta.transaction-api-2.0.1.jar (jakarta.transaction:jakarta.transaction-api:2.0.1)' started
2026-08-21T16:48:36.655-0300 [DEBUG] [org.gradle.internal.operations.DefaultBuildOperationRunner] Completing Build operation 'Resolve aspectjweaver-1.9.25.1.jar (org.aspectj:aspectjweaver:1.9.25.1)'
2026-08-21T16:48:36.655-0300 [DEBUG] [org.gradle.internal.operations.DefaultBuildOperationRunner] Build operation 'Resolve reactive-streams-1.0.4.jar (org.reactivestreams:reactive-streams:1.0.4)' started
2026-08-21T16:48:36.655-0300 [DEBUG] [org.gradle.internal.operations.DefaultBuildOperationRunner] Completing Build operation 'Resolve antlr4-runtime-4.13.2.jar (org.antlr:antlr4-runtime:4.13.2)'
2026-08-21T16:48:36.656-0300 [DEBUG] [org.gradle.internal.operations.DefaultBuildOperationRunner] Completing Build operation 'Resolve reactive-streams-1.0.4.jar (org.reactivestreams:reactive-streams:1.0.4)'
2026-08-21T16:48:36.656-0300 [DEBUG] [org.gradle.internal.operations.DefaultBuildOperationRunner] Completing Build operation 'Resolve jakarta.transaction-api-2.0.1.jar (jakarta.transaction:jakarta.transaction-api:2.0.1)'
2026-08-21T16:48:36.656-0300 [DEBUG] [org.gradle.internal.operations.DefaultBuildOperationRunner] Completing Build operation 'Resolve jakarta.persistence-api-3.2.0.jar (jakarta.persistence:jakarta.persistence-api:3.2.0)'
2026-08-21T16:48:36.656-0300 [DEBUG] [org.gradle.internal.operations.DefaultBuildOperationRunner] Completing Build operation 'Resolve org.osgi.service.serviceloader-1.0.0.jar (org.osgi:org.osgi.service.serviceloader:1.0.0)'
2026-08-21T16:48:36.656-0300 [DEBUG] [org.gradle.internal.operations.DefaultBuildOperationRunner] Completing Build operation 'Resolve org.osgi.resource-1.0.0.jar (org.osgi:org.osgi.resource:1.0.0)'
2026-08-21T16:48:36.656-0300 [DEBUG] [org.gradle.internal.operations.DefaultBuildOperationRunner] Completing Build operation 'Resolve commons-logging-1.3.6.jar (commons-logging:commons-logging:1.3.6)'
2026-08-21T16:48:36.656-0300 [DEBUG] [org.gradle.internal.operations.DefaultBuildOperationRunner] Completing Build operation 'Resolve netty-common-4.2.15.Final.jar (io.netty:netty-common:4.2.15.Final)'
2026-08-21T16:48:36.656-0300 [DEBUG] [org.gradle.internal.operations.DefaultBuildOperationRunner] Completing Build operation 'Resolve netty-buffer-4.2.15.Final.jar (io.netty:netty-buffer:4.2.15.Final)'
2026-08-21T16:48:36.656-0300 [DEBUG] [org.gradle.internal.operations.DefaultBuildOperationRunner] Completing Build operation 'Resolve netty-resolver-4.2.15.Final.jar (io.netty:netty-resolver:4.2.15.Final)'
2026-08-21T16:48:36.656-0300 [DEBUG] [org.gradle.internal.operations.DefaultBuildOperationRunner] Completing Build operation 'Resolve netty-transport-4.2.15.Final.jar (io.netty:netty-transport:4.2.15.Final)'
2026-08-21T16:48:36.656-0300 [DEBUG] [org.gradle.internal.operations.DefaultBuildOperationRunner] Completing Build operation 'Resolve netty-codec-base-4.2.15.Final.jar (io.netty:netty-codec-base:4.2.15.Final)'
2026-08-21T16:48:36.656-0300 [DEBUG] [org.gradle.internal.resources.AbstractTrackedResourceLock] Execution worker Thread 11: acquired lock on worker lease
2026-08-21T16:48:36.656-0300 [DEBUG] [org.gradle.internal.resources.AbstractTrackedResourceLock] Execution worker Thread 11: released lock on worker lease
2026-08-21T16:48:36.656-0300 [DEBUG] [org.gradle.internal.resources.AbstractTrackedResourceLock] included builds: acquired lock on worker lease
2026-08-21T16:48:36.656-0300 [DEBUG] [org.gradle.internal.resources.AbstractTrackedResourceLock] included builds: released lock on worker lease
2026-08-21T16:48:36.656-0300 [DEBUG] [org.gradle.internal.resources.AbstractTrackedResourceLock] Execution worker Thread 10: acquired lock on worker lease
2026-08-21T16:48:36.656-0300 [DEBUG] [org.gradle.internal.resources.AbstractTrackedResourceLock] Execution worker Thread 10: released lock on worker lease
2026-08-21T16:48:36.656-0300 [DEBUG] [org.gradle.internal.resources.AbstractTrackedResourceLock] Execution worker Thread 9: acquired lock on worker lease
2026-08-21T16:48:36.656-0300 [DEBUG] [org.gradle.internal.resources.AbstractTrackedResourceLock] Execution worker Thread 9: released lock on worker lease
2026-08-21T16:48:36.657-0300 [DEBUG] [org.gradle.internal.resources.AbstractTrackedResourceLock] Execution worker Thread 8: acquired lock on worker lease
2026-08-21T16:48:36.657-0300 [DEBUG] [org.gradle.internal.resources.AbstractTrackedResourceLock] Execution worker Thread 8: released lock on worker lease
2026-08-21T16:48:36.657-0300 [DEBUG] [org.gradle.internal.resources.AbstractTrackedResourceLock] Execution worker Thread 7: acquired lock on worker lease
2026-08-21T16:48:36.657-0300 [DEBUG] [org.gradle.internal.resources.AbstractTrackedResourceLock] Execution worker Thread 7: released lock on worker lease
2026-08-21T16:48:36.657-0300 [DEBUG] [org.gradle.internal.resources.AbstractTrackedResourceLock] Execution worker Thread 6: acquired lock on worker lease
2026-08-21T16:48:36.657-0300 [DEBUG] [org.gradle.internal.resources.AbstractTrackedResourceLock] Execution worker Thread 6: released lock on worker lease
2026-08-21T16:48:36.657-0300 [DEBUG] [org.gradle.internal.resources.AbstractTrackedResourceLock] Execution worker Thread 5: acquired lock on worker lease
2026-08-21T16:48:36.657-0300 [DEBUG] [org.gradle.internal.resources.AbstractTrackedResourceLock] Execution worker Thread 5: released lock on worker lease
2026-08-21T16:48:36.657-0300 [DEBUG] [org.gradle.internal.resources.AbstractTrackedResourceLock] Execution worker Thread 4: acquired lock on worker lease
2026-08-21T16:48:36.657-0300 [DEBUG] [org.gradle.internal.resources.AbstractTrackedResourceLock] Execution worker Thread 4: released lock on worker lease
2026-08-21T16:48:36.657-0300 [DEBUG] [org.gradle.internal.resources.AbstractTrackedResourceLock] Execution worker Thread 3: acquired lock on worker lease
2026-08-21T16:48:36.657-0300 [DEBUG] [org.gradle.internal.resources.AbstractTrackedResourceLock] Execution worker Thread 3: released lock on worker lease
2026-08-21T16:48:36.657-0300 [DEBUG] [org.gradle.internal.resources.AbstractTrackedResourceLock] Execution worker Thread 2: acquired lock on worker lease
2026-08-21T16:48:36.657-0300 [DEBUG] [org.gradle.internal.resources.AbstractTrackedResourceLock] Execution worker Thread 2: released lock on worker lease
2026-08-21T16:48:36.657-0300 [DEBUG] [org.gradle.internal.resources.AbstractTrackedResourceLock] Execution worker Thread 2: acquired lock on worker lease
2026-08-21T16:48:36.657-0300 [DEBUG] [org.gradle.execution.plan.DefaultFinalizedExecutionPlan] Cannot acquire project lock for node Resolve mutations for :processResources
2026-08-21T16:48:36.657-0300 [DEBUG] [org.gradle.execution.plan.DefaultFinalizedExecutionPlan] Cannot acquire project lock for node Resolve mutations for :processTestResources
2026-08-21T16:48:36.657-0300 [DEBUG] [org.gradle.internal.resources.AbstractTrackedResourceLock] Execution worker Thread 2: released lock on worker lease
2026-08-21T16:48:36.657-0300 [DEBUG] [org.gradle.internal.resources.AbstractTrackedResourceLock] Execution worker Thread 3: acquired lock on worker lease
2026-08-21T16:48:36.657-0300 [DEBUG] [org.gradle.internal.resources.AbstractTrackedResourceLock] Execution worker Thread 3: released lock on worker lease
2026-08-21T16:48:36.657-0300 [DEBUG] [org.gradle.internal.resources.AbstractTrackedResourceLock] Execution worker Thread 4: acquired lock on worker lease
2026-08-21T16:48:36.657-0300 [DEBUG] [org.gradle.internal.resources.AbstractTrackedResourceLock] Execution worker Thread 4: released lock on worker lease
2026-08-21T16:48:36.657-0300 [DEBUG] [org.gradle.internal.resources.AbstractTrackedResourceLock] Execution worker Thread 5: acquired lock on worker lease
2026-08-21T16:48:36.657-0300 [DEBUG] [org.gradle.internal.resources.AbstractTrackedResourceLock] Execution worker Thread 5: released lock on worker lease
2026-08-21T16:48:36.657-0300 [DEBUG] [org.gradle.internal.resources.AbstractTrackedResourceLock] Execution worker Thread 6: acquired lock on worker lease
2026-08-21T16:48:36.657-0300 [DEBUG] [org.gradle.internal.resources.AbstractTrackedResourceLock] Execution worker Thread 6: released lock on worker lease
2026-08-21T16:48:36.657-0300 [DEBUG] [org.gradle.internal.resources.AbstractTrackedResourceLock] Execution worker Thread 7: acquired lock on worker lease
2026-08-21T16:48:36.657-0300 [DEBUG] [org.gradle.internal.resources.AbstractTrackedResourceLock] Execution worker Thread 7: released lock on worker lease
2026-08-21T16:48:36.657-0300 [DEBUG] [org.gradle.internal.resources.AbstractTrackedResourceLock] Execution worker Thread 8: acquired lock on worker lease
2026-08-21T16:48:36.658-0300 [DEBUG] [org.gradle.internal.resources.AbstractTrackedResourceLock] Execution worker Thread 8: released lock on worker lease
2026-08-21T16:48:36.658-0300 [DEBUG] [org.gradle.internal.resources.AbstractTrackedResourceLock] Execution worker Thread 9: acquired lock on worker lease
2026-08-21T16:48:36.658-0300 [DEBUG] [org.gradle.internal.resources.AbstractTrackedResourceLock] Execution worker Thread 9: released lock on worker lease
2026-08-21T16:48:36.658-0300 [DEBUG] [org.gradle.internal.resources.AbstractTrackedResourceLock] Execution worker Thread 10: acquired lock on worker lease
2026-08-21T16:48:36.658-0300 [DEBUG] [org.gradle.internal.resources.AbstractTrackedResourceLock] Execution worker Thread 10: released lock on worker lease
2026-08-21T16:48:36.658-0300 [DEBUG] [org.gradle.internal.resources.AbstractTrackedResourceLock] included builds: acquired lock on worker lease
2026-08-21T16:48:36.658-0300 [DEBUG] [org.gradle.internal.resources.AbstractTrackedResourceLock] included builds: released lock on worker lease
2026-08-21T16:48:36.658-0300 [DEBUG] [org.gradle.internal.resources.AbstractTrackedResourceLock] Execution worker Thread 11: acquired lock on worker lease
2026-08-21T16:48:36.658-0300 [DEBUG] [org.gradle.internal.resources.AbstractTrackedResourceLock] Execution worker Thread 11: released lock on worker lease
2026-08-21T16:48:36.658-0300 [DEBUG] [org.gradle.internal.operations.DefaultBuildOperationRunner] Completing Build operation 'Resolve files of configuration ':compileClasspath''
2026-08-21T16:48:36.658-0300 [DEBUG] [org.gradle.internal.operations.DefaultBuildOperationRunner] Build operation 'Resolve dependencies of :annotationProcessor' started
2026-08-21T16:48:36.659-0300 [DEBUG] [org.gradle.internal.operations.DefaultBuildOperationRunner] Completing Build operation 'Resolve dependencies of :annotationProcessor'
2026-08-21T16:48:36.660-0300 [DEBUG] [org.gradle.internal.operations.DefaultBuildOperationRunner] Build operation 'Resolve files of configuration ':annotationProcessor'' started
2026-08-21T16:48:36.660-0300 [DEBUG] [org.gradle.internal.operations.DefaultBuildOperationRunner] Completing Build operation 'Resolve files of configuration ':annotationProcessor''
2026-08-21T16:48:36.660-0300 [DEBUG] [org.gradle.internal.operations.DefaultBuildOperationRunner] Completing Build operation 'Snapshot inputs and outputs before executing task ':compileJava''
2026-08-21T16:48:36.661-0300 [DEBUG] [org.gradle.internal.operations.DefaultBuildOperationRunner] Completing Build operation 'Snapshot task inputs for :compileJava'
2026-08-21T16:48:36.661-0300 [DEBUG] [org.gradle.cache.internal.btree.BTreePersistentIndexedCache] Opening cache outputFiles.bin (/Users/claratorres1414/Desktop/spring-bootstrap/.gradle/buildOutputCleanup/outputFiles.bin)
2026-08-21T16:48:36.613-0300 [LIFECYCLE] [class org.gradle.internal.buildevents.TaskExecutionLogger] 
2026-08-21T16:48:36.613-0300 [LIFECYCLE] [class org.gradle.internal.buildevents.TaskExecutionLogger] > Task :compileJava UP-TO-DATE
2026-08-21T16:48:36.613-0300 [DEBUG] [org.gradle.api.internal.tasks.execution.ResolveTaskExecutionModeExecuter] Putting task artifact state for task ':compileJava' into context took 0.0 secs.
2026-08-21T16:48:36.613-0300 [DEBUG] [org.gradle.internal.execution.steps.IdentifyStep] Implementation for task ':compileJava': org.gradle.api.tasks.compile.JavaCompile_Decorated@bf23f43623a3fe6628558cf72ff750c2
2026-08-21T16:48:36.613-0300 [DEBUG] [org.gradle.internal.execution.steps.IdentifyStep] Additional implementations for task ':compileJava': [org.springframework.boot.gradle.plugin.JavaPluginAction$AdditionalMetadataLocationsConfigurer@e720353183fc12f44bd0d4cffcd39488, org.gradle.api.tasks.compile.JavaCompile_Decorated@bf23f43623a3fe6628558cf72ff750c2]
2026-08-21T16:48:36.615-0300 [DEBUG] [org.gradle.internal.watch.registry.impl.HierarchicalFileWatcherUpdater] Watching 1 directory hierarchies to track changes
2026-08-21T16:48:36.615-0300 [DEBUG] [org.gradle.internal.watch.registry.impl.DefaultFileWatcherProbeRegistry] Watch probe for hierarchy has already been triggered: /Users/claratorres1414/Desktop/spring-bootstrap
2026-08-21T16:48:36.617-0300 [DEBUG] [io.spring.gradle.dependencymanagement.internal.ImplicitDependencyManagementCollector] Adding managed version in configuration 'compileClasspath' for dependency 'me.paulschwarz:spring-dotenv-bom:5.1.0'
2026-08-21T16:48:36.617-0300 [DEBUG] [io.spring.gradle.dependencymanagement.internal.ImplicitDependencyManagementCollector] Adding managed version in configuration 'implementation' for dependency 'me.paulschwarz:spring-dotenv-bom:5.1.0'
2026-08-21T16:48:36.617-0300 [DEBUG] [org.gradle.api.internal.artifacts.ivyservice.modulecache.ResolvedArtifactCaches] Reusing in-memory cache for repo 'MavenRepo' [26c913274550a0b2221f47a0fe2d2358].
2026-08-21T16:48:36.617-0300 [DEBUG] [io.spring.gradle.dependencymanagement.internal.VersionConfiguringAction] Processing requested dependency 'org.projectlombok:lombok:' with target 'org.projectlombok:lombok:
2026-08-21T16:48:36.617-0300 [DEBUG] [io.spring.gradle.dependencymanagement.internal.DependencyManagementContainer] Found managed version '1.18.46' for dependency 'org.projectlombok:lombok' in global dependency management
2026-08-21T16:48:36.618-0300 [DEBUG] [io.spring.gradle.dependencymanagement.internal.VersionConfiguringAction] Using version '1.18.46' for dependency 'org.projectlombok:lombok:'
2026-08-21T16:48:36.618-0300 [DEBUG] [io.spring.gradle.dependencymanagement.internal.VersionConfiguringAction] Processing requested dependency 'org.springframework.boot:spring-boot-starter:' with target 'org.springframework.boot:spring-boot-starter:
2026-08-21T16:48:36.618-0300 [DEBUG] [io.spring.gradle.dependencymanagement.internal.DependencyManagementContainer] Found managed version '4.1.0' for dependency 'org.springframework.boot:spring-boot-starter' in global dependency management
2026-08-21T16:48:36.618-0300 [DEBUG] [io.spring.gradle.dependencymanagement.internal.VersionConfiguringAction] Using version '4.1.0' for dependency 'org.springframework.boot:spring-boot-starter:'
2026-08-21T16:48:36.618-0300 [DEBUG] [io.spring.gradle.dependencymanagement.internal.VersionConfiguringAction] Processing requested dependency 'org.springframework.boot:spring-boot-starter-web:' with target 'org.springframework.boot:spring-boot-starter-web:
2026-08-21T16:48:36.618-0300 [DEBUG] [io.spring.gradle.dependencymanagement.internal.DependencyManagementContainer] Found managed version '4.1.0' for dependency 'org.springframework.boot:spring-boot-starter-web' in global dependency management
2026-08-21T16:48:36.618-0300 [DEBUG] [io.spring.gradle.dependencymanagement.internal.VersionConfiguringAction] Using version '4.1.0' for dependency 'org.springframework.boot:spring-boot-starter-web:'
2026-08-21T16:48:36.618-0300 [DEBUG] [io.spring.gradle.dependencymanagement.internal.VersionConfiguringAction] Processing requested dependency 'org.springframework.boot:spring-boot-starter-data-jpa:' with target 'org.springframework.boot:spring-boot-starter-data-jpa:
2026-08-21T16:48:36.618-0300 [DEBUG] [io.spring.gradle.dependencymanagement.internal.DependencyManagementContainer] Found managed version '4.1.0' for dependency 'org.springframework.boot:spring-boot-starter-data-jpa' in global dependency management
2026-08-21T16:48:36.618-0300 [DEBUG] [io.spring.gradle.dependencymanagement.internal.VersionConfiguringAction] Using version '4.1.0' for dependency 'org.springframework.boot:spring-boot-starter-data-jpa:'
2026-08-21T16:48:36.618-0300 [DEBUG] [io.spring.gradle.dependencymanagement.internal.VersionConfiguringAction] Processing requested dependency 'org.flywaydb:flyway-core:' with target 'org.flywaydb:flyway-core:
2026-08-21T16:48:36.618-0300 [DEBUG] [io.spring.gradle.dependencymanagement.internal.DependencyManagementContainer] Found managed version '12.4.0' for dependency 'org.flywaydb:flyway-core' in global dependency management
2026-08-21T16:48:36.618-0300 [DEBUG] [io.spring.gradle.dependencymanagement.internal.VersionConfiguringAction] Using version '12.4.0' for dependency 'org.flywaydb:flyway-core:'
2026-08-21T16:48:36.618-0300 [DEBUG] [io.spring.gradle.dependencymanagement.internal.VersionConfiguringAction] Processing requested dependency 'org.springframework.boot:spring-boot-starter-data-redis:' with target 'org.springframework.boot:spring-boot-starter-data-redis:
2026-08-21T16:48:36.618-0300 [DEBUG] [io.spring.gradle.dependencymanagement.internal.DependencyManagementContainer] Found managed version '4.1.0' for dependency 'org.springframework.boot:spring-boot-starter-data-redis' in global dependency management
2026-08-21T16:48:36.618-0300 [DEBUG] [io.spring.gradle.dependencymanagement.internal.VersionConfiguringAction] Using version '4.1.0' for dependency 'org.springframework.boot:spring-boot-starter-data-redis:'
2026-08-21T16:48:36.618-0300 [DEBUG] [io.spring.gradle.dependencymanagement.internal.VersionConfiguringAction] Processing requested dependency 'me.paulschwarz:spring-dotenv-bom:5.1.0' with target 'me.paulschwarz:spring-dotenv-bom:5.1.0
2026-08-21T16:48:36.618-0300 [DEBUG] [io.spring.gradle.dependencymanagement.internal.DependencyManagementContainer] Found managed version '5.1.0' for dependency 'me.paulschwarz:spring-dotenv-bom' in dependency management for configuration 'compileClasspath'
2026-08-21T16:48:36.618-0300 [DEBUG] [io.spring.gradle.dependencymanagement.internal.VersionConfiguringAction] Using version '5.1.0' for dependency 'me.paulschwarz:spring-dotenv-bom:5.1.0'
2026-08-21T16:48:36.618-0300 [DEBUG] [org.gradle.api.internal.artifacts.ivyservice.ivyresolve.RepositoryChainComponentMetaDataResolver] Attempting to resolve component for org.projectlombok:lombok:1.18.46 using repositories [MavenRepo]
2026-08-21T16:48:36.618-0300 [DEBUG] [org.gradle.api.internal.artifacts.ivyservice.ivyresolve.CachingModuleComponentRepository] Using cached module metadata for module 'org.projectlombok:lombok:1.18.46' in 'MavenRepo'
2026-08-21T16:48:36.618-0300 [DEBUG] [org.gradle.api.internal.artifacts.ivyservice.ivyresolve.RepositoryChainComponentMetaDataResolver] Using org.projectlombok:lombok:1.18.46 from org.gradle.api.internal.artifacts.ivyservice.ivyresolve.FilteredModuleComponentRepository@58a7b1a4
2026-08-21T16:48:36.618-0300 [DEBUG] [org.gradle.internal.component.model.LoggingAttributeMatchingExplanationBuilder] Candidate {org.gradle.category=library, org.gradle.libraryelements=jar, org.gradle.status=release, org.gradle.usage=java-api} doesn't have attribute org.gradle.dependency.bundling
2026-08-21T16:48:36.618-0300 [DEBUG] [org.gradle.internal.component.model.LoggingAttributeMatchingExplanationBuilder] Candidate {org.gradle.category=library, org.gradle.libraryelements=jar, org.gradle.status=release, org.gradle.usage=java-api} doesn't have attribute org.gradle.jvm.environment
2026-08-21T16:48:36.618-0300 [DEBUG] [org.gradle.internal.component.model.LoggingAttributeMatchingExplanationBuilder] Candidate {org.gradle.category=library, org.gradle.libraryelements=jar, org.gradle.status=release, org.gradle.usage=java-api} doesn't have attribute org.gradle.jvm.version
2026-08-21T16:48:36.618-0300 [DEBUG] [org.gradle.internal.component.model.LoggingAttributeMatchingExplanationBuilder] Candidate {org.gradle.category=library, org.gradle.libraryelements=jar, org.gradle.status=release, org.gradle.usage=java-runtime} doesn't have attribute org.gradle.dependency.bundling
2026-08-21T16:48:36.618-0300 [DEBUG] [org.gradle.internal.component.model.LoggingAttributeMatchingExplanationBuilder] Candidate {org.gradle.category=library, org.gradle.libraryelements=jar, org.gradle.status=release, org.gradle.usage=java-runtime} doesn't have attribute org.gradle.jvm.environment
2026-08-21T16:48:36.618-0300 [DEBUG] [org.gradle.internal.component.model.LoggingAttributeMatchingExplanationBuilder] Candidate {org.gradle.category=library, org.gradle.libraryelements=jar, org.gradle.status=release, org.gradle.usage=java-runtime} doesn't have attribute org.gradle.jvm.version
2026-08-21T16:48:36.618-0300 [DEBUG] [org.gradle.internal.component.model.LoggingAttributeMatchingExplanationBuilder] Candidate {org.gradle.category=documentation, org.gradle.dependency.bundling=external, org.gradle.docstype=sources, org.gradle.status=release, org.gradle.usage=java-runtime} attribute org.gradle.category value org.gradle.category=documentation doesn't requested value library
2026-08-21T16:48:36.618-0300 [DEBUG] [org.gradle.internal.component.model.LoggingAttributeMatchingExplanationBuilder] Candidate {org.gradle.category=documentation, org.gradle.dependency.bundling=external, org.gradle.docstype=javadoc, org.gradle.status=release, org.gradle.usage=java-runtime} attribute org.gradle.category value org.gradle.category=documentation doesn't requested value library
2026-08-21T16:48:36.618-0300 [DEBUG] [org.gradle.internal.component.model.LoggingAttributeMatchingExplanationBuilder] Candidate {org.gradle.category=platform, org.gradle.status=release, org.gradle.usage=java-api} attribute org.gradle.category value org.gradle.category=platform doesn't requested value library
2026-08-21T16:48:36.618-0300 [DEBUG] [org.gradle.internal.component.model.LoggingAttributeMatchingExplanationBuilder] Candidate {org.gradle.category=platform, org.gradle.status=release, org.gradle.usage=java-runtime} attribute org.gradle.category value org.gradle.category=platform doesn't requested value library
2026-08-21T16:48:36.618-0300 [DEBUG] [org.gradle.internal.component.model.LoggingAttributeMatchingExplanationBuilder] Candidate {org.gradle.category=enforced-platform, org.gradle.status=release, org.gradle.usage=java-api} attribute org.gradle.category value org.gradle.category=enforced-platform doesn't requested value library
2026-08-21T16:48:36.618-0300 [DEBUG] [org.gradle.internal.component.model.LoggingAttributeMatchingExplanationBuilder] Candidate {org.gradle.category=enforced-platform, org.gradle.status=release, org.gradle.usage=java-runtime} attribute org.gradle.category value org.gradle.category=enforced-platform doesn't requested value library
2026-08-21T16:48:36.618-0300 [DEBUG] [org.gradle.api.internal.attributes.matching.DefaultAttributeMatcher] Selected matches [0] from candidates [{org.gradle.category=library, org.gradle.libraryelements=jar, org.gradle.status=release, org.gradle.usage=java-api}, {org.gradle.category=library, org.gradle.libraryelements=jar, org.gradle.status=release, org.gradle.usage=java-runtime}, {org.gradle.category=documentation, org.gradle.dependency.bundling=external, org.gradle.docstype=sources, org.gradle.status=release, org.gradle.usage=java-runtime}, {org.gradle.category=documentation, org.gradle.dependency.bundling=external, org.gradle.docstype=javadoc, org.gradle.status=release, org.gradle.usage=java-runtime}, {org.gradle.category=platform, org.gradle.status=release, org.gradle.usage=java-api}, {org.gradle.category=platform, org.gradle.status=release, org.gradle.usage=java-runtime}, {org.gradle.category=enforced-platform, org.gradle.status=release, org.gradle.usage=java-api}, {org.gradle.category=enforced-platform, org.gradle.status=release, org.gradle.usage=java-runtime}] for {org.gradle.category=library, org.gradle.dependency.bundling=external, org.gradle.jvm.environment=standard-jvm, org.gradle.jvm.version=21, org.gradle.libraryelements=classes, org.gradle.usage=java-api}
2026-08-21T16:48:36.618-0300 [DEBUG] [org.gradle.api.internal.artifacts.ivyservice.ivyresolve.RepositoryChainComponentMetaDataResolver] Attempting to resolve component for org.springframework.boot:spring-boot-starter:4.1.0 using repositories [MavenRepo]
2026-08-21T16:48:36.618-0300 [DEBUG] [org.gradle.api.internal.artifacts.ivyservice.ivyresolve.CachingModuleComponentRepository] Using cached module metadata for module 'org.springframework.boot:spring-boot-starter:4.1.0' in 'MavenRepo'
2026-08-21T16:48:36.618-0300 [DEBUG] [org.gradle.api.internal.artifacts.ivyservice.ivyresolve.RepositoryChainComponentMetaDataResolver] Using org.springframework.boot:spring-boot-starter:4.1.0 from org.gradle.api.internal.artifacts.ivyservice.ivyresolve.FilteredModuleComponentRepository@58a7b1a4
2026-08-21T16:48:36.618-0300 [DEBUG] [org.gradle.internal.component.model.LoggingAttributeMatchingExplanationBuilder] Candidate {org.gradle.category=library, org.gradle.dependency.bundling=external, org.gradle.jvm.version=17, org.gradle.libraryelements=jar, org.gradle.status=release, org.gradle.usage=java-api} doesn't have attribute org.gradle.jvm.environment
2026-08-21T16:48:36.619-0300 [DEBUG] [org.gradle.internal.component.model.LoggingAttributeMatchingExplanationBuilder] Candidate {org.gradle.category=library, org.gradle.dependency.bundling=external, org.gradle.jvm.version=17, org.gradle.libraryelements=jar, org.gradle.status=release, org.gradle.usage=java-runtime} doesn't have attribute org.gradle.jvm.environment
2026-08-21T16:48:36.619-0300 [DEBUG] [org.gradle.internal.component.model.LoggingAttributeMatchingExplanationBuilder] Candidate {org.gradle.category=documentation, org.gradle.dependency.bundling=external, org.gradle.docstype=javadoc, org.gradle.status=release, org.gradle.usage=java-runtime} attribute org.gradle.category value org.gradle.category=documentation doesn't requested value library
2026-08-21T16:48:36.619-0300 [DEBUG] [org.gradle.internal.component.model.LoggingAttributeMatchingExplanationBuilder] Candidate {org.gradle.category=documentation, org.gradle.dependency.bundling=external, org.gradle.docstype=sources, org.gradle.status=release, org.gradle.usage=java-runtime} attribute org.gradle.category value org.gradle.category=documentation doesn't requested value library
2026-08-21T16:48:36.619-0300 [DEBUG] [org.gradle.api.internal.attributes.matching.DefaultAttributeMatcher] Selected matches [0] from candidates [{org.gradle.category=library, org.gradle.dependency.bundling=external, org.gradle.jvm.version=17, org.gradle.libraryelements=jar, org.gradle.status=release, org.gradle.usage=java-api}, {org.gradle.category=library, org.gradle.dependency.bundling=external, org.gradle.jvm.version=17, org.gradle.libraryelements=jar, org.gradle.status=release, org.gradle.usage=java-runtime}, {org.gradle.category=documentation, org.gradle.dependency.bundling=external, org.gradle.docstype=javadoc, org.gradle.status=release, org.gradle.usage=java-runtime}, {org.gradle.category=documentation, org.gradle.dependency.bundling=external, org.gradle.docstype=sources, org.gradle.status=release, org.gradle.usage=java-runtime}] for {org.gradle.category=library, org.gradle.dependency.bundling=external, org.gradle.jvm.environment=standard-jvm, org.gradle.jvm.version=21, org.gradle.libraryelements=classes, org.gradle.usage=java-api}
2026-08-21T16:48:36.619-0300 [DEBUG] [org.gradle.api.internal.artifacts.ivyservice.ivyresolve.RepositoryChainComponentMetaDataResolver] Attempting to resolve component for org.springframework.boot:spring-boot-starter-web:4.1.0 using repositories [MavenRepo]
2026-08-21T16:48:36.619-0300 [DEBUG] [org.gradle.api.internal.artifacts.ivyservice.ivyresolve.CachingModuleComponentRepository] Using cached module metadata for module 'org.springframework.boot:spring-boot-starter-web:4.1.0' in 'MavenRepo'
2026-08-21T16:48:36.619-0300 [DEBUG] [org.gradle.api.internal.artifacts.ivyservice.ivyresolve.RepositoryChainComponentMetaDataResolver] Using org.springframework.boot:spring-boot-starter-web:4.1.0 from org.gradle.api.internal.artifacts.ivyservice.ivyresolve.FilteredModuleComponentRepository@58a7b1a4
2026-08-21T16:48:36.619-0300 [DEBUG] [org.gradle.api.internal.artifacts.ivyservice.ivyresolve.RepositoryChainComponentMetaDataResolver] Attempting to resolve component for org.springframework.boot:spring-boot-starter-data-jpa:4.1.0 using repositories [MavenRepo]
2026-08-21T16:48:36.619-0300 [DEBUG] [org.gradle.api.internal.artifacts.ivyservice.ivyresolve.CachingModuleComponentRepository] Using cached module metadata for module 'org.springframework.boot:spring-boot-starter-data-jpa:4.1.0' in 'MavenRepo'
2026-08-21T16:48:36.619-0300 [DEBUG] [org.gradle.api.internal.artifacts.ivyservice.ivyresolve.RepositoryChainComponentMetaDataResolver] Using org.springframework.boot:spring-boot-starter-data-jpa:4.1.0 from org.gradle.api.internal.artifacts.ivyservice.ivyresolve.FilteredModuleComponentRepository@58a7b1a4
2026-08-21T16:48:36.619-0300 [DEBUG] [org.gradle.api.internal.artifacts.ivyservice.ivyresolve.RepositoryChainComponentMetaDataResolver] Attempting to resolve component for org.flywaydb:flyway-core:12.4.0 using repositories [MavenRepo]
2026-08-21T16:48:36.619-0300 [DEBUG] [org.gradle.api.internal.artifacts.ivyservice.ivyresolve.CachingModuleComponentRepository] Using cached module metadata for module 'org.flywaydb:flyway-core:12.4.0' in 'MavenRepo'
2026-08-21T16:48:36.619-0300 [DEBUG] [org.gradle.api.internal.artifacts.ivyservice.ivyresolve.RepositoryChainComponentMetaDataResolver] Using org.flywaydb:flyway-core:12.4.0 from org.gradle.api.internal.artifacts.ivyservice.ivyresolve.FilteredModuleComponentRepository@58a7b1a4
2026-08-21T16:48:36.619-0300 [DEBUG] [org.gradle.api.internal.artifacts.ivyservice.ivyresolve.RepositoryChainComponentMetaDataResolver] Attempting to resolve component for org.springframework.boot:spring-boot-starter-data-redis:4.1.0 using repositories [MavenRepo]
2026-08-21T16:48:36.619-0300 [DEBUG] [org.gradle.api.internal.artifacts.ivyservice.ivyresolve.CachingModuleComponentRepository] Using cached module metadata for module 'org.springframework.boot:spring-boot-starter-data-redis:4.1.0' in 'MavenRepo'
2026-08-21T16:48:36.619-0300 [DEBUG] [org.gradle.api.internal.artifacts.ivyservice.ivyresolve.RepositoryChainComponentMetaDataResolver] Using org.springframework.boot:spring-boot-starter-data-redis:4.1.0 from org.gradle.api.internal.artifacts.ivyservice.ivyresolve.FilteredModuleComponentRepository@58a7b1a4
2026-08-21T16:48:36.619-0300 [DEBUG] [org.gradle.api.internal.artifacts.ivyservice.ivyresolve.RepositoryChainComponentMetaDataResolver] Attempting to resolve component for me.paulschwarz:spring-dotenv-bom:5.1.0 using repositories [MavenRepo]
2026-08-21T16:48:36.619-0300 [DEBUG] [org.gradle.api.internal.artifacts.ivyservice.ivyresolve.CachingModuleComponentRepository] Using cached module metadata for module 'me.paulschwarz:spring-dotenv-bom:5.1.0' in 'MavenRepo'
2026-08-21T16:48:36.619-0300 [DEBUG] [org.gradle.api.internal.artifacts.ivyservice.ivyresolve.RepositoryChainComponentMetaDataResolver] Using me.paulschwarz:spring-dotenv-bom:5.1.0 from org.gradle.api.internal.artifacts.ivyservice.ivyresolve.FilteredModuleComponentRepository@58a7b1a4
2026-08-21T16:48:36.619-0300 [DEBUG] [org.gradle.internal.component.model.LoggingAttributeMatchingExplanationBuilder] Candidate {org.gradle.category=platform, org.gradle.status=release, org.gradle.usage=java-api} doesn't have attribute org.gradle.dependency.bundling
2026-08-21T16:48:36.619-0300 [DEBUG] [org.gradle.internal.component.model.LoggingAttributeMatchingExplanationBuilder] Candidate {org.gradle.category=platform, org.gradle.status=release, org.gradle.usage=java-api} doesn't have attribute org.gradle.jvm.environment
2026-08-21T16:48:36.619-0300 [DEBUG] [org.gradle.internal.component.model.LoggingAttributeMatchingExplanationBuilder] Candidate {org.gradle.category=platform, org.gradle.status=release, org.gradle.usage=java-api} doesn't have attribute org.gradle.libraryelements
2026-08-21T16:48:36.619-0300 [DEBUG] [org.gradle.internal.component.model.LoggingAttributeMatchingExplanationBuilder] Candidate {org.gradle.category=platform, org.gradle.status=release, org.gradle.usage=java-api} doesn't have attribute org.gradle.jvm.version
2026-08-21T16:48:36.619-0300 [DEBUG] [org.gradle.internal.component.model.LoggingAttributeMatchingExplanationBuilder] Candidate {org.gradle.category=platform, org.gradle.status=release, org.gradle.usage=java-runtime} doesn't have attribute org.gradle.dependency.bundling
2026-08-21T16:48:36.619-0300 [DEBUG] [org.gradle.internal.component.model.LoggingAttributeMatchingExplanationBuilder] Candidate {org.gradle.category=platform, org.gradle.status=release, org.gradle.usage=java-runtime} doesn't have attribute org.gradle.jvm.environment
2026-08-21T16:48:36.619-0300 [DEBUG] [org.gradle.internal.component.model.LoggingAttributeMatchingExplanationBuilder] Candidate {org.gradle.category=platform, org.gradle.status=release, org.gradle.usage=java-runtime} doesn't have attribute org.gradle.libraryelements
2026-08-21T16:48:36.619-0300 [DEBUG] [org.gradle.internal.component.model.LoggingAttributeMatchingExplanationBuilder] Candidate {org.gradle.category=platform, org.gradle.status=release, org.gradle.usage=java-runtime} doesn't have attribute org.gradle.jvm.version
2026-08-21T16:48:36.619-0300 [DEBUG] [org.gradle.internal.component.model.LoggingAttributeMatchingExplanationBuilder] Candidate {org.gradle.category=enforced-platform, org.gradle.status=release, org.gradle.usage=java-api} attribute org.gradle.category value org.gradle.category=enforced-platform doesn't requested value platform
2026-08-21T16:48:36.619-0300 [DEBUG] [org.gradle.internal.component.model.LoggingAttributeMatchingExplanationBuilder] Candidate {org.gradle.category=enforced-platform, org.gradle.status=release, org.gradle.usage=java-runtime} attribute org.gradle.category value org.gradle.category=enforced-platform doesn't requested value platform
2026-08-21T16:48:36.619-0300 [DEBUG] [org.gradle.api.internal.attributes.matching.DefaultAttributeMatcher] Selected matches [0] from candidates [{org.gradle.category=platform, org.gradle.status=release, org.gradle.usage=java-api}, {org.gradle.category=platform, org.gradle.status=release, org.gradle.usage=java-runtime}, {org.gradle.category=enforced-platform, org.gradle.status=release, org.gradle.usage=java-api}, {org.gradle.category=enforced-platform, org.gradle.status=release, org.gradle.usage=java-runtime}] for {org.gradle.category=platform, org.gradle.dependency.bundling=external, org.gradle.jvm.environment=standard-jvm, org.gradle.jvm.version=21, org.gradle.libraryelements=classes, org.gradle.usage=java-api}
2026-08-21T16:48:36.619-0300 [DEBUG] [io.spring.gradle.dependencymanagement.internal.VersionConfiguringAction] Processing requested dependency 'me.paulschwarz:spring-dotenv:5.1.0' with target 'me.paulschwarz:spring-dotenv:5.1.0
2026-08-21T16:48:36.619-0300 [DEBUG] [io.spring.gradle.dependencymanagement.internal.VersionConfiguringAction] No dependency management for dependency 'me.paulschwarz:spring-dotenv:5.1.0'
2026-08-21T16:48:36.619-0300 [DEBUG] [io.spring.gradle.dependencymanagement.internal.VersionConfiguringAction] Processing requested dependency 'me.paulschwarz:springboot3-dotenv:5.1.0' with target 'me.paulschwarz:springboot3-dotenv:5.1.0
2026-08-21T16:48:36.619-0300 [DEBUG] [io.spring.gradle.dependencymanagement.internal.VersionConfiguringAction] No dependency management for dependency 'me.paulschwarz:springboot3-dotenv:5.1.0'
2026-08-21T16:48:36.619-0300 [DEBUG] [io.spring.gradle.dependencymanagement.internal.VersionConfiguringAction] Processing requested dependency 'me.paulschwarz:springboot4-dotenv:5.1.0' with target 'me.paulschwarz:springboot4-dotenv:5.1.0
2026-08-21T16:48:36.619-0300 [DEBUG] [io.spring.gradle.dependencymanagement.internal.VersionConfiguringAction] No dependency management for dependency 'me.paulschwarz:springboot4-dotenv:5.1.0'
2026-08-21T16:48:36.619-0300 [DEBUG] [io.spring.gradle.dependencymanagement.internal.VersionConfiguringAction] Processing requested dependency 'org.springframework.boot:spring-boot-starter-logging:4.1.0' with target 'org.springframework.boot:spring-boot-starter-logging:4.1.0
2026-08-21T16:48:36.619-0300 [DEBUG] [io.spring.gradle.dependencymanagement.internal.DependencyManagementContainer] Found managed version '4.1.0' for dependency 'org.springframework.boot:spring-boot-starter-logging' in global dependency management
2026-08-21T16:48:36.619-0300 [DEBUG] [io.spring.gradle.dependencymanagement.internal.VersionConfiguringAction] Using version '4.1.0' for dependency 'org.springframework.boot:spring-boot-starter-logging:4.1.0'
2026-08-21T16:48:36.619-0300 [DEBUG] [io.spring.gradle.dependencymanagement.internal.VersionConfiguringAction] Processing requested dependency 'org.springframework.boot:spring-boot-autoconfigure:4.1.0' with target 'org.springframework.boot:spring-boot-autoconfigure:4.1.0
2026-08-21T16:48:36.619-0300 [DEBUG] [io.spring.gradle.dependencymanagement.internal.DependencyManagementContainer] Found managed version '4.1.0' for dependency 'org.springframework.boot:spring-boot-autoconfigure' in global dependency management
2026-08-21T16:48:36.619-0300 [DEBUG] [io.spring.gradle.dependencymanagement.internal.VersionConfiguringAction] Using version '4.1.0' for dependency 'org.springframework.boot:spring-boot-autoconfigure:4.1.0'
2026-08-21T16:48:36.619-0300 [DEBUG] [io.spring.gradle.dependencymanagement.internal.VersionConfiguringAction] Processing requested dependency 'jakarta.annotation:jakarta.annotation-api:3.0.0' with target 'jakarta.annotation:jakarta.annotation-api:3.0.0
2026-08-21T16:48:36.620-0300 [DEBUG] [io.spring.gradle.dependencymanagement.internal.DependencyManagementContainer] Found managed version '3.0.0' for dependency 'jakarta.annotation:jakarta.annotation-api' in global dependency management
2026-08-21T16:48:36.620-0300 [DEBUG] [io.spring.gradle.dependencymanagement.internal.VersionConfiguringAction] Using version '3.0.0' for dependency 'jakarta.annotation:jakarta.annotation-api:3.0.0'
2026-08-21T16:48:36.620-0300 [DEBUG] [io.spring.gradle.dependencymanagement.internal.VersionConfiguringAction] Processing requested dependency 'org.yaml:snakeyaml:2.6' with target 'org.yaml:snakeyaml:2.6
2026-08-21T16:48:36.620-0300 [DEBUG] [io.spring.gradle.dependencymanagement.internal.DependencyManagementContainer] Found managed version '2.6' for dependency 'org.yaml:snakeyaml' in global dependency management
2026-08-21T16:48:36.620-0300 [DEBUG] [io.spring.gradle.dependencymanagement.internal.VersionConfiguringAction] Using version '2.6' for dependency 'org.yaml:snakeyaml:2.6'
2026-08-21T16:48:36.620-0300 [DEBUG] [org.gradle.api.internal.artifacts.ivyservice.ivyresolve.RepositoryChainComponentMetaDataResolver] Attempting to resolve component for org.springframework.boot:spring-boot-starter-logging:4.1.0 using repositories [MavenRepo]
2026-08-21T16:48:36.620-0300 [DEBUG] [org.gradle.api.internal.artifacts.ivyservice.ivyresolve.CachingModuleComponentRepository] Using cached module metadata for module 'org.springframework.boot:spring-boot-starter-logging:4.1.0' in 'MavenRepo'
2026-08-21T16:48:36.620-0300 [DEBUG] [org.gradle.api.internal.artifacts.ivyservice.ivyresolve.RepositoryChainComponentMetaDataResolver] Using org.springframework.boot:spring-boot-starter-logging:4.1.0 from org.gradle.api.internal.artifacts.ivyservice.ivyresolve.FilteredModuleComponentRepository@58a7b1a4
2026-08-21T16:48:36.620-0300 [DEBUG] [org.gradle.api.internal.artifacts.ivyservice.ivyresolve.RepositoryChainComponentMetaDataResolver] Attempting to resolve component for org.springframework.boot:spring-boot-autoconfigure:4.1.0 using repositories [MavenRepo]
2026-08-21T16:48:36.620-0300 [DEBUG] [org.gradle.api.internal.artifacts.ivyservice.ivyresolve.CachingModuleComponentRepository] Using cached module metadata for module 'org.springframework.boot:spring-boot-autoconfigure:4.1.0' in 'MavenRepo'
2026-08-21T16:48:36.620-0300 [DEBUG] [org.gradle.api.internal.artifacts.ivyservice.ivyresolve.RepositoryChainComponentMetaDataResolver] Using org.springframework.boot:spring-boot-autoconfigure:4.1.0 from org.gradle.api.internal.artifacts.ivyservice.ivyresolve.FilteredModuleComponentRepository@58a7b1a4
2026-08-21T16:48:36.620-0300 [DEBUG] [org.gradle.api.internal.artifacts.ivyservice.ivyresolve.RepositoryChainComponentMetaDataResolver] Attempting to resolve component for jakarta.annotation:jakarta.annotation-api:3.0.0 using repositories [MavenRepo]
2026-08-21T16:48:36.620-0300 [DEBUG] [org.gradle.api.internal.artifacts.ivyservice.ivyresolve.CachingModuleComponentRepository] Using cached module metadata for module 'jakarta.annotation:jakarta.annotation-api:3.0.0' in 'MavenRepo'
2026-08-21T16:48:36.620-0300 [DEBUG] [org.gradle.api.internal.artifacts.ivyservice.ivyresolve.RepositoryChainComponentMetaDataResolver] Using jakarta.annotation:jakarta.annotation-api:3.0.0 from org.gradle.api.internal.artifacts.ivyservice.ivyresolve.FilteredModuleComponentRepository@58a7b1a4
2026-08-21T16:48:36.620-0300 [DEBUG] [org.gradle.api.internal.artifacts.ivyservice.ivyresolve.RepositoryChainComponentMetaDataResolver] Attempting to resolve component for org.yaml:snakeyaml:2.6 using repositories [MavenRepo]
2026-08-21T16:48:36.620-0300 [DEBUG] [org.gradle.api.internal.artifacts.ivyservice.ivyresolve.CachingModuleComponentRepository] Using cached module metadata for module 'org.yaml:snakeyaml:2.6' in 'MavenRepo'
2026-08-21T16:48:36.620-0300 [DEBUG] [org.gradle.api.internal.artifacts.ivyservice.ivyresolve.RepositoryChainComponentMetaDataResolver] Using org.yaml:snakeyaml:2.6 from org.gradle.api.internal.artifacts.ivyservice.ivyresolve.FilteredModuleComponentRepository@58a7b1a4
2026-08-21T16:48:36.620-0300 [DEBUG] [io.spring.gradle.dependencymanagement.internal.VersionConfiguringAction] Processing requested dependency 'org.springframework.boot:spring-boot-starter-jackson:4.1.0' with target 'org.springframework.boot:spring-boot-starter-jackson:4.1.0
2026-08-21T16:48:36.620-0300 [DEBUG] [io.spring.gradle.dependencymanagement.internal.DependencyManagementContainer] Found managed version '4.1.0' for dependency 'org.springframework.boot:spring-boot-starter-jackson' in global dependency management
2026-08-21T16:48:36.620-0300 [DEBUG] [io.spring.gradle.dependencymanagement.internal.VersionConfiguringAction] Using version '4.1.0' for dependency 'org.springframework.boot:spring-boot-starter-jackson:4.1.0'
2026-08-21T16:48:36.620-0300 [DEBUG] [io.spring.gradle.dependencymanagement.internal.VersionConfiguringAction] Processing requested dependency 'org.springframework.boot:spring-boot-starter-tomcat:4.1.0' with target 'org.springframework.boot:spring-boot-starter-tomcat:4.1.0
2026-08-21T16:48:36.620-0300 [DEBUG] [io.spring.gradle.dependencymanagement.internal.DependencyManagementContainer] Found managed version '4.1.0' for dependency 'org.springframework.boot:spring-boot-starter-tomcat' in global dependency management
2026-08-21T16:48:36.620-0300 [DEBUG] [io.spring.gradle.dependencymanagement.internal.VersionConfiguringAction] Using version '4.1.0' for dependency 'org.springframework.boot:spring-boot-starter-tomcat:4.1.0'
2026-08-21T16:48:36.620-0300 [DEBUG] [io.spring.gradle.dependencymanagement.internal.VersionConfiguringAction] Processing requested dependency 'org.springframework.boot:spring-boot-http-converter:4.1.0' with target 'org.springframework.boot:spring-boot-http-converter:4.1.0
2026-08-21T16:48:36.620-0300 [DEBUG] [io.spring.gradle.dependencymanagement.internal.DependencyManagementContainer] Found managed version '4.1.0' for dependency 'org.springframework.boot:spring-boot-http-converter' in global dependency management
2026-08-21T16:48:36.620-0300 [DEBUG] [io.spring.gradle.dependencymanagement.internal.VersionConfiguringAction] Using version '4.1.0' for dependency 'org.springframework.boot:spring-boot-http-converter:4.1.0'
2026-08-21T16:48:36.620-0300 [DEBUG] [io.spring.gradle.dependencymanagement.internal.VersionConfiguringAction] Processing requested dependency 'org.springframework.boot:spring-boot-webmvc:4.1.0' with target 'org.springframework.boot:spring-boot-webmvc:4.1.0
2026-08-21T16:48:36.620-0300 [DEBUG] [io.spring.gradle.dependencymanagement.internal.DependencyManagementContainer] Found managed version '4.1.0' for dependency 'org.springframework.boot:spring-boot-webmvc' in global dependency management
2026-08-21T16:48:36.620-0300 [DEBUG] [io.spring.gradle.dependencymanagement.internal.VersionConfiguringAction] Using version '4.1.0' for dependency 'org.springframework.boot:spring-boot-webmvc:4.1.0'
2026-08-21T16:48:36.620-0300 [DEBUG] [org.gradle.api.internal.artifacts.ivyservice.ivyresolve.RepositoryChainComponentMetaDataResolver] Attempting to resolve component for org.springframework.boot:spring-boot-starter-jackson:4.1.0 using repositories [MavenRepo]
2026-08-21T16:48:36.620-0300 [DEBUG] [org.gradle.api.internal.artifacts.ivyservice.ivyresolve.CachingModuleComponentRepository] Using cached module metadata for module 'org.springframework.boot:spring-boot-starter-jackson:4.1.0' in 'MavenRepo'
2026-08-21T16:48:36.620-0300 [DEBUG] [org.gradle.api.internal.artifacts.ivyservice.ivyresolve.RepositoryChainComponentMetaDataResolver] Using org.springframework.boot:spring-boot-starter-jackson:4.1.0 from org.gradle.api.internal.artifacts.ivyservice.ivyresolve.FilteredModuleComponentRepository@58a7b1a4
2026-08-21T16:48:36.620-0300 [DEBUG] [org.gradle.api.internal.artifacts.ivyservice.ivyresolve.RepositoryChainComponentMetaDataResolver] Attempting to resolve component for org.springframework.boot:spring-boot-starter-tomcat:4.1.0 using repositories [MavenRepo]
2026-08-21T16:48:36.620-0300 [DEBUG] [org.gradle.api.internal.artifacts.ivyservice.ivyresolve.CachingModuleComponentRepository] Using cached module metadata for module 'org.springframework.boot:spring-boot-starter-tomcat:4.1.0' in 'MavenRepo'
2026-08-21T16:48:36.620-0300 [DEBUG] [org.gradle.api.internal.artifacts.ivyservice.ivyresolve.RepositoryChainComponentMetaDataResolver] Using org.springframework.boot:spring-boot-starter-tomcat:4.1.0 from org.gradle.api.internal.artifacts.ivyservice.ivyresolve.FilteredModuleComponentRepository@58a7b1a4
2026-08-21T16:48:36.620-0300 [DEBUG] [org.gradle.api.internal.artifacts.ivyservice.ivyresolve.RepositoryChainComponentMetaDataResolver] Attempting to resolve component for org.springframework.boot:spring-boot-http-converter:4.1.0 using repositories [MavenRepo]
2026-08-21T16:48:36.620-0300 [DEBUG] [org.gradle.api.internal.artifacts.ivyservice.ivyresolve.CachingModuleComponentRepository] Using cached module metadata for module 'org.springframework.boot:spring-boot-http-converter:4.1.0' in 'MavenRepo'
2026-08-21T16:48:36.620-0300 [DEBUG] [org.gradle.api.internal.artifacts.ivyservice.ivyresolve.RepositoryChainComponentMetaDataResolver] Using org.springframework.boot:spring-boot-http-converter:4.1.0 from org.gradle.api.internal.artifacts.ivyservice.ivyresolve.FilteredModuleComponentRepository@58a7b1a4
2026-08-21T16:48:36.620-0300 [DEBUG] [org.gradle.api.internal.artifacts.ivyservice.ivyresolve.RepositoryChainComponentMetaDataResolver] Attempting to resolve component for org.springframework.boot:spring-boot-webmvc:4.1.0 using repositories [MavenRepo]
2026-08-21T16:48:36.620-0300 [DEBUG] [org.gradle.api.internal.artifacts.ivyservice.ivyresolve.CachingModuleComponentRepository] Using cached module metadata for module 'org.springframework.boot:spring-boot-webmvc:4.1.0' in 'MavenRepo'
2026-08-21T16:48:36.620-0300 [DEBUG] [org.gradle.api.internal.artifacts.ivyservice.ivyresolve.RepositoryChainComponentMetaDataResolver] Using org.springframework.boot:spring-boot-webmvc:4.1.0 from org.gradle.api.internal.artifacts.ivyservice.ivyresolve.FilteredModuleComponentRepository@58a7b1a4
2026-08-21T16:48:36.620-0300 [DEBUG] [io.spring.gradle.dependencymanagement.internal.VersionConfiguringAction] Processing requested dependency 'org.springframework.boot:spring-boot-starter:4.1.0' with target 'org.springframework.boot:spring-boot-starter:4.1.0
2026-08-21T16:48:36.620-0300 [DEBUG] [io.spring.gradle.dependencymanagement.internal.DependencyManagementContainer] Found managed version '4.1.0' for dependency 'org.springframework.boot:spring-boot-starter' in global dependency management
2026-08-21T16:48:36.620-0300 [DEBUG] [io.spring.gradle.dependencymanagement.internal.VersionConfiguringAction] Using version '4.1.0' for dependency 'org.springframework.boot:spring-boot-starter:4.1.0'
2026-08-21T16:48:36.620-0300 [DEBUG] [io.spring.gradle.dependencymanagement.internal.VersionConfiguringAction] Processing requested dependency 'org.springframework.boot:spring-boot-starter-jdbc:4.1.0' with target 'org.springframework.boot:spring-boot-starter-jdbc:4.1.0
2026-08-21T16:48:36.620-0300 [DEBUG] [io.spring.gradle.dependencymanagement.internal.DependencyManagementContainer] Found managed version '4.1.0' for dependency 'org.springframework.boot:spring-boot-starter-jdbc' in global dependency management
2026-08-21T16:48:36.620-0300 [DEBUG] [io.spring.gradle.dependencymanagement.internal.VersionConfiguringAction] Using version '4.1.0' for dependency 'org.springframework.boot:spring-boot-starter-jdbc:4.1.0'
2026-08-21T16:48:36.620-0300 [DEBUG] [io.spring.gradle.dependencymanagement.internal.VersionConfiguringAction] Processing requested dependency 'org.springframework.boot:spring-boot-data-jpa:4.1.0' with target 'org.springframework.boot:spring-boot-data-jpa:4.1.0
2026-08-21T16:48:36.621-0300 [DEBUG] [io.spring.gradle.dependencymanagement.internal.DependencyManagementContainer] Found managed version '4.1.0' for dependency 'org.springframework.boot:spring-boot-data-jpa' in global dependency management
2026-08-21T16:48:36.621-0300 [DEBUG] [io.spring.gradle.dependencymanagement.internal.VersionConfiguringAction] Using version '4.1.0' for dependency 'org.springframework.boot:spring-boot-data-jpa:4.1.0'
2026-08-21T16:48:36.621-0300 [DEBUG] [io.spring.gradle.dependencymanagement.internal.VersionConfiguringAction] Processing requested dependency 'org.springframework.boot:spring-boot-jdbc:4.1.0' with target 'org.springframework.boot:spring-boot-jdbc:4.1.0
2026-08-21T16:48:36.621-0300 [DEBUG] [io.spring.gradle.dependencymanagement.internal.DependencyManagementContainer] Found managed version '4.1.0' for dependency 'org.springframework.boot:spring-boot-jdbc' in global dependency management
2026-08-21T16:48:36.621-0300 [DEBUG] [io.spring.gradle.dependencymanagement.internal.VersionConfiguringAction] Using version '4.1.0' for dependency 'org.springframework.boot:spring-boot-jdbc:4.1.0'
2026-08-21T16:48:36.621-0300 [DEBUG] [org.gradle.api.internal.artifacts.ivyservice.ivyresolve.RepositoryChainComponentMetaDataResolver] Attempting to resolve component for org.springframework.boot:spring-boot-starter-jdbc:4.1.0 using repositories [MavenRepo]
2026-08-21T16:48:36.621-0300 [DEBUG] [org.gradle.api.internal.artifacts.ivyservice.ivyresolve.CachingModuleComponentRepository] Using cached module metadata for module 'org.springframework.boot:spring-boot-starter-jdbc:4.1.0' in 'MavenRepo'
2026-08-21T16:48:36.621-0300 [DEBUG] [org.gradle.api.internal.artifacts.ivyservice.ivyresolve.RepositoryChainComponentMetaDataResolver] Using org.springframework.boot:spring-boot-starter-jdbc:4.1.0 from org.gradle.api.internal.artifacts.ivyservice.ivyresolve.FilteredModuleComponentRepository@58a7b1a4
2026-08-21T16:48:36.621-0300 [DEBUG] [org.gradle.api.internal.artifacts.ivyservice.ivyresolve.RepositoryChainComponentMetaDataResolver] Attempting to resolve component for org.springframework.boot:spring-boot-data-jpa:4.1.0 using repositories [MavenRepo]
2026-08-21T16:48:36.621-0300 [DEBUG] [org.gradle.api.internal.artifacts.ivyservice.ivyresolve.CachingModuleComponentRepository] Using cached module metadata for module 'org.springframework.boot:spring-boot-data-jpa:4.1.0' in 'MavenRepo'
2026-08-21T16:48:36.621-0300 [DEBUG] [org.gradle.api.internal.artifacts.ivyservice.ivyresolve.RepositoryChainComponentMetaDataResolver] Using org.springframework.boot:spring-boot-data-jpa:4.1.0 from org.gradle.api.internal.artifacts.ivyservice.ivyresolve.FilteredModuleComponentRepository@58a7b1a4
2026-08-21T16:48:36.621-0300 [DEBUG] [org.gradle.api.internal.artifacts.ivyservice.ivyresolve.RepositoryChainComponentMetaDataResolver] Attempting to resolve component for org.springframework.boot:spring-boot-jdbc:4.1.0 using repositories [MavenRepo]
2026-08-21T16:48:36.621-0300 [DEBUG] [org.gradle.api.internal.artifacts.ivyservice.ivyresolve.CachingModuleComponentRepository] Using cached module metadata for module 'org.springframework.boot:spring-boot-jdbc:4.1.0' in 'MavenRepo'
2026-08-21T16:48:36.621-0300 [DEBUG] [org.gradle.api.internal.artifacts.ivyservice.ivyresolve.RepositoryChainComponentMetaDataResolver] Using org.springframework.boot:spring-boot-jdbc:4.1.0 from org.gradle.api.internal.artifacts.ivyservice.ivyresolve.FilteredModuleComponentRepository@58a7b1a4
2026-08-21T16:48:36.621-0300 [DEBUG] [io.spring.gradle.dependencymanagement.internal.VersionConfiguringAction] Processing requested dependency 'tools.jackson.core:jackson-databind:3.1.1' with target 'tools.jackson.core:jackson-databind:3.1.1
2026-08-21T16:48:36.621-0300 [DEBUG] [io.spring.gradle.dependencymanagement.internal.DependencyManagementContainer] Found managed version '3.1.4' for dependency 'tools.jackson.core:jackson-databind' in global dependency management
2026-08-21T16:48:36.621-0300 [DEBUG] [io.spring.gradle.dependencymanagement.internal.VersionConfiguringAction] Using version '3.1.4' for dependency 'tools.jackson.core:jackson-databind:3.1.1'
2026-08-21T16:48:36.621-0300 [DEBUG] [org.gradle.api.internal.artifacts.ivyservice.ivyresolve.RepositoryChainComponentMetaDataResolver] Attempting to resolve component for tools.jackson.core:jackson-databind:3.1.4 using repositories [MavenRepo]
2026-08-21T16:48:36.621-0300 [DEBUG] [org.gradle.api.internal.artifacts.ivyservice.ivyresolve.CachingModuleComponentRepository] Using cached module metadata for module 'tools.jackson.core:jackson-databind:3.1.4' in 'MavenRepo'
2026-08-21T16:48:36.621-0300 [DEBUG] [org.gradle.api.internal.artifacts.ivyservice.ivyresolve.RepositoryChainComponentMetaDataResolver] Using tools.jackson.core:jackson-databind:3.1.4 from org.gradle.api.internal.artifacts.ivyservice.ivyresolve.FilteredModuleComponentRepository@58a7b1a4
2026-08-21T16:48:36.621-0300 [DEBUG] [org.gradle.internal.component.model.LoggingAttributeMatchingExplanationBuilder] Candidate {org.gradle.category=library, org.gradle.dependency.bundling=external, org.gradle.libraryelements=jar, org.gradle.status=release, org.gradle.usage=java-api} doesn't have attribute org.gradle.jvm.environment
2026-08-21T16:48:36.621-0300 [DEBUG] [org.gradle.internal.component.model.LoggingAttributeMatchingExplanationBuilder] Candidate {org.gradle.category=library, org.gradle.dependency.bundling=external, org.gradle.libraryelements=jar, org.gradle.status=release, org.gradle.usage=java-api} doesn't have attribute org.gradle.jvm.version
2026-08-21T16:48:36.621-0300 [DEBUG] [org.gradle.internal.component.model.LoggingAttributeMatchingExplanationBuilder] Candidate {org.gradle.category=library, org.gradle.dependency.bundling=external, org.gradle.libraryelements=jar, org.gradle.status=release, org.gradle.usage=java-runtime} doesn't have attribute org.gradle.jvm.environment
2026-08-21T16:48:36.621-0300 [DEBUG] [org.gradle.internal.component.model.LoggingAttributeMatchingExplanationBuilder] Candidate {org.gradle.category=library, org.gradle.dependency.bundling=external, org.gradle.libraryelements=jar, org.gradle.status=release, org.gradle.usage=java-runtime} doesn't have attribute org.gradle.jvm.version
2026-08-21T16:48:36.621-0300 [DEBUG] [org.gradle.internal.component.model.LoggingAttributeMatchingExplanationBuilder] Candidate {org.gradle.category=documentation, org.gradle.dependency.bundling=external, org.gradle.docstype=javadoc, org.gradle.status=release, org.gradle.usage=java-runtime} attribute org.gradle.category value org.gradle.category=documentation doesn't requested value library
2026-08-21T16:48:36.621-0300 [DEBUG] [org.gradle.internal.component.model.LoggingAttributeMatchingExplanationBuilder] Candidate {org.gradle.category=documentation, org.gradle.dependency.bundling=external, org.gradle.docstype=sources, org.gradle.status=release, org.gradle.usage=java-runtime} attribute org.gradle.category value org.gradle.category=documentation doesn't requested value library
2026-08-21T16:48:36.621-0300 [DEBUG] [org.gradle.api.internal.attributes.matching.DefaultAttributeMatcher] Selected matches [0] from candidates [{org.gradle.category=library, org.gradle.dependency.bundling=external, org.gradle.libraryelements=jar, org.gradle.status=release, org.gradle.usage=java-api}, {org.gradle.category=library, org.gradle.dependency.bundling=external, org.gradle.libraryelements=jar, org.gradle.status=release, org.gradle.usage=java-runtime}, {org.gradle.category=documentation, org.gradle.dependency.bundling=external, org.gradle.docstype=javadoc, org.gradle.status=release, org.gradle.usage=java-runtime}, {org.gradle.category=documentation, org.gradle.dependency.bundling=external, org.gradle.docstype=sources, org.gradle.status=release, org.gradle.usage=java-runtime}] for {org.gradle.category=library, org.gradle.dependency.bundling=external, org.gradle.jvm.environment=standard-jvm, org.gradle.jvm.version=21, org.gradle.libraryelements=classes, org.gradle.usage=java-api}
2026-08-21T16:48:36.621-0300 [DEBUG] [io.spring.gradle.dependencymanagement.internal.VersionConfiguringAction] Processing requested dependency 'org.springframework.boot:spring-boot-data-redis:4.1.0' with target 'org.springframework.boot:spring-boot-data-redis:4.1.0
2026-08-21T16:48:36.621-0300 [DEBUG] [io.spring.gradle.dependencymanagement.internal.DependencyManagementContainer] Found managed version '4.1.0' for dependency 'org.springframework.boot:spring-boot-data-redis' in global dependency management
2026-08-21T16:48:36.622-0300 [DEBUG] [io.spring.gradle.dependencymanagement.internal.VersionConfiguringAction] Using version '4.1.0' for dependency 'org.springframework.boot:spring-boot-data-redis:4.1.0'
2026-08-21T16:48:36.622-0300 [DEBUG] [io.spring.gradle.dependencymanagement.internal.VersionConfiguringAction] Processing requested dependency 'org.springframework:spring-messaging:7.0.8' with target 'org.springframework:spring-messaging:7.0.8
2026-08-21T16:48:36.622-0300 [DEBUG] [io.spring.gradle.dependencymanagement.internal.DependencyManagementContainer] Found managed version '7.0.8' for dependency 'org.springframework:spring-messaging' in global dependency management
2026-08-21T16:48:36.622-0300 [DEBUG] [io.spring.gradle.dependencymanagement.internal.VersionConfiguringAction] Using version '7.0.8' for dependency 'org.springframework:spring-messaging:7.0.8'
2026-08-21T16:48:36.622-0300 [DEBUG] [org.gradle.api.internal.artifacts.ivyservice.ivyresolve.RepositoryChainComponentMetaDataResolver] Attempting to resolve component for org.springframework.boot:spring-boot-data-redis:4.1.0 using repositories [MavenRepo]
2026-08-21T16:48:36.622-0300 [DEBUG] [org.gradle.api.internal.artifacts.ivyservice.ivyresolve.CachingModuleComponentRepository] Using cached module metadata for module 'org.springframework.boot:spring-boot-data-redis:4.1.0' in 'MavenRepo'
2026-08-21T16:48:36.622-0300 [DEBUG] [org.gradle.api.internal.artifacts.ivyservice.ivyresolve.RepositoryChainComponentMetaDataResolver] Using org.springframework.boot:spring-boot-data-redis:4.1.0 from org.gradle.api.internal.artifacts.ivyservice.ivyresolve.FilteredModuleComponentRepository@58a7b1a4
2026-08-21T16:48:36.622-0300 [DEBUG] [org.gradle.api.internal.artifacts.ivyservice.ivyresolve.RepositoryChainComponentMetaDataResolver] Attempting to resolve component for org.springframework:spring-messaging:7.0.8 using repositories [MavenRepo]
2026-08-21T16:48:36.622-0300 [DEBUG] [org.gradle.api.internal.artifacts.ivyservice.ivyresolve.CachingModuleComponentRepository] Using cached module metadata for module 'org.springframework:spring-messaging:7.0.8' in 'MavenRepo'
2026-08-21T16:48:36.622-0300 [DEBUG] [org.gradle.api.internal.artifacts.ivyservice.ivyresolve.RepositoryChainComponentMetaDataResolver] Using org.springframework:spring-messaging:7.0.8 from org.gradle.api.internal.artifacts.ivyservice.ivyresolve.FilteredModuleComponentRepository@58a7b1a4
2026-08-21T16:48:36.622-0300 [DEBUG] [org.gradle.api.internal.attributes.matching.DefaultAttributeMatcher] Selected matches [0] from candidates [{org.gradle.category=library, org.gradle.dependency.bundling=external, org.gradle.jvm.environment=standard-jvm, org.gradle.jvm.version=17, org.gradle.libraryelements=jar, org.gradle.status=release, org.gradle.usage=java-api, org.jetbrains.kotlin.platform.type=jvm}, {org.gradle.category=library, org.gradle.dependency.bundling=external, org.gradle.jvm.environment=standard-jvm, org.gradle.jvm.version=17, org.gradle.libraryelements=jar, org.gradle.status=release, org.gradle.usage=java-runtime, org.jetbrains.kotlin.platform.type=jvm}] for {org.gradle.category=library, org.gradle.dependency.bundling=external, org.gradle.jvm.environment=standard-jvm, org.gradle.jvm.version=21, org.gradle.libraryelements=classes, org.gradle.usage=java-api}
2026-08-21T16:48:36.622-0300 [DEBUG] [io.spring.gradle.dependencymanagement.internal.VersionConfiguringAction] Processing requested dependency 'ch.qos.logback:logback-classic:1.5.34' with target 'ch.qos.logback:logback-classic:1.5.34
2026-08-21T16:48:36.622-0300 [DEBUG] [io.spring.gradle.dependencymanagement.internal.DependencyManagementContainer] Found managed version '1.5.34' for dependency 'ch.qos.logback:logback-classic' in global dependency management
2026-08-21T16:48:36.622-0300 [DEBUG] [io.spring.gradle.dependencymanagement.internal.VersionConfiguringAction] Using version '1.5.34' for dependency 'ch.qos.logback:logback-classic:1.5.34'
2026-08-21T16:48:36.622-0300 [DEBUG] [io.spring.gradle.dependencymanagement.internal.VersionConfiguringAction] Processing requested dependency 'org.apache.logging.log4j:log4j-to-slf4j:2.25.4' with target 'org.apache.logging.log4j:log4j-to-slf4j:2.25.4
2026-08-21T16:48:36.622-0300 [DEBUG] [io.spring.gradle.dependencymanagement.internal.DependencyManagementContainer] Found managed version '2.25.4' for dependency 'org.apache.logging.log4j:log4j-to-slf4j' in global dependency management
2026-08-21T16:48:36.622-0300 [DEBUG] [io.spring.gradle.dependencymanagement.internal.VersionConfiguringAction] Using version '2.25.4' for dependency 'org.apache.logging.log4j:log4j-to-slf4j:2.25.4'
2026-08-21T16:48:36.622-0300 [DEBUG] [io.spring.gradle.dependencymanagement.internal.VersionConfiguringAction] Processing requested dependency 'org.slf4j:jul-to-slf4j:2.0.18' with target 'org.slf4j:jul-to-slf4j:2.0.18
2026-08-21T16:48:36.622-0300 [DEBUG] [io.spring.gradle.dependencymanagement.internal.DependencyManagementContainer] Found managed version '2.0.18' for dependency 'org.slf4j:jul-to-slf4j' in global dependency management
2026-08-21T16:48:36.622-0300 [DEBUG] [io.spring.gradle.dependencymanagement.internal.VersionConfiguringAction] Using version '2.0.18' for dependency 'org.slf4j:jul-to-slf4j:2.0.18'
2026-08-21T16:48:36.622-0300 [DEBUG] [org.gradle.api.internal.artifacts.ivyservice.ivyresolve.RepositoryChainComponentMetaDataResolver] Attempting to resolve component for ch.qos.logback:logback-classic:1.5.34 using repositories [MavenRepo]
2026-08-21T16:48:36.622-0300 [DEBUG] [org.gradle.api.internal.artifacts.ivyservice.ivyresolve.CachingModuleComponentRepository] Using cached module metadata for module 'ch.qos.logback:logback-classic:1.5.34' in 'MavenRepo'
2026-08-21T16:48:36.622-0300 [DEBUG] [org.gradle.api.internal.artifacts.ivyservice.ivyresolve.RepositoryChainComponentMetaDataResolver] Using ch.qos.logback:logback-classic:1.5.34 from org.gradle.api.internal.artifacts.ivyservice.ivyresolve.FilteredModuleComponentRepository@58a7b1a4
2026-08-21T16:48:36.622-0300 [DEBUG] [org.gradle.api.internal.artifacts.ivyservice.ivyresolve.RepositoryChainComponentMetaDataResolver] Attempting to resolve component for org.apache.logging.log4j:log4j-to-slf4j:2.25.4 using repositories [MavenRepo]
2026-08-21T16:48:36.622-0300 [DEBUG] [org.gradle.api.internal.artifacts.ivyservice.ivyresolve.CachingModuleComponentRepository] Using cached module metadata for module 'org.apache.logging.log4j:log4j-to-slf4j:2.25.4' in 'MavenRepo'
2026-08-21T16:48:36.622-0300 [DEBUG] [org.gradle.api.internal.artifacts.ivyservice.ivyresolve.RepositoryChainComponentMetaDataResolver] Using org.apache.logging.log4j:log4j-to-slf4j:2.25.4 from org.gradle.api.internal.artifacts.ivyservice.ivyresolve.FilteredModuleComponentRepository@58a7b1a4
2026-08-21T16:48:36.622-0300 [DEBUG] [org.gradle.internal.component.model.LoggingAttributeMatchingExplanationBuilder] Candidate {org.gradle.category=library, org.gradle.dependency.bundling=external, org.gradle.libraryelements=jar, org.gradle.status=release, org.gradle.usage=java-api} doesn't have attribute org.gradle.jvm.environment
2026-08-21T16:48:36.622-0300 [DEBUG] [org.gradle.internal.component.model.LoggingAttributeMatchingExplanationBuilder] Candidate {org.gradle.category=library, org.gradle.dependency.bundling=external, org.gradle.libraryelements=jar, org.gradle.status=release, org.gradle.usage=java-api} doesn't have attribute org.gradle.jvm.version
2026-08-21T16:48:36.622-0300 [DEBUG] [org.gradle.internal.component.model.LoggingAttributeMatchingExplanationBuilder] Candidate {org.gradle.category=library, org.gradle.dependency.bundling=external, org.gradle.libraryelements=jar, org.gradle.status=release, org.gradle.usage=java-runtime} doesn't have attribute org.gradle.jvm.environment
2026-08-21T16:48:36.622-0300 [DEBUG] [org.gradle.internal.component.model.LoggingAttributeMatchingExplanationBuilder] Candidate {org.gradle.category=library, org.gradle.dependency.bundling=external, org.gradle.libraryelements=jar, org.gradle.status=release, org.gradle.usage=java-runtime} doesn't have attribute org.gradle.jvm.version
2026-08-21T16:48:36.622-0300 [DEBUG] [org.gradle.api.internal.attributes.matching.DefaultAttributeMatcher] Selected matches [0] from candidates [{org.gradle.category=library, org.gradle.dependency.bundling=external, org.gradle.libraryelements=jar, org.gradle.status=release, org.gradle.usage=java-api}, {org.gradle.category=library, org.gradle.dependency.bundling=external, org.gradle.libraryelements=jar, org.gradle.status=release, org.gradle.usage=java-runtime}] for {org.gradle.category=library, org.gradle.dependency.bundling=external, org.gradle.jvm.environment=standard-jvm, org.gradle.jvm.version=21, org.gradle.libraryelements=classes, org.gradle.usage=java-api}
2026-08-21T16:48:36.622-0300 [DEBUG] [org.gradle.api.internal.artifacts.ivyservice.ivyresolve.RepositoryChainComponentMetaDataResolver] Attempting to resolve component for org.slf4j:jul-to-slf4j:2.0.18 using repositories [MavenRepo]
2026-08-21T16:48:36.622-0300 [DEBUG] [org.gradle.api.internal.artifacts.ivyservice.ivyresolve.CachingModuleComponentRepository] Using cached module metadata for module 'org.slf4j:jul-to-slf4j:2.0.18' in 'MavenRepo'
2026-08-21T16:48:36.622-0300 [DEBUG] [org.gradle.api.internal.artifacts.ivyservice.ivyresolve.RepositoryChainComponentMetaDataResolver] Using org.slf4j:jul-to-slf4j:2.0.18 from org.gradle.api.internal.artifacts.ivyservice.ivyresolve.FilteredModuleComponentRepository@58a7b1a4
2026-08-21T16:48:36.622-0300 [DEBUG] [io.spring.gradle.dependencymanagement.internal.VersionConfiguringAction] Processing requested dependency 'org.springframework.boot:spring-boot:4.1.0' with target 'org.springframework.boot:spring-boot:4.1.0
2026-08-21T16:48:36.622-0300 [DEBUG] [io.spring.gradle.dependencymanagement.internal.DependencyManagementContainer] Found managed version '4.1.0' for dependency 'org.springframework.boot:spring-boot' in global dependency management
2026-08-21T16:48:36.622-0300 [DEBUG] [io.spring.gradle.dependencymanagement.internal.VersionConfiguringAction] Using version '4.1.0' for dependency 'org.springframework.boot:spring-boot:4.1.0'
2026-08-21T16:48:36.622-0300 [DEBUG] [org.gradle.api.internal.artifacts.ivyservice.ivyresolve.RepositoryChainComponentMetaDataResolver] Attempting to resolve component for org.springframework.boot:spring-boot:4.1.0 using repositories [MavenRepo]
2026-08-21T16:48:36.622-0300 [DEBUG] [org.gradle.api.internal.artifacts.ivyservice.ivyresolve.CachingModuleComponentRepository] Using cached module metadata for module 'org.springframework.boot:spring-boot:4.1.0' in 'MavenRepo'
2026-08-21T16:48:36.623-0300 [DEBUG] [org.gradle.api.internal.artifacts.ivyservice.ivyresolve.RepositoryChainComponentMetaDataResolver] Using org.springframework.boot:spring-boot:4.1.0 from org.gradle.api.internal.artifacts.ivyservice.ivyresolve.FilteredModuleComponentRepository@58a7b1a4
2026-08-21T16:48:36.623-0300 [DEBUG] [org.gradle.internal.component.model.LoggingAttributeMatchingExplanationBuilder] Candidate {org.gradle.category=documentation, org.gradle.dependency.bundling=external, org.gradle.docstype=javadoc, org.gradle.status=release, org.gradle.usage=java-runtime} attribute org.gradle.category value org.gradle.category=documentation doesn't requested value library
2026-08-21T16:48:36.623-0300 [DEBUG] [org.gradle.internal.component.model.LoggingAttributeMatchingExplanationBuilder] Candidate {org.gradle.category=documentation, org.gradle.dependency.bundling=external, org.gradle.docstype=sources, org.gradle.status=release, org.gradle.usage=java-runtime} attribute org.gradle.category value org.gradle.category=documentation doesn't requested value library
2026-08-21T16:48:36.623-0300 [DEBUG] [org.gradle.api.internal.attributes.matching.DefaultAttributeMatcher] Selected matches [0] from candidates [{org.gradle.category=library, org.gradle.dependency.bundling=external, org.gradle.jvm.environment=standard-jvm, org.gradle.jvm.version=17, org.gradle.libraryelements=jar, org.gradle.status=release, org.gradle.usage=java-api, org.jetbrains.kotlin.platform.type=jvm}, {org.gradle.category=library, org.gradle.dependency.bundling=external, org.gradle.jvm.environment=standard-jvm, org.gradle.jvm.version=17, org.gradle.libraryelements=jar, org.gradle.status=release, org.gradle.usage=java-runtime, org.jetbrains.kotlin.platform.type=jvm}, {org.gradle.category=documentation, org.gradle.dependency.bundling=external, org.gradle.docstype=javadoc, org.gradle.status=release, org.gradle.usage=java-runtime}, {org.gradle.category=documentation, org.gradle.dependency.bundling=external, org.gradle.docstype=sources, org.gradle.status=release, org.gradle.usage=java-runtime}] for {org.gradle.category=library, org.gradle.dependency.bundling=external, org.gradle.jvm.environment=standard-jvm, org.gradle.jvm.version=21, org.gradle.libraryelements=classes, org.gradle.usage=java-api}
2026-08-21T16:48:36.623-0300 [DEBUG] [io.spring.gradle.dependencymanagement.internal.VersionConfiguringAction] Processing requested dependency 'org.springframework.boot:spring-boot-jackson:4.1.0' with target 'org.springframework.boot:spring-boot-jackson:4.1.0
2026-08-21T16:48:36.623-0300 [DEBUG] [io.spring.gradle.dependencymanagement.internal.DependencyManagementContainer] Found managed version '4.1.0' for dependency 'org.springframework.boot:spring-boot-jackson' in global dependency management
2026-08-21T16:48:36.623-0300 [DEBUG] [io.spring.gradle.dependencymanagement.internal.VersionConfiguringAction] Using version '4.1.0' for dependency 'org.springframework.boot:spring-boot-jackson:4.1.0'
2026-08-21T16:48:36.623-0300 [DEBUG] [org.gradle.api.internal.artifacts.ivyservice.ivyresolve.RepositoryChainComponentMetaDataResolver] Attempting to resolve component for org.springframework.boot:spring-boot-jackson:4.1.0 using repositories [MavenRepo]
2026-08-21T16:48:36.623-0300 [DEBUG] [org.gradle.api.internal.artifacts.ivyservice.ivyresolve.CachingModuleComponentRepository] Using cached module metadata for module 'org.springframework.boot:spring-boot-jackson:4.1.0' in 'MavenRepo'
2026-08-21T16:48:36.623-0300 [DEBUG] [org.gradle.api.internal.artifacts.ivyservice.ivyresolve.RepositoryChainComponentMetaDataResolver] Using org.springframework.boot:spring-boot-jackson:4.1.0 from org.gradle.api.internal.artifacts.ivyservice.ivyresolve.FilteredModuleComponentRepository@58a7b1a4
2026-08-21T16:48:36.623-0300 [DEBUG] [io.spring.gradle.dependencymanagement.internal.VersionConfiguringAction] Processing requested dependency 'org.springframework.boot:spring-boot-starter-tomcat-runtime:4.1.0' with target 'org.springframework.boot:spring-boot-starter-tomcat-runtime:4.1.0
2026-08-21T16:48:36.623-0300 [DEBUG] [io.spring.gradle.dependencymanagement.internal.DependencyManagementContainer] Found managed version '4.1.0' for dependency 'org.springframework.boot:spring-boot-starter-tomcat-runtime' in global dependency management
2026-08-21T16:48:36.623-0300 [DEBUG] [io.spring.gradle.dependencymanagement.internal.VersionConfiguringAction] Using version '4.1.0' for dependency 'org.springframework.boot:spring-boot-starter-tomcat-runtime:4.1.0'
2026-08-21T16:48:36.623-0300 [DEBUG] [io.spring.gradle.dependencymanagement.internal.VersionConfiguringAction] Processing requested dependency 'org.springframework.boot:spring-boot-tomcat:4.1.0' with target 'org.springframework.boot:spring-boot-tomcat:4.1.0
2026-08-21T16:48:36.623-0300 [DEBUG] [io.spring.gradle.dependencymanagement.internal.DependencyManagementContainer] Found managed version '4.1.0' for dependency 'org.springframework.boot:spring-boot-tomcat' in global dependency management
2026-08-21T16:48:36.623-0300 [DEBUG] [io.spring.gradle.dependencymanagement.internal.VersionConfiguringAction] Using version '4.1.0' for dependency 'org.springframework.boot:spring-boot-tomcat:4.1.0'
2026-08-21T16:48:36.623-0300 [DEBUG] [org.gradle.api.internal.artifacts.ivyservice.ivyresolve.RepositoryChainComponentMetaDataResolver] Attempting to resolve component for org.springframework.boot:spring-boot-starter-tomcat-runtime:4.1.0 using repositories [MavenRepo]
2026-08-21T16:48:36.623-0300 [DEBUG] [org.gradle.api.internal.artifacts.ivyservice.ivyresolve.CachingModuleComponentRepository] Using cached module metadata for module 'org.springframework.boot:spring-boot-starter-tomcat-runtime:4.1.0' in 'MavenRepo'
2026-08-21T16:48:36.623-0300 [DEBUG] [org.gradle.api.internal.artifacts.ivyservice.ivyresolve.RepositoryChainComponentMetaDataResolver] Using org.springframework.boot:spring-boot-starter-tomcat-runtime:4.1.0 from org.gradle.api.internal.artifacts.ivyservice.ivyresolve.FilteredModuleComponentRepository@58a7b1a4
2026-08-21T16:48:36.623-0300 [DEBUG] [org.gradle.api.internal.artifacts.ivyservice.ivyresolve.RepositoryChainComponentMetaDataResolver] Attempting to resolve component for org.springframework.boot:spring-boot-tomcat:4.1.0 using repositories [MavenRepo]
2026-08-21T16:48:36.623-0300 [DEBUG] [org.gradle.api.internal.artifacts.ivyservice.ivyresolve.CachingModuleComponentRepository] Using cached module metadata for module 'org.springframework.boot:spring-boot-tomcat:4.1.0' in 'MavenRepo'
2026-08-21T16:48:36.623-0300 [DEBUG] [org.gradle.api.internal.artifacts.ivyservice.ivyresolve.RepositoryChainComponentMetaDataResolver] Using org.springframework.boot:spring-boot-tomcat:4.1.0 from org.gradle.api.internal.artifacts.ivyservice.ivyresolve.FilteredModuleComponentRepository@58a7b1a4
2026-08-21T16:48:36.623-0300 [DEBUG] [io.spring.gradle.dependencymanagement.internal.VersionConfiguringAction] Processing requested dependency 'org.springframework:spring-web:7.0.8' with target 'org.springframework:spring-web:7.0.8
2026-08-21T16:48:36.623-0300 [DEBUG] [io.spring.gradle.dependencymanagement.internal.DependencyManagementContainer] Found managed version '7.0.8' for dependency 'org.springframework:spring-web' in global dependency management
2026-08-21T16:48:36.623-0300 [DEBUG] [io.spring.gradle.dependencymanagement.internal.VersionConfiguringAction] Using version '7.0.8' for dependency 'org.springframework:spring-web:7.0.8'
2026-08-21T16:48:36.623-0300 [DEBUG] [org.gradle.api.internal.artifacts.ivyservice.ivyresolve.RepositoryChainComponentMetaDataResolver] Attempting to resolve component for org.springframework:spring-web:7.0.8 using repositories [MavenRepo]
2026-08-21T16:48:36.623-0300 [DEBUG] [org.gradle.api.internal.artifacts.ivyservice.ivyresolve.CachingModuleComponentRepository] Using cached module metadata for module 'org.springframework:spring-web:7.0.8' in 'MavenRepo'
2026-08-21T16:48:36.623-0300 [DEBUG] [org.gradle.api.internal.artifacts.ivyservice.ivyresolve.RepositoryChainComponentMetaDataResolver] Using org.springframework:spring-web:7.0.8 from org.gradle.api.internal.artifacts.ivyservice.ivyresolve.FilteredModuleComponentRepository@58a7b1a4
2026-08-21T16:48:36.623-0300 [DEBUG] [io.spring.gradle.dependencymanagement.internal.VersionConfiguringAction] Processing requested dependency 'org.springframework.boot:spring-boot-servlet:4.1.0' with target 'org.springframework.boot:spring-boot-servlet:4.1.0
2026-08-21T16:48:36.623-0300 [DEBUG] [io.spring.gradle.dependencymanagement.internal.DependencyManagementContainer] Found managed version '4.1.0' for dependency 'org.springframework.boot:spring-boot-servlet' in global dependency management
2026-08-21T16:48:36.623-0300 [DEBUG] [io.spring.gradle.dependencymanagement.internal.VersionConfiguringAction] Using version '4.1.0' for dependency 'org.springframework.boot:spring-boot-servlet:4.1.0'
2026-08-21T16:48:36.623-0300 [DEBUG] [io.spring.gradle.dependencymanagement.internal.VersionConfiguringAction] Processing requested dependency 'org.springframework:spring-webmvc:7.0.8' with target 'org.springframework:spring-webmvc:7.0.8
2026-08-21T16:48:36.623-0300 [DEBUG] [io.spring.gradle.dependencymanagement.internal.DependencyManagementContainer] Found managed version '7.0.8' for dependency 'org.springframework:spring-webmvc' in global dependency management
2026-08-21T16:48:36.623-0300 [DEBUG] [io.spring.gradle.dependencymanagement.internal.VersionConfiguringAction] Using version '7.0.8' for dependency 'org.springframework:spring-webmvc:7.0.8'
2026-08-21T16:48:36.623-0300 [DEBUG] [org.gradle.api.internal.artifacts.ivyservice.ivyresolve.RepositoryChainComponentMetaDataResolver] Attempting to resolve component for org.springframework.boot:spring-boot-servlet:4.1.0 using repositories [MavenRepo]
2026-08-21T16:48:36.623-0300 [DEBUG] [org.gradle.api.internal.artifacts.ivyservice.ivyresolve.CachingModuleComponentRepository] Using cached module metadata for module 'org.springframework.boot:spring-boot-servlet:4.1.0' in 'MavenRepo'
2026-08-21T16:48:36.623-0300 [DEBUG] [org.gradle.api.internal.artifacts.ivyservice.ivyresolve.RepositoryChainComponentMetaDataResolver] Using org.springframework.boot:spring-boot-servlet:4.1.0 from org.gradle.api.internal.artifacts.ivyservice.ivyresolve.FilteredModuleComponentRepository@58a7b1a4
2026-08-21T16:48:36.623-0300 [DEBUG] [org.gradle.api.internal.artifacts.ivyservice.ivyresolve.RepositoryChainComponentMetaDataResolver] Attempting to resolve component for org.springframework:spring-webmvc:7.0.8 using repositories [MavenRepo]
2026-08-21T16:48:36.623-0300 [DEBUG] [org.gradle.api.internal.artifacts.ivyservice.ivyresolve.CachingModuleComponentRepository] Using cached module metadata for module 'org.springframework:spring-webmvc:7.0.8' in 'MavenRepo'
2026-08-21T16:48:36.623-0300 [DEBUG] [org.gradle.api.internal.artifacts.ivyservice.ivyresolve.RepositoryChainComponentMetaDataResolver] Using org.springframework:spring-webmvc:7.0.8 from org.gradle.api.internal.artifacts.ivyservice.ivyresolve.FilteredModuleComponentRepository@58a7b1a4
2026-08-21T16:48:36.623-0300 [DEBUG] [io.spring.gradle.dependencymanagement.internal.VersionConfiguringAction] Processing requested dependency 'com.zaxxer:HikariCP:7.0.2' with target 'com.zaxxer:HikariCP:7.0.2
2026-08-21T16:48:36.623-0300 [DEBUG] [io.spring.gradle.dependencymanagement.internal.DependencyManagementContainer] Found managed version '7.0.2' for dependency 'com.zaxxer:HikariCP' in global dependency management
2026-08-21T16:48:36.623-0300 [DEBUG] [io.spring.gradle.dependencymanagement.internal.VersionConfiguringAction] Using version '7.0.2' for dependency 'com.zaxxer:HikariCP:7.0.2'
2026-08-21T16:48:36.623-0300 [DEBUG] [org.gradle.api.internal.artifacts.ivyservice.ivyresolve.RepositoryChainComponentMetaDataResolver] Attempting to resolve component for com.zaxxer:HikariCP:7.0.2 using repositories [MavenRepo]
2026-08-21T16:48:36.623-0300 [DEBUG] [org.gradle.api.internal.artifacts.ivyservice.ivyresolve.CachingModuleComponentRepository] Using cached module metadata for module 'com.zaxxer:HikariCP:7.0.2' in 'MavenRepo'
2026-08-21T16:48:36.623-0300 [DEBUG] [org.gradle.api.internal.artifacts.ivyservice.ivyresolve.RepositoryChainComponentMetaDataResolver] Using com.zaxxer:HikariCP:7.0.2 from org.gradle.api.internal.artifacts.ivyservice.ivyresolve.FilteredModuleComponentRepository@58a7b1a4
2026-08-21T16:48:36.624-0300 [DEBUG] [io.spring.gradle.dependencymanagement.internal.VersionConfiguringAction] Processing requested dependency 'org.springframework.boot:spring-boot-data-commons:4.1.0' with target 'org.springframework.boot:spring-boot-data-commons:4.1.0
2026-08-21T16:48:36.624-0300 [DEBUG] [io.spring.gradle.dependencymanagement.internal.DependencyManagementContainer] Found managed version '4.1.0' for dependency 'org.springframework.boot:spring-boot-data-commons' in global dependency management
2026-08-21T16:48:36.624-0300 [DEBUG] [io.spring.gradle.dependencymanagement.internal.VersionConfiguringAction] Using version '4.1.0' for dependency 'org.springframework.boot:spring-boot-data-commons:4.1.0'
2026-08-21T16:48:36.624-0300 [DEBUG] [io.spring.gradle.dependencymanagement.internal.VersionConfiguringAction] Processing requested dependency 'org.springframework.boot:spring-boot-hibernate:4.1.0' with target 'org.springframework.boot:spring-boot-hibernate:4.1.0
2026-08-21T16:48:36.624-0300 [DEBUG] [io.spring.gradle.dependencymanagement.internal.DependencyManagementContainer] Found managed version '4.1.0' for dependency 'org.springframework.boot:spring-boot-hibernate' in global dependency management
2026-08-21T16:48:36.624-0300 [DEBUG] [io.spring.gradle.dependencymanagement.internal.VersionConfiguringAction] Using version '4.1.0' for dependency 'org.springframework.boot:spring-boot-hibernate:4.1.0'
2026-08-21T16:48:36.624-0300 [DEBUG] [io.spring.gradle.dependencymanagement.internal.VersionConfiguringAction] Processing requested dependency 'org.springframework.data:spring-data-jpa:4.1.0' with target 'org.springframework.data:spring-data-jpa:4.1.0
2026-08-21T16:48:36.624-0300 [DEBUG] [io.spring.gradle.dependencymanagement.internal.DependencyManagementContainer] Found managed version '4.1.0' for dependency 'org.springframework.data:spring-data-jpa' in global dependency management
2026-08-21T16:48:36.624-0300 [DEBUG] [io.spring.gradle.dependencymanagement.internal.VersionConfiguringAction] Using version '4.1.0' for dependency 'org.springframework.data:spring-data-jpa:4.1.0'
2026-08-21T16:48:36.624-0300 [DEBUG] [io.spring.gradle.dependencymanagement.internal.VersionConfiguringAction] Processing requested dependency 'org.springframework:spring-aspects:7.0.8' with target 'org.springframework:spring-aspects:7.0.8
2026-08-21T16:48:36.624-0300 [DEBUG] [io.spring.gradle.dependencymanagement.internal.DependencyManagementContainer] Found managed version '7.0.8' for dependency 'org.springframework:spring-aspects' in global dependency management
2026-08-21T16:48:36.624-0300 [DEBUG] [io.spring.gradle.dependencymanagement.internal.VersionConfiguringAction] Using version '7.0.8' for dependency 'org.springframework:spring-aspects:7.0.8'
2026-08-21T16:48:36.624-0300 [DEBUG] [org.gradle.api.internal.artifacts.ivyservice.ivyresolve.RepositoryChainComponentMetaDataResolver] Attempting to resolve component for org.springframework.boot:spring-boot-data-commons:4.1.0 using repositories [MavenRepo]
2026-08-21T16:48:36.624-0300 [DEBUG] [org.gradle.api.internal.artifacts.ivyservice.ivyresolve.CachingModuleComponentRepository] Using cached module metadata for module 'org.springframework.boot:spring-boot-data-commons:4.1.0' in 'MavenRepo'
2026-08-21T16:48:36.624-0300 [DEBUG] [org.gradle.api.internal.artifacts.ivyservice.ivyresolve.RepositoryChainComponentMetaDataResolver] Using org.springframework.boot:spring-boot-data-commons:4.1.0 from org.gradle.api.internal.artifacts.ivyservice.ivyresolve.FilteredModuleComponentRepository@58a7b1a4
2026-08-21T16:48:36.624-0300 [DEBUG] [org.gradle.api.internal.artifacts.ivyservice.ivyresolve.RepositoryChainComponentMetaDataResolver] Attempting to resolve component for org.springframework.boot:spring-boot-hibernate:4.1.0 using repositories [MavenRepo]
2026-08-21T16:48:36.624-0300 [DEBUG] [org.gradle.api.internal.artifacts.ivyservice.ivyresolve.CachingModuleComponentRepository] Using cached module metadata for module 'org.springframework.boot:spring-boot-hibernate:4.1.0' in 'MavenRepo'
2026-08-21T16:48:36.624-0300 [DEBUG] [org.gradle.api.internal.artifacts.ivyservice.ivyresolve.RepositoryChainComponentMetaDataResolver] Using org.springframework.boot:spring-boot-hibernate:4.1.0 from org.gradle.api.internal.artifacts.ivyservice.ivyresolve.FilteredModuleComponentRepository@58a7b1a4
2026-08-21T16:48:36.624-0300 [DEBUG] [org.gradle.api.internal.artifacts.ivyservice.ivyresolve.RepositoryChainComponentMetaDataResolver] Attempting to resolve component for org.springframework.data:spring-data-jpa:4.1.0 using repositories [MavenRepo]
2026-08-21T16:48:36.624-0300 [DEBUG] [org.gradle.api.internal.artifacts.ivyservice.ivyresolve.CachingModuleComponentRepository] Using cached module metadata for module 'org.springframework.data:spring-data-jpa:4.1.0' in 'MavenRepo'
2026-08-21T16:48:36.624-0300 [DEBUG] [org.gradle.api.internal.artifacts.ivyservice.ivyresolve.RepositoryChainComponentMetaDataResolver] Using org.springframework.data:spring-data-jpa:4.1.0 from org.gradle.api.internal.artifacts.ivyservice.ivyresolve.FilteredModuleComponentRepository@58a7b1a4
2026-08-21T16:48:36.624-0300 [DEBUG] [org.gradle.api.internal.artifacts.ivyservice.ivyresolve.RepositoryChainComponentMetaDataResolver] Attempting to resolve component for org.springframework:spring-aspects:7.0.8 using repositories [MavenRepo]
2026-08-21T16:48:36.624-0300 [DEBUG] [org.gradle.api.internal.artifacts.ivyservice.ivyresolve.CachingModuleComponentRepository] Using cached module metadata for module 'org.springframework:spring-aspects:7.0.8' in 'MavenRepo'
2026-08-21T16:48:36.624-0300 [DEBUG] [org.gradle.api.internal.artifacts.ivyservice.ivyresolve.RepositoryChainComponentMetaDataResolver] Using org.springframework:spring-aspects:7.0.8 from org.gradle.api.internal.artifacts.ivyservice.ivyresolve.FilteredModuleComponentRepository@58a7b1a4
2026-08-21T16:48:36.624-0300 [DEBUG] [org.gradle.internal.component.model.LoggingAttributeMatchingExplanationBuilder] Candidate {org.gradle.category=library, org.gradle.dependency.bundling=external, org.gradle.jvm.version=17, org.gradle.libraryelements=jar, org.gradle.status=release, org.gradle.usage=java-api} doesn't have attribute org.gradle.jvm.environment
2026-08-21T16:48:36.624-0300 [DEBUG] [org.gradle.internal.component.model.LoggingAttributeMatchingExplanationBuilder] Candidate {org.gradle.category=library, org.gradle.dependency.bundling=external, org.gradle.jvm.version=17, org.gradle.libraryelements=jar, org.gradle.status=release, org.gradle.usage=java-runtime} doesn't have attribute org.gradle.jvm.environment
2026-08-21T16:48:36.624-0300 [DEBUG] [org.gradle.api.internal.attributes.matching.DefaultAttributeMatcher] Selected matches [0] from candidates [{org.gradle.category=library, org.gradle.dependency.bundling=external, org.gradle.jvm.version=17, org.gradle.libraryelements=jar, org.gradle.status=release, org.gradle.usage=java-api}, {org.gradle.category=library, org.gradle.dependency.bundling=external, org.gradle.jvm.version=17, org.gradle.libraryelements=jar, org.gradle.status=release, org.gradle.usage=java-runtime}] for {org.gradle.category=library, org.gradle.dependency.bundling=external, org.gradle.jvm.environment=standard-jvm, org.gradle.jvm.version=21, org.gradle.libraryelements=classes, org.gradle.usage=java-api}
2026-08-21T16:48:36.624-0300 [DEBUG] [io.spring.gradle.dependencymanagement.internal.VersionConfiguringAction] Processing requested dependency 'org.springframework.boot:spring-boot-sql:4.1.0' with target 'org.springframework.boot:spring-boot-sql:4.1.0
2026-08-21T16:48:36.624-0300 [DEBUG] [io.spring.gradle.dependencymanagement.internal.DependencyManagementContainer] Found managed version '4.1.0' for dependency 'org.springframework.boot:spring-boot-sql' in global dependency management
2026-08-21T16:48:36.624-0300 [DEBUG] [io.spring.gradle.dependencymanagement.internal.VersionConfiguringAction] Using version '4.1.0' for dependency 'org.springframework.boot:spring-boot-sql:4.1.0'
2026-08-21T16:48:36.624-0300 [DEBUG] [io.spring.gradle.dependencymanagement.internal.VersionConfiguringAction] Processing requested dependency 'org.springframework.boot:spring-boot-transaction:4.1.0' with target 'org.springframework.boot:spring-boot-transaction:4.1.0
2026-08-21T16:48:36.624-0300 [DEBUG] [io.spring.gradle.dependencymanagement.internal.DependencyManagementContainer] Found managed version '4.1.0' for dependency 'org.springframework.boot:spring-boot-transaction' in global dependency management
2026-08-21T16:48:36.624-0300 [DEBUG] [io.spring.gradle.dependencymanagement.internal.VersionConfiguringAction] Using version '4.1.0' for dependency 'org.springframework.boot:spring-boot-transaction:4.1.0'
2026-08-21T16:48:36.624-0300 [DEBUG] [io.spring.gradle.dependencymanagement.internal.VersionConfiguringAction] Processing requested dependency 'org.springframework:spring-jdbc:7.0.8' with target 'org.springframework:spring-jdbc:7.0.8
2026-08-21T16:48:36.624-0300 [DEBUG] [io.spring.gradle.dependencymanagement.internal.DependencyManagementContainer] Found managed version '7.0.8' for dependency 'org.springframework:spring-jdbc' in global dependency management
2026-08-21T16:48:36.624-0300 [DEBUG] [io.spring.gradle.dependencymanagement.internal.VersionConfiguringAction] Using version '7.0.8' for dependency 'org.springframework:spring-jdbc:7.0.8'
2026-08-21T16:48:36.624-0300 [DEBUG] [org.gradle.api.internal.artifacts.ivyservice.ivyresolve.RepositoryChainComponentMetaDataResolver] Attempting to resolve component for org.springframework.boot:spring-boot-sql:4.1.0 using repositories [MavenRepo]
2026-08-21T16:48:36.624-0300 [DEBUG] [org.gradle.api.internal.artifacts.ivyservice.ivyresolve.CachingModuleComponentRepository] Using cached module metadata for module 'org.springframework.boot:spring-boot-sql:4.1.0' in 'MavenRepo'
2026-08-21T16:48:36.624-0300 [DEBUG] [org.gradle.api.internal.artifacts.ivyservice.ivyresolve.RepositoryChainComponentMetaDataResolver] Using org.springframework.boot:spring-boot-sql:4.1.0 from org.gradle.api.internal.artifacts.ivyservice.ivyresolve.FilteredModuleComponentRepository@58a7b1a4
2026-08-21T16:48:36.624-0300 [DEBUG] [org.gradle.api.internal.artifacts.ivyservice.ivyresolve.RepositoryChainComponentMetaDataResolver] Attempting to resolve component for org.springframework.boot:spring-boot-transaction:4.1.0 using repositories [MavenRepo]
2026-08-21T16:48:36.624-0300 [DEBUG] [org.gradle.api.internal.artifacts.ivyservice.ivyresolve.CachingModuleComponentRepository] Using cached module metadata for module 'org.springframework.boot:spring-boot-transaction:4.1.0' in 'MavenRepo'
2026-08-21T16:48:36.624-0300 [DEBUG] [org.gradle.api.internal.artifacts.ivyservice.ivyresolve.RepositoryChainComponentMetaDataResolver] Using org.springframework.boot:spring-boot-transaction:4.1.0 from org.gradle.api.internal.artifacts.ivyservice.ivyresolve.FilteredModuleComponentRepository@58a7b1a4
2026-08-21T16:48:36.624-0300 [DEBUG] [org.gradle.api.internal.artifacts.ivyservice.ivyresolve.RepositoryChainComponentMetaDataResolver] Attempting to resolve component for org.springframework:spring-jdbc:7.0.8 using repositories [MavenRepo]
2026-08-21T16:48:36.624-0300 [DEBUG] [org.gradle.api.internal.artifacts.ivyservice.ivyresolve.CachingModuleComponentRepository] Using cached module metadata for module 'org.springframework:spring-jdbc:7.0.8' in 'MavenRepo'
2026-08-21T16:48:36.625-0300 [DEBUG] [org.gradle.api.internal.artifacts.ivyservice.ivyresolve.RepositoryChainComponentMetaDataResolver] Using org.springframework:spring-jdbc:7.0.8 from org.gradle.api.internal.artifacts.ivyservice.ivyresolve.FilteredModuleComponentRepository@58a7b1a4
2026-08-21T16:48:36.625-0300 [DEBUG] [io.spring.gradle.dependencymanagement.internal.VersionConfiguringAction] Processing requested dependency 'com.fasterxml.jackson.core:jackson-annotations:2.21' with target 'com.fasterxml.jackson.core:jackson-annotations:2.21
2026-08-21T16:48:36.625-0300 [DEBUG] [io.spring.gradle.dependencymanagement.internal.DependencyManagementContainer] Found managed version '2.21' for dependency 'com.fasterxml.jackson.core:jackson-annotations' in global dependency management
2026-08-21T16:48:36.625-0300 [DEBUG] [io.spring.gradle.dependencymanagement.internal.VersionConfiguringAction] Using version '2.21' for dependency 'com.fasterxml.jackson.core:jackson-annotations:2.21'
2026-08-21T16:48:36.625-0300 [DEBUG] [io.spring.gradle.dependencymanagement.internal.VersionConfiguringAction] Processing requested dependency 'tools.jackson.core:jackson-core:3.1.4' with target 'tools.jackson.core:jackson-core:3.1.4
2026-08-21T16:48:36.625-0300 [DEBUG] [io.spring.gradle.dependencymanagement.internal.DependencyManagementContainer] Found managed version '3.1.4' for dependency 'tools.jackson.core:jackson-core' in global dependency management
2026-08-21T16:48:36.625-0300 [DEBUG] [io.spring.gradle.dependencymanagement.internal.VersionConfiguringAction] Using version '3.1.4' for dependency 'tools.jackson.core:jackson-core:3.1.4'
2026-08-21T16:48:36.625-0300 [DEBUG] [io.spring.gradle.dependencymanagement.internal.VersionConfiguringAction] Processing requested dependency 'tools.jackson:jackson-bom:3.1.4' with target 'tools.jackson:jackson-bom:3.1.4
2026-08-21T16:48:36.625-0300 [DEBUG] [io.spring.gradle.dependencymanagement.internal.VersionConfiguringAction] No dependency management for dependency 'tools.jackson:jackson-bom:3.1.4'
2026-08-21T16:48:36.625-0300 [DEBUG] [org.gradle.api.internal.artifacts.ivyservice.ivyresolve.RepositoryChainComponentMetaDataResolver] Attempting to resolve component for com.fasterxml.jackson.core:jackson-annotations:2.21 using repositories [MavenRepo]
2026-08-21T16:48:36.625-0300 [DEBUG] [org.gradle.api.internal.artifacts.ivyservice.ivyresolve.CachingModuleComponentRepository] Using cached module metadata for module 'com.fasterxml.jackson.core:jackson-annotations:2.21' in 'MavenRepo'
2026-08-21T16:48:36.625-0300 [DEBUG] [org.gradle.api.internal.artifacts.ivyservice.ivyresolve.RepositoryChainComponentMetaDataResolver] Using com.fasterxml.jackson.core:jackson-annotations:2.21 from org.gradle.api.internal.artifacts.ivyservice.ivyresolve.FilteredModuleComponentRepository@58a7b1a4
2026-08-21T16:48:36.625-0300 [DEBUG] [org.gradle.api.internal.artifacts.ivyservice.ivyresolve.RepositoryChainComponentMetaDataResolver] Attempting to resolve component for tools.jackson.core:jackson-core:3.1.4 using repositories [MavenRepo]
2026-08-21T16:48:36.625-0300 [DEBUG] [org.gradle.api.internal.artifacts.ivyservice.ivyresolve.CachingModuleComponentRepository] Using cached module metadata for module 'tools.jackson.core:jackson-core:3.1.4' in 'MavenRepo'
2026-08-21T16:48:36.625-0300 [DEBUG] [org.gradle.api.internal.artifacts.ivyservice.ivyresolve.RepositoryChainComponentMetaDataResolver] Using tools.jackson.core:jackson-core:3.1.4 from org.gradle.api.internal.artifacts.ivyservice.ivyresolve.FilteredModuleComponentRepository@58a7b1a4
2026-08-21T16:48:36.625-0300 [DEBUG] [org.gradle.api.internal.artifacts.ivyservice.ivyresolve.RepositoryChainComponentMetaDataResolver] Attempting to resolve component for tools.jackson:jackson-bom:3.1.4 using repositories [MavenRepo]
2026-08-21T16:48:36.625-0300 [DEBUG] [org.gradle.api.internal.artifacts.ivyservice.ivyresolve.CachingModuleComponentRepository] Using cached module metadata for module 'tools.jackson:jackson-bom:3.1.4' in 'MavenRepo'
2026-08-21T16:48:36.625-0300 [DEBUG] [org.gradle.api.internal.artifacts.ivyservice.ivyresolve.RepositoryChainComponentMetaDataResolver] Using tools.jackson:jackson-bom:3.1.4 from org.gradle.api.internal.artifacts.ivyservice.ivyresolve.FilteredModuleComponentRepository@58a7b1a4
2026-08-21T16:48:36.625-0300 [DEBUG] [org.gradle.internal.component.model.LoggingAttributeMatchingExplanationBuilder] Candidate {org.gradle.category=library, org.gradle.libraryelements=jar, org.gradle.status=release, org.gradle.usage=java-api} attribute org.gradle.category value org.gradle.category=library doesn't requested value platform
2026-08-21T16:48:36.625-0300 [DEBUG] [org.gradle.internal.component.model.LoggingAttributeMatchingExplanationBuilder] Candidate {org.gradle.category=library, org.gradle.libraryelements=jar, org.gradle.status=release, org.gradle.usage=java-runtime} attribute org.gradle.category value org.gradle.category=library doesn't requested value platform
2026-08-21T16:48:36.625-0300 [DEBUG] [org.gradle.internal.component.model.LoggingAttributeMatchingExplanationBuilder] Candidate {org.gradle.category=documentation, org.gradle.dependency.bundling=external, org.gradle.docstype=sources, org.gradle.status=release, org.gradle.usage=java-runtime} attribute org.gradle.category value org.gradle.category=documentation doesn't requested value platform
2026-08-21T16:48:36.625-0300 [DEBUG] [org.gradle.internal.component.model.LoggingAttributeMatchingExplanationBuilder] Candidate {org.gradle.category=documentation, org.gradle.dependency.bundling=external, org.gradle.docstype=javadoc, org.gradle.status=release, org.gradle.usage=java-runtime} attribute org.gradle.category value org.gradle.category=documentation doesn't requested value platform
2026-08-21T16:48:36.625-0300 [DEBUG] [org.gradle.internal.component.model.LoggingAttributeMatchingExplanationBuilder] Candidate {org.gradle.category=platform, org.gradle.status=release, org.gradle.usage=java-api} doesn't have attribute org.gradle.dependency.bundling
2026-08-21T16:48:36.625-0300 [DEBUG] [org.gradle.internal.component.model.LoggingAttributeMatchingExplanationBuilder] Candidate {org.gradle.category=platform, org.gradle.status=release, org.gradle.usage=java-api} doesn't have attribute org.gradle.jvm.environment
2026-08-21T16:48:36.625-0300 [DEBUG] [org.gradle.internal.component.model.LoggingAttributeMatchingExplanationBuilder] Candidate {org.gradle.category=platform, org.gradle.status=release, org.gradle.usage=java-api} doesn't have attribute org.gradle.libraryelements
2026-08-21T16:48:36.625-0300 [DEBUG] [org.gradle.internal.component.model.LoggingAttributeMatchingExplanationBuilder] Candidate {org.gradle.category=platform, org.gradle.status=release, org.gradle.usage=java-api} doesn't have attribute org.gradle.jvm.version
2026-08-21T16:48:36.625-0300 [DEBUG] [org.gradle.internal.component.model.LoggingAttributeMatchingExplanationBuilder] Candidate {org.gradle.category=platform, org.gradle.status=release, org.gradle.usage=java-runtime} doesn't have attribute org.gradle.dependency.bundling
2026-08-21T16:48:36.625-0300 [DEBUG] [org.gradle.internal.component.model.LoggingAttributeMatchingExplanationBuilder] Candidate {org.gradle.category=platform, org.gradle.status=release, org.gradle.usage=java-runtime} doesn't have attribute org.gradle.jvm.environment
2026-08-21T16:48:36.625-0300 [DEBUG] [org.gradle.internal.component.model.LoggingAttributeMatchingExplanationBuilder] Candidate {org.gradle.category=platform, org.gradle.status=release, org.gradle.usage=java-runtime} doesn't have attribute org.gradle.libraryelements
2026-08-21T16:48:36.625-0300 [DEBUG] [org.gradle.internal.component.model.LoggingAttributeMatchingExplanationBuilder] Candidate {org.gradle.category=platform, org.gradle.status=release, org.gradle.usage=java-runtime} doesn't have attribute org.gradle.jvm.version
2026-08-21T16:48:36.625-0300 [DEBUG] [org.gradle.internal.component.model.LoggingAttributeMatchingExplanationBuilder] Candidate {org.gradle.category=enforced-platform, org.gradle.status=release, org.gradle.usage=java-api} attribute org.gradle.category value org.gradle.category=enforced-platform doesn't requested value platform
2026-08-21T16:48:36.625-0300 [DEBUG] [org.gradle.internal.component.model.LoggingAttributeMatchingExplanationBuilder] Candidate {org.gradle.category=enforced-platform, org.gradle.status=release, org.gradle.usage=java-runtime} attribute org.gradle.category value org.gradle.category=enforced-platform doesn't requested value platform
2026-08-21T16:48:36.625-0300 [DEBUG] [org.gradle.api.internal.attributes.matching.DefaultAttributeMatcher] Selected matches [4] from candidates [{org.gradle.category=library, org.gradle.libraryelements=jar, org.gradle.status=release, org.gradle.usage=java-api}, {org.gradle.category=library, org.gradle.libraryelements=jar, org.gradle.status=release, org.gradle.usage=java-runtime}, {org.gradle.category=documentation, org.gradle.dependency.bundling=external, org.gradle.docstype=sources, org.gradle.status=release, org.gradle.usage=java-runtime}, {org.gradle.category=documentation, org.gradle.dependency.bundling=external, org.gradle.docstype=javadoc, org.gradle.status=release, org.gradle.usage=java-runtime}, {org.gradle.category=platform, org.gradle.status=release, org.gradle.usage=java-api}, {org.gradle.category=platform, org.gradle.status=release, org.gradle.usage=java-runtime}, {org.gradle.category=enforced-platform, org.gradle.status=release, org.gradle.usage=java-api}, {org.gradle.category=enforced-platform, org.gradle.status=release, org.gradle.usage=java-runtime}] for {org.gradle.category=platform, org.gradle.dependency.bundling=external, org.gradle.jvm.environment=standard-jvm, org.gradle.jvm.version=21, org.gradle.libraryelements=classes, org.gradle.usage=java-api}
2026-08-21T16:48:36.625-0300 [DEBUG] [io.spring.gradle.dependencymanagement.internal.VersionConfiguringAction] Processing requested dependency 'tools.jackson.core:jackson-databind:3.1.4' with target 'tools.jackson.core:jackson-databind:3.1.4
2026-08-21T16:48:36.625-0300 [DEBUG] [io.spring.gradle.dependencymanagement.internal.DependencyManagementContainer] Found managed version '3.1.4' for dependency 'tools.jackson.core:jackson-databind' in global dependency management
2026-08-21T16:48:36.625-0300 [DEBUG] [io.spring.gradle.dependencymanagement.internal.VersionConfiguringAction] Using version '3.1.4' for dependency 'tools.jackson.core:jackson-databind:3.1.4'
2026-08-21T16:48:36.625-0300 [DEBUG] [io.spring.gradle.dependencymanagement.internal.VersionConfiguringAction] Processing requested dependency 'tools.jackson.dataformat:jackson-dataformat-avro:3.1.4' with target 'tools.jackson.dataformat:jackson-dataformat-avro:3.1.4
2026-08-21T16:48:36.625-0300 [DEBUG] [io.spring.gradle.dependencymanagement.internal.DependencyManagementContainer] Found managed version '3.1.4' for dependency 'tools.jackson.dataformat:jackson-dataformat-avro' in global dependency management
2026-08-21T16:48:36.625-0300 [DEBUG] [io.spring.gradle.dependencymanagement.internal.VersionConfiguringAction] Using version '3.1.4' for dependency 'tools.jackson.dataformat:jackson-dataformat-avro:3.1.4'
2026-08-21T16:48:36.625-0300 [DEBUG] [io.spring.gradle.dependencymanagement.internal.VersionConfiguringAction] Processing requested dependency 'tools.jackson.dataformat:jackson-dataformat-cbor:3.1.4' with target 'tools.jackson.dataformat:jackson-dataformat-cbor:3.1.4
2026-08-21T16:48:36.625-0300 [DEBUG] [io.spring.gradle.dependencymanagement.internal.DependencyManagementContainer] Found managed version '3.1.4' for dependency 'tools.jackson.dataformat:jackson-dataformat-cbor' in global dependency management
2026-08-21T16:48:36.625-0300 [DEBUG] [io.spring.gradle.dependencymanagement.internal.VersionConfiguringAction] Using version '3.1.4' for dependency 'tools.jackson.dataformat:jackson-dataformat-cbor:3.1.4'
2026-08-21T16:48:36.625-0300 [DEBUG] [io.spring.gradle.dependencymanagement.internal.VersionConfiguringAction] Processing requested dependency 'tools.jackson.dataformat:jackson-dataformat-csv:3.1.4' with target 'tools.jackson.dataformat:jackson-dataformat-csv:3.1.4
2026-08-21T16:48:36.625-0300 [DEBUG] [io.spring.gradle.dependencymanagement.internal.DependencyManagementContainer] Found managed version '3.1.4' for dependency 'tools.jackson.dataformat:jackson-dataformat-csv' in global dependency management
2026-08-21T16:48:36.625-0300 [DEBUG] [io.spring.gradle.dependencymanagement.internal.VersionConfiguringAction] Using version '3.1.4' for dependency 'tools.jackson.dataformat:jackson-dataformat-csv:3.1.4'
2026-08-21T16:48:36.625-0300 [DEBUG] [io.spring.gradle.dependencymanagement.internal.VersionConfiguringAction] Processing requested dependency 'tools.jackson.dataformat:jackson-dataformat-ion:3.1.4' with target 'tools.jackson.dataformat:jackson-dataformat-ion:3.1.4
2026-08-21T16:48:36.625-0300 [DEBUG] [io.spring.gradle.dependencymanagement.internal.DependencyManagementContainer] Found managed version '3.1.4' for dependency 'tools.jackson.dataformat:jackson-dataformat-ion' in global dependency management
2026-08-21T16:48:36.625-0300 [DEBUG] [io.spring.gradle.dependencymanagement.internal.VersionConfiguringAction] Using version '3.1.4' for dependency 'tools.jackson.dataformat:jackson-dataformat-ion:3.1.4'
2026-08-21T16:48:36.626-0300 [DEBUG] [io.spring.gradle.dependencymanagement.internal.VersionConfiguringAction] Processing requested dependency 'tools.jackson.dataformat:jackson-dataformat-properties:3.1.4' with target 'tools.jackson.dataformat:jackson-dataformat-properties:3.1.4
2026-08-21T16:48:36.626-0300 [DEBUG] [io.spring.gradle.dependencymanagement.internal.DependencyManagementContainer] Found managed version '3.1.4' for dependency 'tools.jackson.dataformat:jackson-dataformat-properties' in global dependency management
2026-08-21T16:48:36.626-0300 [DEBUG] [io.spring.gradle.dependencymanagement.internal.VersionConfiguringAction] Using version '3.1.4' for dependency 'tools.jackson.dataformat:jackson-dataformat-properties:3.1.4'
2026-08-21T16:48:36.626-0300 [DEBUG] [io.spring.gradle.dependencymanagement.internal.VersionConfiguringAction] Processing requested dependency 'tools.jackson.dataformat:jackson-dataformat-protobuf:3.1.4' with target 'tools.jackson.dataformat:jackson-dataformat-protobuf:3.1.4
2026-08-21T16:48:36.626-0300 [DEBUG] [io.spring.gradle.dependencymanagement.internal.DependencyManagementContainer] Found managed version '3.1.4' for dependency 'tools.jackson.dataformat:jackson-dataformat-protobuf' in global dependency management
2026-08-21T16:48:36.626-0300 [DEBUG] [io.spring.gradle.dependencymanagement.internal.VersionConfiguringAction] Using version '3.1.4' for dependency 'tools.jackson.dataformat:jackson-dataformat-protobuf:3.1.4'
2026-08-21T16:48:36.626-0300 [DEBUG] [io.spring.gradle.dependencymanagement.internal.VersionConfiguringAction] Processing requested dependency 'tools.jackson.dataformat:jackson-dataformat-smile:3.1.4' with target 'tools.jackson.dataformat:jackson-dataformat-smile:3.1.4
2026-08-21T16:48:36.626-0300 [DEBUG] [io.spring.gradle.dependencymanagement.internal.DependencyManagementContainer] Found managed version '3.1.4' for dependency 'tools.jackson.dataformat:jackson-dataformat-smile' in global dependency management
2026-08-21T16:48:36.626-0300 [DEBUG] [io.spring.gradle.dependencymanagement.internal.VersionConfiguringAction] Using version '3.1.4' for dependency 'tools.jackson.dataformat:jackson-dataformat-smile:3.1.4'
2026-08-21T16:48:36.626-0300 [DEBUG] [io.spring.gradle.dependencymanagement.internal.VersionConfiguringAction] Processing requested dependency 'tools.jackson.dataformat:jackson-dataformat-toml:3.1.4' with target 'tools.jackson.dataformat:jackson-dataformat-toml:3.1.4
2026-08-21T16:48:36.626-0300 [DEBUG] [io.spring.gradle.dependencymanagement.internal.DependencyManagementContainer] Found managed version '3.1.4' for dependency 'tools.jackson.dataformat:jackson-dataformat-toml' in global dependency management
2026-08-21T16:48:36.626-0300 [DEBUG] [io.spring.gradle.dependencymanagement.internal.VersionConfiguringAction] Using version '3.1.4' for dependency 'tools.jackson.dataformat:jackson-dataformat-toml:3.1.4'
2026-08-21T16:48:36.626-0300 [DEBUG] [io.spring.gradle.dependencymanagement.internal.VersionConfiguringAction] Processing requested dependency 'tools.jackson.dataformat:jackson-dataformat-xml:3.1.4' with target 'tools.jackson.dataformat:jackson-dataformat-xml:3.1.4
2026-08-21T16:48:36.626-0300 [DEBUG] [io.spring.gradle.dependencymanagement.internal.DependencyManagementContainer] Found managed version '3.1.4' for dependency 'tools.jackson.dataformat:jackson-dataformat-xml' in global dependency management
2026-08-21T16:48:36.626-0300 [DEBUG] [io.spring.gradle.dependencymanagement.internal.VersionConfiguringAction] Using version '3.1.4' for dependency 'tools.jackson.dataformat:jackson-dataformat-xml:3.1.4'
2026-08-21T16:48:36.626-0300 [DEBUG] [io.spring.gradle.dependencymanagement.internal.VersionConfiguringAction] Processing requested dependency 'tools.jackson.dataformat:jackson-dataformat-yaml:3.1.4' with target 'tools.jackson.dataformat:jackson-dataformat-yaml:3.1.4
2026-08-21T16:48:36.626-0300 [DEBUG] [io.spring.gradle.dependencymanagement.internal.DependencyManagementContainer] Found managed version '3.1.4' for dependency 'tools.jackson.dataformat:jackson-dataformat-yaml' in global dependency management
2026-08-21T16:48:36.626-0300 [DEBUG] [io.spring.gradle.dependencymanagement.internal.VersionConfiguringAction] Using version '3.1.4' for dependency 'tools.jackson.dataformat:jackson-dataformat-yaml:3.1.4'
2026-08-21T16:48:36.626-0300 [DEBUG] [io.spring.gradle.dependencymanagement.internal.VersionConfiguringAction] Processing requested dependency 'tools.jackson.datatype:jackson-datatype-eclipse-collections:3.1.4' with target 'tools.jackson.datatype:jackson-datatype-eclipse-collections:3.1.4
2026-08-21T16:48:36.626-0300 [DEBUG] [io.spring.gradle.dependencymanagement.internal.DependencyManagementContainer] Found managed version '3.1.4' for dependency 'tools.jackson.datatype:jackson-datatype-eclipse-collections' in global dependency management
2026-08-21T16:48:36.626-0300 [DEBUG] [io.spring.gradle.dependencymanagement.internal.VersionConfiguringAction] Using version '3.1.4' for dependency 'tools.jackson.datatype:jackson-datatype-eclipse-collections:3.1.4'
2026-08-21T16:48:36.626-0300 [DEBUG] [io.spring.gradle.dependencymanagement.internal.VersionConfiguringAction] Processing requested dependency 'tools.jackson.datatype:jackson-datatype-guava:3.1.4' with target 'tools.jackson.datatype:jackson-datatype-guava:3.1.4
2026-08-21T16:48:36.626-0300 [DEBUG] [io.spring.gradle.dependencymanagement.internal.DependencyManagementContainer] Found managed version '3.1.4' for dependency 'tools.jackson.datatype:jackson-datatype-guava' in global dependency management
2026-08-21T16:48:36.626-0300 [DEBUG] [io.spring.gradle.dependencymanagement.internal.VersionConfiguringAction] Using version '3.1.4' for dependency 'tools.jackson.datatype:jackson-datatype-guava:3.1.4'
2026-08-21T16:48:36.626-0300 [DEBUG] [io.spring.gradle.dependencymanagement.internal.VersionConfiguringAction] Processing requested dependency 'tools.jackson.datatype:jackson-datatype-hibernate4:3.1.4' with target 'tools.jackson.datatype:jackson-datatype-hibernate4:3.1.4
2026-08-21T16:48:36.626-0300 [DEBUG] [io.spring.gradle.dependencymanagement.internal.DependencyManagementContainer] Found managed version '3.1.4' for dependency 'tools.jackson.datatype:jackson-datatype-hibernate4' in global dependency management
2026-08-21T16:48:36.626-0300 [DEBUG] [io.spring.gradle.dependencymanagement.internal.VersionConfiguringAction] Using version '3.1.4' for dependency 'tools.jackson.datatype:jackson-datatype-hibernate4:3.1.4'
2026-08-21T16:48:36.626-0300 [DEBUG] [io.spring.gradle.dependencymanagement.internal.VersionConfiguringAction] Processing requested dependency 'tools.jackson.datatype:jackson-datatype-hibernate5:3.1.4' with target 'tools.jackson.datatype:jackson-datatype-hibernate5:3.1.4
2026-08-21T16:48:36.626-0300 [DEBUG] [io.spring.gradle.dependencymanagement.internal.DependencyManagementContainer] Found managed version '3.1.4' for dependency 'tools.jackson.datatype:jackson-datatype-hibernate5' in global dependency management
2026-08-21T16:48:36.626-0300 [DEBUG] [io.spring.gradle.dependencymanagement.internal.VersionConfiguringAction] Using version '3.1.4' for dependency 'tools.jackson.datatype:jackson-datatype-hibernate5:3.1.4'
2026-08-21T16:48:36.626-0300 [DEBUG] [io.spring.gradle.dependencymanagement.internal.VersionConfiguringAction] Processing requested dependency 'tools.jackson.datatype:jackson-datatype-hibernate5-jakarta:3.1.4' with target 'tools.jackson.datatype:jackson-datatype-hibernate5-jakarta:3.1.4
2026-08-21T16:48:36.627-0300 [DEBUG] [io.spring.gradle.dependencymanagement.internal.DependencyManagementContainer] Found managed version '3.1.4' for dependency 'tools.jackson.datatype:jackson-datatype-hibernate5-jakarta' in global dependency management
2026-08-21T16:48:36.627-0300 [DEBUG] [io.spring.gradle.dependencymanagement.internal.VersionConfiguringAction] Using version '3.1.4' for dependency 'tools.jackson.datatype:jackson-datatype-hibernate5-jakarta:3.1.4'
2026-08-21T16:48:36.627-0300 [DEBUG] [io.spring.gradle.dependencymanagement.internal.VersionConfiguringAction] Processing requested dependency 'tools.jackson.datatype:jackson-datatype-hibernate6:3.1.4' with target 'tools.jackson.datatype:jackson-datatype-hibernate6:3.1.4
2026-08-21T16:48:36.627-0300 [DEBUG] [io.spring.gradle.dependencymanagement.internal.DependencyManagementContainer] Found managed version '3.1.4' for dependency 'tools.jackson.datatype:jackson-datatype-hibernate6' in global dependency management
2026-08-21T16:48:36.627-0300 [DEBUG] [io.spring.gradle.dependencymanagement.internal.VersionConfiguringAction] Using version '3.1.4' for dependency 'tools.jackson.datatype:jackson-datatype-hibernate6:3.1.4'
2026-08-21T16:48:36.627-0300 [DEBUG] [io.spring.gradle.dependencymanagement.internal.VersionConfiguringAction] Processing requested dependency 'tools.jackson.datatype:jackson-datatype-hibernate7:3.1.4' with target 'tools.jackson.datatype:jackson-datatype-hibernate7:3.1.4
2026-08-21T16:48:36.627-0300 [DEBUG] [io.spring.gradle.dependencymanagement.internal.DependencyManagementContainer] Found managed version '3.1.4' for dependency 'tools.jackson.datatype:jackson-datatype-hibernate7' in global dependency management
2026-08-21T16:48:36.627-0300 [DEBUG] [io.spring.gradle.dependencymanagement.internal.VersionConfiguringAction] Using version '3.1.4' for dependency 'tools.jackson.datatype:jackson-datatype-hibernate7:3.1.4'
2026-08-21T16:48:36.627-0300 [DEBUG] [io.spring.gradle.dependencymanagement.internal.VersionConfiguringAction] Processing requested dependency 'tools.jackson.datatype:jackson-datatype-hppc:3.1.4' with target 'tools.jackson.datatype:jackson-datatype-hppc:3.1.4
2026-08-21T16:48:36.627-0300 [DEBUG] [io.spring.gradle.dependencymanagement.internal.DependencyManagementContainer] Found managed version '3.1.4' for dependency 'tools.jackson.datatype:jackson-datatype-hppc' in global dependency management
2026-08-21T16:48:36.627-0300 [DEBUG] [io.spring.gradle.dependencymanagement.internal.VersionConfiguringAction] Using version '3.1.4' for dependency 'tools.jackson.datatype:jackson-datatype-hppc:3.1.4'
2026-08-21T16:48:36.627-0300 [DEBUG] [io.spring.gradle.dependencymanagement.internal.VersionConfiguringAction] Processing requested dependency 'tools.jackson.datatype:jackson-datatype-javax-money:3.1.4' with target 'tools.jackson.datatype:jackson-datatype-javax-money:3.1.4
2026-08-21T16:48:36.627-0300 [DEBUG] [io.spring.gradle.dependencymanagement.internal.DependencyManagementContainer] Found managed version '3.1.4' for dependency 'tools.jackson.datatype:jackson-datatype-javax-money' in global dependency management
2026-08-21T16:48:36.627-0300 [DEBUG] [io.spring.gradle.dependencymanagement.internal.VersionConfiguringAction] Using version '3.1.4' for dependency 'tools.jackson.datatype:jackson-datatype-javax-money:3.1.4'
2026-08-21T16:48:36.627-0300 [DEBUG] [io.spring.gradle.dependencymanagement.internal.VersionConfiguringAction] Processing requested dependency 'tools.jackson.datatype:jackson-datatype-jakarta-jsonp:3.1.4' with target 'tools.jackson.datatype:jackson-datatype-jakarta-jsonp:3.1.4
2026-08-21T16:48:36.627-0300 [DEBUG] [io.spring.gradle.dependencymanagement.internal.DependencyManagementContainer] Found managed version '3.1.4' for dependency 'tools.jackson.datatype:jackson-datatype-jakarta-jsonp' in global dependency management
2026-08-21T16:48:36.627-0300 [DEBUG] [io.spring.gradle.dependencymanagement.internal.VersionConfiguringAction] Using version '3.1.4' for dependency 'tools.jackson.datatype:jackson-datatype-jakarta-jsonp:3.1.4'
2026-08-21T16:48:36.627-0300 [DEBUG] [io.spring.gradle.dependencymanagement.internal.VersionConfiguringAction] Processing requested dependency 'tools.jackson.datatype:jackson-datatype-jaxrs:3.1.4' with target 'tools.jackson.datatype:jackson-datatype-jaxrs:3.1.4
2026-08-21T16:48:36.627-0300 [DEBUG] [io.spring.gradle.dependencymanagement.internal.DependencyManagementContainer] Found managed version '3.1.4' for dependency 'tools.jackson.datatype:jackson-datatype-jaxrs' in global dependency management
2026-08-21T16:48:36.627-0300 [DEBUG] [io.spring.gradle.dependencymanagement.internal.VersionConfiguringAction] Using version '3.1.4' for dependency 'tools.jackson.datatype:jackson-datatype-jaxrs:3.1.4'
2026-08-21T16:48:36.627-0300 [DEBUG] [io.spring.gradle.dependencymanagement.internal.VersionConfiguringAction] Processing requested dependency 'tools.jackson.datatype:jackson-datatype-joda:3.1.4' with target 'tools.jackson.datatype:jackson-datatype-joda:3.1.4
2026-08-21T16:48:36.627-0300 [DEBUG] [io.spring.gradle.dependencymanagement.internal.DependencyManagementContainer] Found managed version '3.1.4' for dependency 'tools.jackson.datatype:jackson-datatype-joda' in global dependency management
2026-08-21T16:48:36.627-0300 [DEBUG] [io.spring.gradle.dependencymanagement.internal.VersionConfiguringAction] Using version '3.1.4' for dependency 'tools.jackson.datatype:jackson-datatype-joda:3.1.4'
2026-08-21T16:48:36.627-0300 [DEBUG] [io.spring.gradle.dependencymanagement.internal.VersionConfiguringAction] Processing requested dependency 'tools.jackson.datatype:jackson-datatype-joda-money:3.1.4' with target 'tools.jackson.datatype:jackson-datatype-joda-money:3.1.4
2026-08-21T16:48:36.627-0300 [DEBUG] [io.spring.gradle.dependencymanagement.internal.DependencyManagementContainer] Found managed version '3.1.4' for dependency 'tools.jackson.datatype:jackson-datatype-joda-money' in global dependency management
2026-08-21T16:48:36.627-0300 [DEBUG] [io.spring.gradle.dependencymanagement.internal.VersionConfiguringAction] Using version '3.1.4' for dependency 'tools.jackson.datatype:jackson-datatype-joda-money:3.1.4'
2026-08-21T16:48:36.627-0300 [DEBUG] [io.spring.gradle.dependencymanagement.internal.VersionConfiguringAction] Processing requested dependency 'tools.jackson.datatype:jackson-datatype-json-org:3.1.4' with target 'tools.jackson.datatype:jackson-datatype-json-org:3.1.4
2026-08-21T16:48:36.627-0300 [DEBUG] [io.spring.gradle.dependencymanagement.internal.DependencyManagementContainer] Found managed version '3.1.4' for dependency 'tools.jackson.datatype:jackson-datatype-json-org' in global dependency management
2026-08-21T16:48:36.627-0300 [DEBUG] [io.spring.gradle.dependencymanagement.internal.VersionConfiguringAction] Using version '3.1.4' for dependency 'tools.jackson.datatype:jackson-datatype-json-org:3.1.4'
2026-08-21T16:48:36.627-0300 [DEBUG] [io.spring.gradle.dependencymanagement.internal.VersionConfiguringAction] Processing requested dependency 'tools.jackson.datatype:jackson-datatype-jsr353:3.1.4' with target 'tools.jackson.datatype:jackson-datatype-jsr353:3.1.4
2026-08-21T16:48:36.627-0300 [DEBUG] [io.spring.gradle.dependencymanagement.internal.DependencyManagementContainer] Found managed version '3.1.4' for dependency 'tools.jackson.datatype:jackson-datatype-jsr353' in global dependency management
2026-08-21T16:48:36.627-0300 [DEBUG] [io.spring.gradle.dependencymanagement.internal.VersionConfiguringAction] Using version '3.1.4' for dependency 'tools.jackson.datatype:jackson-datatype-jsr353:3.1.4'
2026-08-21T16:48:36.627-0300 [DEBUG] [io.spring.gradle.dependencymanagement.internal.VersionConfiguringAction] Processing requested dependency 'tools.jackson.datatype:jackson-datatype-moneta:3.1.4' with target 'tools.jackson.datatype:jackson-datatype-moneta:3.1.4
2026-08-21T16:48:36.627-0300 [DEBUG] [io.spring.gradle.dependencymanagement.internal.DependencyManagementContainer] Found managed version '3.1.4' for dependency 'tools.jackson.datatype:jackson-datatype-moneta' in global dependency management
2026-08-21T16:48:36.628-0300 [DEBUG] [io.spring.gradle.dependencymanagement.internal.VersionConfiguringAction] Using version '3.1.4' for dependency 'tools.jackson.datatype:jackson-datatype-moneta:3.1.4'
2026-08-21T16:48:36.628-0300 [DEBUG] [io.spring.gradle.dependencymanagement.internal.VersionConfiguringAction] Processing requested dependency 'tools.jackson.datatype:jackson-datatype-pcollections:3.1.4' with target 'tools.jackson.datatype:jackson-datatype-pcollections:3.1.4
2026-08-21T16:48:36.628-0300 [DEBUG] [io.spring.gradle.dependencymanagement.internal.DependencyManagementContainer] Found managed version '3.1.4' for dependency 'tools.jackson.datatype:jackson-datatype-pcollections' in global dependency management
2026-08-21T16:48:36.628-0300 [DEBUG] [io.spring.gradle.dependencymanagement.internal.VersionConfiguringAction] Using version '3.1.4' for dependency 'tools.jackson.datatype:jackson-datatype-pcollections:3.1.4'
2026-08-21T16:48:36.628-0300 [DEBUG] [io.spring.gradle.dependencymanagement.internal.VersionConfiguringAction] Processing requested dependency 'tools.jackson.jaxrs:jackson-jaxrs-base:3.1.4' with target 'tools.jackson.jaxrs:jackson-jaxrs-base:3.1.4
2026-08-21T16:48:36.628-0300 [DEBUG] [io.spring.gradle.dependencymanagement.internal.DependencyManagementContainer] Found managed version '3.1.4' for dependency 'tools.jackson.jaxrs:jackson-jaxrs-base' in global dependency management
2026-08-21T16:48:36.628-0300 [DEBUG] [io.spring.gradle.dependencymanagement.internal.VersionConfiguringAction] Using version '3.1.4' for dependency 'tools.jackson.jaxrs:jackson-jaxrs-base:3.1.4'
2026-08-21T16:48:36.628-0300 [DEBUG] [io.spring.gradle.dependencymanagement.internal.VersionConfiguringAction] Processing requested dependency 'tools.jackson.jaxrs:jackson-jaxrs-cbor-provider:3.1.4' with target 'tools.jackson.jaxrs:jackson-jaxrs-cbor-provider:3.1.4
2026-08-21T16:48:36.628-0300 [DEBUG] [io.spring.gradle.dependencymanagement.internal.DependencyManagementContainer] Found managed version '3.1.4' for dependency 'tools.jackson.jaxrs:jackson-jaxrs-cbor-provider' in global dependency management
2026-08-21T16:48:36.628-0300 [DEBUG] [io.spring.gradle.dependencymanagement.internal.VersionConfiguringAction] Using version '3.1.4' for dependency 'tools.jackson.jaxrs:jackson-jaxrs-cbor-provider:3.1.4'
2026-08-21T16:48:36.628-0300 [DEBUG] [io.spring.gradle.dependencymanagement.internal.VersionConfiguringAction] Processing requested dependency 'tools.jackson.jaxrs:jackson-jaxrs-json-provider:3.1.4' with target 'tools.jackson.jaxrs:jackson-jaxrs-json-provider:3.1.4
2026-08-21T16:48:36.628-0300 [DEBUG] [io.spring.gradle.dependencymanagement.internal.DependencyManagementContainer] Found managed version '3.1.4' for dependency 'tools.jackson.jaxrs:jackson-jaxrs-json-provider' in global dependency management
2026-08-21T16:48:36.628-0300 [DEBUG] [io.spring.gradle.dependencymanagement.internal.VersionConfiguringAction] Using version '3.1.4' for dependency 'tools.jackson.jaxrs:jackson-jaxrs-json-provider:3.1.4'
2026-08-21T16:48:36.628-0300 [DEBUG] [io.spring.gradle.dependencymanagement.internal.VersionConfiguringAction] Processing requested dependency 'tools.jackson.jaxrs:jackson-jaxrs-smile-provider:3.1.4' with target 'tools.jackson.jaxrs:jackson-jaxrs-smile-provider:3.1.4
2026-08-21T16:48:36.628-0300 [DEBUG] [io.spring.gradle.dependencymanagement.internal.DependencyManagementContainer] Found managed version '3.1.4' for dependency 'tools.jackson.jaxrs:jackson-jaxrs-smile-provider' in global dependency management
2026-08-21T16:48:36.628-0300 [DEBUG] [io.spring.gradle.dependencymanagement.internal.VersionConfiguringAction] Using version '3.1.4' for dependency 'tools.jackson.jaxrs:jackson-jaxrs-smile-provider:3.1.4'
2026-08-21T16:48:36.628-0300 [DEBUG] [io.spring.gradle.dependencymanagement.internal.VersionConfiguringAction] Processing requested dependency 'tools.jackson.jaxrs:jackson-jaxrs-xml-provider:3.1.4' with target 'tools.jackson.jaxrs:jackson-jaxrs-xml-provider:3.1.4
2026-08-21T16:48:36.628-0300 [DEBUG] [io.spring.gradle.dependencymanagement.internal.DependencyManagementContainer] Found managed version '3.1.4' for dependency 'tools.jackson.jaxrs:jackson-jaxrs-xml-provider' in global dependency management
2026-08-21T16:48:36.628-0300 [DEBUG] [io.spring.gradle.dependencymanagement.internal.VersionConfiguringAction] Using version '3.1.4' for dependency 'tools.jackson.jaxrs:jackson-jaxrs-xml-provider:3.1.4'
2026-08-21T16:48:36.628-0300 [DEBUG] [io.spring.gradle.dependencymanagement.internal.VersionConfiguringAction] Processing requested dependency 'tools.jackson.jaxrs:jackson-jaxrs-yaml-provider:3.1.4' with target 'tools.jackson.jaxrs:jackson-jaxrs-yaml-provider:3.1.4
2026-08-21T16:48:36.628-0300 [DEBUG] [io.spring.gradle.dependencymanagement.internal.DependencyManagementContainer] Found managed version '3.1.4' for dependency 'tools.jackson.jaxrs:jackson-jaxrs-yaml-provider' in global dependency management
2026-08-21T16:48:36.628-0300 [DEBUG] [io.spring.gradle.dependencymanagement.internal.VersionConfiguringAction] Using version '3.1.4' for dependency 'tools.jackson.jaxrs:jackson-jaxrs-yaml-provider:3.1.4'
2026-08-21T16:48:36.628-0300 [DEBUG] [io.spring.gradle.dependencymanagement.internal.VersionConfiguringAction] Processing requested dependency 'tools.jackson.jakarta.rs:jackson-jakarta-rs-base:3.1.4' with target 'tools.jackson.jakarta.rs:jackson-jakarta-rs-base:3.1.4
2026-08-21T16:48:36.628-0300 [DEBUG] [io.spring.gradle.dependencymanagement.internal.DependencyManagementContainer] Found managed version '3.1.4' for dependency 'tools.jackson.jakarta.rs:jackson-jakarta-rs-base' in global dependency management
2026-08-21T16:48:36.628-0300 [DEBUG] [io.spring.gradle.dependencymanagement.internal.VersionConfiguringAction] Using version '3.1.4' for dependency 'tools.jackson.jakarta.rs:jackson-jakarta-rs-base:3.1.4'
2026-08-21T16:48:36.628-0300 [DEBUG] [io.spring.gradle.dependencymanagement.internal.VersionConfiguringAction] Processing requested dependency 'tools.jackson.jakarta.rs:jackson-jakarta-rs-cbor-provider:3.1.4' with target 'tools.jackson.jakarta.rs:jackson-jakarta-rs-cbor-provider:3.1.4
2026-08-21T16:48:36.628-0300 [DEBUG] [io.spring.gradle.dependencymanagement.internal.DependencyManagementContainer] Found managed version '3.1.4' for dependency 'tools.jackson.jakarta.rs:jackson-jakarta-rs-cbor-provider' in global dependency management
2026-08-21T16:48:36.628-0300 [DEBUG] [io.spring.gradle.dependencymanagement.internal.VersionConfiguringAction] Using version '3.1.4' for dependency 'tools.jackson.jakarta.rs:jackson-jakarta-rs-cbor-provider:3.1.4'
2026-08-21T16:48:36.628-0300 [DEBUG] [io.spring.gradle.dependencymanagement.internal.VersionConfiguringAction] Processing requested dependency 'tools.jackson.jakarta.rs:jackson-jakarta-rs-json-provider:3.1.4' with target 'tools.jackson.jakarta.rs:jackson-jakarta-rs-json-provider:3.1.4
2026-08-21T16:48:36.628-0300 [DEBUG] [io.spring.gradle.dependencymanagement.internal.DependencyManagementContainer] Found managed version '3.1.4' for dependency 'tools.jackson.jakarta.rs:jackson-jakarta-rs-json-provider' in global dependency management
2026-08-21T16:48:36.628-0300 [DEBUG] [io.spring.gradle.dependencymanagement.internal.VersionConfiguringAction] Using version '3.1.4' for dependency 'tools.jackson.jakarta.rs:jackson-jakarta-rs-json-provider:3.1.4'
2026-08-21T16:48:36.628-0300 [DEBUG] [io.spring.gradle.dependencymanagement.internal.VersionConfiguringAction] Processing requested dependency 'tools.jackson.jakarta.rs:jackson-jakarta-rs-smile-provider:3.1.4' with target 'tools.jackson.jakarta.rs:jackson-jakarta-rs-smile-provider:3.1.4
2026-08-21T16:48:36.628-0300 [DEBUG] [io.spring.gradle.dependencymanagement.internal.DependencyManagementContainer] Found managed version '3.1.4' for dependency 'tools.jackson.jakarta.rs:jackson-jakarta-rs-smile-provider' in global dependency management
2026-08-21T16:48:36.628-0300 [DEBUG] [io.spring.gradle.dependencymanagement.internal.VersionConfiguringAction] Using version '3.1.4' for dependency 'tools.jackson.jakarta.rs:jackson-jakarta-rs-smile-provider:3.1.4'
2026-08-21T16:48:36.628-0300 [DEBUG] [io.spring.gradle.dependencymanagement.internal.VersionConfiguringAction] Processing requested dependency 'tools.jackson.jakarta.rs:jackson-jakarta-rs-xml-provider:3.1.4' with target 'tools.jackson.jakarta.rs:jackson-jakarta-rs-xml-provider:3.1.4
2026-08-21T16:48:36.629-0300 [DEBUG] [io.spring.gradle.dependencymanagement.internal.DependencyManagementContainer] Found managed version '3.1.4' for dependency 'tools.jackson.jakarta.rs:jackson-jakarta-rs-xml-provider' in global dependency management
2026-08-21T16:48:36.629-0300 [DEBUG] [io.spring.gradle.dependencymanagement.internal.VersionConfiguringAction] Using version '3.1.4' for dependency 'tools.jackson.jakarta.rs:jackson-jakarta-rs-xml-provider:3.1.4'
2026-08-21T16:48:36.629-0300 [DEBUG] [io.spring.gradle.dependencymanagement.internal.VersionConfiguringAction] Processing requested dependency 'tools.jackson.jakarta.rs:jackson-jakarta-rs-yaml-provider:3.1.4' with target 'tools.jackson.jakarta.rs:jackson-jakarta-rs-yaml-provider:3.1.4
2026-08-21T16:48:36.629-0300 [DEBUG] [io.spring.gradle.dependencymanagement.internal.DependencyManagementContainer] Found managed version '3.1.4' for dependency 'tools.jackson.jakarta.rs:jackson-jakarta-rs-yaml-provider' in global dependency management
2026-08-21T16:48:36.629-0300 [DEBUG] [io.spring.gradle.dependencymanagement.internal.VersionConfiguringAction] Using version '3.1.4' for dependency 'tools.jackson.jakarta.rs:jackson-jakarta-rs-yaml-provider:3.1.4'
2026-08-21T16:48:36.629-0300 [DEBUG] [io.spring.gradle.dependencymanagement.internal.VersionConfiguringAction] Processing requested dependency 'tools.jackson.jr:jackson-jr-all:3.1.4' with target 'tools.jackson.jr:jackson-jr-all:3.1.4
2026-08-21T16:48:36.629-0300 [DEBUG] [io.spring.gradle.dependencymanagement.internal.DependencyManagementContainer] Found managed version '3.1.4' for dependency 'tools.jackson.jr:jackson-jr-all' in global dependency management
2026-08-21T16:48:36.629-0300 [DEBUG] [io.spring.gradle.dependencymanagement.internal.VersionConfiguringAction] Using version '3.1.4' for dependency 'tools.jackson.jr:jackson-jr-all:3.1.4'
2026-08-21T16:48:36.629-0300 [DEBUG] [io.spring.gradle.dependencymanagement.internal.VersionConfiguringAction] Processing requested dependency 'tools.jackson.jr:jackson-jr-annotation-support:3.1.4' with target 'tools.jackson.jr:jackson-jr-annotation-support:3.1.4
2026-08-21T16:48:36.629-0300 [DEBUG] [io.spring.gradle.dependencymanagement.internal.DependencyManagementContainer] Found managed version '3.1.4' for dependency 'tools.jackson.jr:jackson-jr-annotation-support' in global dependency management
2026-08-21T16:48:36.629-0300 [DEBUG] [io.spring.gradle.dependencymanagement.internal.VersionConfiguringAction] Using version '3.1.4' for dependency 'tools.jackson.jr:jackson-jr-annotation-support:3.1.4'
2026-08-21T16:48:36.629-0300 [DEBUG] [io.spring.gradle.dependencymanagement.internal.VersionConfiguringAction] Processing requested dependency 'tools.jackson.jr:jackson-jr-extension-javatime:3.1.4' with target 'tools.jackson.jr:jackson-jr-extension-javatime:3.1.4
2026-08-21T16:48:36.629-0300 [DEBUG] [io.spring.gradle.dependencymanagement.internal.DependencyManagementContainer] Found managed version '3.1.4' for dependency 'tools.jackson.jr:jackson-jr-extension-javatime' in global dependency management
2026-08-21T16:48:36.629-0300 [DEBUG] [io.spring.gradle.dependencymanagement.internal.VersionConfiguringAction] Using version '3.1.4' for dependency 'tools.jackson.jr:jackson-jr-extension-javatime:3.1.4'
2026-08-21T16:48:36.629-0300 [DEBUG] [io.spring.gradle.dependencymanagement.internal.VersionConfiguringAction] Processing requested dependency 'tools.jackson.jr:jackson-jr-objects:3.1.4' with target 'tools.jackson.jr:jackson-jr-objects:3.1.4
2026-08-21T16:48:36.629-0300 [DEBUG] [io.spring.gradle.dependencymanagement.internal.DependencyManagementContainer] Found managed version '3.1.4' for dependency 'tools.jackson.jr:jackson-jr-objects' in global dependency management
2026-08-21T16:48:36.629-0300 [DEBUG] [io.spring.gradle.dependencymanagement.internal.VersionConfiguringAction] Using version '3.1.4' for dependency 'tools.jackson.jr:jackson-jr-objects:3.1.4'
2026-08-21T16:48:36.629-0300 [DEBUG] [io.spring.gradle.dependencymanagement.internal.VersionConfiguringAction] Processing requested dependency 'tools.jackson.jr:jackson-jr-retrofit2:3.1.4' with target 'tools.jackson.jr:jackson-jr-retrofit2:3.1.4
2026-08-21T16:48:36.629-0300 [DEBUG] [io.spring.gradle.dependencymanagement.internal.DependencyManagementContainer] Found managed version '3.1.4' for dependency 'tools.jackson.jr:jackson-jr-retrofit2' in global dependency management
2026-08-21T16:48:36.629-0300 [DEBUG] [io.spring.gradle.dependencymanagement.internal.VersionConfiguringAction] Using version '3.1.4' for dependency 'tools.jackson.jr:jackson-jr-retrofit2:3.1.4'
2026-08-21T16:48:36.629-0300 [DEBUG] [io.spring.gradle.dependencymanagement.internal.VersionConfiguringAction] Processing requested dependency 'tools.jackson.jr:jackson-jr-stree:3.1.4' with target 'tools.jackson.jr:jackson-jr-stree:3.1.4
2026-08-21T16:48:36.629-0300 [DEBUG] [io.spring.gradle.dependencymanagement.internal.DependencyManagementContainer] Found managed version '3.1.4' for dependency 'tools.jackson.jr:jackson-jr-stree' in global dependency management
2026-08-21T16:48:36.629-0300 [DEBUG] [io.spring.gradle.dependencymanagement.internal.VersionConfiguringAction] Using version '3.1.4' for dependency 'tools.jackson.jr:jackson-jr-stree:3.1.4'
2026-08-21T16:48:36.629-0300 [DEBUG] [io.spring.gradle.dependencymanagement.internal.VersionConfiguringAction] Processing requested dependency 'tools.jackson.module:jackson-module-afterburner:3.1.4' with target 'tools.jackson.module:jackson-module-afterburner:3.1.4
2026-08-21T16:48:36.630-0300 [DEBUG] [io.spring.gradle.dependencymanagement.internal.DependencyManagementContainer] Found managed version '3.1.4' for dependency 'tools.jackson.module:jackson-module-afterburner' in global dependency management
2026-08-21T16:48:36.630-0300 [DEBUG] [io.spring.gradle.dependencymanagement.internal.VersionConfiguringAction] Using version '3.1.4' for dependency 'tools.jackson.module:jackson-module-afterburner:3.1.4'
2026-08-21T16:48:36.630-0300 [DEBUG] [io.spring.gradle.dependencymanagement.internal.VersionConfiguringAction] Processing requested dependency 'tools.jackson.module:jackson-module-android-record:3.1.4' with target 'tools.jackson.module:jackson-module-android-record:3.1.4
2026-08-21T16:48:36.630-0300 [DEBUG] [io.spring.gradle.dependencymanagement.internal.DependencyManagementContainer] Found managed version '3.1.4' for dependency 'tools.jackson.module:jackson-module-android-record' in global dependency management
2026-08-21T16:48:36.630-0300 [DEBUG] [io.spring.gradle.dependencymanagement.internal.VersionConfiguringAction] Using version '3.1.4' for dependency 'tools.jackson.module:jackson-module-android-record:3.1.4'
2026-08-21T16:48:36.630-0300 [DEBUG] [io.spring.gradle.dependencymanagement.internal.VersionConfiguringAction] Processing requested dependency 'tools.jackson.module:jackson-module-blackbird:3.1.4' with target 'tools.jackson.module:jackson-module-blackbird:3.1.4
2026-08-21T16:48:36.630-0300 [DEBUG] [io.spring.gradle.dependencymanagement.internal.DependencyManagementContainer] Found managed version '3.1.4' for dependency 'tools.jackson.module:jackson-module-blackbird' in global dependency management
2026-08-21T16:48:36.630-0300 [DEBUG] [io.spring.gradle.dependencymanagement.internal.VersionConfiguringAction] Using version '3.1.4' for dependency 'tools.jackson.module:jackson-module-blackbird:3.1.4'
2026-08-21T16:48:36.630-0300 [DEBUG] [io.spring.gradle.dependencymanagement.internal.VersionConfiguringAction] Processing requested dependency 'tools.jackson.module:jackson-module-guice:3.1.4' with target 'tools.jackson.module:jackson-module-guice:3.1.4
2026-08-21T16:48:36.630-0300 [DEBUG] [io.spring.gradle.dependencymanagement.internal.DependencyManagementContainer] Found managed version '3.1.4' for dependency 'tools.jackson.module:jackson-module-guice' in global dependency management
2026-08-21T16:48:36.630-0300 [DEBUG] [io.spring.gradle.dependencymanagement.internal.VersionConfiguringAction] Using version '3.1.4' for dependency 'tools.jackson.module:jackson-module-guice:3.1.4'
2026-08-21T16:48:36.630-0300 [DEBUG] [io.spring.gradle.dependencymanagement.internal.VersionConfiguringAction] Processing requested dependency 'tools.jackson.module:jackson-module-guice7:3.1.4' with target 'tools.jackson.module:jackson-module-guice7:3.1.4
2026-08-21T16:48:36.630-0300 [DEBUG] [io.spring.gradle.dependencymanagement.internal.DependencyManagementContainer] Found managed version '3.1.4' for dependency 'tools.jackson.module:jackson-module-guice7' in global dependency management
2026-08-21T16:48:36.630-0300 [DEBUG] [io.spring.gradle.dependencymanagement.internal.VersionConfiguringAction] Using version '3.1.4' for dependency 'tools.jackson.module:jackson-module-guice7:3.1.4'
2026-08-21T16:48:36.630-0300 [DEBUG] [io.spring.gradle.dependencymanagement.internal.VersionConfiguringAction] Processing requested dependency 'tools.jackson.module:jackson-module-jaxb-annotations:3.1.4' with target 'tools.jackson.module:jackson-module-jaxb-annotations:3.1.4
2026-08-21T16:48:36.630-0300 [DEBUG] [io.spring.gradle.dependencymanagement.internal.DependencyManagementContainer] Found managed version '3.1.4' for dependency 'tools.jackson.module:jackson-module-jaxb-annotations' in global dependency management
2026-08-21T16:48:36.630-0300 [DEBUG] [io.spring.gradle.dependencymanagement.internal.VersionConfiguringAction] Using version '3.1.4' for dependency 'tools.jackson.module:jackson-module-jaxb-annotations:3.1.4'
2026-08-21T16:48:36.630-0300 [DEBUG] [io.spring.gradle.dependencymanagement.internal.VersionConfiguringAction] Processing requested dependency 'tools.jackson.module:jackson-module-jakarta-xmlbind-annotations:3.1.4' with target 'tools.jackson.module:jackson-module-jakarta-xmlbind-annotations:3.1.4
2026-08-21T16:48:36.630-0300 [DEBUG] [io.spring.gradle.dependencymanagement.internal.DependencyManagementContainer] Found managed version '3.1.4' for dependency 'tools.jackson.module:jackson-module-jakarta-xmlbind-annotations' in global dependency management
2026-08-21T16:48:36.630-0300 [DEBUG] [io.spring.gradle.dependencymanagement.internal.VersionConfiguringAction] Using version '3.1.4' for dependency 'tools.jackson.module:jackson-module-jakarta-xmlbind-annotations:3.1.4'
2026-08-21T16:48:36.630-0300 [DEBUG] [io.spring.gradle.dependencymanagement.internal.VersionConfiguringAction] Processing requested dependency 'tools.jackson.module:jackson-module-jsonSchema:3.1.4' with target 'tools.jackson.module:jackson-module-jsonSchema:3.1.4
2026-08-21T16:48:36.630-0300 [DEBUG] [io.spring.gradle.dependencymanagement.internal.DependencyManagementContainer] Found managed version '3.1.4' for dependency 'tools.jackson.module:jackson-module-jsonSchema' in global dependency management
2026-08-21T16:48:36.630-0300 [DEBUG] [io.spring.gradle.dependencymanagement.internal.VersionConfiguringAction] Using version '3.1.4' for dependency 'tools.jackson.module:jackson-module-jsonSchema:3.1.4'
2026-08-21T16:48:36.630-0300 [DEBUG] [io.spring.gradle.dependencymanagement.internal.VersionConfiguringAction] Processing requested dependency 'tools.jackson.module:jackson-module-jsonSchema-jakarta:3.1.4' with target 'tools.jackson.module:jackson-module-jsonSchema-jakarta:3.1.4
2026-08-21T16:48:36.630-0300 [DEBUG] [io.spring.gradle.dependencymanagement.internal.DependencyManagementContainer] Found managed version '3.1.4' for dependency 'tools.jackson.module:jackson-module-jsonSchema-jakarta' in global dependency management
2026-08-21T16:48:36.631-0300 [DEBUG] [io.spring.gradle.dependencymanagement.internal.VersionConfiguringAction] Using version '3.1.4' for dependency 'tools.jackson.module:jackson-module-jsonSchema-jakarta:3.1.4'
2026-08-21T16:48:36.631-0300 [DEBUG] [io.spring.gradle.dependencymanagement.internal.VersionConfiguringAction] Processing requested dependency 'tools.jackson.module:jackson-module-kotlin:3.1.4' with target 'tools.jackson.module:jackson-module-kotlin:3.1.4
2026-08-21T16:48:36.631-0300 [DEBUG] [io.spring.gradle.dependencymanagement.internal.DependencyManagementContainer] Found managed version '3.1.4' for dependency 'tools.jackson.module:jackson-module-kotlin' in global dependency management
2026-08-21T16:48:36.631-0300 [DEBUG] [io.spring.gradle.dependencymanagement.internal.VersionConfiguringAction] Using version '3.1.4' for dependency 'tools.jackson.module:jackson-module-kotlin:3.1.4'
2026-08-21T16:48:36.631-0300 [DEBUG] [io.spring.gradle.dependencymanagement.internal.VersionConfiguringAction] Processing requested dependency 'tools.jackson.module:jackson-module-mrbean:3.1.4' with target 'tools.jackson.module:jackson-module-mrbean:3.1.4
2026-08-21T16:48:36.631-0300 [DEBUG] [io.spring.gradle.dependencymanagement.internal.DependencyManagementContainer] Found managed version '3.1.4' for dependency 'tools.jackson.module:jackson-module-mrbean' in global dependency management
2026-08-21T16:48:36.631-0300 [DEBUG] [io.spring.gradle.dependencymanagement.internal.VersionConfiguringAction] Using version '3.1.4' for dependency 'tools.jackson.module:jackson-module-mrbean:3.1.4'
2026-08-21T16:48:36.631-0300 [DEBUG] [io.spring.gradle.dependencymanagement.internal.VersionConfiguringAction] Processing requested dependency 'tools.jackson.module:jackson-module-no-ctor-deser:3.1.4' with target 'tools.jackson.module:jackson-module-no-ctor-deser:3.1.4
2026-08-21T16:48:36.631-0300 [DEBUG] [io.spring.gradle.dependencymanagement.internal.DependencyManagementContainer] Found managed version '3.1.4' for dependency 'tools.jackson.module:jackson-module-no-ctor-deser' in global dependency management
2026-08-21T16:48:36.631-0300 [DEBUG] [io.spring.gradle.dependencymanagement.internal.VersionConfiguringAction] Using version '3.1.4' for dependency 'tools.jackson.module:jackson-module-no-ctor-deser:3.1.4'
2026-08-21T16:48:36.631-0300 [DEBUG] [io.spring.gradle.dependencymanagement.internal.VersionConfiguringAction] Processing requested dependency 'tools.jackson.module:jackson-module-osgi:3.1.4' with target 'tools.jackson.module:jackson-module-osgi:3.1.4
2026-08-21T16:48:36.631-0300 [DEBUG] [io.spring.gradle.dependencymanagement.internal.DependencyManagementContainer] Found managed version '3.1.4' for dependency 'tools.jackson.module:jackson-module-osgi' in global dependency management
2026-08-21T16:48:36.631-0300 [DEBUG] [io.spring.gradle.dependencymanagement.internal.VersionConfiguringAction] Using version '3.1.4' for dependency 'tools.jackson.module:jackson-module-osgi:3.1.4'
2026-08-21T16:48:36.631-0300 [DEBUG] [io.spring.gradle.dependencymanagement.internal.VersionConfiguringAction] Processing requested dependency 'tools.jackson.module:jackson-module-scala_2.12:3.1.4' with target 'tools.jackson.module:jackson-module-scala_2.12:3.1.4
2026-08-21T16:48:36.631-0300 [DEBUG] [io.spring.gradle.dependencymanagement.internal.DependencyManagementContainer] Found managed version '3.1.4' for dependency 'tools.jackson.module:jackson-module-scala_2.12' in global dependency management
2026-08-21T16:48:36.631-0300 [DEBUG] [io.spring.gradle.dependencymanagement.internal.VersionConfiguringAction] Using version '3.1.4' for dependency 'tools.jackson.module:jackson-module-scala_2.12:3.1.4'
2026-08-21T16:48:36.631-0300 [DEBUG] [io.spring.gradle.dependencymanagement.internal.VersionConfiguringAction] Processing requested dependency 'tools.jackson.module:jackson-module-scala_2.13:3.1.4' with target 'tools.jackson.module:jackson-module-scala_2.13:3.1.4
2026-08-21T16:48:36.631-0300 [DEBUG] [io.spring.gradle.dependencymanagement.internal.DependencyManagementContainer] Found managed version '3.1.4' for dependency 'tools.jackson.module:jackson-module-scala_2.13' in global dependency management
2026-08-21T16:48:36.631-0300 [DEBUG] [io.spring.gradle.dependencymanagement.internal.VersionConfiguringAction] Using version '3.1.4' for dependency 'tools.jackson.module:jackson-module-scala_2.13:3.1.4'
2026-08-21T16:48:36.631-0300 [DEBUG] [io.spring.gradle.dependencymanagement.internal.VersionConfiguringAction] Processing requested dependency 'tools.jackson.module:jackson-module-scala_3:3.1.4' with target 'tools.jackson.module:jackson-module-scala_3:3.1.4
2026-08-21T16:48:36.631-0300 [DEBUG] [io.spring.gradle.dependencymanagement.internal.DependencyManagementContainer] Found managed version '3.1.4' for dependency 'tools.jackson.module:jackson-module-scala_3' in global dependency management
2026-08-21T16:48:36.631-0300 [DEBUG] [io.spring.gradle.dependencymanagement.internal.VersionConfiguringAction] Using version '3.1.4' for dependency 'tools.jackson.module:jackson-module-scala_3:3.1.4'
2026-08-21T16:48:36.631-0300 [DEBUG] [io.spring.gradle.dependencymanagement.internal.VersionConfiguringAction] Processing requested dependency 'io.lettuce:lettuce-core:7.5.2.RELEASE' with target 'io.lettuce:lettuce-core:7.5.2.RELEASE
2026-08-21T16:48:36.631-0300 [DEBUG] [io.spring.gradle.dependencymanagement.internal.DependencyManagementContainer] Found managed version '7.5.2.RELEASE' for dependency 'io.lettuce:lettuce-core' in global dependency management
2026-08-21T16:48:36.631-0300 [DEBUG] [io.spring.gradle.dependencymanagement.internal.VersionConfiguringAction] Using version '7.5.2.RELEASE' for dependency 'io.lettuce:lettuce-core:7.5.2.RELEASE'
2026-08-21T16:48:36.631-0300 [DEBUG] [io.spring.gradle.dependencymanagement.internal.VersionConfiguringAction] Processing requested dependency 'org.springframework.data:spring-data-redis:4.1.0' with target 'org.springframework.data:spring-data-redis:4.1.0
2026-08-21T16:48:36.631-0300 [DEBUG] [io.spring.gradle.dependencymanagement.internal.DependencyManagementContainer] Found managed version '4.1.0' for dependency 'org.springframework.data:spring-data-redis' in global dependency management
2026-08-21T16:48:36.631-0300 [DEBUG] [io.spring.gradle.dependencymanagement.internal.VersionConfiguringAction] Using version '4.1.0' for dependency 'org.springframework.data:spring-data-redis:4.1.0'
2026-08-21T16:48:36.632-0300 [DEBUG] [org.gradle.api.internal.artifacts.ivyservice.ivyresolve.RepositoryChainComponentMetaDataResolver] Attempting to resolve component for io.lettuce:lettuce-core:7.5.2.RELEASE using repositories [MavenRepo]
2026-08-21T16:48:36.632-0300 [DEBUG] [org.gradle.api.internal.artifacts.ivyservice.ivyresolve.CachingModuleComponentRepository] Using cached module metadata for module 'io.lettuce:lettuce-core:7.5.2.RELEASE' in 'MavenRepo'
2026-08-21T16:48:36.632-0300 [DEBUG] [org.gradle.api.internal.artifacts.ivyservice.ivyresolve.RepositoryChainComponentMetaDataResolver] Using io.lettuce:lettuce-core:7.5.2.RELEASE from org.gradle.api.internal.artifacts.ivyservice.ivyresolve.FilteredModuleComponentRepository@58a7b1a4
2026-08-21T16:48:36.632-0300 [DEBUG] [org.gradle.api.internal.artifacts.ivyservice.ivyresolve.RepositoryChainComponentMetaDataResolver] Attempting to resolve component for org.springframework.data:spring-data-redis:4.1.0 using repositories [MavenRepo]
2026-08-21T16:48:36.632-0300 [DEBUG] [org.gradle.api.internal.artifacts.ivyservice.ivyresolve.CachingModuleComponentRepository] Using cached module metadata for module 'org.springframework.data:spring-data-redis:4.1.0' in 'MavenRepo'
2026-08-21T16:48:36.632-0300 [DEBUG] [org.gradle.api.internal.artifacts.ivyservice.ivyresolve.RepositoryChainComponentMetaDataResolver] Using org.springframework.data:spring-data-redis:4.1.0 from org.gradle.api.internal.artifacts.ivyservice.ivyresolve.FilteredModuleComponentRepository@58a7b1a4
2026-08-21T16:48:36.632-0300 [DEBUG] [io.spring.gradle.dependencymanagement.internal.VersionConfiguringAction] Processing requested dependency 'org.springframework:spring-beans:7.0.8' with target 'org.springframework:spring-beans:7.0.8
2026-08-21T16:48:36.632-0300 [DEBUG] [io.spring.gradle.dependencymanagement.internal.DependencyManagementContainer] Found managed version '7.0.8' for dependency 'org.springframework:spring-beans' in global dependency management
2026-08-21T16:48:36.632-0300 [DEBUG] [io.spring.gradle.dependencymanagement.internal.VersionConfiguringAction] Using version '7.0.8' for dependency 'org.springframework:spring-beans:7.0.8'
2026-08-21T16:48:36.632-0300 [DEBUG] [io.spring.gradle.dependencymanagement.internal.VersionConfiguringAction] Processing requested dependency 'org.springframework:spring-core:7.0.8' with target 'org.springframework:spring-core:7.0.8
2026-08-21T16:48:36.632-0300 [DEBUG] [io.spring.gradle.dependencymanagement.internal.DependencyManagementContainer] Found managed version '7.0.8' for dependency 'org.springframework:spring-core' in global dependency management
2026-08-21T16:48:36.632-0300 [DEBUG] [io.spring.gradle.dependencymanagement.internal.VersionConfiguringAction] Using version '7.0.8' for dependency 'org.springframework:spring-core:7.0.8'
2026-08-21T16:48:36.632-0300 [DEBUG] [org.gradle.api.internal.artifacts.ivyservice.ivyresolve.RepositoryChainComponentMetaDataResolver] Attempting to resolve component for org.springframework:spring-beans:7.0.8 using repositories [MavenRepo]
2026-08-21T16:48:36.632-0300 [DEBUG] [org.gradle.api.internal.artifacts.ivyservice.ivyresolve.CachingModuleComponentRepository] Using cached module metadata for module 'org.springframework:spring-beans:7.0.8' in 'MavenRepo'
2026-08-21T16:48:36.632-0300 [DEBUG] [org.gradle.api.internal.artifacts.ivyservice.ivyresolve.RepositoryChainComponentMetaDataResolver] Using org.springframework:spring-beans:7.0.8 from org.gradle.api.internal.artifacts.ivyservice.ivyresolve.FilteredModuleComponentRepository@58a7b1a4
2026-08-21T16:48:36.632-0300 [DEBUG] [org.gradle.api.internal.artifacts.ivyservice.ivyresolve.RepositoryChainComponentMetaDataResolver] Attempting to resolve component for org.springframework:spring-core:7.0.8 using repositories [MavenRepo]
2026-08-21T16:48:36.632-0300 [DEBUG] [org.gradle.api.internal.artifacts.ivyservice.ivyresolve.CachingModuleComponentRepository] Using cached module metadata for module 'org.springframework:spring-core:7.0.8' in 'MavenRepo'
2026-08-21T16:48:36.632-0300 [DEBUG] [org.gradle.api.internal.artifacts.ivyservice.ivyresolve.RepositoryChainComponentMetaDataResolver] Using org.springframework:spring-core:7.0.8 from org.gradle.api.internal.artifacts.ivyservice.ivyresolve.FilteredModuleComponentRepository@58a7b1a4
2026-08-21T16:48:36.632-0300 [DEBUG] [io.spring.gradle.dependencymanagement.internal.VersionConfiguringAction] Processing requested dependency 'ch.qos.logback:logback-core:1.5.34' with target 'ch.qos.logback:logback-core:1.5.34
2026-08-21T16:48:36.632-0300 [DEBUG] [io.spring.gradle.dependencymanagement.internal.DependencyManagementContainer] Found managed version '1.5.34' for dependency 'ch.qos.logback:logback-core' in global dependency management
2026-08-21T16:48:36.632-0300 [DEBUG] [io.spring.gradle.dependencymanagement.internal.VersionConfiguringAction] Using version '1.5.34' for dependency 'ch.qos.logback:logback-core:1.5.34'
2026-08-21T16:48:36.632-0300 [DEBUG] [io.spring.gradle.dependencymanagement.internal.VersionConfiguringAction] Processing requested dependency 'org.slf4j:slf4j-api:2.0.17' with target 'org.slf4j:slf4j-api:2.0.17
2026-08-21T16:48:36.632-0300 [DEBUG] [io.spring.gradle.dependencymanagement.internal.DependencyManagementContainer] Found managed version '2.0.18' for dependency 'org.slf4j:slf4j-api' in global dependency management
2026-08-21T16:48:36.632-0300 [DEBUG] [io.spring.gradle.dependencymanagement.internal.VersionConfiguringAction] Using version '2.0.18' for dependency 'org.slf4j:slf4j-api:2.0.17'
2026-08-21T16:48:36.632-0300 [DEBUG] [org.gradle.api.internal.artifacts.ivyservice.ivyresolve.RepositoryChainComponentMetaDataResolver] Attempting to resolve component for ch.qos.logback:logback-core:1.5.34 using repositories [MavenRepo]
2026-08-21T16:48:36.632-0300 [DEBUG] [org.gradle.api.internal.artifacts.ivyservice.ivyresolve.CachingModuleComponentRepository] Using cached module metadata for module 'ch.qos.logback:logback-core:1.5.34' in 'MavenRepo'
2026-08-21T16:48:36.632-0300 [DEBUG] [org.gradle.api.internal.artifacts.ivyservice.ivyresolve.RepositoryChainComponentMetaDataResolver] Using ch.qos.logback:logback-core:1.5.34 from org.gradle.api.internal.artifacts.ivyservice.ivyresolve.FilteredModuleComponentRepository@58a7b1a4
2026-08-21T16:48:36.632-0300 [DEBUG] [org.gradle.api.internal.artifacts.ivyservice.ivyresolve.RepositoryChainComponentMetaDataResolver] Attempting to resolve component for org.slf4j:slf4j-api:2.0.18 using repositories [MavenRepo]
2026-08-21T16:48:36.632-0300 [DEBUG] [org.gradle.api.internal.artifacts.ivyservice.ivyresolve.CachingModuleComponentRepository] Using cached module metadata for module 'org.slf4j:slf4j-api:2.0.18' in 'MavenRepo'
2026-08-21T16:48:36.632-0300 [DEBUG] [org.gradle.api.internal.artifacts.ivyservice.ivyresolve.RepositoryChainComponentMetaDataResolver] Using org.slf4j:slf4j-api:2.0.18 from org.gradle.api.internal.artifacts.ivyservice.ivyresolve.FilteredModuleComponentRepository@58a7b1a4
2026-08-21T16:48:36.632-0300 [DEBUG] [io.spring.gradle.dependencymanagement.internal.VersionConfiguringAction] Processing requested dependency 'org.apache.logging.log4j:log4j-api:2.25.4' with target 'org.apache.logging.log4j:log4j-api:2.25.4
2026-08-21T16:48:36.632-0300 [DEBUG] [io.spring.gradle.dependencymanagement.internal.DependencyManagementContainer] Found managed version '2.25.4' for dependency 'org.apache.logging.log4j:log4j-api' in global dependency management
2026-08-21T16:48:36.632-0300 [DEBUG] [io.spring.gradle.dependencymanagement.internal.VersionConfiguringAction] Using version '2.25.4' for dependency 'org.apache.logging.log4j:log4j-api:2.25.4'
2026-08-21T16:48:36.632-0300 [DEBUG] [io.spring.gradle.dependencymanagement.internal.VersionConfiguringAction] Processing requested dependency 'org.jspecify:jspecify:1.0.0' with target 'org.jspecify:jspecify:1.0.0
2026-08-21T16:48:36.632-0300 [DEBUG] [io.spring.gradle.dependencymanagement.internal.DependencyManagementContainer] Found managed version '1.0.0' for dependency 'org.jspecify:jspecify' in global dependency management
2026-08-21T16:48:36.632-0300 [DEBUG] [io.spring.gradle.dependencymanagement.internal.VersionConfiguringAction] Using version '1.0.0' for dependency 'org.jspecify:jspecify:1.0.0'
2026-08-21T16:48:36.632-0300 [DEBUG] [io.spring.gradle.dependencymanagement.internal.VersionConfiguringAction] Processing requested dependency 'biz.aQute.bnd:biz.aQute.bnd.annotation:7.1.0' with target 'biz.aQute.bnd:biz.aQute.bnd.annotation:7.1.0
2026-08-21T16:48:36.632-0300 [DEBUG] [io.spring.gradle.dependencymanagement.internal.VersionConfiguringAction] No dependency management for dependency 'biz.aQute.bnd:biz.aQute.bnd.annotation:7.1.0'
2026-08-21T16:48:36.633-0300 [DEBUG] [io.spring.gradle.dependencymanagement.internal.VersionConfiguringAction] Processing requested dependency 'com.google.errorprone:error_prone_annotations:2.38.0' with target 'com.google.errorprone:error_prone_annotations:2.38.0
2026-08-21T16:48:36.633-0300 [DEBUG] [io.spring.gradle.dependencymanagement.internal.VersionConfiguringAction] No dependency management for dependency 'com.google.errorprone:error_prone_annotations:2.38.0'
2026-08-21T16:48:36.633-0300 [DEBUG] [io.spring.gradle.dependencymanagement.internal.VersionConfiguringAction] Processing requested dependency 'org.osgi:org.osgi.annotation.bundle:2.0.0' with target 'org.osgi:org.osgi.annotation.bundle:2.0.0
2026-08-21T16:48:36.633-0300 [DEBUG] [io.spring.gradle.dependencymanagement.internal.VersionConfiguringAction] No dependency management for dependency 'org.osgi:org.osgi.annotation.bundle:2.0.0'
2026-08-21T16:48:36.633-0300 [DEBUG] [io.spring.gradle.dependencymanagement.internal.VersionConfiguringAction] Processing requested dependency 'org.osgi:org.osgi.annotation.versioning:1.1.2' with target 'org.osgi:org.osgi.annotation.versioning:1.1.2
2026-08-21T16:48:36.633-0300 [DEBUG] [io.spring.gradle.dependencymanagement.internal.VersionConfiguringAction] No dependency management for dependency 'org.osgi:org.osgi.annotation.versioning:1.1.2'
2026-08-21T16:48:36.635-0300 [DEBUG] [org.gradle.api.internal.artifacts.ivyservice.ivyresolve.RepositoryChainComponentMetaDataResolver] Attempting to resolve component for org.apache.logging.log4j:log4j-api:2.25.4 using repositories [MavenRepo]
2026-08-21T16:48:36.635-0300 [DEBUG] [org.gradle.api.internal.artifacts.ivyservice.ivyresolve.CachingModuleComponentRepository] Using cached module metadata for module 'org.apache.logging.log4j:log4j-api:2.25.4' in 'MavenRepo'
2026-08-21T16:48:36.635-0300 [DEBUG] [org.gradle.api.internal.artifacts.ivyservice.ivyresolve.RepositoryChainComponentMetaDataResolver] Using org.apache.logging.log4j:log4j-api:2.25.4 from org.gradle.api.internal.artifacts.ivyservice.ivyresolve.FilteredModuleComponentRepository@58a7b1a4
2026-08-21T16:48:36.635-0300 [DEBUG] [org.gradle.api.internal.artifacts.ivyservice.ivyresolve.RepositoryChainComponentMetaDataResolver] Attempting to resolve component for org.jspecify:jspecify:1.0.0 using repositories [MavenRepo]
2026-08-21T16:48:36.635-0300 [DEBUG] [org.gradle.api.internal.artifacts.ivyservice.ivyresolve.CachingModuleComponentRepository] Using cached module metadata for module 'org.jspecify:jspecify:1.0.0' in 'MavenRepo'
2026-08-21T16:48:36.635-0300 [DEBUG] [org.gradle.api.internal.artifacts.ivyservice.ivyresolve.RepositoryChainComponentMetaDataResolver] Using org.jspecify:jspecify:1.0.0 from org.gradle.api.internal.artifacts.ivyservice.ivyresolve.FilteredModuleComponentRepository@58a7b1a4
2026-08-21T16:48:36.635-0300 [DEBUG] [org.gradle.internal.component.model.LoggingAttributeMatchingExplanationBuilder] Candidate {org.gradle.category=library, org.gradle.dependency.bundling=external, org.gradle.jvm.version=8, org.gradle.libraryelements=jar, org.gradle.status=release, org.gradle.usage=java-api} doesn't have attribute org.gradle.jvm.environment
2026-08-21T16:48:36.635-0300 [DEBUG] [org.gradle.internal.component.model.LoggingAttributeMatchingExplanationBuilder] Candidate {org.gradle.category=library, org.gradle.dependency.bundling=external, org.gradle.jvm.version=8, org.gradle.libraryelements=jar, org.gradle.status=release, org.gradle.usage=java-runtime} doesn't have attribute org.gradle.jvm.environment
2026-08-21T16:48:36.635-0300 [DEBUG] [org.gradle.internal.component.model.LoggingAttributeMatchingExplanationBuilder] Candidate {org.gradle.category=documentation, org.gradle.dependency.bundling=external, org.gradle.docstype=javadoc, org.gradle.status=release, org.gradle.usage=java-runtime} attribute org.gradle.category value org.gradle.category=documentation doesn't requested value library
2026-08-21T16:48:36.635-0300 [DEBUG] [org.gradle.internal.component.model.LoggingAttributeMatchingExplanationBuilder] Candidate {org.gradle.category=documentation, org.gradle.dependency.bundling=external, org.gradle.docstype=sources, org.gradle.status=release, org.gradle.usage=java-runtime} attribute org.gradle.category value org.gradle.category=documentation doesn't requested value library
2026-08-21T16:48:36.635-0300 [DEBUG] [org.gradle.api.internal.attributes.matching.DefaultAttributeMatcher] Selected matches [0] from candidates [{org.gradle.category=library, org.gradle.dependency.bundling=external, org.gradle.jvm.version=8, org.gradle.libraryelements=jar, org.gradle.status=release, org.gradle.usage=java-api}, {org.gradle.category=library, org.gradle.dependency.bundling=external, org.gradle.jvm.version=8, org.gradle.libraryelements=jar, org.gradle.status=release, org.gradle.usage=java-runtime}, {org.gradle.category=documentation, org.gradle.dependency.bundling=external, org.gradle.docstype=javadoc, org.gradle.status=release, org.gradle.usage=java-runtime}, {org.gradle.category=documentation, org.gradle.dependency.bundling=external, org.gradle.docstype=sources, org.gradle.status=release, org.gradle.usage=java-runtime}] for {org.gradle.category=library, org.gradle.dependency.bundling=external, org.gradle.jvm.environment=standard-jvm, org.gradle.jvm.version=21, org.gradle.libraryelements=classes, org.gradle.usage=java-api}
2026-08-21T16:48:36.635-0300 [DEBUG] [org.gradle.api.internal.artifacts.ivyservice.ivyresolve.RepositoryChainComponentMetaDataResolver] Attempting to resolve component for biz.aQute.bnd:biz.aQute.bnd.annotation:7.1.0 using repositories [MavenRepo]
2026-08-21T16:48:36.635-0300 [DEBUG] [org.gradle.api.internal.artifacts.ivyservice.ivyresolve.CachingModuleComponentRepository] Using cached module metadata for module 'biz.aQute.bnd:biz.aQute.bnd.annotation:7.1.0' in 'MavenRepo'
2026-08-21T16:48:36.636-0300 [DEBUG] [org.gradle.api.internal.artifacts.ivyservice.ivyresolve.RepositoryChainComponentMetaDataResolver] Using biz.aQute.bnd:biz.aQute.bnd.annotation:7.1.0 from org.gradle.api.internal.artifacts.ivyservice.ivyresolve.FilteredModuleComponentRepository@58a7b1a4
2026-08-21T16:48:36.636-0300 [DEBUG] [org.gradle.api.internal.artifacts.ivyservice.ivyresolve.RepositoryChainComponentMetaDataResolver] Attempting to resolve component for com.google.errorprone:error_prone_annotations:2.38.0 using repositories [MavenRepo]
2026-08-21T16:48:36.636-0300 [DEBUG] [org.gradle.api.internal.artifacts.ivyservice.ivyresolve.CachingModuleComponentRepository] Using cached module metadata for module 'com.google.errorprone:error_prone_annotations:2.38.0' in 'MavenRepo'
2026-08-21T16:48:36.636-0300 [DEBUG] [org.gradle.api.internal.artifacts.ivyservice.ivyresolve.RepositoryChainComponentMetaDataResolver] Using com.google.errorprone:error_prone_annotations:2.38.0 from org.gradle.api.internal.artifacts.ivyservice.ivyresolve.FilteredModuleComponentRepository@58a7b1a4
2026-08-21T16:48:36.636-0300 [DEBUG] [org.gradle.api.internal.artifacts.ivyservice.ivyresolve.RepositoryChainComponentMetaDataResolver] Attempting to resolve component for org.osgi:org.osgi.annotation.bundle:2.0.0 using repositories [MavenRepo]
2026-08-21T16:48:36.636-0300 [DEBUG] [org.gradle.api.internal.artifacts.ivyservice.ivyresolve.CachingModuleComponentRepository] Using cached module metadata for module 'org.osgi:org.osgi.annotation.bundle:2.0.0' in 'MavenRepo'
2026-08-21T16:48:36.636-0300 [DEBUG] [org.gradle.api.internal.artifacts.ivyservice.ivyresolve.RepositoryChainComponentMetaDataResolver] Using org.osgi:org.osgi.annotation.bundle:2.0.0 from org.gradle.api.internal.artifacts.ivyservice.ivyresolve.FilteredModuleComponentRepository@58a7b1a4
2026-08-21T16:48:36.636-0300 [DEBUG] [org.gradle.api.internal.artifacts.ivyservice.ivyresolve.RepositoryChainComponentMetaDataResolver] Attempting to resolve component for org.osgi:org.osgi.annotation.versioning:1.1.2 using repositories [MavenRepo]
2026-08-21T16:48:36.636-0300 [DEBUG] [org.gradle.api.internal.artifacts.ivyservice.ivyresolve.CachingModuleComponentRepository] Using cached module metadata for module 'org.osgi:org.osgi.annotation.versioning:1.1.2' in 'MavenRepo'
2026-08-21T16:48:36.636-0300 [DEBUG] [org.gradle.api.internal.artifacts.ivyservice.ivyresolve.RepositoryChainComponentMetaDataResolver] Using org.osgi:org.osgi.annotation.versioning:1.1.2 from org.gradle.api.internal.artifacts.ivyservice.ivyresolve.FilteredModuleComponentRepository@58a7b1a4
2026-08-21T16:48:36.636-0300 [DEBUG] [io.spring.gradle.dependencymanagement.internal.VersionConfiguringAction] Processing requested dependency 'org.slf4j:slf4j-api:2.0.18' with target 'org.slf4j:slf4j-api:2.0.18
2026-08-21T16:48:36.636-0300 [DEBUG] [io.spring.gradle.dependencymanagement.internal.DependencyManagementContainer] Found managed version '2.0.18' for dependency 'org.slf4j:slf4j-api' in global dependency management
2026-08-21T16:48:36.636-0300 [DEBUG] [io.spring.gradle.dependencymanagement.internal.VersionConfiguringAction] Using version '2.0.18' for dependency 'org.slf4j:slf4j-api:2.0.18'
2026-08-21T16:48:36.636-0300 [DEBUG] [io.spring.gradle.dependencymanagement.internal.VersionConfiguringAction] Processing requested dependency 'org.springframework:spring-context:7.0.8' with target 'org.springframework:spring-context:7.0.8
2026-08-21T16:48:36.636-0300 [DEBUG] [io.spring.gradle.dependencymanagement.internal.DependencyManagementContainer] Found managed version '7.0.8' for dependency 'org.springframework:spring-context' in global dependency management
2026-08-21T16:48:36.636-0300 [DEBUG] [io.spring.gradle.dependencymanagement.internal.VersionConfiguringAction] Using version '7.0.8' for dependency 'org.springframework:spring-context:7.0.8'
2026-08-21T16:48:36.636-0300 [DEBUG] [org.gradle.api.internal.artifacts.ivyservice.ivyresolve.RepositoryChainComponentMetaDataResolver] Attempting to resolve component for org.springframework:spring-context:7.0.8 using repositories [MavenRepo]
2026-08-21T16:48:36.636-0300 [DEBUG] [org.gradle.api.internal.artifacts.ivyservice.ivyresolve.CachingModuleComponentRepository] Using cached module metadata for module 'org.springframework:spring-context:7.0.8' in 'MavenRepo'
2026-08-21T16:48:36.636-0300 [DEBUG] [org.gradle.api.internal.artifacts.ivyservice.ivyresolve.RepositoryChainComponentMetaDataResolver] Using org.springframework:spring-context:7.0.8 from org.gradle.api.internal.artifacts.ivyservice.ivyresolve.FilteredModuleComponentRepository@58a7b1a4
2026-08-21T16:48:36.636-0300 [DEBUG] [io.spring.gradle.dependencymanagement.internal.VersionConfiguringAction] Processing requested dependency 'org.springframework.boot:spring-boot-web-server:4.1.0' with target 'org.springframework.boot:spring-boot-web-server:4.1.0
2026-08-21T16:48:36.636-0300 [DEBUG] [io.spring.gradle.dependencymanagement.internal.DependencyManagementContainer] Found managed version '4.1.0' for dependency 'org.springframework.boot:spring-boot-web-server' in global dependency management
2026-08-21T16:48:36.636-0300 [DEBUG] [io.spring.gradle.dependencymanagement.internal.VersionConfiguringAction] Using version '4.1.0' for dependency 'org.springframework.boot:spring-boot-web-server:4.1.0'
2026-08-21T16:48:36.636-0300 [DEBUG] [io.spring.gradle.dependencymanagement.internal.VersionConfiguringAction] Processing requested dependency 'org.apache.tomcat.embed:tomcat-embed-core:11.0.22' with target 'org.apache.tomcat.embed:tomcat-embed-core:11.0.22
2026-08-21T16:48:36.636-0300 [DEBUG] [io.spring.gradle.dependencymanagement.internal.DependencyManagementContainer] Found managed version '11.0.22' for dependency 'org.apache.tomcat.embed:tomcat-embed-core' in global dependency management
2026-08-21T16:48:36.636-0300 [DEBUG] [io.spring.gradle.dependencymanagement.internal.VersionConfiguringAction] Using version '11.0.22' for dependency 'org.apache.tomcat.embed:tomcat-embed-core:11.0.22'
2026-08-21T16:48:36.636-0300 [DEBUG] [io.spring.gradle.dependencymanagement.internal.VersionConfiguringAction] Processing requested dependency 'org.apache.tomcat.embed:tomcat-embed-el:11.0.22' with target 'org.apache.tomcat.embed:tomcat-embed-el:11.0.22
2026-08-21T16:48:36.636-0300 [DEBUG] [io.spring.gradle.dependencymanagement.internal.DependencyManagementContainer] Found managed version '11.0.22' for dependency 'org.apache.tomcat.embed:tomcat-embed-el' in global dependency management
2026-08-21T16:48:36.636-0300 [DEBUG] [io.spring.gradle.dependencymanagement.internal.VersionConfiguringAction] Using version '11.0.22' for dependency 'org.apache.tomcat.embed:tomcat-embed-el:11.0.22'
2026-08-21T16:48:36.636-0300 [DEBUG] [io.spring.gradle.dependencymanagement.internal.VersionConfiguringAction] Processing requested dependency 'org.apache.tomcat.embed:tomcat-embed-websocket:11.0.22' with target 'org.apache.tomcat.embed:tomcat-embed-websocket:11.0.22
2026-08-21T16:48:36.636-0300 [DEBUG] [io.spring.gradle.dependencymanagement.internal.DependencyManagementContainer] Found managed version '11.0.22' for dependency 'org.apache.tomcat.embed:tomcat-embed-websocket' in global dependency management
2026-08-21T16:48:36.636-0300 [DEBUG] [io.spring.gradle.dependencymanagement.internal.VersionConfiguringAction] Using version '11.0.22' for dependency 'org.apache.tomcat.embed:tomcat-embed-websocket:11.0.22'
2026-08-21T16:48:36.636-0300 [DEBUG] [org.gradle.api.internal.artifacts.ivyservice.ivyresolve.RepositoryChainComponentMetaDataResolver] Attempting to resolve component for org.springframework.boot:spring-boot-web-server:4.1.0 using repositories [MavenRepo]
2026-08-21T16:48:36.636-0300 [DEBUG] [org.gradle.api.internal.artifacts.ivyservice.ivyresolve.CachingModuleComponentRepository] Using cached module metadata for module 'org.springframework.boot:spring-boot-web-server:4.1.0' in 'MavenRepo'
2026-08-21T16:48:36.636-0300 [DEBUG] [org.gradle.api.internal.artifacts.ivyservice.ivyresolve.RepositoryChainComponentMetaDataResolver] Using org.springframework.boot:spring-boot-web-server:4.1.0 from org.gradle.api.internal.artifacts.ivyservice.ivyresolve.FilteredModuleComponentRepository@58a7b1a4
2026-08-21T16:48:36.636-0300 [DEBUG] [org.gradle.api.internal.artifacts.ivyservice.ivyresolve.RepositoryChainComponentMetaDataResolver] Attempting to resolve component for org.apache.tomcat.embed:tomcat-embed-core:11.0.22 using repositories [MavenRepo]
2026-08-21T16:48:36.636-0300 [DEBUG] [org.gradle.api.internal.artifacts.ivyservice.ivyresolve.CachingModuleComponentRepository] Using cached module metadata for module 'org.apache.tomcat.embed:tomcat-embed-core:11.0.22' in 'MavenRepo'
2026-08-21T16:48:36.636-0300 [DEBUG] [org.gradle.api.internal.artifacts.ivyservice.ivyresolve.RepositoryChainComponentMetaDataResolver] Using org.apache.tomcat.embed:tomcat-embed-core:11.0.22 from org.gradle.api.internal.artifacts.ivyservice.ivyresolve.FilteredModuleComponentRepository@58a7b1a4
2026-08-21T16:48:36.636-0300 [DEBUG] [org.gradle.api.internal.artifacts.ivyservice.ivyresolve.RepositoryChainComponentMetaDataResolver] Attempting to resolve component for org.apache.tomcat.embed:tomcat-embed-el:11.0.22 using repositories [MavenRepo]
2026-08-21T16:48:36.636-0300 [DEBUG] [org.gradle.api.internal.artifacts.ivyservice.ivyresolve.CachingModuleComponentRepository] Using cached module metadata for module 'org.apache.tomcat.embed:tomcat-embed-el:11.0.22' in 'MavenRepo'
2026-08-21T16:48:36.636-0300 [DEBUG] [org.gradle.api.internal.artifacts.ivyservice.ivyresolve.RepositoryChainComponentMetaDataResolver] Using org.apache.tomcat.embed:tomcat-embed-el:11.0.22 from org.gradle.api.internal.artifacts.ivyservice.ivyresolve.FilteredModuleComponentRepository@58a7b1a4
2026-08-21T16:48:36.636-0300 [DEBUG] [org.gradle.api.internal.artifacts.ivyservice.ivyresolve.RepositoryChainComponentMetaDataResolver] Attempting to resolve component for org.apache.tomcat.embed:tomcat-embed-websocket:11.0.22 using repositories [MavenRepo]
2026-08-21T16:48:36.636-0300 [DEBUG] [org.gradle.api.internal.artifacts.ivyservice.ivyresolve.CachingModuleComponentRepository] Using cached module metadata for module 'org.apache.tomcat.embed:tomcat-embed-websocket:11.0.22' in 'MavenRepo'
2026-08-21T16:48:36.636-0300 [DEBUG] [org.gradle.api.internal.artifacts.ivyservice.ivyresolve.RepositoryChainComponentMetaDataResolver] Using org.apache.tomcat.embed:tomcat-embed-websocket:11.0.22 from org.gradle.api.internal.artifacts.ivyservice.ivyresolve.FilteredModuleComponentRepository@58a7b1a4
2026-08-21T16:48:36.637-0300 [DEBUG] [io.spring.gradle.dependencymanagement.internal.VersionConfiguringAction] Processing requested dependency 'io.micrometer:micrometer-observation:1.16.6' with target 'io.micrometer:micrometer-observation:1.16.6
2026-08-21T16:48:36.637-0300 [DEBUG] [io.spring.gradle.dependencymanagement.internal.DependencyManagementContainer] Found managed version '1.17.0' for dependency 'io.micrometer:micrometer-observation' in global dependency management
2026-08-21T16:48:36.637-0300 [DEBUG] [io.spring.gradle.dependencymanagement.internal.VersionConfiguringAction] Using version '1.17.0' for dependency 'io.micrometer:micrometer-observation:1.16.6'
2026-08-21T16:48:36.637-0300 [DEBUG] [org.gradle.api.internal.artifacts.ivyservice.ivyresolve.RepositoryChainComponentMetaDataResolver] Attempting to resolve component for io.micrometer:micrometer-observation:1.17.0 using repositories [MavenRepo]
2026-08-21T16:48:36.637-0300 [DEBUG] [org.gradle.api.internal.artifacts.ivyservice.ivyresolve.CachingModuleComponentRepository] Using cached module metadata for module 'io.micrometer:micrometer-observation:1.17.0' in 'MavenRepo'
2026-08-21T16:48:36.637-0300 [DEBUG] [org.gradle.api.internal.artifacts.ivyservice.ivyresolve.RepositoryChainComponentMetaDataResolver] Using io.micrometer:micrometer-observation:1.17.0 from org.gradle.api.internal.artifacts.ivyservice.ivyresolve.FilteredModuleComponentRepository@58a7b1a4
2026-08-21T16:48:36.637-0300 [DEBUG] [io.spring.gradle.dependencymanagement.internal.VersionConfiguringAction] Processing requested dependency 'org.springframework:spring-aop:7.0.8' with target 'org.springframework:spring-aop:7.0.8
2026-08-21T16:48:36.637-0300 [DEBUG] [io.spring.gradle.dependencymanagement.internal.DependencyManagementContainer] Found managed version '7.0.8' for dependency 'org.springframework:spring-aop' in global dependency management
2026-08-21T16:48:36.637-0300 [DEBUG] [io.spring.gradle.dependencymanagement.internal.VersionConfiguringAction] Using version '7.0.8' for dependency 'org.springframework:spring-aop:7.0.8'
2026-08-21T16:48:36.637-0300 [DEBUG] [io.spring.gradle.dependencymanagement.internal.VersionConfiguringAction] Processing requested dependency 'org.springframework:spring-expression:7.0.8' with target 'org.springframework:spring-expression:7.0.8
2026-08-21T16:48:36.637-0300 [DEBUG] [io.spring.gradle.dependencymanagement.internal.DependencyManagementContainer] Found managed version '7.0.8' for dependency 'org.springframework:spring-expression' in global dependency management
2026-08-21T16:48:36.637-0300 [DEBUG] [io.spring.gradle.dependencymanagement.internal.VersionConfiguringAction] Using version '7.0.8' for dependency 'org.springframework:spring-expression:7.0.8'
2026-08-21T16:48:36.637-0300 [DEBUG] [org.gradle.api.internal.artifacts.ivyservice.ivyresolve.RepositoryChainComponentMetaDataResolver] Attempting to resolve component for org.springframework:spring-aop:7.0.8 using repositories [MavenRepo]
2026-08-21T16:48:36.637-0300 [DEBUG] [org.gradle.api.internal.artifacts.ivyservice.ivyresolve.CachingModuleComponentRepository] Using cached module metadata for module 'org.springframework:spring-aop:7.0.8' in 'MavenRepo'
2026-08-21T16:48:36.637-0300 [DEBUG] [org.gradle.api.internal.artifacts.ivyservice.ivyresolve.RepositoryChainComponentMetaDataResolver] Using org.springframework:spring-aop:7.0.8 from org.gradle.api.internal.artifacts.ivyservice.ivyresolve.FilteredModuleComponentRepository@58a7b1a4
2026-08-21T16:48:36.637-0300 [DEBUG] [org.gradle.api.internal.artifacts.ivyservice.ivyresolve.RepositoryChainComponentMetaDataResolver] Attempting to resolve component for org.springframework:spring-expression:7.0.8 using repositories [MavenRepo]
2026-08-21T16:48:36.637-0300 [DEBUG] [org.gradle.api.internal.artifacts.ivyservice.ivyresolve.CachingModuleComponentRepository] Using cached module metadata for module 'org.springframework:spring-expression:7.0.8' in 'MavenRepo'
2026-08-21T16:48:36.637-0300 [DEBUG] [org.gradle.api.internal.artifacts.ivyservice.ivyresolve.RepositoryChainComponentMetaDataResolver] Using org.springframework:spring-expression:7.0.8 from org.gradle.api.internal.artifacts.ivyservice.ivyresolve.FilteredModuleComponentRepository@58a7b1a4
2026-08-21T16:48:36.637-0300 [DEBUG] [io.spring.gradle.dependencymanagement.internal.VersionConfiguringAction] Processing requested dependency 'org.springframework.boot:spring-boot-persistence:4.1.0' with target 'org.springframework.boot:spring-boot-persistence:4.1.0
2026-08-21T16:48:36.637-0300 [DEBUG] [io.spring.gradle.dependencymanagement.internal.DependencyManagementContainer] Found managed version '4.1.0' for dependency 'org.springframework.boot:spring-boot-persistence' in global dependency management
2026-08-21T16:48:36.637-0300 [DEBUG] [io.spring.gradle.dependencymanagement.internal.VersionConfiguringAction] Using version '4.1.0' for dependency 'org.springframework.boot:spring-boot-persistence:4.1.0'
2026-08-21T16:48:36.637-0300 [DEBUG] [io.spring.gradle.dependencymanagement.internal.VersionConfiguringAction] Processing requested dependency 'org.springframework.data:spring-data-commons:4.1.0' with target 'org.springframework.data:spring-data-commons:4.1.0
2026-08-21T16:48:36.637-0300 [DEBUG] [io.spring.gradle.dependencymanagement.internal.DependencyManagementContainer] Found managed version '4.1.0' for dependency 'org.springframework.data:spring-data-commons' in global dependency management
2026-08-21T16:48:36.637-0300 [DEBUG] [io.spring.gradle.dependencymanagement.internal.VersionConfiguringAction] Using version '4.1.0' for dependency 'org.springframework.data:spring-data-commons:4.1.0'
2026-08-21T16:48:36.637-0300 [DEBUG] [org.gradle.api.internal.artifacts.ivyservice.ivyresolve.RepositoryChainComponentMetaDataResolver] Attempting to resolve component for org.springframework.boot:spring-boot-persistence:4.1.0 using repositories [MavenRepo]
2026-08-21T16:48:36.637-0300 [DEBUG] [org.gradle.api.internal.artifacts.ivyservice.ivyresolve.CachingModuleComponentRepository] Using cached module metadata for module 'org.springframework.boot:spring-boot-persistence:4.1.0' in 'MavenRepo'
2026-08-21T16:48:36.637-0300 [DEBUG] [org.gradle.api.internal.artifacts.ivyservice.ivyresolve.RepositoryChainComponentMetaDataResolver] Using org.springframework.boot:spring-boot-persistence:4.1.0 from org.gradle.api.internal.artifacts.ivyservice.ivyresolve.FilteredModuleComponentRepository@58a7b1a4
2026-08-21T16:48:36.637-0300 [DEBUG] [org.gradle.api.internal.artifacts.ivyservice.ivyresolve.RepositoryChainComponentMetaDataResolver] Attempting to resolve component for org.springframework.data:spring-data-commons:4.1.0 using repositories [MavenRepo]
2026-08-21T16:48:36.637-0300 [DEBUG] [org.gradle.api.internal.artifacts.ivyservice.ivyresolve.CachingModuleComponentRepository] Using cached module metadata for module 'org.springframework.data:spring-data-commons:4.1.0' in 'MavenRepo'
2026-08-21T16:48:36.637-0300 [DEBUG] [org.gradle.api.internal.artifacts.ivyservice.ivyresolve.RepositoryChainComponentMetaDataResolver] Using org.springframework.data:spring-data-commons:4.1.0 from org.gradle.api.internal.artifacts.ivyservice.ivyresolve.FilteredModuleComponentRepository@58a7b1a4
2026-08-21T16:48:36.637-0300 [DEBUG] [io.spring.gradle.dependencymanagement.internal.VersionConfiguringAction] Processing requested dependency 'org.springframework.boot:spring-boot-jpa:4.1.0' with target 'org.springframework.boot:spring-boot-jpa:4.1.0
2026-08-21T16:48:36.637-0300 [DEBUG] [io.spring.gradle.dependencymanagement.internal.DependencyManagementContainer] Found managed version '4.1.0' for dependency 'org.springframework.boot:spring-boot-jpa' in global dependency management
2026-08-21T16:48:36.637-0300 [DEBUG] [io.spring.gradle.dependencymanagement.internal.VersionConfiguringAction] Using version '4.1.0' for dependency 'org.springframework.boot:spring-boot-jpa:4.1.0'
2026-08-21T16:48:36.637-0300 [DEBUG] [io.spring.gradle.dependencymanagement.internal.VersionConfiguringAction] Processing requested dependency 'org.hibernate.orm:hibernate-core:7.4.1.Final' with target 'org.hibernate.orm:hibernate-core:7.4.1.Final
2026-08-21T16:48:36.637-0300 [DEBUG] [io.spring.gradle.dependencymanagement.internal.DependencyManagementContainer] Found managed version '7.4.1.Final' for dependency 'org.hibernate.orm:hibernate-core' in global dependency management
2026-08-21T16:48:36.637-0300 [DEBUG] [io.spring.gradle.dependencymanagement.internal.VersionConfiguringAction] Using version '7.4.1.Final' for dependency 'org.hibernate.orm:hibernate-core:7.4.1.Final'
2026-08-21T16:48:36.637-0300 [DEBUG] [io.spring.gradle.dependencymanagement.internal.VersionConfiguringAction] Processing requested dependency 'org.springframework:spring-orm:7.0.8' with target 'org.springframework:spring-orm:7.0.8
2026-08-21T16:48:36.637-0300 [DEBUG] [io.spring.gradle.dependencymanagement.internal.DependencyManagementContainer] Found managed version '7.0.8' for dependency 'org.springframework:spring-orm' in global dependency management
2026-08-21T16:48:36.637-0300 [DEBUG] [io.spring.gradle.dependencymanagement.internal.VersionConfiguringAction] Using version '7.0.8' for dependency 'org.springframework:spring-orm:7.0.8'
2026-08-21T16:48:36.637-0300 [DEBUG] [org.gradle.api.internal.artifacts.ivyservice.ivyresolve.RepositoryChainComponentMetaDataResolver] Attempting to resolve component for org.springframework.boot:spring-boot-jpa:4.1.0 using repositories [MavenRepo]
2026-08-21T16:48:36.637-0300 [DEBUG] [org.gradle.api.internal.artifacts.ivyservice.ivyresolve.CachingModuleComponentRepository] Using cached module metadata for module 'org.springframework.boot:spring-boot-jpa:4.1.0' in 'MavenRepo'
2026-08-21T16:48:36.637-0300 [DEBUG] [org.gradle.api.internal.artifacts.ivyservice.ivyresolve.RepositoryChainComponentMetaDataResolver] Using org.springframework.boot:spring-boot-jpa:4.1.0 from org.gradle.api.internal.artifacts.ivyservice.ivyresolve.FilteredModuleComponentRepository@58a7b1a4
2026-08-21T16:48:36.637-0300 [DEBUG] [org.gradle.api.internal.artifacts.ivyservice.ivyresolve.RepositoryChainComponentMetaDataResolver] Attempting to resolve component for org.hibernate.orm:hibernate-core:7.4.1.Final using repositories [MavenRepo]
2026-08-21T16:48:36.637-0300 [DEBUG] [org.gradle.api.internal.artifacts.ivyservice.ivyresolve.CachingModuleComponentRepository] Using cached module metadata for module 'org.hibernate.orm:hibernate-core:7.4.1.Final' in 'MavenRepo'
2026-08-21T16:48:36.637-0300 [DEBUG] [org.gradle.api.internal.artifacts.ivyservice.ivyresolve.RepositoryChainComponentMetaDataResolver] Using org.hibernate.orm:hibernate-core:7.4.1.Final from org.gradle.api.internal.artifacts.ivyservice.ivyresolve.FilteredModuleComponentRepository@58a7b1a4
2026-08-21T16:48:36.637-0300 [DEBUG] [org.gradle.api.internal.artifacts.ivyservice.ivyresolve.RepositoryChainComponentMetaDataResolver] Attempting to resolve component for org.springframework:spring-orm:7.0.8 using repositories [MavenRepo]
2026-08-21T16:48:36.637-0300 [DEBUG] [org.gradle.api.internal.artifacts.ivyservice.ivyresolve.CachingModuleComponentRepository] Using cached module metadata for module 'org.springframework:spring-orm:7.0.8' in 'MavenRepo'
2026-08-21T16:48:36.638-0300 [DEBUG] [org.gradle.api.internal.artifacts.ivyservice.ivyresolve.RepositoryChainComponentMetaDataResolver] Using org.springframework:spring-orm:7.0.8 from org.gradle.api.internal.artifacts.ivyservice.ivyresolve.FilteredModuleComponentRepository@58a7b1a4
2026-08-21T16:48:36.638-0300 [DEBUG] [io.spring.gradle.dependencymanagement.internal.VersionConfiguringAction] Processing requested dependency 'org.springframework:spring-tx:7.0.8' with target 'org.springframework:spring-tx:7.0.8
2026-08-21T16:48:36.638-0300 [DEBUG] [io.spring.gradle.dependencymanagement.internal.DependencyManagementContainer] Found managed version '7.0.8' for dependency 'org.springframework:spring-tx' in global dependency management
2026-08-21T16:48:36.638-0300 [DEBUG] [io.spring.gradle.dependencymanagement.internal.VersionConfiguringAction] Using version '7.0.8' for dependency 'org.springframework:spring-tx:7.0.8'
2026-08-21T16:48:36.638-0300 [DEBUG] [io.spring.gradle.dependencymanagement.internal.VersionConfiguringAction] Processing requested dependency 'org.antlr:antlr4-runtime:4.13.2' with target 'org.antlr:antlr4-runtime:4.13.2
2026-08-21T16:48:36.638-0300 [DEBUG] [io.spring.gradle.dependencymanagement.internal.VersionConfiguringAction] No dependency management for dependency 'org.antlr:antlr4-runtime:4.13.2'
2026-08-21T16:48:36.638-0300 [DEBUG] [io.spring.gradle.dependencymanagement.internal.VersionConfiguringAction] Processing requested dependency 'jakarta.annotation:jakarta.annotation-api:2.0.0' with target 'jakarta.annotation:jakarta.annotation-api:2.0.0
2026-08-21T16:48:36.638-0300 [DEBUG] [io.spring.gradle.dependencymanagement.internal.DependencyManagementContainer] Found managed version '3.0.0' for dependency 'jakarta.annotation:jakarta.annotation-api' in global dependency management
2026-08-21T16:48:36.638-0300 [DEBUG] [io.spring.gradle.dependencymanagement.internal.VersionConfiguringAction] Using version '3.0.0' for dependency 'jakarta.annotation:jakarta.annotation-api:2.0.0'
2026-08-21T16:48:36.638-0300 [DEBUG] [org.gradle.api.internal.artifacts.ivyservice.ivyresolve.RepositoryChainComponentMetaDataResolver] Attempting to resolve component for org.springframework:spring-tx:7.0.8 using repositories [MavenRepo]
2026-08-21T16:48:36.638-0300 [DEBUG] [org.gradle.api.internal.artifacts.ivyservice.ivyresolve.CachingModuleComponentRepository] Using cached module metadata for module 'org.springframework:spring-tx:7.0.8' in 'MavenRepo'
2026-08-21T16:48:36.638-0300 [DEBUG] [org.gradle.api.internal.artifacts.ivyservice.ivyresolve.RepositoryChainComponentMetaDataResolver] Using org.springframework:spring-tx:7.0.8 from org.gradle.api.internal.artifacts.ivyservice.ivyresolve.FilteredModuleComponentRepository@58a7b1a4
2026-08-21T16:48:36.638-0300 [DEBUG] [org.gradle.api.internal.artifacts.ivyservice.ivyresolve.RepositoryChainComponentMetaDataResolver] Attempting to resolve component for org.antlr:antlr4-runtime:4.13.2 using repositories [MavenRepo]
2026-08-21T16:48:36.638-0300 [DEBUG] [org.gradle.api.internal.artifacts.ivyservice.ivyresolve.CachingModuleComponentRepository] Using cached module metadata for module 'org.antlr:antlr4-runtime:4.13.2' in 'MavenRepo'
2026-08-21T16:48:36.638-0300 [DEBUG] [org.gradle.api.internal.artifacts.ivyservice.ivyresolve.RepositoryChainComponentMetaDataResolver] Using org.antlr:antlr4-runtime:4.13.2 from org.gradle.api.internal.artifacts.ivyservice.ivyresolve.FilteredModuleComponentRepository@58a7b1a4
2026-08-21T16:48:36.638-0300 [DEBUG] [io.spring.gradle.dependencymanagement.internal.VersionConfiguringAction] Processing requested dependency 'org.aspectj:aspectjweaver:1.9.25' with target 'org.aspectj:aspectjweaver:1.9.25
2026-08-21T16:48:36.638-0300 [DEBUG] [io.spring.gradle.dependencymanagement.internal.DependencyManagementContainer] Found managed version '1.9.25.1' for dependency 'org.aspectj:aspectjweaver' in global dependency management
2026-08-21T16:48:36.638-0300 [DEBUG] [io.spring.gradle.dependencymanagement.internal.VersionConfiguringAction] Using version '1.9.25.1' for dependency 'org.aspectj:aspectjweaver:1.9.25'
2026-08-21T16:48:36.638-0300 [DEBUG] [org.gradle.api.internal.artifacts.ivyservice.ivyresolve.RepositoryChainComponentMetaDataResolver] Attempting to resolve component for org.aspectj:aspectjweaver:1.9.25.1 using repositories [MavenRepo]
2026-08-21T16:48:36.638-0300 [DEBUG] [org.gradle.api.internal.artifacts.ivyservice.ivyresolve.CachingModuleComponentRepository] Using cached module metadata for module 'org.aspectj:aspectjweaver:1.9.25.1' in 'MavenRepo'
2026-08-21T16:48:36.638-0300 [DEBUG] [org.gradle.api.internal.artifacts.ivyservice.ivyresolve.RepositoryChainComponentMetaDataResolver] Using org.aspectj:aspectjweaver:1.9.25.1 from org.gradle.api.internal.artifacts.ivyservice.ivyresolve.FilteredModuleComponentRepository@58a7b1a4
2026-08-21T16:48:36.638-0300 [DEBUG] [io.spring.gradle.dependencymanagement.internal.VersionConfiguringAction] Processing requested dependency 'redis.clients.authentication:redis-authx-core:0.1.1-beta2' with target 'redis.clients.authentication:redis-authx-core:0.1.1-beta2
2026-08-21T16:48:36.638-0300 [DEBUG] [io.spring.gradle.dependencymanagement.internal.VersionConfiguringAction] No dependency management for dependency 'redis.clients.authentication:redis-authx-core:0.1.1-beta2'
2026-08-21T16:48:36.638-0300 [DEBUG] [io.spring.gradle.dependencymanagement.internal.VersionConfiguringAction] Processing requested dependency 'io.netty:netty-common:4.2.13.Final' with target 'io.netty:netty-common:4.2.13.Final
2026-08-21T16:48:36.638-0300 [DEBUG] [io.spring.gradle.dependencymanagement.internal.DependencyManagementContainer] Found managed version '4.2.15.Final' for dependency 'io.netty:netty-common' in global dependency management
2026-08-21T16:48:36.638-0300 [DEBUG] [io.spring.gradle.dependencymanagement.internal.VersionConfiguringAction] Using version '4.2.15.Final' for dependency 'io.netty:netty-common:4.2.13.Final'
2026-08-21T16:48:36.638-0300 [DEBUG] [io.spring.gradle.dependencymanagement.internal.VersionConfiguringAction] Processing requested dependency 'io.netty:netty-handler:4.2.13.Final' with target 'io.netty:netty-handler:4.2.13.Final
2026-08-21T16:48:36.638-0300 [DEBUG] [io.spring.gradle.dependencymanagement.internal.DependencyManagementContainer] Found managed version '4.2.15.Final' for dependency 'io.netty:netty-handler' in global dependency management
2026-08-21T16:48:36.638-0300 [DEBUG] [io.spring.gradle.dependencymanagement.internal.VersionConfiguringAction] Using version '4.2.15.Final' for dependency 'io.netty:netty-handler:4.2.13.Final'
2026-08-21T16:48:36.638-0300 [DEBUG] [io.spring.gradle.dependencymanagement.internal.VersionConfiguringAction] Processing requested dependency 'io.netty:netty-transport:4.2.13.Final' with target 'io.netty:netty-transport:4.2.13.Final
2026-08-21T16:48:36.638-0300 [DEBUG] [io.spring.gradle.dependencymanagement.internal.DependencyManagementContainer] Found managed version '4.2.15.Final' for dependency 'io.netty:netty-transport' in global dependency management
2026-08-21T16:48:36.638-0300 [DEBUG] [io.spring.gradle.dependencymanagement.internal.VersionConfiguringAction] Using version '4.2.15.Final' for dependency 'io.netty:netty-transport:4.2.13.Final'
2026-08-21T16:48:36.638-0300 [DEBUG] [io.spring.gradle.dependencymanagement.internal.VersionConfiguringAction] Processing requested dependency 'io.projectreactor:reactor-core:3.6.6' with target 'io.projectreactor:reactor-core:3.6.6
2026-08-21T16:48:36.638-0300 [DEBUG] [io.spring.gradle.dependencymanagement.internal.DependencyManagementContainer] Found managed version '3.8.6' for dependency 'io.projectreactor:reactor-core' in global dependency management
2026-08-21T16:48:36.638-0300 [DEBUG] [io.spring.gradle.dependencymanagement.internal.VersionConfiguringAction] Using version '3.8.6' for dependency 'io.projectreactor:reactor-core:3.6.6'
2026-08-21T16:48:36.638-0300 [DEBUG] [io.spring.gradle.dependencymanagement.internal.VersionConfiguringAction] Processing requested dependency 'io.netty:netty-resolver-dns:4.2.13.Final' with target 'io.netty:netty-resolver-dns:4.2.13.Final
2026-08-21T16:48:36.638-0300 [DEBUG] [io.spring.gradle.dependencymanagement.internal.DependencyManagementContainer] Found managed version '4.2.15.Final' for dependency 'io.netty:netty-resolver-dns' in global dependency management
2026-08-21T16:48:36.638-0300 [DEBUG] [io.spring.gradle.dependencymanagement.internal.VersionConfiguringAction] Using version '4.2.15.Final' for dependency 'io.netty:netty-resolver-dns:4.2.13.Final'
2026-08-21T16:48:36.638-0300 [DEBUG] [org.gradle.api.internal.artifacts.ivyservice.ivyresolve.RepositoryChainComponentMetaDataResolver] Attempting to resolve component for redis.clients.authentication:redis-authx-core:0.1.1-beta2 using repositories [MavenRepo]
2026-08-21T16:48:36.638-0300 [DEBUG] [org.gradle.api.internal.artifacts.ivyservice.ivyresolve.CachingModuleComponentRepository] Using cached module metadata for module 'redis.clients.authentication:redis-authx-core:0.1.1-beta2' in 'MavenRepo'
2026-08-21T16:48:36.638-0300 [DEBUG] [org.gradle.api.internal.artifacts.ivyservice.ivyresolve.RepositoryChainComponentMetaDataResolver] Using redis.clients.authentication:redis-authx-core:0.1.1-beta2 from org.gradle.api.internal.artifacts.ivyservice.ivyresolve.FilteredModuleComponentRepository@58a7b1a4
2026-08-21T16:48:36.638-0300 [DEBUG] [org.gradle.api.internal.artifacts.ivyservice.ivyresolve.RepositoryChainComponentMetaDataResolver] Attempting to resolve component for io.netty:netty-common:4.2.15.Final using repositories [MavenRepo]
2026-08-21T16:48:36.638-0300 [DEBUG] [org.gradle.api.internal.artifacts.ivyservice.ivyresolve.CachingModuleComponentRepository] Using cached module metadata for module 'io.netty:netty-common:4.2.15.Final' in 'MavenRepo'
2026-08-21T16:48:36.638-0300 [DEBUG] [org.gradle.api.internal.artifacts.ivyservice.ivyresolve.RepositoryChainComponentMetaDataResolver] Using io.netty:netty-common:4.2.15.Final from org.gradle.api.internal.artifacts.ivyservice.ivyresolve.FilteredModuleComponentRepository@58a7b1a4
2026-08-21T16:48:36.639-0300 [DEBUG] [org.gradle.api.internal.artifacts.ivyservice.ivyresolve.RepositoryChainComponentMetaDataResolver] Attempting to resolve component for io.netty:netty-handler:4.2.15.Final using repositories [MavenRepo]
2026-08-21T16:48:36.639-0300 [DEBUG] [org.gradle.api.internal.artifacts.ivyservice.ivyresolve.CachingModuleComponentRepository] Using cached module metadata for module 'io.netty:netty-handler:4.2.15.Final' in 'MavenRepo'
2026-08-21T16:48:36.639-0300 [DEBUG] [org.gradle.api.internal.artifacts.ivyservice.ivyresolve.RepositoryChainComponentMetaDataResolver] Using io.netty:netty-handler:4.2.15.Final from org.gradle.api.internal.artifacts.ivyservice.ivyresolve.FilteredModuleComponentRepository@58a7b1a4
2026-08-21T16:48:36.639-0300 [DEBUG] [org.gradle.api.internal.artifacts.ivyservice.ivyresolve.RepositoryChainComponentMetaDataResolver] Attempting to resolve component for io.netty:netty-transport:4.2.15.Final using repositories [MavenRepo]
2026-08-21T16:48:36.639-0300 [DEBUG] [org.gradle.api.internal.artifacts.ivyservice.ivyresolve.CachingModuleComponentRepository] Using cached module metadata for module 'io.netty:netty-transport:4.2.15.Final' in 'MavenRepo'
2026-08-21T16:48:36.639-0300 [DEBUG] [org.gradle.api.internal.artifacts.ivyservice.ivyresolve.RepositoryChainComponentMetaDataResolver] Using io.netty:netty-transport:4.2.15.Final from org.gradle.api.internal.artifacts.ivyservice.ivyresolve.FilteredModuleComponentRepository@58a7b1a4
2026-08-21T16:48:36.639-0300 [DEBUG] [org.gradle.api.internal.artifacts.ivyservice.ivyresolve.RepositoryChainComponentMetaDataResolver] Attempting to resolve component for io.projectreactor:reactor-core:3.8.6 using repositories [MavenRepo]
2026-08-21T16:48:36.639-0300 [DEBUG] [org.gradle.api.internal.artifacts.ivyservice.ivyresolve.CachingModuleComponentRepository] Using cached module metadata for module 'io.projectreactor:reactor-core:3.8.6' in 'MavenRepo'
2026-08-21T16:48:36.639-0300 [DEBUG] [org.gradle.api.internal.artifacts.ivyservice.ivyresolve.RepositoryChainComponentMetaDataResolver] Using io.projectreactor:reactor-core:3.8.6 from org.gradle.api.internal.artifacts.ivyservice.ivyresolve.FilteredModuleComponentRepository@58a7b1a4
2026-08-21T16:48:36.639-0300 [DEBUG] [org.gradle.internal.component.model.LoggingAttributeMatchingExplanationBuilder] Candidate {org.gradle.category=library, org.gradle.dependency.bundling=external, org.gradle.jvm.version=8, org.gradle.libraryelements=jar, org.gradle.status=release, org.gradle.usage=java-api} doesn't have attribute org.gradle.jvm.environment
2026-08-21T16:48:36.639-0300 [DEBUG] [org.gradle.internal.component.model.LoggingAttributeMatchingExplanationBuilder] Candidate {org.gradle.category=library, org.gradle.dependency.bundling=external, org.gradle.jvm.version=8, org.gradle.libraryelements=jar, org.gradle.status=release, org.gradle.usage=java-runtime} doesn't have attribute org.gradle.jvm.environment
2026-08-21T16:48:36.639-0300 [DEBUG] [org.gradle.api.internal.attributes.matching.DefaultAttributeMatcher] Selected matches [0] from candidates [{org.gradle.category=library, org.gradle.dependency.bundling=external, org.gradle.jvm.version=8, org.gradle.libraryelements=jar, org.gradle.status=release, org.gradle.usage=java-api}, {org.gradle.category=library, org.gradle.dependency.bundling=external, org.gradle.jvm.version=8, org.gradle.libraryelements=jar, org.gradle.status=release, org.gradle.usage=java-runtime}] for {org.gradle.category=library, org.gradle.dependency.bundling=external, org.gradle.jvm.environment=standard-jvm, org.gradle.jvm.version=21, org.gradle.libraryelements=classes, org.gradle.usage=java-api}
2026-08-21T16:48:36.639-0300 [DEBUG] [org.gradle.api.internal.artifacts.ivyservice.ivyresolve.RepositoryChainComponentMetaDataResolver] Attempting to resolve component for io.netty:netty-resolver-dns:4.2.15.Final using repositories [MavenRepo]
2026-08-21T16:48:36.639-0300 [DEBUG] [org.gradle.api.internal.artifacts.ivyservice.ivyresolve.CachingModuleComponentRepository] Using cached module metadata for module 'io.netty:netty-resolver-dns:4.2.15.Final' in 'MavenRepo'
2026-08-21T16:48:36.639-0300 [DEBUG] [org.gradle.api.internal.artifacts.ivyservice.ivyresolve.RepositoryChainComponentMetaDataResolver] Using io.netty:netty-resolver-dns:4.2.15.Final from org.gradle.api.internal.artifacts.ivyservice.ivyresolve.FilteredModuleComponentRepository@58a7b1a4
2026-08-21T16:48:36.639-0300 [DEBUG] [io.spring.gradle.dependencymanagement.internal.VersionConfiguringAction] Processing requested dependency 'org.springframework.data:spring-data-keyvalue:4.1.0' with target 'org.springframework.data:spring-data-keyvalue:4.1.0
2026-08-21T16:48:36.639-0300 [DEBUG] [io.spring.gradle.dependencymanagement.internal.DependencyManagementContainer] Found managed version '4.1.0' for dependency 'org.springframework.data:spring-data-keyvalue' in global dependency management
2026-08-21T16:48:36.639-0300 [DEBUG] [io.spring.gradle.dependencymanagement.internal.VersionConfiguringAction] Using version '4.1.0' for dependency 'org.springframework.data:spring-data-keyvalue:4.1.0'
2026-08-21T16:48:36.639-0300 [DEBUG] [io.spring.gradle.dependencymanagement.internal.VersionConfiguringAction] Processing requested dependency 'org.springframework:spring-oxm:7.0.8' with target 'org.springframework:spring-oxm:7.0.8
2026-08-21T16:48:36.639-0300 [DEBUG] [io.spring.gradle.dependencymanagement.internal.DependencyManagementContainer] Found managed version '7.0.8' for dependency 'org.springframework:spring-oxm' in global dependency management
2026-08-21T16:48:36.639-0300 [DEBUG] [io.spring.gradle.dependencymanagement.internal.VersionConfiguringAction] Using version '7.0.8' for dependency 'org.springframework:spring-oxm:7.0.8'
2026-08-21T16:48:36.639-0300 [DEBUG] [io.spring.gradle.dependencymanagement.internal.VersionConfiguringAction] Processing requested dependency 'org.springframework:spring-context-support:7.0.8' with target 'org.springframework:spring-context-support:7.0.8
2026-08-21T16:48:36.639-0300 [DEBUG] [io.spring.gradle.dependencymanagement.internal.DependencyManagementContainer] Found managed version '7.0.8' for dependency 'org.springframework:spring-context-support' in global dependency management
2026-08-21T16:48:36.639-0300 [DEBUG] [io.spring.gradle.dependencymanagement.internal.VersionConfiguringAction] Using version '7.0.8' for dependency 'org.springframework:spring-context-support:7.0.8'
2026-08-21T16:48:36.639-0300 [DEBUG] [org.gradle.api.internal.artifacts.ivyservice.ivyresolve.RepositoryChainComponentMetaDataResolver] Attempting to resolve component for org.springframework.data:spring-data-keyvalue:4.1.0 using repositories [MavenRepo]
2026-08-21T16:48:36.639-0300 [DEBUG] [org.gradle.api.internal.artifacts.ivyservice.ivyresolve.CachingModuleComponentRepository] Using cached module metadata for module 'org.springframework.data:spring-data-keyvalue:4.1.0' in 'MavenRepo'
2026-08-21T16:48:36.639-0300 [DEBUG] [org.gradle.api.internal.artifacts.ivyservice.ivyresolve.RepositoryChainComponentMetaDataResolver] Using org.springframework.data:spring-data-keyvalue:4.1.0 from org.gradle.api.internal.artifacts.ivyservice.ivyresolve.FilteredModuleComponentRepository@58a7b1a4
2026-08-21T16:48:36.639-0300 [DEBUG] [org.gradle.api.internal.artifacts.ivyservice.ivyresolve.RepositoryChainComponentMetaDataResolver] Attempting to resolve component for org.springframework:spring-oxm:7.0.8 using repositories [MavenRepo]
2026-08-21T16:48:36.639-0300 [DEBUG] [org.gradle.api.internal.artifacts.ivyservice.ivyresolve.CachingModuleComponentRepository] Using cached module metadata for module 'org.springframework:spring-oxm:7.0.8' in 'MavenRepo'
2026-08-21T16:48:36.639-0300 [DEBUG] [org.gradle.api.internal.artifacts.ivyservice.ivyresolve.RepositoryChainComponentMetaDataResolver] Using org.springframework:spring-oxm:7.0.8 from org.gradle.api.internal.artifacts.ivyservice.ivyresolve.FilteredModuleComponentRepository@58a7b1a4
2026-08-21T16:48:36.639-0300 [DEBUG] [org.gradle.api.internal.artifacts.ivyservice.ivyresolve.RepositoryChainComponentMetaDataResolver] Attempting to resolve component for org.springframework:spring-context-support:7.0.8 using repositories [MavenRepo]
2026-08-21T16:48:36.639-0300 [DEBUG] [org.gradle.api.internal.artifacts.ivyservice.ivyresolve.CachingModuleComponentRepository] Using cached module metadata for module 'org.springframework:spring-context-support:7.0.8' in 'MavenRepo'
2026-08-21T16:48:36.639-0300 [DEBUG] [org.gradle.api.internal.artifacts.ivyservice.ivyresolve.RepositoryChainComponentMetaDataResolver] Using org.springframework:spring-context-support:7.0.8 from org.gradle.api.internal.artifacts.ivyservice.ivyresolve.FilteredModuleComponentRepository@58a7b1a4
2026-08-21T16:48:36.639-0300 [DEBUG] [io.spring.gradle.dependencymanagement.internal.VersionConfiguringAction] Processing requested dependency 'commons-logging:commons-logging:1.3.5' with target 'commons-logging:commons-logging:1.3.5
2026-08-21T16:48:36.639-0300 [DEBUG] [io.spring.gradle.dependencymanagement.internal.DependencyManagementContainer] Found managed version '1.3.6' for dependency 'commons-logging:commons-logging' in global dependency management
2026-08-21T16:48:36.639-0300 [DEBUG] [io.spring.gradle.dependencymanagement.internal.VersionConfiguringAction] Using version '1.3.6' for dependency 'commons-logging:commons-logging:1.3.5'
2026-08-21T16:48:36.639-0300 [DEBUG] [org.gradle.api.internal.artifacts.ivyservice.ivyresolve.RepositoryChainComponentMetaDataResolver] Attempting to resolve component for commons-logging:commons-logging:1.3.6 using repositories [MavenRepo]
2026-08-21T16:48:36.639-0300 [DEBUG] [org.gradle.api.internal.artifacts.ivyservice.ivyresolve.CachingModuleComponentRepository] Using cached module metadata for module 'commons-logging:commons-logging:1.3.6' in 'MavenRepo'
2026-08-21T16:48:36.639-0300 [DEBUG] [org.gradle.api.internal.artifacts.ivyservice.ivyresolve.RepositoryChainComponentMetaDataResolver] Using commons-logging:commons-logging:1.3.6 from org.gradle.api.internal.artifacts.ivyservice.ivyresolve.FilteredModuleComponentRepository@58a7b1a4
2026-08-21T16:48:36.639-0300 [DEBUG] [io.spring.gradle.dependencymanagement.internal.VersionConfiguringAction] Processing requested dependency 'org.osgi:org.osgi.resource:1.0.0' with target 'org.osgi:org.osgi.resource:1.0.0
2026-08-21T16:48:36.639-0300 [DEBUG] [io.spring.gradle.dependencymanagement.internal.VersionConfiguringAction] No dependency management for dependency 'org.osgi:org.osgi.resource:1.0.0'
2026-08-21T16:48:36.640-0300 [DEBUG] [io.spring.gradle.dependencymanagement.internal.VersionConfiguringAction] Processing requested dependency 'org.osgi:org.osgi.service.serviceloader:1.0.0' with target 'org.osgi:org.osgi.service.serviceloader:1.0.0
2026-08-21T16:48:36.640-0300 [DEBUG] [io.spring.gradle.dependencymanagement.internal.VersionConfiguringAction] No dependency management for dependency 'org.osgi:org.osgi.service.serviceloader:1.0.0'
2026-08-21T16:48:36.640-0300 [DEBUG] [org.gradle.api.internal.artifacts.ivyservice.ivyresolve.RepositoryChainComponentMetaDataResolver] Attempting to resolve component for org.osgi:org.osgi.resource:1.0.0 using repositories [MavenRepo]
2026-08-21T16:48:36.640-0300 [DEBUG] [org.gradle.api.internal.artifacts.ivyservice.ivyresolve.CachingModuleComponentRepository] Using cached module metadata for module 'org.osgi:org.osgi.resource:1.0.0' in 'MavenRepo'
2026-08-21T16:48:36.640-0300 [DEBUG] [org.gradle.api.internal.artifacts.ivyservice.ivyresolve.RepositoryChainComponentMetaDataResolver] Using org.osgi:org.osgi.resource:1.0.0 from org.gradle.api.internal.artifacts.ivyservice.ivyresolve.FilteredModuleComponentRepository@58a7b1a4
2026-08-21T16:48:36.640-0300 [DEBUG] [org.gradle.api.internal.artifacts.ivyservice.ivyresolve.RepositoryChainComponentMetaDataResolver] Attempting to resolve component for org.osgi:org.osgi.service.serviceloader:1.0.0 using repositories [MavenRepo]
2026-08-21T16:48:36.640-0300 [DEBUG] [org.gradle.api.internal.artifacts.ivyservice.ivyresolve.CachingModuleComponentRepository] Using cached module metadata for module 'org.osgi:org.osgi.service.serviceloader:1.0.0' in 'MavenRepo'
2026-08-21T16:48:36.640-0300 [DEBUG] [org.gradle.api.internal.artifacts.ivyservice.ivyresolve.RepositoryChainComponentMetaDataResolver] Using org.osgi:org.osgi.service.serviceloader:1.0.0 from org.gradle.api.internal.artifacts.ivyservice.ivyresolve.FilteredModuleComponentRepository@58a7b1a4
2026-08-21T16:48:36.640-0300 [DEBUG] [io.spring.gradle.dependencymanagement.internal.VersionConfiguringAction] Processing requested dependency 'org.apache.tomcat:tomcat-annotations-api:11.0.22' with target 'org.apache.tomcat:tomcat-annotations-api:11.0.22
2026-08-21T16:48:36.640-0300 [DEBUG] [io.spring.gradle.dependencymanagement.internal.DependencyManagementContainer] Found managed version '11.0.22' for dependency 'org.apache.tomcat:tomcat-annotations-api' in global dependency management
2026-08-21T16:48:36.640-0300 [DEBUG] [io.spring.gradle.dependencymanagement.internal.VersionConfiguringAction] Using version '11.0.22' for dependency 'org.apache.tomcat:tomcat-annotations-api:11.0.22'
2026-08-21T16:48:36.640-0300 [DEBUG] [org.gradle.api.internal.artifacts.ivyservice.resolveengine.graph.builder.NodeState] org.apache.tomcat:tomcat-annotations-api is excluded from 'org.apache.tomcat.embed:tomcat-embed-core:11.0.22' (compile) by {"exclude module id" : "org.apache.tomcat:tomcat-annotations-api"}.
2026-08-21T16:48:36.640-0300 [DEBUG] [io.spring.gradle.dependencymanagement.internal.VersionConfiguringAction] Processing requested dependency 'io.micrometer:micrometer-commons:1.17.0' with target 'io.micrometer:micrometer-commons:1.17.0
2026-08-21T16:48:36.640-0300 [DEBUG] [io.spring.gradle.dependencymanagement.internal.DependencyManagementContainer] Found managed version '1.17.0' for dependency 'io.micrometer:micrometer-commons' in global dependency management
2026-08-21T16:48:36.640-0300 [DEBUG] [io.spring.gradle.dependencymanagement.internal.VersionConfiguringAction] Using version '1.17.0' for dependency 'io.micrometer:micrometer-commons:1.17.0'
2026-08-21T16:48:36.640-0300 [DEBUG] [org.gradle.api.internal.artifacts.ivyservice.ivyresolve.RepositoryChainComponentMetaDataResolver] Attempting to resolve component for io.micrometer:micrometer-commons:1.17.0 using repositories [MavenRepo]
2026-08-21T16:48:36.640-0300 [DEBUG] [org.gradle.api.internal.artifacts.ivyservice.ivyresolve.CachingModuleComponentRepository] Using cached module metadata for module 'io.micrometer:micrometer-commons:1.17.0' in 'MavenRepo'
2026-08-21T16:48:36.640-0300 [DEBUG] [org.gradle.api.internal.artifacts.ivyservice.ivyresolve.RepositoryChainComponentMetaDataResolver] Using io.micrometer:micrometer-commons:1.17.0 from org.gradle.api.internal.artifacts.ivyservice.ivyresolve.FilteredModuleComponentRepository@58a7b1a4
2026-08-21T16:48:36.640-0300 [DEBUG] [io.spring.gradle.dependencymanagement.internal.VersionConfiguringAction] Processing requested dependency 'jakarta.persistence:jakarta.persistence-api:3.2.0' with target 'jakarta.persistence:jakarta.persistence-api:3.2.0
2026-08-21T16:48:36.640-0300 [DEBUG] [io.spring.gradle.dependencymanagement.internal.DependencyManagementContainer] Found managed version '3.2.0' for dependency 'jakarta.persistence:jakarta.persistence-api' in global dependency management
2026-08-21T16:48:36.640-0300 [DEBUG] [io.spring.gradle.dependencymanagement.internal.VersionConfiguringAction] Using version '3.2.0' for dependency 'jakarta.persistence:jakarta.persistence-api:3.2.0'
2026-08-21T16:48:36.640-0300 [DEBUG] [org.gradle.api.internal.artifacts.ivyservice.ivyresolve.RepositoryChainComponentMetaDataResolver] Attempting to resolve component for jakarta.persistence:jakarta.persistence-api:3.2.0 using repositories [MavenRepo]
2026-08-21T16:48:36.640-0300 [DEBUG] [org.gradle.api.internal.artifacts.ivyservice.ivyresolve.CachingModuleComponentRepository] Using cached module metadata for module 'jakarta.persistence:jakarta.persistence-api:3.2.0' in 'MavenRepo'
2026-08-21T16:48:36.640-0300 [DEBUG] [org.gradle.api.internal.artifacts.ivyservice.ivyresolve.RepositoryChainComponentMetaDataResolver] Using jakarta.persistence:jakarta.persistence-api:3.2.0 from org.gradle.api.internal.artifacts.ivyservice.ivyresolve.FilteredModuleComponentRepository@58a7b1a4
2026-08-21T16:48:36.640-0300 [DEBUG] [io.spring.gradle.dependencymanagement.internal.VersionConfiguringAction] Processing requested dependency 'org.hibernate.orm:hibernate-platform:7.4.1.Final' with target 'org.hibernate.orm:hibernate-platform:7.4.1.Final
2026-08-21T16:48:36.640-0300 [DEBUG] [io.spring.gradle.dependencymanagement.internal.VersionConfiguringAction] No dependency management for dependency 'org.hibernate.orm:hibernate-platform:7.4.1.Final'
2026-08-21T16:48:36.640-0300 [DEBUG] [io.spring.gradle.dependencymanagement.internal.VersionConfiguringAction] Processing requested dependency 'jakarta.transaction:jakarta.transaction-api:2.0.1' with target 'jakarta.transaction:jakarta.transaction-api:2.0.1
2026-08-21T16:48:36.640-0300 [DEBUG] [io.spring.gradle.dependencymanagement.internal.DependencyManagementContainer] Found managed version '2.0.1' for dependency 'jakarta.transaction:jakarta.transaction-api' in global dependency management
2026-08-21T16:48:36.641-0300 [DEBUG] [io.spring.gradle.dependencymanagement.internal.VersionConfiguringAction] Using version '2.0.1' for dependency 'jakarta.transaction:jakarta.transaction-api:2.0.1'
2026-08-21T16:48:36.641-0300 [DEBUG] [org.gradle.api.internal.artifacts.ivyservice.ivyresolve.RepositoryChainComponentMetaDataResolver] Attempting to resolve component for org.hibernate.orm:hibernate-platform:7.4.1.Final using repositories [MavenRepo]
2026-08-21T16:48:36.641-0300 [DEBUG] [org.gradle.api.internal.artifacts.ivyservice.ivyresolve.CachingModuleComponentRepository] Using cached module metadata for module 'org.hibernate.orm:hibernate-platform:7.4.1.Final' in 'MavenRepo'
2026-08-21T16:48:36.641-0300 [DEBUG] [org.gradle.api.internal.artifacts.ivyservice.ivyresolve.RepositoryChainComponentMetaDataResolver] Using org.hibernate.orm:hibernate-platform:7.4.1.Final from org.gradle.api.internal.artifacts.ivyservice.ivyresolve.FilteredModuleComponentRepository@58a7b1a4
2026-08-21T16:48:36.641-0300 [DEBUG] [org.gradle.internal.component.model.LoggingAttributeMatchingExplanationBuilder] Candidate {org.gradle.category=platform, org.gradle.status=release, org.gradle.usage=java-api} doesn't have attribute org.gradle.dependency.bundling
2026-08-21T16:48:36.641-0300 [DEBUG] [org.gradle.internal.component.model.LoggingAttributeMatchingExplanationBuilder] Candidate {org.gradle.category=platform, org.gradle.status=release, org.gradle.usage=java-api} doesn't have attribute org.gradle.jvm.environment
2026-08-21T16:48:36.641-0300 [DEBUG] [org.gradle.internal.component.model.LoggingAttributeMatchingExplanationBuilder] Candidate {org.gradle.category=platform, org.gradle.status=release, org.gradle.usage=java-api} doesn't have attribute org.gradle.libraryelements
2026-08-21T16:48:36.641-0300 [DEBUG] [org.gradle.internal.component.model.LoggingAttributeMatchingExplanationBuilder] Candidate {org.gradle.category=platform, org.gradle.status=release, org.gradle.usage=java-api} doesn't have attribute org.gradle.jvm.version
2026-08-21T16:48:36.641-0300 [DEBUG] [org.gradle.internal.component.model.LoggingAttributeMatchingExplanationBuilder] Candidate {org.gradle.category=platform, org.gradle.status=release, org.gradle.usage=java-runtime} doesn't have attribute org.gradle.dependency.bundling
2026-08-21T16:48:36.641-0300 [DEBUG] [org.gradle.internal.component.model.LoggingAttributeMatchingExplanationBuilder] Candidate {org.gradle.category=platform, org.gradle.status=release, org.gradle.usage=java-runtime} doesn't have attribute org.gradle.jvm.environment
2026-08-21T16:48:36.641-0300 [DEBUG] [org.gradle.internal.component.model.LoggingAttributeMatchingExplanationBuilder] Candidate {org.gradle.category=platform, org.gradle.status=release, org.gradle.usage=java-runtime} doesn't have attribute org.gradle.libraryelements
2026-08-21T16:48:36.641-0300 [DEBUG] [org.gradle.internal.component.model.LoggingAttributeMatchingExplanationBuilder] Candidate {org.gradle.category=platform, org.gradle.status=release, org.gradle.usage=java-runtime} doesn't have attribute org.gradle.jvm.version
2026-08-21T16:48:36.641-0300 [DEBUG] [org.gradle.internal.component.model.LoggingAttributeMatchingExplanationBuilder] Candidate {org.gradle.category=enforced-platform, org.gradle.status=release, org.gradle.usage=java-api} attribute org.gradle.category value org.gradle.category=enforced-platform doesn't requested value platform
2026-08-21T16:48:36.641-0300 [DEBUG] [org.gradle.internal.component.model.LoggingAttributeMatchingExplanationBuilder] Candidate {org.gradle.category=enforced-platform, org.gradle.status=release, org.gradle.usage=java-runtime} attribute org.gradle.category value org.gradle.category=enforced-platform doesn't requested value platform
2026-08-21T16:48:36.641-0300 [DEBUG] [org.gradle.api.internal.attributes.matching.DefaultAttributeMatcher] Selected matches [0] from candidates [{org.gradle.category=platform, org.gradle.status=release, org.gradle.usage=java-api}, {org.gradle.category=platform, org.gradle.status=release, org.gradle.usage=java-runtime}, {org.gradle.category=enforced-platform, org.gradle.status=release, org.gradle.usage=java-api}, {org.gradle.category=enforced-platform, org.gradle.status=release, org.gradle.usage=java-runtime}] for {org.gradle.category=platform, org.gradle.dependency.bundling=external, org.gradle.jvm.environment=standard-jvm, org.gradle.jvm.version=21, org.gradle.libraryelements=classes, org.gradle.usage=java-api}
2026-08-21T16:48:36.641-0300 [DEBUG] [io.spring.gradle.dependencymanagement.internal.VersionConfiguringAction] Processing requested dependency 'org.hibernate:hibernate-core:7.4.1.Final' with target 'org.hibernate:hibernate-core:7.4.1.Final
2026-08-21T16:48:36.641-0300 [DEBUG] [io.spring.gradle.dependencymanagement.internal.VersionConfiguringAction] No dependency management for dependency 'org.hibernate:hibernate-core:7.4.1.Final'
2026-08-21T16:48:36.641-0300 [DEBUG] [io.spring.gradle.dependencymanagement.internal.VersionConfiguringAction] Processing requested dependency 'org.hibernate.orm:hibernate-testing:7.4.1.Final' with target 'org.hibernate.orm:hibernate-testing:7.4.1.Final
2026-08-21T16:48:36.641-0300 [DEBUG] [io.spring.gradle.dependencymanagement.internal.DependencyManagementContainer] Found managed version '7.4.1.Final' for dependency 'org.hibernate.orm:hibernate-testing' in global dependency management
2026-08-21T16:48:36.641-0300 [DEBUG] [io.spring.gradle.dependencymanagement.internal.VersionConfiguringAction] Using version '7.4.1.Final' for dependency 'org.hibernate.orm:hibernate-testing:7.4.1.Final'
2026-08-21T16:48:36.641-0300 [DEBUG] [io.spring.gradle.dependencymanagement.internal.VersionConfiguringAction] Processing requested dependency 'org.hibernate:hibernate-testing:7.4.1.Final' with target 'org.hibernate:hibernate-testing:7.4.1.Final
2026-08-21T16:48:36.641-0300 [DEBUG] [io.spring.gradle.dependencymanagement.internal.VersionConfiguringAction] No dependency management for dependency 'org.hibernate:hibernate-testing:7.4.1.Final'
2026-08-21T16:48:36.641-0300 [DEBUG] [io.spring.gradle.dependencymanagement.internal.VersionConfiguringAction] Processing requested dependency 'org.hibernate.orm:hibernate-envers:7.4.1.Final' with target 'org.hibernate.orm:hibernate-envers:7.4.1.Final
2026-08-21T16:48:36.641-0300 [DEBUG] [io.spring.gradle.dependencymanagement.internal.DependencyManagementContainer] Found managed version '7.4.1.Final' for dependency 'org.hibernate.orm:hibernate-envers' in global dependency management
2026-08-21T16:48:36.641-0300 [DEBUG] [io.spring.gradle.dependencymanagement.internal.VersionConfiguringAction] Using version '7.4.1.Final' for dependency 'org.hibernate.orm:hibernate-envers:7.4.1.Final'
2026-08-21T16:48:36.641-0300 [DEBUG] [io.spring.gradle.dependencymanagement.internal.VersionConfiguringAction] Processing requested dependency 'org.hibernate:hibernate-envers:7.4.1.Final' with target 'org.hibernate:hibernate-envers:7.4.1.Final
2026-08-21T16:48:36.641-0300 [DEBUG] [io.spring.gradle.dependencymanagement.internal.VersionConfiguringAction] No dependency management for dependency 'org.hibernate:hibernate-envers:7.4.1.Final'
2026-08-21T16:48:36.641-0300 [DEBUG] [io.spring.gradle.dependencymanagement.internal.VersionConfiguringAction] Processing requested dependency 'org.hibernate.orm:hibernate-spatial:7.4.1.Final' with target 'org.hibernate.orm:hibernate-spatial:7.4.1.Final
2026-08-21T16:48:36.641-0300 [DEBUG] [io.spring.gradle.dependencymanagement.internal.DependencyManagementContainer] Found managed version '7.4.1.Final' for dependency 'org.hibernate.orm:hibernate-spatial' in global dependency management
2026-08-21T16:48:36.641-0300 [DEBUG] [io.spring.gradle.dependencymanagement.internal.VersionConfiguringAction] Using version '7.4.1.Final' for dependency 'org.hibernate.orm:hibernate-spatial:7.4.1.Final'
2026-08-21T16:48:36.641-0300 [DEBUG] [io.spring.gradle.dependencymanagement.internal.VersionConfiguringAction] Processing requested dependency 'org.hibernate:hibernate-spatial:7.4.1.Final' with target 'org.hibernate:hibernate-spatial:7.4.1.Final
2026-08-21T16:48:36.641-0300 [DEBUG] [io.spring.gradle.dependencymanagement.internal.VersionConfiguringAction] No dependency management for dependency 'org.hibernate:hibernate-spatial:7.4.1.Final'
2026-08-21T16:48:36.641-0300 [DEBUG] [io.spring.gradle.dependencymanagement.internal.VersionConfiguringAction] Processing requested dependency 'org.hibernate.orm:hibernate-vector:7.4.1.Final' with target 'org.hibernate.orm:hibernate-vector:7.4.1.Final
2026-08-21T16:48:36.641-0300 [DEBUG] [io.spring.gradle.dependencymanagement.internal.DependencyManagementContainer] Found managed version '7.4.1.Final' for dependency 'org.hibernate.orm:hibernate-vector' in global dependency management
2026-08-21T16:48:36.641-0300 [DEBUG] [io.spring.gradle.dependencymanagement.internal.VersionConfiguringAction] Using version '7.4.1.Final' for dependency 'org.hibernate.orm:hibernate-vector:7.4.1.Final'
2026-08-21T16:48:36.641-0300 [DEBUG] [io.spring.gradle.dependencymanagement.internal.VersionConfiguringAction] Processing requested dependency 'org.hibernate:hibernate-vector:7.4.1.Final' with target 'org.hibernate:hibernate-vector:7.4.1.Final
2026-08-21T16:48:36.641-0300 [DEBUG] [io.spring.gradle.dependencymanagement.internal.VersionConfiguringAction] No dependency management for dependency 'org.hibernate:hibernate-vector:7.4.1.Final'
2026-08-21T16:48:36.641-0300 [DEBUG] [io.spring.gradle.dependencymanagement.internal.VersionConfiguringAction] Processing requested dependency 'org.hibernate.orm:hibernate-community-dialects:7.4.1.Final' with target 'org.hibernate.orm:hibernate-community-dialects:7.4.1.Final
2026-08-21T16:48:36.641-0300 [DEBUG] [io.spring.gradle.dependencymanagement.internal.DependencyManagementContainer] Found managed version '7.4.1.Final' for dependency 'org.hibernate.orm:hibernate-community-dialects' in global dependency management
2026-08-21T16:48:36.641-0300 [DEBUG] [io.spring.gradle.dependencymanagement.internal.VersionConfiguringAction] Using version '7.4.1.Final' for dependency 'org.hibernate.orm:hibernate-community-dialects:7.4.1.Final'
2026-08-21T16:48:36.641-0300 [DEBUG] [io.spring.gradle.dependencymanagement.internal.VersionConfiguringAction] Processing requested dependency 'org.hibernate:hibernate-community-dialects:7.4.1.Final' with target 'org.hibernate:hibernate-community-dialects:7.4.1.Final
2026-08-21T16:48:36.641-0300 [DEBUG] [io.spring.gradle.dependencymanagement.internal.VersionConfiguringAction] No dependency management for dependency 'org.hibernate:hibernate-community-dialects:7.4.1.Final'
2026-08-21T16:48:36.641-0300 [DEBUG] [io.spring.gradle.dependencymanagement.internal.VersionConfiguringAction] Processing requested dependency 'org.hibernate.orm:hibernate-scan-jandex:7.4.1.Final' with target 'org.hibernate.orm:hibernate-scan-jandex:7.4.1.Final
2026-08-21T16:48:36.641-0300 [DEBUG] [io.spring.gradle.dependencymanagement.internal.DependencyManagementContainer] Found managed version '7.4.1.Final' for dependency 'org.hibernate.orm:hibernate-scan-jandex' in global dependency management
2026-08-21T16:48:36.641-0300 [DEBUG] [io.spring.gradle.dependencymanagement.internal.VersionConfiguringAction] Using version '7.4.1.Final' for dependency 'org.hibernate.orm:hibernate-scan-jandex:7.4.1.Final'
2026-08-21T16:48:36.641-0300 [DEBUG] [io.spring.gradle.dependencymanagement.internal.VersionConfiguringAction] Processing requested dependency 'org.hibernate.orm:hibernate-agroal:7.4.1.Final' with target 'org.hibernate.orm:hibernate-agroal:7.4.1.Final
2026-08-21T16:48:36.641-0300 [DEBUG] [io.spring.gradle.dependencymanagement.internal.DependencyManagementContainer] Found managed version '7.4.1.Final' for dependency 'org.hibernate.orm:hibernate-agroal' in global dependency management
2026-08-21T16:48:36.641-0300 [DEBUG] [io.spring.gradle.dependencymanagement.internal.VersionConfiguringAction] Using version '7.4.1.Final' for dependency 'org.hibernate.orm:hibernate-agroal:7.4.1.Final'
2026-08-21T16:48:36.641-0300 [DEBUG] [io.spring.gradle.dependencymanagement.internal.VersionConfiguringAction] Processing requested dependency 'org.hibernate:hibernate-agroal:7.4.1.Final' with target 'org.hibernate:hibernate-agroal:7.4.1.Final
2026-08-21T16:48:36.642-0300 [DEBUG] [io.spring.gradle.dependencymanagement.internal.VersionConfiguringAction] No dependency management for dependency 'org.hibernate:hibernate-agroal:7.4.1.Final'
2026-08-21T16:48:36.642-0300 [DEBUG] [io.spring.gradle.dependencymanagement.internal.VersionConfiguringAction] Processing requested dependency 'org.hibernate.orm:hibernate-c3p0:7.4.1.Final' with target 'org.hibernate.orm:hibernate-c3p0:7.4.1.Final
2026-08-21T16:48:36.642-0300 [DEBUG] [io.spring.gradle.dependencymanagement.internal.DependencyManagementContainer] Found managed version '7.4.1.Final' for dependency 'org.hibernate.orm:hibernate-c3p0' in global dependency management
2026-08-21T16:48:36.642-0300 [DEBUG] [io.spring.gradle.dependencymanagement.internal.VersionConfiguringAction] Using version '7.4.1.Final' for dependency 'org.hibernate.orm:hibernate-c3p0:7.4.1.Final'
2026-08-21T16:48:36.642-0300 [DEBUG] [io.spring.gradle.dependencymanagement.internal.VersionConfiguringAction] Processing requested dependency 'org.hibernate:hibernate-c3p0:7.4.1.Final' with target 'org.hibernate:hibernate-c3p0:7.4.1.Final
2026-08-21T16:48:36.642-0300 [DEBUG] [io.spring.gradle.dependencymanagement.internal.VersionConfiguringAction] No dependency management for dependency 'org.hibernate:hibernate-c3p0:7.4.1.Final'
2026-08-21T16:48:36.642-0300 [DEBUG] [io.spring.gradle.dependencymanagement.internal.VersionConfiguringAction] Processing requested dependency 'org.hibernate.orm:hibernate-hikaricp:7.4.1.Final' with target 'org.hibernate.orm:hibernate-hikaricp:7.4.1.Final
2026-08-21T16:48:36.642-0300 [DEBUG] [io.spring.gradle.dependencymanagement.internal.DependencyManagementContainer] Found managed version '7.4.1.Final' for dependency 'org.hibernate.orm:hibernate-hikaricp' in global dependency management
2026-08-21T16:48:36.642-0300 [DEBUG] [io.spring.gradle.dependencymanagement.internal.VersionConfiguringAction] Using version '7.4.1.Final' for dependency 'org.hibernate.orm:hibernate-hikaricp:7.4.1.Final'
2026-08-21T16:48:36.642-0300 [DEBUG] [io.spring.gradle.dependencymanagement.internal.VersionConfiguringAction] Processing requested dependency 'org.hibernate:hibernate-hikaricp:7.4.1.Final' with target 'org.hibernate:hibernate-hikaricp:7.4.1.Final
2026-08-21T16:48:36.642-0300 [DEBUG] [io.spring.gradle.dependencymanagement.internal.VersionConfiguringAction] No dependency management for dependency 'org.hibernate:hibernate-hikaricp:7.4.1.Final'
2026-08-21T16:48:36.642-0300 [DEBUG] [io.spring.gradle.dependencymanagement.internal.VersionConfiguringAction] Processing requested dependency 'org.hibernate.orm:hibernate-jcache:7.4.1.Final' with target 'org.hibernate.orm:hibernate-jcache:7.4.1.Final
2026-08-21T16:48:36.642-0300 [DEBUG] [io.spring.gradle.dependencymanagement.internal.DependencyManagementContainer] Found managed version '7.4.1.Final' for dependency 'org.hibernate.orm:hibernate-jcache' in global dependency management
2026-08-21T16:48:36.642-0300 [DEBUG] [io.spring.gradle.dependencymanagement.internal.VersionConfiguringAction] Using version '7.4.1.Final' for dependency 'org.hibernate.orm:hibernate-jcache:7.4.1.Final'
2026-08-21T16:48:36.642-0300 [DEBUG] [io.spring.gradle.dependencymanagement.internal.VersionConfiguringAction] Processing requested dependency 'org.hibernate:hibernate-jcache:7.4.1.Final' with target 'org.hibernate:hibernate-jcache:7.4.1.Final
2026-08-21T16:48:36.642-0300 [DEBUG] [io.spring.gradle.dependencymanagement.internal.VersionConfiguringAction] No dependency management for dependency 'org.hibernate:hibernate-jcache:7.4.1.Final'
2026-08-21T16:48:36.642-0300 [DEBUG] [io.spring.gradle.dependencymanagement.internal.VersionConfiguringAction] Processing requested dependency 'org.hibernate.orm:hibernate-micrometer:7.4.1.Final' with target 'org.hibernate.orm:hibernate-micrometer:7.4.1.Final
2026-08-21T16:48:36.642-0300 [DEBUG] [io.spring.gradle.dependencymanagement.internal.DependencyManagementContainer] Found managed version '7.4.1.Final' for dependency 'org.hibernate.orm:hibernate-micrometer' in global dependency management
2026-08-21T16:48:36.642-0300 [DEBUG] [io.spring.gradle.dependencymanagement.internal.VersionConfiguringAction] Using version '7.4.1.Final' for dependency 'org.hibernate.orm:hibernate-micrometer:7.4.1.Final'
2026-08-21T16:48:36.642-0300 [DEBUG] [io.spring.gradle.dependencymanagement.internal.VersionConfiguringAction] Processing requested dependency 'org.hibernate:hibernate-micrometer:7.4.1.Final' with target 'org.hibernate:hibernate-micrometer:7.4.1.Final
2026-08-21T16:48:36.642-0300 [DEBUG] [io.spring.gradle.dependencymanagement.internal.VersionConfiguringAction] No dependency management for dependency 'org.hibernate:hibernate-micrometer:7.4.1.Final'
2026-08-21T16:48:36.642-0300 [DEBUG] [io.spring.gradle.dependencymanagement.internal.VersionConfiguringAction] Processing requested dependency 'org.hibernate.orm:hibernate-graalvm:7.4.1.Final' with target 'org.hibernate.orm:hibernate-graalvm:7.4.1.Final
2026-08-21T16:48:36.642-0300 [DEBUG] [io.spring.gradle.dependencymanagement.internal.DependencyManagementContainer] Found managed version '7.4.1.Final' for dependency 'org.hibernate.orm:hibernate-graalvm' in global dependency management
2026-08-21T16:48:36.642-0300 [DEBUG] [io.spring.gradle.dependencymanagement.internal.VersionConfiguringAction] Using version '7.4.1.Final' for dependency 'org.hibernate.orm:hibernate-graalvm:7.4.1.Final'
2026-08-21T16:48:36.642-0300 [DEBUG] [io.spring.gradle.dependencymanagement.internal.VersionConfiguringAction] Processing requested dependency 'org.hibernate:hibernate-graalvm:7.4.1.Final' with target 'org.hibernate:hibernate-graalvm:7.4.1.Final
2026-08-21T16:48:36.642-0300 [DEBUG] [io.spring.gradle.dependencymanagement.internal.VersionConfiguringAction] No dependency management for dependency 'org.hibernate:hibernate-graalvm:7.4.1.Final'
2026-08-21T16:48:36.642-0300 [DEBUG] [io.spring.gradle.dependencymanagement.internal.VersionConfiguringAction] Processing requested dependency 'org.hibernate.orm:hibernate-processor:7.4.1.Final' with target 'org.hibernate.orm:hibernate-processor:7.4.1.Final
2026-08-21T16:48:36.642-0300 [DEBUG] [io.spring.gradle.dependencymanagement.internal.DependencyManagementContainer] Found managed version '7.4.1.Final' for dependency 'org.hibernate.orm:hibernate-processor' in global dependency management
2026-08-21T16:48:36.642-0300 [DEBUG] [io.spring.gradle.dependencymanagement.internal.VersionConfiguringAction] Using version '7.4.1.Final' for dependency 'org.hibernate.orm:hibernate-processor:7.4.1.Final'
2026-08-21T16:48:36.642-0300 [DEBUG] [io.spring.gradle.dependencymanagement.internal.VersionConfiguringAction] Processing requested dependency 'org.hibernate:hibernate-processor:7.4.1.Final' with target 'org.hibernate:hibernate-processor:7.4.1.Final
2026-08-21T16:48:36.642-0300 [DEBUG] [io.spring.gradle.dependencymanagement.internal.VersionConfiguringAction] No dependency management for dependency 'org.hibernate:hibernate-processor:7.4.1.Final'
2026-08-21T16:48:36.642-0300 [DEBUG] [io.spring.gradle.dependencymanagement.internal.VersionConfiguringAction] Processing requested dependency 'org.hibernate.orm:hibernate-gradle-plugin:7.4.1.Final' with target 'org.hibernate.orm:hibernate-gradle-plugin:7.4.1.Final
2026-08-21T16:48:36.642-0300 [DEBUG] [io.spring.gradle.dependencymanagement.internal.VersionConfiguringAction] No dependency management for dependency 'org.hibernate.orm:hibernate-gradle-plugin:7.4.1.Final'
2026-08-21T16:48:36.642-0300 [DEBUG] [io.spring.gradle.dependencymanagement.internal.VersionConfiguringAction] Processing requested dependency 'org.hibernate.orm:hibernate-maven-plugin:7.4.1.Final' with target 'org.hibernate.orm:hibernate-maven-plugin:7.4.1.Final
2026-08-21T16:48:36.642-0300 [DEBUG] [io.spring.gradle.dependencymanagement.internal.VersionConfiguringAction] No dependency management for dependency 'org.hibernate.orm:hibernate-maven-plugin:7.4.1.Final'
2026-08-21T16:48:36.642-0300 [DEBUG] [io.spring.gradle.dependencymanagement.internal.VersionConfiguringAction] Processing requested dependency 'org.hibernate.orm:hibernate-ant:7.4.1.Final' with target 'org.hibernate.orm:hibernate-ant:7.4.1.Final
2026-08-21T16:48:36.642-0300 [DEBUG] [io.spring.gradle.dependencymanagement.internal.DependencyManagementContainer] Found managed version '7.4.1.Final' for dependency 'org.hibernate.orm:hibernate-ant' in global dependency management
2026-08-21T16:48:36.642-0300 [DEBUG] [io.spring.gradle.dependencymanagement.internal.VersionConfiguringAction] Using version '7.4.1.Final' for dependency 'org.hibernate.orm:hibernate-ant:7.4.1.Final'
2026-08-21T16:48:36.642-0300 [DEBUG] [io.spring.gradle.dependencymanagement.internal.VersionConfiguringAction] Processing requested dependency 'org.hibernate:hibernate-ant:7.4.1.Final' with target 'org.hibernate:hibernate-ant:7.4.1.Final
2026-08-21T16:48:36.642-0300 [DEBUG] [io.spring.gradle.dependencymanagement.internal.VersionConfiguringAction] No dependency management for dependency 'org.hibernate:hibernate-ant:7.4.1.Final'
2026-08-21T16:48:36.642-0300 [DEBUG] [io.spring.gradle.dependencymanagement.internal.VersionConfiguringAction] Processing requested dependency 'org.hibernate.orm:hibernate-assistant:7.4.1.Final' with target 'org.hibernate.orm:hibernate-assistant:7.4.1.Final
2026-08-21T16:48:36.642-0300 [DEBUG] [io.spring.gradle.dependencymanagement.internal.VersionConfiguringAction] No dependency management for dependency 'org.hibernate.orm:hibernate-assistant:7.4.1.Final'
2026-08-21T16:48:36.642-0300 [DEBUG] [io.spring.gradle.dependencymanagement.internal.VersionConfiguringAction] Processing requested dependency 'org.hibernate:hibernate-assistant:7.4.1.Final' with target 'org.hibernate:hibernate-assistant:7.4.1.Final
2026-08-21T16:48:36.642-0300 [DEBUG] [io.spring.gradle.dependencymanagement.internal.VersionConfiguringAction] No dependency management for dependency 'org.hibernate:hibernate-assistant:7.4.1.Final'
2026-08-21T16:48:36.642-0300 [DEBUG] [io.spring.gradle.dependencymanagement.internal.VersionConfiguringAction] Processing requested dependency 'org.hibernate.orm:hibernate-reveng:7.4.1.Final' with target 'org.hibernate.orm:hibernate-reveng:7.4.1.Final
2026-08-21T16:48:36.642-0300 [DEBUG] [io.spring.gradle.dependencymanagement.internal.VersionConfiguringAction] No dependency management for dependency 'org.hibernate.orm:hibernate-reveng:7.4.1.Final'
2026-08-21T16:48:36.642-0300 [DEBUG] [io.spring.gradle.dependencymanagement.internal.VersionConfiguringAction] Processing requested dependency 'org.hibernate:hibernate-reveng:7.4.1.Final' with target 'org.hibernate:hibernate-reveng:7.4.1.Final
2026-08-21T16:48:36.642-0300 [DEBUG] [io.spring.gradle.dependencymanagement.internal.VersionConfiguringAction] No dependency management for dependency 'org.hibernate:hibernate-reveng:7.4.1.Final'
2026-08-21T16:48:36.642-0300 [DEBUG] [io.spring.gradle.dependencymanagement.internal.VersionConfiguringAction] Processing requested dependency 'org.hibernate.orm:hibernate-jfr:7.4.1.Final' with target 'org.hibernate.orm:hibernate-jfr:7.4.1.Final
2026-08-21T16:48:36.642-0300 [DEBUG] [io.spring.gradle.dependencymanagement.internal.VersionConfiguringAction] No dependency management for dependency 'org.hibernate.orm:hibernate-jfr:7.4.1.Final'
2026-08-21T16:48:36.642-0300 [DEBUG] [io.spring.gradle.dependencymanagement.internal.VersionConfiguringAction] Processing requested dependency 'org.hibernate:hibernate-jfr:7.4.1.Final' with target 'org.hibernate:hibernate-jfr:7.4.1.Final
2026-08-21T16:48:36.642-0300 [DEBUG] [io.spring.gradle.dependencymanagement.internal.VersionConfiguringAction] No dependency management for dependency 'org.hibernate:hibernate-jfr:7.4.1.Final'
2026-08-21T16:48:36.642-0300 [DEBUG] [io.spring.gradle.dependencymanagement.internal.VersionConfiguringAction] Processing requested dependency 'org.hibernate.models:hibernate-models:1.1.1' with target 'org.hibernate.models:hibernate-models:1.1.1
2026-08-21T16:48:36.642-0300 [DEBUG] [io.spring.gradle.dependencymanagement.internal.VersionConfiguringAction] No dependency management for dependency 'org.hibernate.models:hibernate-models:1.1.1'
2026-08-21T16:48:36.643-0300 [DEBUG] [io.spring.gradle.dependencymanagement.internal.VersionConfiguringAction] Processing requested dependency 'jakarta.data:jakarta.data-api:1.0.1' with target 'jakarta.data:jakarta.data-api:1.0.1
2026-08-21T16:48:36.643-0300 [DEBUG] [io.spring.gradle.dependencymanagement.internal.VersionConfiguringAction] No dependency management for dependency 'jakarta.data:jakarta.data-api:1.0.1'
2026-08-21T16:48:36.643-0300 [DEBUG] [org.gradle.api.internal.artifacts.ivyservice.ivyresolve.RepositoryChainComponentMetaDataResolver] Attempting to resolve component for jakarta.transaction:jakarta.transaction-api:2.0.1 using repositories [MavenRepo]
2026-08-21T16:48:36.643-0300 [DEBUG] [org.gradle.api.internal.artifacts.ivyservice.ivyresolve.CachingModuleComponentRepository] Using cached module metadata for module 'jakarta.transaction:jakarta.transaction-api:2.0.1' in 'MavenRepo'
2026-08-21T16:48:36.643-0300 [DEBUG] [org.gradle.api.internal.artifacts.ivyservice.ivyresolve.RepositoryChainComponentMetaDataResolver] Using jakarta.transaction:jakarta.transaction-api:2.0.1 from org.gradle.api.internal.artifacts.ivyservice.ivyresolve.FilteredModuleComponentRepository@58a7b1a4
2026-08-21T16:48:36.643-0300 [DEBUG] [io.spring.gradle.dependencymanagement.internal.VersionConfiguringAction] Processing requested dependency 'org.slf4j:slf4j-api:1.7.36' with target 'org.slf4j:slf4j-api:1.7.36
2026-08-21T16:48:36.643-0300 [DEBUG] [io.spring.gradle.dependencymanagement.internal.DependencyManagementContainer] Found managed version '2.0.18' for dependency 'org.slf4j:slf4j-api' in global dependency management
2026-08-21T16:48:36.643-0300 [DEBUG] [io.spring.gradle.dependencymanagement.internal.VersionConfiguringAction] Using version '2.0.18' for dependency 'org.slf4j:slf4j-api:1.7.36'
2026-08-21T16:48:36.643-0300 [DEBUG] [io.spring.gradle.dependencymanagement.internal.VersionConfiguringAction] Processing requested dependency 'io.netty:netty-common:4.2.15.Final' with target 'io.netty:netty-common:4.2.15.Final
2026-08-21T16:48:36.643-0300 [DEBUG] [io.spring.gradle.dependencymanagement.internal.DependencyManagementContainer] Found managed version '4.2.15.Final' for dependency 'io.netty:netty-common' in global dependency management
2026-08-21T16:48:36.643-0300 [DEBUG] [io.spring.gradle.dependencymanagement.internal.VersionConfiguringAction] Using version '4.2.15.Final' for dependency 'io.netty:netty-common:4.2.15.Final'
2026-08-21T16:48:36.643-0300 [DEBUG] [io.spring.gradle.dependencymanagement.internal.VersionConfiguringAction] Processing requested dependency 'io.netty:netty-resolver:4.2.15.Final' with target 'io.netty:netty-resolver:4.2.15.Final
2026-08-21T16:48:36.643-0300 [DEBUG] [io.spring.gradle.dependencymanagement.internal.DependencyManagementContainer] Found managed version '4.2.15.Final' for dependency 'io.netty:netty-resolver' in global dependency management
2026-08-21T16:48:36.643-0300 [DEBUG] [io.spring.gradle.dependencymanagement.internal.VersionConfiguringAction] Using version '4.2.15.Final' for dependency 'io.netty:netty-resolver:4.2.15.Final'
2026-08-21T16:48:36.643-0300 [DEBUG] [io.spring.gradle.dependencymanagement.internal.VersionConfiguringAction] Processing requested dependency 'io.netty:netty-buffer:4.2.15.Final' with target 'io.netty:netty-buffer:4.2.15.Final
2026-08-21T16:48:36.643-0300 [DEBUG] [io.spring.gradle.dependencymanagement.internal.DependencyManagementContainer] Found managed version '4.2.15.Final' for dependency 'io.netty:netty-buffer' in global dependency management
2026-08-21T16:48:36.643-0300 [DEBUG] [io.spring.gradle.dependencymanagement.internal.VersionConfiguringAction] Using version '4.2.15.Final' for dependency 'io.netty:netty-buffer:4.2.15.Final'
2026-08-21T16:48:36.643-0300 [DEBUG] [io.spring.gradle.dependencymanagement.internal.VersionConfiguringAction] Processing requested dependency 'io.netty:netty-transport:4.2.15.Final' with target 'io.netty:netty-transport:4.2.15.Final
2026-08-21T16:48:36.643-0300 [DEBUG] [io.spring.gradle.dependencymanagement.internal.DependencyManagementContainer] Found managed version '4.2.15.Final' for dependency 'io.netty:netty-transport' in global dependency management
2026-08-21T16:48:36.643-0300 [DEBUG] [io.spring.gradle.dependencymanagement.internal.VersionConfiguringAction] Using version '4.2.15.Final' for dependency 'io.netty:netty-transport:4.2.15.Final'
2026-08-21T16:48:36.643-0300 [DEBUG] [io.spring.gradle.dependencymanagement.internal.VersionConfiguringAction] Processing requested dependency 'io.netty:netty-transport-native-unix-common:4.2.15.Final' with target 'io.netty:netty-transport-native-unix-common:4.2.15.Final
2026-08-21T16:48:36.643-0300 [DEBUG] [io.spring.gradle.dependencymanagement.internal.DependencyManagementContainer] Found managed version '4.2.15.Final' for dependency 'io.netty:netty-transport-native-unix-common' in global dependency management
2026-08-21T16:48:36.643-0300 [DEBUG] [io.spring.gradle.dependencymanagement.internal.VersionConfiguringAction] Using version '4.2.15.Final' for dependency 'io.netty:netty-transport-native-unix-common:4.2.15.Final'
2026-08-21T16:48:36.643-0300 [DEBUG] [io.spring.gradle.dependencymanagement.internal.VersionConfiguringAction] Processing requested dependency 'io.netty:netty-codec-base:4.2.15.Final' with target 'io.netty:netty-codec-base:4.2.15.Final
2026-08-21T16:48:36.643-0300 [DEBUG] [io.spring.gradle.dependencymanagement.internal.DependencyManagementContainer] Found managed version '4.2.15.Final' for dependency 'io.netty:netty-codec-base' in global dependency management
2026-08-21T16:48:36.643-0300 [DEBUG] [io.spring.gradle.dependencymanagement.internal.VersionConfiguringAction] Using version '4.2.15.Final' for dependency 'io.netty:netty-codec-base:4.2.15.Final'
2026-08-21T16:48:36.643-0300 [DEBUG] [org.gradle.api.internal.artifacts.ivyservice.ivyresolve.RepositoryChainComponentMetaDataResolver] Attempting to resolve component for io.netty:netty-resolver:4.2.15.Final using repositories [MavenRepo]
2026-08-21T16:48:36.643-0300 [DEBUG] [org.gradle.api.internal.artifacts.ivyservice.ivyresolve.CachingModuleComponentRepository] Using cached module metadata for module 'io.netty:netty-resolver:4.2.15.Final' in 'MavenRepo'
2026-08-21T16:48:36.643-0300 [DEBUG] [org.gradle.api.internal.artifacts.ivyservice.ivyresolve.RepositoryChainComponentMetaDataResolver] Using io.netty:netty-resolver:4.2.15.Final from org.gradle.api.internal.artifacts.ivyservice.ivyresolve.FilteredModuleComponentRepository@58a7b1a4
2026-08-21T16:48:36.643-0300 [DEBUG] [org.gradle.api.internal.artifacts.ivyservice.ivyresolve.RepositoryChainComponentMetaDataResolver] Attempting to resolve component for io.netty:netty-buffer:4.2.15.Final using repositories [MavenRepo]
2026-08-21T16:48:36.643-0300 [DEBUG] [org.gradle.api.internal.artifacts.ivyservice.ivyresolve.CachingModuleComponentRepository] Using cached module metadata for module 'io.netty:netty-buffer:4.2.15.Final' in 'MavenRepo'
2026-08-21T16:48:36.643-0300 [DEBUG] [org.gradle.api.internal.artifacts.ivyservice.ivyresolve.RepositoryChainComponentMetaDataResolver] Using io.netty:netty-buffer:4.2.15.Final from org.gradle.api.internal.artifacts.ivyservice.ivyresolve.FilteredModuleComponentRepository@58a7b1a4
2026-08-21T16:48:36.643-0300 [DEBUG] [org.gradle.api.internal.artifacts.ivyservice.ivyresolve.RepositoryChainComponentMetaDataResolver] Attempting to resolve component for io.netty:netty-transport-native-unix-common:4.2.15.Final using repositories [MavenRepo]
2026-08-21T16:48:36.643-0300 [DEBUG] [org.gradle.api.internal.artifacts.ivyservice.ivyresolve.CachingModuleComponentRepository] Using cached module metadata for module 'io.netty:netty-transport-native-unix-common:4.2.15.Final' in 'MavenRepo'
2026-08-21T16:48:36.643-0300 [DEBUG] [org.gradle.api.internal.artifacts.ivyservice.ivyresolve.RepositoryChainComponentMetaDataResolver] Using io.netty:netty-transport-native-unix-common:4.2.15.Final from org.gradle.api.internal.artifacts.ivyservice.ivyresolve.FilteredModuleComponentRepository@58a7b1a4
2026-08-21T16:48:36.643-0300 [DEBUG] [org.gradle.api.internal.artifacts.ivyservice.ivyresolve.RepositoryChainComponentMetaDataResolver] Attempting to resolve component for io.netty:netty-codec-base:4.2.15.Final using repositories [MavenRepo]
2026-08-21T16:48:36.643-0300 [DEBUG] [org.gradle.api.internal.artifacts.ivyservice.ivyresolve.CachingModuleComponentRepository] Using cached module metadata for module 'io.netty:netty-codec-base:4.2.15.Final' in 'MavenRepo'
2026-08-21T16:48:36.643-0300 [DEBUG] [org.gradle.api.internal.artifacts.ivyservice.ivyresolve.RepositoryChainComponentMetaDataResolver] Using io.netty:netty-codec-base:4.2.15.Final from org.gradle.api.internal.artifacts.ivyservice.ivyresolve.FilteredModuleComponentRepository@58a7b1a4
2026-08-21T16:48:36.643-0300 [DEBUG] [io.spring.gradle.dependencymanagement.internal.VersionConfiguringAction] Processing requested dependency 'org.reactivestreams:reactive-streams:1.0.4' with target 'org.reactivestreams:reactive-streams:1.0.4
2026-08-21T16:48:36.643-0300 [DEBUG] [io.spring.gradle.dependencymanagement.internal.DependencyManagementContainer] Found managed version '1.0.4' for dependency 'org.reactivestreams:reactive-streams' in global dependency management
2026-08-21T16:48:36.643-0300 [DEBUG] [io.spring.gradle.dependencymanagement.internal.VersionConfiguringAction] Using version '1.0.4' for dependency 'org.reactivestreams:reactive-streams:1.0.4'
2026-08-21T16:48:36.643-0300 [DEBUG] [org.gradle.api.internal.artifacts.ivyservice.ivyresolve.RepositoryChainComponentMetaDataResolver] Attempting to resolve component for org.reactivestreams:reactive-streams:1.0.4 using repositories [MavenRepo]
2026-08-21T16:48:36.643-0300 [DEBUG] [org.gradle.api.internal.artifacts.ivyservice.ivyresolve.CachingModuleComponentRepository] Using cached module metadata for module 'org.reactivestreams:reactive-streams:1.0.4' in 'MavenRepo'
2026-08-21T16:48:36.643-0300 [DEBUG] [org.gradle.api.internal.artifacts.ivyservice.ivyresolve.RepositoryChainComponentMetaDataResolver] Using org.reactivestreams:reactive-streams:1.0.4 from org.gradle.api.internal.artifacts.ivyservice.ivyresolve.FilteredModuleComponentRepository@58a7b1a4
2026-08-21T16:48:36.643-0300 [DEBUG] [io.spring.gradle.dependencymanagement.internal.VersionConfiguringAction] Processing requested dependency 'io.netty:netty-codec-dns:4.2.15.Final' with target 'io.netty:netty-codec-dns:4.2.15.Final
2026-08-21T16:48:36.644-0300 [DEBUG] [io.spring.gradle.dependencymanagement.internal.DependencyManagementContainer] Found managed version '4.2.15.Final' for dependency 'io.netty:netty-codec-dns' in global dependency management
2026-08-21T16:48:36.644-0300 [DEBUG] [io.spring.gradle.dependencymanagement.internal.VersionConfiguringAction] Using version '4.2.15.Final' for dependency 'io.netty:netty-codec-dns:4.2.15.Final'
2026-08-21T16:48:36.644-0300 [DEBUG] [io.spring.gradle.dependencymanagement.internal.VersionConfiguringAction] Processing requested dependency 'io.netty:netty-handler:4.2.15.Final' with target 'io.netty:netty-handler:4.2.15.Final
2026-08-21T16:48:36.644-0300 [DEBUG] [io.spring.gradle.dependencymanagement.internal.DependencyManagementContainer] Found managed version '4.2.15.Final' for dependency 'io.netty:netty-handler' in global dependency management
2026-08-21T16:48:36.644-0300 [DEBUG] [io.spring.gradle.dependencymanagement.internal.VersionConfiguringAction] Using version '4.2.15.Final' for dependency 'io.netty:netty-handler:4.2.15.Final'
2026-08-21T16:48:36.644-0300 [DEBUG] [org.gradle.api.internal.artifacts.ivyservice.ivyresolve.RepositoryChainComponentMetaDataResolver] Attempting to resolve component for io.netty:netty-codec-dns:4.2.15.Final using repositories [MavenRepo]
2026-08-21T16:48:36.644-0300 [DEBUG] [org.gradle.api.internal.artifacts.ivyservice.ivyresolve.CachingModuleComponentRepository] Using cached module metadata for module 'io.netty:netty-codec-dns:4.2.15.Final' in 'MavenRepo'
2026-08-21T16:48:36.644-0300 [DEBUG] [org.gradle.api.internal.artifacts.ivyservice.ivyresolve.RepositoryChainComponentMetaDataResolver] Using io.netty:netty-codec-dns:4.2.15.Final from org.gradle.api.internal.artifacts.ivyservice.ivyresolve.FilteredModuleComponentRepository@58a7b1a4
2026-08-21T16:48:36.644-0300 [DEBUG] [org.gradle.internal.operations.DefaultBuildOperationRunner] Build operation 'Resolve dependencies of :compileClasspath' completed
2026-08-21T16:48:36.644-0300 [DEBUG] [org.gradle.internal.component.model.LoggingAttributeMatchingExplanationBuilder] Selected match {artifactType=jar, org.gradle.category=library, org.gradle.libraryelements=jar, org.gradle.status=release, org.gradle.usage=java-api} from candidates [{artifactType=jar, org.gradle.category=library, org.gradle.libraryelements=jar, org.gradle.status=release, org.gradle.usage=java-api}] for {org.gradle.category=library, org.gradle.dependency.bundling=external, org.gradle.jvm.environment=standard-jvm, org.gradle.jvm.version=21, org.gradle.libraryelements=classes, org.gradle.usage=java-api}
2026-08-21T16:48:36.644-0300 [DEBUG] [org.gradle.internal.component.model.LoggingAttributeMatchingExplanationBuilder] Selected match {artifactType=jar, org.gradle.category=library, org.gradle.dependency.bundling=external, org.gradle.jvm.version=17, org.gradle.libraryelements=jar, org.gradle.status=release, org.gradle.usage=java-api} from candidates [{artifactType=jar, org.gradle.category=library, org.gradle.dependency.bundling=external, org.gradle.jvm.version=17, org.gradle.libraryelements=jar, org.gradle.status=release, org.gradle.usage=java-api}] for {org.gradle.category=library, org.gradle.dependency.bundling=external, org.gradle.jvm.environment=standard-jvm, org.gradle.jvm.version=21, org.gradle.libraryelements=classes, org.gradle.usage=java-api}
2026-08-21T16:48:36.644-0300 [DEBUG] [org.gradle.internal.component.model.LoggingAttributeMatchingExplanationBuilder] Selected match {artifactType=jar, org.gradle.category=library, org.gradle.dependency.bundling=external, org.gradle.jvm.version=17, org.gradle.libraryelements=jar, org.gradle.status=release, org.gradle.usage=java-api} from candidates [{artifactType=jar, org.gradle.category=library, org.gradle.dependency.bundling=external, org.gradle.jvm.version=17, org.gradle.libraryelements=jar, org.gradle.status=release, org.gradle.usage=java-api}] for {org.gradle.category=library, org.gradle.dependency.bundling=external, org.gradle.jvm.environment=standard-jvm, org.gradle.jvm.version=21, org.gradle.libraryelements=classes, org.gradle.usage=java-api}
2026-08-21T16:48:36.644-0300 [DEBUG] [org.gradle.internal.component.model.LoggingAttributeMatchingExplanationBuilder] Selected match {artifactType=jar, org.gradle.category=library, org.gradle.dependency.bundling=external, org.gradle.jvm.version=17, org.gradle.libraryelements=jar, org.gradle.status=release, org.gradle.usage=java-api} from candidates [{artifactType=jar, org.gradle.category=library, org.gradle.dependency.bundling=external, org.gradle.jvm.version=17, org.gradle.libraryelements=jar, org.gradle.status=release, org.gradle.usage=java-api}] for {org.gradle.category=library, org.gradle.dependency.bundling=external, org.gradle.jvm.environment=standard-jvm, org.gradle.jvm.version=21, org.gradle.libraryelements=classes, org.gradle.usage=java-api}
2026-08-21T16:48:36.645-0300 [DEBUG] [org.gradle.internal.component.model.LoggingAttributeMatchingExplanationBuilder] Selected match {artifactType=jar, org.gradle.category=library, org.gradle.dependency.bundling=external, org.gradle.jvm.version=17, org.gradle.libraryelements=jar, org.gradle.status=release, org.gradle.usage=java-api} from candidates [{artifactType=jar, org.gradle.category=library, org.gradle.dependency.bundling=external, org.gradle.jvm.version=17, org.gradle.libraryelements=jar, org.gradle.status=release, org.gradle.usage=java-api}] for {org.gradle.category=library, org.gradle.dependency.bundling=external, org.gradle.jvm.environment=standard-jvm, org.gradle.jvm.version=21, org.gradle.libraryelements=classes, org.gradle.usage=java-api}
2026-08-21T16:48:36.645-0300 [DEBUG] [org.gradle.internal.component.model.LoggingAttributeMatchingExplanationBuilder] Selected match {artifactType=jar, org.gradle.category=library, org.gradle.dependency.bundling=external, org.gradle.jvm.version=17, org.gradle.libraryelements=jar, org.gradle.status=release, org.gradle.usage=java-api} from candidates [{artifactType=jar, org.gradle.category=library, org.gradle.dependency.bundling=external, org.gradle.jvm.version=17, org.gradle.libraryelements=jar, org.gradle.status=release, org.gradle.usage=java-api}] for {org.gradle.category=library, org.gradle.dependency.bundling=external, org.gradle.jvm.environment=standard-jvm, org.gradle.jvm.version=21, org.gradle.libraryelements=classes, org.gradle.usage=java-api}
2026-08-21T16:48:36.645-0300 [DEBUG] [org.gradle.internal.component.model.LoggingAttributeMatchingExplanationBuilder] Selected match {artifactType=jar, org.gradle.category=library, org.gradle.dependency.bundling=external, org.gradle.jvm.version=17, org.gradle.libraryelements=jar, org.gradle.status=release, org.gradle.usage=java-api} from candidates [{artifactType=jar, org.gradle.category=library, org.gradle.dependency.bundling=external, org.gradle.jvm.version=17, org.gradle.libraryelements=jar, org.gradle.status=release, org.gradle.usage=java-api}] for {org.gradle.category=library, org.gradle.dependency.bundling=external, org.gradle.jvm.environment=standard-jvm, org.gradle.jvm.version=21, org.gradle.libraryelements=classes, org.gradle.usage=java-api}
2026-08-21T16:48:36.645-0300 [DEBUG] [org.gradle.internal.component.model.LoggingAttributeMatchingExplanationBuilder] Selected match {artifactType=jar, org.gradle.category=library, org.gradle.dependency.bundling=external, org.gradle.jvm.version=17, org.gradle.libraryelements=jar, org.gradle.status=release, org.gradle.usage=java-api} from candidates [{artifactType=jar, org.gradle.category=library, org.gradle.dependency.bundling=external, org.gradle.jvm.version=17, org.gradle.libraryelements=jar, org.gradle.status=release, org.gradle.usage=java-api}] for {org.gradle.category=library, org.gradle.dependency.bundling=external, org.gradle.jvm.environment=standard-jvm, org.gradle.jvm.version=21, org.gradle.libraryelements=classes, org.gradle.usage=java-api}
2026-08-21T16:48:36.645-0300 [DEBUG] [org.gradle.internal.component.model.LoggingAttributeMatchingExplanationBuilder] Selected match {artifactType=jar, org.gradle.category=library, org.gradle.libraryelements=jar, org.gradle.status=release, org.gradle.usage=java-api} from candidates [{artifactType=jar, org.gradle.category=library, org.gradle.libraryelements=jar, org.gradle.status=release, org.gradle.usage=java-api}] for {org.gradle.category=library, org.gradle.dependency.bundling=external, org.gradle.jvm.environment=standard-jvm, org.gradle.jvm.version=21, org.gradle.libraryelements=classes, org.gradle.usage=java-api}
2026-08-21T16:48:36.645-0300 [DEBUG] [org.gradle.internal.component.model.LoggingAttributeMatchingExplanationBuilder] Selected match {org.gradle.category=platform, org.gradle.status=release, org.gradle.usage=java-api} from candidates [{org.gradle.category=platform, org.gradle.status=release, org.gradle.usage=java-api}] for {org.gradle.category=platform, org.gradle.dependency.bundling=external, org.gradle.jvm.environment=standard-jvm, org.gradle.jvm.version=21, org.gradle.libraryelements=classes, org.gradle.usage=java-api}
2026-08-21T16:48:36.645-0300 [DEBUG] [org.gradle.internal.component.model.LoggingAttributeMatchingExplanationBuilder] Selected match {artifactType=jar, org.gradle.category=library, org.gradle.dependency.bundling=external, org.gradle.jvm.version=17, org.gradle.libraryelements=jar, org.gradle.status=release, org.gradle.usage=java-api} from candidates [{artifactType=jar, org.gradle.category=library, org.gradle.dependency.bundling=external, org.gradle.jvm.version=17, org.gradle.libraryelements=jar, org.gradle.status=release, org.gradle.usage=java-api}] for {org.gradle.category=library, org.gradle.dependency.bundling=external, org.gradle.jvm.environment=standard-jvm, org.gradle.jvm.version=21, org.gradle.libraryelements=classes, org.gradle.usage=java-api}
2026-08-21T16:48:36.645-0300 [DEBUG] [org.gradle.internal.component.model.LoggingAttributeMatchingExplanationBuilder] Selected match {artifactType=jar, org.gradle.category=library, org.gradle.dependency.bundling=external, org.gradle.jvm.version=17, org.gradle.libraryelements=jar, org.gradle.status=release, org.gradle.usage=java-api} from candidates [{artifactType=jar, org.gradle.category=library, org.gradle.dependency.bundling=external, org.gradle.jvm.version=17, org.gradle.libraryelements=jar, org.gradle.status=release, org.gradle.usage=java-api}] for {org.gradle.category=library, org.gradle.dependency.bundling=external, org.gradle.jvm.environment=standard-jvm, org.gradle.jvm.version=21, org.gradle.libraryelements=classes, org.gradle.usage=java-api}
2026-08-21T16:48:36.645-0300 [DEBUG] [org.gradle.internal.component.model.LoggingAttributeMatchingExplanationBuilder] Selected match {artifactType=jar, org.gradle.category=library, org.gradle.dependency.bundling=external, org.gradle.jvm.version=17, org.gradle.libraryelements=jar, org.gradle.status=release, org.gradle.usage=java-api} from candidates [{artifactType=jar, org.gradle.category=library, org.gradle.dependency.bundling=external, org.gradle.jvm.version=17, org.gradle.libraryelements=jar, org.gradle.status=release, org.gradle.usage=java-api}] for {org.gradle.category=library, org.gradle.dependency.bundling=external, org.gradle.jvm.environment=standard-jvm, org.gradle.jvm.version=21, org.gradle.libraryelements=classes, org.gradle.usage=java-api}
2026-08-21T16:48:36.645-0300 [DEBUG] [org.gradle.internal.component.model.LoggingAttributeMatchingExplanationBuilder] Selected match {artifactType=jar, org.gradle.category=library, org.gradle.dependency.bundling=external, org.gradle.jvm.version=17, org.gradle.libraryelements=jar, org.gradle.status=release, org.gradle.usage=java-api} from candidates [{artifactType=jar, org.gradle.category=library, org.gradle.dependency.bundling=external, org.gradle.jvm.version=17, org.gradle.libraryelements=jar, org.gradle.status=release, org.gradle.usage=java-api}] for {org.gradle.category=library, org.gradle.dependency.bundling=external, org.gradle.jvm.environment=standard-jvm, org.gradle.jvm.version=21, org.gradle.libraryelements=classes, org.gradle.usage=java-api}
2026-08-21T16:48:36.645-0300 [DEBUG] [org.gradle.internal.component.model.LoggingAttributeMatchingExplanationBuilder] Selected match {artifactType=jar, org.gradle.category=library, org.gradle.libraryelements=jar, org.gradle.status=release, org.gradle.usage=java-api} from candidates [{artifactType=jar, org.gradle.category=library, org.gradle.libraryelements=jar, org.gradle.status=release, org.gradle.usage=java-api}] for {org.gradle.category=library, org.gradle.dependency.bundling=external, org.gradle.jvm.environment=standard-jvm, org.gradle.jvm.version=21, org.gradle.libraryelements=classes, org.gradle.usage=java-api}
2026-08-21T16:48:36.645-0300 [DEBUG] [org.gradle.internal.component.model.LoggingAttributeMatchingExplanationBuilder] Selected match {artifactType=jar, org.gradle.category=library, org.gradle.libraryelements=jar, org.gradle.status=release, org.gradle.usage=java-api} from candidates [{artifactType=jar, org.gradle.category=library, org.gradle.libraryelements=jar, org.gradle.status=release, org.gradle.usage=java-api}] for {org.gradle.category=library, org.gradle.dependency.bundling=external, org.gradle.jvm.environment=standard-jvm, org.gradle.jvm.version=21, org.gradle.libraryelements=classes, org.gradle.usage=java-api}
2026-08-21T16:48:36.645-0300 [DEBUG] [org.gradle.internal.component.model.LoggingAttributeMatchingExplanationBuilder] Selected match {artifactType=jar, org.gradle.category=library, org.gradle.libraryelements=jar, org.gradle.status=release, org.gradle.usage=java-api} from candidates [{artifactType=jar, org.gradle.category=library, org.gradle.libraryelements=jar, org.gradle.status=release, org.gradle.usage=java-api}] for {org.gradle.category=library, org.gradle.dependency.bundling=external, org.gradle.jvm.environment=standard-jvm, org.gradle.jvm.version=21, org.gradle.libraryelements=classes, org.gradle.usage=java-api}
2026-08-21T16:48:36.645-0300 [DEBUG] [org.gradle.internal.component.model.LoggingAttributeMatchingExplanationBuilder] Selected match {artifactType=jar, org.gradle.category=library, org.gradle.dependency.bundling=external, org.gradle.jvm.version=17, org.gradle.libraryelements=jar, org.gradle.status=release, org.gradle.usage=java-api} from candidates [{artifactType=jar, org.gradle.category=library, org.gradle.dependency.bundling=external, org.gradle.jvm.version=17, org.gradle.libraryelements=jar, org.gradle.status=release, org.gradle.usage=java-api}] for {org.gradle.category=library, org.gradle.dependency.bundling=external, org.gradle.jvm.environment=standard-jvm, org.gradle.jvm.version=21, org.gradle.libraryelements=classes, org.gradle.usage=java-api}
2026-08-21T16:48:36.645-0300 [DEBUG] [org.gradle.internal.component.model.LoggingAttributeMatchingExplanationBuilder] Selected match {artifactType=jar, org.gradle.category=library, org.gradle.dependency.bundling=external, org.gradle.jvm.version=17, org.gradle.libraryelements=jar, org.gradle.status=release, org.gradle.usage=java-api} from candidates [{artifactType=jar, org.gradle.category=library, org.gradle.dependency.bundling=external, org.gradle.jvm.version=17, org.gradle.libraryelements=jar, org.gradle.status=release, org.gradle.usage=java-api}] for {org.gradle.category=library, org.gradle.dependency.bundling=external, org.gradle.jvm.environment=standard-jvm, org.gradle.jvm.version=21, org.gradle.libraryelements=classes, org.gradle.usage=java-api}
2026-08-21T16:48:36.645-0300 [DEBUG] [org.gradle.internal.component.model.LoggingAttributeMatchingExplanationBuilder] Selected match {artifactType=jar, org.gradle.category=library, org.gradle.dependency.bundling=external, org.gradle.jvm.version=17, org.gradle.libraryelements=jar, org.gradle.status=release, org.gradle.usage=java-api} from candidates [{artifactType=jar, org.gradle.category=library, org.gradle.dependency.bundling=external, org.gradle.jvm.version=17, org.gradle.libraryelements=jar, org.gradle.status=release, org.gradle.usage=java-api}] for {org.gradle.category=library, org.gradle.dependency.bundling=external, org.gradle.jvm.environment=standard-jvm, org.gradle.jvm.version=21, org.gradle.libraryelements=classes, org.gradle.usage=java-api}
2026-08-21T16:48:36.645-0300 [DEBUG] [org.gradle.internal.component.model.LoggingAttributeMatchingExplanationBuilder] Selected match {artifactType=jar, org.gradle.category=library, org.gradle.dependency.bundling=external, org.gradle.jvm.version=17, org.gradle.libraryelements=jar, org.gradle.status=release, org.gradle.usage=java-api} from candidates [{artifactType=jar, org.gradle.category=library, org.gradle.dependency.bundling=external, org.gradle.jvm.version=17, org.gradle.libraryelements=jar, org.gradle.status=release, org.gradle.usage=java-api}] for {org.gradle.category=library, org.gradle.dependency.bundling=external, org.gradle.jvm.environment=standard-jvm, org.gradle.jvm.version=21, org.gradle.libraryelements=classes, org.gradle.usage=java-api}
2026-08-21T16:48:36.645-0300 [DEBUG] [org.gradle.internal.component.model.LoggingAttributeMatchingExplanationBuilder] Selected match {artifactType=jar, org.gradle.category=library, org.gradle.dependency.bundling=external, org.gradle.jvm.version=17, org.gradle.libraryelements=jar, org.gradle.status=release, org.gradle.usage=java-api} from candidates [{artifactType=jar, org.gradle.category=library, org.gradle.dependency.bundling=external, org.gradle.jvm.version=17, org.gradle.libraryelements=jar, org.gradle.status=release, org.gradle.usage=java-api}] for {org.gradle.category=library, org.gradle.dependency.bundling=external, org.gradle.jvm.environment=standard-jvm, org.gradle.jvm.version=21, org.gradle.libraryelements=classes, org.gradle.usage=java-api}
2026-08-21T16:48:36.645-0300 [DEBUG] [org.gradle.internal.component.model.LoggingAttributeMatchingExplanationBuilder] Selected match {artifactType=jar, org.gradle.category=library, org.gradle.dependency.bundling=external, org.gradle.jvm.version=17, org.gradle.libraryelements=jar, org.gradle.status=release, org.gradle.usage=java-api} from candidates [{artifactType=jar, org.gradle.category=library, org.gradle.dependency.bundling=external, org.gradle.jvm.version=17, org.gradle.libraryelements=jar, org.gradle.status=release, org.gradle.usage=java-api}] for {org.gradle.category=library, org.gradle.dependency.bundling=external, org.gradle.jvm.environment=standard-jvm, org.gradle.jvm.version=21, org.gradle.libraryelements=classes, org.gradle.usage=java-api}
2026-08-21T16:48:36.645-0300 [DEBUG] [org.gradle.internal.component.model.LoggingAttributeMatchingExplanationBuilder] Selected match {artifactType=jar, org.gradle.category=library, org.gradle.dependency.bundling=external, org.gradle.libraryelements=jar, org.gradle.status=release, org.gradle.usage=java-api} from candidates [{artifactType=jar, org.gradle.category=library, org.gradle.dependency.bundling=external, org.gradle.libraryelements=jar, org.gradle.status=release, org.gradle.usage=java-api}] for {org.gradle.category=library, org.gradle.dependency.bundling=external, org.gradle.jvm.environment=standard-jvm, org.gradle.jvm.version=21, org.gradle.libraryelements=classes, org.gradle.usage=java-api}
2026-08-21T16:48:36.645-0300 [DEBUG] [org.gradle.internal.component.model.LoggingAttributeMatchingExplanationBuilder] Selected match {org.gradle.category=platform, org.gradle.status=release, org.gradle.usage=java-api} from candidates [{org.gradle.category=platform, org.gradle.status=release, org.gradle.usage=java-api}] for {org.gradle.category=platform, org.gradle.dependency.bundling=external, org.gradle.jvm.environment=standard-jvm, org.gradle.jvm.version=21, org.gradle.libraryelements=classes, org.gradle.usage=java-api}
2026-08-21T16:48:36.645-0300 [DEBUG] [org.gradle.internal.component.model.LoggingAttributeMatchingExplanationBuilder] Selected match {org.gradle.category=platform, org.gradle.status=release, org.gradle.usage=java-api} from candidates [{org.gradle.category=platform, org.gradle.status=release, org.gradle.usage=java-api}] for {org.gradle.category=platform, org.gradle.dependency.bundling=external, org.gradle.jvm.environment=standard-jvm, org.gradle.jvm.version=21, org.gradle.libraryelements=classes, org.gradle.usage=java-api}
2026-08-21T16:48:36.645-0300 [DEBUG] [org.gradle.internal.component.model.LoggingAttributeMatchingExplanationBuilder] Selected match {artifactType=jar, org.gradle.category=library, org.gradle.dependency.bundling=external, org.gradle.libraryelements=jar, org.gradle.status=release, org.gradle.usage=java-api} from candidates [{artifactType=jar, org.gradle.category=library, org.gradle.dependency.bundling=external, org.gradle.libraryelements=jar, org.gradle.status=release, org.gradle.usage=java-api}] for {org.gradle.category=library, org.gradle.dependency.bundling=external, org.gradle.jvm.environment=standard-jvm, org.gradle.jvm.version=21, org.gradle.libraryelements=classes, org.gradle.usage=java-api}
2026-08-21T16:48:36.645-0300 [DEBUG] [org.gradle.internal.component.model.LoggingAttributeMatchingExplanationBuilder] Selected match {artifactType=jar, org.gradle.category=library, org.gradle.dependency.bundling=external, org.gradle.jvm.version=17, org.gradle.libraryelements=jar, org.gradle.status=release, org.gradle.usage=java-api} from candidates [{artifactType=jar, org.gradle.category=library, org.gradle.dependency.bundling=external, org.gradle.jvm.version=17, org.gradle.libraryelements=jar, org.gradle.status=release, org.gradle.usage=java-api}] for {org.gradle.category=library, org.gradle.dependency.bundling=external, org.gradle.jvm.environment=standard-jvm, org.gradle.jvm.version=21, org.gradle.libraryelements=classes, org.gradle.usage=java-api}
2026-08-21T16:48:36.645-0300 [DEBUG] [org.gradle.internal.component.model.LoggingAttributeMatchingExplanationBuilder] Selected match {artifactType=jar, org.gradle.category=library, org.gradle.dependency.bundling=external, org.gradle.jvm.environment=standard-jvm, org.gradle.jvm.version=17, org.gradle.libraryelements=jar, org.gradle.status=release, org.gradle.usage=java-api, org.jetbrains.kotlin.platform.type=jvm} from candidates [{artifactType=jar, org.gradle.category=library, org.gradle.dependency.bundling=external, org.gradle.jvm.environment=standard-jvm, org.gradle.jvm.version=17, org.gradle.libraryelements=jar, org.gradle.status=release, org.gradle.usage=java-api, org.jetbrains.kotlin.platform.type=jvm}] for {org.gradle.category=library, org.gradle.dependency.bundling=external, org.gradle.jvm.environment=standard-jvm, org.gradle.jvm.version=21, org.gradle.libraryelements=classes, org.gradle.usage=java-api}
2026-08-21T16:48:36.645-0300 [DEBUG] [org.gradle.internal.component.model.LoggingAttributeMatchingExplanationBuilder] Selected match {artifactType=jar, org.gradle.category=library, org.gradle.libraryelements=jar, org.gradle.status=release, org.gradle.usage=java-api} from candidates [{artifactType=jar, org.gradle.category=library, org.gradle.libraryelements=jar, org.gradle.status=release, org.gradle.usage=java-api}] for {org.gradle.category=library, org.gradle.dependency.bundling=external, org.gradle.jvm.environment=standard-jvm, org.gradle.jvm.version=21, org.gradle.libraryelements=classes, org.gradle.usage=java-api}
2026-08-21T16:48:36.645-0300 [DEBUG] [org.gradle.internal.component.model.LoggingAttributeMatchingExplanationBuilder] Selected match {artifactType=jar, org.gradle.category=library, org.gradle.dependency.bundling=external, org.gradle.libraryelements=jar, org.gradle.status=release, org.gradle.usage=java-api} from candidates [{artifactType=jar, org.gradle.category=library, org.gradle.dependency.bundling=external, org.gradle.libraryelements=jar, org.gradle.status=release, org.gradle.usage=java-api}] for {org.gradle.category=library, org.gradle.dependency.bundling=external, org.gradle.jvm.environment=standard-jvm, org.gradle.jvm.version=21, org.gradle.libraryelements=classes, org.gradle.usage=java-api}
2026-08-21T16:48:36.645-0300 [DEBUG] [org.gradle.internal.component.model.LoggingAttributeMatchingExplanationBuilder] Selected match {artifactType=jar, org.gradle.category=library, org.gradle.libraryelements=jar, org.gradle.status=release, org.gradle.usage=java-api} from candidates [{artifactType=jar, org.gradle.category=library, org.gradle.libraryelements=jar, org.gradle.status=release, org.gradle.usage=java-api}] for {org.gradle.category=library, org.gradle.dependency.bundling=external, org.gradle.jvm.environment=standard-jvm, org.gradle.jvm.version=21, org.gradle.libraryelements=classes, org.gradle.usage=java-api}
2026-08-21T16:48:36.645-0300 [DEBUG] [org.gradle.internal.component.model.LoggingAttributeMatchingExplanationBuilder] Selected match {artifactType=jar, org.gradle.category=library, org.gradle.dependency.bundling=external, org.gradle.jvm.version=17, org.gradle.libraryelements=jar, org.gradle.status=release, org.gradle.usage=java-api} from candidates [{artifactType=jar, org.gradle.category=library, org.gradle.dependency.bundling=external, org.gradle.jvm.version=17, org.gradle.libraryelements=jar, org.gradle.status=release, org.gradle.usage=java-api}] for {org.gradle.category=library, org.gradle.dependency.bundling=external, org.gradle.jvm.environment=standard-jvm, org.gradle.jvm.version=21, org.gradle.libraryelements=classes, org.gradle.usage=java-api}
2026-08-21T16:48:36.645-0300 [DEBUG] [org.gradle.internal.component.model.LoggingAttributeMatchingExplanationBuilder] Selected match {artifactType=jar, org.gradle.category=library, org.gradle.dependency.bundling=external, org.gradle.jvm.version=17, org.gradle.libraryelements=jar, org.gradle.status=release, org.gradle.usage=java-api} from candidates [{artifactType=jar, org.gradle.category=library, org.gradle.dependency.bundling=external, org.gradle.jvm.version=17, org.gradle.libraryelements=jar, org.gradle.status=release, org.gradle.usage=java-api}] for {org.gradle.category=library, org.gradle.dependency.bundling=external, org.gradle.jvm.environment=standard-jvm, org.gradle.jvm.version=21, org.gradle.libraryelements=classes, org.gradle.usage=java-api}
2026-08-21T16:48:36.645-0300 [DEBUG] [org.gradle.internal.component.model.LoggingAttributeMatchingExplanationBuilder] Selected match {artifactType=jar, org.gradle.category=library, org.gradle.dependency.bundling=external, org.gradle.jvm.version=17, org.gradle.libraryelements=jar, org.gradle.status=release, org.gradle.usage=java-api} from candidates [{artifactType=jar, org.gradle.category=library, org.gradle.dependency.bundling=external, org.gradle.jvm.version=17, org.gradle.libraryelements=jar, org.gradle.status=release, org.gradle.usage=java-api}] for {org.gradle.category=library, org.gradle.dependency.bundling=external, org.gradle.jvm.environment=standard-jvm, org.gradle.jvm.version=21, org.gradle.libraryelements=classes, org.gradle.usage=java-api}
2026-08-21T16:48:36.645-0300 [DEBUG] [org.gradle.internal.component.model.LoggingAttributeMatchingExplanationBuilder] Selected match {artifactType=jar, org.gradle.category=library, org.gradle.dependency.bundling=external, org.gradle.jvm.version=17, org.gradle.libraryelements=jar, org.gradle.status=release, org.gradle.usage=java-api} from candidates [{artifactType=jar, org.gradle.category=library, org.gradle.dependency.bundling=external, org.gradle.jvm.version=17, org.gradle.libraryelements=jar, org.gradle.status=release, org.gradle.usage=java-api}] for {org.gradle.category=library, org.gradle.dependency.bundling=external, org.gradle.jvm.environment=standard-jvm, org.gradle.jvm.version=21, org.gradle.libraryelements=classes, org.gradle.usage=java-api}
2026-08-21T16:48:36.645-0300 [DEBUG] [org.gradle.internal.component.model.LoggingAttributeMatchingExplanationBuilder] Selected match {artifactType=jar, org.gradle.category=library, org.gradle.dependency.bundling=external, org.gradle.jvm.version=17, org.gradle.libraryelements=jar, org.gradle.status=release, org.gradle.usage=java-api} from candidates [{artifactType=jar, org.gradle.category=library, org.gradle.dependency.bundling=external, org.gradle.jvm.version=17, org.gradle.libraryelements=jar, org.gradle.status=release, org.gradle.usage=java-api}] for {org.gradle.category=library, org.gradle.dependency.bundling=external, org.gradle.jvm.environment=standard-jvm, org.gradle.jvm.version=21, org.gradle.libraryelements=classes, org.gradle.usage=java-api}
2026-08-21T16:48:36.645-0300 [DEBUG] [org.gradle.internal.component.model.LoggingAttributeMatchingExplanationBuilder] Selected match {artifactType=jar, org.gradle.category=library, org.gradle.dependency.bundling=external, org.gradle.jvm.version=17, org.gradle.libraryelements=jar, org.gradle.status=release, org.gradle.usage=java-api} from candidates [{artifactType=jar, org.gradle.category=library, org.gradle.dependency.bundling=external, org.gradle.jvm.version=17, org.gradle.libraryelements=jar, org.gradle.status=release, org.gradle.usage=java-api}] for {org.gradle.category=library, org.gradle.dependency.bundling=external, org.gradle.jvm.environment=standard-jvm, org.gradle.jvm.version=21, org.gradle.libraryelements=classes, org.gradle.usage=java-api}
2026-08-21T16:48:36.645-0300 [DEBUG] [org.gradle.internal.component.model.LoggingAttributeMatchingExplanationBuilder] Selected match {artifactType=jar, org.gradle.category=library, org.gradle.dependency.bundling=external, org.gradle.jvm.version=17, org.gradle.libraryelements=jar, org.gradle.status=release, org.gradle.usage=java-api} from candidates [{artifactType=jar, org.gradle.category=library, org.gradle.dependency.bundling=external, org.gradle.jvm.version=17, org.gradle.libraryelements=jar, org.gradle.status=release, org.gradle.usage=java-api}] for {org.gradle.category=library, org.gradle.dependency.bundling=external, org.gradle.jvm.environment=standard-jvm, org.gradle.jvm.version=21, org.gradle.libraryelements=classes, org.gradle.usage=java-api}
2026-08-21T16:48:36.646-0300 [DEBUG] [org.gradle.internal.component.model.LoggingAttributeMatchingExplanationBuilder] Selected match {artifactType=jar, org.gradle.category=library, org.gradle.dependency.bundling=external, org.gradle.jvm.environment=standard-jvm, org.gradle.jvm.version=17, org.gradle.libraryelements=jar, org.gradle.status=release, org.gradle.usage=java-api, org.jetbrains.kotlin.platform.type=jvm} from candidates [{artifactType=jar, org.gradle.category=library, org.gradle.dependency.bundling=external, org.gradle.jvm.environment=standard-jvm, org.gradle.jvm.version=17, org.gradle.libraryelements=jar, org.gradle.status=release, org.gradle.usage=java-api, org.jetbrains.kotlin.platform.type=jvm}] for {org.gradle.category=library, org.gradle.dependency.bundling=external, org.gradle.jvm.environment=standard-jvm, org.gradle.jvm.version=21, org.gradle.libraryelements=classes, org.gradle.usage=java-api}
2026-08-21T16:48:36.646-0300 [DEBUG] [org.gradle.internal.component.model.LoggingAttributeMatchingExplanationBuilder] Selected match {artifactType=jar, org.gradle.category=library, org.gradle.dependency.bundling=external, org.gradle.jvm.environment=standard-jvm, org.gradle.jvm.version=17, org.gradle.libraryelements=jar, org.gradle.status=release, org.gradle.usage=java-api, org.jetbrains.kotlin.platform.type=jvm} from candidates [{artifactType=jar, org.gradle.category=library, org.gradle.dependency.bundling=external, org.gradle.jvm.environment=standard-jvm, org.gradle.jvm.version=17, org.gradle.libraryelements=jar, org.gradle.status=release, org.gradle.usage=java-api, org.jetbrains.kotlin.platform.type=jvm}] for {org.gradle.category=library, org.gradle.dependency.bundling=external, org.gradle.jvm.environment=standard-jvm, org.gradle.jvm.version=21, org.gradle.libraryelements=classes, org.gradle.usage=java-api}
2026-08-21T16:48:36.646-0300 [DEBUG] [org.gradle.internal.component.model.LoggingAttributeMatchingExplanationBuilder] Selected match {artifactType=jar, org.gradle.category=library, org.gradle.dependency.bundling=external, org.gradle.jvm.environment=standard-jvm, org.gradle.jvm.version=17, org.gradle.libraryelements=jar, org.gradle.status=release, org.gradle.usage=java-api, org.jetbrains.kotlin.platform.type=jvm} from candidates [{artifactType=jar, org.gradle.category=library, org.gradle.dependency.bundling=external, org.gradle.jvm.environment=standard-jvm, org.gradle.jvm.version=17, org.gradle.libraryelements=jar, org.gradle.status=release, org.gradle.usage=java-api, org.jetbrains.kotlin.platform.type=jvm}] for {org.gradle.category=library, org.gradle.dependency.bundling=external, org.gradle.jvm.environment=standard-jvm, org.gradle.jvm.version=21, org.gradle.libraryelements=classes, org.gradle.usage=java-api}
2026-08-21T16:48:36.646-0300 [DEBUG] [org.gradle.internal.component.model.LoggingAttributeMatchingExplanationBuilder] Selected match {artifactType=jar, org.gradle.category=library, org.gradle.libraryelements=jar, org.gradle.status=release, org.gradle.usage=java-api} from candidates [{artifactType=jar, org.gradle.category=library, org.gradle.libraryelements=jar, org.gradle.status=release, org.gradle.usage=java-api}] for {org.gradle.category=library, org.gradle.dependency.bundling=external, org.gradle.jvm.environment=standard-jvm, org.gradle.jvm.version=21, org.gradle.libraryelements=classes, org.gradle.usage=java-api}
2026-08-21T16:48:36.646-0300 [DEBUG] [org.gradle.internal.component.model.LoggingAttributeMatchingExplanationBuilder] Selected match {artifactType=jar, org.gradle.category=library, org.gradle.dependency.bundling=external, org.gradle.jvm.version=17, org.gradle.libraryelements=jar, org.gradle.status=release, org.gradle.usage=java-api} from candidates [{artifactType=jar, org.gradle.category=library, org.gradle.dependency.bundling=external, org.gradle.jvm.version=17, org.gradle.libraryelements=jar, org.gradle.status=release, org.gradle.usage=java-api}] for {org.gradle.category=library, org.gradle.dependency.bundling=external, org.gradle.jvm.environment=standard-jvm, org.gradle.jvm.version=21, org.gradle.libraryelements=classes, org.gradle.usage=java-api}
2026-08-21T16:48:36.646-0300 [DEBUG] [org.gradle.internal.component.model.LoggingAttributeMatchingExplanationBuilder] Selected match {artifactType=jar, org.gradle.category=library, org.gradle.dependency.bundling=external, org.gradle.jvm.version=17, org.gradle.libraryelements=jar, org.gradle.status=release, org.gradle.usage=java-api} from candidates [{artifactType=jar, org.gradle.category=library, org.gradle.dependency.bundling=external, org.gradle.jvm.version=17, org.gradle.libraryelements=jar, org.gradle.status=release, org.gradle.usage=java-api}] for {org.gradle.category=library, org.gradle.dependency.bundling=external, org.gradle.jvm.environment=standard-jvm, org.gradle.jvm.version=21, org.gradle.libraryelements=classes, org.gradle.usage=java-api}
2026-08-21T16:48:36.646-0300 [DEBUG] [org.gradle.internal.component.model.LoggingAttributeMatchingExplanationBuilder] Selected match {artifactType=jar, org.gradle.category=library, org.gradle.dependency.bundling=external, org.gradle.jvm.environment=standard-jvm, org.gradle.jvm.version=17, org.gradle.libraryelements=jar, org.gradle.status=release, org.gradle.usage=java-api, org.jetbrains.kotlin.platform.type=jvm} from candidates [{artifactType=jar, org.gradle.category=library, org.gradle.dependency.bundling=external, org.gradle.jvm.environment=standard-jvm, org.gradle.jvm.version=17, org.gradle.libraryelements=jar, org.gradle.status=release, org.gradle.usage=java-api, org.jetbrains.kotlin.platform.type=jvm}] for {org.gradle.category=library, org.gradle.dependency.bundling=external, org.gradle.jvm.environment=standard-jvm, org.gradle.jvm.version=21, org.gradle.libraryelements=classes, org.gradle.usage=java-api}
2026-08-21T16:48:36.646-0300 [DEBUG] [org.gradle.internal.component.model.LoggingAttributeMatchingExplanationBuilder] Selected match {artifactType=jar, org.gradle.category=library, org.gradle.dependency.bundling=external, org.gradle.libraryelements=jar, org.gradle.status=release, org.gradle.usage=java-api} from candidates [{artifactType=jar, org.gradle.category=library, org.gradle.dependency.bundling=external, org.gradle.libraryelements=jar, org.gradle.status=release, org.gradle.usage=java-api}] for {org.gradle.category=library, org.gradle.dependency.bundling=external, org.gradle.jvm.environment=standard-jvm, org.gradle.jvm.version=21, org.gradle.libraryelements=classes, org.gradle.usage=java-api}
2026-08-21T16:48:36.646-0300 [DEBUG] [org.gradle.internal.component.model.LoggingAttributeMatchingExplanationBuilder] Selected match {artifactType=jar, org.gradle.category=library, org.gradle.libraryelements=jar, org.gradle.status=release, org.gradle.usage=java-api} from candidates [{artifactType=jar, org.gradle.category=library, org.gradle.libraryelements=jar, org.gradle.status=release, org.gradle.usage=java-api}] for {org.gradle.category=library, org.gradle.dependency.bundling=external, org.gradle.jvm.environment=standard-jvm, org.gradle.jvm.version=21, org.gradle.libraryelements=classes, org.gradle.usage=java-api}
2026-08-21T16:48:36.646-0300 [DEBUG] [org.gradle.internal.component.model.LoggingAttributeMatchingExplanationBuilder] Selected match {artifactType=jar, org.gradle.category=library, org.gradle.libraryelements=jar, org.gradle.status=release, org.gradle.usage=java-api} from candidates [{artifactType=jar, org.gradle.category=library, org.gradle.libraryelements=jar, org.gradle.status=release, org.gradle.usage=java-api}] for {org.gradle.category=library, org.gradle.dependency.bundling=external, org.gradle.jvm.environment=standard-jvm, org.gradle.jvm.version=21, org.gradle.libraryelements=classes, org.gradle.usage=java-api}
2026-08-21T16:48:36.646-0300 [DEBUG] [org.gradle.internal.component.model.LoggingAttributeMatchingExplanationBuilder] Selected match {artifactType=jar, org.gradle.category=library, org.gradle.libraryelements=jar, org.gradle.status=release, org.gradle.usage=java-api} from candidates [{artifactType=jar, org.gradle.category=library, org.gradle.libraryelements=jar, org.gradle.status=release, org.gradle.usage=java-api}] for {org.gradle.category=library, org.gradle.dependency.bundling=external, org.gradle.jvm.environment=standard-jvm, org.gradle.jvm.version=21, org.gradle.libraryelements=classes, org.gradle.usage=java-api}
2026-08-21T16:48:36.646-0300 [DEBUG] [org.gradle.internal.component.model.LoggingAttributeMatchingExplanationBuilder] Selected match {artifactType=jar, org.gradle.category=library, org.gradle.dependency.bundling=external, org.gradle.jvm.version=17, org.gradle.libraryelements=jar, org.gradle.status=release, org.gradle.usage=java-api} from candidates [{artifactType=jar, org.gradle.category=library, org.gradle.dependency.bundling=external, org.gradle.jvm.version=17, org.gradle.libraryelements=jar, org.gradle.status=release, org.gradle.usage=java-api}] for {org.gradle.category=library, org.gradle.dependency.bundling=external, org.gradle.jvm.environment=standard-jvm, org.gradle.jvm.version=21, org.gradle.libraryelements=classes, org.gradle.usage=java-api}
2026-08-21T16:48:36.646-0300 [DEBUG] [org.gradle.internal.component.model.LoggingAttributeMatchingExplanationBuilder] Selected match {artifactType=jar, org.gradle.category=library, org.gradle.dependency.bundling=external, org.gradle.jvm.environment=standard-jvm, org.gradle.jvm.version=17, org.gradle.libraryelements=jar, org.gradle.status=release, org.gradle.usage=java-api, org.jetbrains.kotlin.platform.type=jvm} from candidates [{artifactType=jar, org.gradle.category=library, org.gradle.dependency.bundling=external, org.gradle.jvm.environment=standard-jvm, org.gradle.jvm.version=17, org.gradle.libraryelements=jar, org.gradle.status=release, org.gradle.usage=java-api, org.jetbrains.kotlin.platform.type=jvm}] for {org.gradle.category=library, org.gradle.dependency.bundling=external, org.gradle.jvm.environment=standard-jvm, org.gradle.jvm.version=21, org.gradle.libraryelements=classes, org.gradle.usage=java-api}
2026-08-21T16:48:36.646-0300 [DEBUG] [org.gradle.internal.component.model.LoggingAttributeMatchingExplanationBuilder] Selected match {artifactType=jar, org.gradle.category=library, org.gradle.dependency.bundling=external, org.gradle.jvm.environment=standard-jvm, org.gradle.jvm.version=17, org.gradle.libraryelements=jar, org.gradle.status=release, org.gradle.usage=java-api, org.jetbrains.kotlin.platform.type=jvm} from candidates [{artifactType=jar, org.gradle.category=library, org.gradle.dependency.bundling=external, org.gradle.jvm.environment=standard-jvm, org.gradle.jvm.version=17, org.gradle.libraryelements=jar, org.gradle.status=release, org.gradle.usage=java-api, org.jetbrains.kotlin.platform.type=jvm}] for {org.gradle.category=library, org.gradle.dependency.bundling=external, org.gradle.jvm.environment=standard-jvm, org.gradle.jvm.version=21, org.gradle.libraryelements=classes, org.gradle.usage=java-api}
2026-08-21T16:48:36.646-0300 [DEBUG] [org.gradle.internal.component.model.LoggingAttributeMatchingExplanationBuilder] Selected match {artifactType=jar, org.gradle.category=library, org.gradle.libraryelements=jar, org.gradle.status=release, org.gradle.usage=java-api} from candidates [{artifactType=jar, org.gradle.category=library, org.gradle.libraryelements=jar, org.gradle.status=release, org.gradle.usage=java-api}] for {org.gradle.category=library, org.gradle.dependency.bundling=external, org.gradle.jvm.environment=standard-jvm, org.gradle.jvm.version=21, org.gradle.libraryelements=classes, org.gradle.usage=java-api}
2026-08-21T16:48:36.646-0300 [DEBUG] [org.gradle.internal.component.model.LoggingAttributeMatchingExplanationBuilder] Selected match {artifactType=jar, org.gradle.category=library, org.gradle.dependency.bundling=external, org.gradle.jvm.environment=standard-jvm, org.gradle.jvm.version=17, org.gradle.libraryelements=jar, org.gradle.status=release, org.gradle.usage=java-api, org.jetbrains.kotlin.platform.type=jvm} from candidates [{artifactType=jar, org.gradle.category=library, org.gradle.dependency.bundling=external, org.gradle.jvm.environment=standard-jvm, org.gradle.jvm.version=17, org.gradle.libraryelements=jar, org.gradle.status=release, org.gradle.usage=java-api, org.jetbrains.kotlin.platform.type=jvm}] for {org.gradle.category=library, org.gradle.dependency.bundling=external, org.gradle.jvm.environment=standard-jvm, org.gradle.jvm.version=21, org.gradle.libraryelements=classes, org.gradle.usage=java-api}
2026-08-21T16:48:36.646-0300 [DEBUG] [org.gradle.internal.component.model.LoggingAttributeMatchingExplanationBuilder] Selected match {artifactType=jar, org.gradle.category=library, org.gradle.dependency.bundling=external, org.gradle.jvm.version=17, org.gradle.libraryelements=jar, org.gradle.status=release, org.gradle.usage=java-api} from candidates [{artifactType=jar, org.gradle.category=library, org.gradle.dependency.bundling=external, org.gradle.jvm.version=17, org.gradle.libraryelements=jar, org.gradle.status=release, org.gradle.usage=java-api}] for {org.gradle.category=library, org.gradle.dependency.bundling=external, org.gradle.jvm.environment=standard-jvm, org.gradle.jvm.version=21, org.gradle.libraryelements=classes, org.gradle.usage=java-api}
2026-08-21T16:48:36.646-0300 [DEBUG] [org.gradle.internal.component.model.LoggingAttributeMatchingExplanationBuilder] Selected match {artifactType=jar, org.gradle.category=library, org.gradle.dependency.bundling=external, org.gradle.jvm.environment=standard-jvm, org.gradle.jvm.version=17, org.gradle.libraryelements=jar, org.gradle.status=release, org.gradle.usage=java-api, org.jetbrains.kotlin.platform.type=jvm} from candidates [{artifactType=jar, org.gradle.category=library, org.gradle.dependency.bundling=external, org.gradle.jvm.environment=standard-jvm, org.gradle.jvm.version=17, org.gradle.libraryelements=jar, org.gradle.status=release, org.gradle.usage=java-api, org.jetbrains.kotlin.platform.type=jvm}] for {org.gradle.category=library, org.gradle.dependency.bundling=external, org.gradle.jvm.environment=standard-jvm, org.gradle.jvm.version=21, org.gradle.libraryelements=classes, org.gradle.usage=java-api}
2026-08-21T16:48:36.646-0300 [DEBUG] [org.gradle.internal.component.model.LoggingAttributeMatchingExplanationBuilder] Selected match {artifactType=jar, org.gradle.category=library, org.gradle.dependency.bundling=external, org.gradle.jvm.environment=standard-jvm, org.gradle.jvm.version=17, org.gradle.libraryelements=jar, org.gradle.status=release, org.gradle.usage=java-api, org.jetbrains.kotlin.platform.type=jvm} from candidates [{artifactType=jar, org.gradle.category=library, org.gradle.dependency.bundling=external, org.gradle.jvm.environment=standard-jvm, org.gradle.jvm.version=17, org.gradle.libraryelements=jar, org.gradle.status=release, org.gradle.usage=java-api, org.jetbrains.kotlin.platform.type=jvm}] for {org.gradle.category=library, org.gradle.dependency.bundling=external, org.gradle.jvm.environment=standard-jvm, org.gradle.jvm.version=21, org.gradle.libraryelements=classes, org.gradle.usage=java-api}
2026-08-21T16:48:36.646-0300 [DEBUG] [org.gradle.internal.component.model.LoggingAttributeMatchingExplanationBuilder] Selected match {artifactType=jar, org.gradle.category=library, org.gradle.dependency.bundling=external, org.gradle.jvm.environment=standard-jvm, org.gradle.jvm.version=17, org.gradle.libraryelements=jar, org.gradle.status=release, org.gradle.usage=java-api, org.jetbrains.kotlin.platform.type=jvm} from candidates [{artifactType=jar, org.gradle.category=library, org.gradle.dependency.bundling=external, org.gradle.jvm.environment=standard-jvm, org.gradle.jvm.version=17, org.gradle.libraryelements=jar, org.gradle.status=release, org.gradle.usage=java-api, org.jetbrains.kotlin.platform.type=jvm}] for {org.gradle.category=library, org.gradle.dependency.bundling=external, org.gradle.jvm.environment=standard-jvm, org.gradle.jvm.version=21, org.gradle.libraryelements=classes, org.gradle.usage=java-api}
2026-08-21T16:48:36.646-0300 [DEBUG] [org.gradle.internal.component.model.LoggingAttributeMatchingExplanationBuilder] Selected match {artifactType=jar, org.gradle.category=library, org.gradle.libraryelements=jar, org.gradle.status=release, org.gradle.usage=java-api} from candidates [{artifactType=jar, org.gradle.category=library, org.gradle.libraryelements=jar, org.gradle.status=release, org.gradle.usage=java-api}] for {org.gradle.category=library, org.gradle.dependency.bundling=external, org.gradle.jvm.environment=standard-jvm, org.gradle.jvm.version=21, org.gradle.libraryelements=classes, org.gradle.usage=java-api}
2026-08-21T16:48:36.646-0300 [DEBUG] [org.gradle.internal.component.model.LoggingAttributeMatchingExplanationBuilder] Selected match {artifactType=jar, org.gradle.category=library, org.gradle.libraryelements=jar, org.gradle.status=release, org.gradle.usage=java-api} from candidates [{artifactType=jar, org.gradle.category=library, org.gradle.libraryelements=jar, org.gradle.status=release, org.gradle.usage=java-api}] for {org.gradle.category=library, org.gradle.dependency.bundling=external, org.gradle.jvm.environment=standard-jvm, org.gradle.jvm.version=21, org.gradle.libraryelements=classes, org.gradle.usage=java-api}
2026-08-21T16:48:36.646-0300 [DEBUG] [org.gradle.internal.component.model.LoggingAttributeMatchingExplanationBuilder] Selected match {artifactType=jar, org.gradle.category=library, org.gradle.libraryelements=jar, org.gradle.status=release, org.gradle.usage=java-api} from candidates [{artifactType=jar, org.gradle.category=library, org.gradle.libraryelements=jar, org.gradle.status=release, org.gradle.usage=java-api}] for {org.gradle.category=library, org.gradle.dependency.bundling=external, org.gradle.jvm.environment=standard-jvm, org.gradle.jvm.version=21, org.gradle.libraryelements=classes, org.gradle.usage=java-api}
2026-08-21T16:48:36.646-0300 [DEBUG] [org.gradle.internal.component.model.LoggingAttributeMatchingExplanationBuilder] Selected match {artifactType=jar, org.gradle.category=library, org.gradle.dependency.bundling=external, org.gradle.libraryelements=jar, org.gradle.status=release, org.gradle.usage=java-api} from candidates [{artifactType=jar, org.gradle.category=library, org.gradle.dependency.bundling=external, org.gradle.libraryelements=jar, org.gradle.status=release, org.gradle.usage=java-api}] for {org.gradle.category=library, org.gradle.dependency.bundling=external, org.gradle.jvm.environment=standard-jvm, org.gradle.jvm.version=21, org.gradle.libraryelements=classes, org.gradle.usage=java-api}
2026-08-21T16:48:36.646-0300 [DEBUG] [org.gradle.internal.component.model.LoggingAttributeMatchingExplanationBuilder] Selected match {artifactType=jar, org.gradle.category=library, org.gradle.libraryelements=jar, org.gradle.status=release, org.gradle.usage=java-api} from candidates [{artifactType=jar, org.gradle.category=library, org.gradle.libraryelements=jar, org.gradle.status=release, org.gradle.usage=java-api}] for {org.gradle.category=library, org.gradle.dependency.bundling=external, org.gradle.jvm.environment=standard-jvm, org.gradle.jvm.version=21, org.gradle.libraryelements=classes, org.gradle.usage=java-api}
2026-08-21T16:48:36.646-0300 [DEBUG] [org.gradle.internal.component.model.LoggingAttributeMatchingExplanationBuilder] Selected match {artifactType=jar, org.gradle.category=library, org.gradle.dependency.bundling=external, org.gradle.jvm.version=8, org.gradle.libraryelements=jar, org.gradle.status=release, org.gradle.usage=java-api} from candidates [{artifactType=jar, org.gradle.category=library, org.gradle.dependency.bundling=external, org.gradle.jvm.version=8, org.gradle.libraryelements=jar, org.gradle.status=release, org.gradle.usage=java-api}] for {org.gradle.category=library, org.gradle.dependency.bundling=external, org.gradle.jvm.environment=standard-jvm, org.gradle.jvm.version=21, org.gradle.libraryelements=classes, org.gradle.usage=java-api}
2026-08-21T16:48:36.646-0300 [DEBUG] [org.gradle.internal.component.model.LoggingAttributeMatchingExplanationBuilder] Selected match {artifactType=jar, org.gradle.category=library, org.gradle.libraryelements=jar, org.gradle.status=release, org.gradle.usage=java-api} from candidates [{artifactType=jar, org.gradle.category=library, org.gradle.libraryelements=jar, org.gradle.status=release, org.gradle.usage=java-api}] for {org.gradle.category=library, org.gradle.dependency.bundling=external, org.gradle.jvm.environment=standard-jvm, org.gradle.jvm.version=21, org.gradle.libraryelements=classes, org.gradle.usage=java-api}
2026-08-21T16:48:36.646-0300 [DEBUG] [org.gradle.internal.component.model.LoggingAttributeMatchingExplanationBuilder] Selected match {artifactType=jar, org.gradle.category=library, org.gradle.dependency.bundling=external, org.gradle.jvm.version=8, org.gradle.libraryelements=jar, org.gradle.status=release, org.gradle.usage=java-api} from candidates [{artifactType=jar, org.gradle.category=library, org.gradle.dependency.bundling=external, org.gradle.jvm.version=8, org.gradle.libraryelements=jar, org.gradle.status=release, org.gradle.usage=java-api}] for {org.gradle.category=library, org.gradle.dependency.bundling=external, org.gradle.jvm.environment=standard-jvm, org.gradle.jvm.version=21, org.gradle.libraryelements=classes, org.gradle.usage=java-api}
2026-08-21T16:48:36.646-0300 [DEBUG] [org.gradle.internal.component.model.LoggingAttributeMatchingExplanationBuilder] Selected match {artifactType=jar, org.gradle.category=library, org.gradle.libraryelements=jar, org.gradle.status=release, org.gradle.usage=java-api} from candidates [{artifactType=jar, org.gradle.category=library, org.gradle.libraryelements=jar, org.gradle.status=release, org.gradle.usage=java-api}] for {org.gradle.category=library, org.gradle.dependency.bundling=external, org.gradle.jvm.environment=standard-jvm, org.gradle.jvm.version=21, org.gradle.libraryelements=classes, org.gradle.usage=java-api}
2026-08-21T16:48:36.646-0300 [DEBUG] [org.gradle.internal.component.model.LoggingAttributeMatchingExplanationBuilder] Selected match {artifactType=jar, org.gradle.category=library, org.gradle.libraryelements=jar, org.gradle.status=release, org.gradle.usage=java-api} from candidates [{artifactType=jar, org.gradle.category=library, org.gradle.libraryelements=jar, org.gradle.status=release, org.gradle.usage=java-api}] for {org.gradle.category=library, org.gradle.dependency.bundling=external, org.gradle.jvm.environment=standard-jvm, org.gradle.jvm.version=21, org.gradle.libraryelements=classes, org.gradle.usage=java-api}
2026-08-21T16:48:36.646-0300 [DEBUG] [org.gradle.internal.component.model.LoggingAttributeMatchingExplanationBuilder] Selected match {artifactType=jar, org.gradle.category=library, org.gradle.libraryelements=jar, org.gradle.status=release, org.gradle.usage=java-api} from candidates [{artifactType=jar, org.gradle.category=library, org.gradle.libraryelements=jar, org.gradle.status=release, org.gradle.usage=java-api}] for {org.gradle.category=library, org.gradle.dependency.bundling=external, org.gradle.jvm.environment=standard-jvm, org.gradle.jvm.version=21, org.gradle.libraryelements=classes, org.gradle.usage=java-api}
2026-08-21T16:48:36.646-0300 [DEBUG] [org.gradle.internal.component.model.LoggingAttributeMatchingExplanationBuilder] Selected match {artifactType=jar, org.gradle.category=library, org.gradle.libraryelements=jar, org.gradle.status=release, org.gradle.usage=java-api} from candidates [{artifactType=jar, org.gradle.category=library, org.gradle.libraryelements=jar, org.gradle.status=release, org.gradle.usage=java-api}] for {org.gradle.category=library, org.gradle.dependency.bundling=external, org.gradle.jvm.environment=standard-jvm, org.gradle.jvm.version=21, org.gradle.libraryelements=classes, org.gradle.usage=java-api}
2026-08-21T16:48:36.646-0300 [DEBUG] [org.gradle.internal.component.model.LoggingAttributeMatchingExplanationBuilder] Selected match {artifactType=jar, org.gradle.category=library, org.gradle.libraryelements=jar, org.gradle.status=release, org.gradle.usage=java-api} from candidates [{artifactType=jar, org.gradle.category=library, org.gradle.libraryelements=jar, org.gradle.status=release, org.gradle.usage=java-api}] for {org.gradle.category=library, org.gradle.dependency.bundling=external, org.gradle.jvm.environment=standard-jvm, org.gradle.jvm.version=21, org.gradle.libraryelements=classes, org.gradle.usage=java-api}
2026-08-21T16:48:36.646-0300 [DEBUG] [org.gradle.internal.component.model.LoggingAttributeMatchingExplanationBuilder] Selected match {artifactType=jar, org.gradle.category=library, org.gradle.libraryelements=jar, org.gradle.status=release, org.gradle.usage=java-api} from candidates [{artifactType=jar, org.gradle.category=library, org.gradle.libraryelements=jar, org.gradle.status=release, org.gradle.usage=java-api}] for {org.gradle.category=library, org.gradle.dependency.bundling=external, org.gradle.jvm.environment=standard-jvm, org.gradle.jvm.version=21, org.gradle.libraryelements=classes, org.gradle.usage=java-api}
2026-08-21T16:48:36.646-0300 [DEBUG] [org.gradle.internal.component.model.LoggingAttributeMatchingExplanationBuilder] Selected match {artifactType=jar, org.gradle.category=library, org.gradle.libraryelements=jar, org.gradle.status=release, org.gradle.usage=java-api} from candidates [{artifactType=jar, org.gradle.category=library, org.gradle.libraryelements=jar, org.gradle.status=release, org.gradle.usage=java-api}] for {org.gradle.category=library, org.gradle.dependency.bundling=external, org.gradle.jvm.environment=standard-jvm, org.gradle.jvm.version=21, org.gradle.libraryelements=classes, org.gradle.usage=java-api}
2026-08-21T16:48:36.646-0300 [DEBUG] [org.gradle.internal.component.model.LoggingAttributeMatchingExplanationBuilder] Selected match {org.gradle.category=platform, org.gradle.status=release, org.gradle.usage=java-api} from candidates [{org.gradle.category=platform, org.gradle.status=release, org.gradle.usage=java-api}] for {org.gradle.category=platform, org.gradle.dependency.bundling=external, org.gradle.jvm.environment=standard-jvm, org.gradle.jvm.version=21, org.gradle.libraryelements=classes, org.gradle.usage=java-api}
2026-08-21T16:48:36.647-0300 [DEBUG] [org.gradle.internal.component.model.LoggingAttributeMatchingExplanationBuilder] Selected match {artifactType=jar, org.gradle.category=library, org.gradle.dependency.bundling=external, org.gradle.jvm.version=17, org.gradle.libraryelements=jar, org.gradle.status=release, org.gradle.usage=java-api} from candidates [{artifactType=jar, org.gradle.category=library, org.gradle.dependency.bundling=external, org.gradle.jvm.version=17, org.gradle.libraryelements=jar, org.gradle.status=release, org.gradle.usage=java-api}] for {org.gradle.category=library, org.gradle.dependency.bundling=external, org.gradle.jvm.environment=standard-jvm, org.gradle.jvm.version=21, org.gradle.libraryelements=classes, org.gradle.usage=java-api}
2026-08-21T16:48:36.647-0300 [DEBUG] [org.gradle.internal.component.model.LoggingAttributeMatchingExplanationBuilder] Selected match {artifactType=jar, org.gradle.category=library, org.gradle.libraryelements=jar, org.gradle.status=release, org.gradle.usage=java-api} from candidates [{artifactType=jar, org.gradle.category=library, org.gradle.libraryelements=jar, org.gradle.status=release, org.gradle.usage=java-api}] for {org.gradle.category=library, org.gradle.dependency.bundling=external, org.gradle.jvm.environment=standard-jvm, org.gradle.jvm.version=21, org.gradle.libraryelements=classes, org.gradle.usage=java-api}
2026-08-21T16:48:36.647-0300 [DEBUG] [org.gradle.internal.component.model.LoggingAttributeMatchingExplanationBuilder] Selected match {artifactType=jar, org.gradle.category=library, org.gradle.libraryelements=jar, org.gradle.status=release, org.gradle.usage=java-api} from candidates [{artifactType=jar, org.gradle.category=library, org.gradle.libraryelements=jar, org.gradle.status=release, org.gradle.usage=java-api}] for {org.gradle.category=library, org.gradle.dependency.bundling=external, org.gradle.jvm.environment=standard-jvm, org.gradle.jvm.version=21, org.gradle.libraryelements=classes, org.gradle.usage=java-api}
2026-08-21T16:48:36.647-0300 [DEBUG] [org.gradle.internal.component.model.LoggingAttributeMatchingExplanationBuilder] Selected match {artifactType=jar, org.gradle.category=library, org.gradle.libraryelements=jar, org.gradle.status=release, org.gradle.usage=java-api} from candidates [{artifactType=jar, org.gradle.category=library, org.gradle.libraryelements=jar, org.gradle.status=release, org.gradle.usage=java-api}] for {org.gradle.category=library, org.gradle.dependency.bundling=external, org.gradle.jvm.environment=standard-jvm, org.gradle.jvm.version=21, org.gradle.libraryelements=classes, org.gradle.usage=java-api}
2026-08-21T16:48:36.647-0300 [DEBUG] [org.gradle.internal.component.model.LoggingAttributeMatchingExplanationBuilder] Selected match {artifactType=jar, org.gradle.category=library, org.gradle.libraryelements=jar, org.gradle.status=release, org.gradle.usage=java-api} from candidates [{artifactType=jar, org.gradle.category=library, org.gradle.libraryelements=jar, org.gradle.status=release, org.gradle.usage=java-api}] for {org.gradle.category=library, org.gradle.dependency.bundling=external, org.gradle.jvm.environment=standard-jvm, org.gradle.jvm.version=21, org.gradle.libraryelements=classes, org.gradle.usage=java-api}
2026-08-21T16:48:36.647-0300 [DEBUG] [org.gradle.internal.component.model.LoggingAttributeMatchingExplanationBuilder] Selected match {artifactType=jar, org.gradle.category=library, org.gradle.libraryelements=jar, org.gradle.status=release, org.gradle.usage=java-api} from candidates [{artifactType=jar, org.gradle.category=library, org.gradle.libraryelements=jar, org.gradle.status=release, org.gradle.usage=java-api}] for {org.gradle.category=library, org.gradle.dependency.bundling=external, org.gradle.jvm.environment=standard-jvm, org.gradle.jvm.version=21, org.gradle.libraryelements=classes, org.gradle.usage=java-api}
2026-08-21T16:48:36.647-0300 [DEBUG] [org.gradle.internal.component.model.LoggingAttributeMatchingExplanationBuilder] Selected match {artifactType=jar, org.gradle.category=library, org.gradle.libraryelements=jar, org.gradle.status=release, org.gradle.usage=java-api} from candidates [{artifactType=jar, org.gradle.category=library, org.gradle.libraryelements=jar, org.gradle.status=release, org.gradle.usage=java-api}] for {org.gradle.category=library, org.gradle.dependency.bundling=external, org.gradle.jvm.environment=standard-jvm, org.gradle.jvm.version=21, org.gradle.libraryelements=classes, org.gradle.usage=java-api}
2026-08-21T16:48:36.647-0300 [DEBUG] [org.gradle.internal.component.model.LoggingAttributeMatchingExplanationBuilder] Selected match {artifactType=jar, org.gradle.category=library, org.gradle.libraryelements=jar, org.gradle.status=release, org.gradle.usage=java-api} from candidates [{artifactType=jar, org.gradle.category=library, org.gradle.libraryelements=jar, org.gradle.status=release, org.gradle.usage=java-api}] for {org.gradle.category=library, org.gradle.dependency.bundling=external, org.gradle.jvm.environment=standard-jvm, org.gradle.jvm.version=21, org.gradle.libraryelements=classes, org.gradle.usage=java-api}
2026-08-21T16:48:36.647-0300 [DEBUG] [org.gradle.internal.component.model.LoggingAttributeMatchingExplanationBuilder] Selected match {artifactType=jar, org.gradle.category=library, org.gradle.libraryelements=jar, org.gradle.status=release, org.gradle.usage=java-api} from candidates [{artifactType=jar, org.gradle.category=library, org.gradle.libraryelements=jar, org.gradle.status=release, org.gradle.usage=java-api}] for {org.gradle.category=library, org.gradle.dependency.bundling=external, org.gradle.jvm.environment=standard-jvm, org.gradle.jvm.version=21, org.gradle.libraryelements=classes, org.gradle.usage=java-api}
2026-08-21T16:48:36.647-0300 [DEBUG] [org.gradle.internal.component.model.LoggingAttributeMatchingExplanationBuilder] Selected match {artifactType=jar, org.gradle.category=library, org.gradle.libraryelements=jar, org.gradle.status=release, org.gradle.usage=java-api} from candidates [{artifactType=jar, org.gradle.category=library, org.gradle.libraryelements=jar, org.gradle.status=release, org.gradle.usage=java-api}] for {org.gradle.category=library, org.gradle.dependency.bundling=external, org.gradle.jvm.environment=standard-jvm, org.gradle.jvm.version=21, org.gradle.libraryelements=classes, org.gradle.usage=java-api}
2026-08-21T16:48:36.647-0300 [DEBUG] [org.gradle.internal.component.model.LoggingAttributeMatchingExplanationBuilder] Selected match {artifactType=jar, org.gradle.category=library, org.gradle.libraryelements=jar, org.gradle.status=release, org.gradle.usage=java-api} from candidates [{artifactType=jar, org.gradle.category=library, org.gradle.libraryelements=jar, org.gradle.status=release, org.gradle.usage=java-api}] for {org.gradle.category=library, org.gradle.dependency.bundling=external, org.gradle.jvm.environment=standard-jvm, org.gradle.jvm.version=21, org.gradle.libraryelements=classes, org.gradle.usage=java-api}
2026-08-21T16:48:36.647-0300 [DEBUG] [org.gradle.internal.component.model.LoggingAttributeMatchingExplanationBuilder] Selected match {artifactType=jar, org.gradle.category=library, org.gradle.libraryelements=jar, org.gradle.status=release, org.gradle.usage=java-api} from candidates [{artifactType=jar, org.gradle.category=library, org.gradle.libraryelements=jar, org.gradle.status=release, org.gradle.usage=java-api}] for {org.gradle.category=library, org.gradle.dependency.bundling=external, org.gradle.jvm.environment=standard-jvm, org.gradle.jvm.version=21, org.gradle.libraryelements=classes, org.gradle.usage=java-api}
2026-08-21T16:48:36.647-0300 [DEBUG] [org.gradle.internal.component.model.LoggingAttributeMatchingExplanationBuilder] Selected match {artifactType=jar, org.gradle.category=library, org.gradle.libraryelements=jar, org.gradle.status=release, org.gradle.usage=java-api} from candidates [{artifactType=jar, org.gradle.category=library, org.gradle.libraryelements=jar, org.gradle.status=release, org.gradle.usage=java-api}] for {org.gradle.category=library, org.gradle.dependency.bundling=external, org.gradle.jvm.environment=standard-jvm, org.gradle.jvm.version=21, org.gradle.libraryelements=classes, org.gradle.usage=java-api}
2026-08-21T16:48:36.647-0300 [DEBUG] [org.gradle.internal.component.model.LoggingAttributeMatchingExplanationBuilder] Selected match {artifactType=jar, org.gradle.category=library, org.gradle.libraryelements=jar, org.gradle.status=release, org.gradle.usage=java-api} from candidates [{artifactType=jar, org.gradle.category=library, org.gradle.libraryelements=jar, org.gradle.status=release, org.gradle.usage=java-api}] for {org.gradle.category=library, org.gradle.dependency.bundling=external, org.gradle.jvm.environment=standard-jvm, org.gradle.jvm.version=21, org.gradle.libraryelements=classes, org.gradle.usage=java-api}
2026-08-21T16:48:36.647-0300 [DEBUG] [org.gradle.internal.component.model.LoggingAttributeMatchingExplanationBuilder] Selected match {artifactType=jar, org.gradle.category=library, org.gradle.libraryelements=jar, org.gradle.status=release, org.gradle.usage=java-api} from candidates [{artifactType=jar, org.gradle.category=library, org.gradle.libraryelements=jar, org.gradle.status=release, org.gradle.usage=java-api}] for {org.gradle.category=library, org.gradle.dependency.bundling=external, org.gradle.jvm.environment=standard-jvm, org.gradle.jvm.version=21, org.gradle.libraryelements=classes, org.gradle.usage=java-api}
2026-08-21T16:48:36.647-0300 [DEBUG] [org.gradle.internal.component.model.LoggingAttributeMatchingExplanationBuilder] Selected match {artifactType=jar, org.gradle.category=library, org.gradle.libraryelements=jar, org.gradle.status=release, org.gradle.usage=java-api} from candidates [{artifactType=jar, org.gradle.category=library, org.gradle.libraryelements=jar, org.gradle.status=release, org.gradle.usage=java-api}] for {org.gradle.category=library, org.gradle.dependency.bundling=external, org.gradle.jvm.environment=standard-jvm, org.gradle.jvm.version=21, org.gradle.libraryelements=classes, org.gradle.usage=java-api}
2026-08-21T16:48:36.647-0300 [DEBUG] [org.gradle.internal.component.model.LoggingAttributeMatchingExplanationBuilder] Selected match {artifactType=jar, org.gradle.category=library, org.gradle.libraryelements=jar, org.gradle.status=release, org.gradle.usage=java-api} from candidates [{artifactType=jar, org.gradle.category=library, org.gradle.libraryelements=jar, org.gradle.status=release, org.gradle.usage=java-api}] for {org.gradle.category=library, org.gradle.dependency.bundling=external, org.gradle.jvm.environment=standard-jvm, org.gradle.jvm.version=21, org.gradle.libraryelements=classes, org.gradle.usage=java-api}
2026-08-21T16:48:36.647-0300 [DEBUG] [org.gradle.internal.component.model.LoggingAttributeMatchingExplanationBuilder] Selected match {artifactType=jar, org.gradle.category=library, org.gradle.libraryelements=jar, org.gradle.status=release, org.gradle.usage=java-api} from candidates [{artifactType=jar, org.gradle.category=library, org.gradle.libraryelements=jar, org.gradle.status=release, org.gradle.usage=java-api}] for {org.gradle.category=library, org.gradle.dependency.bundling=external, org.gradle.jvm.environment=standard-jvm, org.gradle.jvm.version=21, org.gradle.libraryelements=classes, org.gradle.usage=java-api}
2026-08-21T16:48:36.647-0300 [DEBUG] [org.gradle.internal.resources.AbstractTrackedResourceLock] Build operations: acquired lock on worker lease
2026-08-21T16:48:36.647-0300 [DEBUG] [org.gradle.internal.resources.AbstractTrackedResourceLock] Build operations Thread 8: acquired lock on worker lease
2026-08-21T16:48:36.647-0300 [DEBUG] [org.gradle.internal.resources.AbstractTrackedResourceLock] Build operations Thread 2: acquired lock on worker lease
2026-08-21T16:48:36.647-0300 [DEBUG] [org.gradle.internal.resources.AbstractTrackedResourceLock] Build operations Thread 4: acquired lock on worker lease
2026-08-21T16:48:36.647-0300 [DEBUG] [org.gradle.api.internal.artifacts.ivyservice.ivyresolve.CachingModuleComponentRepository] Found artifact 'org.gradle.internal.component.external.model.UrlBackedArtifactMetadata@22b9ad5a' in resolver cache: /Users/claratorres1414/.gradle/caches/modules-2/files-2.1/org.springframework.boot/spring-boot-starter-data-redis/4.1.0/efdaaedff624a7f406d53d2d945ee71676d7759a/spring-boot-starter-data-redis-4.1.0.jar
2026-08-21T16:48:36.647-0300 [DEBUG] [org.gradle.api.internal.artifacts.ivyservice.ivyresolve.CachingModuleComponentRepository] Found artifact 'org.gradle.internal.component.external.model.UrlBackedArtifactMetadata@32758cbe' in resolver cache: /Users/claratorres1414/.gradle/caches/modules-2/files-2.1/org.springframework.boot/spring-boot-starter-web/4.1.0/fdc11627f32cb0cfad6adf9c283c7618e450f1a1/spring-boot-starter-web-4.1.0.jar
2026-08-21T16:48:36.647-0300 [DEBUG] [org.gradle.api.internal.artifacts.ivyservice.ivyresolve.CachingModuleComponentRepository] Found artifact 'lombok-1.18.46.jar (org.projectlombok:lombok:1.18.46)' in resolver cache: /Users/claratorres1414/.gradle/caches/modules-2/files-2.1/org.projectlombok/lombok/1.18.46/a5cfe99fdf320e84955ef653f2ce1bf789d11385/lombok-1.18.46.jar
2026-08-21T16:48:36.647-0300 [DEBUG] [org.gradle.internal.resources.AbstractTrackedResourceLock] Build operations Thread 3: acquired lock on worker lease
2026-08-21T16:48:36.647-0300 [DEBUG] [org.gradle.internal.resources.AbstractTrackedResourceLock] Build operations Thread 10: acquired lock on worker lease
2026-08-21T16:48:36.648-0300 [DEBUG] [org.gradle.internal.operations.DefaultBuildOperationRunner] Build operation 'Resolve lombok-1.18.46.jar (org.projectlombok:lombok:1.18.46)' completed
2026-08-21T16:48:36.648-0300 [DEBUG] [org.gradle.api.internal.artifacts.ivyservice.ivyresolve.CachingModuleComponentRepository] Found artifact 'org.gradle.internal.component.external.model.UrlBackedArtifactMetadata@6d0232ce' in resolver cache: /Users/claratorres1414/.gradle/caches/modules-2/files-2.1/org.springframework.boot/spring-boot-starter/4.1.0/4d1f5fcf982ec75223a3ee44169e268b6dd044f7/spring-boot-starter-4.1.0.jar
2026-08-21T16:48:36.648-0300 [DEBUG] [org.gradle.internal.operations.DefaultBuildOperationRunner] Build operation 'Resolve spring-boot-starter-4.1.0.jar (org.springframework.boot:spring-boot-starter:4.1.0)' completed
2026-08-21T16:48:36.648-0300 [DEBUG] [org.gradle.internal.operations.DefaultBuildOperationRunner] Build operation 'Resolve spring-boot-starter-data-redis-4.1.0.jar (org.springframework.boot:spring-boot-starter-data-redis:4.1.0)' completed
2026-08-21T16:48:36.647-0300 [DEBUG] [org.gradle.api.internal.artifacts.ivyservice.ivyresolve.CachingModuleComponentRepository] Found artifact 'org.gradle.internal.component.external.model.UrlBackedArtifactMetadata@498f9735' in resolver cache: /Users/claratorres1414/.gradle/caches/modules-2/files-2.1/org.springframework.boot/spring-boot-starter-data-jpa/4.1.0/252e31911d5042a8ae811ad9bfc3e18ec4ac42a5/spring-boot-starter-data-jpa-4.1.0.jar
2026-08-21T16:48:36.648-0300 [DEBUG] [org.gradle.api.internal.artifacts.ivyservice.ivyresolve.CachingModuleComponentRepository] Found artifact 'org.gradle.internal.component.external.model.UrlBackedArtifactMetadata@5528c328' in resolver cache: /Users/claratorres1414/.gradle/caches/modules-2/files-2.1/org.springframework.boot/spring-boot-starter-logging/4.1.0/f2e2615d9fb27a035a8fc7aef19670769739ae76/spring-boot-starter-logging-4.1.0.jar
2026-08-21T16:48:36.648-0300 [DEBUG] [org.gradle.internal.operations.DefaultBuildOperationRunner] Build operation 'Resolve spring-boot-starter-web-4.1.0.jar (org.springframework.boot:spring-boot-starter-web:4.1.0)' completed
2026-08-21T16:48:36.648-0300 [DEBUG] [org.gradle.api.internal.artifacts.ivyservice.ivyresolve.CachingModuleComponentRepository] Found artifact 'org.gradle.internal.component.external.model.UrlBackedArtifactMetadata@10b9904' in resolver cache: /Users/claratorres1414/.gradle/caches/modules-2/files-2.1/org.springframework.boot/spring-boot-starter-tomcat/4.1.0/6dbb6ad6bb33b7f1ce15a5822cfd1443966245e0/spring-boot-starter-tomcat-4.1.0.jar
2026-08-21T16:48:36.648-0300 [DEBUG] [org.gradle.internal.operations.DefaultBuildOperationRunner] Build operation 'Resolve spring-boot-starter-tomcat-4.1.0.jar (org.springframework.boot:spring-boot-starter-tomcat:4.1.0)' completed
2026-08-21T16:48:36.647-0300 [DEBUG] [org.gradle.internal.resources.AbstractTrackedResourceLock] Build operations Thread 7: acquired lock on worker lease
2026-08-21T16:48:36.647-0300 [DEBUG] [org.gradle.api.internal.artifacts.ivyservice.ivyresolve.CachingModuleComponentRepository] Found artifact 'org.gradle.internal.component.external.model.UrlBackedArtifactMetadata@484aa856' in resolver cache: /Users/claratorres1414/.gradle/caches/modules-2/files-2.1/org.springframework.boot/spring-boot-starter-jackson/4.1.0/2feada57005e69f8d939815af7400b43f2c07b9e/spring-boot-starter-jackson-4.1.0.jar
2026-08-21T16:48:36.648-0300 [DEBUG] [org.gradle.internal.operations.DefaultBuildOperationRunner] Build operation 'Resolve spring-boot-starter-jackson-4.1.0.jar (org.springframework.boot:spring-boot-starter-jackson:4.1.0)' completed
2026-08-21T16:48:36.648-0300 [DEBUG] [org.gradle.api.internal.artifacts.ivyservice.ivyresolve.CachingModuleComponentRepository] Found artifact 'org.gradle.internal.component.external.model.UrlBackedArtifactMetadata@4957b111' in resolver cache: /Users/claratorres1414/.gradle/caches/modules-2/files-2.1/org.springframework.boot/spring-boot-starter-jdbc/4.1.0/aa7c6585dd28891cb052d95606776076b5445df2/spring-boot-starter-jdbc-4.1.0.jar
2026-08-21T16:48:36.648-0300 [DEBUG] [org.gradle.internal.operations.DefaultBuildOperationRunner] Build operation 'Resolve spring-boot-starter-jdbc-4.1.0.jar (org.springframework.boot:spring-boot-starter-jdbc:4.1.0)' completed
2026-08-21T16:48:36.648-0300 [DEBUG] [org.gradle.internal.resources.AbstractTrackedResourceLock] Build operations Thread 11: acquired lock on worker lease
2026-08-21T16:48:36.648-0300 [DEBUG] [org.gradle.api.internal.artifacts.ivyservice.ivyresolve.CachingModuleComponentRepository] Found artifact 'flyway-core-12.4.0.jar (org.flywaydb:flyway-core:12.4.0)' in resolver cache: /Users/claratorres1414/.gradle/caches/modules-2/files-2.1/org.flywaydb/flyway-core/12.4.0/8dfd90404bb9b6fd4727c67ccbe9a7dfa20c0e53/flyway-core-12.4.0.jar
2026-08-21T16:48:36.648-0300 [DEBUG] [org.gradle.internal.operations.DefaultBuildOperationRunner] Build operation 'Resolve flyway-core-12.4.0.jar (org.flywaydb:flyway-core:12.4.0)' completed
2026-08-21T16:48:36.648-0300 [DEBUG] [org.gradle.internal.operations.DefaultBuildOperationRunner] Build operation 'Resolve spring-boot-starter-logging-4.1.0.jar (org.springframework.boot:spring-boot-starter-logging:4.1.0)' completed
2026-08-21T16:48:36.648-0300 [DEBUG] [org.gradle.internal.operations.DefaultBuildOperationRunner] Build operation 'Resolve spring-boot-starter-data-jpa-4.1.0.jar (org.springframework.boot:spring-boot-starter-data-jpa:4.1.0)' completed
2026-08-21T16:48:36.648-0300 [DEBUG] [org.gradle.api.internal.artifacts.ivyservice.ivyresolve.CachingModuleComponentRepository] Found artifact 'org.gradle.internal.component.external.model.UrlBackedArtifactMetadata@1351c943' in resolver cache: /Users/claratorres1414/.gradle/caches/modules-2/files-2.1/org.springframework.boot/spring-boot-webmvc/4.1.0/2cb542ef7d4fa572d3031616544db20b6f7de4c7/spring-boot-webmvc-4.1.0.jar
2026-08-21T16:48:36.648-0300 [DEBUG] [org.gradle.internal.operations.DefaultBuildOperationRunner] Build operation 'Resolve spring-boot-webmvc-4.1.0.jar (org.springframework.boot:spring-boot-webmvc:4.1.0)' completed
2026-08-21T16:48:36.648-0300 [DEBUG] [org.gradle.api.internal.artifacts.ivyservice.ivyresolve.CachingModuleComponentRepository] Found artifact 'org.gradle.internal.component.external.model.UrlBackedArtifactMetadata@3446f8e3' in resolver cache: /Users/claratorres1414/.gradle/caches/modules-2/files-2.1/org.springframework.boot/spring-boot-autoconfigure/4.1.0/a921df4e39389e43dacac5615a1185708ee8a960/spring-boot-autoconfigure-4.1.0.jar
2026-08-21T16:48:36.648-0300 [DEBUG] [org.gradle.internal.operations.DefaultBuildOperationRunner] Build operation 'Resolve spring-boot-autoconfigure-4.1.0.jar (org.springframework.boot:spring-boot-autoconfigure:4.1.0)' completed
2026-08-21T16:48:36.648-0300 [DEBUG] [org.gradle.api.internal.artifacts.ivyservice.ivyresolve.CachingModuleComponentRepository] Found artifact 'org.gradle.internal.component.external.model.UrlBackedArtifactMetadata@4ccd22a' in resolver cache: /Users/claratorres1414/.gradle/caches/modules-2/files-2.1/org.springframework.boot/spring-boot-starter-tomcat-runtime/4.1.0/6107a851e178c1233b64634270b11b8d5490733a/spring-boot-starter-tomcat-runtime-4.1.0.jar
2026-08-21T16:48:36.648-0300 [DEBUG] [org.gradle.api.internal.artifacts.ivyservice.ivyresolve.CachingModuleComponentRepository] Found artifact 'org.gradle.internal.component.external.model.UrlBackedArtifactMetadata@6ef2e31e' in resolver cache: /Users/claratorres1414/.gradle/caches/modules-2/files-2.1/org.springframework.boot/spring-boot-data-jpa/4.1.0/d29dbdc6734afe2f4d5c56cf3112c491c3582642/spring-boot-data-jpa-4.1.0.jar
2026-08-21T16:48:36.649-0300 [DEBUG] [org.gradle.internal.operations.DefaultBuildOperationRunner] Build operation 'Resolve spring-boot-data-jpa-4.1.0.jar (org.springframework.boot:spring-boot-data-jpa:4.1.0)' completed
2026-08-21T16:48:36.648-0300 [DEBUG] [org.gradle.internal.resources.AbstractTrackedResourceLock] Build operations Thread 12: acquired lock on worker lease
2026-08-21T16:48:36.649-0300 [DEBUG] [org.gradle.internal.resources.AbstractTrackedResourceLock] Build operations Thread 6: acquired lock on worker lease
2026-08-21T16:48:36.649-0300 [DEBUG] [org.gradle.api.internal.artifacts.ivyservice.ivyresolve.CachingModuleComponentRepository] Found artifact 'jakarta.annotation-api-3.0.0.jar (jakarta.annotation:jakarta.annotation-api:3.0.0)' in resolver cache: /Users/claratorres1414/.gradle/caches/modules-2/files-2.1/jakarta.annotation/jakarta.annotation-api/3.0.0/54f928fadec906a99d558536756d171917b9d936/jakarta.annotation-api-3.0.0.jar
2026-08-21T16:48:36.649-0300 [DEBUG] [org.gradle.internal.operations.DefaultBuildOperationRunner] Build operation 'Resolve jakarta.annotation-api-3.0.0.jar (jakarta.annotation:jakarta.annotation-api:3.0.0)' completed
2026-08-21T16:48:36.649-0300 [DEBUG] [org.gradle.api.internal.artifacts.ivyservice.ivyresolve.CachingModuleComponentRepository] Found artifact 'org.gradle.internal.component.external.model.UrlBackedArtifactMetadata@6cc4afb0' in resolver cache: /Users/claratorres1414/.gradle/caches/modules-2/files-2.1/org.springframework.boot/spring-boot-data-redis/4.1.0/ae52af2d818ca43d61c486e5cff5d0e81d545c4c/spring-boot-data-redis-4.1.0.jar
2026-08-21T16:48:36.649-0300 [DEBUG] [org.gradle.internal.resources.AbstractTrackedResourceLock] Build operations Thread 9: acquired lock on worker lease
2026-08-21T16:48:36.649-0300 [DEBUG] [org.gradle.api.internal.artifacts.ivyservice.ivyresolve.CachingModuleComponentRepository] Found artifact 'snakeyaml-2.6.jar (org.yaml:snakeyaml:2.6)' in resolver cache: /Users/claratorres1414/.gradle/caches/modules-2/files-2.1/org.yaml/snakeyaml/2.6/2bc14918a2f8d5414749ab12d0c590cd3198b8c1/snakeyaml-2.6.jar
2026-08-21T16:48:36.649-0300 [DEBUG] [org.gradle.internal.operations.DefaultBuildOperationRunner] Build operation 'Resolve snakeyaml-2.6.jar (org.yaml:snakeyaml:2.6)' completed
2026-08-21T16:48:36.649-0300 [DEBUG] [org.gradle.internal.operations.DefaultBuildOperationRunner] Build operation 'Resolve spring-boot-starter-tomcat-runtime-4.1.0.jar (org.springframework.boot:spring-boot-starter-tomcat-runtime:4.1.0)' completed
2026-08-21T16:48:36.649-0300 [DEBUG] [org.gradle.api.internal.artifacts.ivyservice.ivyresolve.CachingModuleComponentRepository] Found artifact 'org.gradle.internal.component.external.model.UrlBackedArtifactMetadata@38d3c40' in resolver cache: /Users/claratorres1414/.gradle/caches/modules-2/files-2.1/org.springframework.boot/spring-boot-jdbc/4.1.0/71f00c6af0ae910530d9fce8f5ae6e54c595f690/spring-boot-jdbc-4.1.0.jar
2026-08-21T16:48:36.649-0300 [DEBUG] [org.gradle.internal.operations.DefaultBuildOperationRunner] Build operation 'Resolve spring-boot-jdbc-4.1.0.jar (org.springframework.boot:spring-boot-jdbc:4.1.0)' completed
2026-08-21T16:48:36.648-0300 [DEBUG] [org.gradle.api.internal.artifacts.ivyservice.ivyresolve.CachingModuleComponentRepository] Found artifact 'org.gradle.internal.component.external.model.UrlBackedArtifactMetadata@6ab8c2c1' in resolver cache: /Users/claratorres1414/.gradle/caches/modules-2/files-2.1/org.springframework.boot/spring-boot-http-converter/4.1.0/c3b90921e920dfa7dcb78a5045f18ca0e4bc0b44/spring-boot-http-converter-4.1.0.jar
2026-08-21T16:48:36.649-0300 [DEBUG] [org.gradle.internal.operations.DefaultBuildOperationRunner] Build operation 'Resolve spring-boot-http-converter-4.1.0.jar (org.springframework.boot:spring-boot-http-converter:4.1.0)' completed
2026-08-21T16:48:36.648-0300 [DEBUG] [org.gradle.api.internal.artifacts.ivyservice.ivyresolve.CachingModuleComponentRepository] Found artifact 'org.gradle.internal.component.external.model.UrlBackedArtifactMetadata@2d2af997' in resolver cache: /Users/claratorres1414/.gradle/caches/modules-2/files-2.1/org.springframework.boot/spring-boot-jpa/4.1.0/bf645cdf194c71f829225793a5d6545d9dfe96ae/spring-boot-jpa-4.1.0.jar
2026-08-21T16:48:36.649-0300 [DEBUG] [org.gradle.internal.operations.DefaultBuildOperationRunner] Build operation 'Resolve spring-boot-jpa-4.1.0.jar (org.springframework.boot:spring-boot-jpa:4.1.0)' completed
2026-08-21T16:48:36.649-0300 [DEBUG] [org.gradle.api.internal.artifacts.ivyservice.ivyresolve.CachingModuleComponentRepository] Found artifact 'org.gradle.internal.component.external.model.UrlBackedArtifactMetadata@42965215' in resolver cache: /Users/claratorres1414/.gradle/caches/modules-2/files-2.1/org.springframework.boot/spring-boot-data-commons/4.1.0/3d587cffcde8c18fa784e0486a2c0a8a4728f262/spring-boot-data-commons-4.1.0.jar
2026-08-21T16:48:36.649-0300 [DEBUG] [org.gradle.internal.operations.DefaultBuildOperationRunner] Build operation 'Resolve spring-boot-data-commons-4.1.0.jar (org.springframework.boot:spring-boot-data-commons:4.1.0)' completed
2026-08-21T16:48:36.649-0300 [DEBUG] [org.gradle.api.internal.artifacts.ivyservice.ivyresolve.CachingModuleComponentRepository] Found artifact 'org.gradle.internal.component.external.model.UrlBackedArtifactMetadata@303661b0' in resolver cache: /Users/claratorres1414/.gradle/caches/modules-2/files-2.1/org.springframework.boot/spring-boot-servlet/4.1.0/a067e9b4b7c255a8587852b6eb842413cc458e70/spring-boot-servlet-4.1.0.jar
2026-08-21T16:48:36.649-0300 [DEBUG] [org.gradle.internal.operations.DefaultBuildOperationRunner] Build operation 'Resolve spring-boot-servlet-4.1.0.jar (org.springframework.boot:spring-boot-servlet:4.1.0)' completed
2026-08-21T16:48:36.649-0300 [DEBUG] [org.gradle.api.internal.artifacts.ivyservice.ivyresolve.CachingModuleComponentRepository] Found artifact 'org.gradle.internal.component.external.model.UrlBackedArtifactMetadata@799e3637' in resolver cache: /Users/claratorres1414/.gradle/caches/modules-2/files-2.1/org.apache.logging.log4j/log4j-to-slf4j/2.25.4/68df56640a5d245192e91bd2ac89e504b477cc10/log4j-to-slf4j-2.25.4.jar
2026-08-21T16:48:36.650-0300 [DEBUG] [org.gradle.internal.operations.DefaultBuildOperationRunner] Build operation 'Resolve log4j-to-slf4j-2.25.4.jar (org.apache.logging.log4j:log4j-to-slf4j:2.25.4)' completed
2026-08-21T16:48:36.649-0300 [DEBUG] [org.gradle.api.internal.artifacts.ivyservice.ivyresolve.CachingModuleComponentRepository] Found artifact 'org.gradle.internal.component.external.model.UrlBackedArtifactMetadata@f00de07' in resolver cache: /Users/claratorres1414/.gradle/caches/modules-2/files-2.1/org.springframework.boot/spring-boot-jackson/4.1.0/bada14f54b1961279f9942c54b5039c90cd6a252/spring-boot-jackson-4.1.0.jar
2026-08-21T16:48:36.650-0300 [DEBUG] [org.gradle.internal.operations.DefaultBuildOperationRunner] Build operation 'Resolve spring-boot-jackson-4.1.0.jar (org.springframework.boot:spring-boot-jackson:4.1.0)' completed
2026-08-21T16:48:36.649-0300 [DEBUG] [org.gradle.api.internal.artifacts.ivyservice.ivyresolve.CachingModuleComponentRepository] Found artifact 'org.gradle.internal.component.external.model.UrlBackedArtifactMetadata@25d98ad7' in resolver cache: /Users/claratorres1414/.gradle/caches/modules-2/files-2.1/tools.jackson.core/jackson-core/3.1.4/f9fd39204bd3d4922b42f6a54b81f46bd8ed575a/jackson-core-3.1.4.jar
2026-08-21T16:48:36.650-0300 [DEBUG] [org.gradle.internal.operations.DefaultBuildOperationRunner] Build operation 'Resolve jackson-core-3.1.4.jar (tools.jackson.core:jackson-core:3.1.4)' completed
2026-08-21T16:48:36.649-0300 [DEBUG] [org.gradle.api.internal.artifacts.ivyservice.ivyresolve.CachingModuleComponentRepository] Found artifact 'org.gradle.internal.component.external.model.UrlBackedArtifactMetadata@41373f43' in resolver cache: /Users/claratorres1414/.gradle/caches/modules-2/files-2.1/tools.jackson.core/jackson-databind/3.1.4/c7be3c757289893a791b2a4967ec09d1a8b6c576/jackson-databind-3.1.4.jar
2026-08-21T16:48:36.650-0300 [DEBUG] [org.gradle.internal.operations.DefaultBuildOperationRunner] Build operation 'Resolve jackson-databind-3.1.4.jar (tools.jackson.core:jackson-databind:3.1.4)' completed
2026-08-21T16:48:36.650-0300 [DEBUG] [org.gradle.internal.operations.DefaultBuildOperationRunner] Build operation 'Resolve spring-boot-data-redis-4.1.0.jar (org.springframework.boot:spring-boot-data-redis:4.1.0)' completed
2026-08-21T16:48:36.649-0300 [DEBUG] [org.gradle.api.internal.artifacts.ivyservice.ivyresolve.CachingModuleComponentRepository] Found artifact 'spring-data-jpa-4.1.0.jar (org.springframework.data:spring-data-jpa:4.1.0)' in resolver cache: /Users/claratorres1414/.gradle/caches/modules-2/files-2.1/org.springframework.data/spring-data-jpa/4.1.0/6387c88a4a9637f129e0ebcad50ada478ad01c3f/spring-data-jpa-4.1.0.jar
2026-08-21T16:48:36.650-0300 [DEBUG] [org.gradle.internal.operations.DefaultBuildOperationRunner] Build operation 'Resolve spring-data-jpa-4.1.0.jar (org.springframework.data:spring-data-jpa:4.1.0)' completed
2026-08-21T16:48:36.650-0300 [DEBUG] [org.gradle.api.internal.artifacts.ivyservice.ivyresolve.CachingModuleComponentRepository] Found artifact 'org.gradle.internal.component.external.model.UrlBackedArtifactMetadata@2b9bfa8c' in resolver cache: /Users/claratorres1414/.gradle/caches/modules-2/files-2.1/org.springframework/spring-webmvc/7.0.8/d08172cf66f9625a42935d596ca4c83d21265996/spring-webmvc-7.0.8.jar
2026-08-21T16:48:36.650-0300 [DEBUG] [org.gradle.api.internal.artifacts.ivyservice.ivyresolve.CachingModuleComponentRepository] Found artifact 'org.gradle.internal.component.external.model.UrlBackedArtifactMetadata@24e7fcc0' in resolver cache: /Users/claratorres1414/.gradle/caches/modules-2/files-2.1/org.springframework/spring-messaging/7.0.8/2379224f4c36aeaeceb706750138b8ca9d265916/spring-messaging-7.0.8.jar
2026-08-21T16:48:36.650-0300 [DEBUG] [org.gradle.internal.operations.DefaultBuildOperationRunner] Build operation 'Resolve spring-messaging-7.0.8.jar (org.springframework:spring-messaging:7.0.8)' completed
2026-08-21T16:48:36.650-0300 [DEBUG] [org.gradle.api.internal.artifacts.ivyservice.ivyresolve.CachingModuleComponentRepository] Found artifact 'org.gradle.internal.component.external.model.UrlBackedArtifactMetadata@4debddce' in resolver cache: /Users/claratorres1414/.gradle/caches/modules-2/files-2.1/org.springframework.boot/spring-boot/4.1.0/bcf26d4c27ab080ef60c13220e96a37d687f9e26/spring-boot-4.1.0.jar
2026-08-21T16:48:36.650-0300 [DEBUG] [org.gradle.api.internal.artifacts.ivyservice.ivyresolve.CachingModuleComponentRepository] Found artifact 'logback-classic-1.5.34.jar (ch.qos.logback:logback-classic:1.5.34)' in resolver cache: /Users/claratorres1414/.gradle/caches/modules-2/files-2.1/ch.qos.logback/logback-classic/1.5.34/e598899bad5824511cd3019299254230468e1fa2/logback-classic-1.5.34.jar
2026-08-21T16:48:36.650-0300 [DEBUG] [org.gradle.api.internal.artifacts.ivyservice.ivyresolve.CachingModuleComponentRepository] Found artifact 'org.gradle.internal.component.external.model.UrlBackedArtifactMetadata@5f568803' in resolver cache: /Users/claratorres1414/.gradle/caches/modules-2/files-2.1/org.springframework.boot/spring-boot-web-server/4.1.0/e67513b382c2cef7b8bc364e8e85cd7f0940e331/spring-boot-web-server-4.1.0.jar
2026-08-21T16:48:36.650-0300 [DEBUG] [org.gradle.internal.operations.DefaultBuildOperationRunner] Build operation 'Resolve spring-boot-web-server-4.1.0.jar (org.springframework.boot:spring-boot-web-server:4.1.0)' completed
2026-08-21T16:48:36.650-0300 [DEBUG] [org.gradle.api.internal.artifacts.ivyservice.ivyresolve.CachingModuleComponentRepository] Found artifact 'org.gradle.internal.component.external.model.UrlBackedArtifactMetadata@559cdce2' in resolver cache: /Users/claratorres1414/.gradle/caches/modules-2/files-2.1/org.springframework.boot/spring-boot-tomcat/4.1.0/502aeed70cb11c3754c365324acd9f3ee746354/spring-boot-tomcat-4.1.0.jar
2026-08-21T16:48:36.650-0300 [DEBUG] [org.gradle.internal.operations.DefaultBuildOperationRunner] Build operation 'Resolve spring-boot-tomcat-4.1.0.jar (org.springframework.boot:spring-boot-tomcat:4.1.0)' completed
2026-08-21T16:48:36.650-0300 [DEBUG] [org.gradle.api.internal.artifacts.ivyservice.ivyresolve.CachingModuleComponentRepository] Found artifact 'jul-to-slf4j-2.0.18.jar (org.slf4j:jul-to-slf4j:2.0.18)' in resolver cache: /Users/claratorres1414/.gradle/caches/modules-2/files-2.1/org.slf4j/jul-to-slf4j/2.0.18/79739c98001d5c9d078d087d5a348ec9e474ec8f/jul-to-slf4j-2.0.18.jar
2026-08-21T16:48:36.650-0300 [DEBUG] [org.gradle.internal.operations.DefaultBuildOperationRunner] Build operation 'Resolve jul-to-slf4j-2.0.18.jar (org.slf4j:jul-to-slf4j:2.0.18)' completed
2026-08-21T16:48:36.650-0300 [DEBUG] [org.gradle.api.internal.artifacts.ivyservice.ivyresolve.CachingModuleComponentRepository] Found artifact 'org.gradle.internal.component.external.model.UrlBackedArtifactMetadata@3640dbe4' in resolver cache: /Users/claratorres1414/.gradle/caches/modules-2/files-2.1/org.springframework.boot/spring-boot-transaction/4.1.0/93b102fb7c2eb6558b8e52fb24f1152c837db3f6/spring-boot-transaction-4.1.0.jar
2026-08-21T16:48:36.650-0300 [DEBUG] [org.gradle.internal.operations.DefaultBuildOperationRunner] Build operation 'Resolve spring-boot-transaction-4.1.0.jar (org.springframework.boot:spring-boot-transaction:4.1.0)' completed
2026-08-21T16:48:36.649-0300 [DEBUG] [org.gradle.api.internal.artifacts.ivyservice.ivyresolve.CachingModuleComponentRepository] Found artifact 'org.gradle.internal.component.external.model.UrlBackedArtifactMetadata@5134e8ec' in resolver cache: /Users/claratorres1414/.gradle/caches/modules-2/files-2.1/org.springframework.boot/spring-boot-sql/4.1.0/7a5ef86020d10e926b2e98e1d7b4b79258fb2f38/spring-boot-sql-4.1.0.jar
2026-08-21T16:48:36.651-0300 [DEBUG] [org.gradle.internal.operations.DefaultBuildOperationRunner] Build operation 'Resolve spring-boot-sql-4.1.0.jar (org.springframework.boot:spring-boot-sql:4.1.0)' completed
2026-08-21T16:48:36.649-0300 [DEBUG] [org.gradle.api.internal.artifacts.ivyservice.ivyresolve.CachingModuleComponentRepository] Found artifact 'org.gradle.internal.component.external.model.UrlBackedArtifactMetadata@644a0557' in resolver cache: /Users/claratorres1414/.gradle/caches/modules-2/files-2.1/org.springframework.boot/spring-boot-hibernate/4.1.0/af702315125871004a8a7df290f55ac5e5617d91/spring-boot-hibernate-4.1.0.jar
2026-08-21T16:48:36.651-0300 [DEBUG] [org.gradle.internal.operations.DefaultBuildOperationRunner] Build operation 'Resolve spring-boot-hibernate-4.1.0.jar (org.springframework.boot:spring-boot-hibernate:4.1.0)' completed
2026-08-21T16:48:36.650-0300 [DEBUG] [org.gradle.api.internal.artifacts.ivyservice.ivyresolve.CachingModuleComponentRepository] Found artifact 'org.gradle.internal.component.external.model.UrlBackedArtifactMetadata@774eebb5' in resolver cache: /Users/claratorres1414/.gradle/caches/modules-2/files-2.1/org.springframework/spring-aspects/7.0.8/daf535194ee6cd1e1e23c7368c58b5f02fe18f65/spring-aspects-7.0.8.jar
2026-08-21T16:48:36.651-0300 [DEBUG] [org.gradle.internal.operations.DefaultBuildOperationRunner] Build operation 'Resolve spring-aspects-7.0.8.jar (org.springframework:spring-aspects:7.0.8)' completed
2026-08-21T16:48:36.651-0300 [DEBUG] [org.gradle.internal.operations.DefaultBuildOperationRunner] Build operation 'Resolve logback-classic-1.5.34.jar (ch.qos.logback:logback-classic:1.5.34)' completed
2026-08-21T16:48:36.650-0300 [DEBUG] [org.gradle.api.internal.artifacts.ivyservice.ivyresolve.CachingModuleComponentRepository] Found artifact 'org.gradle.internal.component.external.model.UrlBackedArtifactMetadata@2df1716c' in resolver cache: /Users/claratorres1414/.gradle/caches/modules-2/files-2.1/org.springframework.boot/spring-boot-persistence/4.1.0/12b6d5aa8a97c458a5c8eba8e8cb0e38e326d9d8/spring-boot-persistence-4.1.0.jar
2026-08-21T16:48:36.651-0300 [DEBUG] [org.gradle.internal.operations.DefaultBuildOperationRunner] Build operation 'Resolve spring-boot-persistence-4.1.0.jar (org.springframework.boot:spring-boot-persistence:4.1.0)' completed
2026-08-21T16:48:36.651-0300 [DEBUG] [org.gradle.internal.operations.DefaultBuildOperationRunner] Build operation 'Resolve spring-boot-4.1.0.jar (org.springframework.boot:spring-boot:4.1.0)' completed
2026-08-21T16:48:36.651-0300 [DEBUG] [org.gradle.internal.operations.DefaultBuildOperationRunner] Build operation 'Resolve spring-webmvc-7.0.8.jar (org.springframework:spring-webmvc:7.0.8)' completed
2026-08-21T16:48:36.650-0300 [DEBUG] [org.gradle.api.internal.artifacts.ivyservice.ivyresolve.CachingModuleComponentRepository] Found artifact 'org.gradle.internal.component.external.model.UrlBackedArtifactMetadata@4d9862a0' in resolver cache: /Users/claratorres1414/.gradle/caches/modules-2/files-2.1/org.springframework/spring-web/7.0.8/d7cddac31ee023d25d37f48e2ff0e168cf635c14/spring-web-7.0.8.jar
2026-08-21T16:48:36.651-0300 [DEBUG] [org.gradle.internal.operations.DefaultBuildOperationRunner] Build operation 'Resolve spring-web-7.0.8.jar (org.springframework:spring-web:7.0.8)' completed
2026-08-21T16:48:36.651-0300 [DEBUG] [org.gradle.api.internal.artifacts.ivyservice.ivyresolve.CachingModuleComponentRepository] Found artifact 'HikariCP-7.0.2.jar (com.zaxxer:HikariCP:7.0.2)' in resolver cache: /Users/claratorres1414/.gradle/caches/modules-2/files-2.1/com.zaxxer/HikariCP/7.0.2/c2b43c946b86a14a96342379e22b004c56c6166d/HikariCP-7.0.2.jar
2026-08-21T16:48:36.651-0300 [DEBUG] [org.gradle.internal.operations.DefaultBuildOperationRunner] Build operation 'Resolve HikariCP-7.0.2.jar (com.zaxxer:HikariCP:7.0.2)' completed
2026-08-21T16:48:36.651-0300 [DEBUG] [org.gradle.api.internal.artifacts.ivyservice.ivyresolve.CachingModuleComponentRepository] Found artifact 'org.gradle.internal.component.external.model.UrlBackedArtifactMetadata@23c7593a' in resolver cache: /Users/claratorres1414/.gradle/caches/modules-2/files-2.1/org.springframework/spring-aop/7.0.8/b73e58e9b7dbc4db6b4ebbe3336be0e901b0d261/spring-aop-7.0.8.jar
2026-08-21T16:48:36.651-0300 [DEBUG] [org.gradle.internal.operations.DefaultBuildOperationRunner] Build operation 'Resolve spring-aop-7.0.8.jar (org.springframework:spring-aop:7.0.8)' completed
2026-08-21T16:48:36.651-0300 [DEBUG] [org.gradle.api.internal.artifacts.ivyservice.ivyresolve.CachingModuleComponentRepository] Found artifact 'org.gradle.internal.component.external.model.UrlBackedArtifactMetadata@5d65086e' in resolver cache: /Users/claratorres1414/.gradle/caches/modules-2/files-2.1/org.springframework/spring-context/7.0.8/6c58b590fd8d71afc36797cf6555e82500f1eb64/spring-context-7.0.8.jar
2026-08-21T16:48:36.651-0300 [DEBUG] [org.gradle.internal.operations.DefaultBuildOperationRunner] Build operation 'Resolve spring-context-7.0.8.jar (org.springframework:spring-context:7.0.8)' completed
2026-08-21T16:48:36.651-0300 [DEBUG] [org.gradle.api.internal.artifacts.ivyservice.ivyresolve.CachingModuleComponentRepository] Found artifact 'org.gradle.internal.component.external.model.UrlBackedArtifactMetadata@6e30e166' in resolver cache: /Users/claratorres1414/.gradle/caches/modules-2/files-2.1/org.springframework/spring-context-support/7.0.8/1c9bd9da34fca09f3423d86f8e33bd9c099232eb/spring-context-support-7.0.8.jar
2026-08-21T16:48:36.651-0300 [DEBUG] [org.gradle.internal.operations.DefaultBuildOperationRunner] Build operation 'Resolve spring-context-support-7.0.8.jar (org.springframework:spring-context-support:7.0.8)' completed
2026-08-21T16:48:36.651-0300 [DEBUG] [org.gradle.api.internal.artifacts.ivyservice.ivyresolve.CachingModuleComponentRepository] Found artifact 'org.gradle.internal.component.external.model.UrlBackedArtifactMetadata@882bcec' in resolver cache: /Users/claratorres1414/.gradle/caches/modules-2/files-2.1/org.springframework/spring-orm/7.0.8/8c40fad8ecc72337353818da54ef2d104b3fa7a9/spring-orm-7.0.8.jar
2026-08-21T16:48:36.652-0300 [DEBUG] [org.gradle.internal.operations.DefaultBuildOperationRunner] Build operation 'Resolve spring-orm-7.0.8.jar (org.springframework:spring-orm:7.0.8)' completed
2026-08-21T16:48:36.651-0300 [DEBUG] [org.gradle.api.internal.artifacts.ivyservice.ivyresolve.CachingModuleComponentRepository] Found artifact 'org.gradle.internal.component.external.model.UrlBackedArtifactMetadata@4c5416b9' in resolver cache: /Users/claratorres1414/.gradle/caches/modules-2/files-2.1/org.springframework/spring-jdbc/7.0.8/f979da380cd01fd363510ca98a7f544d1959a914/spring-jdbc-7.0.8.jar
2026-08-21T16:48:36.652-0300 [DEBUG] [org.gradle.internal.operations.DefaultBuildOperationRunner] Build operation 'Resolve spring-jdbc-7.0.8.jar (org.springframework:spring-jdbc:7.0.8)' completed
2026-08-21T16:48:36.651-0300 [DEBUG] [org.gradle.api.internal.artifacts.ivyservice.ivyresolve.CachingModuleComponentRepository] Found artifact 'org.gradle.internal.component.external.model.UrlBackedArtifactMetadata@4a280ba0' in resolver cache: /Users/claratorres1414/.gradle/caches/modules-2/files-2.1/com.fasterxml.jackson.core/jackson-annotations/2.21/b1bc1868bf02dc0bd6c7836257a036a331005309/jackson-annotations-2.21.jar
2026-08-21T16:48:36.652-0300 [DEBUG] [org.gradle.internal.operations.DefaultBuildOperationRunner] Build operation 'Resolve jackson-annotations-2.21.jar (com.fasterxml.jackson.core:jackson-annotations:2.21)' completed
2026-08-21T16:48:36.651-0300 [DEBUG] [org.gradle.api.internal.artifacts.ivyservice.ivyresolve.CachingModuleComponentRepository] Found artifact 'lettuce-core-7.5.2.RELEASE.jar (io.lettuce:lettuce-core:7.5.2.RELEASE)' in resolver cache: /Users/claratorres1414/.gradle/caches/modules-2/files-2.1/io.lettuce/lettuce-core/7.5.2.RELEASE/e67339dc0eb3ceac40fad8213cc2750b7944bb75/lettuce-core-7.5.2.RELEASE.jar
2026-08-21T16:48:36.652-0300 [DEBUG] [org.gradle.internal.operations.DefaultBuildOperationRunner] Build operation 'Resolve lettuce-core-7.5.2.RELEASE.jar (io.lettuce:lettuce-core:7.5.2.RELEASE)' completed
2026-08-21T16:48:36.652-0300 [DEBUG] [org.gradle.api.internal.artifacts.ivyservice.ivyresolve.CachingModuleComponentRepository] Found artifact 'org.gradle.internal.component.external.model.UrlBackedArtifactMetadata@4cb23858' in resolver cache: /Users/claratorres1414/.gradle/caches/modules-2/files-2.1/org.apache.logging.log4j/log4j-api/2.25.4/89ff2217b193fb187b134aa6ebcbfa8a28b018a9/log4j-api-2.25.4.jar
2026-08-21T16:48:36.652-0300 [DEBUG] [org.gradle.internal.operations.DefaultBuildOperationRunner] Build operation 'Resolve log4j-api-2.25.4.jar (org.apache.logging.log4j:log4j-api:2.25.4)' completed
2026-08-21T16:48:36.652-0300 [DEBUG] [org.gradle.api.internal.artifacts.ivyservice.ivyresolve.CachingModuleComponentRepository] Found artifact 'logback-core-1.5.34.jar (ch.qos.logback:logback-core:1.5.34)' in resolver cache: /Users/claratorres1414/.gradle/caches/modules-2/files-2.1/ch.qos.logback/logback-core/1.5.34/378692f76c337b3325c15bffb89e013dc1f897b4/logback-core-1.5.34.jar
2026-08-21T16:48:36.652-0300 [DEBUG] [org.gradle.internal.operations.DefaultBuildOperationRunner] Build operation 'Resolve logback-core-1.5.34.jar (ch.qos.logback:logback-core:1.5.34)' completed
2026-08-21T16:48:36.652-0300 [DEBUG] [org.gradle.api.internal.artifacts.ivyservice.ivyresolve.CachingModuleComponentRepository] Found artifact 'spring-data-keyvalue-4.1.0.jar (org.springframework.data:spring-data-keyvalue:4.1.0)' in resolver cache: /Users/claratorres1414/.gradle/caches/modules-2/files-2.1/org.springframework.data/spring-data-keyvalue/4.1.0/9ade00273c269ca0d50c4d2d5f564d21a84f94f7/spring-data-keyvalue-4.1.0.jar
2026-08-21T16:48:36.652-0300 [DEBUG] [org.gradle.internal.operations.DefaultBuildOperationRunner] Build operation 'Resolve spring-data-keyvalue-4.1.0.jar (org.springframework.data:spring-data-keyvalue:4.1.0)' completed
2026-08-21T16:48:36.651-0300 [DEBUG] [org.gradle.api.internal.artifacts.ivyservice.ivyresolve.CachingModuleComponentRepository] Found artifact 'org.gradle.internal.component.external.model.UrlBackedArtifactMetadata@4fba8eec' in resolver cache: /Users/claratorres1414/.gradle/caches/modules-2/files-2.1/org.springframework/spring-core/7.0.8/25f5ebd179f92d7d12779e3761c96da4b0109ad/spring-core-7.0.8.jar
2026-08-21T16:48:36.651-0300 [DEBUG] [org.gradle.api.internal.artifacts.ivyservice.ivyresolve.CachingModuleComponentRepository] Found artifact 'org.gradle.internal.component.external.model.UrlBackedArtifactMetadata@7c88522b' in resolver cache: /Users/claratorres1414/.gradle/caches/modules-2/files-2.1/org.springframework/spring-expression/7.0.8/bb844eefd513820e356b575d7ea0f7084147af59/spring-expression-7.0.8.jar
2026-08-21T16:48:36.651-0300 [DEBUG] [org.gradle.api.internal.artifacts.ivyservice.ivyresolve.CachingModuleComponentRepository] Found artifact 'org.gradle.internal.component.external.model.UrlBackedArtifactMetadata@22862995' in resolver cache: /Users/claratorres1414/.gradle/caches/modules-2/files-2.1/org.springframework/spring-beans/7.0.8/829cdf4c82a9409e0e10922b9e57e2ef12d5f04d/spring-beans-7.0.8.jar
2026-08-21T16:48:36.653-0300 [DEBUG] [org.gradle.internal.operations.DefaultBuildOperationRunner] Build operation 'Resolve spring-beans-7.0.8.jar (org.springframework:spring-beans:7.0.8)' completed
2026-08-21T16:48:36.651-0300 [DEBUG] [org.gradle.api.internal.artifacts.ivyservice.ivyresolve.CachingModuleComponentRepository] Found artifact 'org.gradle.internal.component.external.model.UrlBackedArtifactMetadata@27561fe1' in resolver cache: /Users/claratorres1414/.gradle/caches/modules-2/files-2.1/org.springframework/spring-oxm/7.0.8/e74c099072565db0552b56691449e52b79f6f23e/spring-oxm-7.0.8.jar
2026-08-21T16:48:36.651-0300 [DEBUG] [org.gradle.api.internal.artifacts.ivyservice.ivyresolve.CachingModuleComponentRepository] Found artifact 'spring-data-commons-4.1.0.jar (org.springframework.data:spring-data-commons:4.1.0)' in resolver cache: /Users/claratorres1414/.gradle/caches/modules-2/files-2.1/org.springframework.data/spring-data-commons/4.1.0/e8d1077d09c20e9ecf3574a72ce5cc90a29b902a/spring-data-commons-4.1.0.jar
2026-08-21T16:48:36.653-0300 [DEBUG] [org.gradle.internal.operations.DefaultBuildOperationRunner] Build operation 'Resolve spring-data-commons-4.1.0.jar (org.springframework.data:spring-data-commons:4.1.0)' completed
2026-08-21T16:48:36.651-0300 [DEBUG] [org.gradle.api.internal.artifacts.ivyservice.ivyresolve.CachingModuleComponentRepository] Found artifact 'org.gradle.internal.component.external.model.UrlBackedArtifactMetadata@7948c5b4' in resolver cache: /Users/claratorres1414/.gradle/caches/modules-2/files-2.1/org.springframework/spring-tx/7.0.8/96c66acfb3920457421a9cb3648a32e62f42f815/spring-tx-7.0.8.jar
2026-08-21T16:48:36.653-0300 [DEBUG] [org.gradle.api.internal.artifacts.ivyservice.ivyresolve.CachingModuleComponentRepository] Found artifact 'biz.aQute.bnd.annotation-7.1.0.jar (biz.aQute.bnd:biz.aQute.bnd.annotation:7.1.0)' in resolver cache: /Users/claratorres1414/.gradle/caches/modules-2/files-2.1/biz.aQute.bnd/biz.aQute.bnd.annotation/7.1.0/2f2be18c936d08cf46ea6cfa0043f34afdf38705/biz.aQute.bnd.annotation-7.1.0.jar
2026-08-21T16:48:36.653-0300 [DEBUG] [org.gradle.internal.operations.DefaultBuildOperationRunner] Build operation 'Resolve biz.aQute.bnd.annotation-7.1.0.jar (biz.aQute.bnd:biz.aQute.bnd.annotation:7.1.0)' completed
2026-08-21T16:48:36.653-0300 [DEBUG] [org.gradle.api.internal.artifacts.ivyservice.ivyresolve.CachingModuleComponentRepository] Found artifact 'org.gradle.internal.component.external.model.UrlBackedArtifactMetadata@5a33d7a1' in resolver cache: /Users/claratorres1414/.gradle/caches/modules-2/files-2.1/org.jspecify/jspecify/1.0.0/7425a601c1c7ec76645a78d22b8c6a627edee507/jspecify-1.0.0.jar
2026-08-21T16:48:36.653-0300 [DEBUG] [org.gradle.internal.operations.DefaultBuildOperationRunner] Build operation 'Resolve spring-expression-7.0.8.jar (org.springframework:spring-expression:7.0.8)' completed
2026-08-21T16:48:36.653-0300 [DEBUG] [org.gradle.internal.operations.DefaultBuildOperationRunner] Build operation 'Resolve spring-core-7.0.8.jar (org.springframework:spring-core:7.0.8)' completed
2026-08-21T16:48:36.652-0300 [DEBUG] [org.gradle.api.internal.artifacts.ivyservice.ivyresolve.CachingModuleComponentRepository] Found artifact 'micrometer-commons-1.17.0.jar (io.micrometer:micrometer-commons:1.17.0)' in resolver cache: /Users/claratorres1414/.gradle/caches/modules-2/files-2.1/io.micrometer/micrometer-commons/1.17.0/2edbb561cdd2b2777fbcd83aa9f2204ebabf592b/micrometer-commons-1.17.0.jar
2026-08-21T16:48:36.653-0300 [DEBUG] [org.gradle.internal.operations.DefaultBuildOperationRunner] Build operation 'Resolve micrometer-commons-1.17.0.jar (io.micrometer:micrometer-commons:1.17.0)' completed
2026-08-21T16:48:36.652-0300 [DEBUG] [org.gradle.api.internal.artifacts.ivyservice.ivyresolve.CachingModuleComponentRepository] Found artifact 'org.gradle.internal.component.external.model.UrlBackedArtifactMetadata@6a3d6254' in resolver cache: /Users/claratorres1414/.gradle/caches/modules-2/files-2.1/io.projectreactor/reactor-core/3.8.6/76285d63d5da4ed8679357628dd5309b0feb77ff/reactor-core-3.8.6.jar
2026-08-21T16:48:36.653-0300 [DEBUG] [org.gradle.internal.operations.DefaultBuildOperationRunner] Build operation 'Resolve reactor-core-3.8.6.jar (io.projectreactor:reactor-core:3.8.6)' completed
2026-08-21T16:48:36.652-0300 [DEBUG] [org.gradle.api.internal.artifacts.ivyservice.ivyresolve.CachingModuleComponentRepository] Found artifact 'redis-authx-core-0.1.1-beta2.jar (redis.clients.authentication:redis-authx-core:0.1.1-beta2)' in resolver cache: /Users/claratorres1414/.gradle/caches/modules-2/files-2.1/redis.clients.authentication/redis-authx-core/0.1.1-beta2/4037345ff29fb22c737bab2ed116a34262718ae5/redis-authx-core-0.1.1-beta2.jar
2026-08-21T16:48:36.653-0300 [DEBUG] [org.gradle.internal.operations.DefaultBuildOperationRunner] Build operation 'Resolve redis-authx-core-0.1.1-beta2.jar (redis.clients.authentication:redis-authx-core:0.1.1-beta2)' completed
2026-08-21T16:48:36.652-0300 [DEBUG] [org.gradle.api.internal.artifacts.ivyservice.ivyresolve.CachingModuleComponentRepository] Found artifact 'slf4j-api-2.0.18.jar (org.slf4j:slf4j-api:2.0.18)' in resolver cache: /Users/claratorres1414/.gradle/caches/modules-2/files-2.1/org.slf4j/slf4j-api/2.0.18/78a9e7a37cd6360e0b818e86341b24123d28d4df/slf4j-api-2.0.18.jar
2026-08-21T16:48:36.654-0300 [DEBUG] [org.gradle.internal.operations.DefaultBuildOperationRunner] Build operation 'Resolve slf4j-api-2.0.18.jar (org.slf4j:slf4j-api:2.0.18)' completed
2026-08-21T16:48:36.652-0300 [DEBUG] [org.gradle.api.internal.artifacts.ivyservice.ivyresolve.CachingModuleComponentRepository] Found artifact 'micrometer-observation-1.17.0.jar (io.micrometer:micrometer-observation:1.17.0)' in resolver cache: /Users/claratorres1414/.gradle/caches/modules-2/files-2.1/io.micrometer/micrometer-observation/1.17.0/2037bdaeb5725bdddb2390cbf93be3c19f8b8b48/micrometer-observation-1.17.0.jar
2026-08-21T16:48:36.654-0300 [DEBUG] [org.gradle.internal.operations.DefaultBuildOperationRunner] Build operation 'Resolve micrometer-observation-1.17.0.jar (io.micrometer:micrometer-observation:1.17.0)' completed
2026-08-21T16:48:36.652-0300 [DEBUG] [org.gradle.api.internal.artifacts.ivyservice.ivyresolve.CachingModuleComponentRepository] Found artifact 'spring-data-redis-4.1.0.jar (org.springframework.data:spring-data-redis:4.1.0)' in resolver cache: /Users/claratorres1414/.gradle/caches/modules-2/files-2.1/org.springframework.data/spring-data-redis/4.1.0/db3c9ffef46e71f2697d28d8654021220766b4e/spring-data-redis-4.1.0.jar
2026-08-21T16:48:36.654-0300 [DEBUG] [org.gradle.internal.operations.DefaultBuildOperationRunner] Build operation 'Resolve spring-data-redis-4.1.0.jar (org.springframework.data:spring-data-redis:4.1.0)' completed
2026-08-21T16:48:36.653-0300 [DEBUG] [org.gradle.api.internal.artifacts.ivyservice.ivyresolve.CachingModuleComponentRepository] Found artifact 'tomcat-embed-core-11.0.22.jar (org.apache.tomcat.embed:tomcat-embed-core:11.0.22)' in resolver cache: /Users/claratorres1414/.gradle/caches/modules-2/files-2.1/org.apache.tomcat.embed/tomcat-embed-core/11.0.22/cc7307efaa60c0d31784bf053ec4aa48a404f44b/tomcat-embed-core-11.0.22.jar
2026-08-21T16:48:36.654-0300 [DEBUG] [org.gradle.internal.operations.DefaultBuildOperationRunner] Build operation 'Resolve tomcat-embed-core-11.0.22.jar (org.apache.tomcat.embed:tomcat-embed-core:11.0.22)' completed
2026-08-21T16:48:36.654-0300 [DEBUG] [org.gradle.internal.operations.DefaultBuildOperationRunner] Build operation 'Resolve jspecify-1.0.0.jar (org.jspecify:jspecify:1.0.0)' completed
2026-08-21T16:48:36.653-0300 [DEBUG] [org.gradle.internal.operations.DefaultBuildOperationRunner] Build operation 'Resolve spring-oxm-7.0.8.jar (org.springframework:spring-oxm:7.0.8)' completed
2026-08-21T16:48:36.653-0300 [DEBUG] [org.gradle.api.internal.artifacts.ivyservice.ivyresolve.CachingModuleComponentRepository] Found artifact 'error_prone_annotations-2.38.0.jar (com.google.errorprone:error_prone_annotations:2.38.0)' in resolver cache: /Users/claratorres1414/.gradle/caches/modules-2/files-2.1/com.google.errorprone/error_prone_annotations/2.38.0/fc0ae991433e8590ba51cd558421478318a74c8c/error_prone_annotations-2.38.0.jar
2026-08-21T16:48:36.654-0300 [DEBUG] [org.gradle.internal.operations.DefaultBuildOperationRunner] Build operation 'Resolve error_prone_annotations-2.38.0.jar (com.google.errorprone:error_prone_annotations:2.38.0)' completed
2026-08-21T16:48:36.654-0300 [DEBUG] [org.gradle.internal.operations.DefaultBuildOperationRunner] Build operation 'Resolve spring-tx-7.0.8.jar (org.springframework:spring-tx:7.0.8)' completed
2026-08-21T16:48:36.654-0300 [DEBUG] [org.gradle.api.internal.artifacts.ivyservice.ivyresolve.CachingModuleComponentRepository] Found artifact 'netty-codec-dns-4.2.15.Final.jar (io.netty:netty-codec-dns:4.2.15.Final)' in resolver cache: /Users/claratorres1414/.gradle/caches/modules-2/files-2.1/io.netty/netty-codec-dns/4.2.15.Final/3da23523d91eaf8af81d2b9080a61d9b1af0762c/netty-codec-dns-4.2.15.Final.jar
2026-08-21T16:48:36.654-0300 [DEBUG] [org.gradle.internal.operations.DefaultBuildOperationRunner] Build operation 'Resolve netty-codec-dns-4.2.15.Final.jar (io.netty:netty-codec-dns:4.2.15.Final)' completed
2026-08-21T16:48:36.654-0300 [DEBUG] [org.gradle.api.internal.artifacts.ivyservice.ivyresolve.CachingModuleComponentRepository] Found artifact 'netty-transport-native-unix-common-4.2.15.Final.jar (io.netty:netty-transport-native-unix-common:4.2.15.Final)' in resolver cache: /Users/claratorres1414/.gradle/caches/modules-2/files-2.1/io.netty/netty-transport-native-unix-common/4.2.15.Final/efb6943b4de9e0226a5ac35330f232605424af02/netty-transport-native-unix-common-4.2.15.Final.jar
2026-08-21T16:48:36.655-0300 [DEBUG] [org.gradle.internal.operations.DefaultBuildOperationRunner] Build operation 'Resolve netty-transport-native-unix-common-4.2.15.Final.jar (io.netty:netty-transport-native-unix-common:4.2.15.Final)' completed
2026-08-21T16:48:36.654-0300 [DEBUG] [org.gradle.api.internal.artifacts.ivyservice.ivyresolve.CachingModuleComponentRepository] Found artifact 'netty-handler-4.2.15.Final.jar (io.netty:netty-handler:4.2.15.Final)' in resolver cache: /Users/claratorres1414/.gradle/caches/modules-2/files-2.1/io.netty/netty-handler/4.2.15.Final/d5344afd1148e3b9927a74be019605ebb0937a93/netty-handler-4.2.15.Final.jar
2026-08-21T16:48:36.655-0300 [DEBUG] [org.gradle.internal.operations.DefaultBuildOperationRunner] Build operation 'Resolve netty-handler-4.2.15.Final.jar (io.netty:netty-handler:4.2.15.Final)' completed
2026-08-21T16:48:36.654-0300 [DEBUG] [org.gradle.api.internal.artifacts.ivyservice.ivyresolve.CachingModuleComponentRepository] Found artifact 'org.osgi.annotation.bundle-2.0.0.jar (org.osgi:org.osgi.annotation.bundle:2.0.0)' in resolver cache: /Users/claratorres1414/.gradle/caches/modules-2/files-2.1/org.osgi/org.osgi.annotation.bundle/2.0.0/f5c2cd6e670c3c5d440d3003efd5ef2ead5c68eb/org.osgi.annotation.bundle-2.0.0.jar
2026-08-21T16:48:36.655-0300 [DEBUG] [org.gradle.internal.operations.DefaultBuildOperationRunner] Build operation 'Resolve org.osgi.annotation.bundle-2.0.0.jar (org.osgi:org.osgi.annotation.bundle:2.0.0)' completed
2026-08-21T16:48:36.654-0300 [DEBUG] [org.gradle.api.internal.artifacts.ivyservice.ivyresolve.CachingModuleComponentRepository] Found artifact 'org.osgi.annotation.versioning-1.1.2.jar (org.osgi:org.osgi.annotation.versioning:1.1.2)' in resolver cache: /Users/claratorres1414/.gradle/caches/modules-2/files-2.1/org.osgi/org.osgi.annotation.versioning/1.1.2/dc3cd4ec96c0b3c5459fe00694bd73a816ecf93e/org.osgi.annotation.versioning-1.1.2.jar
2026-08-21T16:48:36.655-0300 [DEBUG] [org.gradle.internal.operations.DefaultBuildOperationRunner] Build operation 'Resolve org.osgi.annotation.versioning-1.1.2.jar (org.osgi:org.osgi.annotation.versioning:1.1.2)' completed
2026-08-21T16:48:36.654-0300 [DEBUG] [org.gradle.api.internal.artifacts.ivyservice.ivyresolve.CachingModuleComponentRepository] Found artifact 'tomcat-embed-websocket-11.0.22.jar (org.apache.tomcat.embed:tomcat-embed-websocket:11.0.22)' in resolver cache: /Users/claratorres1414/.gradle/caches/modules-2/files-2.1/org.apache.tomcat.embed/tomcat-embed-websocket/11.0.22/5686ff1ad745491d981d771514027d8fc55aed4f/tomcat-embed-websocket-11.0.22.jar
2026-08-21T16:48:36.655-0300 [DEBUG] [org.gradle.internal.operations.DefaultBuildOperationRunner] Build operation 'Resolve tomcat-embed-websocket-11.0.22.jar (org.apache.tomcat.embed:tomcat-embed-websocket:11.0.22)' completed
2026-08-21T16:48:36.654-0300 [DEBUG] [org.gradle.api.internal.artifacts.ivyservice.ivyresolve.CachingModuleComponentRepository] Found artifact 'netty-resolver-dns-4.2.15.Final.jar (io.netty:netty-resolver-dns:4.2.15.Final)' in resolver cache: /Users/claratorres1414/.gradle/caches/modules-2/files-2.1/io.netty/netty-resolver-dns/4.2.15.Final/1b3eaebe62b905c780e181b5f3fd18c013ca73a4/netty-resolver-dns-4.2.15.Final.jar
2026-08-21T16:48:36.655-0300 [DEBUG] [org.gradle.internal.operations.DefaultBuildOperationRunner] Build operation 'Resolve netty-resolver-dns-4.2.15.Final.jar (io.netty:netty-resolver-dns:4.2.15.Final)' completed
2026-08-21T16:48:36.654-0300 [DEBUG] [org.gradle.api.internal.artifacts.ivyservice.ivyresolve.CachingModuleComponentRepository] Found artifact 'tomcat-embed-el-11.0.22.jar (org.apache.tomcat.embed:tomcat-embed-el:11.0.22)' in resolver cache: /Users/claratorres1414/.gradle/caches/modules-2/files-2.1/org.apache.tomcat.embed/tomcat-embed-el/11.0.22/db92447e16c3561e9ca7bf9311b6b6389816699e/tomcat-embed-el-11.0.22.jar
2026-08-21T16:48:36.655-0300 [DEBUG] [org.gradle.internal.operations.DefaultBuildOperationRunner] Build operation 'Resolve tomcat-embed-el-11.0.22.jar (org.apache.tomcat.embed:tomcat-embed-el:11.0.22)' completed
2026-08-21T16:48:36.654-0300 [DEBUG] [org.gradle.api.internal.artifacts.ivyservice.ivyresolve.CachingModuleComponentRepository] Found artifact 'org.gradle.internal.component.external.model.UrlBackedArtifactMetadata@66aa76ee' in resolver cache: /Users/claratorres1414/.gradle/caches/modules-2/files-2.1/org.hibernate.orm/hibernate-core/7.4.1.Final/b405096e4aa04ff9c99a3e6e632eb2b8d252e1f1/hibernate-core-7.4.1.Final.jar
2026-08-21T16:48:36.655-0300 [DEBUG] [org.gradle.internal.operations.DefaultBuildOperationRunner] Build operation 'Resolve hibernate-core-7.4.1.Final.jar (org.hibernate.orm:hibernate-core:7.4.1.Final)' completed
2026-08-21T16:48:36.654-0300 [DEBUG] [org.gradle.api.internal.artifacts.ivyservice.ivyresolve.CachingModuleComponentRepository] Found artifact 'aspectjweaver-1.9.25.1.jar (org.aspectj:aspectjweaver:1.9.25.1)' in resolver cache: /Users/claratorres1414/.gradle/caches/modules-2/files-2.1/org.aspectj/aspectjweaver/1.9.25.1/a713c790da4d794c7dfb542b550d4e44898d5e23/aspectjweaver-1.9.25.1.jar
2026-08-21T16:48:36.655-0300 [DEBUG] [org.gradle.internal.operations.DefaultBuildOperationRunner] Build operation 'Resolve aspectjweaver-1.9.25.1.jar (org.aspectj:aspectjweaver:1.9.25.1)' completed
2026-08-21T16:48:36.654-0300 [DEBUG] [org.gradle.api.internal.artifacts.ivyservice.ivyresolve.CachingModuleComponentRepository] Found artifact 'antlr4-runtime-4.13.2.jar (org.antlr:antlr4-runtime:4.13.2)' in resolver cache: /Users/claratorres1414/.gradle/caches/modules-2/files-2.1/org.antlr/antlr4-runtime/4.13.2/fc3db6d844df652a3d5db31c87fa12757f13691d/antlr4-runtime-4.13.2.jar
2026-08-21T16:48:36.655-0300 [DEBUG] [org.gradle.internal.operations.DefaultBuildOperationRunner] Build operation 'Resolve antlr4-runtime-4.13.2.jar (org.antlr:antlr4-runtime:4.13.2)' completed
2026-08-21T16:48:36.655-0300 [DEBUG] [org.gradle.api.internal.artifacts.ivyservice.ivyresolve.CachingModuleComponentRepository] Found artifact 'reactive-streams-1.0.4.jar (org.reactivestreams:reactive-streams:1.0.4)' in resolver cache: /Users/claratorres1414/.gradle/caches/modules-2/files-2.1/org.reactivestreams/reactive-streams/1.0.4/3864a1320d97d7b045f729a326e1e077661f31b7/reactive-streams-1.0.4.jar
2026-08-21T16:48:36.656-0300 [DEBUG] [org.gradle.internal.operations.DefaultBuildOperationRunner] Build operation 'Resolve reactive-streams-1.0.4.jar (org.reactivestreams:reactive-streams:1.0.4)' completed
2026-08-21T16:48:36.655-0300 [DEBUG] [org.gradle.api.internal.artifacts.ivyservice.ivyresolve.CachingModuleComponentRepository] Found artifact 'jakarta.transaction-api-2.0.1.jar (jakarta.transaction:jakarta.transaction-api:2.0.1)' in resolver cache: /Users/claratorres1414/.gradle/caches/modules-2/files-2.1/jakarta.transaction/jakarta.transaction-api/2.0.1/51a520e3fae406abb84e2e1148e6746ce3f80a1a/jakarta.transaction-api-2.0.1.jar
2026-08-21T16:48:36.656-0300 [DEBUG] [org.gradle.internal.operations.DefaultBuildOperationRunner] Build operation 'Resolve jakarta.transaction-api-2.0.1.jar (jakarta.transaction:jakarta.transaction-api:2.0.1)' completed
2026-08-21T16:48:36.655-0300 [DEBUG] [org.gradle.api.internal.artifacts.ivyservice.ivyresolve.CachingModuleComponentRepository] Found artifact 'jakarta.persistence-api-3.2.0.jar (jakarta.persistence:jakarta.persistence-api:3.2.0)' in resolver cache: /Users/claratorres1414/.gradle/caches/modules-2/files-2.1/jakarta.persistence/jakarta.persistence-api/3.2.0/bb75a113f3fa191c2c7ee7b206d8e674251b3129/jakarta.persistence-api-3.2.0.jar
2026-08-21T16:48:36.656-0300 [DEBUG] [org.gradle.internal.operations.DefaultBuildOperationRunner] Build operation 'Resolve jakarta.persistence-api-3.2.0.jar (jakarta.persistence:jakarta.persistence-api:3.2.0)' completed
2026-08-21T16:48:36.655-0300 [DEBUG] [org.gradle.api.internal.artifacts.ivyservice.ivyresolve.CachingModuleComponentRepository] Found artifact 'org.osgi.service.serviceloader-1.0.0.jar (org.osgi:org.osgi.service.serviceloader:1.0.0)' in resolver cache: /Users/claratorres1414/.gradle/caches/modules-2/files-2.1/org.osgi/org.osgi.service.serviceloader/1.0.0/3728ff37909c6a3c1870b3e851342d9f2bd3cc63/org.osgi.service.serviceloader-1.0.0.jar
2026-08-21T16:48:36.656-0300 [DEBUG] [org.gradle.internal.operations.DefaultBuildOperationRunner] Build operation 'Resolve org.osgi.service.serviceloader-1.0.0.jar (org.osgi:org.osgi.service.serviceloader:1.0.0)' completed
2026-08-21T16:48:36.655-0300 [DEBUG] [org.gradle.api.internal.artifacts.ivyservice.ivyresolve.CachingModuleComponentRepository] Found artifact 'org.osgi.resource-1.0.0.jar (org.osgi:org.osgi.resource:1.0.0)' in resolver cache: /Users/claratorres1414/.gradle/caches/modules-2/files-2.1/org.osgi/org.osgi.resource/1.0.0/343c88949132984b3f2d4175a72c40b77dc65619/org.osgi.resource-1.0.0.jar
2026-08-21T16:48:36.656-0300 [DEBUG] [org.gradle.internal.operations.DefaultBuildOperationRunner] Build operation 'Resolve org.osgi.resource-1.0.0.jar (org.osgi:org.osgi.resource:1.0.0)' completed
2026-08-21T16:48:36.655-0300 [DEBUG] [org.gradle.api.internal.artifacts.ivyservice.ivyresolve.CachingModuleComponentRepository] Found artifact 'commons-logging-1.3.6.jar (commons-logging:commons-logging:1.3.6)' in resolver cache: /Users/claratorres1414/.gradle/caches/modules-2/files-2.1/commons-logging/commons-logging/1.3.6/63e78ca6cd446c0ad166d14f03ed99e7efb3896d/commons-logging-1.3.6.jar
2026-08-21T16:48:36.656-0300 [DEBUG] [org.gradle.internal.operations.DefaultBuildOperationRunner] Build operation 'Resolve commons-logging-1.3.6.jar (commons-logging:commons-logging:1.3.6)' completed
2026-08-21T16:48:36.655-0300 [DEBUG] [org.gradle.api.internal.artifacts.ivyservice.ivyresolve.CachingModuleComponentRepository] Found artifact 'netty-common-4.2.15.Final.jar (io.netty:netty-common:4.2.15.Final)' in resolver cache: /Users/claratorres1414/.gradle/caches/modules-2/files-2.1/io.netty/netty-common/4.2.15.Final/7222492c1af9c2d4d78d521eea340a619e242fda/netty-common-4.2.15.Final.jar
2026-08-21T16:48:36.656-0300 [DEBUG] [org.gradle.internal.operations.DefaultBuildOperationRunner] Build operation 'Resolve netty-common-4.2.15.Final.jar (io.netty:netty-common:4.2.15.Final)' completed
2026-08-21T16:48:36.655-0300 [DEBUG] [org.gradle.api.internal.artifacts.ivyservice.ivyresolve.CachingModuleComponentRepository] Found artifact 'netty-buffer-4.2.15.Final.jar (io.netty:netty-buffer:4.2.15.Final)' in resolver cache: /Users/claratorres1414/.gradle/caches/modules-2/files-2.1/io.netty/netty-buffer/4.2.15.Final/2beb620803bf871cda2dd5d46b8f831e8015dd34/netty-buffer-4.2.15.Final.jar
2026-08-21T16:48:36.656-0300 [DEBUG] [org.gradle.internal.operations.DefaultBuildOperationRunner] Build operation 'Resolve netty-buffer-4.2.15.Final.jar (io.netty:netty-buffer:4.2.15.Final)' completed
2026-08-21T16:48:36.655-0300 [DEBUG] [org.gradle.api.internal.artifacts.ivyservice.ivyresolve.CachingModuleComponentRepository] Found artifact 'netty-resolver-4.2.15.Final.jar (io.netty:netty-resolver:4.2.15.Final)' in resolver cache: /Users/claratorres1414/.gradle/caches/modules-2/files-2.1/io.netty/netty-resolver/4.2.15.Final/b961a16d379b508b473e064ba06842bba280f4e3/netty-resolver-4.2.15.Final.jar
2026-08-21T16:48:36.656-0300 [DEBUG] [org.gradle.internal.operations.DefaultBuildOperationRunner] Build operation 'Resolve netty-resolver-4.2.15.Final.jar (io.netty:netty-resolver:4.2.15.Final)' completed
2026-08-21T16:48:36.655-0300 [DEBUG] [org.gradle.api.internal.artifacts.ivyservice.ivyresolve.CachingModuleComponentRepository] Found artifact 'netty-transport-4.2.15.Final.jar (io.netty:netty-transport:4.2.15.Final)' in resolver cache: /Users/claratorres1414/.gradle/caches/modules-2/files-2.1/io.netty/netty-transport/4.2.15.Final/a000c3a6196ee40207b73ac619dcb339409dd62f/netty-transport-4.2.15.Final.jar
2026-08-21T16:48:36.656-0300 [DEBUG] [org.gradle.internal.operations.DefaultBuildOperationRunner] Build operation 'Resolve netty-transport-4.2.15.Final.jar (io.netty:netty-transport:4.2.15.Final)' completed
2026-08-21T16:48:36.654-0300 [DEBUG] [org.gradle.api.internal.artifacts.ivyservice.ivyresolve.CachingModuleComponentRepository] Found artifact 'netty-codec-base-4.2.15.Final.jar (io.netty:netty-codec-base:4.2.15.Final)' in resolver cache: /Users/claratorres1414/.gradle/caches/modules-2/files-2.1/io.netty/netty-codec-base/4.2.15.Final/e97149fdd5fb04858efa90e314651c8d700dc68b/netty-codec-base-4.2.15.Final.jar
2026-08-21T16:48:36.656-0300 [DEBUG] [org.gradle.internal.operations.DefaultBuildOperationRunner] Build operation 'Resolve netty-codec-base-4.2.15.Final.jar (io.netty:netty-codec-base:4.2.15.Final)' completed
2026-08-21T16:48:36.655-0300 [DEBUG] [org.gradle.internal.resources.AbstractTrackedResourceLock] Build operations Thread 8: released lock on worker lease
2026-08-21T16:48:36.657-0300 [DEBUG] [org.gradle.internal.resources.AbstractTrackedResourceLock] Build operations Thread 4: released lock on worker lease
2026-08-21T16:48:36.657-0300 [DEBUG] [org.gradle.internal.resources.AbstractTrackedResourceLock] Build operations Thread 10: released lock on worker lease
2026-08-21T16:48:36.657-0300 [DEBUG] [org.gradle.internal.resources.AbstractTrackedResourceLock] Build operations Thread 9: released lock on worker lease
2026-08-21T16:48:36.657-0300 [DEBUG] [org.gradle.internal.resources.AbstractTrackedResourceLock] Build operations Thread 6: released lock on worker lease
2026-08-21T16:48:36.657-0300 [DEBUG] [org.gradle.internal.resources.AbstractTrackedResourceLock] Build operations Thread 12: released lock on worker lease
2026-08-21T16:48:36.657-0300 [DEBUG] [org.gradle.internal.resources.AbstractTrackedResourceLock] Build operations Thread 11: released lock on worker lease
2026-08-21T16:48:36.657-0300 [DEBUG] [org.gradle.internal.resources.AbstractTrackedResourceLock] Build operations Thread 7: released lock on worker lease
2026-08-21T16:48:36.657-0300 [DEBUG] [org.gradle.internal.resources.AbstractTrackedResourceLock] Build operations Thread 3: released lock on worker lease
2026-08-21T16:48:36.657-0300 [DEBUG] [org.gradle.internal.resources.AbstractTrackedResourceLock] Build operations Thread 2: released lock on worker lease
2026-08-21T16:48:36.657-0300 [DEBUG] [org.gradle.internal.resources.AbstractTrackedResourceLock] Build operations: released lock on worker lease
2026-08-21T16:48:36.657-0300 [DEBUG] [org.gradle.internal.resources.AbstractTrackedResourceLock] Execution worker: released lock on state of build :
2026-08-21T16:48:36.657-0300 [DEBUG] [org.gradle.internal.resources.AbstractTrackedResourceLock] Execution worker: released lock on worker lease
2026-08-21T16:48:36.658-0300 [DEBUG] [org.gradle.internal.resources.AbstractTrackedResourceLock] Execution worker: acquired lock on state of build :
2026-08-21T16:48:36.658-0300 [DEBUG] [org.gradle.internal.resources.AbstractTrackedResourceLock] Execution worker: acquired lock on worker lease
2026-08-21T16:48:36.658-0300 [DEBUG] [org.gradle.internal.operations.DefaultBuildOperationRunner] Build operation 'Resolve files of configuration ':compileClasspath'' completed
2026-08-21T16:48:36.659-0300 [DEBUG] [org.gradle.api.internal.artifacts.ivyservice.modulecache.ResolvedArtifactCaches] Reusing in-memory cache for repo 'MavenRepo' [26c913274550a0b2221f47a0fe2d2358].
2026-08-21T16:48:36.659-0300 [DEBUG] [io.spring.gradle.dependencymanagement.internal.VersionConfiguringAction] Processing requested dependency 'org.projectlombok:lombok:' with target 'org.projectlombok:lombok:
2026-08-21T16:48:36.659-0300 [DEBUG] [io.spring.gradle.dependencymanagement.internal.DependencyManagementContainer] Found managed version '1.18.46' for dependency 'org.projectlombok:lombok' in global dependency management
2026-08-21T16:48:36.659-0300 [DEBUG] [io.spring.gradle.dependencymanagement.internal.VersionConfiguringAction] Using version '1.18.46' for dependency 'org.projectlombok:lombok:'
2026-08-21T16:48:36.659-0300 [DEBUG] [org.gradle.api.internal.artifacts.ivyservice.ivyresolve.RepositoryChainComponentMetaDataResolver] Attempting to resolve component for org.projectlombok:lombok:1.18.46 using repositories [MavenRepo]
2026-08-21T16:48:36.659-0300 [DEBUG] [org.gradle.api.internal.artifacts.ivyservice.ivyresolve.CachingModuleComponentRepository] Using cached module metadata for module 'org.projectlombok:lombok:1.18.46' in 'MavenRepo'
2026-08-21T16:48:36.659-0300 [DEBUG] [org.gradle.api.internal.artifacts.ivyservice.ivyresolve.RepositoryChainComponentMetaDataResolver] Using org.projectlombok:lombok:1.18.46 from org.gradle.api.internal.artifacts.ivyservice.ivyresolve.FilteredModuleComponentRepository@6592b06a
2026-08-21T16:48:36.659-0300 [DEBUG] [org.gradle.internal.component.model.LoggingAttributeMatchingExplanationBuilder] Candidate {org.gradle.category=library, org.gradle.libraryelements=jar, org.gradle.status=release, org.gradle.usage=java-api} attribute org.gradle.usage value org.gradle.usage=java-api doesn't requested value java-runtime
2026-08-21T16:48:36.659-0300 [DEBUG] [org.gradle.internal.component.model.LoggingAttributeMatchingExplanationBuilder] Candidate {org.gradle.category=library, org.gradle.libraryelements=jar, org.gradle.status=release, org.gradle.usage=java-runtime} doesn't have attribute org.gradle.dependency.bundling
2026-08-21T16:48:36.659-0300 [DEBUG] [org.gradle.internal.component.model.LoggingAttributeMatchingExplanationBuilder] Candidate {org.gradle.category=library, org.gradle.libraryelements=jar, org.gradle.status=release, org.gradle.usage=java-runtime} doesn't have attribute org.gradle.jvm.environment
2026-08-21T16:48:36.659-0300 [DEBUG] [org.gradle.internal.component.model.LoggingAttributeMatchingExplanationBuilder] Candidate {org.gradle.category=documentation, org.gradle.dependency.bundling=external, org.gradle.docstype=sources, org.gradle.status=release, org.gradle.usage=java-runtime} attribute org.gradle.category value org.gradle.category=documentation doesn't requested value library
2026-08-21T16:48:36.659-0300 [DEBUG] [org.gradle.internal.component.model.LoggingAttributeMatchingExplanationBuilder] Candidate {org.gradle.category=documentation, org.gradle.dependency.bundling=external, org.gradle.docstype=javadoc, org.gradle.status=release, org.gradle.usage=java-runtime} attribute org.gradle.category value org.gradle.category=documentation doesn't requested value library
2026-08-21T16:48:36.659-0300 [DEBUG] [org.gradle.internal.component.model.LoggingAttributeMatchingExplanationBuilder] Candidate {org.gradle.category=platform, org.gradle.status=release, org.gradle.usage=java-api} attribute org.gradle.category value org.gradle.category=platform doesn't requested value library
2026-08-21T16:48:36.659-0300 [DEBUG] [org.gradle.internal.component.model.LoggingAttributeMatchingExplanationBuilder] Candidate {org.gradle.category=platform, org.gradle.status=release, org.gradle.usage=java-runtime} attribute org.gradle.category value org.gradle.category=platform doesn't requested value library
2026-08-21T16:48:36.659-0300 [DEBUG] [org.gradle.internal.component.model.LoggingAttributeMatchingExplanationBuilder] Candidate {org.gradle.category=enforced-platform, org.gradle.status=release, org.gradle.usage=java-api} attribute org.gradle.category value org.gradle.category=enforced-platform doesn't requested value library
2026-08-21T16:48:36.659-0300 [DEBUG] [org.gradle.internal.component.model.LoggingAttributeMatchingExplanationBuilder] Candidate {org.gradle.category=enforced-platform, org.gradle.status=release, org.gradle.usage=java-runtime} attribute org.gradle.category value org.gradle.category=enforced-platform doesn't requested value library
2026-08-21T16:48:36.659-0300 [DEBUG] [org.gradle.api.internal.attributes.matching.DefaultAttributeMatcher] Selected matches [1] from candidates [{org.gradle.category=library, org.gradle.libraryelements=jar, org.gradle.status=release, org.gradle.usage=java-api}, {org.gradle.category=library, org.gradle.libraryelements=jar, org.gradle.status=release, org.gradle.usage=java-runtime}, {org.gradle.category=documentation, org.gradle.dependency.bundling=external, org.gradle.docstype=sources, org.gradle.status=release, org.gradle.usage=java-runtime}, {org.gradle.category=documentation, org.gradle.dependency.bundling=external, org.gradle.docstype=javadoc, org.gradle.status=release, org.gradle.usage=java-runtime}, {org.gradle.category=platform, org.gradle.status=release, org.gradle.usage=java-api}, {org.gradle.category=platform, org.gradle.status=release, org.gradle.usage=java-runtime}, {org.gradle.category=enforced-platform, org.gradle.status=release, org.gradle.usage=java-api}, {org.gradle.category=enforced-platform, org.gradle.status=release, org.gradle.usage=java-runtime}] for {org.gradle.category=library, org.gradle.dependency.bundling=external, org.gradle.jvm.environment=standard-jvm, org.gradle.libraryelements=jar, org.gradle.usage=java-runtime}
2026-08-21T16:48:36.659-0300 [DEBUG] [org.gradle.internal.operations.DefaultBuildOperationRunner] Build operation 'Resolve dependencies of :annotationProcessor' completed
2026-08-21T16:48:36.660-0300 [DEBUG] [org.gradle.internal.component.model.LoggingAttributeMatchingExplanationBuilder] Selected match {artifactType=jar, org.gradle.category=library, org.gradle.libraryelements=jar, org.gradle.status=release, org.gradle.usage=java-runtime} from candidates [{artifactType=jar, org.gradle.category=library, org.gradle.libraryelements=jar, org.gradle.status=release, org.gradle.usage=java-runtime}] for {org.gradle.category=library, org.gradle.dependency.bundling=external, org.gradle.jvm.environment=standard-jvm, org.gradle.libraryelements=jar, org.gradle.usage=java-runtime}
2026-08-21T16:48:36.660-0300 [DEBUG] [org.gradle.internal.operations.DefaultBuildOperationRunner] Build operation 'Resolve files of configuration ':annotationProcessor'' completed
2026-08-21T16:48:36.660-0300 [DEBUG] [org.gradle.internal.operations.DefaultBuildOperationRunner] Build operation 'Snapshot inputs and outputs before executing task ':compileJava'' completed
2026-08-21T16:48:36.661-0300 [INFO] [org.gradle.api.internal.tasks.execution.TaskExecution] Custom actions are attached to task ':compileJava'.
2026-08-21T16:48:36.661-0300 [INFO] [org.gradle.internal.execution.steps.AbstractResolveCachingStateStep] Caching disabled for task ':compileJava' because:
  Build cache is disabled
2026-08-21T16:48:36.661-0300 [DEBUG] [org.gradle.internal.operations.DefaultBuildOperationRunner] Build operation 'Snapshot task inputs for :compileJava' completed
2026-08-21T16:48:36.661-0300 [DEBUG] [org.gradle.internal.execution.steps.SkipUpToDateStep] Determining if task ':compileJava' is up-to-date
2026-08-21T16:48:36.661-0300 [INFO] [org.gradle.internal.execution.steps.SkipUpToDateStep] Skipping task ':compileJava' as it is up-to-date.
2026-08-21T16:48:36.661-0300 [DEBUG] [org.gradle.api.internal.tasks.execution.ResolveTaskExecutionModeExecuter] Removed task artifact state for task ':compileJava' from context.
2026-08-21T16:48:36.661-0300 [DEBUG] [org.gradle.internal.operations.DefaultBuildOperationRunner] Completing Build operation 'Task :compileJava'
2026-08-21T16:48:36.661-0300 [DEBUG] [org.gradle.internal.operations.DefaultBuildOperationRunner] Build operation 'Task :compileJava' completed
2026-08-21T16:48:36.661-0300 [DEBUG] [org.gradle.execution.plan.DefaultFinalizedExecutionPlan] Node :compileJava completed, executed: true
2026-08-21T16:48:36.661-0300 [DEBUG] [org.gradle.execution.plan.DefaultFinalizedExecutionPlan] Node :compileJava finished executing
2026-08-21T16:48:36.661-0300 [DEBUG] [org.gradle.internal.resources.AbstractTrackedResourceLock] Execution worker: released lock on state of build :
2026-08-21T16:48:36.661-0300 [DEBUG] [org.gradle.internal.resources.AbstractTrackedResourceLock] Execution worker: released lock on task execution for build :
2026-08-21T16:48:36.661-0300 [DEBUG] [org.gradle.internal.resources.AbstractTrackedResourceLock] Execution worker: acquired lock on state of build :
2026-08-21T16:48:36.662-0300 [DEBUG] [org.gradle.internal.resources.AbstractTrackedResourceLock] Execution worker: acquired lock on task execution for build :
2026-08-21T16:48:36.662-0300 [INFO] [org.gradle.execution.plan.DefaultPlanExecutor] Resolve mutations for :processResources (Thread[#637,Execution worker,5,main]) started.
2026-08-21T16:48:36.662-0300 [DEBUG] [org.gradle.internal.resources.AbstractTrackedResourceLock] Execution worker Thread 2: acquired lock on worker lease
2026-08-21T16:48:36.662-0300 [DEBUG] [org.gradle.internal.operations.DefaultBuildOperationRunner] Build operation 'Resolve mutations for task :processResources' started
2026-08-21T16:48:36.662-0300 [DEBUG] [org.gradle.execution.plan.DefaultFinalizedExecutionPlan] Cannot acquire project lock for node Resolve mutations for :processTestResources
2026-08-21T16:48:36.662-0300 [DEBUG] [org.gradle.internal.resources.AbstractTrackedResourceLock] Execution worker Thread 2: released lock on worker lease
2026-08-21T16:48:36.662-0300 [DEBUG] [org.gradle.internal.operations.DefaultBuildOperationRunner] Completing Build operation 'Resolve mutations for task :processResources'
2026-08-21T16:48:36.662-0300 [DEBUG] [org.gradle.internal.resources.AbstractTrackedResourceLock] Execution worker Thread 11: acquired lock on worker lease
2026-08-21T16:48:36.662-0300 [DEBUG] [org.gradle.internal.operations.DefaultBuildOperationRunner] Build operation 'Resolve mutations for task :processResources' completed
2026-08-21T16:48:36.662-0300 [DEBUG] [org.gradle.internal.resources.AbstractTrackedResourceLock] Execution worker Thread 11: released lock on worker lease
2026-08-21T16:48:36.662-0300 [DEBUG] [org.gradle.internal.resources.AbstractTrackedResourceLock] included builds: acquired lock on worker lease
2026-08-21T16:48:36.662-0300 [DEBUG] [org.gradle.internal.resources.AbstractTrackedResourceLock] included builds: released lock on worker lease
2026-08-21T16:48:36.662-0300 [DEBUG] [org.gradle.internal.resources.AbstractTrackedResourceLock] Execution worker Thread 10: acquired lock on worker lease
2026-08-21T16:48:36.662-0300 [DEBUG] [org.gradle.internal.resources.AbstractTrackedResourceLock] Execution worker Thread 10: released lock on worker lease
2026-08-21T16:48:36.662-0300 [DEBUG] [org.gradle.internal.resources.AbstractTrackedResourceLock] Execution worker Thread 9: acquired lock on worker lease
2026-08-21T16:48:36.663-0300 [DEBUG] [org.gradle.internal.resources.AbstractTrackedResourceLock] Execution worker Thread 9: released lock on worker lease
2026-08-21T16:48:36.663-0300 [DEBUG] [org.gradle.internal.resources.AbstractTrackedResourceLock] Execution worker Thread 8: acquired lock on worker lease
2026-08-21T16:48:36.663-0300 [DEBUG] [org.gradle.internal.resources.AbstractTrackedResourceLock] Execution worker Thread 8: released lock on worker lease
2026-08-21T16:48:36.663-0300 [DEBUG] [org.gradle.internal.resources.AbstractTrackedResourceLock] Execution worker Thread 7: acquired lock on worker lease
2026-08-21T16:48:36.663-0300 [DEBUG] [org.gradle.internal.resources.AbstractTrackedResourceLock] Execution worker Thread 7: released lock on worker lease
2026-08-21T16:48:36.663-0300 [DEBUG] [org.gradle.internal.resources.AbstractTrackedResourceLock] Execution worker Thread 6: acquired lock on worker lease
2026-08-21T16:48:36.663-0300 [DEBUG] [org.gradle.internal.resources.AbstractTrackedResourceLock] Execution worker Thread 6: released lock on worker lease
2026-08-21T16:48:36.663-0300 [DEBUG] [org.gradle.internal.resources.AbstractTrackedResourceLock] Execution worker Thread 5: acquired lock on worker lease
2026-08-21T16:48:36.663-0300 [DEBUG] [org.gradle.internal.resources.AbstractTrackedResourceLock] Execution worker Thread 5: released lock on worker lease
2026-08-21T16:48:36.663-0300 [DEBUG] [org.gradle.internal.resources.AbstractTrackedResourceLock] Execution worker Thread 4: acquired lock on worker lease
2026-08-21T16:48:36.663-0300 [DEBUG] [org.gradle.internal.resources.AbstractTrackedResourceLock] Execution worker Thread 4: released lock on worker lease
2026-08-21T16:48:36.663-0300 [DEBUG] [org.gradle.internal.resources.AbstractTrackedResourceLock] Execution worker Thread 3: acquired lock on worker lease
2026-08-21T16:48:36.663-0300 [DEBUG] [org.gradle.internal.resources.AbstractTrackedResourceLock] Execution worker Thread 3: released lock on worker lease
2026-08-21T16:48:36.663-0300 [DEBUG] [org.gradle.execution.plan.DefaultFinalizedExecutionPlan] Node Resolve mutations for :processResources completed, executed: true
2026-08-21T16:48:36.663-0300 [DEBUG] [org.gradle.execution.plan.DefaultFinalizedExecutionPlan] Node Resolve mutations for :processResources finished executing
2026-08-21T16:48:36.663-0300 [DEBUG] [org.gradle.internal.resources.AbstractTrackedResourceLock] Execution worker: released lock on state of build :
2026-08-21T16:48:36.663-0300 [DEBUG] [org.gradle.internal.resources.AbstractTrackedResourceLock] Execution worker: released lock on task execution for build :
2026-08-21T16:48:36.663-0300 [DEBUG] [org.gradle.internal.resources.AbstractTrackedResourceLock] Execution worker Thread 2: acquired lock on worker lease
2026-08-21T16:48:36.663-0300 [DEBUG] [org.gradle.internal.resources.AbstractTrackedResourceLock] Execution worker Thread 2: acquired lock on state of build :
2026-08-21T16:48:36.663-0300 [DEBUG] [org.gradle.internal.resources.AbstractTrackedResourceLock] Execution worker Thread 2: acquired lock on task execution for build :
2026-08-21T16:48:36.663-0300 [INFO] [org.gradle.execution.plan.DefaultPlanExecutor] :processResources (Thread[#638,Execution worker Thread 2,5,main]) started.
2026-08-21T16:48:36.664-0300 [DEBUG] [org.gradle.execution.plan.DefaultFinalizedExecutionPlan] Cannot acquire project lock for node Resolve mutations for :processTestResources
2026-08-21T16:48:36.664-0300 [DEBUG] [org.gradle.internal.operations.DefaultBuildOperationRunner] Build operation 'Task :processResources' started
2026-08-21T16:48:36.664-0300 [DEBUG] [org.gradle.internal.resources.AbstractTrackedResourceLock] Execution worker: released lock on worker lease
2026-08-21T16:48:36.664-0300 [DEBUG] [org.gradle.internal.resources.AbstractTrackedResourceLock] Execution worker Thread 3: acquired lock on worker lease
2026-08-21T16:48:36.664-0300 [DEBUG] [org.gradle.internal.resources.AbstractTrackedResourceLock] Execution worker Thread 3: released lock on worker lease
2026-08-21T16:48:36.664-0300 [DEBUG] [org.gradle.internal.resources.AbstractTrackedResourceLock] Execution worker Thread 4: acquired lock on worker lease
2026-08-21T16:48:36.664-0300 [DEBUG] [org.gradle.internal.resources.AbstractTrackedResourceLock] Execution worker Thread 4: released lock on worker lease
2026-08-21T16:48:36.664-0300 [DEBUG] [org.gradle.internal.resources.AbstractTrackedResourceLock] Execution worker Thread 5: acquired lock on worker lease
2026-08-21T16:48:36.664-0300 [DEBUG] [org.gradle.internal.resources.AbstractTrackedResourceLock] Execution worker Thread 5: released lock on worker lease
2026-08-21T16:48:36.664-0300 [DEBUG] [org.gradle.internal.operations.DefaultBuildOperationRunner] Build operation 'Snapshot task inputs for :processResources' started
2026-08-21T16:48:36.664-0300 [DEBUG] [org.gradle.internal.resources.AbstractTrackedResourceLock] Execution worker Thread 6: acquired lock on worker lease
2026-08-21T16:48:36.664-0300 [DEBUG] [org.gradle.internal.resources.AbstractTrackedResourceLock] Execution worker Thread 6: released lock on worker lease
2026-08-21T16:48:36.664-0300 [DEBUG] [org.gradle.internal.resources.AbstractTrackedResourceLock] Execution worker Thread 7: acquired lock on worker lease
2026-08-21T16:48:36.664-0300 [DEBUG] [org.gradle.internal.resources.AbstractTrackedResourceLock] Execution worker Thread 7: released lock on worker lease
2026-08-21T16:48:36.664-0300 [DEBUG] [org.gradle.internal.resources.AbstractTrackedResourceLock] Execution worker Thread 8: acquired lock on worker lease
2026-08-21T16:48:36.665-0300 [DEBUG] [org.gradle.internal.resources.AbstractTrackedResourceLock] Execution worker Thread 8: released lock on worker lease
2026-08-21T16:48:36.665-0300 [DEBUG] [org.gradle.internal.resources.AbstractTrackedResourceLock] Execution worker Thread 9: acquired lock on worker lease
2026-08-21T16:48:36.665-0300 [DEBUG] [org.gradle.internal.resources.AbstractTrackedResourceLock] Execution worker Thread 9: released lock on worker lease
2026-08-21T16:48:36.665-0300 [DEBUG] [org.gradle.internal.operations.DefaultBuildOperationRunner] Build operation 'Snapshot inputs and outputs before executing task ':processResources'' started
2026-08-21T16:48:36.665-0300 [DEBUG] [org.gradle.internal.resources.AbstractTrackedResourceLock] Execution worker Thread 10: acquired lock on worker lease
2026-08-21T16:48:36.665-0300 [DEBUG] [org.gradle.internal.resources.AbstractTrackedResourceLock] Execution worker Thread 10: released lock on worker lease
2026-08-21T16:48:36.665-0300 [DEBUG] [org.gradle.internal.resources.AbstractTrackedResourceLock] included builds: acquired lock on worker lease
2026-08-21T16:48:36.665-0300 [DEBUG] [org.gradle.internal.resources.AbstractTrackedResourceLock] included builds: released lock on worker lease
2026-08-21T16:48:36.665-0300 [DEBUG] [org.gradle.internal.operations.DefaultBuildOperationRunner] Completing Build operation 'Snapshot inputs and outputs before executing task ':processResources''
2026-08-21T16:48:36.665-0300 [DEBUG] [org.gradle.internal.resources.AbstractTrackedResourceLock] Execution worker Thread 11: acquired lock on worker lease
2026-08-21T16:48:36.665-0300 [DEBUG] [org.gradle.internal.resources.AbstractTrackedResourceLock] Execution worker Thread 11: released lock on worker lease
2026-08-21T16:48:36.665-0300 [DEBUG] [org.gradle.internal.operations.DefaultBuildOperationRunner] Completing Build operation 'Snapshot task inputs for :processResources'
2026-08-21T16:48:36.664-0300 [LIFECYCLE] [class org.gradle.internal.buildevents.TaskExecutionLogger] 
2026-08-21T16:48:36.664-0300 [LIFECYCLE] [class org.gradle.internal.buildevents.TaskExecutionLogger] > Task :processResources UP-TO-DATE
2026-08-21T16:48:36.664-0300 [DEBUG] [org.gradle.api.internal.tasks.execution.ResolveTaskExecutionModeExecuter] Putting task artifact state for task ':processResources' into context took 0.0 secs.
2026-08-21T16:48:36.664-0300 [DEBUG] [org.gradle.internal.execution.steps.IdentifyStep] Implementation for task ':processResources': org.gradle.language.jvm.tasks.ProcessResources_Decorated@bf23f43623a3fe6628558cf72ff750c2
2026-08-21T16:48:36.664-0300 [DEBUG] [org.gradle.internal.execution.steps.IdentifyStep] Additional implementations for task ':processResources': [org.gradle.language.jvm.tasks.ProcessResources_Decorated@12e53c4dcaf376ce9cae4cc1ce1513e1]
2026-08-21T16:48:36.665-0300 [DEBUG] [org.gradle.internal.operations.DefaultBuildOperationRunner] Build operation 'Snapshot inputs and outputs before executing task ':processResources'' completed
2026-08-21T16:48:36.665-0300 [INFO] [org.gradle.internal.execution.steps.AbstractResolveCachingStateStep] Caching disabled for task ':processResources' because:
  Build cache is disabled
  Not worth caching
2026-08-21T16:48:36.666-0300 [DEBUG] [org.gradle.internal.operations.DefaultBuildOperationRunner] Build operation 'Snapshot task inputs for :processResources' completed
2026-08-21T16:48:36.666-0300 [DEBUG] [org.gradle.internal.execution.steps.SkipUpToDateStep] Determining if task ':processResources' is up-to-date
2026-08-21T16:48:36.666-0300 [INFO] [org.gradle.internal.execution.steps.SkipUpToDateStep] Skipping task ':processResources' as it is up-to-date.
2026-08-21T16:48:36.666-0300 [DEBUG] [org.gradle.api.internal.tasks.execution.ResolveTaskExecutionModeExecuter] Removed task artifact state for task ':processResources' from context.
2026-08-21T16:48:36.666-0300 [DEBUG] [org.gradle.internal.operations.DefaultBuildOperationRunner] Completing Build operation 'Task :processResources'
2026-08-21T16:48:36.666-0300 [DEBUG] [org.gradle.internal.operations.DefaultBuildOperationRunner] Build operation 'Task :processResources' completed
2026-08-21T16:48:36.666-0300 [DEBUG] [org.gradle.execution.plan.DefaultFinalizedExecutionPlan] Node :processResources completed, executed: true
2026-08-21T16:48:36.666-0300 [DEBUG] [org.gradle.execution.plan.DefaultFinalizedExecutionPlan] Node :processResources finished executing
2026-08-21T16:48:36.666-0300 [DEBUG] [org.gradle.internal.resources.AbstractTrackedResourceLock] Execution worker Thread 2: released lock on state of build :
2026-08-21T16:48:36.666-0300 [DEBUG] [org.gradle.internal.resources.AbstractTrackedResourceLock] Execution worker Thread 2: released lock on task execution for build :
2026-08-21T16:48:36.666-0300 [DEBUG] [org.gradle.internal.resources.AbstractTrackedResourceLock] Execution worker Thread 2: acquired lock on state of build :
2026-08-21T16:48:36.666-0300 [DEBUG] [org.gradle.internal.resources.AbstractTrackedResourceLock] Execution worker Thread 2: acquired lock on task execution for build :
2026-08-21T16:48:36.666-0300 [INFO] [org.gradle.execution.plan.DefaultPlanExecutor] Resolve mutations for :classes (Thread[#638,Execution worker Thread 2,5,main]) started.
2026-08-21T16:48:36.666-0300 [DEBUG] [org.gradle.internal.resources.AbstractTrackedResourceLock] Execution worker: acquired lock on worker lease
2026-08-21T16:48:36.666-0300 [DEBUG] [org.gradle.internal.operations.DefaultBuildOperationRunner] Build operation 'Resolve mutations for task :classes' started
2026-08-21T16:48:36.666-0300 [DEBUG] [org.gradle.execution.plan.DefaultFinalizedExecutionPlan] Cannot acquire project lock for node Resolve mutations for :processTestResources
2026-08-21T16:48:36.666-0300 [DEBUG] [org.gradle.internal.resources.AbstractTrackedResourceLock] Execution worker: released lock on worker lease
2026-08-21T16:48:36.666-0300 [DEBUG] [org.gradle.internal.operations.DefaultBuildOperationRunner] Completing Build operation 'Resolve mutations for task :classes'
2026-08-21T16:48:36.666-0300 [DEBUG] [org.gradle.internal.operations.DefaultBuildOperationRunner] Build operation 'Resolve mutations for task :classes' completed
2026-08-21T16:48:36.666-0300 [DEBUG] [org.gradle.internal.resources.AbstractTrackedResourceLock] Execution worker Thread 11: acquired lock on worker lease
2026-08-21T16:48:36.667-0300 [DEBUG] [org.gradle.internal.resources.AbstractTrackedResourceLock] Execution worker Thread 11: released lock on worker lease
2026-08-21T16:48:36.667-0300 [DEBUG] [org.gradle.internal.resources.AbstractTrackedResourceLock] included builds: acquired lock on worker lease
2026-08-21T16:48:36.667-0300 [DEBUG] [org.gradle.internal.resources.AbstractTrackedResourceLock] included builds: released lock on worker lease
2026-08-21T16:48:36.667-0300 [DEBUG] [org.gradle.internal.resources.AbstractTrackedResourceLock] Execution worker Thread 10: acquired lock on worker lease
2026-08-21T16:48:36.667-0300 [DEBUG] [org.gradle.internal.resources.AbstractTrackedResourceLock] Execution worker Thread 10: released lock on worker lease
2026-08-21T16:48:36.667-0300 [DEBUG] [org.gradle.internal.resources.AbstractTrackedResourceLock] Execution worker Thread 9: acquired lock on worker lease
2026-08-21T16:48:36.667-0300 [DEBUG] [org.gradle.internal.resources.AbstractTrackedResourceLock] Execution worker Thread 9: released lock on worker lease
2026-08-21T16:48:36.667-0300 [DEBUG] [org.gradle.internal.resources.AbstractTrackedResourceLock] Execution worker Thread 8: acquired lock on worker lease
2026-08-21T16:48:36.667-0300 [DEBUG] [org.gradle.internal.resources.AbstractTrackedResourceLock] Execution worker Thread 8: released lock on worker lease
2026-08-21T16:48:36.667-0300 [DEBUG] [org.gradle.internal.resources.AbstractTrackedResourceLock] Execution worker Thread 7: acquired lock on worker lease
2026-08-21T16:48:36.667-0300 [DEBUG] [org.gradle.internal.resources.AbstractTrackedResourceLock] Execution worker Thread 7: released lock on worker lease
2026-08-21T16:48:36.667-0300 [DEBUG] [org.gradle.internal.resources.AbstractTrackedResourceLock] Execution worker Thread 6: acquired lock on worker lease
2026-08-21T16:48:36.667-0300 [DEBUG] [org.gradle.internal.resources.AbstractTrackedResourceLock] Execution worker Thread 6: released lock on worker lease
2026-08-21T16:48:36.667-0300 [DEBUG] [org.gradle.internal.resources.AbstractTrackedResourceLock] Execution worker Thread 5: acquired lock on worker lease
2026-08-21T16:48:36.667-0300 [DEBUG] [org.gradle.internal.resources.AbstractTrackedResourceLock] Execution worker Thread 5: released lock on worker lease
2026-08-21T16:48:36.667-0300 [DEBUG] [org.gradle.internal.resources.AbstractTrackedResourceLock] Execution worker Thread 4: acquired lock on worker lease
2026-08-21T16:48:36.667-0300 [DEBUG] [org.gradle.internal.resources.AbstractTrackedResourceLock] Execution worker Thread 4: released lock on worker lease
2026-08-21T16:48:36.667-0300 [DEBUG] [org.gradle.internal.resources.AbstractTrackedResourceLock] Execution worker Thread 3: acquired lock on worker lease
2026-08-21T16:48:36.667-0300 [DEBUG] [org.gradle.internal.resources.AbstractTrackedResourceLock] Execution worker Thread 3: released lock on worker lease
2026-08-21T16:48:36.667-0300 [DEBUG] [org.gradle.execution.plan.DefaultFinalizedExecutionPlan] Node Resolve mutations for :classes completed, executed: true
2026-08-21T16:48:36.667-0300 [DEBUG] [org.gradle.execution.plan.DefaultFinalizedExecutionPlan] Node Resolve mutations for :classes finished executing
2026-08-21T16:48:36.667-0300 [DEBUG] [org.gradle.internal.resources.AbstractTrackedResourceLock] Execution worker Thread 2: released lock on state of build :
2026-08-21T16:48:36.667-0300 [DEBUG] [org.gradle.internal.resources.AbstractTrackedResourceLock] Execution worker Thread 2: released lock on task execution for build :
2026-08-21T16:48:36.667-0300 [DEBUG] [org.gradle.internal.resources.AbstractTrackedResourceLock] Execution worker Thread 2: acquired lock on state of build :
2026-08-21T16:48:36.667-0300 [DEBUG] [org.gradle.internal.resources.AbstractTrackedResourceLock] Execution worker Thread 2: acquired lock on task execution for build :
2026-08-21T16:48:36.667-0300 [INFO] [org.gradle.execution.plan.DefaultPlanExecutor] :classes (Thread[#638,Execution worker Thread 2,5,main]) started.
2026-08-21T16:48:36.667-0300 [DEBUG] [org.gradle.internal.resources.AbstractTrackedResourceLock] Execution worker: acquired lock on worker lease
2026-08-21T16:48:36.667-0300 [DEBUG] [org.gradle.internal.operations.DefaultBuildOperationRunner] Build operation 'Task :classes' started
2026-08-21T16:48:36.668-0300 [DEBUG] [org.gradle.execution.plan.DefaultFinalizedExecutionPlan] Cannot acquire project lock for node Resolve mutations for :processTestResources
2026-08-21T16:48:36.668-0300 [DEBUG] [org.gradle.internal.resources.AbstractTrackedResourceLock] Execution worker: released lock on worker lease
2026-08-21T16:48:36.668-0300 [DEBUG] [org.gradle.internal.resources.AbstractTrackedResourceLock] Execution worker Thread 3: acquired lock on worker lease
2026-08-21T16:48:36.668-0300 [DEBUG] [org.gradle.internal.resources.AbstractTrackedResourceLock] Execution worker Thread 3: released lock on worker lease
2026-08-21T16:48:36.668-0300 [LIFECYCLE] [class org.gradle.internal.buildevents.TaskExecutionLogger] 
2026-08-21T16:48:36.668-0300 [LIFECYCLE] [class org.gradle.internal.buildevents.TaskExecutionLogger] > Task :classes UP-TO-DATE
2026-08-21T16:48:36.668-0300 [INFO] [org.gradle.api.internal.tasks.execution.SkipTaskWithNoActionsExecuter] Skipping task ':classes' as it has no actions.
2026-08-21T16:48:36.668-0300 [DEBUG] [org.gradle.internal.operations.DefaultBuildOperationRunner] Completing Build operation 'Task :classes'
2026-08-21T16:48:36.668-0300 [DEBUG] [org.gradle.internal.operations.DefaultBuildOperationRunner] Build operation 'Task :classes' completed
2026-08-21T16:48:36.668-0300 [DEBUG] [org.gradle.internal.resources.AbstractTrackedResourceLock] Execution worker Thread 4: acquired lock on worker lease
2026-08-21T16:48:36.668-0300 [DEBUG] [org.gradle.internal.resources.AbstractTrackedResourceLock] Execution worker Thread 4: released lock on worker lease
2026-08-21T16:48:36.668-0300 [DEBUG] [org.gradle.internal.resources.AbstractTrackedResourceLock] Execution worker Thread 5: acquired lock on worker lease
2026-08-21T16:48:36.668-0300 [DEBUG] [org.gradle.internal.resources.AbstractTrackedResourceLock] Execution worker Thread 5: released lock on worker lease
2026-08-21T16:48:36.668-0300 [DEBUG] [org.gradle.internal.resources.AbstractTrackedResourceLock] Execution worker Thread 6: acquired lock on worker lease
2026-08-21T16:48:36.668-0300 [DEBUG] [org.gradle.internal.resources.AbstractTrackedResourceLock] Execution worker Thread 6: released lock on worker lease
2026-08-21T16:48:36.668-0300 [DEBUG] [org.gradle.internal.resources.AbstractTrackedResourceLock] Execution worker Thread 7: acquired lock on worker lease
2026-08-21T16:48:36.668-0300 [DEBUG] [org.gradle.internal.resources.AbstractTrackedResourceLock] Execution worker Thread 7: released lock on worker lease
2026-08-21T16:48:36.668-0300 [DEBUG] [org.gradle.internal.resources.AbstractTrackedResourceLock] Execution worker Thread 8: acquired lock on worker lease
2026-08-21T16:48:36.668-0300 [DEBUG] [org.gradle.internal.resources.AbstractTrackedResourceLock] Execution worker Thread 8: released lock on worker lease
2026-08-21T16:48:36.668-0300 [DEBUG] [org.gradle.internal.resources.AbstractTrackedResourceLock] Execution worker Thread 9: acquired lock on worker lease
2026-08-21T16:48:36.668-0300 [DEBUG] [org.gradle.internal.resources.AbstractTrackedResourceLock] Execution worker Thread 9: released lock on worker lease
2026-08-21T16:48:36.668-0300 [DEBUG] [org.gradle.internal.resources.AbstractTrackedResourceLock] Execution worker Thread 10: acquired lock on worker lease
2026-08-21T16:48:36.668-0300 [DEBUG] [org.gradle.internal.resources.AbstractTrackedResourceLock] Execution worker Thread 10: released lock on worker lease
2026-08-21T16:48:36.668-0300 [DEBUG] [org.gradle.internal.resources.AbstractTrackedResourceLock] included builds: acquired lock on worker lease
2026-08-21T16:48:36.668-0300 [DEBUG] [org.gradle.internal.resources.AbstractTrackedResourceLock] included builds: released lock on worker lease
2026-08-21T16:48:36.668-0300 [DEBUG] [org.gradle.internal.resources.AbstractTrackedResourceLock] Execution worker Thread 11: acquired lock on worker lease
2026-08-21T16:48:36.668-0300 [DEBUG] [org.gradle.internal.resources.AbstractTrackedResourceLock] Execution worker Thread 11: released lock on worker lease
2026-08-21T16:48:36.668-0300 [DEBUG] [org.gradle.execution.plan.DefaultFinalizedExecutionPlan] Node :classes completed, executed: true
2026-08-21T16:48:36.668-0300 [DEBUG] [org.gradle.execution.plan.DefaultFinalizedExecutionPlan] Node :classes finished executing
2026-08-21T16:48:36.668-0300 [DEBUG] [org.gradle.internal.resources.AbstractTrackedResourceLock] Execution worker Thread 2: released lock on state of build :
2026-08-21T16:48:36.668-0300 [DEBUG] [org.gradle.internal.resources.AbstractTrackedResourceLock] Execution worker Thread 2: released lock on task execution for build :
2026-08-21T16:48:36.669-0300 [DEBUG] [org.gradle.internal.resources.AbstractTrackedResourceLock] Execution worker Thread 2: acquired lock on state of build :
2026-08-21T16:48:36.669-0300 [DEBUG] [org.gradle.internal.resources.AbstractTrackedResourceLock] Execution worker Thread 2: acquired lock on task execution for build :
2026-08-21T16:48:36.669-0300 [INFO] [org.gradle.execution.plan.DefaultPlanExecutor] Resolve mutations for :compileTestJava (Thread[#638,Execution worker Thread 2,5,main]) started.
2026-08-21T16:48:36.669-0300 [DEBUG] [org.gradle.internal.operations.DefaultBuildOperationRunner] Build operation 'Resolve mutations for task :compileTestJava' started
2026-08-21T16:48:36.669-0300 [DEBUG] [org.gradle.internal.resources.AbstractTrackedResourceLock] Execution worker: acquired lock on worker lease
2026-08-21T16:48:36.669-0300 [DEBUG] [org.gradle.execution.plan.DefaultFinalizedExecutionPlan] Cannot acquire project lock for node Resolve mutations for :processTestResources
2026-08-21T16:48:36.669-0300 [DEBUG] [org.gradle.internal.resources.AbstractTrackedResourceLock] Execution worker: released lock on worker lease
2026-08-21T16:48:36.669-0300 [DEBUG] [org.gradle.internal.resources.AbstractTrackedResourceLock] Execution worker Thread 11: acquired lock on worker lease
2026-08-21T16:48:36.669-0300 [DEBUG] [org.gradle.internal.resources.AbstractTrackedResourceLock] Execution worker Thread 11: released lock on worker lease
2026-08-21T16:48:36.669-0300 [DEBUG] [org.gradle.internal.operations.DefaultBuildOperationRunner] Completing Build operation 'Resolve mutations for task :compileTestJava'
2026-08-21T16:48:36.669-0300 [DEBUG] [org.gradle.internal.operations.DefaultBuildOperationRunner] Build operation 'Resolve mutations for task :compileTestJava' completed
2026-08-21T16:48:36.669-0300 [DEBUG] [org.gradle.internal.resources.AbstractTrackedResourceLock] included builds: acquired lock on worker lease
2026-08-21T16:48:36.669-0300 [DEBUG] [org.gradle.internal.resources.AbstractTrackedResourceLock] included builds: released lock on worker lease
2026-08-21T16:48:36.669-0300 [DEBUG] [org.gradle.internal.resources.AbstractTrackedResourceLock] Execution worker Thread 10: acquired lock on worker lease
2026-08-21T16:48:36.669-0300 [DEBUG] [org.gradle.internal.resources.AbstractTrackedResourceLock] Execution worker Thread 10: released lock on worker lease
2026-08-21T16:48:36.669-0300 [DEBUG] [org.gradle.internal.resources.AbstractTrackedResourceLock] Execution worker Thread 9: acquired lock on worker lease
2026-08-21T16:48:36.669-0300 [DEBUG] [org.gradle.internal.resources.AbstractTrackedResourceLock] Execution worker Thread 9: released lock on worker lease
2026-08-21T16:48:36.669-0300 [DEBUG] [org.gradle.internal.resources.AbstractTrackedResourceLock] Execution worker Thread 8: acquired lock on worker lease
2026-08-21T16:48:36.669-0300 [DEBUG] [org.gradle.internal.resources.AbstractTrackedResourceLock] Execution worker Thread 8: released lock on worker lease
2026-08-21T16:48:36.669-0300 [DEBUG] [org.gradle.internal.resources.AbstractTrackedResourceLock] Execution worker Thread 7: acquired lock on worker lease
2026-08-21T16:48:36.669-0300 [DEBUG] [org.gradle.internal.resources.AbstractTrackedResourceLock] Execution worker Thread 7: released lock on worker lease
2026-08-21T16:48:36.669-0300 [DEBUG] [org.gradle.internal.resources.AbstractTrackedResourceLock] Execution worker Thread 6: acquired lock on worker lease
2026-08-21T16:48:36.669-0300 [DEBUG] [org.gradle.internal.resources.AbstractTrackedResourceLock] Execution worker Thread 6: released lock on worker lease
2026-08-21T16:48:36.669-0300 [DEBUG] [org.gradle.internal.resources.AbstractTrackedResourceLock] Execution worker Thread 5: acquired lock on worker lease
2026-08-21T16:48:36.670-0300 [DEBUG] [org.gradle.internal.resources.AbstractTrackedResourceLock] Execution worker Thread 5: released lock on worker lease
2026-08-21T16:48:36.670-0300 [DEBUG] [org.gradle.internal.resources.AbstractTrackedResourceLock] Execution worker Thread 4: acquired lock on worker lease
2026-08-21T16:48:36.670-0300 [DEBUG] [org.gradle.internal.resources.AbstractTrackedResourceLock] Execution worker Thread 4: released lock on worker lease
2026-08-21T16:48:36.670-0300 [DEBUG] [org.gradle.internal.resources.AbstractTrackedResourceLock] Execution worker Thread 3: acquired lock on worker lease
2026-08-21T16:48:36.670-0300 [DEBUG] [org.gradle.internal.resources.AbstractTrackedResourceLock] Execution worker Thread 3: released lock on worker lease
2026-08-21T16:48:36.670-0300 [DEBUG] [org.gradle.execution.plan.DefaultFinalizedExecutionPlan] Node Resolve mutations for :compileTestJava completed, executed: true
2026-08-21T16:48:36.670-0300 [DEBUG] [org.gradle.execution.plan.DefaultFinalizedExecutionPlan] Node Resolve mutations for :compileTestJava finished executing
2026-08-21T16:48:36.670-0300 [DEBUG] [org.gradle.internal.resources.AbstractTrackedResourceLock] Execution worker Thread 2: released lock on state of build :
2026-08-21T16:48:36.670-0300 [DEBUG] [org.gradle.internal.resources.AbstractTrackedResourceLock] Execution worker Thread 2: released lock on task execution for build :
2026-08-21T16:48:36.670-0300 [DEBUG] [org.gradle.internal.resources.AbstractTrackedResourceLock] Execution worker Thread 2: acquired lock on state of build :
2026-08-21T16:48:36.670-0300 [DEBUG] [org.gradle.internal.resources.AbstractTrackedResourceLock] Execution worker Thread 2: acquired lock on task execution for build :
2026-08-21T16:48:36.670-0300 [INFO] [org.gradle.execution.plan.DefaultPlanExecutor] :compileTestJava (Thread[#638,Execution worker Thread 2,5,main]) started.
2026-08-21T16:48:36.670-0300 [DEBUG] [org.gradle.internal.resources.AbstractTrackedResourceLock] Execution worker: acquired lock on worker lease
2026-08-21T16:48:36.670-0300 [DEBUG] [org.gradle.execution.plan.DefaultFinalizedExecutionPlan] Cannot acquire project lock for node Resolve mutations for :processTestResources
2026-08-21T16:48:36.670-0300 [DEBUG] [org.gradle.internal.resources.AbstractTrackedResourceLock] Execution worker: released lock on worker lease
2026-08-21T16:48:36.670-0300 [DEBUG] [org.gradle.internal.operations.DefaultBuildOperationRunner] Build operation 'Task :compileTestJava' started
2026-08-21T16:48:36.670-0300 [DEBUG] [org.gradle.internal.resources.AbstractTrackedResourceLock] Execution worker Thread 3: acquired lock on worker lease
2026-08-21T16:48:36.670-0300 [DEBUG] [org.gradle.internal.resources.AbstractTrackedResourceLock] Execution worker Thread 3: released lock on worker lease
2026-08-21T16:48:36.670-0300 [DEBUG] [org.gradle.internal.resources.AbstractTrackedResourceLock] Execution worker Thread 4: acquired lock on worker lease
2026-08-21T16:48:36.670-0300 [DEBUG] [org.gradle.internal.resources.AbstractTrackedResourceLock] Execution worker Thread 4: released lock on worker lease
2026-08-21T16:48:36.670-0300 [DEBUG] [org.gradle.internal.operations.DefaultBuildOperationRunner] Build operation 'Snapshot task inputs for :compileTestJava' started
2026-08-21T16:48:36.670-0300 [DEBUG] [org.gradle.internal.resources.AbstractTrackedResourceLock] Execution worker Thread 5: acquired lock on worker lease
2026-08-21T16:48:36.670-0300 [DEBUG] [org.gradle.internal.resources.AbstractTrackedResourceLock] Execution worker Thread 5: released lock on worker lease
2026-08-21T16:48:36.671-0300 [DEBUG] [org.gradle.internal.resources.AbstractTrackedResourceLock] Execution worker Thread 6: acquired lock on worker lease
2026-08-21T16:48:36.671-0300 [DEBUG] [org.gradle.internal.resources.AbstractTrackedResourceLock] Execution worker Thread 6: released lock on worker lease
2026-08-21T16:48:36.671-0300 [DEBUG] [org.gradle.internal.resources.AbstractTrackedResourceLock] Execution worker Thread 7: acquired lock on worker lease
2026-08-21T16:48:36.671-0300 [DEBUG] [org.gradle.internal.resources.AbstractTrackedResourceLock] Execution worker Thread 7: released lock on worker lease
2026-08-21T16:48:36.671-0300 [DEBUG] [org.gradle.internal.resources.AbstractTrackedResourceLock] Execution worker Thread 8: acquired lock on worker lease
2026-08-21T16:48:36.671-0300 [DEBUG] [org.gradle.internal.resources.AbstractTrackedResourceLock] Execution worker Thread 8: released lock on worker lease
2026-08-21T16:48:36.671-0300 [DEBUG] [org.gradle.internal.resources.AbstractTrackedResourceLock] Execution worker Thread 9: acquired lock on worker lease
2026-08-21T16:48:36.671-0300 [DEBUG] [org.gradle.internal.resources.AbstractTrackedResourceLock] Execution worker Thread 9: released lock on worker lease
2026-08-21T16:48:36.671-0300 [DEBUG] [org.gradle.internal.resources.AbstractTrackedResourceLock] Execution worker Thread 10: acquired lock on worker lease
2026-08-21T16:48:36.671-0300 [DEBUG] [org.gradle.internal.resources.AbstractTrackedResourceLock] Execution worker Thread 10: released lock on worker lease
2026-08-21T16:48:36.671-0300 [DEBUG] [org.gradle.internal.resources.AbstractTrackedResourceLock] included builds: acquired lock on worker lease
2026-08-21T16:48:36.671-0300 [DEBUG] [org.gradle.internal.resources.AbstractTrackedResourceLock] included builds: released lock on worker lease
2026-08-21T16:48:36.671-0300 [DEBUG] [org.gradle.internal.resources.AbstractTrackedResourceLock] Execution worker Thread 11: acquired lock on worker lease
2026-08-21T16:48:36.671-0300 [DEBUG] [org.gradle.internal.resources.AbstractTrackedResourceLock] Execution worker Thread 11: released lock on worker lease
2026-08-21T16:48:36.671-0300 [DEBUG] [org.gradle.internal.operations.DefaultBuildOperationRunner] Build operation 'Snapshot inputs and outputs before executing task ':compileTestJava'' started
2026-08-21T16:48:36.672-0300 [DEBUG] [org.gradle.internal.operations.DefaultBuildOperationRunner] Build operation 'Resolve dependencies of :testCompileClasspath' started
2026-08-21T16:48:36.705-0300 [DEBUG] [org.gradle.internal.operations.DefaultBuildOperationRunner] Completing Build operation 'Resolve dependencies of :testCompileClasspath'
2026-08-21T16:48:36.708-0300 [DEBUG] [org.gradle.internal.operations.DefaultBuildOperationRunner] Build operation 'Resolve files of configuration ':testCompileClasspath'' started
2026-08-21T16:48:36.708-0300 [DEBUG] [org.gradle.internal.operations.DefaultBuildOperationRunner] Build operation 'Resolve spring-boot-starter-test-4.1.0.jar (org.springframework.boot:spring-boot-starter-test:4.1.0)' started
2026-08-21T16:48:36.708-0300 [DEBUG] [org.gradle.internal.operations.DefaultBuildOperationRunner] Build operation 'Resolve spring-boot-test-autoconfigure-4.1.0.jar (org.springframework.boot:spring-boot-test-autoconfigure:4.1.0)' started
2026-08-21T16:48:36.708-0300 [DEBUG] [org.gradle.internal.operations.DefaultBuildOperationRunner] Build operation 'Resolve spring-boot-test-4.1.0.jar (org.springframework.boot:spring-boot-test:4.1.0)' started
2026-08-21T16:48:36.708-0300 [DEBUG] [org.gradle.internal.operations.DefaultBuildOperationRunner] Completing Build operation 'Resolve spring-boot-starter-test-4.1.0.jar (org.springframework.boot:spring-boot-starter-test:4.1.0)'
2026-08-21T16:48:36.708-0300 [DEBUG] [org.gradle.internal.operations.DefaultBuildOperationRunner] Build operation 'Resolve json-path-2.10.0.jar (com.jayway.jsonpath:json-path:2.10.0)' started
2026-08-21T16:48:36.708-0300 [DEBUG] [org.gradle.internal.operations.DefaultBuildOperationRunner] Completing Build operation 'Resolve json-path-2.10.0.jar (com.jayway.jsonpath:json-path:2.10.0)'
2026-08-21T16:48:36.709-0300 [DEBUG] [org.gradle.internal.operations.DefaultBuildOperationRunner] Build operation 'Resolve json-smart-2.6.0.jar (net.minidev:json-smart:2.6.0)' started
2026-08-21T16:48:36.709-0300 [DEBUG] [org.gradle.internal.operations.DefaultBuildOperationRunner] Completing Build operation 'Resolve spring-boot-test-autoconfigure-4.1.0.jar (org.springframework.boot:spring-boot-test-autoconfigure:4.1.0)'
2026-08-21T16:48:36.709-0300 [DEBUG] [org.gradle.internal.operations.DefaultBuildOperationRunner] Build operation 'Resolve assertj-core-3.27.7.jar (org.assertj:assertj-core:3.27.7)' started
2026-08-21T16:48:36.709-0300 [DEBUG] [org.gradle.internal.operations.DefaultBuildOperationRunner] Completing Build operation 'Resolve spring-boot-test-4.1.0.jar (org.springframework.boot:spring-boot-test:4.1.0)'
2026-08-21T16:48:36.709-0300 [DEBUG] [org.gradle.internal.operations.DefaultBuildOperationRunner] Build operation 'Resolve awaitility-4.3.0.jar (org.awaitility:awaitility:4.3.0)' started
2026-08-21T16:48:36.709-0300 [DEBUG] [org.gradle.internal.operations.DefaultBuildOperationRunner] Completing Build operation 'Resolve json-smart-2.6.0.jar (net.minidev:json-smart:2.6.0)'
2026-08-21T16:48:36.709-0300 [DEBUG] [org.gradle.internal.operations.DefaultBuildOperationRunner] Build operation 'Resolve hamcrest-3.0.jar (org.hamcrest:hamcrest:3.0)' started
2026-08-21T16:48:36.709-0300 [DEBUG] [org.gradle.internal.operations.DefaultBuildOperationRunner] Build operation 'Resolve junit-jupiter-params-6.0.3.jar (org.junit.jupiter:junit-jupiter-params:6.0.3)' started
2026-08-21T16:48:36.708-0300 [DEBUG] [org.gradle.internal.operations.DefaultBuildOperationRunner] Build operation 'Resolve jakarta.xml.bind-api-4.0.5.jar (jakarta.xml.bind:jakarta.xml.bind-api:4.0.5)' started
2026-08-21T16:48:36.709-0300 [DEBUG] [org.gradle.internal.operations.DefaultBuildOperationRunner] Completing Build operation 'Resolve junit-jupiter-params-6.0.3.jar (org.junit.jupiter:junit-jupiter-params:6.0.3)'
2026-08-21T16:48:36.709-0300 [DEBUG] [org.gradle.internal.operations.DefaultBuildOperationRunner] Build operation 'Resolve junit-jupiter-api-6.0.3.jar (org.junit.jupiter:junit-jupiter-api:6.0.3)' started
2026-08-21T16:48:36.709-0300 [DEBUG] [org.gradle.internal.operations.DefaultBuildOperationRunner] Build operation 'Resolve junit-platform-commons-6.0.3.jar (org.junit.platform:junit-platform-commons:6.0.3)' started
2026-08-21T16:48:36.709-0300 [DEBUG] [org.gradle.internal.operations.DefaultBuildOperationRunner] Completing Build operation 'Resolve hamcrest-3.0.jar (org.hamcrest:hamcrest:3.0)'
2026-08-21T16:48:36.709-0300 [DEBUG] [org.gradle.internal.operations.DefaultBuildOperationRunner] Build operation 'Resolve junit-jupiter-6.0.3.jar (org.junit.jupiter:junit-jupiter:6.0.3)' started
2026-08-21T16:48:36.709-0300 [DEBUG] [org.gradle.internal.operations.DefaultBuildOperationRunner] Completing Build operation 'Resolve awaitility-4.3.0.jar (org.awaitility:awaitility:4.3.0)'
2026-08-21T16:48:36.709-0300 [DEBUG] [org.gradle.internal.operations.DefaultBuildOperationRunner] Build operation 'Resolve mockito-junit-jupiter-5.23.0.jar (org.mockito:mockito-junit-jupiter:5.23.0)' started
2026-08-21T16:48:36.709-0300 [DEBUG] [org.gradle.internal.operations.DefaultBuildOperationRunner] Completing Build operation 'Resolve assertj-core-3.27.7.jar (org.assertj:assertj-core:3.27.7)'
2026-08-21T16:48:36.709-0300 [DEBUG] [org.gradle.internal.operations.DefaultBuildOperationRunner] Build operation 'Resolve mockito-core-5.23.0.jar (org.mockito:mockito-core:5.23.0)' started
2026-08-21T16:48:36.709-0300 [DEBUG] [org.gradle.internal.operations.DefaultBuildOperationRunner] Completing Build operation 'Resolve mockito-junit-jupiter-5.23.0.jar (org.mockito:mockito-junit-jupiter:5.23.0)'
2026-08-21T16:48:36.709-0300 [DEBUG] [org.gradle.internal.operations.DefaultBuildOperationRunner] Build operation 'Resolve jsonassert-1.5.3.jar (org.skyscreamer:jsonassert:1.5.3)' started
2026-08-21T16:48:36.710-0300 [DEBUG] [org.gradle.internal.operations.DefaultBuildOperationRunner] Completing Build operation 'Resolve junit-jupiter-6.0.3.jar (org.junit.jupiter:junit-jupiter:6.0.3)'
2026-08-21T16:48:36.710-0300 [DEBUG] [org.gradle.internal.operations.DefaultBuildOperationRunner] Build operation 'Resolve spring-test-7.0.8.jar (org.springframework:spring-test:7.0.8)' started
2026-08-21T16:48:36.710-0300 [DEBUG] [org.gradle.internal.operations.DefaultBuildOperationRunner] Completing Build operation 'Resolve junit-platform-commons-6.0.3.jar (org.junit.platform:junit-platform-commons:6.0.3)'
2026-08-21T16:48:36.710-0300 [DEBUG] [org.gradle.internal.operations.DefaultBuildOperationRunner] Build operation 'Resolve xmlunit-core-2.11.0.jar (org.xmlunit:xmlunit-core:2.11.0)' started
2026-08-21T16:48:36.710-0300 [DEBUG] [org.gradle.internal.operations.DefaultBuildOperationRunner] Completing Build operation 'Resolve junit-jupiter-api-6.0.3.jar (org.junit.jupiter:junit-jupiter-api:6.0.3)'
2026-08-21T16:48:36.710-0300 [DEBUG] [org.gradle.internal.operations.DefaultBuildOperationRunner] Build operation 'Resolve accessors-smart-2.6.0.jar (net.minidev:accessors-smart:2.6.0)' started
2026-08-21T16:48:36.710-0300 [DEBUG] [org.gradle.internal.operations.DefaultBuildOperationRunner] Completing Build operation 'Resolve jakarta.xml.bind-api-4.0.5.jar (jakarta.xml.bind:jakarta.xml.bind-api:4.0.5)'
2026-08-21T16:48:36.710-0300 [DEBUG] [org.gradle.internal.operations.DefaultBuildOperationRunner] Build operation 'Resolve byte-buddy-1.18.10.jar (net.bytebuddy:byte-buddy:1.18.10)' started
2026-08-21T16:48:36.710-0300 [DEBUG] [org.gradle.internal.operations.DefaultBuildOperationRunner] Completing Build operation 'Resolve accessors-smart-2.6.0.jar (net.minidev:accessors-smart:2.6.0)'
2026-08-21T16:48:36.710-0300 [DEBUG] [org.gradle.internal.operations.DefaultBuildOperationRunner] Build operation 'Resolve byte-buddy-agent-1.18.10.jar (net.bytebuddy:byte-buddy-agent:1.18.10)' started
2026-08-21T16:48:36.710-0300 [DEBUG] [org.gradle.internal.operations.DefaultBuildOperationRunner] Build operation 'Resolve jakarta.activation-api-2.1.4.jar (jakarta.activation:jakarta.activation-api:2.1.4)' started
2026-08-21T16:48:36.710-0300 [DEBUG] [org.gradle.internal.operations.DefaultBuildOperationRunner] Completing Build operation 'Resolve xmlunit-core-2.11.0.jar (org.xmlunit:xmlunit-core:2.11.0)'
2026-08-21T16:48:36.710-0300 [DEBUG] [org.gradle.internal.operations.DefaultBuildOperationRunner] Build operation 'Resolve asm-9.7.1.jar (org.ow2.asm:asm:9.7.1)' started
2026-08-21T16:48:36.710-0300 [DEBUG] [org.gradle.internal.operations.DefaultBuildOperationRunner] Completing Build operation 'Resolve spring-test-7.0.8.jar (org.springframework:spring-test:7.0.8)'
2026-08-21T16:48:36.710-0300 [DEBUG] [org.gradle.internal.operations.DefaultBuildOperationRunner] Build operation 'Resolve opentest4j-1.3.0.jar (org.opentest4j:opentest4j:1.3.0)' started
2026-08-21T16:48:36.710-0300 [DEBUG] [org.gradle.internal.operations.DefaultBuildOperationRunner] Completing Build operation 'Resolve jsonassert-1.5.3.jar (org.skyscreamer:jsonassert:1.5.3)'
2026-08-21T16:48:36.710-0300 [DEBUG] [org.gradle.internal.operations.DefaultBuildOperationRunner] Build operation 'Resolve apiguardian-api-1.1.2.jar (org.apiguardian:apiguardian-api:1.1.2)' started
2026-08-21T16:48:36.710-0300 [DEBUG] [org.gradle.internal.operations.DefaultBuildOperationRunner] Completing Build operation 'Resolve mockito-core-5.23.0.jar (org.mockito:mockito-core:5.23.0)'
2026-08-21T16:48:36.710-0300 [DEBUG] [org.gradle.internal.operations.DefaultBuildOperationRunner] Completing Build operation 'Resolve apiguardian-api-1.1.2.jar (org.apiguardian:apiguardian-api:1.1.2)'
2026-08-21T16:48:36.711-0300 [DEBUG] [org.gradle.internal.operations.DefaultBuildOperationRunner] Completing Build operation 'Resolve opentest4j-1.3.0.jar (org.opentest4j:opentest4j:1.3.0)'
2026-08-21T16:48:36.711-0300 [DEBUG] [org.gradle.internal.operations.DefaultBuildOperationRunner] Completing Build operation 'Resolve asm-9.7.1.jar (org.ow2.asm:asm:9.7.1)'
2026-08-21T16:48:36.710-0300 [DEBUG] [org.gradle.internal.operations.DefaultBuildOperationRunner] Build operation 'Resolve android-json-0.0.20131108.vaadin1.jar (com.vaadin.external.google:android-json:0.0.20131108.vaadin1)' started
2026-08-21T16:48:36.711-0300 [DEBUG] [org.gradle.internal.operations.DefaultBuildOperationRunner] Completing Build operation 'Resolve jakarta.activation-api-2.1.4.jar (jakarta.activation:jakarta.activation-api:2.1.4)'
2026-08-21T16:48:36.711-0300 [DEBUG] [org.gradle.internal.operations.DefaultBuildOperationRunner] Completing Build operation 'Resolve byte-buddy-agent-1.18.10.jar (net.bytebuddy:byte-buddy-agent:1.18.10)'
2026-08-21T16:48:36.711-0300 [DEBUG] [org.gradle.internal.operations.DefaultBuildOperationRunner] Completing Build operation 'Resolve byte-buddy-1.18.10.jar (net.bytebuddy:byte-buddy:1.18.10)'
2026-08-21T16:48:36.711-0300 [DEBUG] [org.gradle.internal.operations.DefaultBuildOperationRunner] Completing Build operation 'Resolve android-json-0.0.20131108.vaadin1.jar (com.vaadin.external.google:android-json:0.0.20131108.vaadin1)'
2026-08-21T16:48:36.711-0300 [DEBUG] [org.gradle.internal.resources.AbstractTrackedResourceLock] Execution worker Thread 11: acquired lock on worker lease
2026-08-21T16:48:36.711-0300 [DEBUG] [org.gradle.internal.resources.AbstractTrackedResourceLock] Execution worker Thread 11: released lock on worker lease
2026-08-21T16:48:36.711-0300 [DEBUG] [org.gradle.internal.resources.AbstractTrackedResourceLock] included builds: acquired lock on worker lease
2026-08-21T16:48:36.711-0300 [DEBUG] [org.gradle.internal.resources.AbstractTrackedResourceLock] included builds: released lock on worker lease
2026-08-21T16:48:36.711-0300 [DEBUG] [org.gradle.internal.resources.AbstractTrackedResourceLock] Execution worker Thread 10: acquired lock on worker lease
2026-08-21T16:48:36.711-0300 [DEBUG] [org.gradle.internal.resources.AbstractTrackedResourceLock] Execution worker Thread 10: released lock on worker lease
2026-08-21T16:48:36.711-0300 [DEBUG] [org.gradle.internal.resources.AbstractTrackedResourceLock] Execution worker Thread 9: acquired lock on worker lease
2026-08-21T16:48:36.711-0300 [DEBUG] [org.gradle.internal.resources.AbstractTrackedResourceLock] Execution worker Thread 9: released lock on worker lease
2026-08-21T16:48:36.711-0300 [DEBUG] [org.gradle.internal.resources.AbstractTrackedResourceLock] Execution worker Thread 8: acquired lock on worker lease
2026-08-21T16:48:36.711-0300 [DEBUG] [org.gradle.internal.resources.AbstractTrackedResourceLock] Execution worker Thread 8: released lock on worker lease
2026-08-21T16:48:36.711-0300 [DEBUG] [org.gradle.internal.resources.AbstractTrackedResourceLock] Execution worker Thread 7: acquired lock on worker lease
2026-08-21T16:48:36.711-0300 [DEBUG] [org.gradle.internal.resources.AbstractTrackedResourceLock] Execution worker Thread 7: released lock on worker lease
2026-08-21T16:48:36.711-0300 [DEBUG] [org.gradle.internal.resources.AbstractTrackedResourceLock] Execution worker Thread 6: acquired lock on worker lease
2026-08-21T16:48:36.712-0300 [DEBUG] [org.gradle.internal.resources.AbstractTrackedResourceLock] Execution worker Thread 6: released lock on worker lease
2026-08-21T16:48:36.712-0300 [DEBUG] [org.gradle.internal.resources.AbstractTrackedResourceLock] Execution worker Thread 5: acquired lock on worker lease
2026-08-21T16:48:36.712-0300 [DEBUG] [org.gradle.internal.resources.AbstractTrackedResourceLock] Execution worker Thread 5: released lock on worker lease
2026-08-21T16:48:36.712-0300 [DEBUG] [org.gradle.internal.resources.AbstractTrackedResourceLock] Execution worker Thread 4: acquired lock on worker lease
2026-08-21T16:48:36.712-0300 [DEBUG] [org.gradle.internal.resources.AbstractTrackedResourceLock] Execution worker Thread 4: released lock on worker lease
2026-08-21T16:48:36.712-0300 [DEBUG] [org.gradle.internal.resources.AbstractTrackedResourceLock] Execution worker Thread 3: acquired lock on worker lease
2026-08-21T16:48:36.712-0300 [DEBUG] [org.gradle.internal.resources.AbstractTrackedResourceLock] Execution worker Thread 3: released lock on worker lease
2026-08-21T16:48:36.712-0300 [DEBUG] [org.gradle.internal.resources.AbstractTrackedResourceLock] Execution worker: acquired lock on worker lease
2026-08-21T16:48:36.712-0300 [DEBUG] [org.gradle.internal.resources.AbstractTrackedResourceLock] Execution worker: released lock on worker lease
2026-08-21T16:48:36.712-0300 [DEBUG] [org.gradle.internal.resources.AbstractTrackedResourceLock] Execution worker: acquired lock on worker lease
2026-08-21T16:48:36.712-0300 [DEBUG] [org.gradle.execution.plan.DefaultFinalizedExecutionPlan] Cannot acquire project lock for node Resolve mutations for :processTestResources
2026-08-21T16:48:36.712-0300 [DEBUG] [org.gradle.internal.resources.AbstractTrackedResourceLock] Execution worker: released lock on worker lease
2026-08-21T16:48:36.712-0300 [DEBUG] [org.gradle.internal.resources.AbstractTrackedResourceLock] Execution worker Thread 3: acquired lock on worker lease
2026-08-21T16:48:36.712-0300 [DEBUG] [org.gradle.internal.resources.AbstractTrackedResourceLock] Execution worker Thread 3: released lock on worker lease
2026-08-21T16:48:36.712-0300 [DEBUG] [org.gradle.internal.resources.AbstractTrackedResourceLock] Execution worker Thread 4: acquired lock on worker lease
2026-08-21T16:48:36.712-0300 [DEBUG] [org.gradle.internal.resources.AbstractTrackedResourceLock] Execution worker Thread 4: released lock on worker lease
2026-08-21T16:48:36.712-0300 [DEBUG] [org.gradle.internal.resources.AbstractTrackedResourceLock] Execution worker Thread 5: acquired lock on worker lease
2026-08-21T16:48:36.712-0300 [DEBUG] [org.gradle.internal.resources.AbstractTrackedResourceLock] Execution worker Thread 5: released lock on worker lease
2026-08-21T16:48:36.712-0300 [DEBUG] [org.gradle.internal.resources.AbstractTrackedResourceLock] Execution worker Thread 6: acquired lock on worker lease
2026-08-21T16:48:36.712-0300 [DEBUG] [org.gradle.internal.resources.AbstractTrackedResourceLock] Execution worker Thread 6: released lock on worker lease
2026-08-21T16:48:36.712-0300 [DEBUG] [org.gradle.internal.resources.AbstractTrackedResourceLock] Execution worker Thread 7: acquired lock on worker lease
2026-08-21T16:48:36.712-0300 [DEBUG] [org.gradle.internal.resources.AbstractTrackedResourceLock] Execution worker Thread 7: released lock on worker lease
2026-08-21T16:48:36.712-0300 [DEBUG] [org.gradle.internal.resources.AbstractTrackedResourceLock] Execution worker Thread 8: acquired lock on worker lease
2026-08-21T16:48:36.712-0300 [DEBUG] [org.gradle.internal.resources.AbstractTrackedResourceLock] Execution worker Thread 8: released lock on worker lease
2026-08-21T16:48:36.712-0300 [DEBUG] [org.gradle.internal.resources.AbstractTrackedResourceLock] Execution worker Thread 9: acquired lock on worker lease
2026-08-21T16:48:36.712-0300 [DEBUG] [org.gradle.internal.resources.AbstractTrackedResourceLock] Execution worker Thread 9: released lock on worker lease
2026-08-21T16:48:36.712-0300 [DEBUG] [org.gradle.internal.resources.AbstractTrackedResourceLock] Execution worker Thread 10: acquired lock on worker lease
2026-08-21T16:48:36.712-0300 [DEBUG] [org.gradle.internal.resources.AbstractTrackedResourceLock] Execution worker Thread 10: released lock on worker lease
2026-08-21T16:48:36.712-0300 [DEBUG] [org.gradle.internal.resources.AbstractTrackedResourceLock] included builds: acquired lock on worker lease
2026-08-21T16:48:36.712-0300 [DEBUG] [org.gradle.internal.resources.AbstractTrackedResourceLock] included builds: released lock on worker lease
2026-08-21T16:48:36.712-0300 [DEBUG] [org.gradle.internal.resources.AbstractTrackedResourceLock] Execution worker Thread 11: acquired lock on worker lease
2026-08-21T16:48:36.712-0300 [DEBUG] [org.gradle.internal.resources.AbstractTrackedResourceLock] Execution worker Thread 11: released lock on worker lease
2026-08-21T16:48:36.713-0300 [DEBUG] [org.gradle.internal.operations.DefaultBuildOperationRunner] Completing Build operation 'Resolve files of configuration ':testCompileClasspath''
2026-08-21T16:48:36.713-0300 [DEBUG] [org.gradle.internal.operations.DefaultBuildOperationRunner] Build operation 'Resolve dependencies of :testAnnotationProcessor' started
2026-08-21T16:48:36.714-0300 [DEBUG] [org.gradle.internal.operations.DefaultBuildOperationRunner] Completing Build operation 'Resolve dependencies of :testAnnotationProcessor'
2026-08-21T16:48:36.714-0300 [DEBUG] [org.gradle.internal.operations.DefaultBuildOperationRunner] Build operation 'Resolve files of configuration ':testAnnotationProcessor'' started
2026-08-21T16:48:36.714-0300 [DEBUG] [org.gradle.internal.operations.DefaultBuildOperationRunner] Completing Build operation 'Resolve files of configuration ':testAnnotationProcessor''
2026-08-21T16:48:36.714-0300 [DEBUG] [org.gradle.internal.operations.DefaultBuildOperationRunner] Completing Build operation 'Snapshot inputs and outputs before executing task ':compileTestJava''
2026-08-21T16:48:36.715-0300 [DEBUG] [org.gradle.internal.operations.DefaultBuildOperationRunner] Completing Build operation 'Snapshot task inputs for :compileTestJava'
2026-08-21T16:48:36.670-0300 [LIFECYCLE] [class org.gradle.internal.buildevents.TaskExecutionLogger] 
2026-08-21T16:48:36.670-0300 [LIFECYCLE] [class org.gradle.internal.buildevents.TaskExecutionLogger] > Task :compileTestJava UP-TO-DATE
2026-08-21T16:48:36.670-0300 [DEBUG] [org.gradle.api.internal.tasks.execution.ResolveTaskExecutionModeExecuter] Putting task artifact state for task ':compileTestJava' into context took 0.0 secs.
2026-08-21T16:48:36.670-0300 [DEBUG] [org.gradle.internal.execution.steps.IdentifyStep] Implementation for task ':compileTestJava': org.gradle.api.tasks.compile.JavaCompile_Decorated@bf23f43623a3fe6628558cf72ff750c2
2026-08-21T16:48:36.670-0300 [DEBUG] [org.gradle.internal.execution.steps.IdentifyStep] Additional implementations for task ':compileTestJava': [org.springframework.boot.gradle.plugin.JavaPluginAction$AdditionalMetadataLocationsConfigurer@e720353183fc12f44bd0d4cffcd39488, org.gradle.api.tasks.compile.JavaCompile_Decorated@bf23f43623a3fe6628558cf72ff750c2]
2026-08-21T16:48:36.672-0300 [DEBUG] [io.spring.gradle.dependencymanagement.internal.ImplicitDependencyManagementCollector] Adding managed version in configuration 'testCompileClasspath' for dependency 'me.paulschwarz:spring-dotenv-bom:5.1.0'
2026-08-21T16:48:36.672-0300 [DEBUG] [io.spring.gradle.dependencymanagement.internal.ImplicitDependencyManagementCollector] Adding managed version in configuration 'testImplementation' for dependency 'me.paulschwarz:spring-dotenv-bom:5.1.0'
2026-08-21T16:48:36.672-0300 [DEBUG] [io.spring.gradle.dependencymanagement.internal.ImplicitDependencyManagementCollector] Adding managed version in configuration 'implementation' for dependency 'me.paulschwarz:spring-dotenv-bom:5.1.0'
2026-08-21T16:48:36.673-0300 [DEBUG] [org.gradle.api.internal.artifacts.ivyservice.modulecache.ResolvedArtifactCaches] Reusing in-memory cache for repo 'MavenRepo' [26c913274550a0b2221f47a0fe2d2358].
2026-08-21T16:48:36.673-0300 [DEBUG] [io.spring.gradle.dependencymanagement.internal.VersionConfiguringAction] Processing requested dependency 'org.springframework.boot:spring-boot-starter:' with target 'org.springframework.boot:spring-boot-starter:
2026-08-21T16:48:36.673-0300 [DEBUG] [io.spring.gradle.dependencymanagement.internal.DependencyManagementContainer] Found managed version '4.1.0' for dependency 'org.springframework.boot:spring-boot-starter' in global dependency management
2026-08-21T16:48:36.673-0300 [DEBUG] [io.spring.gradle.dependencymanagement.internal.VersionConfiguringAction] Using version '4.1.0' for dependency 'org.springframework.boot:spring-boot-starter:'
2026-08-21T16:48:36.673-0300 [DEBUG] [io.spring.gradle.dependencymanagement.internal.VersionConfiguringAction] Processing requested dependency 'org.springframework.boot:spring-boot-starter-web:' with target 'org.springframework.boot:spring-boot-starter-web:
2026-08-21T16:48:36.673-0300 [DEBUG] [io.spring.gradle.dependencymanagement.internal.DependencyManagementContainer] Found managed version '4.1.0' for dependency 'org.springframework.boot:spring-boot-starter-web' in global dependency management
2026-08-21T16:48:36.673-0300 [DEBUG] [io.spring.gradle.dependencymanagement.internal.VersionConfiguringAction] Using version '4.1.0' for dependency 'org.springframework.boot:spring-boot-starter-web:'
2026-08-21T16:48:36.673-0300 [DEBUG] [io.spring.gradle.dependencymanagement.internal.VersionConfiguringAction] Processing requested dependency 'org.springframework.boot:spring-boot-starter-data-jpa:' with target 'org.springframework.boot:spring-boot-starter-data-jpa:
2026-08-21T16:48:36.673-0300 [DEBUG] [io.spring.gradle.dependencymanagement.internal.DependencyManagementContainer] Found managed version '4.1.0' for dependency 'org.springframework.boot:spring-boot-starter-data-jpa' in global dependency management
2026-08-21T16:48:36.673-0300 [DEBUG] [io.spring.gradle.dependencymanagement.internal.VersionConfiguringAction] Using version '4.1.0' for dependency 'org.springframework.boot:spring-boot-starter-data-jpa:'
2026-08-21T16:48:36.673-0300 [DEBUG] [io.spring.gradle.dependencymanagement.internal.VersionConfiguringAction] Processing requested dependency 'org.flywaydb:flyway-core:' with target 'org.flywaydb:flyway-core:
2026-08-21T16:48:36.673-0300 [DEBUG] [io.spring.gradle.dependencymanagement.internal.DependencyManagementContainer] Found managed version '12.4.0' for dependency 'org.flywaydb:flyway-core' in global dependency management
2026-08-21T16:48:36.673-0300 [DEBUG] [io.spring.gradle.dependencymanagement.internal.VersionConfiguringAction] Using version '12.4.0' for dependency 'org.flywaydb:flyway-core:'
2026-08-21T16:48:36.673-0300 [DEBUG] [io.spring.gradle.dependencymanagement.internal.VersionConfiguringAction] Processing requested dependency 'org.springframework.boot:spring-boot-starter-data-redis:' with target 'org.springframework.boot:spring-boot-starter-data-redis:
2026-08-21T16:48:36.673-0300 [DEBUG] [io.spring.gradle.dependencymanagement.internal.DependencyManagementContainer] Found managed version '4.1.0' for dependency 'org.springframework.boot:spring-boot-starter-data-redis' in global dependency management
2026-08-21T16:48:36.673-0300 [DEBUG] [io.spring.gradle.dependencymanagement.internal.VersionConfiguringAction] Using version '4.1.0' for dependency 'org.springframework.boot:spring-boot-starter-data-redis:'
2026-08-21T16:48:36.673-0300 [DEBUG] [io.spring.gradle.dependencymanagement.internal.VersionConfiguringAction] Processing requested dependency 'me.paulschwarz:spring-dotenv-bom:5.1.0' with target 'me.paulschwarz:spring-dotenv-bom:5.1.0
2026-08-21T16:48:36.673-0300 [DEBUG] [io.spring.gradle.dependencymanagement.internal.DependencyManagementContainer] Found managed version '5.1.0' for dependency 'me.paulschwarz:spring-dotenv-bom' in dependency management for configuration 'testCompileClasspath'
2026-08-21T16:48:36.673-0300 [DEBUG] [io.spring.gradle.dependencymanagement.internal.VersionConfiguringAction] Using version '5.1.0' for dependency 'me.paulschwarz:spring-dotenv-bom:5.1.0'
2026-08-21T16:48:36.673-0300 [DEBUG] [io.spring.gradle.dependencymanagement.internal.VersionConfiguringAction] Processing requested dependency 'org.projectlombok:lombok:' with target 'org.projectlombok:lombok:
2026-08-21T16:48:36.673-0300 [DEBUG] [io.spring.gradle.dependencymanagement.internal.DependencyManagementContainer] Found managed version '1.18.46' for dependency 'org.projectlombok:lombok' in global dependency management
2026-08-21T16:48:36.673-0300 [DEBUG] [io.spring.gradle.dependencymanagement.internal.VersionConfiguringAction] Using version '1.18.46' for dependency 'org.projectlombok:lombok:'
2026-08-21T16:48:36.673-0300 [DEBUG] [io.spring.gradle.dependencymanagement.internal.VersionConfiguringAction] Processing requested dependency 'org.springframework.boot:spring-boot-starter-test:' with target 'org.springframework.boot:spring-boot-starter-test:
2026-08-21T16:48:36.673-0300 [DEBUG] [io.spring.gradle.dependencymanagement.internal.DependencyManagementContainer] Found managed version '4.1.0' for dependency 'org.springframework.boot:spring-boot-starter-test' in global dependency management
2026-08-21T16:48:36.673-0300 [DEBUG] [io.spring.gradle.dependencymanagement.internal.VersionConfiguringAction] Using version '4.1.0' for dependency 'org.springframework.boot:spring-boot-starter-test:'
2026-08-21T16:48:36.673-0300 [DEBUG] [org.gradle.api.internal.artifacts.ivyservice.ivyresolve.RepositoryChainComponentMetaDataResolver] Attempting to resolve component for org.springframework.boot:spring-boot-starter:4.1.0 using repositories [MavenRepo]
2026-08-21T16:48:36.673-0300 [DEBUG] [org.gradle.api.internal.artifacts.ivyservice.ivyresolve.CachingModuleComponentRepository] Using cached module metadata for module 'org.springframework.boot:spring-boot-starter:4.1.0' in 'MavenRepo'
2026-08-21T16:48:36.673-0300 [DEBUG] [org.gradle.api.internal.artifacts.ivyservice.ivyresolve.RepositoryChainComponentMetaDataResolver] Using org.springframework.boot:spring-boot-starter:4.1.0 from org.gradle.api.internal.artifacts.ivyservice.ivyresolve.FilteredModuleComponentRepository@4c16e69e
2026-08-21T16:48:36.673-0300 [DEBUG] [org.gradle.api.internal.artifacts.ivyservice.ivyresolve.RepositoryChainComponentMetaDataResolver] Attempting to resolve component for org.springframework.boot:spring-boot-starter-web:4.1.0 using repositories [MavenRepo]
2026-08-21T16:48:36.673-0300 [DEBUG] [org.gradle.api.internal.artifacts.ivyservice.ivyresolve.CachingModuleComponentRepository] Using cached module metadata for module 'org.springframework.boot:spring-boot-starter-web:4.1.0' in 'MavenRepo'
2026-08-21T16:48:36.674-0300 [DEBUG] [org.gradle.api.internal.artifacts.ivyservice.ivyresolve.RepositoryChainComponentMetaDataResolver] Using org.springframework.boot:spring-boot-starter-web:4.1.0 from org.gradle.api.internal.artifacts.ivyservice.ivyresolve.FilteredModuleComponentRepository@4c16e69e
2026-08-21T16:48:36.674-0300 [DEBUG] [org.gradle.api.internal.artifacts.ivyservice.ivyresolve.RepositoryChainComponentMetaDataResolver] Attempting to resolve component for org.springframework.boot:spring-boot-starter-data-jpa:4.1.0 using repositories [MavenRepo]
2026-08-21T16:48:36.674-0300 [DEBUG] [org.gradle.api.internal.artifacts.ivyservice.ivyresolve.CachingModuleComponentRepository] Using cached module metadata for module 'org.springframework.boot:spring-boot-starter-data-jpa:4.1.0' in 'MavenRepo'
2026-08-21T16:48:36.674-0300 [DEBUG] [org.gradle.api.internal.artifacts.ivyservice.ivyresolve.RepositoryChainComponentMetaDataResolver] Using org.springframework.boot:spring-boot-starter-data-jpa:4.1.0 from org.gradle.api.internal.artifacts.ivyservice.ivyresolve.FilteredModuleComponentRepository@4c16e69e
2026-08-21T16:48:36.674-0300 [DEBUG] [org.gradle.api.internal.artifacts.ivyservice.ivyresolve.RepositoryChainComponentMetaDataResolver] Attempting to resolve component for org.flywaydb:flyway-core:12.4.0 using repositories [MavenRepo]
2026-08-21T16:48:36.674-0300 [DEBUG] [org.gradle.api.internal.artifacts.ivyservice.ivyresolve.CachingModuleComponentRepository] Using cached module metadata for module 'org.flywaydb:flyway-core:12.4.0' in 'MavenRepo'
2026-08-21T16:48:36.674-0300 [DEBUG] [org.gradle.api.internal.artifacts.ivyservice.ivyresolve.RepositoryChainComponentMetaDataResolver] Using org.flywaydb:flyway-core:12.4.0 from org.gradle.api.internal.artifacts.ivyservice.ivyresolve.FilteredModuleComponentRepository@4c16e69e
2026-08-21T16:48:36.674-0300 [DEBUG] [org.gradle.api.internal.artifacts.ivyservice.ivyresolve.RepositoryChainComponentMetaDataResolver] Attempting to resolve component for org.springframework.boot:spring-boot-starter-data-redis:4.1.0 using repositories [MavenRepo]
2026-08-21T16:48:36.674-0300 [DEBUG] [org.gradle.api.internal.artifacts.ivyservice.ivyresolve.CachingModuleComponentRepository] Using cached module metadata for module 'org.springframework.boot:spring-boot-starter-data-redis:4.1.0' in 'MavenRepo'
2026-08-21T16:48:36.674-0300 [DEBUG] [org.gradle.api.internal.artifacts.ivyservice.ivyresolve.RepositoryChainComponentMetaDataResolver] Using org.springframework.boot:spring-boot-starter-data-redis:4.1.0 from org.gradle.api.internal.artifacts.ivyservice.ivyresolve.FilteredModuleComponentRepository@4c16e69e
2026-08-21T16:48:36.674-0300 [DEBUG] [org.gradle.api.internal.artifacts.ivyservice.ivyresolve.RepositoryChainComponentMetaDataResolver] Attempting to resolve component for me.paulschwarz:spring-dotenv-bom:5.1.0 using repositories [MavenRepo]
2026-08-21T16:48:36.674-0300 [DEBUG] [org.gradle.api.internal.artifacts.ivyservice.ivyresolve.CachingModuleComponentRepository] Using cached module metadata for module 'me.paulschwarz:spring-dotenv-bom:5.1.0' in 'MavenRepo'
2026-08-21T16:48:36.674-0300 [DEBUG] [org.gradle.api.internal.artifacts.ivyservice.ivyresolve.RepositoryChainComponentMetaDataResolver] Using me.paulschwarz:spring-dotenv-bom:5.1.0 from org.gradle.api.internal.artifacts.ivyservice.ivyresolve.FilteredModuleComponentRepository@4c16e69e
2026-08-21T16:48:36.674-0300 [DEBUG] [io.spring.gradle.dependencymanagement.internal.VersionConfiguringAction] Processing requested dependency 'me.paulschwarz:spring-dotenv:5.1.0' with target 'me.paulschwarz:spring-dotenv:5.1.0
2026-08-21T16:48:36.674-0300 [DEBUG] [io.spring.gradle.dependencymanagement.internal.VersionConfiguringAction] No dependency management for dependency 'me.paulschwarz:spring-dotenv:5.1.0'
2026-08-21T16:48:36.674-0300 [DEBUG] [io.spring.gradle.dependencymanagement.internal.VersionConfiguringAction] Processing requested dependency 'me.paulschwarz:springboot3-dotenv:5.1.0' with target 'me.paulschwarz:springboot3-dotenv:5.1.0
2026-08-21T16:48:36.674-0300 [DEBUG] [io.spring.gradle.dependencymanagement.internal.VersionConfiguringAction] No dependency management for dependency 'me.paulschwarz:springboot3-dotenv:5.1.0'
2026-08-21T16:48:36.674-0300 [DEBUG] [io.spring.gradle.dependencymanagement.internal.VersionConfiguringAction] Processing requested dependency 'me.paulschwarz:springboot4-dotenv:5.1.0' with target 'me.paulschwarz:springboot4-dotenv:5.1.0
2026-08-21T16:48:36.674-0300 [DEBUG] [io.spring.gradle.dependencymanagement.internal.VersionConfiguringAction] No dependency management for dependency 'me.paulschwarz:springboot4-dotenv:5.1.0'
2026-08-21T16:48:36.674-0300 [DEBUG] [org.gradle.api.internal.artifacts.ivyservice.ivyresolve.RepositoryChainComponentMetaDataResolver] Attempting to resolve component for org.projectlombok:lombok:1.18.46 using repositories [MavenRepo]
2026-08-21T16:48:36.674-0300 [DEBUG] [org.gradle.api.internal.artifacts.ivyservice.ivyresolve.CachingModuleComponentRepository] Using cached module metadata for module 'org.projectlombok:lombok:1.18.46' in 'MavenRepo'
2026-08-21T16:48:36.674-0300 [DEBUG] [org.gradle.api.internal.artifacts.ivyservice.ivyresolve.RepositoryChainComponentMetaDataResolver] Using org.projectlombok:lombok:1.18.46 from org.gradle.api.internal.artifacts.ivyservice.ivyresolve.FilteredModuleComponentRepository@4c16e69e
2026-08-21T16:48:36.674-0300 [DEBUG] [org.gradle.api.internal.artifacts.ivyservice.ivyresolve.RepositoryChainComponentMetaDataResolver] Attempting to resolve component for org.springframework.boot:spring-boot-starter-test:4.1.0 using repositories [MavenRepo]
2026-08-21T16:48:36.674-0300 [DEBUG] [org.gradle.api.internal.artifacts.ivyservice.ivyresolve.CachingModuleComponentRepository] Using cached module metadata for module 'org.springframework.boot:spring-boot-starter-test:4.1.0' in 'MavenRepo'
2026-08-21T16:48:36.674-0300 [DEBUG] [org.gradle.api.internal.artifacts.ivyservice.ivyresolve.RepositoryChainComponentMetaDataResolver] Using org.springframework.boot:spring-boot-starter-test:4.1.0 from org.gradle.api.internal.artifacts.ivyservice.ivyresolve.FilteredModuleComponentRepository@4c16e69e
2026-08-21T16:48:36.674-0300 [DEBUG] [io.spring.gradle.dependencymanagement.internal.VersionConfiguringAction] Processing requested dependency 'org.springframework.boot:spring-boot-starter-logging:4.1.0' with target 'org.springframework.boot:spring-boot-starter-logging:4.1.0
2026-08-21T16:48:36.674-0300 [DEBUG] [io.spring.gradle.dependencymanagement.internal.DependencyManagementContainer] Found managed version '4.1.0' for dependency 'org.springframework.boot:spring-boot-starter-logging' in global dependency management
2026-08-21T16:48:36.674-0300 [DEBUG] [io.spring.gradle.dependencymanagement.internal.VersionConfiguringAction] Using version '4.1.0' for dependency 'org.springframework.boot:spring-boot-starter-logging:4.1.0'
2026-08-21T16:48:36.674-0300 [DEBUG] [io.spring.gradle.dependencymanagement.internal.VersionConfiguringAction] Processing requested dependency 'org.springframework.boot:spring-boot-autoconfigure:4.1.0' with target 'org.springframework.boot:spring-boot-autoconfigure:4.1.0
2026-08-21T16:48:36.674-0300 [DEBUG] [io.spring.gradle.dependencymanagement.internal.DependencyManagementContainer] Found managed version '4.1.0' for dependency 'org.springframework.boot:spring-boot-autoconfigure' in global dependency management
2026-08-21T16:48:36.674-0300 [DEBUG] [io.spring.gradle.dependencymanagement.internal.VersionConfiguringAction] Using version '4.1.0' for dependency 'org.springframework.boot:spring-boot-autoconfigure:4.1.0'
2026-08-21T16:48:36.674-0300 [DEBUG] [io.spring.gradle.dependencymanagement.internal.VersionConfiguringAction] Processing requested dependency 'jakarta.annotation:jakarta.annotation-api:3.0.0' with target 'jakarta.annotation:jakarta.annotation-api:3.0.0
2026-08-21T16:48:36.674-0300 [DEBUG] [io.spring.gradle.dependencymanagement.internal.DependencyManagementContainer] Found managed version '3.0.0' for dependency 'jakarta.annotation:jakarta.annotation-api' in global dependency management
2026-08-21T16:48:36.674-0300 [DEBUG] [io.spring.gradle.dependencymanagement.internal.VersionConfiguringAction] Using version '3.0.0' for dependency 'jakarta.annotation:jakarta.annotation-api:3.0.0'
2026-08-21T16:48:36.674-0300 [DEBUG] [io.spring.gradle.dependencymanagement.internal.VersionConfiguringAction] Processing requested dependency 'org.yaml:snakeyaml:2.6' with target 'org.yaml:snakeyaml:2.6
2026-08-21T16:48:36.675-0300 [DEBUG] [io.spring.gradle.dependencymanagement.internal.DependencyManagementContainer] Found managed version '2.6' for dependency 'org.yaml:snakeyaml' in global dependency management
2026-08-21T16:48:36.675-0300 [DEBUG] [io.spring.gradle.dependencymanagement.internal.VersionConfiguringAction] Using version '2.6' for dependency 'org.yaml:snakeyaml:2.6'
2026-08-21T16:48:36.675-0300 [DEBUG] [org.gradle.api.internal.artifacts.ivyservice.ivyresolve.RepositoryChainComponentMetaDataResolver] Attempting to resolve component for org.springframework.boot:spring-boot-starter-logging:4.1.0 using repositories [MavenRepo]
2026-08-21T16:48:36.675-0300 [DEBUG] [org.gradle.api.internal.artifacts.ivyservice.ivyresolve.CachingModuleComponentRepository] Using cached module metadata for module 'org.springframework.boot:spring-boot-starter-logging:4.1.0' in 'MavenRepo'
2026-08-21T16:48:36.675-0300 [DEBUG] [org.gradle.api.internal.artifacts.ivyservice.ivyresolve.RepositoryChainComponentMetaDataResolver] Using org.springframework.boot:spring-boot-starter-logging:4.1.0 from org.gradle.api.internal.artifacts.ivyservice.ivyresolve.FilteredModuleComponentRepository@4c16e69e
2026-08-21T16:48:36.675-0300 [DEBUG] [org.gradle.api.internal.artifacts.ivyservice.ivyresolve.RepositoryChainComponentMetaDataResolver] Attempting to resolve component for org.springframework.boot:spring-boot-autoconfigure:4.1.0 using repositories [MavenRepo]
2026-08-21T16:48:36.675-0300 [DEBUG] [org.gradle.api.internal.artifacts.ivyservice.ivyresolve.CachingModuleComponentRepository] Using cached module metadata for module 'org.springframework.boot:spring-boot-autoconfigure:4.1.0' in 'MavenRepo'
2026-08-21T16:48:36.675-0300 [DEBUG] [org.gradle.api.internal.artifacts.ivyservice.ivyresolve.RepositoryChainComponentMetaDataResolver] Using org.springframework.boot:spring-boot-autoconfigure:4.1.0 from org.gradle.api.internal.artifacts.ivyservice.ivyresolve.FilteredModuleComponentRepository@4c16e69e
2026-08-21T16:48:36.675-0300 [DEBUG] [org.gradle.api.internal.artifacts.ivyservice.ivyresolve.RepositoryChainComponentMetaDataResolver] Attempting to resolve component for jakarta.annotation:jakarta.annotation-api:3.0.0 using repositories [MavenRepo]
2026-08-21T16:48:36.675-0300 [DEBUG] [org.gradle.api.internal.artifacts.ivyservice.ivyresolve.CachingModuleComponentRepository] Using cached module metadata for module 'jakarta.annotation:jakarta.annotation-api:3.0.0' in 'MavenRepo'
2026-08-21T16:48:36.675-0300 [DEBUG] [org.gradle.api.internal.artifacts.ivyservice.ivyresolve.RepositoryChainComponentMetaDataResolver] Using jakarta.annotation:jakarta.annotation-api:3.0.0 from org.gradle.api.internal.artifacts.ivyservice.ivyresolve.FilteredModuleComponentRepository@4c16e69e
2026-08-21T16:48:36.675-0300 [DEBUG] [org.gradle.api.internal.artifacts.ivyservice.ivyresolve.RepositoryChainComponentMetaDataResolver] Attempting to resolve component for org.yaml:snakeyaml:2.6 using repositories [MavenRepo]
2026-08-21T16:48:36.675-0300 [DEBUG] [org.gradle.api.internal.artifacts.ivyservice.ivyresolve.CachingModuleComponentRepository] Using cached module metadata for module 'org.yaml:snakeyaml:2.6' in 'MavenRepo'
2026-08-21T16:48:36.675-0300 [DEBUG] [org.gradle.api.internal.artifacts.ivyservice.ivyresolve.RepositoryChainComponentMetaDataResolver] Using org.yaml:snakeyaml:2.6 from org.gradle.api.internal.artifacts.ivyservice.ivyresolve.FilteredModuleComponentRepository@4c16e69e
2026-08-21T16:48:36.675-0300 [DEBUG] [io.spring.gradle.dependencymanagement.internal.VersionConfiguringAction] Processing requested dependency 'org.springframework.boot:spring-boot-starter-jackson:4.1.0' with target 'org.springframework.boot:spring-boot-starter-jackson:4.1.0
2026-08-21T16:48:36.675-0300 [DEBUG] [io.spring.gradle.dependencymanagement.internal.DependencyManagementContainer] Found managed version '4.1.0' for dependency 'org.springframework.boot:spring-boot-starter-jackson' in global dependency management
2026-08-21T16:48:36.675-0300 [DEBUG] [io.spring.gradle.dependencymanagement.internal.VersionConfiguringAction] Using version '4.1.0' for dependency 'org.springframework.boot:spring-boot-starter-jackson:4.1.0'
2026-08-21T16:48:36.675-0300 [DEBUG] [io.spring.gradle.dependencymanagement.internal.VersionConfiguringAction] Processing requested dependency 'org.springframework.boot:spring-boot-starter-tomcat:4.1.0' with target 'org.springframework.boot:spring-boot-starter-tomcat:4.1.0
2026-08-21T16:48:36.675-0300 [DEBUG] [io.spring.gradle.dependencymanagement.internal.DependencyManagementContainer] Found managed version '4.1.0' for dependency 'org.springframework.boot:spring-boot-starter-tomcat' in global dependency management
2026-08-21T16:48:36.675-0300 [DEBUG] [io.spring.gradle.dependencymanagement.internal.VersionConfiguringAction] Using version '4.1.0' for dependency 'org.springframework.boot:spring-boot-starter-tomcat:4.1.0'
2026-08-21T16:48:36.675-0300 [DEBUG] [io.spring.gradle.dependencymanagement.internal.VersionConfiguringAction] Processing requested dependency 'org.springframework.boot:spring-boot-http-converter:4.1.0' with target 'org.springframework.boot:spring-boot-http-converter:4.1.0
2026-08-21T16:48:36.675-0300 [DEBUG] [io.spring.gradle.dependencymanagement.internal.DependencyManagementContainer] Found managed version '4.1.0' for dependency 'org.springframework.boot:spring-boot-http-converter' in global dependency management
2026-08-21T16:48:36.675-0300 [DEBUG] [io.spring.gradle.dependencymanagement.internal.VersionConfiguringAction] Using version '4.1.0' for dependency 'org.springframework.boot:spring-boot-http-converter:4.1.0'
2026-08-21T16:48:36.675-0300 [DEBUG] [io.spring.gradle.dependencymanagement.internal.VersionConfiguringAction] Processing requested dependency 'org.springframework.boot:spring-boot-webmvc:4.1.0' with target 'org.springframework.boot:spring-boot-webmvc:4.1.0
2026-08-21T16:48:36.675-0300 [DEBUG] [io.spring.gradle.dependencymanagement.internal.DependencyManagementContainer] Found managed version '4.1.0' for dependency 'org.springframework.boot:spring-boot-webmvc' in global dependency management
2026-08-21T16:48:36.675-0300 [DEBUG] [io.spring.gradle.dependencymanagement.internal.VersionConfiguringAction] Using version '4.1.0' for dependency 'org.springframework.boot:spring-boot-webmvc:4.1.0'
2026-08-21T16:48:36.675-0300 [DEBUG] [org.gradle.api.internal.artifacts.ivyservice.ivyresolve.RepositoryChainComponentMetaDataResolver] Attempting to resolve component for org.springframework.boot:spring-boot-starter-jackson:4.1.0 using repositories [MavenRepo]
2026-08-21T16:48:36.675-0300 [DEBUG] [org.gradle.api.internal.artifacts.ivyservice.ivyresolve.CachingModuleComponentRepository] Using cached module metadata for module 'org.springframework.boot:spring-boot-starter-jackson:4.1.0' in 'MavenRepo'
2026-08-21T16:48:36.675-0300 [DEBUG] [org.gradle.api.internal.artifacts.ivyservice.ivyresolve.RepositoryChainComponentMetaDataResolver] Using org.springframework.boot:spring-boot-starter-jackson:4.1.0 from org.gradle.api.internal.artifacts.ivyservice.ivyresolve.FilteredModuleComponentRepository@4c16e69e
2026-08-21T16:48:36.675-0300 [DEBUG] [org.gradle.api.internal.artifacts.ivyservice.ivyresolve.RepositoryChainComponentMetaDataResolver] Attempting to resolve component for org.springframework.boot:spring-boot-starter-tomcat:4.1.0 using repositories [MavenRepo]
2026-08-21T16:48:36.675-0300 [DEBUG] [org.gradle.api.internal.artifacts.ivyservice.ivyresolve.CachingModuleComponentRepository] Using cached module metadata for module 'org.springframework.boot:spring-boot-starter-tomcat:4.1.0' in 'MavenRepo'
2026-08-21T16:48:36.675-0300 [DEBUG] [org.gradle.api.internal.artifacts.ivyservice.ivyresolve.RepositoryChainComponentMetaDataResolver] Using org.springframework.boot:spring-boot-starter-tomcat:4.1.0 from org.gradle.api.internal.artifacts.ivyservice.ivyresolve.FilteredModuleComponentRepository@4c16e69e
2026-08-21T16:48:36.675-0300 [DEBUG] [org.gradle.api.internal.artifacts.ivyservice.ivyresolve.RepositoryChainComponentMetaDataResolver] Attempting to resolve component for org.springframework.boot:spring-boot-http-converter:4.1.0 using repositories [MavenRepo]
2026-08-21T16:48:36.675-0300 [DEBUG] [org.gradle.api.internal.artifacts.ivyservice.ivyresolve.CachingModuleComponentRepository] Using cached module metadata for module 'org.springframework.boot:spring-boot-http-converter:4.1.0' in 'MavenRepo'
2026-08-21T16:48:36.676-0300 [DEBUG] [org.gradle.api.internal.artifacts.ivyservice.ivyresolve.RepositoryChainComponentMetaDataResolver] Using org.springframework.boot:spring-boot-http-converter:4.1.0 from org.gradle.api.internal.artifacts.ivyservice.ivyresolve.FilteredModuleComponentRepository@4c16e69e
2026-08-21T16:48:36.676-0300 [DEBUG] [org.gradle.api.internal.artifacts.ivyservice.ivyresolve.RepositoryChainComponentMetaDataResolver] Attempting to resolve component for org.springframework.boot:spring-boot-webmvc:4.1.0 using repositories [MavenRepo]
2026-08-21T16:48:36.676-0300 [DEBUG] [org.gradle.api.internal.artifacts.ivyservice.ivyresolve.CachingModuleComponentRepository] Using cached module metadata for module 'org.springframework.boot:spring-boot-webmvc:4.1.0' in 'MavenRepo'
2026-08-21T16:48:36.676-0300 [DEBUG] [org.gradle.api.internal.artifacts.ivyservice.ivyresolve.RepositoryChainComponentMetaDataResolver] Using org.springframework.boot:spring-boot-webmvc:4.1.0 from org.gradle.api.internal.artifacts.ivyservice.ivyresolve.FilteredModuleComponentRepository@4c16e69e
2026-08-21T16:48:36.676-0300 [DEBUG] [io.spring.gradle.dependencymanagement.internal.VersionConfiguringAction] Processing requested dependency 'org.springframework.boot:spring-boot-starter:4.1.0' with target 'org.springframework.boot:spring-boot-starter:4.1.0
2026-08-21T16:48:36.676-0300 [DEBUG] [io.spring.gradle.dependencymanagement.internal.DependencyManagementContainer] Found managed version '4.1.0' for dependency 'org.springframework.boot:spring-boot-starter' in global dependency management
2026-08-21T16:48:36.676-0300 [DEBUG] [io.spring.gradle.dependencymanagement.internal.VersionConfiguringAction] Using version '4.1.0' for dependency 'org.springframework.boot:spring-boot-starter:4.1.0'
2026-08-21T16:48:36.676-0300 [DEBUG] [io.spring.gradle.dependencymanagement.internal.VersionConfiguringAction] Processing requested dependency 'org.springframework.boot:spring-boot-starter-jdbc:4.1.0' with target 'org.springframework.boot:spring-boot-starter-jdbc:4.1.0
2026-08-21T16:48:36.676-0300 [DEBUG] [io.spring.gradle.dependencymanagement.internal.DependencyManagementContainer] Found managed version '4.1.0' for dependency 'org.springframework.boot:spring-boot-starter-jdbc' in global dependency management
2026-08-21T16:48:36.676-0300 [DEBUG] [io.spring.gradle.dependencymanagement.internal.VersionConfiguringAction] Using version '4.1.0' for dependency 'org.springframework.boot:spring-boot-starter-jdbc:4.1.0'
2026-08-21T16:48:36.676-0300 [DEBUG] [io.spring.gradle.dependencymanagement.internal.VersionConfiguringAction] Processing requested dependency 'org.springframework.boot:spring-boot-data-jpa:4.1.0' with target 'org.springframework.boot:spring-boot-data-jpa:4.1.0
2026-08-21T16:48:36.676-0300 [DEBUG] [io.spring.gradle.dependencymanagement.internal.DependencyManagementContainer] Found managed version '4.1.0' for dependency 'org.springframework.boot:spring-boot-data-jpa' in global dependency management
2026-08-21T16:48:36.676-0300 [DEBUG] [io.spring.gradle.dependencymanagement.internal.VersionConfiguringAction] Using version '4.1.0' for dependency 'org.springframework.boot:spring-boot-data-jpa:4.1.0'
2026-08-21T16:48:36.676-0300 [DEBUG] [io.spring.gradle.dependencymanagement.internal.VersionConfiguringAction] Processing requested dependency 'org.springframework.boot:spring-boot-jdbc:4.1.0' with target 'org.springframework.boot:spring-boot-jdbc:4.1.0
2026-08-21T16:48:36.676-0300 [DEBUG] [io.spring.gradle.dependencymanagement.internal.DependencyManagementContainer] Found managed version '4.1.0' for dependency 'org.springframework.boot:spring-boot-jdbc' in global dependency management
2026-08-21T16:48:36.676-0300 [DEBUG] [io.spring.gradle.dependencymanagement.internal.VersionConfiguringAction] Using version '4.1.0' for dependency 'org.springframework.boot:spring-boot-jdbc:4.1.0'
2026-08-21T16:48:36.676-0300 [DEBUG] [org.gradle.api.internal.artifacts.ivyservice.ivyresolve.RepositoryChainComponentMetaDataResolver] Attempting to resolve component for org.springframework.boot:spring-boot-starter-jdbc:4.1.0 using repositories [MavenRepo]
2026-08-21T16:48:36.676-0300 [DEBUG] [org.gradle.api.internal.artifacts.ivyservice.ivyresolve.CachingModuleComponentRepository] Using cached module metadata for module 'org.springframework.boot:spring-boot-starter-jdbc:4.1.0' in 'MavenRepo'
2026-08-21T16:48:36.676-0300 [DEBUG] [org.gradle.api.internal.artifacts.ivyservice.ivyresolve.RepositoryChainComponentMetaDataResolver] Using org.springframework.boot:spring-boot-starter-jdbc:4.1.0 from org.gradle.api.internal.artifacts.ivyservice.ivyresolve.FilteredModuleComponentRepository@4c16e69e
2026-08-21T16:48:36.676-0300 [DEBUG] [org.gradle.api.internal.artifacts.ivyservice.ivyresolve.RepositoryChainComponentMetaDataResolver] Attempting to resolve component for org.springframework.boot:spring-boot-data-jpa:4.1.0 using repositories [MavenRepo]
2026-08-21T16:48:36.676-0300 [DEBUG] [org.gradle.api.internal.artifacts.ivyservice.ivyresolve.CachingModuleComponentRepository] Using cached module metadata for module 'org.springframework.boot:spring-boot-data-jpa:4.1.0' in 'MavenRepo'
2026-08-21T16:48:36.676-0300 [DEBUG] [org.gradle.api.internal.artifacts.ivyservice.ivyresolve.RepositoryChainComponentMetaDataResolver] Using org.springframework.boot:spring-boot-data-jpa:4.1.0 from org.gradle.api.internal.artifacts.ivyservice.ivyresolve.FilteredModuleComponentRepository@4c16e69e
2026-08-21T16:48:36.676-0300 [DEBUG] [org.gradle.api.internal.artifacts.ivyservice.ivyresolve.RepositoryChainComponentMetaDataResolver] Attempting to resolve component for org.springframework.boot:spring-boot-jdbc:4.1.0 using repositories [MavenRepo]
2026-08-21T16:48:36.676-0300 [DEBUG] [org.gradle.api.internal.artifacts.ivyservice.ivyresolve.CachingModuleComponentRepository] Using cached module metadata for module 'org.springframework.boot:spring-boot-jdbc:4.1.0' in 'MavenRepo'
2026-08-21T16:48:36.676-0300 [DEBUG] [org.gradle.api.internal.artifacts.ivyservice.ivyresolve.RepositoryChainComponentMetaDataResolver] Using org.springframework.boot:spring-boot-jdbc:4.1.0 from org.gradle.api.internal.artifacts.ivyservice.ivyresolve.FilteredModuleComponentRepository@4c16e69e
2026-08-21T16:48:36.676-0300 [DEBUG] [io.spring.gradle.dependencymanagement.internal.VersionConfiguringAction] Processing requested dependency 'tools.jackson.core:jackson-databind:3.1.1' with target 'tools.jackson.core:jackson-databind:3.1.1
2026-08-21T16:48:36.676-0300 [DEBUG] [io.spring.gradle.dependencymanagement.internal.DependencyManagementContainer] Found managed version '3.1.4' for dependency 'tools.jackson.core:jackson-databind' in global dependency management
2026-08-21T16:48:36.676-0300 [DEBUG] [io.spring.gradle.dependencymanagement.internal.VersionConfiguringAction] Using version '3.1.4' for dependency 'tools.jackson.core:jackson-databind:3.1.1'
2026-08-21T16:48:36.676-0300 [DEBUG] [org.gradle.api.internal.artifacts.ivyservice.ivyresolve.RepositoryChainComponentMetaDataResolver] Attempting to resolve component for tools.jackson.core:jackson-databind:3.1.4 using repositories [MavenRepo]
2026-08-21T16:48:36.676-0300 [DEBUG] [org.gradle.api.internal.artifacts.ivyservice.ivyresolve.CachingModuleComponentRepository] Using cached module metadata for module 'tools.jackson.core:jackson-databind:3.1.4' in 'MavenRepo'
2026-08-21T16:48:36.676-0300 [DEBUG] [org.gradle.api.internal.artifacts.ivyservice.ivyresolve.RepositoryChainComponentMetaDataResolver] Using tools.jackson.core:jackson-databind:3.1.4 from org.gradle.api.internal.artifacts.ivyservice.ivyresolve.FilteredModuleComponentRepository@4c16e69e
2026-08-21T16:48:36.676-0300 [DEBUG] [io.spring.gradle.dependencymanagement.internal.VersionConfiguringAction] Processing requested dependency 'org.springframework.boot:spring-boot-data-redis:4.1.0' with target 'org.springframework.boot:spring-boot-data-redis:4.1.0
2026-08-21T16:48:36.676-0300 [DEBUG] [io.spring.gradle.dependencymanagement.internal.DependencyManagementContainer] Found managed version '4.1.0' for dependency 'org.springframework.boot:spring-boot-data-redis' in global dependency management
2026-08-21T16:48:36.676-0300 [DEBUG] [io.spring.gradle.dependencymanagement.internal.VersionConfiguringAction] Using version '4.1.0' for dependency 'org.springframework.boot:spring-boot-data-redis:4.1.0'
2026-08-21T16:48:36.676-0300 [DEBUG] [io.spring.gradle.dependencymanagement.internal.VersionConfiguringAction] Processing requested dependency 'org.springframework:spring-messaging:7.0.8' with target 'org.springframework:spring-messaging:7.0.8
2026-08-21T16:48:36.677-0300 [DEBUG] [io.spring.gradle.dependencymanagement.internal.DependencyManagementContainer] Found managed version '7.0.8' for dependency 'org.springframework:spring-messaging' in global dependency management
2026-08-21T16:48:36.677-0300 [DEBUG] [io.spring.gradle.dependencymanagement.internal.VersionConfiguringAction] Using version '7.0.8' for dependency 'org.springframework:spring-messaging:7.0.8'
2026-08-21T16:48:36.677-0300 [DEBUG] [org.gradle.api.internal.artifacts.ivyservice.ivyresolve.RepositoryChainComponentMetaDataResolver] Attempting to resolve component for org.springframework.boot:spring-boot-data-redis:4.1.0 using repositories [MavenRepo]
2026-08-21T16:48:36.677-0300 [DEBUG] [org.gradle.api.internal.artifacts.ivyservice.ivyresolve.CachingModuleComponentRepository] Using cached module metadata for module 'org.springframework.boot:spring-boot-data-redis:4.1.0' in 'MavenRepo'
2026-08-21T16:48:36.677-0300 [DEBUG] [org.gradle.api.internal.artifacts.ivyservice.ivyresolve.RepositoryChainComponentMetaDataResolver] Using org.springframework.boot:spring-boot-data-redis:4.1.0 from org.gradle.api.internal.artifacts.ivyservice.ivyresolve.FilteredModuleComponentRepository@4c16e69e
2026-08-21T16:48:36.677-0300 [DEBUG] [org.gradle.api.internal.artifacts.ivyservice.ivyresolve.RepositoryChainComponentMetaDataResolver] Attempting to resolve component for org.springframework:spring-messaging:7.0.8 using repositories [MavenRepo]
2026-08-21T16:48:36.677-0300 [DEBUG] [org.gradle.api.internal.artifacts.ivyservice.ivyresolve.CachingModuleComponentRepository] Using cached module metadata for module 'org.springframework:spring-messaging:7.0.8' in 'MavenRepo'
2026-08-21T16:48:36.677-0300 [DEBUG] [org.gradle.api.internal.artifacts.ivyservice.ivyresolve.RepositoryChainComponentMetaDataResolver] Using org.springframework:spring-messaging:7.0.8 from org.gradle.api.internal.artifacts.ivyservice.ivyresolve.FilteredModuleComponentRepository@4c16e69e
2026-08-21T16:48:36.677-0300 [DEBUG] [io.spring.gradle.dependencymanagement.internal.VersionConfiguringAction] Processing requested dependency 'org.springframework.boot:spring-boot-test:4.1.0' with target 'org.springframework.boot:spring-boot-test:4.1.0
2026-08-21T16:48:36.677-0300 [DEBUG] [io.spring.gradle.dependencymanagement.internal.DependencyManagementContainer] Found managed version '4.1.0' for dependency 'org.springframework.boot:spring-boot-test' in global dependency management
2026-08-21T16:48:36.677-0300 [DEBUG] [io.spring.gradle.dependencymanagement.internal.VersionConfiguringAction] Using version '4.1.0' for dependency 'org.springframework.boot:spring-boot-test:4.1.0'
2026-08-21T16:48:36.677-0300 [DEBUG] [io.spring.gradle.dependencymanagement.internal.VersionConfiguringAction] Processing requested dependency 'org.springframework.boot:spring-boot-test-autoconfigure:4.1.0' with target 'org.springframework.boot:spring-boot-test-autoconfigure:4.1.0
2026-08-21T16:48:36.677-0300 [DEBUG] [io.spring.gradle.dependencymanagement.internal.DependencyManagementContainer] Found managed version '4.1.0' for dependency 'org.springframework.boot:spring-boot-test-autoconfigure' in global dependency management
2026-08-21T16:48:36.677-0300 [DEBUG] [io.spring.gradle.dependencymanagement.internal.VersionConfiguringAction] Using version '4.1.0' for dependency 'org.springframework.boot:spring-boot-test-autoconfigure:4.1.0'
2026-08-21T16:48:36.677-0300 [DEBUG] [io.spring.gradle.dependencymanagement.internal.VersionConfiguringAction] Processing requested dependency 'com.jayway.jsonpath:json-path:2.10.0' with target 'com.jayway.jsonpath:json-path:2.10.0
2026-08-21T16:48:36.677-0300 [DEBUG] [io.spring.gradle.dependencymanagement.internal.DependencyManagementContainer] Found managed version '2.10.0' for dependency 'com.jayway.jsonpath:json-path' in global dependency management
2026-08-21T16:48:36.677-0300 [DEBUG] [io.spring.gradle.dependencymanagement.internal.VersionConfiguringAction] Using version '2.10.0' for dependency 'com.jayway.jsonpath:json-path:2.10.0'
2026-08-21T16:48:36.677-0300 [DEBUG] [io.spring.gradle.dependencymanagement.internal.VersionConfiguringAction] Processing requested dependency 'jakarta.xml.bind:jakarta.xml.bind-api:4.0.5' with target 'jakarta.xml.bind:jakarta.xml.bind-api:4.0.5
2026-08-21T16:48:36.677-0300 [DEBUG] [io.spring.gradle.dependencymanagement.internal.DependencyManagementContainer] Found managed version '4.0.5' for dependency 'jakarta.xml.bind:jakarta.xml.bind-api' in global dependency management
2026-08-21T16:48:36.677-0300 [DEBUG] [io.spring.gradle.dependencymanagement.internal.VersionConfiguringAction] Using version '4.0.5' for dependency 'jakarta.xml.bind:jakarta.xml.bind-api:4.0.5'
2026-08-21T16:48:36.677-0300 [DEBUG] [io.spring.gradle.dependencymanagement.internal.VersionConfiguringAction] Processing requested dependency 'net.minidev:json-smart:2.6.0' with target 'net.minidev:json-smart:2.6.0
2026-08-21T16:48:36.677-0300 [DEBUG] [io.spring.gradle.dependencymanagement.internal.DependencyManagementContainer] Found managed version '2.6.0' for dependency 'net.minidev:json-smart' in global dependency management
2026-08-21T16:48:36.677-0300 [DEBUG] [io.spring.gradle.dependencymanagement.internal.VersionConfiguringAction] Using version '2.6.0' for dependency 'net.minidev:json-smart:2.6.0'
2026-08-21T16:48:36.677-0300 [DEBUG] [io.spring.gradle.dependencymanagement.internal.VersionConfiguringAction] Processing requested dependency 'org.assertj:assertj-core:3.27.7' with target 'org.assertj:assertj-core:3.27.7
2026-08-21T16:48:36.677-0300 [DEBUG] [io.spring.gradle.dependencymanagement.internal.DependencyManagementContainer] Found managed version '3.27.7' for dependency 'org.assertj:assertj-core' in global dependency management
2026-08-21T16:48:36.677-0300 [DEBUG] [io.spring.gradle.dependencymanagement.internal.VersionConfiguringAction] Using version '3.27.7' for dependency 'org.assertj:assertj-core:3.27.7'
2026-08-21T16:48:36.677-0300 [DEBUG] [io.spring.gradle.dependencymanagement.internal.VersionConfiguringAction] Processing requested dependency 'org.awaitility:awaitility:4.3.0' with target 'org.awaitility:awaitility:4.3.0
2026-08-21T16:48:36.677-0300 [DEBUG] [io.spring.gradle.dependencymanagement.internal.DependencyManagementContainer] Found managed version '4.3.0' for dependency 'org.awaitility:awaitility' in global dependency management
2026-08-21T16:48:36.677-0300 [DEBUG] [io.spring.gradle.dependencymanagement.internal.VersionConfiguringAction] Using version '4.3.0' for dependency 'org.awaitility:awaitility:4.3.0'
2026-08-21T16:48:36.677-0300 [DEBUG] [io.spring.gradle.dependencymanagement.internal.VersionConfiguringAction] Processing requested dependency 'org.hamcrest:hamcrest:3.0' with target 'org.hamcrest:hamcrest:3.0
2026-08-21T16:48:36.677-0300 [DEBUG] [io.spring.gradle.dependencymanagement.internal.DependencyManagementContainer] Found managed version '3.0' for dependency 'org.hamcrest:hamcrest' in global dependency management
2026-08-21T16:48:36.677-0300 [DEBUG] [io.spring.gradle.dependencymanagement.internal.VersionConfiguringAction] Using version '3.0' for dependency 'org.hamcrest:hamcrest:3.0'
2026-08-21T16:48:36.677-0300 [DEBUG] [io.spring.gradle.dependencymanagement.internal.VersionConfiguringAction] Processing requested dependency 'org.junit.jupiter:junit-jupiter:6.0.3' with target 'org.junit.jupiter:junit-jupiter:6.0.3
2026-08-21T16:48:36.678-0300 [DEBUG] [io.spring.gradle.dependencymanagement.internal.DependencyManagementContainer] Found managed version '6.0.3' for dependency 'org.junit.jupiter:junit-jupiter' in global dependency management
2026-08-21T16:48:36.678-0300 [DEBUG] [io.spring.gradle.dependencymanagement.internal.VersionConfiguringAction] Using version '6.0.3' for dependency 'org.junit.jupiter:junit-jupiter:6.0.3'
2026-08-21T16:48:36.678-0300 [DEBUG] [io.spring.gradle.dependencymanagement.internal.VersionConfiguringAction] Processing requested dependency 'org.mockito:mockito-core:5.23.0' with target 'org.mockito:mockito-core:5.23.0
2026-08-21T16:48:36.678-0300 [DEBUG] [io.spring.gradle.dependencymanagement.internal.DependencyManagementContainer] Found managed version '5.23.0' for dependency 'org.mockito:mockito-core' in global dependency management
2026-08-21T16:48:36.678-0300 [DEBUG] [io.spring.gradle.dependencymanagement.internal.VersionConfiguringAction] Using version '5.23.0' for dependency 'org.mockito:mockito-core:5.23.0'
2026-08-21T16:48:36.678-0300 [DEBUG] [io.spring.gradle.dependencymanagement.internal.VersionConfiguringAction] Processing requested dependency 'org.mockito:mockito-junit-jupiter:5.23.0' with target 'org.mockito:mockito-junit-jupiter:5.23.0
2026-08-21T16:48:36.678-0300 [DEBUG] [io.spring.gradle.dependencymanagement.internal.DependencyManagementContainer] Found managed version '5.23.0' for dependency 'org.mockito:mockito-junit-jupiter' in global dependency management
2026-08-21T16:48:36.678-0300 [DEBUG] [io.spring.gradle.dependencymanagement.internal.VersionConfiguringAction] Using version '5.23.0' for dependency 'org.mockito:mockito-junit-jupiter:5.23.0'
2026-08-21T16:48:36.678-0300 [DEBUG] [io.spring.gradle.dependencymanagement.internal.VersionConfiguringAction] Processing requested dependency 'org.skyscreamer:jsonassert:1.5.3' with target 'org.skyscreamer:jsonassert:1.5.3
2026-08-21T16:48:36.678-0300 [DEBUG] [io.spring.gradle.dependencymanagement.internal.DependencyManagementContainer] Found managed version '1.5.3' for dependency 'org.skyscreamer:jsonassert' in global dependency management
2026-08-21T16:48:36.678-0300 [DEBUG] [io.spring.gradle.dependencymanagement.internal.VersionConfiguringAction] Using version '1.5.3' for dependency 'org.skyscreamer:jsonassert:1.5.3'
2026-08-21T16:48:36.678-0300 [DEBUG] [io.spring.gradle.dependencymanagement.internal.VersionConfiguringAction] Processing requested dependency 'org.springframework:spring-core:7.0.8' with target 'org.springframework:spring-core:7.0.8
2026-08-21T16:48:36.678-0300 [DEBUG] [io.spring.gradle.dependencymanagement.internal.DependencyManagementContainer] Found managed version '7.0.8' for dependency 'org.springframework:spring-core' in global dependency management
2026-08-21T16:48:36.678-0300 [DEBUG] [io.spring.gradle.dependencymanagement.internal.VersionConfiguringAction] Using version '7.0.8' for dependency 'org.springframework:spring-core:7.0.8'
2026-08-21T16:48:36.678-0300 [DEBUG] [io.spring.gradle.dependencymanagement.internal.VersionConfiguringAction] Processing requested dependency 'org.springframework:spring-test:7.0.8' with target 'org.springframework:spring-test:7.0.8
2026-08-21T16:48:36.678-0300 [DEBUG] [io.spring.gradle.dependencymanagement.internal.DependencyManagementContainer] Found managed version '7.0.8' for dependency 'org.springframework:spring-test' in global dependency management
2026-08-21T16:48:36.678-0300 [DEBUG] [io.spring.gradle.dependencymanagement.internal.VersionConfiguringAction] Using version '7.0.8' for dependency 'org.springframework:spring-test:7.0.8'
2026-08-21T16:48:36.678-0300 [DEBUG] [io.spring.gradle.dependencymanagement.internal.VersionConfiguringAction] Processing requested dependency 'org.xmlunit:xmlunit-core:2.11.0' with target 'org.xmlunit:xmlunit-core:2.11.0
2026-08-21T16:48:36.678-0300 [DEBUG] [io.spring.gradle.dependencymanagement.internal.DependencyManagementContainer] Found managed version '2.11.0' for dependency 'org.xmlunit:xmlunit-core' in global dependency management
2026-08-21T16:48:36.678-0300 [DEBUG] [io.spring.gradle.dependencymanagement.internal.VersionConfiguringAction] Using version '2.11.0' for dependency 'org.xmlunit:xmlunit-core:2.11.0'
2026-08-21T16:48:36.678-0300 [DEBUG] [org.gradle.api.internal.artifacts.ivyservice.ivyresolve.RepositoryChainComponentMetaDataResolver] Attempting to resolve component for org.springframework.boot:spring-boot-test:4.1.0 using repositories [MavenRepo]
2026-08-21T16:48:36.678-0300 [DEBUG] [org.gradle.api.internal.artifacts.ivyservice.ivyresolve.CachingModuleComponentRepository] Using cached module metadata for module 'org.springframework.boot:spring-boot-test:4.1.0' in 'MavenRepo'
2026-08-21T16:48:36.678-0300 [DEBUG] [org.gradle.api.internal.artifacts.ivyservice.ivyresolve.RepositoryChainComponentMetaDataResolver] Using org.springframework.boot:spring-boot-test:4.1.0 from org.gradle.api.internal.artifacts.ivyservice.ivyresolve.FilteredModuleComponentRepository@4c16e69e
2026-08-21T16:48:36.678-0300 [DEBUG] [org.gradle.api.internal.artifacts.ivyservice.ivyresolve.RepositoryChainComponentMetaDataResolver] Attempting to resolve component for org.springframework.boot:spring-boot-test-autoconfigure:4.1.0 using repositories [MavenRepo]
2026-08-21T16:48:36.678-0300 [DEBUG] [org.gradle.api.internal.artifacts.ivyservice.ivyresolve.CachingModuleComponentRepository] Using cached module metadata for module 'org.springframework.boot:spring-boot-test-autoconfigure:4.1.0' in 'MavenRepo'
2026-08-21T16:48:36.678-0300 [DEBUG] [org.gradle.api.internal.artifacts.ivyservice.ivyresolve.RepositoryChainComponentMetaDataResolver] Using org.springframework.boot:spring-boot-test-autoconfigure:4.1.0 from org.gradle.api.internal.artifacts.ivyservice.ivyresolve.FilteredModuleComponentRepository@4c16e69e
2026-08-21T16:48:36.678-0300 [DEBUG] [org.gradle.api.internal.artifacts.ivyservice.ivyresolve.RepositoryChainComponentMetaDataResolver] Attempting to resolve component for com.jayway.jsonpath:json-path:2.10.0 using repositories [MavenRepo]
2026-08-21T16:48:36.678-0300 [DEBUG] [org.gradle.api.internal.artifacts.ivyservice.ivyresolve.CachingModuleComponentRepository] Using cached module metadata for module 'com.jayway.jsonpath:json-path:2.10.0' in 'MavenRepo'
2026-08-21T16:48:36.678-0300 [DEBUG] [org.gradle.api.internal.artifacts.ivyservice.ivyresolve.RepositoryChainComponentMetaDataResolver] Using com.jayway.jsonpath:json-path:2.10.0 from org.gradle.api.internal.artifacts.ivyservice.ivyresolve.FilteredModuleComponentRepository@4c16e69e
2026-08-21T16:48:36.678-0300 [DEBUG] [org.gradle.api.internal.artifacts.ivyservice.ivyresolve.RepositoryChainComponentMetaDataResolver] Attempting to resolve component for jakarta.xml.bind:jakarta.xml.bind-api:4.0.5 using repositories [MavenRepo]
2026-08-21T16:48:36.678-0300 [DEBUG] [org.gradle.api.internal.artifacts.ivyservice.ivyresolve.CachingModuleComponentRepository] Using cached module metadata for module 'jakarta.xml.bind:jakarta.xml.bind-api:4.0.5' in 'MavenRepo'
2026-08-21T16:48:36.678-0300 [DEBUG] [org.gradle.api.internal.artifacts.ivyservice.ivyresolve.RepositoryChainComponentMetaDataResolver] Using jakarta.xml.bind:jakarta.xml.bind-api:4.0.5 from org.gradle.api.internal.artifacts.ivyservice.ivyresolve.FilteredModuleComponentRepository@4c16e69e
2026-08-21T16:48:36.678-0300 [DEBUG] [org.gradle.api.internal.artifacts.ivyservice.ivyresolve.RepositoryChainComponentMetaDataResolver] Attempting to resolve component for net.minidev:json-smart:2.6.0 using repositories [MavenRepo]
2026-08-21T16:48:36.678-0300 [DEBUG] [org.gradle.api.internal.artifacts.ivyservice.ivyresolve.CachingModuleComponentRepository] Using cached module metadata for module 'net.minidev:json-smart:2.6.0' in 'MavenRepo'
2026-08-21T16:48:36.678-0300 [DEBUG] [org.gradle.api.internal.artifacts.ivyservice.ivyresolve.RepositoryChainComponentMetaDataResolver] Using net.minidev:json-smart:2.6.0 from org.gradle.api.internal.artifacts.ivyservice.ivyresolve.FilteredModuleComponentRepository@4c16e69e
2026-08-21T16:48:36.679-0300 [DEBUG] [org.gradle.api.internal.artifacts.ivyservice.ivyresolve.RepositoryChainComponentMetaDataResolver] Attempting to resolve component for org.assertj:assertj-core:3.27.7 using repositories [MavenRepo]
2026-08-21T16:48:36.679-0300 [DEBUG] [org.gradle.api.internal.artifacts.ivyservice.ivyresolve.CachingModuleComponentRepository] Using cached module metadata for module 'org.assertj:assertj-core:3.27.7' in 'MavenRepo'
2026-08-21T16:48:36.679-0300 [DEBUG] [org.gradle.api.internal.artifacts.ivyservice.ivyresolve.RepositoryChainComponentMetaDataResolver] Using org.assertj:assertj-core:3.27.7 from org.gradle.api.internal.artifacts.ivyservice.ivyresolve.FilteredModuleComponentRepository@4c16e69e
2026-08-21T16:48:36.679-0300 [DEBUG] [org.gradle.api.internal.artifacts.ivyservice.ivyresolve.RepositoryChainComponentMetaDataResolver] Attempting to resolve component for org.awaitility:awaitility:4.3.0 using repositories [MavenRepo]
2026-08-21T16:48:36.679-0300 [DEBUG] [org.gradle.api.internal.artifacts.ivyservice.ivyresolve.CachingModuleComponentRepository] Using cached module metadata for module 'org.awaitility:awaitility:4.3.0' in 'MavenRepo'
2026-08-21T16:48:36.679-0300 [DEBUG] [org.gradle.api.internal.artifacts.ivyservice.ivyresolve.RepositoryChainComponentMetaDataResolver] Using org.awaitility:awaitility:4.3.0 from org.gradle.api.internal.artifacts.ivyservice.ivyresolve.FilteredModuleComponentRepository@4c16e69e
2026-08-21T16:48:36.679-0300 [DEBUG] [org.gradle.api.internal.artifacts.ivyservice.ivyresolve.RepositoryChainComponentMetaDataResolver] Attempting to resolve component for org.hamcrest:hamcrest:3.0 using repositories [MavenRepo]
2026-08-21T16:48:36.679-0300 [DEBUG] [org.gradle.api.internal.artifacts.ivyservice.ivyresolve.CachingModuleComponentRepository] Using cached module metadata for module 'org.hamcrest:hamcrest:3.0' in 'MavenRepo'
2026-08-21T16:48:36.679-0300 [DEBUG] [org.gradle.api.internal.artifacts.ivyservice.ivyresolve.RepositoryChainComponentMetaDataResolver] Using org.hamcrest:hamcrest:3.0 from org.gradle.api.internal.artifacts.ivyservice.ivyresolve.FilteredModuleComponentRepository@4c16e69e
2026-08-21T16:48:36.679-0300 [DEBUG] [org.gradle.api.internal.artifacts.ivyservice.ivyresolve.RepositoryChainComponentMetaDataResolver] Attempting to resolve component for org.junit.jupiter:junit-jupiter:6.0.3 using repositories [MavenRepo]
2026-08-21T16:48:36.679-0300 [DEBUG] [org.gradle.api.internal.artifacts.ivyservice.ivyresolve.CachingModuleComponentRepository] Using cached module metadata for module 'org.junit.jupiter:junit-jupiter:6.0.3' in 'MavenRepo'
2026-08-21T16:48:36.679-0300 [DEBUG] [org.gradle.api.internal.artifacts.ivyservice.ivyresolve.RepositoryChainComponentMetaDataResolver] Using org.junit.jupiter:junit-jupiter:6.0.3 from org.gradle.api.internal.artifacts.ivyservice.ivyresolve.FilteredModuleComponentRepository@4c16e69e
2026-08-21T16:48:36.679-0300 [DEBUG] [org.gradle.api.internal.artifacts.ivyservice.ivyresolve.RepositoryChainComponentMetaDataResolver] Attempting to resolve component for org.mockito:mockito-core:5.23.0 using repositories [MavenRepo]
2026-08-21T16:48:36.679-0300 [DEBUG] [org.gradle.api.internal.artifacts.ivyservice.ivyresolve.CachingModuleComponentRepository] Using cached module metadata for module 'org.mockito:mockito-core:5.23.0' in 'MavenRepo'
2026-08-21T16:48:36.679-0300 [DEBUG] [org.gradle.api.internal.artifacts.ivyservice.ivyresolve.RepositoryChainComponentMetaDataResolver] Using org.mockito:mockito-core:5.23.0 from org.gradle.api.internal.artifacts.ivyservice.ivyresolve.FilteredModuleComponentRepository@4c16e69e
2026-08-21T16:48:36.679-0300 [DEBUG] [org.gradle.api.internal.artifacts.ivyservice.ivyresolve.RepositoryChainComponentMetaDataResolver] Attempting to resolve component for org.mockito:mockito-junit-jupiter:5.23.0 using repositories [MavenRepo]
2026-08-21T16:48:36.679-0300 [DEBUG] [org.gradle.api.internal.artifacts.ivyservice.ivyresolve.CachingModuleComponentRepository] Using cached module metadata for module 'org.mockito:mockito-junit-jupiter:5.23.0' in 'MavenRepo'
2026-08-21T16:48:36.679-0300 [DEBUG] [org.gradle.api.internal.artifacts.ivyservice.ivyresolve.RepositoryChainComponentMetaDataResolver] Using org.mockito:mockito-junit-jupiter:5.23.0 from org.gradle.api.internal.artifacts.ivyservice.ivyresolve.FilteredModuleComponentRepository@4c16e69e
2026-08-21T16:48:36.679-0300 [DEBUG] [org.gradle.api.internal.artifacts.ivyservice.ivyresolve.RepositoryChainComponentMetaDataResolver] Attempting to resolve component for org.skyscreamer:jsonassert:1.5.3 using repositories [MavenRepo]
2026-08-21T16:48:36.679-0300 [DEBUG] [org.gradle.api.internal.artifacts.ivyservice.ivyresolve.CachingModuleComponentRepository] Using cached module metadata for module 'org.skyscreamer:jsonassert:1.5.3' in 'MavenRepo'
2026-08-21T16:48:36.679-0300 [DEBUG] [org.gradle.api.internal.artifacts.ivyservice.ivyresolve.RepositoryChainComponentMetaDataResolver] Using org.skyscreamer:jsonassert:1.5.3 from org.gradle.api.internal.artifacts.ivyservice.ivyresolve.FilteredModuleComponentRepository@4c16e69e
2026-08-21T16:48:36.679-0300 [DEBUG] [org.gradle.api.internal.artifacts.ivyservice.ivyresolve.RepositoryChainComponentMetaDataResolver] Attempting to resolve component for org.springframework:spring-core:7.0.8 using repositories [MavenRepo]
2026-08-21T16:48:36.679-0300 [DEBUG] [org.gradle.api.internal.artifacts.ivyservice.ivyresolve.CachingModuleComponentRepository] Using cached module metadata for module 'org.springframework:spring-core:7.0.8' in 'MavenRepo'
2026-08-21T16:48:36.679-0300 [DEBUG] [org.gradle.api.internal.artifacts.ivyservice.ivyresolve.RepositoryChainComponentMetaDataResolver] Using org.springframework:spring-core:7.0.8 from org.gradle.api.internal.artifacts.ivyservice.ivyresolve.FilteredModuleComponentRepository@4c16e69e
2026-08-21T16:48:36.679-0300 [DEBUG] [org.gradle.api.internal.artifacts.ivyservice.ivyresolve.RepositoryChainComponentMetaDataResolver] Attempting to resolve component for org.springframework:spring-test:7.0.8 using repositories [MavenRepo]
2026-08-21T16:48:36.679-0300 [DEBUG] [org.gradle.api.internal.artifacts.ivyservice.ivyresolve.CachingModuleComponentRepository] Using cached module metadata for module 'org.springframework:spring-test:7.0.8' in 'MavenRepo'
2026-08-21T16:48:36.679-0300 [DEBUG] [org.gradle.api.internal.artifacts.ivyservice.ivyresolve.RepositoryChainComponentMetaDataResolver] Using org.springframework:spring-test:7.0.8 from org.gradle.api.internal.artifacts.ivyservice.ivyresolve.FilteredModuleComponentRepository@4c16e69e
2026-08-21T16:48:36.679-0300 [DEBUG] [org.gradle.api.internal.artifacts.ivyservice.ivyresolve.RepositoryChainComponentMetaDataResolver] Attempting to resolve component for org.xmlunit:xmlunit-core:2.11.0 using repositories [MavenRepo]
2026-08-21T16:48:36.679-0300 [DEBUG] [org.gradle.api.internal.artifacts.ivyservice.ivyresolve.CachingModuleComponentRepository] Using cached module metadata for module 'org.xmlunit:xmlunit-core:2.11.0' in 'MavenRepo'
2026-08-21T16:48:36.679-0300 [DEBUG] [org.gradle.api.internal.artifacts.ivyservice.ivyresolve.RepositoryChainComponentMetaDataResolver] Using org.xmlunit:xmlunit-core:2.11.0 from org.gradle.api.internal.artifacts.ivyservice.ivyresolve.FilteredModuleComponentRepository@4c16e69e
2026-08-21T16:48:36.679-0300 [DEBUG] [io.spring.gradle.dependencymanagement.internal.VersionConfiguringAction] Processing requested dependency 'ch.qos.logback:logback-classic:1.5.34' with target 'ch.qos.logback:logback-classic:1.5.34
2026-08-21T16:48:36.679-0300 [DEBUG] [io.spring.gradle.dependencymanagement.internal.DependencyManagementContainer] Found managed version '1.5.34' for dependency 'ch.qos.logback:logback-classic' in global dependency management
2026-08-21T16:48:36.679-0300 [DEBUG] [io.spring.gradle.dependencymanagement.internal.VersionConfiguringAction] Using version '1.5.34' for dependency 'ch.qos.logback:logback-classic:1.5.34'
2026-08-21T16:48:36.679-0300 [DEBUG] [io.spring.gradle.dependencymanagement.internal.VersionConfiguringAction] Processing requested dependency 'org.apache.logging.log4j:log4j-to-slf4j:2.25.4' with target 'org.apache.logging.log4j:log4j-to-slf4j:2.25.4
2026-08-21T16:48:36.679-0300 [DEBUG] [io.spring.gradle.dependencymanagement.internal.DependencyManagementContainer] Found managed version '2.25.4' for dependency 'org.apache.logging.log4j:log4j-to-slf4j' in global dependency management
2026-08-21T16:48:36.680-0300 [DEBUG] [io.spring.gradle.dependencymanagement.internal.VersionConfiguringAction] Using version '2.25.4' for dependency 'org.apache.logging.log4j:log4j-to-slf4j:2.25.4'
2026-08-21T16:48:36.680-0300 [DEBUG] [io.spring.gradle.dependencymanagement.internal.VersionConfiguringAction] Processing requested dependency 'org.slf4j:jul-to-slf4j:2.0.18' with target 'org.slf4j:jul-to-slf4j:2.0.18
2026-08-21T16:48:36.680-0300 [DEBUG] [io.spring.gradle.dependencymanagement.internal.DependencyManagementContainer] Found managed version '2.0.18' for dependency 'org.slf4j:jul-to-slf4j' in global dependency management
2026-08-21T16:48:36.680-0300 [DEBUG] [io.spring.gradle.dependencymanagement.internal.VersionConfiguringAction] Using version '2.0.18' for dependency 'org.slf4j:jul-to-slf4j:2.0.18'
2026-08-21T16:48:36.680-0300 [DEBUG] [org.gradle.api.internal.artifacts.ivyservice.ivyresolve.RepositoryChainComponentMetaDataResolver] Attempting to resolve component for ch.qos.logback:logback-classic:1.5.34 using repositories [MavenRepo]
2026-08-21T16:48:36.680-0300 [DEBUG] [org.gradle.api.internal.artifacts.ivyservice.ivyresolve.CachingModuleComponentRepository] Using cached module metadata for module 'ch.qos.logback:logback-classic:1.5.34' in 'MavenRepo'
2026-08-21T16:48:36.680-0300 [DEBUG] [org.gradle.api.internal.artifacts.ivyservice.ivyresolve.RepositoryChainComponentMetaDataResolver] Using ch.qos.logback:logback-classic:1.5.34 from org.gradle.api.internal.artifacts.ivyservice.ivyresolve.FilteredModuleComponentRepository@4c16e69e
2026-08-21T16:48:36.680-0300 [DEBUG] [org.gradle.api.internal.artifacts.ivyservice.ivyresolve.RepositoryChainComponentMetaDataResolver] Attempting to resolve component for org.apache.logging.log4j:log4j-to-slf4j:2.25.4 using repositories [MavenRepo]
2026-08-21T16:48:36.680-0300 [DEBUG] [org.gradle.api.internal.artifacts.ivyservice.ivyresolve.CachingModuleComponentRepository] Using cached module metadata for module 'org.apache.logging.log4j:log4j-to-slf4j:2.25.4' in 'MavenRepo'
2026-08-21T16:48:36.680-0300 [DEBUG] [org.gradle.api.internal.artifacts.ivyservice.ivyresolve.RepositoryChainComponentMetaDataResolver] Using org.apache.logging.log4j:log4j-to-slf4j:2.25.4 from org.gradle.api.internal.artifacts.ivyservice.ivyresolve.FilteredModuleComponentRepository@4c16e69e
2026-08-21T16:48:36.680-0300 [DEBUG] [org.gradle.api.internal.artifacts.ivyservice.ivyresolve.RepositoryChainComponentMetaDataResolver] Attempting to resolve component for org.slf4j:jul-to-slf4j:2.0.18 using repositories [MavenRepo]
2026-08-21T16:48:36.680-0300 [DEBUG] [org.gradle.api.internal.artifacts.ivyservice.ivyresolve.CachingModuleComponentRepository] Using cached module metadata for module 'org.slf4j:jul-to-slf4j:2.0.18' in 'MavenRepo'
2026-08-21T16:48:36.680-0300 [DEBUG] [org.gradle.api.internal.artifacts.ivyservice.ivyresolve.RepositoryChainComponentMetaDataResolver] Using org.slf4j:jul-to-slf4j:2.0.18 from org.gradle.api.internal.artifacts.ivyservice.ivyresolve.FilteredModuleComponentRepository@4c16e69e
2026-08-21T16:48:36.680-0300 [DEBUG] [io.spring.gradle.dependencymanagement.internal.VersionConfiguringAction] Processing requested dependency 'org.springframework.boot:spring-boot:4.1.0' with target 'org.springframework.boot:spring-boot:4.1.0
2026-08-21T16:48:36.680-0300 [DEBUG] [io.spring.gradle.dependencymanagement.internal.DependencyManagementContainer] Found managed version '4.1.0' for dependency 'org.springframework.boot:spring-boot' in global dependency management
2026-08-21T16:48:36.680-0300 [DEBUG] [io.spring.gradle.dependencymanagement.internal.VersionConfiguringAction] Using version '4.1.0' for dependency 'org.springframework.boot:spring-boot:4.1.0'
2026-08-21T16:48:36.680-0300 [DEBUG] [org.gradle.api.internal.artifacts.ivyservice.ivyresolve.RepositoryChainComponentMetaDataResolver] Attempting to resolve component for org.springframework.boot:spring-boot:4.1.0 using repositories [MavenRepo]
2026-08-21T16:48:36.680-0300 [DEBUG] [org.gradle.api.internal.artifacts.ivyservice.ivyresolve.CachingModuleComponentRepository] Using cached module metadata for module 'org.springframework.boot:spring-boot:4.1.0' in 'MavenRepo'
2026-08-21T16:48:36.680-0300 [DEBUG] [org.gradle.api.internal.artifacts.ivyservice.ivyresolve.RepositoryChainComponentMetaDataResolver] Using org.springframework.boot:spring-boot:4.1.0 from org.gradle.api.internal.artifacts.ivyservice.ivyresolve.FilteredModuleComponentRepository@4c16e69e
2026-08-21T16:48:36.680-0300 [DEBUG] [io.spring.gradle.dependencymanagement.internal.VersionConfiguringAction] Processing requested dependency 'org.springframework.boot:spring-boot-jackson:4.1.0' with target 'org.springframework.boot:spring-boot-jackson:4.1.0
2026-08-21T16:48:36.680-0300 [DEBUG] [io.spring.gradle.dependencymanagement.internal.DependencyManagementContainer] Found managed version '4.1.0' for dependency 'org.springframework.boot:spring-boot-jackson' in global dependency management
2026-08-21T16:48:36.680-0300 [DEBUG] [io.spring.gradle.dependencymanagement.internal.VersionConfiguringAction] Using version '4.1.0' for dependency 'org.springframework.boot:spring-boot-jackson:4.1.0'
2026-08-21T16:48:36.680-0300 [DEBUG] [org.gradle.api.internal.artifacts.ivyservice.ivyresolve.RepositoryChainComponentMetaDataResolver] Attempting to resolve component for org.springframework.boot:spring-boot-jackson:4.1.0 using repositories [MavenRepo]
2026-08-21T16:48:36.680-0300 [DEBUG] [org.gradle.api.internal.artifacts.ivyservice.ivyresolve.CachingModuleComponentRepository] Using cached module metadata for module 'org.springframework.boot:spring-boot-jackson:4.1.0' in 'MavenRepo'
2026-08-21T16:48:36.680-0300 [DEBUG] [org.gradle.api.internal.artifacts.ivyservice.ivyresolve.RepositoryChainComponentMetaDataResolver] Using org.springframework.boot:spring-boot-jackson:4.1.0 from org.gradle.api.internal.artifacts.ivyservice.ivyresolve.FilteredModuleComponentRepository@4c16e69e
2026-08-21T16:48:36.680-0300 [DEBUG] [io.spring.gradle.dependencymanagement.internal.VersionConfiguringAction] Processing requested dependency 'org.springframework.boot:spring-boot-starter-tomcat-runtime:4.1.0' with target 'org.springframework.boot:spring-boot-starter-tomcat-runtime:4.1.0
2026-08-21T16:48:36.680-0300 [DEBUG] [io.spring.gradle.dependencymanagement.internal.DependencyManagementContainer] Found managed version '4.1.0' for dependency 'org.springframework.boot:spring-boot-starter-tomcat-runtime' in global dependency management
2026-08-21T16:48:36.680-0300 [DEBUG] [io.spring.gradle.dependencymanagement.internal.VersionConfiguringAction] Using version '4.1.0' for dependency 'org.springframework.boot:spring-boot-starter-tomcat-runtime:4.1.0'
2026-08-21T16:48:36.680-0300 [DEBUG] [io.spring.gradle.dependencymanagement.internal.VersionConfiguringAction] Processing requested dependency 'org.springframework.boot:spring-boot-tomcat:4.1.0' with target 'org.springframework.boot:spring-boot-tomcat:4.1.0
2026-08-21T16:48:36.680-0300 [DEBUG] [io.spring.gradle.dependencymanagement.internal.DependencyManagementContainer] Found managed version '4.1.0' for dependency 'org.springframework.boot:spring-boot-tomcat' in global dependency management
2026-08-21T16:48:36.680-0300 [DEBUG] [io.spring.gradle.dependencymanagement.internal.VersionConfiguringAction] Using version '4.1.0' for dependency 'org.springframework.boot:spring-boot-tomcat:4.1.0'
2026-08-21T16:48:36.680-0300 [DEBUG] [org.gradle.api.internal.artifacts.ivyservice.ivyresolve.RepositoryChainComponentMetaDataResolver] Attempting to resolve component for org.springframework.boot:spring-boot-starter-tomcat-runtime:4.1.0 using repositories [MavenRepo]
2026-08-21T16:48:36.680-0300 [DEBUG] [org.gradle.api.internal.artifacts.ivyservice.ivyresolve.CachingModuleComponentRepository] Using cached module metadata for module 'org.springframework.boot:spring-boot-starter-tomcat-runtime:4.1.0' in 'MavenRepo'
2026-08-21T16:48:36.681-0300 [DEBUG] [org.gradle.api.internal.artifacts.ivyservice.ivyresolve.RepositoryChainComponentMetaDataResolver] Using org.springframework.boot:spring-boot-starter-tomcat-runtime:4.1.0 from org.gradle.api.internal.artifacts.ivyservice.ivyresolve.FilteredModuleComponentRepository@4c16e69e
2026-08-21T16:48:36.681-0300 [DEBUG] [org.gradle.api.internal.artifacts.ivyservice.ivyresolve.RepositoryChainComponentMetaDataResolver] Attempting to resolve component for org.springframework.boot:spring-boot-tomcat:4.1.0 using repositories [MavenRepo]
2026-08-21T16:48:36.681-0300 [DEBUG] [org.gradle.api.internal.artifacts.ivyservice.ivyresolve.CachingModuleComponentRepository] Using cached module metadata for module 'org.springframework.boot:spring-boot-tomcat:4.1.0' in 'MavenRepo'
2026-08-21T16:48:36.681-0300 [DEBUG] [org.gradle.api.internal.artifacts.ivyservice.ivyresolve.RepositoryChainComponentMetaDataResolver] Using org.springframework.boot:spring-boot-tomcat:4.1.0 from org.gradle.api.internal.artifacts.ivyservice.ivyresolve.FilteredModuleComponentRepository@4c16e69e
2026-08-21T16:48:36.681-0300 [DEBUG] [io.spring.gradle.dependencymanagement.internal.VersionConfiguringAction] Processing requested dependency 'org.springframework:spring-web:7.0.8' with target 'org.springframework:spring-web:7.0.8
2026-08-21T16:48:36.681-0300 [DEBUG] [io.spring.gradle.dependencymanagement.internal.DependencyManagementContainer] Found managed version '7.0.8' for dependency 'org.springframework:spring-web' in global dependency management
2026-08-21T16:48:36.681-0300 [DEBUG] [io.spring.gradle.dependencymanagement.internal.VersionConfiguringAction] Using version '7.0.8' for dependency 'org.springframework:spring-web:7.0.8'
2026-08-21T16:48:36.681-0300 [DEBUG] [org.gradle.api.internal.artifacts.ivyservice.ivyresolve.RepositoryChainComponentMetaDataResolver] Attempting to resolve component for org.springframework:spring-web:7.0.8 using repositories [MavenRepo]
2026-08-21T16:48:36.681-0300 [DEBUG] [org.gradle.api.internal.artifacts.ivyservice.ivyresolve.CachingModuleComponentRepository] Using cached module metadata for module 'org.springframework:spring-web:7.0.8' in 'MavenRepo'
2026-08-21T16:48:36.681-0300 [DEBUG] [org.gradle.api.internal.artifacts.ivyservice.ivyresolve.RepositoryChainComponentMetaDataResolver] Using org.springframework:spring-web:7.0.8 from org.gradle.api.internal.artifacts.ivyservice.ivyresolve.FilteredModuleComponentRepository@4c16e69e
2026-08-21T16:48:36.681-0300 [DEBUG] [io.spring.gradle.dependencymanagement.internal.VersionConfiguringAction] Processing requested dependency 'org.springframework.boot:spring-boot-servlet:4.1.0' with target 'org.springframework.boot:spring-boot-servlet:4.1.0
2026-08-21T16:48:36.681-0300 [DEBUG] [io.spring.gradle.dependencymanagement.internal.DependencyManagementContainer] Found managed version '4.1.0' for dependency 'org.springframework.boot:spring-boot-servlet' in global dependency management
2026-08-21T16:48:36.681-0300 [DEBUG] [io.spring.gradle.dependencymanagement.internal.VersionConfiguringAction] Using version '4.1.0' for dependency 'org.springframework.boot:spring-boot-servlet:4.1.0'
2026-08-21T16:48:36.681-0300 [DEBUG] [io.spring.gradle.dependencymanagement.internal.VersionConfiguringAction] Processing requested dependency 'org.springframework:spring-webmvc:7.0.8' with target 'org.springframework:spring-webmvc:7.0.8
2026-08-21T16:48:36.681-0300 [DEBUG] [io.spring.gradle.dependencymanagement.internal.DependencyManagementContainer] Found managed version '7.0.8' for dependency 'org.springframework:spring-webmvc' in global dependency management
2026-08-21T16:48:36.681-0300 [DEBUG] [io.spring.gradle.dependencymanagement.internal.VersionConfiguringAction] Using version '7.0.8' for dependency 'org.springframework:spring-webmvc:7.0.8'
2026-08-21T16:48:36.681-0300 [DEBUG] [org.gradle.api.internal.artifacts.ivyservice.ivyresolve.RepositoryChainComponentMetaDataResolver] Attempting to resolve component for org.springframework.boot:spring-boot-servlet:4.1.0 using repositories [MavenRepo]
2026-08-21T16:48:36.681-0300 [DEBUG] [org.gradle.api.internal.artifacts.ivyservice.ivyresolve.CachingModuleComponentRepository] Using cached module metadata for module 'org.springframework.boot:spring-boot-servlet:4.1.0' in 'MavenRepo'
2026-08-21T16:48:36.681-0300 [DEBUG] [org.gradle.api.internal.artifacts.ivyservice.ivyresolve.RepositoryChainComponentMetaDataResolver] Using org.springframework.boot:spring-boot-servlet:4.1.0 from org.gradle.api.internal.artifacts.ivyservice.ivyresolve.FilteredModuleComponentRepository@4c16e69e
2026-08-21T16:48:36.681-0300 [DEBUG] [org.gradle.api.internal.artifacts.ivyservice.ivyresolve.RepositoryChainComponentMetaDataResolver] Attempting to resolve component for org.springframework:spring-webmvc:7.0.8 using repositories [MavenRepo]
2026-08-21T16:48:36.681-0300 [DEBUG] [org.gradle.api.internal.artifacts.ivyservice.ivyresolve.CachingModuleComponentRepository] Using cached module metadata for module 'org.springframework:spring-webmvc:7.0.8' in 'MavenRepo'
2026-08-21T16:48:36.681-0300 [DEBUG] [org.gradle.api.internal.artifacts.ivyservice.ivyresolve.RepositoryChainComponentMetaDataResolver] Using org.springframework:spring-webmvc:7.0.8 from org.gradle.api.internal.artifacts.ivyservice.ivyresolve.FilteredModuleComponentRepository@4c16e69e
2026-08-21T16:48:36.681-0300 [DEBUG] [io.spring.gradle.dependencymanagement.internal.VersionConfiguringAction] Processing requested dependency 'com.zaxxer:HikariCP:7.0.2' with target 'com.zaxxer:HikariCP:7.0.2
2026-08-21T16:48:36.681-0300 [DEBUG] [io.spring.gradle.dependencymanagement.internal.DependencyManagementContainer] Found managed version '7.0.2' for dependency 'com.zaxxer:HikariCP' in global dependency management
2026-08-21T16:48:36.681-0300 [DEBUG] [io.spring.gradle.dependencymanagement.internal.VersionConfiguringAction] Using version '7.0.2' for dependency 'com.zaxxer:HikariCP:7.0.2'
2026-08-21T16:48:36.681-0300 [DEBUG] [org.gradle.api.internal.artifacts.ivyservice.ivyresolve.RepositoryChainComponentMetaDataResolver] Attempting to resolve component for com.zaxxer:HikariCP:7.0.2 using repositories [MavenRepo]
2026-08-21T16:48:36.681-0300 [DEBUG] [org.gradle.api.internal.artifacts.ivyservice.ivyresolve.CachingModuleComponentRepository] Using cached module metadata for module 'com.zaxxer:HikariCP:7.0.2' in 'MavenRepo'
2026-08-21T16:48:36.681-0300 [DEBUG] [org.gradle.api.internal.artifacts.ivyservice.ivyresolve.RepositoryChainComponentMetaDataResolver] Using com.zaxxer:HikariCP:7.0.2 from org.gradle.api.internal.artifacts.ivyservice.ivyresolve.FilteredModuleComponentRepository@4c16e69e
2026-08-21T16:48:36.681-0300 [DEBUG] [io.spring.gradle.dependencymanagement.internal.VersionConfiguringAction] Processing requested dependency 'org.springframework.boot:spring-boot-data-commons:4.1.0' with target 'org.springframework.boot:spring-boot-data-commons:4.1.0
2026-08-21T16:48:36.681-0300 [DEBUG] [io.spring.gradle.dependencymanagement.internal.DependencyManagementContainer] Found managed version '4.1.0' for dependency 'org.springframework.boot:spring-boot-data-commons' in global dependency management
2026-08-21T16:48:36.681-0300 [DEBUG] [io.spring.gradle.dependencymanagement.internal.VersionConfiguringAction] Using version '4.1.0' for dependency 'org.springframework.boot:spring-boot-data-commons:4.1.0'
2026-08-21T16:48:36.681-0300 [DEBUG] [io.spring.gradle.dependencymanagement.internal.VersionConfiguringAction] Processing requested dependency 'org.springframework.boot:spring-boot-hibernate:4.1.0' with target 'org.springframework.boot:spring-boot-hibernate:4.1.0
2026-08-21T16:48:36.681-0300 [DEBUG] [io.spring.gradle.dependencymanagement.internal.DependencyManagementContainer] Found managed version '4.1.0' for dependency 'org.springframework.boot:spring-boot-hibernate' in global dependency management
2026-08-21T16:48:36.681-0300 [DEBUG] [io.spring.gradle.dependencymanagement.internal.VersionConfiguringAction] Using version '4.1.0' for dependency 'org.springframework.boot:spring-boot-hibernate:4.1.0'
2026-08-21T16:48:36.681-0300 [DEBUG] [io.spring.gradle.dependencymanagement.internal.VersionConfiguringAction] Processing requested dependency 'org.springframework.data:spring-data-jpa:4.1.0' with target 'org.springframework.data:spring-data-jpa:4.1.0
2026-08-21T16:48:36.682-0300 [DEBUG] [io.spring.gradle.dependencymanagement.internal.DependencyManagementContainer] Found managed version '4.1.0' for dependency 'org.springframework.data:spring-data-jpa' in global dependency management
2026-08-21T16:48:36.682-0300 [DEBUG] [io.spring.gradle.dependencymanagement.internal.VersionConfiguringAction] Using version '4.1.0' for dependency 'org.springframework.data:spring-data-jpa:4.1.0'
2026-08-21T16:48:36.682-0300 [DEBUG] [io.spring.gradle.dependencymanagement.internal.VersionConfiguringAction] Processing requested dependency 'org.springframework:spring-aspects:7.0.8' with target 'org.springframework:spring-aspects:7.0.8
2026-08-21T16:48:36.682-0300 [DEBUG] [io.spring.gradle.dependencymanagement.internal.DependencyManagementContainer] Found managed version '7.0.8' for dependency 'org.springframework:spring-aspects' in global dependency management
2026-08-21T16:48:36.682-0300 [DEBUG] [io.spring.gradle.dependencymanagement.internal.VersionConfiguringAction] Using version '7.0.8' for dependency 'org.springframework:spring-aspects:7.0.8'
2026-08-21T16:48:36.682-0300 [DEBUG] [org.gradle.api.internal.artifacts.ivyservice.ivyresolve.RepositoryChainComponentMetaDataResolver] Attempting to resolve component for org.springframework.boot:spring-boot-data-commons:4.1.0 using repositories [MavenRepo]
2026-08-21T16:48:36.682-0300 [DEBUG] [org.gradle.api.internal.artifacts.ivyservice.ivyresolve.CachingModuleComponentRepository] Using cached module metadata for module 'org.springframework.boot:spring-boot-data-commons:4.1.0' in 'MavenRepo'
2026-08-21T16:48:36.682-0300 [DEBUG] [org.gradle.api.internal.artifacts.ivyservice.ivyresolve.RepositoryChainComponentMetaDataResolver] Using org.springframework.boot:spring-boot-data-commons:4.1.0 from org.gradle.api.internal.artifacts.ivyservice.ivyresolve.FilteredModuleComponentRepository@4c16e69e
2026-08-21T16:48:36.682-0300 [DEBUG] [org.gradle.api.internal.artifacts.ivyservice.ivyresolve.RepositoryChainComponentMetaDataResolver] Attempting to resolve component for org.springframework.boot:spring-boot-hibernate:4.1.0 using repositories [MavenRepo]
2026-08-21T16:48:36.682-0300 [DEBUG] [org.gradle.api.internal.artifacts.ivyservice.ivyresolve.CachingModuleComponentRepository] Using cached module metadata for module 'org.springframework.boot:spring-boot-hibernate:4.1.0' in 'MavenRepo'
2026-08-21T16:48:36.682-0300 [DEBUG] [org.gradle.api.internal.artifacts.ivyservice.ivyresolve.RepositoryChainComponentMetaDataResolver] Using org.springframework.boot:spring-boot-hibernate:4.1.0 from org.gradle.api.internal.artifacts.ivyservice.ivyresolve.FilteredModuleComponentRepository@4c16e69e
2026-08-21T16:48:36.682-0300 [DEBUG] [org.gradle.api.internal.artifacts.ivyservice.ivyresolve.RepositoryChainComponentMetaDataResolver] Attempting to resolve component for org.springframework.data:spring-data-jpa:4.1.0 using repositories [MavenRepo]
2026-08-21T16:48:36.682-0300 [DEBUG] [org.gradle.api.internal.artifacts.ivyservice.ivyresolve.CachingModuleComponentRepository] Using cached module metadata for module 'org.springframework.data:spring-data-jpa:4.1.0' in 'MavenRepo'
2026-08-21T16:48:36.682-0300 [DEBUG] [org.gradle.api.internal.artifacts.ivyservice.ivyresolve.RepositoryChainComponentMetaDataResolver] Using org.springframework.data:spring-data-jpa:4.1.0 from org.gradle.api.internal.artifacts.ivyservice.ivyresolve.FilteredModuleComponentRepository@4c16e69e
2026-08-21T16:48:36.682-0300 [DEBUG] [org.gradle.api.internal.artifacts.ivyservice.ivyresolve.RepositoryChainComponentMetaDataResolver] Attempting to resolve component for org.springframework:spring-aspects:7.0.8 using repositories [MavenRepo]
2026-08-21T16:48:36.682-0300 [DEBUG] [org.gradle.api.internal.artifacts.ivyservice.ivyresolve.CachingModuleComponentRepository] Using cached module metadata for module 'org.springframework:spring-aspects:7.0.8' in 'MavenRepo'
2026-08-21T16:48:36.682-0300 [DEBUG] [org.gradle.api.internal.artifacts.ivyservice.ivyresolve.RepositoryChainComponentMetaDataResolver] Using org.springframework:spring-aspects:7.0.8 from org.gradle.api.internal.artifacts.ivyservice.ivyresolve.FilteredModuleComponentRepository@4c16e69e
2026-08-21T16:48:36.682-0300 [DEBUG] [io.spring.gradle.dependencymanagement.internal.VersionConfiguringAction] Processing requested dependency 'org.springframework.boot:spring-boot-sql:4.1.0' with target 'org.springframework.boot:spring-boot-sql:4.1.0
2026-08-21T16:48:36.682-0300 [DEBUG] [io.spring.gradle.dependencymanagement.internal.DependencyManagementContainer] Found managed version '4.1.0' for dependency 'org.springframework.boot:spring-boot-sql' in global dependency management
2026-08-21T16:48:36.682-0300 [DEBUG] [io.spring.gradle.dependencymanagement.internal.VersionConfiguringAction] Using version '4.1.0' for dependency 'org.springframework.boot:spring-boot-sql:4.1.0'
2026-08-21T16:48:36.682-0300 [DEBUG] [io.spring.gradle.dependencymanagement.internal.VersionConfiguringAction] Processing requested dependency 'org.springframework.boot:spring-boot-transaction:4.1.0' with target 'org.springframework.boot:spring-boot-transaction:4.1.0
2026-08-21T16:48:36.682-0300 [DEBUG] [io.spring.gradle.dependencymanagement.internal.DependencyManagementContainer] Found managed version '4.1.0' for dependency 'org.springframework.boot:spring-boot-transaction' in global dependency management
2026-08-21T16:48:36.682-0300 [DEBUG] [io.spring.gradle.dependencymanagement.internal.VersionConfiguringAction] Using version '4.1.0' for dependency 'org.springframework.boot:spring-boot-transaction:4.1.0'
2026-08-21T16:48:36.682-0300 [DEBUG] [io.spring.gradle.dependencymanagement.internal.VersionConfiguringAction] Processing requested dependency 'org.springframework:spring-jdbc:7.0.8' with target 'org.springframework:spring-jdbc:7.0.8
2026-08-21T16:48:36.682-0300 [DEBUG] [io.spring.gradle.dependencymanagement.internal.DependencyManagementContainer] Found managed version '7.0.8' for dependency 'org.springframework:spring-jdbc' in global dependency management
2026-08-21T16:48:36.682-0300 [DEBUG] [io.spring.gradle.dependencymanagement.internal.VersionConfiguringAction] Using version '7.0.8' for dependency 'org.springframework:spring-jdbc:7.0.8'
2026-08-21T16:48:36.682-0300 [DEBUG] [org.gradle.api.internal.artifacts.ivyservice.ivyresolve.RepositoryChainComponentMetaDataResolver] Attempting to resolve component for org.springframework.boot:spring-boot-sql:4.1.0 using repositories [MavenRepo]
2026-08-21T16:48:36.682-0300 [DEBUG] [org.gradle.api.internal.artifacts.ivyservice.ivyresolve.CachingModuleComponentRepository] Using cached module metadata for module 'org.springframework.boot:spring-boot-sql:4.1.0' in 'MavenRepo'
2026-08-21T16:48:36.682-0300 [DEBUG] [org.gradle.api.internal.artifacts.ivyservice.ivyresolve.RepositoryChainComponentMetaDataResolver] Using org.springframework.boot:spring-boot-sql:4.1.0 from org.gradle.api.internal.artifacts.ivyservice.ivyresolve.FilteredModuleComponentRepository@4c16e69e
2026-08-21T16:48:36.682-0300 [DEBUG] [org.gradle.api.internal.artifacts.ivyservice.ivyresolve.RepositoryChainComponentMetaDataResolver] Attempting to resolve component for org.springframework.boot:spring-boot-transaction:4.1.0 using repositories [MavenRepo]
2026-08-21T16:48:36.682-0300 [DEBUG] [org.gradle.api.internal.artifacts.ivyservice.ivyresolve.CachingModuleComponentRepository] Using cached module metadata for module 'org.springframework.boot:spring-boot-transaction:4.1.0' in 'MavenRepo'
2026-08-21T16:48:36.682-0300 [DEBUG] [org.gradle.api.internal.artifacts.ivyservice.ivyresolve.RepositoryChainComponentMetaDataResolver] Using org.springframework.boot:spring-boot-transaction:4.1.0 from org.gradle.api.internal.artifacts.ivyservice.ivyresolve.FilteredModuleComponentRepository@4c16e69e
2026-08-21T16:48:36.682-0300 [DEBUG] [org.gradle.api.internal.artifacts.ivyservice.ivyresolve.RepositoryChainComponentMetaDataResolver] Attempting to resolve component for org.springframework:spring-jdbc:7.0.8 using repositories [MavenRepo]
2026-08-21T16:48:36.682-0300 [DEBUG] [org.gradle.api.internal.artifacts.ivyservice.ivyresolve.CachingModuleComponentRepository] Using cached module metadata for module 'org.springframework:spring-jdbc:7.0.8' in 'MavenRepo'
2026-08-21T16:48:36.682-0300 [DEBUG] [org.gradle.api.internal.artifacts.ivyservice.ivyresolve.RepositoryChainComponentMetaDataResolver] Using org.springframework:spring-jdbc:7.0.8 from org.gradle.api.internal.artifacts.ivyservice.ivyresolve.FilteredModuleComponentRepository@4c16e69e
2026-08-21T16:48:36.682-0300 [DEBUG] [io.spring.gradle.dependencymanagement.internal.VersionConfiguringAction] Processing requested dependency 'com.fasterxml.jackson.core:jackson-annotations:2.21' with target 'com.fasterxml.jackson.core:jackson-annotations:2.21
2026-08-21T16:48:36.683-0300 [DEBUG] [io.spring.gradle.dependencymanagement.internal.DependencyManagementContainer] Found managed version '2.21' for dependency 'com.fasterxml.jackson.core:jackson-annotations' in global dependency management
2026-08-21T16:48:36.683-0300 [DEBUG] [io.spring.gradle.dependencymanagement.internal.VersionConfiguringAction] Using version '2.21' for dependency 'com.fasterxml.jackson.core:jackson-annotations:2.21'
2026-08-21T16:48:36.683-0300 [DEBUG] [io.spring.gradle.dependencymanagement.internal.VersionConfiguringAction] Processing requested dependency 'tools.jackson.core:jackson-core:3.1.4' with target 'tools.jackson.core:jackson-core:3.1.4
2026-08-21T16:48:36.683-0300 [DEBUG] [io.spring.gradle.dependencymanagement.internal.DependencyManagementContainer] Found managed version '3.1.4' for dependency 'tools.jackson.core:jackson-core' in global dependency management
2026-08-21T16:48:36.683-0300 [DEBUG] [io.spring.gradle.dependencymanagement.internal.VersionConfiguringAction] Using version '3.1.4' for dependency 'tools.jackson.core:jackson-core:3.1.4'
2026-08-21T16:48:36.683-0300 [DEBUG] [io.spring.gradle.dependencymanagement.internal.VersionConfiguringAction] Processing requested dependency 'tools.jackson:jackson-bom:3.1.4' with target 'tools.jackson:jackson-bom:3.1.4
2026-08-21T16:48:36.683-0300 [DEBUG] [io.spring.gradle.dependencymanagement.internal.VersionConfiguringAction] No dependency management for dependency 'tools.jackson:jackson-bom:3.1.4'
2026-08-21T16:48:36.683-0300 [DEBUG] [org.gradle.api.internal.artifacts.ivyservice.ivyresolve.RepositoryChainComponentMetaDataResolver] Attempting to resolve component for com.fasterxml.jackson.core:jackson-annotations:2.21 using repositories [MavenRepo]
2026-08-21T16:48:36.683-0300 [DEBUG] [org.gradle.api.internal.artifacts.ivyservice.ivyresolve.CachingModuleComponentRepository] Using cached module metadata for module 'com.fasterxml.jackson.core:jackson-annotations:2.21' in 'MavenRepo'
2026-08-21T16:48:36.683-0300 [DEBUG] [org.gradle.api.internal.artifacts.ivyservice.ivyresolve.RepositoryChainComponentMetaDataResolver] Using com.fasterxml.jackson.core:jackson-annotations:2.21 from org.gradle.api.internal.artifacts.ivyservice.ivyresolve.FilteredModuleComponentRepository@4c16e69e
2026-08-21T16:48:36.683-0300 [DEBUG] [org.gradle.api.internal.artifacts.ivyservice.ivyresolve.RepositoryChainComponentMetaDataResolver] Attempting to resolve component for tools.jackson.core:jackson-core:3.1.4 using repositories [MavenRepo]
2026-08-21T16:48:36.683-0300 [DEBUG] [org.gradle.api.internal.artifacts.ivyservice.ivyresolve.CachingModuleComponentRepository] Using cached module metadata for module 'tools.jackson.core:jackson-core:3.1.4' in 'MavenRepo'
2026-08-21T16:48:36.683-0300 [DEBUG] [org.gradle.api.internal.artifacts.ivyservice.ivyresolve.RepositoryChainComponentMetaDataResolver] Using tools.jackson.core:jackson-core:3.1.4 from org.gradle.api.internal.artifacts.ivyservice.ivyresolve.FilteredModuleComponentRepository@4c16e69e
2026-08-21T16:48:36.683-0300 [DEBUG] [org.gradle.api.internal.artifacts.ivyservice.ivyresolve.RepositoryChainComponentMetaDataResolver] Attempting to resolve component for tools.jackson:jackson-bom:3.1.4 using repositories [MavenRepo]
2026-08-21T16:48:36.683-0300 [DEBUG] [org.gradle.api.internal.artifacts.ivyservice.ivyresolve.CachingModuleComponentRepository] Using cached module metadata for module 'tools.jackson:jackson-bom:3.1.4' in 'MavenRepo'
2026-08-21T16:48:36.683-0300 [DEBUG] [org.gradle.api.internal.artifacts.ivyservice.ivyresolve.RepositoryChainComponentMetaDataResolver] Using tools.jackson:jackson-bom:3.1.4 from org.gradle.api.internal.artifacts.ivyservice.ivyresolve.FilteredModuleComponentRepository@4c16e69e
2026-08-21T16:48:36.683-0300 [DEBUG] [io.spring.gradle.dependencymanagement.internal.VersionConfiguringAction] Processing requested dependency 'tools.jackson.core:jackson-databind:3.1.4' with target 'tools.jackson.core:jackson-databind:3.1.4
2026-08-21T16:48:36.683-0300 [DEBUG] [io.spring.gradle.dependencymanagement.internal.DependencyManagementContainer] Found managed version '3.1.4' for dependency 'tools.jackson.core:jackson-databind' in global dependency management
2026-08-21T16:48:36.683-0300 [DEBUG] [io.spring.gradle.dependencymanagement.internal.VersionConfiguringAction] Using version '3.1.4' for dependency 'tools.jackson.core:jackson-databind:3.1.4'
2026-08-21T16:48:36.683-0300 [DEBUG] [io.spring.gradle.dependencymanagement.internal.VersionConfiguringAction] Processing requested dependency 'tools.jackson.dataformat:jackson-dataformat-avro:3.1.4' with target 'tools.jackson.dataformat:jackson-dataformat-avro:3.1.4
2026-08-21T16:48:36.683-0300 [DEBUG] [io.spring.gradle.dependencymanagement.internal.DependencyManagementContainer] Found managed version '3.1.4' for dependency 'tools.jackson.dataformat:jackson-dataformat-avro' in global dependency management
2026-08-21T16:48:36.683-0300 [DEBUG] [io.spring.gradle.dependencymanagement.internal.VersionConfiguringAction] Using version '3.1.4' for dependency 'tools.jackson.dataformat:jackson-dataformat-avro:3.1.4'
2026-08-21T16:48:36.683-0300 [DEBUG] [io.spring.gradle.dependencymanagement.internal.VersionConfiguringAction] Processing requested dependency 'tools.jackson.dataformat:jackson-dataformat-cbor:3.1.4' with target 'tools.jackson.dataformat:jackson-dataformat-cbor:3.1.4
2026-08-21T16:48:36.683-0300 [DEBUG] [io.spring.gradle.dependencymanagement.internal.DependencyManagementContainer] Found managed version '3.1.4' for dependency 'tools.jackson.dataformat:jackson-dataformat-cbor' in global dependency management
2026-08-21T16:48:36.683-0300 [DEBUG] [io.spring.gradle.dependencymanagement.internal.VersionConfiguringAction] Using version '3.1.4' for dependency 'tools.jackson.dataformat:jackson-dataformat-cbor:3.1.4'
2026-08-21T16:48:36.683-0300 [DEBUG] [io.spring.gradle.dependencymanagement.internal.VersionConfiguringAction] Processing requested dependency 'tools.jackson.dataformat:jackson-dataformat-csv:3.1.4' with target 'tools.jackson.dataformat:jackson-dataformat-csv:3.1.4
2026-08-21T16:48:36.683-0300 [DEBUG] [io.spring.gradle.dependencymanagement.internal.DependencyManagementContainer] Found managed version '3.1.4' for dependency 'tools.jackson.dataformat:jackson-dataformat-csv' in global dependency management
2026-08-21T16:48:36.683-0300 [DEBUG] [io.spring.gradle.dependencymanagement.internal.VersionConfiguringAction] Using version '3.1.4' for dependency 'tools.jackson.dataformat:jackson-dataformat-csv:3.1.4'
2026-08-21T16:48:36.683-0300 [DEBUG] [io.spring.gradle.dependencymanagement.internal.VersionConfiguringAction] Processing requested dependency 'tools.jackson.dataformat:jackson-dataformat-ion:3.1.4' with target 'tools.jackson.dataformat:jackson-dataformat-ion:3.1.4
2026-08-21T16:48:36.683-0300 [DEBUG] [io.spring.gradle.dependencymanagement.internal.DependencyManagementContainer] Found managed version '3.1.4' for dependency 'tools.jackson.dataformat:jackson-dataformat-ion' in global dependency management
2026-08-21T16:48:36.683-0300 [DEBUG] [io.spring.gradle.dependencymanagement.internal.VersionConfiguringAction] Using version '3.1.4' for dependency 'tools.jackson.dataformat:jackson-dataformat-ion:3.1.4'
2026-08-21T16:48:36.683-0300 [DEBUG] [io.spring.gradle.dependencymanagement.internal.VersionConfiguringAction] Processing requested dependency 'tools.jackson.dataformat:jackson-dataformat-properties:3.1.4' with target 'tools.jackson.dataformat:jackson-dataformat-properties:3.1.4
2026-08-21T16:48:36.683-0300 [DEBUG] [io.spring.gradle.dependencymanagement.internal.DependencyManagementContainer] Found managed version '3.1.4' for dependency 'tools.jackson.dataformat:jackson-dataformat-properties' in global dependency management
2026-08-21T16:48:36.683-0300 [DEBUG] [io.spring.gradle.dependencymanagement.internal.VersionConfiguringAction] Using version '3.1.4' for dependency 'tools.jackson.dataformat:jackson-dataformat-properties:3.1.4'
2026-08-21T16:48:36.683-0300 [DEBUG] [io.spring.gradle.dependencymanagement.internal.VersionConfiguringAction] Processing requested dependency 'tools.jackson.dataformat:jackson-dataformat-protobuf:3.1.4' with target 'tools.jackson.dataformat:jackson-dataformat-protobuf:3.1.4
2026-08-21T16:48:36.684-0300 [DEBUG] [io.spring.gradle.dependencymanagement.internal.DependencyManagementContainer] Found managed version '3.1.4' for dependency 'tools.jackson.dataformat:jackson-dataformat-protobuf' in global dependency management
2026-08-21T16:48:36.684-0300 [DEBUG] [io.spring.gradle.dependencymanagement.internal.VersionConfiguringAction] Using version '3.1.4' for dependency 'tools.jackson.dataformat:jackson-dataformat-protobuf:3.1.4'
2026-08-21T16:48:36.684-0300 [DEBUG] [io.spring.gradle.dependencymanagement.internal.VersionConfiguringAction] Processing requested dependency 'tools.jackson.dataformat:jackson-dataformat-smile:3.1.4' with target 'tools.jackson.dataformat:jackson-dataformat-smile:3.1.4
2026-08-21T16:48:36.684-0300 [DEBUG] [io.spring.gradle.dependencymanagement.internal.DependencyManagementContainer] Found managed version '3.1.4' for dependency 'tools.jackson.dataformat:jackson-dataformat-smile' in global dependency management
2026-08-21T16:48:36.684-0300 [DEBUG] [io.spring.gradle.dependencymanagement.internal.VersionConfiguringAction] Using version '3.1.4' for dependency 'tools.jackson.dataformat:jackson-dataformat-smile:3.1.4'
2026-08-21T16:48:36.684-0300 [DEBUG] [io.spring.gradle.dependencymanagement.internal.VersionConfiguringAction] Processing requested dependency 'tools.jackson.dataformat:jackson-dataformat-toml:3.1.4' with target 'tools.jackson.dataformat:jackson-dataformat-toml:3.1.4
2026-08-21T16:48:36.684-0300 [DEBUG] [io.spring.gradle.dependencymanagement.internal.DependencyManagementContainer] Found managed version '3.1.4' for dependency 'tools.jackson.dataformat:jackson-dataformat-toml' in global dependency management
2026-08-21T16:48:36.684-0300 [DEBUG] [io.spring.gradle.dependencymanagement.internal.VersionConfiguringAction] Using version '3.1.4' for dependency 'tools.jackson.dataformat:jackson-dataformat-toml:3.1.4'
2026-08-21T16:48:36.684-0300 [DEBUG] [io.spring.gradle.dependencymanagement.internal.VersionConfiguringAction] Processing requested dependency 'tools.jackson.dataformat:jackson-dataformat-xml:3.1.4' with target 'tools.jackson.dataformat:jackson-dataformat-xml:3.1.4
2026-08-21T16:48:36.684-0300 [DEBUG] [io.spring.gradle.dependencymanagement.internal.DependencyManagementContainer] Found managed version '3.1.4' for dependency 'tools.jackson.dataformat:jackson-dataformat-xml' in global dependency management
2026-08-21T16:48:36.684-0300 [DEBUG] [io.spring.gradle.dependencymanagement.internal.VersionConfiguringAction] Using version '3.1.4' for dependency 'tools.jackson.dataformat:jackson-dataformat-xml:3.1.4'
2026-08-21T16:48:36.684-0300 [DEBUG] [io.spring.gradle.dependencymanagement.internal.VersionConfiguringAction] Processing requested dependency 'tools.jackson.dataformat:jackson-dataformat-yaml:3.1.4' with target 'tools.jackson.dataformat:jackson-dataformat-yaml:3.1.4
2026-08-21T16:48:36.684-0300 [DEBUG] [io.spring.gradle.dependencymanagement.internal.DependencyManagementContainer] Found managed version '3.1.4' for dependency 'tools.jackson.dataformat:jackson-dataformat-yaml' in global dependency management
2026-08-21T16:48:36.684-0300 [DEBUG] [io.spring.gradle.dependencymanagement.internal.VersionConfiguringAction] Using version '3.1.4' for dependency 'tools.jackson.dataformat:jackson-dataformat-yaml:3.1.4'
2026-08-21T16:48:36.684-0300 [DEBUG] [io.spring.gradle.dependencymanagement.internal.VersionConfiguringAction] Processing requested dependency 'tools.jackson.datatype:jackson-datatype-eclipse-collections:3.1.4' with target 'tools.jackson.datatype:jackson-datatype-eclipse-collections:3.1.4
2026-08-21T16:48:36.684-0300 [DEBUG] [io.spring.gradle.dependencymanagement.internal.DependencyManagementContainer] Found managed version '3.1.4' for dependency 'tools.jackson.datatype:jackson-datatype-eclipse-collections' in global dependency management
2026-08-21T16:48:36.684-0300 [DEBUG] [io.spring.gradle.dependencymanagement.internal.VersionConfiguringAction] Using version '3.1.4' for dependency 'tools.jackson.datatype:jackson-datatype-eclipse-collections:3.1.4'
2026-08-21T16:48:36.684-0300 [DEBUG] [io.spring.gradle.dependencymanagement.internal.VersionConfiguringAction] Processing requested dependency 'tools.jackson.datatype:jackson-datatype-guava:3.1.4' with target 'tools.jackson.datatype:jackson-datatype-guava:3.1.4
2026-08-21T16:48:36.684-0300 [DEBUG] [io.spring.gradle.dependencymanagement.internal.DependencyManagementContainer] Found managed version '3.1.4' for dependency 'tools.jackson.datatype:jackson-datatype-guava' in global dependency management
2026-08-21T16:48:36.684-0300 [DEBUG] [io.spring.gradle.dependencymanagement.internal.VersionConfiguringAction] Using version '3.1.4' for dependency 'tools.jackson.datatype:jackson-datatype-guava:3.1.4'
2026-08-21T16:48:36.684-0300 [DEBUG] [io.spring.gradle.dependencymanagement.internal.VersionConfiguringAction] Processing requested dependency 'tools.jackson.datatype:jackson-datatype-hibernate4:3.1.4' with target 'tools.jackson.datatype:jackson-datatype-hibernate4:3.1.4
2026-08-21T16:48:36.684-0300 [DEBUG] [io.spring.gradle.dependencymanagement.internal.DependencyManagementContainer] Found managed version '3.1.4' for dependency 'tools.jackson.datatype:jackson-datatype-hibernate4' in global dependency management
2026-08-21T16:48:36.684-0300 [DEBUG] [io.spring.gradle.dependencymanagement.internal.VersionConfiguringAction] Using version '3.1.4' for dependency 'tools.jackson.datatype:jackson-datatype-hibernate4:3.1.4'
2026-08-21T16:48:36.684-0300 [DEBUG] [io.spring.gradle.dependencymanagement.internal.VersionConfiguringAction] Processing requested dependency 'tools.jackson.datatype:jackson-datatype-hibernate5:3.1.4' with target 'tools.jackson.datatype:jackson-datatype-hibernate5:3.1.4
2026-08-21T16:48:36.684-0300 [DEBUG] [io.spring.gradle.dependencymanagement.internal.DependencyManagementContainer] Found managed version '3.1.4' for dependency 'tools.jackson.datatype:jackson-datatype-hibernate5' in global dependency management
2026-08-21T16:48:36.684-0300 [DEBUG] [io.spring.gradle.dependencymanagement.internal.VersionConfiguringAction] Using version '3.1.4' for dependency 'tools.jackson.datatype:jackson-datatype-hibernate5:3.1.4'
2026-08-21T16:48:36.684-0300 [DEBUG] [io.spring.gradle.dependencymanagement.internal.VersionConfiguringAction] Processing requested dependency 'tools.jackson.datatype:jackson-datatype-hibernate5-jakarta:3.1.4' with target 'tools.jackson.datatype:jackson-datatype-hibernate5-jakarta:3.1.4
2026-08-21T16:48:36.684-0300 [DEBUG] [io.spring.gradle.dependencymanagement.internal.DependencyManagementContainer] Found managed version '3.1.4' for dependency 'tools.jackson.datatype:jackson-datatype-hibernate5-jakarta' in global dependency management
2026-08-21T16:48:36.684-0300 [DEBUG] [io.spring.gradle.dependencymanagement.internal.VersionConfiguringAction] Using version '3.1.4' for dependency 'tools.jackson.datatype:jackson-datatype-hibernate5-jakarta:3.1.4'
2026-08-21T16:48:36.684-0300 [DEBUG] [io.spring.gradle.dependencymanagement.internal.VersionConfiguringAction] Processing requested dependency 'tools.jackson.datatype:jackson-datatype-hibernate6:3.1.4' with target 'tools.jackson.datatype:jackson-datatype-hibernate6:3.1.4
2026-08-21T16:48:36.684-0300 [DEBUG] [io.spring.gradle.dependencymanagement.internal.DependencyManagementContainer] Found managed version '3.1.4' for dependency 'tools.jackson.datatype:jackson-datatype-hibernate6' in global dependency management
2026-08-21T16:48:36.684-0300 [DEBUG] [io.spring.gradle.dependencymanagement.internal.VersionConfiguringAction] Using version '3.1.4' for dependency 'tools.jackson.datatype:jackson-datatype-hibernate6:3.1.4'
2026-08-21T16:48:36.684-0300 [DEBUG] [io.spring.gradle.dependencymanagement.internal.VersionConfiguringAction] Processing requested dependency 'tools.jackson.datatype:jackson-datatype-hibernate7:3.1.4' with target 'tools.jackson.datatype:jackson-datatype-hibernate7:3.1.4
2026-08-21T16:48:36.684-0300 [DEBUG] [io.spring.gradle.dependencymanagement.internal.DependencyManagementContainer] Found managed version '3.1.4' for dependency 'tools.jackson.datatype:jackson-datatype-hibernate7' in global dependency management
2026-08-21T16:48:36.684-0300 [DEBUG] [io.spring.gradle.dependencymanagement.internal.VersionConfiguringAction] Using version '3.1.4' for dependency 'tools.jackson.datatype:jackson-datatype-hibernate7:3.1.4'
2026-08-21T16:48:36.684-0300 [DEBUG] [io.spring.gradle.dependencymanagement.internal.VersionConfiguringAction] Processing requested dependency 'tools.jackson.datatype:jackson-datatype-hppc:3.1.4' with target 'tools.jackson.datatype:jackson-datatype-hppc:3.1.4
2026-08-21T16:48:36.684-0300 [DEBUG] [io.spring.gradle.dependencymanagement.internal.DependencyManagementContainer] Found managed version '3.1.4' for dependency 'tools.jackson.datatype:jackson-datatype-hppc' in global dependency management
2026-08-21T16:48:36.685-0300 [DEBUG] [io.spring.gradle.dependencymanagement.internal.VersionConfiguringAction] Using version '3.1.4' for dependency 'tools.jackson.datatype:jackson-datatype-hppc:3.1.4'
2026-08-21T16:48:36.685-0300 [DEBUG] [io.spring.gradle.dependencymanagement.internal.VersionConfiguringAction] Processing requested dependency 'tools.jackson.datatype:jackson-datatype-javax-money:3.1.4' with target 'tools.jackson.datatype:jackson-datatype-javax-money:3.1.4
2026-08-21T16:48:36.685-0300 [DEBUG] [io.spring.gradle.dependencymanagement.internal.DependencyManagementContainer] Found managed version '3.1.4' for dependency 'tools.jackson.datatype:jackson-datatype-javax-money' in global dependency management
2026-08-21T16:48:36.685-0300 [DEBUG] [io.spring.gradle.dependencymanagement.internal.VersionConfiguringAction] Using version '3.1.4' for dependency 'tools.jackson.datatype:jackson-datatype-javax-money:3.1.4'
2026-08-21T16:48:36.685-0300 [DEBUG] [io.spring.gradle.dependencymanagement.internal.VersionConfiguringAction] Processing requested dependency 'tools.jackson.datatype:jackson-datatype-jakarta-jsonp:3.1.4' with target 'tools.jackson.datatype:jackson-datatype-jakarta-jsonp:3.1.4
2026-08-21T16:48:36.685-0300 [DEBUG] [io.spring.gradle.dependencymanagement.internal.DependencyManagementContainer] Found managed version '3.1.4' for dependency 'tools.jackson.datatype:jackson-datatype-jakarta-jsonp' in global dependency management
2026-08-21T16:48:36.685-0300 [DEBUG] [io.spring.gradle.dependencymanagement.internal.VersionConfiguringAction] Using version '3.1.4' for dependency 'tools.jackson.datatype:jackson-datatype-jakarta-jsonp:3.1.4'
2026-08-21T16:48:36.685-0300 [DEBUG] [io.spring.gradle.dependencymanagement.internal.VersionConfiguringAction] Processing requested dependency 'tools.jackson.datatype:jackson-datatype-jaxrs:3.1.4' with target 'tools.jackson.datatype:jackson-datatype-jaxrs:3.1.4
2026-08-21T16:48:36.685-0300 [DEBUG] [io.spring.gradle.dependencymanagement.internal.DependencyManagementContainer] Found managed version '3.1.4' for dependency 'tools.jackson.datatype:jackson-datatype-jaxrs' in global dependency management
2026-08-21T16:48:36.685-0300 [DEBUG] [io.spring.gradle.dependencymanagement.internal.VersionConfiguringAction] Using version '3.1.4' for dependency 'tools.jackson.datatype:jackson-datatype-jaxrs:3.1.4'
2026-08-21T16:48:36.685-0300 [DEBUG] [io.spring.gradle.dependencymanagement.internal.VersionConfiguringAction] Processing requested dependency 'tools.jackson.datatype:jackson-datatype-joda:3.1.4' with target 'tools.jackson.datatype:jackson-datatype-joda:3.1.4
2026-08-21T16:48:36.685-0300 [DEBUG] [io.spring.gradle.dependencymanagement.internal.DependencyManagementContainer] Found managed version '3.1.4' for dependency 'tools.jackson.datatype:jackson-datatype-joda' in global dependency management
2026-08-21T16:48:36.685-0300 [DEBUG] [io.spring.gradle.dependencymanagement.internal.VersionConfiguringAction] Using version '3.1.4' for dependency 'tools.jackson.datatype:jackson-datatype-joda:3.1.4'
2026-08-21T16:48:36.685-0300 [DEBUG] [io.spring.gradle.dependencymanagement.internal.VersionConfiguringAction] Processing requested dependency 'tools.jackson.datatype:jackson-datatype-joda-money:3.1.4' with target 'tools.jackson.datatype:jackson-datatype-joda-money:3.1.4
2026-08-21T16:48:36.685-0300 [DEBUG] [io.spring.gradle.dependencymanagement.internal.DependencyManagementContainer] Found managed version '3.1.4' for dependency 'tools.jackson.datatype:jackson-datatype-joda-money' in global dependency management
2026-08-21T16:48:36.685-0300 [DEBUG] [io.spring.gradle.dependencymanagement.internal.VersionConfiguringAction] Using version '3.1.4' for dependency 'tools.jackson.datatype:jackson-datatype-joda-money:3.1.4'
2026-08-21T16:48:36.685-0300 [DEBUG] [io.spring.gradle.dependencymanagement.internal.VersionConfiguringAction] Processing requested dependency 'tools.jackson.datatype:jackson-datatype-json-org:3.1.4' with target 'tools.jackson.datatype:jackson-datatype-json-org:3.1.4
2026-08-21T16:48:36.685-0300 [DEBUG] [io.spring.gradle.dependencymanagement.internal.DependencyManagementContainer] Found managed version '3.1.4' for dependency 'tools.jackson.datatype:jackson-datatype-json-org' in global dependency management
2026-08-21T16:48:36.685-0300 [DEBUG] [io.spring.gradle.dependencymanagement.internal.VersionConfiguringAction] Using version '3.1.4' for dependency 'tools.jackson.datatype:jackson-datatype-json-org:3.1.4'
2026-08-21T16:48:36.685-0300 [DEBUG] [io.spring.gradle.dependencymanagement.internal.VersionConfiguringAction] Processing requested dependency 'tools.jackson.datatype:jackson-datatype-jsr353:3.1.4' with target 'tools.jackson.datatype:jackson-datatype-jsr353:3.1.4
2026-08-21T16:48:36.685-0300 [DEBUG] [io.spring.gradle.dependencymanagement.internal.DependencyManagementContainer] Found managed version '3.1.4' for dependency 'tools.jackson.datatype:jackson-datatype-jsr353' in global dependency management
2026-08-21T16:48:36.685-0300 [DEBUG] [io.spring.gradle.dependencymanagement.internal.VersionConfiguringAction] Using version '3.1.4' for dependency 'tools.jackson.datatype:jackson-datatype-jsr353:3.1.4'
2026-08-21T16:48:36.685-0300 [DEBUG] [io.spring.gradle.dependencymanagement.internal.VersionConfiguringAction] Processing requested dependency 'tools.jackson.datatype:jackson-datatype-moneta:3.1.4' with target 'tools.jackson.datatype:jackson-datatype-moneta:3.1.4
2026-08-21T16:48:36.685-0300 [DEBUG] [io.spring.gradle.dependencymanagement.internal.DependencyManagementContainer] Found managed version '3.1.4' for dependency 'tools.jackson.datatype:jackson-datatype-moneta' in global dependency management
2026-08-21T16:48:36.685-0300 [DEBUG] [io.spring.gradle.dependencymanagement.internal.VersionConfiguringAction] Using version '3.1.4' for dependency 'tools.jackson.datatype:jackson-datatype-moneta:3.1.4'
2026-08-21T16:48:36.685-0300 [DEBUG] [io.spring.gradle.dependencymanagement.internal.VersionConfiguringAction] Processing requested dependency 'tools.jackson.datatype:jackson-datatype-pcollections:3.1.4' with target 'tools.jackson.datatype:jackson-datatype-pcollections:3.1.4
2026-08-21T16:48:36.685-0300 [DEBUG] [io.spring.gradle.dependencymanagement.internal.DependencyManagementContainer] Found managed version '3.1.4' for dependency 'tools.jackson.datatype:jackson-datatype-pcollections' in global dependency management
2026-08-21T16:48:36.685-0300 [DEBUG] [io.spring.gradle.dependencymanagement.internal.VersionConfiguringAction] Using version '3.1.4' for dependency 'tools.jackson.datatype:jackson-datatype-pcollections:3.1.4'
2026-08-21T16:48:36.685-0300 [DEBUG] [io.spring.gradle.dependencymanagement.internal.VersionConfiguringAction] Processing requested dependency 'tools.jackson.jaxrs:jackson-jaxrs-base:3.1.4' with target 'tools.jackson.jaxrs:jackson-jaxrs-base:3.1.4
2026-08-21T16:48:36.685-0300 [DEBUG] [io.spring.gradle.dependencymanagement.internal.DependencyManagementContainer] Found managed version '3.1.4' for dependency 'tools.jackson.jaxrs:jackson-jaxrs-base' in global dependency management
2026-08-21T16:48:36.685-0300 [DEBUG] [io.spring.gradle.dependencymanagement.internal.VersionConfiguringAction] Using version '3.1.4' for dependency 'tools.jackson.jaxrs:jackson-jaxrs-base:3.1.4'
2026-08-21T16:48:36.685-0300 [DEBUG] [io.spring.gradle.dependencymanagement.internal.VersionConfiguringAction] Processing requested dependency 'tools.jackson.jaxrs:jackson-jaxrs-cbor-provider:3.1.4' with target 'tools.jackson.jaxrs:jackson-jaxrs-cbor-provider:3.1.4
2026-08-21T16:48:36.685-0300 [DEBUG] [io.spring.gradle.dependencymanagement.internal.DependencyManagementContainer] Found managed version '3.1.4' for dependency 'tools.jackson.jaxrs:jackson-jaxrs-cbor-provider' in global dependency management
2026-08-21T16:48:36.685-0300 [DEBUG] [io.spring.gradle.dependencymanagement.internal.VersionConfiguringAction] Using version '3.1.4' for dependency 'tools.jackson.jaxrs:jackson-jaxrs-cbor-provider:3.1.4'
2026-08-21T16:48:36.685-0300 [DEBUG] [io.spring.gradle.dependencymanagement.internal.VersionConfiguringAction] Processing requested dependency 'tools.jackson.jaxrs:jackson-jaxrs-json-provider:3.1.4' with target 'tools.jackson.jaxrs:jackson-jaxrs-json-provider:3.1.4
2026-08-21T16:48:36.685-0300 [DEBUG] [io.spring.gradle.dependencymanagement.internal.DependencyManagementContainer] Found managed version '3.1.4' for dependency 'tools.jackson.jaxrs:jackson-jaxrs-json-provider' in global dependency management
2026-08-21T16:48:36.685-0300 [DEBUG] [io.spring.gradle.dependencymanagement.internal.VersionConfiguringAction] Using version '3.1.4' for dependency 'tools.jackson.jaxrs:jackson-jaxrs-json-provider:3.1.4'
2026-08-21T16:48:36.685-0300 [DEBUG] [io.spring.gradle.dependencymanagement.internal.VersionConfiguringAction] Processing requested dependency 'tools.jackson.jaxrs:jackson-jaxrs-smile-provider:3.1.4' with target 'tools.jackson.jaxrs:jackson-jaxrs-smile-provider:3.1.4
2026-08-21T16:48:36.686-0300 [DEBUG] [io.spring.gradle.dependencymanagement.internal.DependencyManagementContainer] Found managed version '3.1.4' for dependency 'tools.jackson.jaxrs:jackson-jaxrs-smile-provider' in global dependency management
2026-08-21T16:48:36.686-0300 [DEBUG] [io.spring.gradle.dependencymanagement.internal.VersionConfiguringAction] Using version '3.1.4' for dependency 'tools.jackson.jaxrs:jackson-jaxrs-smile-provider:3.1.4'
2026-08-21T16:48:36.686-0300 [DEBUG] [io.spring.gradle.dependencymanagement.internal.VersionConfiguringAction] Processing requested dependency 'tools.jackson.jaxrs:jackson-jaxrs-xml-provider:3.1.4' with target 'tools.jackson.jaxrs:jackson-jaxrs-xml-provider:3.1.4
2026-08-21T16:48:36.686-0300 [DEBUG] [io.spring.gradle.dependencymanagement.internal.DependencyManagementContainer] Found managed version '3.1.4' for dependency 'tools.jackson.jaxrs:jackson-jaxrs-xml-provider' in global dependency management
2026-08-21T16:48:36.686-0300 [DEBUG] [io.spring.gradle.dependencymanagement.internal.VersionConfiguringAction] Using version '3.1.4' for dependency 'tools.jackson.jaxrs:jackson-jaxrs-xml-provider:3.1.4'
2026-08-21T16:48:36.686-0300 [DEBUG] [io.spring.gradle.dependencymanagement.internal.VersionConfiguringAction] Processing requested dependency 'tools.jackson.jaxrs:jackson-jaxrs-yaml-provider:3.1.4' with target 'tools.jackson.jaxrs:jackson-jaxrs-yaml-provider:3.1.4
2026-08-21T16:48:36.686-0300 [DEBUG] [io.spring.gradle.dependencymanagement.internal.DependencyManagementContainer] Found managed version '3.1.4' for dependency 'tools.jackson.jaxrs:jackson-jaxrs-yaml-provider' in global dependency management
2026-08-21T16:48:36.686-0300 [DEBUG] [io.spring.gradle.dependencymanagement.internal.VersionConfiguringAction] Using version '3.1.4' for dependency 'tools.jackson.jaxrs:jackson-jaxrs-yaml-provider:3.1.4'
2026-08-21T16:48:36.686-0300 [DEBUG] [io.spring.gradle.dependencymanagement.internal.VersionConfiguringAction] Processing requested dependency 'tools.jackson.jakarta.rs:jackson-jakarta-rs-base:3.1.4' with target 'tools.jackson.jakarta.rs:jackson-jakarta-rs-base:3.1.4
2026-08-21T16:48:36.686-0300 [DEBUG] [io.spring.gradle.dependencymanagement.internal.DependencyManagementContainer] Found managed version '3.1.4' for dependency 'tools.jackson.jakarta.rs:jackson-jakarta-rs-base' in global dependency management
2026-08-21T16:48:36.686-0300 [DEBUG] [io.spring.gradle.dependencymanagement.internal.VersionConfiguringAction] Using version '3.1.4' for dependency 'tools.jackson.jakarta.rs:jackson-jakarta-rs-base:3.1.4'
2026-08-21T16:48:36.686-0300 [DEBUG] [io.spring.gradle.dependencymanagement.internal.VersionConfiguringAction] Processing requested dependency 'tools.jackson.jakarta.rs:jackson-jakarta-rs-cbor-provider:3.1.4' with target 'tools.jackson.jakarta.rs:jackson-jakarta-rs-cbor-provider:3.1.4
2026-08-21T16:48:36.686-0300 [DEBUG] [io.spring.gradle.dependencymanagement.internal.DependencyManagementContainer] Found managed version '3.1.4' for dependency 'tools.jackson.jakarta.rs:jackson-jakarta-rs-cbor-provider' in global dependency management
2026-08-21T16:48:36.686-0300 [DEBUG] [io.spring.gradle.dependencymanagement.internal.VersionConfiguringAction] Using version '3.1.4' for dependency 'tools.jackson.jakarta.rs:jackson-jakarta-rs-cbor-provider:3.1.4'
2026-08-21T16:48:36.686-0300 [DEBUG] [io.spring.gradle.dependencymanagement.internal.VersionConfiguringAction] Processing requested dependency 'tools.jackson.jakarta.rs:jackson-jakarta-rs-json-provider:3.1.4' with target 'tools.jackson.jakarta.rs:jackson-jakarta-rs-json-provider:3.1.4
2026-08-21T16:48:36.686-0300 [DEBUG] [io.spring.gradle.dependencymanagement.internal.DependencyManagementContainer] Found managed version '3.1.4' for dependency 'tools.jackson.jakarta.rs:jackson-jakarta-rs-json-provider' in global dependency management
2026-08-21T16:48:36.686-0300 [DEBUG] [io.spring.gradle.dependencymanagement.internal.VersionConfiguringAction] Using version '3.1.4' for dependency 'tools.jackson.jakarta.rs:jackson-jakarta-rs-json-provider:3.1.4'
2026-08-21T16:48:36.686-0300 [DEBUG] [io.spring.gradle.dependencymanagement.internal.VersionConfiguringAction] Processing requested dependency 'tools.jackson.jakarta.rs:jackson-jakarta-rs-smile-provider:3.1.4' with target 'tools.jackson.jakarta.rs:jackson-jakarta-rs-smile-provider:3.1.4
2026-08-21T16:48:36.686-0300 [DEBUG] [io.spring.gradle.dependencymanagement.internal.DependencyManagementContainer] Found managed version '3.1.4' for dependency 'tools.jackson.jakarta.rs:jackson-jakarta-rs-smile-provider' in global dependency management
2026-08-21T16:48:36.686-0300 [DEBUG] [io.spring.gradle.dependencymanagement.internal.VersionConfiguringAction] Using version '3.1.4' for dependency 'tools.jackson.jakarta.rs:jackson-jakarta-rs-smile-provider:3.1.4'
2026-08-21T16:48:36.686-0300 [DEBUG] [io.spring.gradle.dependencymanagement.internal.VersionConfiguringAction] Processing requested dependency 'tools.jackson.jakarta.rs:jackson-jakarta-rs-xml-provider:3.1.4' with target 'tools.jackson.jakarta.rs:jackson-jakarta-rs-xml-provider:3.1.4
2026-08-21T16:48:36.686-0300 [DEBUG] [io.spring.gradle.dependencymanagement.internal.DependencyManagementContainer] Found managed version '3.1.4' for dependency 'tools.jackson.jakarta.rs:jackson-jakarta-rs-xml-provider' in global dependency management
2026-08-21T16:48:36.686-0300 [DEBUG] [io.spring.gradle.dependencymanagement.internal.VersionConfiguringAction] Using version '3.1.4' for dependency 'tools.jackson.jakarta.rs:jackson-jakarta-rs-xml-provider:3.1.4'
2026-08-21T16:48:36.686-0300 [DEBUG] [io.spring.gradle.dependencymanagement.internal.VersionConfiguringAction] Processing requested dependency 'tools.jackson.jakarta.rs:jackson-jakarta-rs-yaml-provider:3.1.4' with target 'tools.jackson.jakarta.rs:jackson-jakarta-rs-yaml-provider:3.1.4
2026-08-21T16:48:36.686-0300 [DEBUG] [io.spring.gradle.dependencymanagement.internal.DependencyManagementContainer] Found managed version '3.1.4' for dependency 'tools.jackson.jakarta.rs:jackson-jakarta-rs-yaml-provider' in global dependency management
2026-08-21T16:48:36.686-0300 [DEBUG] [io.spring.gradle.dependencymanagement.internal.VersionConfiguringAction] Using version '3.1.4' for dependency 'tools.jackson.jakarta.rs:jackson-jakarta-rs-yaml-provider:3.1.4'
2026-08-21T16:48:36.686-0300 [DEBUG] [io.spring.gradle.dependencymanagement.internal.VersionConfiguringAction] Processing requested dependency 'tools.jackson.jr:jackson-jr-all:3.1.4' with target 'tools.jackson.jr:jackson-jr-all:3.1.4
2026-08-21T16:48:36.686-0300 [DEBUG] [io.spring.gradle.dependencymanagement.internal.DependencyManagementContainer] Found managed version '3.1.4' for dependency 'tools.jackson.jr:jackson-jr-all' in global dependency management
2026-08-21T16:48:36.686-0300 [DEBUG] [io.spring.gradle.dependencymanagement.internal.VersionConfiguringAction] Using version '3.1.4' for dependency 'tools.jackson.jr:jackson-jr-all:3.1.4'
2026-08-21T16:48:36.686-0300 [DEBUG] [io.spring.gradle.dependencymanagement.internal.VersionConfiguringAction] Processing requested dependency 'tools.jackson.jr:jackson-jr-annotation-support:3.1.4' with target 'tools.jackson.jr:jackson-jr-annotation-support:3.1.4
2026-08-21T16:48:36.686-0300 [DEBUG] [io.spring.gradle.dependencymanagement.internal.DependencyManagementContainer] Found managed version '3.1.4' for dependency 'tools.jackson.jr:jackson-jr-annotation-support' in global dependency management
2026-08-21T16:48:36.686-0300 [DEBUG] [io.spring.gradle.dependencymanagement.internal.VersionConfiguringAction] Using version '3.1.4' for dependency 'tools.jackson.jr:jackson-jr-annotation-support:3.1.4'
2026-08-21T16:48:36.686-0300 [DEBUG] [io.spring.gradle.dependencymanagement.internal.VersionConfiguringAction] Processing requested dependency 'tools.jackson.jr:jackson-jr-extension-javatime:3.1.4' with target 'tools.jackson.jr:jackson-jr-extension-javatime:3.1.4
2026-08-21T16:48:36.686-0300 [DEBUG] [io.spring.gradle.dependencymanagement.internal.DependencyManagementContainer] Found managed version '3.1.4' for dependency 'tools.jackson.jr:jackson-jr-extension-javatime' in global dependency management
2026-08-21T16:48:36.686-0300 [DEBUG] [io.spring.gradle.dependencymanagement.internal.VersionConfiguringAction] Using version '3.1.4' for dependency 'tools.jackson.jr:jackson-jr-extension-javatime:3.1.4'
2026-08-21T16:48:36.686-0300 [DEBUG] [io.spring.gradle.dependencymanagement.internal.VersionConfiguringAction] Processing requested dependency 'tools.jackson.jr:jackson-jr-objects:3.1.4' with target 'tools.jackson.jr:jackson-jr-objects:3.1.4
2026-08-21T16:48:36.686-0300 [DEBUG] [io.spring.gradle.dependencymanagement.internal.DependencyManagementContainer] Found managed version '3.1.4' for dependency 'tools.jackson.jr:jackson-jr-objects' in global dependency management
2026-08-21T16:48:36.687-0300 [DEBUG] [io.spring.gradle.dependencymanagement.internal.VersionConfiguringAction] Using version '3.1.4' for dependency 'tools.jackson.jr:jackson-jr-objects:3.1.4'
2026-08-21T16:48:36.687-0300 [DEBUG] [io.spring.gradle.dependencymanagement.internal.VersionConfiguringAction] Processing requested dependency 'tools.jackson.jr:jackson-jr-retrofit2:3.1.4' with target 'tools.jackson.jr:jackson-jr-retrofit2:3.1.4
2026-08-21T16:48:36.687-0300 [DEBUG] [io.spring.gradle.dependencymanagement.internal.DependencyManagementContainer] Found managed version '3.1.4' for dependency 'tools.jackson.jr:jackson-jr-retrofit2' in global dependency management
2026-08-21T16:48:36.687-0300 [DEBUG] [io.spring.gradle.dependencymanagement.internal.VersionConfiguringAction] Using version '3.1.4' for dependency 'tools.jackson.jr:jackson-jr-retrofit2:3.1.4'
2026-08-21T16:48:36.687-0300 [DEBUG] [io.spring.gradle.dependencymanagement.internal.VersionConfiguringAction] Processing requested dependency 'tools.jackson.jr:jackson-jr-stree:3.1.4' with target 'tools.jackson.jr:jackson-jr-stree:3.1.4
2026-08-21T16:48:36.687-0300 [DEBUG] [io.spring.gradle.dependencymanagement.internal.DependencyManagementContainer] Found managed version '3.1.4' for dependency 'tools.jackson.jr:jackson-jr-stree' in global dependency management
2026-08-21T16:48:36.687-0300 [DEBUG] [io.spring.gradle.dependencymanagement.internal.VersionConfiguringAction] Using version '3.1.4' for dependency 'tools.jackson.jr:jackson-jr-stree:3.1.4'
2026-08-21T16:48:36.687-0300 [DEBUG] [io.spring.gradle.dependencymanagement.internal.VersionConfiguringAction] Processing requested dependency 'tools.jackson.module:jackson-module-afterburner:3.1.4' with target 'tools.jackson.module:jackson-module-afterburner:3.1.4
2026-08-21T16:48:36.687-0300 [DEBUG] [io.spring.gradle.dependencymanagement.internal.DependencyManagementContainer] Found managed version '3.1.4' for dependency 'tools.jackson.module:jackson-module-afterburner' in global dependency management
2026-08-21T16:48:36.687-0300 [DEBUG] [io.spring.gradle.dependencymanagement.internal.VersionConfiguringAction] Using version '3.1.4' for dependency 'tools.jackson.module:jackson-module-afterburner:3.1.4'
2026-08-21T16:48:36.687-0300 [DEBUG] [io.spring.gradle.dependencymanagement.internal.VersionConfiguringAction] Processing requested dependency 'tools.jackson.module:jackson-module-android-record:3.1.4' with target 'tools.jackson.module:jackson-module-android-record:3.1.4
2026-08-21T16:48:36.687-0300 [DEBUG] [io.spring.gradle.dependencymanagement.internal.DependencyManagementContainer] Found managed version '3.1.4' for dependency 'tools.jackson.module:jackson-module-android-record' in global dependency management
2026-08-21T16:48:36.687-0300 [DEBUG] [io.spring.gradle.dependencymanagement.internal.VersionConfiguringAction] Using version '3.1.4' for dependency 'tools.jackson.module:jackson-module-android-record:3.1.4'
2026-08-21T16:48:36.687-0300 [DEBUG] [io.spring.gradle.dependencymanagement.internal.VersionConfiguringAction] Processing requested dependency 'tools.jackson.module:jackson-module-blackbird:3.1.4' with target 'tools.jackson.module:jackson-module-blackbird:3.1.4
2026-08-21T16:48:36.687-0300 [DEBUG] [io.spring.gradle.dependencymanagement.internal.DependencyManagementContainer] Found managed version '3.1.4' for dependency 'tools.jackson.module:jackson-module-blackbird' in global dependency management
2026-08-21T16:48:36.687-0300 [DEBUG] [io.spring.gradle.dependencymanagement.internal.VersionConfiguringAction] Using version '3.1.4' for dependency 'tools.jackson.module:jackson-module-blackbird:3.1.4'
2026-08-21T16:48:36.687-0300 [DEBUG] [io.spring.gradle.dependencymanagement.internal.VersionConfiguringAction] Processing requested dependency 'tools.jackson.module:jackson-module-guice:3.1.4' with target 'tools.jackson.module:jackson-module-guice:3.1.4
2026-08-21T16:48:36.687-0300 [DEBUG] [io.spring.gradle.dependencymanagement.internal.DependencyManagementContainer] Found managed version '3.1.4' for dependency 'tools.jackson.module:jackson-module-guice' in global dependency management
2026-08-21T16:48:36.687-0300 [DEBUG] [io.spring.gradle.dependencymanagement.internal.VersionConfiguringAction] Using version '3.1.4' for dependency 'tools.jackson.module:jackson-module-guice:3.1.4'
2026-08-21T16:48:36.687-0300 [DEBUG] [io.spring.gradle.dependencymanagement.internal.VersionConfiguringAction] Processing requested dependency 'tools.jackson.module:jackson-module-guice7:3.1.4' with target 'tools.jackson.module:jackson-module-guice7:3.1.4
2026-08-21T16:48:36.687-0300 [DEBUG] [io.spring.gradle.dependencymanagement.internal.DependencyManagementContainer] Found managed version '3.1.4' for dependency 'tools.jackson.module:jackson-module-guice7' in global dependency management
2026-08-21T16:48:36.687-0300 [DEBUG] [io.spring.gradle.dependencymanagement.internal.VersionConfiguringAction] Using version '3.1.4' for dependency 'tools.jackson.module:jackson-module-guice7:3.1.4'
2026-08-21T16:48:36.687-0300 [DEBUG] [io.spring.gradle.dependencymanagement.internal.VersionConfiguringAction] Processing requested dependency 'tools.jackson.module:jackson-module-jaxb-annotations:3.1.4' with target 'tools.jackson.module:jackson-module-jaxb-annotations:3.1.4
2026-08-21T16:48:36.687-0300 [DEBUG] [io.spring.gradle.dependencymanagement.internal.DependencyManagementContainer] Found managed version '3.1.4' for dependency 'tools.jackson.module:jackson-module-jaxb-annotations' in global dependency management
2026-08-21T16:48:36.687-0300 [DEBUG] [io.spring.gradle.dependencymanagement.internal.VersionConfiguringAction] Using version '3.1.4' for dependency 'tools.jackson.module:jackson-module-jaxb-annotations:3.1.4'
2026-08-21T16:48:36.687-0300 [DEBUG] [io.spring.gradle.dependencymanagement.internal.VersionConfiguringAction] Processing requested dependency 'tools.jackson.module:jackson-module-jakarta-xmlbind-annotations:3.1.4' with target 'tools.jackson.module:jackson-module-jakarta-xmlbind-annotations:3.1.4
2026-08-21T16:48:36.687-0300 [DEBUG] [io.spring.gradle.dependencymanagement.internal.DependencyManagementContainer] Found managed version '3.1.4' for dependency 'tools.jackson.module:jackson-module-jakarta-xmlbind-annotations' in global dependency management
2026-08-21T16:48:36.687-0300 [DEBUG] [io.spring.gradle.dependencymanagement.internal.VersionConfiguringAction] Using version '3.1.4' for dependency 'tools.jackson.module:jackson-module-jakarta-xmlbind-annotations:3.1.4'
2026-08-21T16:48:36.687-0300 [DEBUG] [io.spring.gradle.dependencymanagement.internal.VersionConfiguringAction] Processing requested dependency 'tools.jackson.module:jackson-module-jsonSchema:3.1.4' with target 'tools.jackson.module:jackson-module-jsonSchema:3.1.4
2026-08-21T16:48:36.687-0300 [DEBUG] [io.spring.gradle.dependencymanagement.internal.DependencyManagementContainer] Found managed version '3.1.4' for dependency 'tools.jackson.module:jackson-module-jsonSchema' in global dependency management
2026-08-21T16:48:36.687-0300 [DEBUG] [io.spring.gradle.dependencymanagement.internal.VersionConfiguringAction] Using version '3.1.4' for dependency 'tools.jackson.module:jackson-module-jsonSchema:3.1.4'
2026-08-21T16:48:36.687-0300 [DEBUG] [io.spring.gradle.dependencymanagement.internal.VersionConfiguringAction] Processing requested dependency 'tools.jackson.module:jackson-module-jsonSchema-jakarta:3.1.4' with target 'tools.jackson.module:jackson-module-jsonSchema-jakarta:3.1.4
2026-08-21T16:48:36.687-0300 [DEBUG] [io.spring.gradle.dependencymanagement.internal.DependencyManagementContainer] Found managed version '3.1.4' for dependency 'tools.jackson.module:jackson-module-jsonSchema-jakarta' in global dependency management
2026-08-21T16:48:36.687-0300 [DEBUG] [io.spring.gradle.dependencymanagement.internal.VersionConfiguringAction] Using version '3.1.4' for dependency 'tools.jackson.module:jackson-module-jsonSchema-jakarta:3.1.4'
2026-08-21T16:48:36.687-0300 [DEBUG] [io.spring.gradle.dependencymanagement.internal.VersionConfiguringAction] Processing requested dependency 'tools.jackson.module:jackson-module-kotlin:3.1.4' with target 'tools.jackson.module:jackson-module-kotlin:3.1.4
2026-08-21T16:48:36.687-0300 [DEBUG] [io.spring.gradle.dependencymanagement.internal.DependencyManagementContainer] Found managed version '3.1.4' for dependency 'tools.jackson.module:jackson-module-kotlin' in global dependency management
2026-08-21T16:48:36.688-0300 [DEBUG] [io.spring.gradle.dependencymanagement.internal.VersionConfiguringAction] Using version '3.1.4' for dependency 'tools.jackson.module:jackson-module-kotlin:3.1.4'
2026-08-21T16:48:36.688-0300 [DEBUG] [io.spring.gradle.dependencymanagement.internal.VersionConfiguringAction] Processing requested dependency 'tools.jackson.module:jackson-module-mrbean:3.1.4' with target 'tools.jackson.module:jackson-module-mrbean:3.1.4
2026-08-21T16:48:36.688-0300 [DEBUG] [io.spring.gradle.dependencymanagement.internal.DependencyManagementContainer] Found managed version '3.1.4' for dependency 'tools.jackson.module:jackson-module-mrbean' in global dependency management
2026-08-21T16:48:36.688-0300 [DEBUG] [io.spring.gradle.dependencymanagement.internal.VersionConfiguringAction] Using version '3.1.4' for dependency 'tools.jackson.module:jackson-module-mrbean:3.1.4'
2026-08-21T16:48:36.688-0300 [DEBUG] [io.spring.gradle.dependencymanagement.internal.VersionConfiguringAction] Processing requested dependency 'tools.jackson.module:jackson-module-no-ctor-deser:3.1.4' with target 'tools.jackson.module:jackson-module-no-ctor-deser:3.1.4
2026-08-21T16:48:36.688-0300 [DEBUG] [io.spring.gradle.dependencymanagement.internal.DependencyManagementContainer] Found managed version '3.1.4' for dependency 'tools.jackson.module:jackson-module-no-ctor-deser' in global dependency management
2026-08-21T16:48:36.688-0300 [DEBUG] [io.spring.gradle.dependencymanagement.internal.VersionConfiguringAction] Using version '3.1.4' for dependency 'tools.jackson.module:jackson-module-no-ctor-deser:3.1.4'
2026-08-21T16:48:36.688-0300 [DEBUG] [io.spring.gradle.dependencymanagement.internal.VersionConfiguringAction] Processing requested dependency 'tools.jackson.module:jackson-module-osgi:3.1.4' with target 'tools.jackson.module:jackson-module-osgi:3.1.4
2026-08-21T16:48:36.688-0300 [DEBUG] [io.spring.gradle.dependencymanagement.internal.DependencyManagementContainer] Found managed version '3.1.4' for dependency 'tools.jackson.module:jackson-module-osgi' in global dependency management
2026-08-21T16:48:36.688-0300 [DEBUG] [io.spring.gradle.dependencymanagement.internal.VersionConfiguringAction] Using version '3.1.4' for dependency 'tools.jackson.module:jackson-module-osgi:3.1.4'
2026-08-21T16:48:36.688-0300 [DEBUG] [io.spring.gradle.dependencymanagement.internal.VersionConfiguringAction] Processing requested dependency 'tools.jackson.module:jackson-module-scala_2.12:3.1.4' with target 'tools.jackson.module:jackson-module-scala_2.12:3.1.4
2026-08-21T16:48:36.688-0300 [DEBUG] [io.spring.gradle.dependencymanagement.internal.DependencyManagementContainer] Found managed version '3.1.4' for dependency 'tools.jackson.module:jackson-module-scala_2.12' in global dependency management
2026-08-21T16:48:36.688-0300 [DEBUG] [io.spring.gradle.dependencymanagement.internal.VersionConfiguringAction] Using version '3.1.4' for dependency 'tools.jackson.module:jackson-module-scala_2.12:3.1.4'
2026-08-21T16:48:36.688-0300 [DEBUG] [io.spring.gradle.dependencymanagement.internal.VersionConfiguringAction] Processing requested dependency 'tools.jackson.module:jackson-module-scala_2.13:3.1.4' with target 'tools.jackson.module:jackson-module-scala_2.13:3.1.4
2026-08-21T16:48:36.688-0300 [DEBUG] [io.spring.gradle.dependencymanagement.internal.DependencyManagementContainer] Found managed version '3.1.4' for dependency 'tools.jackson.module:jackson-module-scala_2.13' in global dependency management
2026-08-21T16:48:36.688-0300 [DEBUG] [io.spring.gradle.dependencymanagement.internal.VersionConfiguringAction] Using version '3.1.4' for dependency 'tools.jackson.module:jackson-module-scala_2.13:3.1.4'
2026-08-21T16:48:36.688-0300 [DEBUG] [io.spring.gradle.dependencymanagement.internal.VersionConfiguringAction] Processing requested dependency 'tools.jackson.module:jackson-module-scala_3:3.1.4' with target 'tools.jackson.module:jackson-module-scala_3:3.1.4
2026-08-21T16:48:36.688-0300 [DEBUG] [io.spring.gradle.dependencymanagement.internal.DependencyManagementContainer] Found managed version '3.1.4' for dependency 'tools.jackson.module:jackson-module-scala_3' in global dependency management
2026-08-21T16:48:36.688-0300 [DEBUG] [io.spring.gradle.dependencymanagement.internal.VersionConfiguringAction] Using version '3.1.4' for dependency 'tools.jackson.module:jackson-module-scala_3:3.1.4'
2026-08-21T16:48:36.688-0300 [DEBUG] [io.spring.gradle.dependencymanagement.internal.VersionConfiguringAction] Processing requested dependency 'io.lettuce:lettuce-core:7.5.2.RELEASE' with target 'io.lettuce:lettuce-core:7.5.2.RELEASE
2026-08-21T16:48:36.688-0300 [DEBUG] [io.spring.gradle.dependencymanagement.internal.DependencyManagementContainer] Found managed version '7.5.2.RELEASE' for dependency 'io.lettuce:lettuce-core' in global dependency management
2026-08-21T16:48:36.688-0300 [DEBUG] [io.spring.gradle.dependencymanagement.internal.VersionConfiguringAction] Using version '7.5.2.RELEASE' for dependency 'io.lettuce:lettuce-core:7.5.2.RELEASE'
2026-08-21T16:48:36.688-0300 [DEBUG] [io.spring.gradle.dependencymanagement.internal.VersionConfiguringAction] Processing requested dependency 'org.springframework.data:spring-data-redis:4.1.0' with target 'org.springframework.data:spring-data-redis:4.1.0
2026-08-21T16:48:36.688-0300 [DEBUG] [io.spring.gradle.dependencymanagement.internal.DependencyManagementContainer] Found managed version '4.1.0' for dependency 'org.springframework.data:spring-data-redis' in global dependency management
2026-08-21T16:48:36.688-0300 [DEBUG] [io.spring.gradle.dependencymanagement.internal.VersionConfiguringAction] Using version '4.1.0' for dependency 'org.springframework.data:spring-data-redis:4.1.0'
2026-08-21T16:48:36.688-0300 [DEBUG] [org.gradle.api.internal.artifacts.ivyservice.ivyresolve.RepositoryChainComponentMetaDataResolver] Attempting to resolve component for io.lettuce:lettuce-core:7.5.2.RELEASE using repositories [MavenRepo]
2026-08-21T16:48:36.688-0300 [DEBUG] [org.gradle.api.internal.artifacts.ivyservice.ivyresolve.CachingModuleComponentRepository] Using cached module metadata for module 'io.lettuce:lettuce-core:7.5.2.RELEASE' in 'MavenRepo'
2026-08-21T16:48:36.688-0300 [DEBUG] [org.gradle.api.internal.artifacts.ivyservice.ivyresolve.RepositoryChainComponentMetaDataResolver] Using io.lettuce:lettuce-core:7.5.2.RELEASE from org.gradle.api.internal.artifacts.ivyservice.ivyresolve.FilteredModuleComponentRepository@4c16e69e
2026-08-21T16:48:36.688-0300 [DEBUG] [org.gradle.api.internal.artifacts.ivyservice.ivyresolve.RepositoryChainComponentMetaDataResolver] Attempting to resolve component for org.springframework.data:spring-data-redis:4.1.0 using repositories [MavenRepo]
2026-08-21T16:48:36.688-0300 [DEBUG] [org.gradle.api.internal.artifacts.ivyservice.ivyresolve.CachingModuleComponentRepository] Using cached module metadata for module 'org.springframework.data:spring-data-redis:4.1.0' in 'MavenRepo'
2026-08-21T16:48:36.688-0300 [DEBUG] [org.gradle.api.internal.artifacts.ivyservice.ivyresolve.RepositoryChainComponentMetaDataResolver] Using org.springframework.data:spring-data-redis:4.1.0 from org.gradle.api.internal.artifacts.ivyservice.ivyresolve.FilteredModuleComponentRepository@4c16e69e
2026-08-21T16:48:36.688-0300 [DEBUG] [io.spring.gradle.dependencymanagement.internal.VersionConfiguringAction] Processing requested dependency 'org.springframework:spring-beans:7.0.8' with target 'org.springframework:spring-beans:7.0.8
2026-08-21T16:48:36.688-0300 [DEBUG] [io.spring.gradle.dependencymanagement.internal.DependencyManagementContainer] Found managed version '7.0.8' for dependency 'org.springframework:spring-beans' in global dependency management
2026-08-21T16:48:36.689-0300 [DEBUG] [io.spring.gradle.dependencymanagement.internal.VersionConfiguringAction] Using version '7.0.8' for dependency 'org.springframework:spring-beans:7.0.8'
2026-08-21T16:48:36.689-0300 [DEBUG] [org.gradle.api.internal.artifacts.ivyservice.ivyresolve.RepositoryChainComponentMetaDataResolver] Attempting to resolve component for org.springframework:spring-beans:7.0.8 using repositories [MavenRepo]
2026-08-21T16:48:36.689-0300 [DEBUG] [org.gradle.api.internal.artifacts.ivyservice.ivyresolve.CachingModuleComponentRepository] Using cached module metadata for module 'org.springframework:spring-beans:7.0.8' in 'MavenRepo'
2026-08-21T16:48:36.689-0300 [DEBUG] [org.gradle.api.internal.artifacts.ivyservice.ivyresolve.RepositoryChainComponentMetaDataResolver] Using org.springframework:spring-beans:7.0.8 from org.gradle.api.internal.artifacts.ivyservice.ivyresolve.FilteredModuleComponentRepository@4c16e69e
2026-08-21T16:48:36.689-0300 [DEBUG] [io.spring.gradle.dependencymanagement.internal.VersionConfiguringAction] Processing requested dependency 'jakarta.activation:jakarta.activation-api:2.1.4' with target 'jakarta.activation:jakarta.activation-api:2.1.4
2026-08-21T16:48:36.689-0300 [DEBUG] [io.spring.gradle.dependencymanagement.internal.DependencyManagementContainer] Found managed version '2.1.4' for dependency 'jakarta.activation:jakarta.activation-api' in global dependency management
2026-08-21T16:48:36.689-0300 [DEBUG] [io.spring.gradle.dependencymanagement.internal.VersionConfiguringAction] Using version '2.1.4' for dependency 'jakarta.activation:jakarta.activation-api:2.1.4'
2026-08-21T16:48:36.689-0300 [DEBUG] [org.gradle.api.internal.artifacts.ivyservice.ivyresolve.RepositoryChainComponentMetaDataResolver] Attempting to resolve component for jakarta.activation:jakarta.activation-api:2.1.4 using repositories [MavenRepo]
2026-08-21T16:48:36.689-0300 [DEBUG] [org.gradle.api.internal.artifacts.ivyservice.ivyresolve.CachingModuleComponentRepository] Using cached module metadata for module 'jakarta.activation:jakarta.activation-api:2.1.4' in 'MavenRepo'
2026-08-21T16:48:36.689-0300 [DEBUG] [org.gradle.api.internal.artifacts.ivyservice.ivyresolve.RepositoryChainComponentMetaDataResolver] Using jakarta.activation:jakarta.activation-api:2.1.4 from org.gradle.api.internal.artifacts.ivyservice.ivyresolve.FilteredModuleComponentRepository@4c16e69e
2026-08-21T16:48:36.689-0300 [DEBUG] [io.spring.gradle.dependencymanagement.internal.VersionConfiguringAction] Processing requested dependency 'net.minidev:accessors-smart:2.6.0' with target 'net.minidev:accessors-smart:2.6.0
2026-08-21T16:48:36.689-0300 [DEBUG] [io.spring.gradle.dependencymanagement.internal.VersionConfiguringAction] No dependency management for dependency 'net.minidev:accessors-smart:2.6.0'
2026-08-21T16:48:36.689-0300 [DEBUG] [org.gradle.api.internal.artifacts.ivyservice.ivyresolve.RepositoryChainComponentMetaDataResolver] Attempting to resolve component for net.minidev:accessors-smart:2.6.0 using repositories [MavenRepo]
2026-08-21T16:48:36.689-0300 [DEBUG] [org.gradle.api.internal.artifacts.ivyservice.ivyresolve.CachingModuleComponentRepository] Using cached module metadata for module 'net.minidev:accessors-smart:2.6.0' in 'MavenRepo'
2026-08-21T16:48:36.689-0300 [DEBUG] [org.gradle.api.internal.artifacts.ivyservice.ivyresolve.RepositoryChainComponentMetaDataResolver] Using net.minidev:accessors-smart:2.6.0 from org.gradle.api.internal.artifacts.ivyservice.ivyresolve.FilteredModuleComponentRepository@4c16e69e
2026-08-21T16:48:36.689-0300 [DEBUG] [io.spring.gradle.dependencymanagement.internal.VersionConfiguringAction] Processing requested dependency 'net.bytebuddy:byte-buddy:1.18.3' with target 'net.bytebuddy:byte-buddy:1.18.3
2026-08-21T16:48:36.689-0300 [DEBUG] [io.spring.gradle.dependencymanagement.internal.DependencyManagementContainer] Found managed version '1.18.10' for dependency 'net.bytebuddy:byte-buddy' in global dependency management
2026-08-21T16:48:36.689-0300 [DEBUG] [io.spring.gradle.dependencymanagement.internal.VersionConfiguringAction] Using version '1.18.10' for dependency 'net.bytebuddy:byte-buddy:1.18.3'
2026-08-21T16:48:36.689-0300 [DEBUG] [org.gradle.api.internal.artifacts.ivyservice.ivyresolve.RepositoryChainComponentMetaDataResolver] Attempting to resolve component for net.bytebuddy:byte-buddy:1.18.10 using repositories [MavenRepo]
2026-08-21T16:48:36.689-0300 [DEBUG] [org.gradle.api.internal.artifacts.ivyservice.ivyresolve.CachingModuleComponentRepository] Using cached module metadata for module 'net.bytebuddy:byte-buddy:1.18.10' in 'MavenRepo'
2026-08-21T16:48:36.689-0300 [DEBUG] [org.gradle.api.internal.artifacts.ivyservice.ivyresolve.RepositoryChainComponentMetaDataResolver] Using net.bytebuddy:byte-buddy:1.18.10 from org.gradle.api.internal.artifacts.ivyservice.ivyresolve.FilteredModuleComponentRepository@4c16e69e
2026-08-21T16:48:36.689-0300 [DEBUG] [io.spring.gradle.dependencymanagement.internal.VersionConfiguringAction] Processing requested dependency 'org.hamcrest:hamcrest:2.1' with target 'org.hamcrest:hamcrest:2.1
2026-08-21T16:48:36.689-0300 [DEBUG] [io.spring.gradle.dependencymanagement.internal.DependencyManagementContainer] Found managed version '3.0' for dependency 'org.hamcrest:hamcrest' in global dependency management
2026-08-21T16:48:36.689-0300 [DEBUG] [io.spring.gradle.dependencymanagement.internal.VersionConfiguringAction] Using version '3.0' for dependency 'org.hamcrest:hamcrest:2.1'
2026-08-21T16:48:36.689-0300 [DEBUG] [io.spring.gradle.dependencymanagement.internal.VersionConfiguringAction] Processing requested dependency 'org.junit:junit-bom:6.0.3' with target 'org.junit:junit-bom:6.0.3
2026-08-21T16:48:36.689-0300 [DEBUG] [io.spring.gradle.dependencymanagement.internal.VersionConfiguringAction] No dependency management for dependency 'org.junit:junit-bom:6.0.3'
2026-08-21T16:48:36.689-0300 [DEBUG] [io.spring.gradle.dependencymanagement.internal.VersionConfiguringAction] Processing requested dependency 'org.junit.jupiter:junit-jupiter-api:6.0.3' with target 'org.junit.jupiter:junit-jupiter-api:6.0.3
2026-08-21T16:48:36.689-0300 [DEBUG] [io.spring.gradle.dependencymanagement.internal.DependencyManagementContainer] Found managed version '6.0.3' for dependency 'org.junit.jupiter:junit-jupiter-api' in global dependency management
2026-08-21T16:48:36.689-0300 [DEBUG] [io.spring.gradle.dependencymanagement.internal.VersionConfiguringAction] Using version '6.0.3' for dependency 'org.junit.jupiter:junit-jupiter-api:6.0.3'
2026-08-21T16:48:36.689-0300 [DEBUG] [io.spring.gradle.dependencymanagement.internal.VersionConfiguringAction] Processing requested dependency 'org.junit.jupiter:junit-jupiter-params:6.0.3' with target 'org.junit.jupiter:junit-jupiter-params:6.0.3
2026-08-21T16:48:36.689-0300 [DEBUG] [io.spring.gradle.dependencymanagement.internal.DependencyManagementContainer] Found managed version '6.0.3' for dependency 'org.junit.jupiter:junit-jupiter-params' in global dependency management
2026-08-21T16:48:36.689-0300 [DEBUG] [io.spring.gradle.dependencymanagement.internal.VersionConfiguringAction] Using version '6.0.3' for dependency 'org.junit.jupiter:junit-jupiter-params:6.0.3'
2026-08-21T16:48:36.690-0300 [DEBUG] [org.gradle.api.internal.artifacts.ivyservice.ivyresolve.RepositoryChainComponentMetaDataResolver] Attempting to resolve component for org.junit:junit-bom:6.0.3 using repositories [MavenRepo]
2026-08-21T16:48:36.690-0300 [DEBUG] [org.gradle.api.internal.artifacts.ivyservice.ivyresolve.CachingModuleComponentRepository] Using cached module metadata for module 'org.junit:junit-bom:6.0.3' in 'MavenRepo'
2026-08-21T16:48:36.690-0300 [DEBUG] [org.gradle.api.internal.artifacts.ivyservice.ivyresolve.RepositoryChainComponentMetaDataResolver] Using org.junit:junit-bom:6.0.3 from org.gradle.api.internal.artifacts.ivyservice.ivyresolve.FilteredModuleComponentRepository@4c16e69e
2026-08-21T16:48:36.690-0300 [DEBUG] [io.spring.gradle.dependencymanagement.internal.VersionConfiguringAction] Processing requested dependency 'org.junit.jupiter:junit-jupiter-engine:6.0.3' with target 'org.junit.jupiter:junit-jupiter-engine:6.0.3
2026-08-21T16:48:36.690-0300 [DEBUG] [io.spring.gradle.dependencymanagement.internal.DependencyManagementContainer] Found managed version '6.0.3' for dependency 'org.junit.jupiter:junit-jupiter-engine' in global dependency management
2026-08-21T16:48:36.690-0300 [DEBUG] [io.spring.gradle.dependencymanagement.internal.VersionConfiguringAction] Using version '6.0.3' for dependency 'org.junit.jupiter:junit-jupiter-engine:6.0.3'
2026-08-21T16:48:36.690-0300 [DEBUG] [io.spring.gradle.dependencymanagement.internal.VersionConfiguringAction] Processing requested dependency 'org.junit.jupiter:junit-jupiter-migrationsupport:6.0.3' with target 'org.junit.jupiter:junit-jupiter-migrationsupport:6.0.3
2026-08-21T16:48:36.690-0300 [DEBUG] [io.spring.gradle.dependencymanagement.internal.DependencyManagementContainer] Found managed version '6.0.3' for dependency 'org.junit.jupiter:junit-jupiter-migrationsupport' in global dependency management
2026-08-21T16:48:36.690-0300 [DEBUG] [io.spring.gradle.dependencymanagement.internal.VersionConfiguringAction] Using version '6.0.3' for dependency 'org.junit.jupiter:junit-jupiter-migrationsupport:6.0.3'
2026-08-21T16:48:36.690-0300 [DEBUG] [io.spring.gradle.dependencymanagement.internal.VersionConfiguringAction] Processing requested dependency 'org.junit.platform:junit-platform-commons:6.0.3' with target 'org.junit.platform:junit-platform-commons:6.0.3
2026-08-21T16:48:36.690-0300 [DEBUG] [io.spring.gradle.dependencymanagement.internal.DependencyManagementContainer] Found managed version '6.0.3' for dependency 'org.junit.platform:junit-platform-commons' in global dependency management
2026-08-21T16:48:36.690-0300 [DEBUG] [io.spring.gradle.dependencymanagement.internal.VersionConfiguringAction] Using version '6.0.3' for dependency 'org.junit.platform:junit-platform-commons:6.0.3'
2026-08-21T16:48:36.690-0300 [DEBUG] [io.spring.gradle.dependencymanagement.internal.VersionConfiguringAction] Processing requested dependency 'org.junit.platform:junit-platform-console:6.0.3' with target 'org.junit.platform:junit-platform-console:6.0.3
2026-08-21T16:48:36.690-0300 [DEBUG] [io.spring.gradle.dependencymanagement.internal.DependencyManagementContainer] Found managed version '6.0.3' for dependency 'org.junit.platform:junit-platform-console' in global dependency management
2026-08-21T16:48:36.690-0300 [DEBUG] [io.spring.gradle.dependencymanagement.internal.VersionConfiguringAction] Using version '6.0.3' for dependency 'org.junit.platform:junit-platform-console:6.0.3'
2026-08-21T16:48:36.690-0300 [DEBUG] [io.spring.gradle.dependencymanagement.internal.VersionConfiguringAction] Processing requested dependency 'org.junit.platform:junit-platform-engine:6.0.3' with target 'org.junit.platform:junit-platform-engine:6.0.3
2026-08-21T16:48:36.690-0300 [DEBUG] [io.spring.gradle.dependencymanagement.internal.DependencyManagementContainer] Found managed version '6.0.3' for dependency 'org.junit.platform:junit-platform-engine' in global dependency management
2026-08-21T16:48:36.690-0300 [DEBUG] [io.spring.gradle.dependencymanagement.internal.VersionConfiguringAction] Using version '6.0.3' for dependency 'org.junit.platform:junit-platform-engine:6.0.3'
2026-08-21T16:48:36.690-0300 [DEBUG] [io.spring.gradle.dependencymanagement.internal.VersionConfiguringAction] Processing requested dependency 'org.junit.platform:junit-platform-launcher:6.0.3' with target 'org.junit.platform:junit-platform-launcher:6.0.3
2026-08-21T16:48:36.690-0300 [DEBUG] [io.spring.gradle.dependencymanagement.internal.DependencyManagementContainer] Found managed version '6.0.3' for dependency 'org.junit.platform:junit-platform-launcher' in global dependency management
2026-08-21T16:48:36.690-0300 [DEBUG] [io.spring.gradle.dependencymanagement.internal.VersionConfiguringAction] Using version '6.0.3' for dependency 'org.junit.platform:junit-platform-launcher:6.0.3'
2026-08-21T16:48:36.690-0300 [DEBUG] [io.spring.gradle.dependencymanagement.internal.VersionConfiguringAction] Processing requested dependency 'org.junit.platform:junit-platform-reporting:6.0.3' with target 'org.junit.platform:junit-platform-reporting:6.0.3
2026-08-21T16:48:36.690-0300 [DEBUG] [io.spring.gradle.dependencymanagement.internal.DependencyManagementContainer] Found managed version '6.0.3' for dependency 'org.junit.platform:junit-platform-reporting' in global dependency management
2026-08-21T16:48:36.690-0300 [DEBUG] [io.spring.gradle.dependencymanagement.internal.VersionConfiguringAction] Using version '6.0.3' for dependency 'org.junit.platform:junit-platform-reporting:6.0.3'
2026-08-21T16:48:36.690-0300 [DEBUG] [io.spring.gradle.dependencymanagement.internal.VersionConfiguringAction] Processing requested dependency 'org.junit.platform:junit-platform-suite:6.0.3' with target 'org.junit.platform:junit-platform-suite:6.0.3
2026-08-21T16:48:36.690-0300 [DEBUG] [io.spring.gradle.dependencymanagement.internal.DependencyManagementContainer] Found managed version '6.0.3' for dependency 'org.junit.platform:junit-platform-suite' in global dependency management
2026-08-21T16:48:36.690-0300 [DEBUG] [io.spring.gradle.dependencymanagement.internal.VersionConfiguringAction] Using version '6.0.3' for dependency 'org.junit.platform:junit-platform-suite:6.0.3'
2026-08-21T16:48:36.690-0300 [DEBUG] [io.spring.gradle.dependencymanagement.internal.VersionConfiguringAction] Processing requested dependency 'org.junit.platform:junit-platform-suite-api:6.0.3' with target 'org.junit.platform:junit-platform-suite-api:6.0.3
2026-08-21T16:48:36.690-0300 [DEBUG] [io.spring.gradle.dependencymanagement.internal.DependencyManagementContainer] Found managed version '6.0.3' for dependency 'org.junit.platform:junit-platform-suite-api' in global dependency management
2026-08-21T16:48:36.690-0300 [DEBUG] [io.spring.gradle.dependencymanagement.internal.VersionConfiguringAction] Using version '6.0.3' for dependency 'org.junit.platform:junit-platform-suite-api:6.0.3'
2026-08-21T16:48:36.690-0300 [DEBUG] [io.spring.gradle.dependencymanagement.internal.VersionConfiguringAction] Processing requested dependency 'org.junit.platform:junit-platform-suite-engine:6.0.3' with target 'org.junit.platform:junit-platform-suite-engine:6.0.3
2026-08-21T16:48:36.690-0300 [DEBUG] [io.spring.gradle.dependencymanagement.internal.DependencyManagementContainer] Found managed version '6.0.3' for dependency 'org.junit.platform:junit-platform-suite-engine' in global dependency management
2026-08-21T16:48:36.690-0300 [DEBUG] [io.spring.gradle.dependencymanagement.internal.VersionConfiguringAction] Using version '6.0.3' for dependency 'org.junit.platform:junit-platform-suite-engine:6.0.3'
2026-08-21T16:48:36.691-0300 [DEBUG] [io.spring.gradle.dependencymanagement.internal.VersionConfiguringAction] Processing requested dependency 'org.junit.platform:junit-platform-testkit:6.0.3' with target 'org.junit.platform:junit-platform-testkit:6.0.3
2026-08-21T16:48:36.691-0300 [DEBUG] [io.spring.gradle.dependencymanagement.internal.DependencyManagementContainer] Found managed version '6.0.3' for dependency 'org.junit.platform:junit-platform-testkit' in global dependency management
2026-08-21T16:48:36.691-0300 [DEBUG] [io.spring.gradle.dependencymanagement.internal.VersionConfiguringAction] Using version '6.0.3' for dependency 'org.junit.platform:junit-platform-testkit:6.0.3'
2026-08-21T16:48:36.691-0300 [DEBUG] [io.spring.gradle.dependencymanagement.internal.VersionConfiguringAction] Processing requested dependency 'org.junit.vintage:junit-vintage-engine:6.0.3' with target 'org.junit.vintage:junit-vintage-engine:6.0.3
2026-08-21T16:48:36.691-0300 [DEBUG] [io.spring.gradle.dependencymanagement.internal.DependencyManagementContainer] Found managed version '6.0.3' for dependency 'org.junit.vintage:junit-vintage-engine' in global dependency management
2026-08-21T16:48:36.691-0300 [DEBUG] [io.spring.gradle.dependencymanagement.internal.VersionConfiguringAction] Using version '6.0.3' for dependency 'org.junit.vintage:junit-vintage-engine:6.0.3'
2026-08-21T16:48:36.691-0300 [DEBUG] [org.gradle.api.internal.artifacts.ivyservice.ivyresolve.RepositoryChainComponentMetaDataResolver] Attempting to resolve component for org.junit.jupiter:junit-jupiter-api:6.0.3 using repositories [MavenRepo]
2026-08-21T16:48:36.691-0300 [DEBUG] [org.gradle.api.internal.artifacts.ivyservice.ivyresolve.CachingModuleComponentRepository] Using cached module metadata for module 'org.junit.jupiter:junit-jupiter-api:6.0.3' in 'MavenRepo'
2026-08-21T16:48:36.691-0300 [DEBUG] [org.gradle.api.internal.artifacts.ivyservice.ivyresolve.RepositoryChainComponentMetaDataResolver] Using org.junit.jupiter:junit-jupiter-api:6.0.3 from org.gradle.api.internal.artifacts.ivyservice.ivyresolve.FilteredModuleComponentRepository@4c16e69e
2026-08-21T16:48:36.691-0300 [DEBUG] [org.gradle.api.internal.artifacts.ivyservice.ivyresolve.RepositoryChainComponentMetaDataResolver] Attempting to resolve component for org.junit.jupiter:junit-jupiter-params:6.0.3 using repositories [MavenRepo]
2026-08-21T16:48:36.691-0300 [DEBUG] [org.gradle.api.internal.artifacts.ivyservice.ivyresolve.CachingModuleComponentRepository] Using cached module metadata for module 'org.junit.jupiter:junit-jupiter-params:6.0.3' in 'MavenRepo'
2026-08-21T16:48:36.691-0300 [DEBUG] [org.gradle.api.internal.artifacts.ivyservice.ivyresolve.RepositoryChainComponentMetaDataResolver] Using org.junit.jupiter:junit-jupiter-params:6.0.3 from org.gradle.api.internal.artifacts.ivyservice.ivyresolve.FilteredModuleComponentRepository@4c16e69e
2026-08-21T16:48:36.691-0300 [DEBUG] [io.spring.gradle.dependencymanagement.internal.VersionConfiguringAction] Processing requested dependency 'net.bytebuddy:byte-buddy:1.17.7' with target 'net.bytebuddy:byte-buddy:1.17.7
2026-08-21T16:48:36.691-0300 [DEBUG] [io.spring.gradle.dependencymanagement.internal.DependencyManagementContainer] Found managed version '1.18.10' for dependency 'net.bytebuddy:byte-buddy' in global dependency management
2026-08-21T16:48:36.691-0300 [DEBUG] [io.spring.gradle.dependencymanagement.internal.VersionConfiguringAction] Using version '1.18.10' for dependency 'net.bytebuddy:byte-buddy:1.17.7'
2026-08-21T16:48:36.691-0300 [DEBUG] [io.spring.gradle.dependencymanagement.internal.VersionConfiguringAction] Processing requested dependency 'net.bytebuddy:byte-buddy-agent:1.17.7' with target 'net.bytebuddy:byte-buddy-agent:1.17.7
2026-08-21T16:48:36.691-0300 [DEBUG] [io.spring.gradle.dependencymanagement.internal.DependencyManagementContainer] Found managed version '1.18.10' for dependency 'net.bytebuddy:byte-buddy-agent' in global dependency management
2026-08-21T16:48:36.691-0300 [DEBUG] [io.spring.gradle.dependencymanagement.internal.VersionConfiguringAction] Using version '1.18.10' for dependency 'net.bytebuddy:byte-buddy-agent:1.17.7'
2026-08-21T16:48:36.691-0300 [DEBUG] [org.gradle.api.internal.artifacts.ivyservice.ivyresolve.RepositoryChainComponentMetaDataResolver] Attempting to resolve component for net.bytebuddy:byte-buddy-agent:1.18.10 using repositories [MavenRepo]
2026-08-21T16:48:36.691-0300 [DEBUG] [org.gradle.api.internal.artifacts.ivyservice.ivyresolve.CachingModuleComponentRepository] Using cached module metadata for module 'net.bytebuddy:byte-buddy-agent:1.18.10' in 'MavenRepo'
2026-08-21T16:48:36.691-0300 [DEBUG] [org.gradle.api.internal.artifacts.ivyservice.ivyresolve.RepositoryChainComponentMetaDataResolver] Using net.bytebuddy:byte-buddy-agent:1.18.10 from org.gradle.api.internal.artifacts.ivyservice.ivyresolve.FilteredModuleComponentRepository@4c16e69e
2026-08-21T16:48:36.691-0300 [DEBUG] [io.spring.gradle.dependencymanagement.internal.VersionConfiguringAction] Processing requested dependency 'com.vaadin.external.google:android-json:0.0.20131108.vaadin1' with target 'com.vaadin.external.google:android-json:0.0.20131108.vaadin1
2026-08-21T16:48:36.691-0300 [DEBUG] [io.spring.gradle.dependencymanagement.internal.VersionConfiguringAction] No dependency management for dependency 'com.vaadin.external.google:android-json:0.0.20131108.vaadin1'
2026-08-21T16:48:36.691-0300 [DEBUG] [org.gradle.api.internal.artifacts.ivyservice.ivyresolve.RepositoryChainComponentMetaDataResolver] Attempting to resolve component for com.vaadin.external.google:android-json:0.0.20131108.vaadin1 using repositories [MavenRepo]
2026-08-21T16:48:36.691-0300 [DEBUG] [org.gradle.api.internal.artifacts.ivyservice.ivyresolve.CachingModuleComponentRepository] Using cached module metadata for module 'com.vaadin.external.google:android-json:0.0.20131108.vaadin1' in 'MavenRepo'
2026-08-21T16:48:36.691-0300 [DEBUG] [org.gradle.api.internal.artifacts.ivyservice.ivyresolve.RepositoryChainComponentMetaDataResolver] Using com.vaadin.external.google:android-json:0.0.20131108.vaadin1 from org.gradle.api.internal.artifacts.ivyservice.ivyresolve.FilteredModuleComponentRepository@4c16e69e
2026-08-21T16:48:36.691-0300 [DEBUG] [io.spring.gradle.dependencymanagement.internal.VersionConfiguringAction] Processing requested dependency 'commons-logging:commons-logging:1.3.5' with target 'commons-logging:commons-logging:1.3.5
2026-08-21T16:48:36.691-0300 [DEBUG] [io.spring.gradle.dependencymanagement.internal.DependencyManagementContainer] Found managed version '1.3.6' for dependency 'commons-logging:commons-logging' in global dependency management
2026-08-21T16:48:36.691-0300 [DEBUG] [io.spring.gradle.dependencymanagement.internal.VersionConfiguringAction] Using version '1.3.6' for dependency 'commons-logging:commons-logging:1.3.5'
2026-08-21T16:48:36.691-0300 [DEBUG] [io.spring.gradle.dependencymanagement.internal.VersionConfiguringAction] Processing requested dependency 'org.jspecify:jspecify:1.0.0' with target 'org.jspecify:jspecify:1.0.0
2026-08-21T16:48:36.691-0300 [DEBUG] [io.spring.gradle.dependencymanagement.internal.DependencyManagementContainer] Found managed version '1.0.0' for dependency 'org.jspecify:jspecify' in global dependency management
2026-08-21T16:48:36.691-0300 [DEBUG] [io.spring.gradle.dependencymanagement.internal.VersionConfiguringAction] Using version '1.0.0' for dependency 'org.jspecify:jspecify:1.0.0'
2026-08-21T16:48:36.691-0300 [DEBUG] [org.gradle.api.internal.artifacts.ivyservice.ivyresolve.RepositoryChainComponentMetaDataResolver] Attempting to resolve component for commons-logging:commons-logging:1.3.6 using repositories [MavenRepo]
2026-08-21T16:48:36.691-0300 [DEBUG] [org.gradle.api.internal.artifacts.ivyservice.ivyresolve.CachingModuleComponentRepository] Using cached module metadata for module 'commons-logging:commons-logging:1.3.6' in 'MavenRepo'
2026-08-21T16:48:36.692-0300 [DEBUG] [org.gradle.api.internal.artifacts.ivyservice.ivyresolve.RepositoryChainComponentMetaDataResolver] Using commons-logging:commons-logging:1.3.6 from org.gradle.api.internal.artifacts.ivyservice.ivyresolve.FilteredModuleComponentRepository@4c16e69e
2026-08-21T16:48:36.692-0300 [DEBUG] [org.gradle.api.internal.artifacts.ivyservice.ivyresolve.RepositoryChainComponentMetaDataResolver] Attempting to resolve component for org.jspecify:jspecify:1.0.0 using repositories [MavenRepo]
2026-08-21T16:48:36.692-0300 [DEBUG] [org.gradle.api.internal.artifacts.ivyservice.ivyresolve.CachingModuleComponentRepository] Using cached module metadata for module 'org.jspecify:jspecify:1.0.0' in 'MavenRepo'
2026-08-21T16:48:36.692-0300 [DEBUG] [org.gradle.api.internal.artifacts.ivyservice.ivyresolve.RepositoryChainComponentMetaDataResolver] Using org.jspecify:jspecify:1.0.0 from org.gradle.api.internal.artifacts.ivyservice.ivyresolve.FilteredModuleComponentRepository@4c16e69e
2026-08-21T16:48:36.692-0300 [DEBUG] [io.spring.gradle.dependencymanagement.internal.VersionConfiguringAction] Processing requested dependency 'ch.qos.logback:logback-core:1.5.34' with target 'ch.qos.logback:logback-core:1.5.34
2026-08-21T16:48:36.692-0300 [DEBUG] [io.spring.gradle.dependencymanagement.internal.DependencyManagementContainer] Found managed version '1.5.34' for dependency 'ch.qos.logback:logback-core' in global dependency management
2026-08-21T16:48:36.692-0300 [DEBUG] [io.spring.gradle.dependencymanagement.internal.VersionConfiguringAction] Using version '1.5.34' for dependency 'ch.qos.logback:logback-core:1.5.34'
2026-08-21T16:48:36.692-0300 [DEBUG] [io.spring.gradle.dependencymanagement.internal.VersionConfiguringAction] Processing requested dependency 'org.slf4j:slf4j-api:2.0.17' with target 'org.slf4j:slf4j-api:2.0.17
2026-08-21T16:48:36.692-0300 [DEBUG] [io.spring.gradle.dependencymanagement.internal.DependencyManagementContainer] Found managed version '2.0.18' for dependency 'org.slf4j:slf4j-api' in global dependency management
2026-08-21T16:48:36.692-0300 [DEBUG] [io.spring.gradle.dependencymanagement.internal.VersionConfiguringAction] Using version '2.0.18' for dependency 'org.slf4j:slf4j-api:2.0.17'
2026-08-21T16:48:36.692-0300 [DEBUG] [org.gradle.api.internal.artifacts.ivyservice.ivyresolve.RepositoryChainComponentMetaDataResolver] Attempting to resolve component for ch.qos.logback:logback-core:1.5.34 using repositories [MavenRepo]
2026-08-21T16:48:36.692-0300 [DEBUG] [org.gradle.api.internal.artifacts.ivyservice.ivyresolve.CachingModuleComponentRepository] Using cached module metadata for module 'ch.qos.logback:logback-core:1.5.34' in 'MavenRepo'
2026-08-21T16:48:36.692-0300 [DEBUG] [org.gradle.api.internal.artifacts.ivyservice.ivyresolve.RepositoryChainComponentMetaDataResolver] Using ch.qos.logback:logback-core:1.5.34 from org.gradle.api.internal.artifacts.ivyservice.ivyresolve.FilteredModuleComponentRepository@4c16e69e
2026-08-21T16:48:36.692-0300 [DEBUG] [org.gradle.api.internal.artifacts.ivyservice.ivyresolve.RepositoryChainComponentMetaDataResolver] Attempting to resolve component for org.slf4j:slf4j-api:2.0.18 using repositories [MavenRepo]
2026-08-21T16:48:36.692-0300 [DEBUG] [org.gradle.api.internal.artifacts.ivyservice.ivyresolve.CachingModuleComponentRepository] Using cached module metadata for module 'org.slf4j:slf4j-api:2.0.18' in 'MavenRepo'
2026-08-21T16:48:36.692-0300 [DEBUG] [org.gradle.api.internal.artifacts.ivyservice.ivyresolve.RepositoryChainComponentMetaDataResolver] Using org.slf4j:slf4j-api:2.0.18 from org.gradle.api.internal.artifacts.ivyservice.ivyresolve.FilteredModuleComponentRepository@4c16e69e
2026-08-21T16:48:36.692-0300 [DEBUG] [io.spring.gradle.dependencymanagement.internal.VersionConfiguringAction] Processing requested dependency 'org.apache.logging.log4j:log4j-api:2.25.4' with target 'org.apache.logging.log4j:log4j-api:2.25.4
2026-08-21T16:48:36.692-0300 [DEBUG] [io.spring.gradle.dependencymanagement.internal.DependencyManagementContainer] Found managed version '2.25.4' for dependency 'org.apache.logging.log4j:log4j-api' in global dependency management
2026-08-21T16:48:36.692-0300 [DEBUG] [io.spring.gradle.dependencymanagement.internal.VersionConfiguringAction] Using version '2.25.4' for dependency 'org.apache.logging.log4j:log4j-api:2.25.4'
2026-08-21T16:48:36.692-0300 [DEBUG] [io.spring.gradle.dependencymanagement.internal.VersionConfiguringAction] Processing requested dependency 'biz.aQute.bnd:biz.aQute.bnd.annotation:7.1.0' with target 'biz.aQute.bnd:biz.aQute.bnd.annotation:7.1.0
2026-08-21T16:48:36.692-0300 [DEBUG] [io.spring.gradle.dependencymanagement.internal.VersionConfiguringAction] No dependency management for dependency 'biz.aQute.bnd:biz.aQute.bnd.annotation:7.1.0'
2026-08-21T16:48:36.692-0300 [DEBUG] [io.spring.gradle.dependencymanagement.internal.VersionConfiguringAction] Processing requested dependency 'com.google.errorprone:error_prone_annotations:2.38.0' with target 'com.google.errorprone:error_prone_annotations:2.38.0
2026-08-21T16:48:36.692-0300 [DEBUG] [io.spring.gradle.dependencymanagement.internal.VersionConfiguringAction] No dependency management for dependency 'com.google.errorprone:error_prone_annotations:2.38.0'
2026-08-21T16:48:36.692-0300 [DEBUG] [io.spring.gradle.dependencymanagement.internal.VersionConfiguringAction] Processing requested dependency 'org.osgi:org.osgi.annotation.bundle:2.0.0' with target 'org.osgi:org.osgi.annotation.bundle:2.0.0
2026-08-21T16:48:36.692-0300 [DEBUG] [io.spring.gradle.dependencymanagement.internal.VersionConfiguringAction] No dependency management for dependency 'org.osgi:org.osgi.annotation.bundle:2.0.0'
2026-08-21T16:48:36.692-0300 [DEBUG] [io.spring.gradle.dependencymanagement.internal.VersionConfiguringAction] Processing requested dependency 'org.osgi:org.osgi.annotation.versioning:1.1.2' with target 'org.osgi:org.osgi.annotation.versioning:1.1.2
2026-08-21T16:48:36.692-0300 [DEBUG] [io.spring.gradle.dependencymanagement.internal.VersionConfiguringAction] No dependency management for dependency 'org.osgi:org.osgi.annotation.versioning:1.1.2'
2026-08-21T16:48:36.692-0300 [DEBUG] [org.gradle.api.internal.artifacts.ivyservice.ivyresolve.RepositoryChainComponentMetaDataResolver] Attempting to resolve component for org.apache.logging.log4j:log4j-api:2.25.4 using repositories [MavenRepo]
2026-08-21T16:48:36.692-0300 [DEBUG] [org.gradle.api.internal.artifacts.ivyservice.ivyresolve.CachingModuleComponentRepository] Using cached module metadata for module 'org.apache.logging.log4j:log4j-api:2.25.4' in 'MavenRepo'
2026-08-21T16:48:36.692-0300 [DEBUG] [org.gradle.api.internal.artifacts.ivyservice.ivyresolve.RepositoryChainComponentMetaDataResolver] Using org.apache.logging.log4j:log4j-api:2.25.4 from org.gradle.api.internal.artifacts.ivyservice.ivyresolve.FilteredModuleComponentRepository@4c16e69e
2026-08-21T16:48:36.692-0300 [DEBUG] [org.gradle.api.internal.artifacts.ivyservice.ivyresolve.RepositoryChainComponentMetaDataResolver] Attempting to resolve component for biz.aQute.bnd:biz.aQute.bnd.annotation:7.1.0 using repositories [MavenRepo]
2026-08-21T16:48:36.692-0300 [DEBUG] [org.gradle.api.internal.artifacts.ivyservice.ivyresolve.CachingModuleComponentRepository] Using cached module metadata for module 'biz.aQute.bnd:biz.aQute.bnd.annotation:7.1.0' in 'MavenRepo'
2026-08-21T16:48:36.693-0300 [DEBUG] [org.gradle.api.internal.artifacts.ivyservice.ivyresolve.RepositoryChainComponentMetaDataResolver] Using biz.aQute.bnd:biz.aQute.bnd.annotation:7.1.0 from org.gradle.api.internal.artifacts.ivyservice.ivyresolve.FilteredModuleComponentRepository@4c16e69e
2026-08-21T16:48:36.693-0300 [DEBUG] [org.gradle.api.internal.artifacts.ivyservice.ivyresolve.RepositoryChainComponentMetaDataResolver] Attempting to resolve component for com.google.errorprone:error_prone_annotations:2.38.0 using repositories [MavenRepo]
2026-08-21T16:48:36.693-0300 [DEBUG] [org.gradle.api.internal.artifacts.ivyservice.ivyresolve.CachingModuleComponentRepository] Using cached module metadata for module 'com.google.errorprone:error_prone_annotations:2.38.0' in 'MavenRepo'
2026-08-21T16:48:36.693-0300 [DEBUG] [org.gradle.api.internal.artifacts.ivyservice.ivyresolve.RepositoryChainComponentMetaDataResolver] Using com.google.errorprone:error_prone_annotations:2.38.0 from org.gradle.api.internal.artifacts.ivyservice.ivyresolve.FilteredModuleComponentRepository@4c16e69e
2026-08-21T16:48:36.693-0300 [DEBUG] [org.gradle.api.internal.artifacts.ivyservice.ivyresolve.RepositoryChainComponentMetaDataResolver] Attempting to resolve component for org.osgi:org.osgi.annotation.bundle:2.0.0 using repositories [MavenRepo]
2026-08-21T16:48:36.693-0300 [DEBUG] [org.gradle.api.internal.artifacts.ivyservice.ivyresolve.CachingModuleComponentRepository] Using cached module metadata for module 'org.osgi:org.osgi.annotation.bundle:2.0.0' in 'MavenRepo'
2026-08-21T16:48:36.693-0300 [DEBUG] [org.gradle.api.internal.artifacts.ivyservice.ivyresolve.RepositoryChainComponentMetaDataResolver] Using org.osgi:org.osgi.annotation.bundle:2.0.0 from org.gradle.api.internal.artifacts.ivyservice.ivyresolve.FilteredModuleComponentRepository@4c16e69e
2026-08-21T16:48:36.693-0300 [DEBUG] [org.gradle.api.internal.artifacts.ivyservice.ivyresolve.RepositoryChainComponentMetaDataResolver] Attempting to resolve component for org.osgi:org.osgi.annotation.versioning:1.1.2 using repositories [MavenRepo]
2026-08-21T16:48:36.693-0300 [DEBUG] [org.gradle.api.internal.artifacts.ivyservice.ivyresolve.CachingModuleComponentRepository] Using cached module metadata for module 'org.osgi:org.osgi.annotation.versioning:1.1.2' in 'MavenRepo'
2026-08-21T16:48:36.693-0300 [DEBUG] [org.gradle.api.internal.artifacts.ivyservice.ivyresolve.RepositoryChainComponentMetaDataResolver] Using org.osgi:org.osgi.annotation.versioning:1.1.2 from org.gradle.api.internal.artifacts.ivyservice.ivyresolve.FilteredModuleComponentRepository@4c16e69e
2026-08-21T16:48:36.693-0300 [DEBUG] [io.spring.gradle.dependencymanagement.internal.VersionConfiguringAction] Processing requested dependency 'org.slf4j:slf4j-api:2.0.18' with target 'org.slf4j:slf4j-api:2.0.18
2026-08-21T16:48:36.693-0300 [DEBUG] [io.spring.gradle.dependencymanagement.internal.DependencyManagementContainer] Found managed version '2.0.18' for dependency 'org.slf4j:slf4j-api' in global dependency management
2026-08-21T16:48:36.693-0300 [DEBUG] [io.spring.gradle.dependencymanagement.internal.VersionConfiguringAction] Using version '2.0.18' for dependency 'org.slf4j:slf4j-api:2.0.18'
2026-08-21T16:48:36.693-0300 [DEBUG] [io.spring.gradle.dependencymanagement.internal.VersionConfiguringAction] Processing requested dependency 'org.springframework:spring-context:7.0.8' with target 'org.springframework:spring-context:7.0.8
2026-08-21T16:48:36.693-0300 [DEBUG] [io.spring.gradle.dependencymanagement.internal.DependencyManagementContainer] Found managed version '7.0.8' for dependency 'org.springframework:spring-context' in global dependency management
2026-08-21T16:48:36.693-0300 [DEBUG] [io.spring.gradle.dependencymanagement.internal.VersionConfiguringAction] Using version '7.0.8' for dependency 'org.springframework:spring-context:7.0.8'
2026-08-21T16:48:36.693-0300 [DEBUG] [org.gradle.api.internal.artifacts.ivyservice.ivyresolve.RepositoryChainComponentMetaDataResolver] Attempting to resolve component for org.springframework:spring-context:7.0.8 using repositories [MavenRepo]
2026-08-21T16:48:36.693-0300 [DEBUG] [org.gradle.api.internal.artifacts.ivyservice.ivyresolve.CachingModuleComponentRepository] Using cached module metadata for module 'org.springframework:spring-context:7.0.8' in 'MavenRepo'
2026-08-21T16:48:36.693-0300 [DEBUG] [org.gradle.api.internal.artifacts.ivyservice.ivyresolve.RepositoryChainComponentMetaDataResolver] Using org.springframework:spring-context:7.0.8 from org.gradle.api.internal.artifacts.ivyservice.ivyresolve.FilteredModuleComponentRepository@4c16e69e
2026-08-21T16:48:36.693-0300 [DEBUG] [io.spring.gradle.dependencymanagement.internal.VersionConfiguringAction] Processing requested dependency 'org.springframework.boot:spring-boot-web-server:4.1.0' with target 'org.springframework.boot:spring-boot-web-server:4.1.0
2026-08-21T16:48:36.693-0300 [DEBUG] [io.spring.gradle.dependencymanagement.internal.DependencyManagementContainer] Found managed version '4.1.0' for dependency 'org.springframework.boot:spring-boot-web-server' in global dependency management
2026-08-21T16:48:36.693-0300 [DEBUG] [io.spring.gradle.dependencymanagement.internal.VersionConfiguringAction] Using version '4.1.0' for dependency 'org.springframework.boot:spring-boot-web-server:4.1.0'
2026-08-21T16:48:36.693-0300 [DEBUG] [io.spring.gradle.dependencymanagement.internal.VersionConfiguringAction] Processing requested dependency 'org.apache.tomcat.embed:tomcat-embed-core:11.0.22' with target 'org.apache.tomcat.embed:tomcat-embed-core:11.0.22
2026-08-21T16:48:36.693-0300 [DEBUG] [io.spring.gradle.dependencymanagement.internal.DependencyManagementContainer] Found managed version '11.0.22' for dependency 'org.apache.tomcat.embed:tomcat-embed-core' in global dependency management
2026-08-21T16:48:36.693-0300 [DEBUG] [io.spring.gradle.dependencymanagement.internal.VersionConfiguringAction] Using version '11.0.22' for dependency 'org.apache.tomcat.embed:tomcat-embed-core:11.0.22'
2026-08-21T16:48:36.693-0300 [DEBUG] [io.spring.gradle.dependencymanagement.internal.VersionConfiguringAction] Processing requested dependency 'org.apache.tomcat.embed:tomcat-embed-el:11.0.22' with target 'org.apache.tomcat.embed:tomcat-embed-el:11.0.22
2026-08-21T16:48:36.693-0300 [DEBUG] [io.spring.gradle.dependencymanagement.internal.DependencyManagementContainer] Found managed version '11.0.22' for dependency 'org.apache.tomcat.embed:tomcat-embed-el' in global dependency management
2026-08-21T16:48:36.693-0300 [DEBUG] [io.spring.gradle.dependencymanagement.internal.VersionConfiguringAction] Using version '11.0.22' for dependency 'org.apache.tomcat.embed:tomcat-embed-el:11.0.22'
2026-08-21T16:48:36.693-0300 [DEBUG] [io.spring.gradle.dependencymanagement.internal.VersionConfiguringAction] Processing requested dependency 'org.apache.tomcat.embed:tomcat-embed-websocket:11.0.22' with target 'org.apache.tomcat.embed:tomcat-embed-websocket:11.0.22
2026-08-21T16:48:36.693-0300 [DEBUG] [io.spring.gradle.dependencymanagement.internal.DependencyManagementContainer] Found managed version '11.0.22' for dependency 'org.apache.tomcat.embed:tomcat-embed-websocket' in global dependency management
2026-08-21T16:48:36.693-0300 [DEBUG] [io.spring.gradle.dependencymanagement.internal.VersionConfiguringAction] Using version '11.0.22' for dependency 'org.apache.tomcat.embed:tomcat-embed-websocket:11.0.22'
2026-08-21T16:48:36.693-0300 [DEBUG] [org.gradle.api.internal.artifacts.ivyservice.ivyresolve.RepositoryChainComponentMetaDataResolver] Attempting to resolve component for org.springframework.boot:spring-boot-web-server:4.1.0 using repositories [MavenRepo]
2026-08-21T16:48:36.694-0300 [DEBUG] [org.gradle.api.internal.artifacts.ivyservice.ivyresolve.CachingModuleComponentRepository] Using cached module metadata for module 'org.springframework.boot:spring-boot-web-server:4.1.0' in 'MavenRepo'
2026-08-21T16:48:36.694-0300 [DEBUG] [org.gradle.api.internal.artifacts.ivyservice.ivyresolve.RepositoryChainComponentMetaDataResolver] Using org.springframework.boot:spring-boot-web-server:4.1.0 from org.gradle.api.internal.artifacts.ivyservice.ivyresolve.FilteredModuleComponentRepository@4c16e69e
2026-08-21T16:48:36.694-0300 [DEBUG] [org.gradle.api.internal.artifacts.ivyservice.ivyresolve.RepositoryChainComponentMetaDataResolver] Attempting to resolve component for org.apache.tomcat.embed:tomcat-embed-core:11.0.22 using repositories [MavenRepo]
2026-08-21T16:48:36.694-0300 [DEBUG] [org.gradle.api.internal.artifacts.ivyservice.ivyresolve.CachingModuleComponentRepository] Using cached module metadata for module 'org.apache.tomcat.embed:tomcat-embed-core:11.0.22' in 'MavenRepo'
2026-08-21T16:48:36.694-0300 [DEBUG] [org.gradle.api.internal.artifacts.ivyservice.ivyresolve.RepositoryChainComponentMetaDataResolver] Using org.apache.tomcat.embed:tomcat-embed-core:11.0.22 from org.gradle.api.internal.artifacts.ivyservice.ivyresolve.FilteredModuleComponentRepository@4c16e69e
2026-08-21T16:48:36.694-0300 [DEBUG] [org.gradle.api.internal.artifacts.ivyservice.ivyresolve.RepositoryChainComponentMetaDataResolver] Attempting to resolve component for org.apache.tomcat.embed:tomcat-embed-el:11.0.22 using repositories [MavenRepo]
2026-08-21T16:48:36.694-0300 [DEBUG] [org.gradle.api.internal.artifacts.ivyservice.ivyresolve.CachingModuleComponentRepository] Using cached module metadata for module 'org.apache.tomcat.embed:tomcat-embed-el:11.0.22' in 'MavenRepo'
2026-08-21T16:48:36.694-0300 [DEBUG] [org.gradle.api.internal.artifacts.ivyservice.ivyresolve.RepositoryChainComponentMetaDataResolver] Using org.apache.tomcat.embed:tomcat-embed-el:11.0.22 from org.gradle.api.internal.artifacts.ivyservice.ivyresolve.FilteredModuleComponentRepository@4c16e69e
2026-08-21T16:48:36.694-0300 [DEBUG] [org.gradle.api.internal.artifacts.ivyservice.ivyresolve.RepositoryChainComponentMetaDataResolver] Attempting to resolve component for org.apache.tomcat.embed:tomcat-embed-websocket:11.0.22 using repositories [MavenRepo]
2026-08-21T16:48:36.694-0300 [DEBUG] [org.gradle.api.internal.artifacts.ivyservice.ivyresolve.CachingModuleComponentRepository] Using cached module metadata for module 'org.apache.tomcat.embed:tomcat-embed-websocket:11.0.22' in 'MavenRepo'
2026-08-21T16:48:36.694-0300 [DEBUG] [org.gradle.api.internal.artifacts.ivyservice.ivyresolve.RepositoryChainComponentMetaDataResolver] Using org.apache.tomcat.embed:tomcat-embed-websocket:11.0.22 from org.gradle.api.internal.artifacts.ivyservice.ivyresolve.FilteredModuleComponentRepository@4c16e69e
2026-08-21T16:48:36.694-0300 [DEBUG] [io.spring.gradle.dependencymanagement.internal.VersionConfiguringAction] Processing requested dependency 'io.micrometer:micrometer-observation:1.16.6' with target 'io.micrometer:micrometer-observation:1.16.6
2026-08-21T16:48:36.694-0300 [DEBUG] [io.spring.gradle.dependencymanagement.internal.DependencyManagementContainer] Found managed version '1.17.0' for dependency 'io.micrometer:micrometer-observation' in global dependency management
2026-08-21T16:48:36.694-0300 [DEBUG] [io.spring.gradle.dependencymanagement.internal.VersionConfiguringAction] Using version '1.17.0' for dependency 'io.micrometer:micrometer-observation:1.16.6'
2026-08-21T16:48:36.694-0300 [DEBUG] [org.gradle.api.internal.artifacts.ivyservice.ivyresolve.RepositoryChainComponentMetaDataResolver] Attempting to resolve component for io.micrometer:micrometer-observation:1.17.0 using repositories [MavenRepo]
2026-08-21T16:48:36.694-0300 [DEBUG] [org.gradle.api.internal.artifacts.ivyservice.ivyresolve.CachingModuleComponentRepository] Using cached module metadata for module 'io.micrometer:micrometer-observation:1.17.0' in 'MavenRepo'
2026-08-21T16:48:36.694-0300 [DEBUG] [org.gradle.api.internal.artifacts.ivyservice.ivyresolve.RepositoryChainComponentMetaDataResolver] Using io.micrometer:micrometer-observation:1.17.0 from org.gradle.api.internal.artifacts.ivyservice.ivyresolve.FilteredModuleComponentRepository@4c16e69e
2026-08-21T16:48:36.694-0300 [DEBUG] [io.spring.gradle.dependencymanagement.internal.VersionConfiguringAction] Processing requested dependency 'org.springframework:spring-aop:7.0.8' with target 'org.springframework:spring-aop:7.0.8
2026-08-21T16:48:36.694-0300 [DEBUG] [io.spring.gradle.dependencymanagement.internal.DependencyManagementContainer] Found managed version '7.0.8' for dependency 'org.springframework:spring-aop' in global dependency management
2026-08-21T16:48:36.694-0300 [DEBUG] [io.spring.gradle.dependencymanagement.internal.VersionConfiguringAction] Using version '7.0.8' for dependency 'org.springframework:spring-aop:7.0.8'
2026-08-21T16:48:36.694-0300 [DEBUG] [io.spring.gradle.dependencymanagement.internal.VersionConfiguringAction] Processing requested dependency 'org.springframework:spring-expression:7.0.8' with target 'org.springframework:spring-expression:7.0.8
2026-08-21T16:48:36.694-0300 [DEBUG] [io.spring.gradle.dependencymanagement.internal.DependencyManagementContainer] Found managed version '7.0.8' for dependency 'org.springframework:spring-expression' in global dependency management
2026-08-21T16:48:36.694-0300 [DEBUG] [io.spring.gradle.dependencymanagement.internal.VersionConfiguringAction] Using version '7.0.8' for dependency 'org.springframework:spring-expression:7.0.8'
2026-08-21T16:48:36.694-0300 [DEBUG] [org.gradle.api.internal.artifacts.ivyservice.ivyresolve.RepositoryChainComponentMetaDataResolver] Attempting to resolve component for org.springframework:spring-aop:7.0.8 using repositories [MavenRepo]
2026-08-21T16:48:36.694-0300 [DEBUG] [org.gradle.api.internal.artifacts.ivyservice.ivyresolve.CachingModuleComponentRepository] Using cached module metadata for module 'org.springframework:spring-aop:7.0.8' in 'MavenRepo'
2026-08-21T16:48:36.694-0300 [DEBUG] [org.gradle.api.internal.artifacts.ivyservice.ivyresolve.RepositoryChainComponentMetaDataResolver] Using org.springframework:spring-aop:7.0.8 from org.gradle.api.internal.artifacts.ivyservice.ivyresolve.FilteredModuleComponentRepository@4c16e69e
2026-08-21T16:48:36.694-0300 [DEBUG] [org.gradle.api.internal.artifacts.ivyservice.ivyresolve.RepositoryChainComponentMetaDataResolver] Attempting to resolve component for org.springframework:spring-expression:7.0.8 using repositories [MavenRepo]
2026-08-21T16:48:36.694-0300 [DEBUG] [org.gradle.api.internal.artifacts.ivyservice.ivyresolve.CachingModuleComponentRepository] Using cached module metadata for module 'org.springframework:spring-expression:7.0.8' in 'MavenRepo'
2026-08-21T16:48:36.694-0300 [DEBUG] [org.gradle.api.internal.artifacts.ivyservice.ivyresolve.RepositoryChainComponentMetaDataResolver] Using org.springframework:spring-expression:7.0.8 from org.gradle.api.internal.artifacts.ivyservice.ivyresolve.FilteredModuleComponentRepository@4c16e69e
2026-08-21T16:48:36.694-0300 [DEBUG] [io.spring.gradle.dependencymanagement.internal.VersionConfiguringAction] Processing requested dependency 'org.springframework.boot:spring-boot-persistence:4.1.0' with target 'org.springframework.boot:spring-boot-persistence:4.1.0
2026-08-21T16:48:36.694-0300 [DEBUG] [io.spring.gradle.dependencymanagement.internal.DependencyManagementContainer] Found managed version '4.1.0' for dependency 'org.springframework.boot:spring-boot-persistence' in global dependency management
2026-08-21T16:48:36.694-0300 [DEBUG] [io.spring.gradle.dependencymanagement.internal.VersionConfiguringAction] Using version '4.1.0' for dependency 'org.springframework.boot:spring-boot-persistence:4.1.0'
2026-08-21T16:48:36.694-0300 [DEBUG] [io.spring.gradle.dependencymanagement.internal.VersionConfiguringAction] Processing requested dependency 'org.springframework.data:spring-data-commons:4.1.0' with target 'org.springframework.data:spring-data-commons:4.1.0
2026-08-21T16:48:36.695-0300 [DEBUG] [io.spring.gradle.dependencymanagement.internal.DependencyManagementContainer] Found managed version '4.1.0' for dependency 'org.springframework.data:spring-data-commons' in global dependency management
2026-08-21T16:48:36.695-0300 [DEBUG] [io.spring.gradle.dependencymanagement.internal.VersionConfiguringAction] Using version '4.1.0' for dependency 'org.springframework.data:spring-data-commons:4.1.0'
2026-08-21T16:48:36.695-0300 [DEBUG] [org.gradle.api.internal.artifacts.ivyservice.ivyresolve.RepositoryChainComponentMetaDataResolver] Attempting to resolve component for org.springframework.boot:spring-boot-persistence:4.1.0 using repositories [MavenRepo]
2026-08-21T16:48:36.695-0300 [DEBUG] [org.gradle.api.internal.artifacts.ivyservice.ivyresolve.CachingModuleComponentRepository] Using cached module metadata for module 'org.springframework.boot:spring-boot-persistence:4.1.0' in 'MavenRepo'
2026-08-21T16:48:36.695-0300 [DEBUG] [org.gradle.api.internal.artifacts.ivyservice.ivyresolve.RepositoryChainComponentMetaDataResolver] Using org.springframework.boot:spring-boot-persistence:4.1.0 from org.gradle.api.internal.artifacts.ivyservice.ivyresolve.FilteredModuleComponentRepository@4c16e69e
2026-08-21T16:48:36.695-0300 [DEBUG] [org.gradle.api.internal.artifacts.ivyservice.ivyresolve.RepositoryChainComponentMetaDataResolver] Attempting to resolve component for org.springframework.data:spring-data-commons:4.1.0 using repositories [MavenRepo]
2026-08-21T16:48:36.695-0300 [DEBUG] [org.gradle.api.internal.artifacts.ivyservice.ivyresolve.CachingModuleComponentRepository] Using cached module metadata for module 'org.springframework.data:spring-data-commons:4.1.0' in 'MavenRepo'
2026-08-21T16:48:36.695-0300 [DEBUG] [org.gradle.api.internal.artifacts.ivyservice.ivyresolve.RepositoryChainComponentMetaDataResolver] Using org.springframework.data:spring-data-commons:4.1.0 from org.gradle.api.internal.artifacts.ivyservice.ivyresolve.FilteredModuleComponentRepository@4c16e69e
2026-08-21T16:48:36.695-0300 [DEBUG] [io.spring.gradle.dependencymanagement.internal.VersionConfiguringAction] Processing requested dependency 'org.springframework.boot:spring-boot-jpa:4.1.0' with target 'org.springframework.boot:spring-boot-jpa:4.1.0
2026-08-21T16:48:36.695-0300 [DEBUG] [io.spring.gradle.dependencymanagement.internal.DependencyManagementContainer] Found managed version '4.1.0' for dependency 'org.springframework.boot:spring-boot-jpa' in global dependency management
2026-08-21T16:48:36.695-0300 [DEBUG] [io.spring.gradle.dependencymanagement.internal.VersionConfiguringAction] Using version '4.1.0' for dependency 'org.springframework.boot:spring-boot-jpa:4.1.0'
2026-08-21T16:48:36.695-0300 [DEBUG] [io.spring.gradle.dependencymanagement.internal.VersionConfiguringAction] Processing requested dependency 'org.hibernate.orm:hibernate-core:7.4.1.Final' with target 'org.hibernate.orm:hibernate-core:7.4.1.Final
2026-08-21T16:48:36.695-0300 [DEBUG] [io.spring.gradle.dependencymanagement.internal.DependencyManagementContainer] Found managed version '7.4.1.Final' for dependency 'org.hibernate.orm:hibernate-core' in global dependency management
2026-08-21T16:48:36.695-0300 [DEBUG] [io.spring.gradle.dependencymanagement.internal.VersionConfiguringAction] Using version '7.4.1.Final' for dependency 'org.hibernate.orm:hibernate-core:7.4.1.Final'
2026-08-21T16:48:36.695-0300 [DEBUG] [io.spring.gradle.dependencymanagement.internal.VersionConfiguringAction] Processing requested dependency 'org.springframework:spring-orm:7.0.8' with target 'org.springframework:spring-orm:7.0.8
2026-08-21T16:48:36.695-0300 [DEBUG] [io.spring.gradle.dependencymanagement.internal.DependencyManagementContainer] Found managed version '7.0.8' for dependency 'org.springframework:spring-orm' in global dependency management
2026-08-21T16:48:36.695-0300 [DEBUG] [io.spring.gradle.dependencymanagement.internal.VersionConfiguringAction] Using version '7.0.8' for dependency 'org.springframework:spring-orm:7.0.8'
2026-08-21T16:48:36.695-0300 [DEBUG] [org.gradle.api.internal.artifacts.ivyservice.ivyresolve.RepositoryChainComponentMetaDataResolver] Attempting to resolve component for org.springframework.boot:spring-boot-jpa:4.1.0 using repositories [MavenRepo]
2026-08-21T16:48:36.695-0300 [DEBUG] [org.gradle.api.internal.artifacts.ivyservice.ivyresolve.CachingModuleComponentRepository] Using cached module metadata for module 'org.springframework.boot:spring-boot-jpa:4.1.0' in 'MavenRepo'
2026-08-21T16:48:36.695-0300 [DEBUG] [org.gradle.api.internal.artifacts.ivyservice.ivyresolve.RepositoryChainComponentMetaDataResolver] Using org.springframework.boot:spring-boot-jpa:4.1.0 from org.gradle.api.internal.artifacts.ivyservice.ivyresolve.FilteredModuleComponentRepository@4c16e69e
2026-08-21T16:48:36.695-0300 [DEBUG] [org.gradle.api.internal.artifacts.ivyservice.ivyresolve.RepositoryChainComponentMetaDataResolver] Attempting to resolve component for org.hibernate.orm:hibernate-core:7.4.1.Final using repositories [MavenRepo]
2026-08-21T16:48:36.695-0300 [DEBUG] [org.gradle.api.internal.artifacts.ivyservice.ivyresolve.CachingModuleComponentRepository] Using cached module metadata for module 'org.hibernate.orm:hibernate-core:7.4.1.Final' in 'MavenRepo'
2026-08-21T16:48:36.695-0300 [DEBUG] [org.gradle.api.internal.artifacts.ivyservice.ivyresolve.RepositoryChainComponentMetaDataResolver] Using org.hibernate.orm:hibernate-core:7.4.1.Final from org.gradle.api.internal.artifacts.ivyservice.ivyresolve.FilteredModuleComponentRepository@4c16e69e
2026-08-21T16:48:36.695-0300 [DEBUG] [org.gradle.api.internal.artifacts.ivyservice.ivyresolve.RepositoryChainComponentMetaDataResolver] Attempting to resolve component for org.springframework:spring-orm:7.0.8 using repositories [MavenRepo]
2026-08-21T16:48:36.695-0300 [DEBUG] [org.gradle.api.internal.artifacts.ivyservice.ivyresolve.CachingModuleComponentRepository] Using cached module metadata for module 'org.springframework:spring-orm:7.0.8' in 'MavenRepo'
2026-08-21T16:48:36.695-0300 [DEBUG] [org.gradle.api.internal.artifacts.ivyservice.ivyresolve.RepositoryChainComponentMetaDataResolver] Using org.springframework:spring-orm:7.0.8 from org.gradle.api.internal.artifacts.ivyservice.ivyresolve.FilteredModuleComponentRepository@4c16e69e
2026-08-21T16:48:36.695-0300 [DEBUG] [io.spring.gradle.dependencymanagement.internal.VersionConfiguringAction] Processing requested dependency 'org.springframework:spring-tx:7.0.8' with target 'org.springframework:spring-tx:7.0.8
2026-08-21T16:48:36.695-0300 [DEBUG] [io.spring.gradle.dependencymanagement.internal.DependencyManagementContainer] Found managed version '7.0.8' for dependency 'org.springframework:spring-tx' in global dependency management
2026-08-21T16:48:36.695-0300 [DEBUG] [io.spring.gradle.dependencymanagement.internal.VersionConfiguringAction] Using version '7.0.8' for dependency 'org.springframework:spring-tx:7.0.8'
2026-08-21T16:48:36.695-0300 [DEBUG] [io.spring.gradle.dependencymanagement.internal.VersionConfiguringAction] Processing requested dependency 'org.antlr:antlr4-runtime:4.13.2' with target 'org.antlr:antlr4-runtime:4.13.2
2026-08-21T16:48:36.695-0300 [DEBUG] [io.spring.gradle.dependencymanagement.internal.VersionConfiguringAction] No dependency management for dependency 'org.antlr:antlr4-runtime:4.13.2'
2026-08-21T16:48:36.695-0300 [DEBUG] [io.spring.gradle.dependencymanagement.internal.VersionConfiguringAction] Processing requested dependency 'jakarta.annotation:jakarta.annotation-api:2.0.0' with target 'jakarta.annotation:jakarta.annotation-api:2.0.0
2026-08-21T16:48:36.695-0300 [DEBUG] [io.spring.gradle.dependencymanagement.internal.DependencyManagementContainer] Found managed version '3.0.0' for dependency 'jakarta.annotation:jakarta.annotation-api' in global dependency management
2026-08-21T16:48:36.695-0300 [DEBUG] [io.spring.gradle.dependencymanagement.internal.VersionConfiguringAction] Using version '3.0.0' for dependency 'jakarta.annotation:jakarta.annotation-api:2.0.0'
2026-08-21T16:48:36.695-0300 [DEBUG] [org.gradle.api.internal.artifacts.ivyservice.ivyresolve.RepositoryChainComponentMetaDataResolver] Attempting to resolve component for org.springframework:spring-tx:7.0.8 using repositories [MavenRepo]
2026-08-21T16:48:36.696-0300 [DEBUG] [org.gradle.api.internal.artifacts.ivyservice.ivyresolve.CachingModuleComponentRepository] Using cached module metadata for module 'org.springframework:spring-tx:7.0.8' in 'MavenRepo'
2026-08-21T16:48:36.696-0300 [DEBUG] [org.gradle.api.internal.artifacts.ivyservice.ivyresolve.RepositoryChainComponentMetaDataResolver] Using org.springframework:spring-tx:7.0.8 from org.gradle.api.internal.artifacts.ivyservice.ivyresolve.FilteredModuleComponentRepository@4c16e69e
2026-08-21T16:48:36.696-0300 [DEBUG] [org.gradle.api.internal.artifacts.ivyservice.ivyresolve.RepositoryChainComponentMetaDataResolver] Attempting to resolve component for org.antlr:antlr4-runtime:4.13.2 using repositories [MavenRepo]
2026-08-21T16:48:36.696-0300 [DEBUG] [org.gradle.api.internal.artifacts.ivyservice.ivyresolve.CachingModuleComponentRepository] Using cached module metadata for module 'org.antlr:antlr4-runtime:4.13.2' in 'MavenRepo'
2026-08-21T16:48:36.696-0300 [DEBUG] [org.gradle.api.internal.artifacts.ivyservice.ivyresolve.RepositoryChainComponentMetaDataResolver] Using org.antlr:antlr4-runtime:4.13.2 from org.gradle.api.internal.artifacts.ivyservice.ivyresolve.FilteredModuleComponentRepository@4c16e69e
2026-08-21T16:48:36.696-0300 [DEBUG] [io.spring.gradle.dependencymanagement.internal.VersionConfiguringAction] Processing requested dependency 'org.aspectj:aspectjweaver:1.9.25' with target 'org.aspectj:aspectjweaver:1.9.25
2026-08-21T16:48:36.696-0300 [DEBUG] [io.spring.gradle.dependencymanagement.internal.DependencyManagementContainer] Found managed version '1.9.25.1' for dependency 'org.aspectj:aspectjweaver' in global dependency management
2026-08-21T16:48:36.696-0300 [DEBUG] [io.spring.gradle.dependencymanagement.internal.VersionConfiguringAction] Using version '1.9.25.1' for dependency 'org.aspectj:aspectjweaver:1.9.25'
2026-08-21T16:48:36.696-0300 [DEBUG] [org.gradle.api.internal.artifacts.ivyservice.ivyresolve.RepositoryChainComponentMetaDataResolver] Attempting to resolve component for org.aspectj:aspectjweaver:1.9.25.1 using repositories [MavenRepo]
2026-08-21T16:48:36.696-0300 [DEBUG] [org.gradle.api.internal.artifacts.ivyservice.ivyresolve.CachingModuleComponentRepository] Using cached module metadata for module 'org.aspectj:aspectjweaver:1.9.25.1' in 'MavenRepo'
2026-08-21T16:48:36.696-0300 [DEBUG] [org.gradle.api.internal.artifacts.ivyservice.ivyresolve.RepositoryChainComponentMetaDataResolver] Using org.aspectj:aspectjweaver:1.9.25.1 from org.gradle.api.internal.artifacts.ivyservice.ivyresolve.FilteredModuleComponentRepository@4c16e69e
2026-08-21T16:48:36.696-0300 [DEBUG] [io.spring.gradle.dependencymanagement.internal.VersionConfiguringAction] Processing requested dependency 'redis.clients.authentication:redis-authx-core:0.1.1-beta2' with target 'redis.clients.authentication:redis-authx-core:0.1.1-beta2
2026-08-21T16:48:36.696-0300 [DEBUG] [io.spring.gradle.dependencymanagement.internal.VersionConfiguringAction] No dependency management for dependency 'redis.clients.authentication:redis-authx-core:0.1.1-beta2'
2026-08-21T16:48:36.696-0300 [DEBUG] [io.spring.gradle.dependencymanagement.internal.VersionConfiguringAction] Processing requested dependency 'io.netty:netty-common:4.2.13.Final' with target 'io.netty:netty-common:4.2.13.Final
2026-08-21T16:48:36.696-0300 [DEBUG] [io.spring.gradle.dependencymanagement.internal.DependencyManagementContainer] Found managed version '4.2.15.Final' for dependency 'io.netty:netty-common' in global dependency management
2026-08-21T16:48:36.696-0300 [DEBUG] [io.spring.gradle.dependencymanagement.internal.VersionConfiguringAction] Using version '4.2.15.Final' for dependency 'io.netty:netty-common:4.2.13.Final'
2026-08-21T16:48:36.696-0300 [DEBUG] [io.spring.gradle.dependencymanagement.internal.VersionConfiguringAction] Processing requested dependency 'io.netty:netty-handler:4.2.13.Final' with target 'io.netty:netty-handler:4.2.13.Final
2026-08-21T16:48:36.696-0300 [DEBUG] [io.spring.gradle.dependencymanagement.internal.DependencyManagementContainer] Found managed version '4.2.15.Final' for dependency 'io.netty:netty-handler' in global dependency management
2026-08-21T16:48:36.696-0300 [DEBUG] [io.spring.gradle.dependencymanagement.internal.VersionConfiguringAction] Using version '4.2.15.Final' for dependency 'io.netty:netty-handler:4.2.13.Final'
2026-08-21T16:48:36.696-0300 [DEBUG] [io.spring.gradle.dependencymanagement.internal.VersionConfiguringAction] Processing requested dependency 'io.netty:netty-transport:4.2.13.Final' with target 'io.netty:netty-transport:4.2.13.Final
2026-08-21T16:48:36.696-0300 [DEBUG] [io.spring.gradle.dependencymanagement.internal.DependencyManagementContainer] Found managed version '4.2.15.Final' for dependency 'io.netty:netty-transport' in global dependency management
2026-08-21T16:48:36.696-0300 [DEBUG] [io.spring.gradle.dependencymanagement.internal.VersionConfiguringAction] Using version '4.2.15.Final' for dependency 'io.netty:netty-transport:4.2.13.Final'
2026-08-21T16:48:36.696-0300 [DEBUG] [io.spring.gradle.dependencymanagement.internal.VersionConfiguringAction] Processing requested dependency 'io.projectreactor:reactor-core:3.6.6' with target 'io.projectreactor:reactor-core:3.6.6
2026-08-21T16:48:36.696-0300 [DEBUG] [io.spring.gradle.dependencymanagement.internal.DependencyManagementContainer] Found managed version '3.8.6' for dependency 'io.projectreactor:reactor-core' in global dependency management
2026-08-21T16:48:36.696-0300 [DEBUG] [io.spring.gradle.dependencymanagement.internal.VersionConfiguringAction] Using version '3.8.6' for dependency 'io.projectreactor:reactor-core:3.6.6'
2026-08-21T16:48:36.696-0300 [DEBUG] [io.spring.gradle.dependencymanagement.internal.VersionConfiguringAction] Processing requested dependency 'io.netty:netty-resolver-dns:4.2.13.Final' with target 'io.netty:netty-resolver-dns:4.2.13.Final
2026-08-21T16:48:36.696-0300 [DEBUG] [io.spring.gradle.dependencymanagement.internal.DependencyManagementContainer] Found managed version '4.2.15.Final' for dependency 'io.netty:netty-resolver-dns' in global dependency management
2026-08-21T16:48:36.696-0300 [DEBUG] [io.spring.gradle.dependencymanagement.internal.VersionConfiguringAction] Using version '4.2.15.Final' for dependency 'io.netty:netty-resolver-dns:4.2.13.Final'
2026-08-21T16:48:36.696-0300 [DEBUG] [org.gradle.api.internal.artifacts.ivyservice.ivyresolve.RepositoryChainComponentMetaDataResolver] Attempting to resolve component for redis.clients.authentication:redis-authx-core:0.1.1-beta2 using repositories [MavenRepo]
2026-08-21T16:48:36.696-0300 [DEBUG] [org.gradle.api.internal.artifacts.ivyservice.ivyresolve.CachingModuleComponentRepository] Using cached module metadata for module 'redis.clients.authentication:redis-authx-core:0.1.1-beta2' in 'MavenRepo'
2026-08-21T16:48:36.696-0300 [DEBUG] [org.gradle.api.internal.artifacts.ivyservice.ivyresolve.RepositoryChainComponentMetaDataResolver] Using redis.clients.authentication:redis-authx-core:0.1.1-beta2 from org.gradle.api.internal.artifacts.ivyservice.ivyresolve.FilteredModuleComponentRepository@4c16e69e
2026-08-21T16:48:36.696-0300 [DEBUG] [org.gradle.api.internal.artifacts.ivyservice.ivyresolve.RepositoryChainComponentMetaDataResolver] Attempting to resolve component for io.netty:netty-common:4.2.15.Final using repositories [MavenRepo]
2026-08-21T16:48:36.696-0300 [DEBUG] [org.gradle.api.internal.artifacts.ivyservice.ivyresolve.CachingModuleComponentRepository] Using cached module metadata for module 'io.netty:netty-common:4.2.15.Final' in 'MavenRepo'
2026-08-21T16:48:36.697-0300 [DEBUG] [org.gradle.api.internal.artifacts.ivyservice.ivyresolve.RepositoryChainComponentMetaDataResolver] Using io.netty:netty-common:4.2.15.Final from org.gradle.api.internal.artifacts.ivyservice.ivyresolve.FilteredModuleComponentRepository@4c16e69e
2026-08-21T16:48:36.697-0300 [DEBUG] [org.gradle.api.internal.artifacts.ivyservice.ivyresolve.RepositoryChainComponentMetaDataResolver] Attempting to resolve component for io.netty:netty-handler:4.2.15.Final using repositories [MavenRepo]
2026-08-21T16:48:36.697-0300 [DEBUG] [org.gradle.api.internal.artifacts.ivyservice.ivyresolve.CachingModuleComponentRepository] Using cached module metadata for module 'io.netty:netty-handler:4.2.15.Final' in 'MavenRepo'
2026-08-21T16:48:36.697-0300 [DEBUG] [org.gradle.api.internal.artifacts.ivyservice.ivyresolve.RepositoryChainComponentMetaDataResolver] Using io.netty:netty-handler:4.2.15.Final from org.gradle.api.internal.artifacts.ivyservice.ivyresolve.FilteredModuleComponentRepository@4c16e69e
2026-08-21T16:48:36.697-0300 [DEBUG] [org.gradle.api.internal.artifacts.ivyservice.ivyresolve.RepositoryChainComponentMetaDataResolver] Attempting to resolve component for io.netty:netty-transport:4.2.15.Final using repositories [MavenRepo]
2026-08-21T16:48:36.697-0300 [DEBUG] [org.gradle.api.internal.artifacts.ivyservice.ivyresolve.CachingModuleComponentRepository] Using cached module metadata for module 'io.netty:netty-transport:4.2.15.Final' in 'MavenRepo'
2026-08-21T16:48:36.697-0300 [DEBUG] [org.gradle.api.internal.artifacts.ivyservice.ivyresolve.RepositoryChainComponentMetaDataResolver] Using io.netty:netty-transport:4.2.15.Final from org.gradle.api.internal.artifacts.ivyservice.ivyresolve.FilteredModuleComponentRepository@4c16e69e
2026-08-21T16:48:36.697-0300 [DEBUG] [org.gradle.api.internal.artifacts.ivyservice.ivyresolve.RepositoryChainComponentMetaDataResolver] Attempting to resolve component for io.projectreactor:reactor-core:3.8.6 using repositories [MavenRepo]
2026-08-21T16:48:36.697-0300 [DEBUG] [org.gradle.api.internal.artifacts.ivyservice.ivyresolve.CachingModuleComponentRepository] Using cached module metadata for module 'io.projectreactor:reactor-core:3.8.6' in 'MavenRepo'
2026-08-21T16:48:36.697-0300 [DEBUG] [org.gradle.api.internal.artifacts.ivyservice.ivyresolve.RepositoryChainComponentMetaDataResolver] Using io.projectreactor:reactor-core:3.8.6 from org.gradle.api.internal.artifacts.ivyservice.ivyresolve.FilteredModuleComponentRepository@4c16e69e
2026-08-21T16:48:36.697-0300 [DEBUG] [org.gradle.api.internal.artifacts.ivyservice.ivyresolve.RepositoryChainComponentMetaDataResolver] Attempting to resolve component for io.netty:netty-resolver-dns:4.2.15.Final using repositories [MavenRepo]
2026-08-21T16:48:36.697-0300 [DEBUG] [org.gradle.api.internal.artifacts.ivyservice.ivyresolve.CachingModuleComponentRepository] Using cached module metadata for module 'io.netty:netty-resolver-dns:4.2.15.Final' in 'MavenRepo'
2026-08-21T16:48:36.697-0300 [DEBUG] [org.gradle.api.internal.artifacts.ivyservice.ivyresolve.RepositoryChainComponentMetaDataResolver] Using io.netty:netty-resolver-dns:4.2.15.Final from org.gradle.api.internal.artifacts.ivyservice.ivyresolve.FilteredModuleComponentRepository@4c16e69e
2026-08-21T16:48:36.697-0300 [DEBUG] [io.spring.gradle.dependencymanagement.internal.VersionConfiguringAction] Processing requested dependency 'org.springframework.data:spring-data-keyvalue:4.1.0' with target 'org.springframework.data:spring-data-keyvalue:4.1.0
2026-08-21T16:48:36.697-0300 [DEBUG] [io.spring.gradle.dependencymanagement.internal.DependencyManagementContainer] Found managed version '4.1.0' for dependency 'org.springframework.data:spring-data-keyvalue' in global dependency management
2026-08-21T16:48:36.697-0300 [DEBUG] [io.spring.gradle.dependencymanagement.internal.VersionConfiguringAction] Using version '4.1.0' for dependency 'org.springframework.data:spring-data-keyvalue:4.1.0'
2026-08-21T16:48:36.697-0300 [DEBUG] [io.spring.gradle.dependencymanagement.internal.VersionConfiguringAction] Processing requested dependency 'org.springframework:spring-oxm:7.0.8' with target 'org.springframework:spring-oxm:7.0.8
2026-08-21T16:48:36.697-0300 [DEBUG] [io.spring.gradle.dependencymanagement.internal.DependencyManagementContainer] Found managed version '7.0.8' for dependency 'org.springframework:spring-oxm' in global dependency management
2026-08-21T16:48:36.697-0300 [DEBUG] [io.spring.gradle.dependencymanagement.internal.VersionConfiguringAction] Using version '7.0.8' for dependency 'org.springframework:spring-oxm:7.0.8'
2026-08-21T16:48:36.697-0300 [DEBUG] [io.spring.gradle.dependencymanagement.internal.VersionConfiguringAction] Processing requested dependency 'org.springframework:spring-context-support:7.0.8' with target 'org.springframework:spring-context-support:7.0.8
2026-08-21T16:48:36.697-0300 [DEBUG] [io.spring.gradle.dependencymanagement.internal.DependencyManagementContainer] Found managed version '7.0.8' for dependency 'org.springframework:spring-context-support' in global dependency management
2026-08-21T16:48:36.697-0300 [DEBUG] [io.spring.gradle.dependencymanagement.internal.VersionConfiguringAction] Using version '7.0.8' for dependency 'org.springframework:spring-context-support:7.0.8'
2026-08-21T16:48:36.697-0300 [DEBUG] [org.gradle.api.internal.artifacts.ivyservice.ivyresolve.RepositoryChainComponentMetaDataResolver] Attempting to resolve component for org.springframework.data:spring-data-keyvalue:4.1.0 using repositories [MavenRepo]
2026-08-21T16:48:36.697-0300 [DEBUG] [org.gradle.api.internal.artifacts.ivyservice.ivyresolve.CachingModuleComponentRepository] Using cached module metadata for module 'org.springframework.data:spring-data-keyvalue:4.1.0' in 'MavenRepo'
2026-08-21T16:48:36.697-0300 [DEBUG] [org.gradle.api.internal.artifacts.ivyservice.ivyresolve.RepositoryChainComponentMetaDataResolver] Using org.springframework.data:spring-data-keyvalue:4.1.0 from org.gradle.api.internal.artifacts.ivyservice.ivyresolve.FilteredModuleComponentRepository@4c16e69e
2026-08-21T16:48:36.697-0300 [DEBUG] [org.gradle.api.internal.artifacts.ivyservice.ivyresolve.RepositoryChainComponentMetaDataResolver] Attempting to resolve component for org.springframework:spring-oxm:7.0.8 using repositories [MavenRepo]
2026-08-21T16:48:36.697-0300 [DEBUG] [org.gradle.api.internal.artifacts.ivyservice.ivyresolve.CachingModuleComponentRepository] Using cached module metadata for module 'org.springframework:spring-oxm:7.0.8' in 'MavenRepo'
2026-08-21T16:48:36.697-0300 [DEBUG] [org.gradle.api.internal.artifacts.ivyservice.ivyresolve.RepositoryChainComponentMetaDataResolver] Using org.springframework:spring-oxm:7.0.8 from org.gradle.api.internal.artifacts.ivyservice.ivyresolve.FilteredModuleComponentRepository@4c16e69e
2026-08-21T16:48:36.697-0300 [DEBUG] [org.gradle.api.internal.artifacts.ivyservice.ivyresolve.RepositoryChainComponentMetaDataResolver] Attempting to resolve component for org.springframework:spring-context-support:7.0.8 using repositories [MavenRepo]
2026-08-21T16:48:36.697-0300 [DEBUG] [org.gradle.api.internal.artifacts.ivyservice.ivyresolve.CachingModuleComponentRepository] Using cached module metadata for module 'org.springframework:spring-context-support:7.0.8' in 'MavenRepo'
2026-08-21T16:48:36.697-0300 [DEBUG] [org.gradle.api.internal.artifacts.ivyservice.ivyresolve.RepositoryChainComponentMetaDataResolver] Using org.springframework:spring-context-support:7.0.8 from org.gradle.api.internal.artifacts.ivyservice.ivyresolve.FilteredModuleComponentRepository@4c16e69e
2026-08-21T16:48:36.697-0300 [DEBUG] [io.spring.gradle.dependencymanagement.internal.VersionConfiguringAction] Processing requested dependency 'org.ow2.asm:asm:9.7.1' with target 'org.ow2.asm:asm:9.7.1
2026-08-21T16:48:36.697-0300 [DEBUG] [io.spring.gradle.dependencymanagement.internal.VersionConfiguringAction] No dependency management for dependency 'org.ow2.asm:asm:9.7.1'
2026-08-21T16:48:36.698-0300 [DEBUG] [org.gradle.api.internal.artifacts.ivyservice.ivyresolve.RepositoryChainComponentMetaDataResolver] Attempting to resolve component for org.ow2.asm:asm:9.7.1 using repositories [MavenRepo]
2026-08-21T16:48:36.698-0300 [DEBUG] [org.gradle.api.internal.artifacts.ivyservice.ivyresolve.CachingModuleComponentRepository] Using cached module metadata for module 'org.ow2.asm:asm:9.7.1' in 'MavenRepo'
2026-08-21T16:48:36.698-0300 [DEBUG] [org.gradle.api.internal.artifacts.ivyservice.ivyresolve.RepositoryChainComponentMetaDataResolver] Using org.ow2.asm:asm:9.7.1 from org.gradle.api.internal.artifacts.ivyservice.ivyresolve.FilteredModuleComponentRepository@4c16e69e
2026-08-21T16:48:36.698-0300 [DEBUG] [io.spring.gradle.dependencymanagement.internal.VersionConfiguringAction] Processing requested dependency 'org.opentest4j:opentest4j:1.3.0' with target 'org.opentest4j:opentest4j:1.3.0
2026-08-21T16:48:36.698-0300 [DEBUG] [io.spring.gradle.dependencymanagement.internal.VersionConfiguringAction] No dependency management for dependency 'org.opentest4j:opentest4j:1.3.0'
2026-08-21T16:48:36.698-0300 [DEBUG] [io.spring.gradle.dependencymanagement.internal.VersionConfiguringAction] Processing requested dependency 'org.apiguardian:apiguardian-api:1.1.2' with target 'org.apiguardian:apiguardian-api:1.1.2
2026-08-21T16:48:36.698-0300 [DEBUG] [io.spring.gradle.dependencymanagement.internal.VersionConfiguringAction] No dependency management for dependency 'org.apiguardian:apiguardian-api:1.1.2'
2026-08-21T16:48:36.698-0300 [DEBUG] [org.gradle.api.internal.artifacts.ivyservice.ivyresolve.RepositoryChainComponentMetaDataResolver] Attempting to resolve component for org.opentest4j:opentest4j:1.3.0 using repositories [MavenRepo]
2026-08-21T16:48:36.698-0300 [DEBUG] [org.gradle.api.internal.artifacts.ivyservice.ivyresolve.CachingModuleComponentRepository] Using cached module metadata for module 'org.opentest4j:opentest4j:1.3.0' in 'MavenRepo'
2026-08-21T16:48:36.698-0300 [DEBUG] [org.gradle.api.internal.artifacts.ivyservice.ivyresolve.RepositoryChainComponentMetaDataResolver] Using org.opentest4j:opentest4j:1.3.0 from org.gradle.api.internal.artifacts.ivyservice.ivyresolve.FilteredModuleComponentRepository@4c16e69e
2026-08-21T16:48:36.698-0300 [DEBUG] [org.gradle.internal.component.model.LoggingAttributeMatchingExplanationBuilder] Candidate {org.gradle.category=library, org.gradle.dependency.bundling=external, org.gradle.jvm.version=6, org.gradle.libraryelements=jar, org.gradle.status=release, org.gradle.usage=java-api} doesn't have attribute org.gradle.jvm.environment
2026-08-21T16:48:36.698-0300 [DEBUG] [org.gradle.internal.component.model.LoggingAttributeMatchingExplanationBuilder] Candidate {org.gradle.category=library, org.gradle.dependency.bundling=external, org.gradle.jvm.version=6, org.gradle.libraryelements=jar, org.gradle.status=release, org.gradle.usage=java-runtime} doesn't have attribute org.gradle.jvm.environment
2026-08-21T16:48:36.698-0300 [DEBUG] [org.gradle.internal.component.model.LoggingAttributeMatchingExplanationBuilder] Candidate {org.gradle.category=documentation, org.gradle.dependency.bundling=external, org.gradle.docstype=javadoc, org.gradle.status=release, org.gradle.usage=java-runtime} attribute org.gradle.category value org.gradle.category=documentation doesn't requested value library
2026-08-21T16:48:36.698-0300 [DEBUG] [org.gradle.internal.component.model.LoggingAttributeMatchingExplanationBuilder] Candidate {org.gradle.category=documentation, org.gradle.dependency.bundling=external, org.gradle.docstype=sources, org.gradle.status=release, org.gradle.usage=java-runtime} attribute org.gradle.category value org.gradle.category=documentation doesn't requested value library
2026-08-21T16:48:36.698-0300 [DEBUG] [org.gradle.api.internal.attributes.matching.DefaultAttributeMatcher] Selected matches [0] from candidates [{org.gradle.category=library, org.gradle.dependency.bundling=external, org.gradle.jvm.version=6, org.gradle.libraryelements=jar, org.gradle.status=release, org.gradle.usage=java-api}, {org.gradle.category=library, org.gradle.dependency.bundling=external, org.gradle.jvm.version=6, org.gradle.libraryelements=jar, org.gradle.status=release, org.gradle.usage=java-runtime}, {org.gradle.category=documentation, org.gradle.dependency.bundling=external, org.gradle.docstype=javadoc, org.gradle.status=release, org.gradle.usage=java-runtime}, {org.gradle.category=documentation, org.gradle.dependency.bundling=external, org.gradle.docstype=sources, org.gradle.status=release, org.gradle.usage=java-runtime}] for {org.gradle.category=library, org.gradle.dependency.bundling=external, org.gradle.jvm.environment=standard-jvm, org.gradle.jvm.version=21, org.gradle.libraryelements=classes, org.gradle.usage=java-api}
2026-08-21T16:48:36.699-0300 [DEBUG] [org.gradle.api.internal.artifacts.ivyservice.ivyresolve.RepositoryChainComponentMetaDataResolver] Attempting to resolve component for org.apiguardian:apiguardian-api:1.1.2 using repositories [MavenRepo]
2026-08-21T16:48:36.699-0300 [DEBUG] [org.gradle.api.internal.artifacts.ivyservice.ivyresolve.CachingModuleComponentRepository] Using cached module metadata for module 'org.apiguardian:apiguardian-api:1.1.2' in 'MavenRepo'
2026-08-21T16:48:36.699-0300 [DEBUG] [org.gradle.api.internal.artifacts.ivyservice.ivyresolve.RepositoryChainComponentMetaDataResolver] Using org.apiguardian:apiguardian-api:1.1.2 from org.gradle.api.internal.artifacts.ivyservice.ivyresolve.FilteredModuleComponentRepository@4c16e69e
2026-08-21T16:48:36.699-0300 [DEBUG] [org.gradle.api.internal.artifacts.ivyservice.ivyresolve.RepositoryChainComponentMetaDataResolver] Attempting to resolve component for org.junit.platform:junit-platform-commons:6.0.3 using repositories [MavenRepo]
2026-08-21T16:48:36.699-0300 [DEBUG] [org.gradle.api.internal.artifacts.ivyservice.ivyresolve.CachingModuleComponentRepository] Using cached module metadata for module 'org.junit.platform:junit-platform-commons:6.0.3' in 'MavenRepo'
2026-08-21T16:48:36.699-0300 [DEBUG] [org.gradle.api.internal.artifacts.ivyservice.ivyresolve.RepositoryChainComponentMetaDataResolver] Using org.junit.platform:junit-platform-commons:6.0.3 from org.gradle.api.internal.artifacts.ivyservice.ivyresolve.FilteredModuleComponentRepository@4c16e69e
2026-08-21T16:48:36.699-0300 [DEBUG] [io.spring.gradle.dependencymanagement.internal.VersionConfiguringAction] Processing requested dependency 'org.osgi:org.osgi.resource:1.0.0' with target 'org.osgi:org.osgi.resource:1.0.0
2026-08-21T16:48:36.699-0300 [DEBUG] [io.spring.gradle.dependencymanagement.internal.VersionConfiguringAction] No dependency management for dependency 'org.osgi:org.osgi.resource:1.0.0'
2026-08-21T16:48:36.699-0300 [DEBUG] [io.spring.gradle.dependencymanagement.internal.VersionConfiguringAction] Processing requested dependency 'org.osgi:org.osgi.service.serviceloader:1.0.0' with target 'org.osgi:org.osgi.service.serviceloader:1.0.0
2026-08-21T16:48:36.699-0300 [DEBUG] [io.spring.gradle.dependencymanagement.internal.VersionConfiguringAction] No dependency management for dependency 'org.osgi:org.osgi.service.serviceloader:1.0.0'
2026-08-21T16:48:36.699-0300 [DEBUG] [org.gradle.api.internal.artifacts.ivyservice.ivyresolve.RepositoryChainComponentMetaDataResolver] Attempting to resolve component for org.osgi:org.osgi.resource:1.0.0 using repositories [MavenRepo]
2026-08-21T16:48:36.699-0300 [DEBUG] [org.gradle.api.internal.artifacts.ivyservice.ivyresolve.CachingModuleComponentRepository] Using cached module metadata for module 'org.osgi:org.osgi.resource:1.0.0' in 'MavenRepo'
2026-08-21T16:48:36.699-0300 [DEBUG] [org.gradle.api.internal.artifacts.ivyservice.ivyresolve.RepositoryChainComponentMetaDataResolver] Using org.osgi:org.osgi.resource:1.0.0 from org.gradle.api.internal.artifacts.ivyservice.ivyresolve.FilteredModuleComponentRepository@4c16e69e
2026-08-21T16:48:36.699-0300 [DEBUG] [org.gradle.api.internal.artifacts.ivyservice.ivyresolve.RepositoryChainComponentMetaDataResolver] Attempting to resolve component for org.osgi:org.osgi.service.serviceloader:1.0.0 using repositories [MavenRepo]
2026-08-21T16:48:36.699-0300 [DEBUG] [org.gradle.api.internal.artifacts.ivyservice.ivyresolve.CachingModuleComponentRepository] Using cached module metadata for module 'org.osgi:org.osgi.service.serviceloader:1.0.0' in 'MavenRepo'
2026-08-21T16:48:36.699-0300 [DEBUG] [org.gradle.api.internal.artifacts.ivyservice.ivyresolve.RepositoryChainComponentMetaDataResolver] Using org.osgi:org.osgi.service.serviceloader:1.0.0 from org.gradle.api.internal.artifacts.ivyservice.ivyresolve.FilteredModuleComponentRepository@4c16e69e
2026-08-21T16:48:36.699-0300 [DEBUG] [io.spring.gradle.dependencymanagement.internal.VersionConfiguringAction] Processing requested dependency 'org.apache.tomcat:tomcat-annotations-api:11.0.22' with target 'org.apache.tomcat:tomcat-annotations-api:11.0.22
2026-08-21T16:48:36.699-0300 [DEBUG] [io.spring.gradle.dependencymanagement.internal.DependencyManagementContainer] Found managed version '11.0.22' for dependency 'org.apache.tomcat:tomcat-annotations-api' in global dependency management
2026-08-21T16:48:36.699-0300 [DEBUG] [io.spring.gradle.dependencymanagement.internal.VersionConfiguringAction] Using version '11.0.22' for dependency 'org.apache.tomcat:tomcat-annotations-api:11.0.22'
2026-08-21T16:48:36.699-0300 [DEBUG] [org.gradle.api.internal.artifacts.ivyservice.resolveengine.graph.builder.NodeState] org.apache.tomcat:tomcat-annotations-api is excluded from 'org.apache.tomcat.embed:tomcat-embed-core:11.0.22' (compile) by {"exclude module id" : "org.apache.tomcat:tomcat-annotations-api"}.
2026-08-21T16:48:36.699-0300 [DEBUG] [io.spring.gradle.dependencymanagement.internal.VersionConfiguringAction] Processing requested dependency 'io.micrometer:micrometer-commons:1.17.0' with target 'io.micrometer:micrometer-commons:1.17.0
2026-08-21T16:48:36.699-0300 [DEBUG] [io.spring.gradle.dependencymanagement.internal.DependencyManagementContainer] Found managed version '1.17.0' for dependency 'io.micrometer:micrometer-commons' in global dependency management
2026-08-21T16:48:36.699-0300 [DEBUG] [io.spring.gradle.dependencymanagement.internal.VersionConfiguringAction] Using version '1.17.0' for dependency 'io.micrometer:micrometer-commons:1.17.0'
2026-08-21T16:48:36.699-0300 [DEBUG] [org.gradle.api.internal.artifacts.ivyservice.ivyresolve.RepositoryChainComponentMetaDataResolver] Attempting to resolve component for io.micrometer:micrometer-commons:1.17.0 using repositories [MavenRepo]
2026-08-21T16:48:36.699-0300 [DEBUG] [org.gradle.api.internal.artifacts.ivyservice.ivyresolve.CachingModuleComponentRepository] Using cached module metadata for module 'io.micrometer:micrometer-commons:1.17.0' in 'MavenRepo'
2026-08-21T16:48:36.699-0300 [DEBUG] [org.gradle.api.internal.artifacts.ivyservice.ivyresolve.RepositoryChainComponentMetaDataResolver] Using io.micrometer:micrometer-commons:1.17.0 from org.gradle.api.internal.artifacts.ivyservice.ivyresolve.FilteredModuleComponentRepository@4c16e69e
2026-08-21T16:48:36.699-0300 [DEBUG] [io.spring.gradle.dependencymanagement.internal.VersionConfiguringAction] Processing requested dependency 'jakarta.persistence:jakarta.persistence-api:3.2.0' with target 'jakarta.persistence:jakarta.persistence-api:3.2.0
2026-08-21T16:48:36.699-0300 [DEBUG] [io.spring.gradle.dependencymanagement.internal.DependencyManagementContainer] Found managed version '3.2.0' for dependency 'jakarta.persistence:jakarta.persistence-api' in global dependency management
2026-08-21T16:48:36.699-0300 [DEBUG] [io.spring.gradle.dependencymanagement.internal.VersionConfiguringAction] Using version '3.2.0' for dependency 'jakarta.persistence:jakarta.persistence-api:3.2.0'
2026-08-21T16:48:36.700-0300 [DEBUG] [org.gradle.api.internal.artifacts.ivyservice.ivyresolve.RepositoryChainComponentMetaDataResolver] Attempting to resolve component for jakarta.persistence:jakarta.persistence-api:3.2.0 using repositories [MavenRepo]
2026-08-21T16:48:36.700-0300 [DEBUG] [org.gradle.api.internal.artifacts.ivyservice.ivyresolve.CachingModuleComponentRepository] Using cached module metadata for module 'jakarta.persistence:jakarta.persistence-api:3.2.0' in 'MavenRepo'
2026-08-21T16:48:36.700-0300 [DEBUG] [org.gradle.api.internal.artifacts.ivyservice.ivyresolve.RepositoryChainComponentMetaDataResolver] Using jakarta.persistence:jakarta.persistence-api:3.2.0 from org.gradle.api.internal.artifacts.ivyservice.ivyresolve.FilteredModuleComponentRepository@4c16e69e
2026-08-21T16:48:36.700-0300 [DEBUG] [io.spring.gradle.dependencymanagement.internal.VersionConfiguringAction] Processing requested dependency 'org.hibernate.orm:hibernate-platform:7.4.1.Final' with target 'org.hibernate.orm:hibernate-platform:7.4.1.Final
2026-08-21T16:48:36.700-0300 [DEBUG] [io.spring.gradle.dependencymanagement.internal.VersionConfiguringAction] No dependency management for dependency 'org.hibernate.orm:hibernate-platform:7.4.1.Final'
2026-08-21T16:48:36.700-0300 [DEBUG] [io.spring.gradle.dependencymanagement.internal.VersionConfiguringAction] Processing requested dependency 'jakarta.transaction:jakarta.transaction-api:2.0.1' with target 'jakarta.transaction:jakarta.transaction-api:2.0.1
2026-08-21T16:48:36.700-0300 [DEBUG] [io.spring.gradle.dependencymanagement.internal.DependencyManagementContainer] Found managed version '2.0.1' for dependency 'jakarta.transaction:jakarta.transaction-api' in global dependency management
2026-08-21T16:48:36.700-0300 [DEBUG] [io.spring.gradle.dependencymanagement.internal.VersionConfiguringAction] Using version '2.0.1' for dependency 'jakarta.transaction:jakarta.transaction-api:2.0.1'
2026-08-21T16:48:36.700-0300 [DEBUG] [org.gradle.api.internal.artifacts.ivyservice.ivyresolve.RepositoryChainComponentMetaDataResolver] Attempting to resolve component for org.hibernate.orm:hibernate-platform:7.4.1.Final using repositories [MavenRepo]
2026-08-21T16:48:36.700-0300 [DEBUG] [org.gradle.api.internal.artifacts.ivyservice.ivyresolve.CachingModuleComponentRepository] Using cached module metadata for module 'org.hibernate.orm:hibernate-platform:7.4.1.Final' in 'MavenRepo'
2026-08-21T16:48:36.700-0300 [DEBUG] [org.gradle.api.internal.artifacts.ivyservice.ivyresolve.RepositoryChainComponentMetaDataResolver] Using org.hibernate.orm:hibernate-platform:7.4.1.Final from org.gradle.api.internal.artifacts.ivyservice.ivyresolve.FilteredModuleComponentRepository@4c16e69e
2026-08-21T16:48:36.700-0300 [DEBUG] [io.spring.gradle.dependencymanagement.internal.VersionConfiguringAction] Processing requested dependency 'org.hibernate:hibernate-core:7.4.1.Final' with target 'org.hibernate:hibernate-core:7.4.1.Final
2026-08-21T16:48:36.700-0300 [DEBUG] [io.spring.gradle.dependencymanagement.internal.VersionConfiguringAction] No dependency management for dependency 'org.hibernate:hibernate-core:7.4.1.Final'
2026-08-21T16:48:36.700-0300 [DEBUG] [io.spring.gradle.dependencymanagement.internal.VersionConfiguringAction] Processing requested dependency 'org.hibernate.orm:hibernate-testing:7.4.1.Final' with target 'org.hibernate.orm:hibernate-testing:7.4.1.Final
2026-08-21T16:48:36.700-0300 [DEBUG] [io.spring.gradle.dependencymanagement.internal.DependencyManagementContainer] Found managed version '7.4.1.Final' for dependency 'org.hibernate.orm:hibernate-testing' in global dependency management
2026-08-21T16:48:36.700-0300 [DEBUG] [io.spring.gradle.dependencymanagement.internal.VersionConfiguringAction] Using version '7.4.1.Final' for dependency 'org.hibernate.orm:hibernate-testing:7.4.1.Final'
2026-08-21T16:48:36.700-0300 [DEBUG] [io.spring.gradle.dependencymanagement.internal.VersionConfiguringAction] Processing requested dependency 'org.hibernate:hibernate-testing:7.4.1.Final' with target 'org.hibernate:hibernate-testing:7.4.1.Final
2026-08-21T16:48:36.700-0300 [DEBUG] [io.spring.gradle.dependencymanagement.internal.VersionConfiguringAction] No dependency management for dependency 'org.hibernate:hibernate-testing:7.4.1.Final'
2026-08-21T16:48:36.700-0300 [DEBUG] [io.spring.gradle.dependencymanagement.internal.VersionConfiguringAction] Processing requested dependency 'org.hibernate.orm:hibernate-envers:7.4.1.Final' with target 'org.hibernate.orm:hibernate-envers:7.4.1.Final
2026-08-21T16:48:36.700-0300 [DEBUG] [io.spring.gradle.dependencymanagement.internal.DependencyManagementContainer] Found managed version '7.4.1.Final' for dependency 'org.hibernate.orm:hibernate-envers' in global dependency management
2026-08-21T16:48:36.700-0300 [DEBUG] [io.spring.gradle.dependencymanagement.internal.VersionConfiguringAction] Using version '7.4.1.Final' for dependency 'org.hibernate.orm:hibernate-envers:7.4.1.Final'
2026-08-21T16:48:36.700-0300 [DEBUG] [io.spring.gradle.dependencymanagement.internal.VersionConfiguringAction] Processing requested dependency 'org.hibernate:hibernate-envers:7.4.1.Final' with target 'org.hibernate:hibernate-envers:7.4.1.Final
2026-08-21T16:48:36.700-0300 [DEBUG] [io.spring.gradle.dependencymanagement.internal.VersionConfiguringAction] No dependency management for dependency 'org.hibernate:hibernate-envers:7.4.1.Final'
2026-08-21T16:48:36.700-0300 [DEBUG] [io.spring.gradle.dependencymanagement.internal.VersionConfiguringAction] Processing requested dependency 'org.hibernate.orm:hibernate-spatial:7.4.1.Final' with target 'org.hibernate.orm:hibernate-spatial:7.4.1.Final
2026-08-21T16:48:36.700-0300 [DEBUG] [io.spring.gradle.dependencymanagement.internal.DependencyManagementContainer] Found managed version '7.4.1.Final' for dependency 'org.hibernate.orm:hibernate-spatial' in global dependency management
2026-08-21T16:48:36.700-0300 [DEBUG] [io.spring.gradle.dependencymanagement.internal.VersionConfiguringAction] Using version '7.4.1.Final' for dependency 'org.hibernate.orm:hibernate-spatial:7.4.1.Final'
2026-08-21T16:48:36.700-0300 [DEBUG] [io.spring.gradle.dependencymanagement.internal.VersionConfiguringAction] Processing requested dependency 'org.hibernate:hibernate-spatial:7.4.1.Final' with target 'org.hibernate:hibernate-spatial:7.4.1.Final
2026-08-21T16:48:36.700-0300 [DEBUG] [io.spring.gradle.dependencymanagement.internal.VersionConfiguringAction] No dependency management for dependency 'org.hibernate:hibernate-spatial:7.4.1.Final'
2026-08-21T16:48:36.700-0300 [DEBUG] [io.spring.gradle.dependencymanagement.internal.VersionConfiguringAction] Processing requested dependency 'org.hibernate.orm:hibernate-vector:7.4.1.Final' with target 'org.hibernate.orm:hibernate-vector:7.4.1.Final
2026-08-21T16:48:36.700-0300 [DEBUG] [io.spring.gradle.dependencymanagement.internal.DependencyManagementContainer] Found managed version '7.4.1.Final' for dependency 'org.hibernate.orm:hibernate-vector' in global dependency management
2026-08-21T16:48:36.700-0300 [DEBUG] [io.spring.gradle.dependencymanagement.internal.VersionConfiguringAction] Using version '7.4.1.Final' for dependency 'org.hibernate.orm:hibernate-vector:7.4.1.Final'
2026-08-21T16:48:36.700-0300 [DEBUG] [io.spring.gradle.dependencymanagement.internal.VersionConfiguringAction] Processing requested dependency 'org.hibernate:hibernate-vector:7.4.1.Final' with target 'org.hibernate:hibernate-vector:7.4.1.Final
2026-08-21T16:48:36.700-0300 [DEBUG] [io.spring.gradle.dependencymanagement.internal.VersionConfiguringAction] No dependency management for dependency 'org.hibernate:hibernate-vector:7.4.1.Final'
2026-08-21T16:48:36.700-0300 [DEBUG] [io.spring.gradle.dependencymanagement.internal.VersionConfiguringAction] Processing requested dependency 'org.hibernate.orm:hibernate-community-dialects:7.4.1.Final' with target 'org.hibernate.orm:hibernate-community-dialects:7.4.1.Final
2026-08-21T16:48:36.700-0300 [DEBUG] [io.spring.gradle.dependencymanagement.internal.DependencyManagementContainer] Found managed version '7.4.1.Final' for dependency 'org.hibernate.orm:hibernate-community-dialects' in global dependency management
2026-08-21T16:48:36.701-0300 [DEBUG] [io.spring.gradle.dependencymanagement.internal.VersionConfiguringAction] Using version '7.4.1.Final' for dependency 'org.hibernate.orm:hibernate-community-dialects:7.4.1.Final'
2026-08-21T16:48:36.701-0300 [DEBUG] [io.spring.gradle.dependencymanagement.internal.VersionConfiguringAction] Processing requested dependency 'org.hibernate:hibernate-community-dialects:7.4.1.Final' with target 'org.hibernate:hibernate-community-dialects:7.4.1.Final
2026-08-21T16:48:36.701-0300 [DEBUG] [io.spring.gradle.dependencymanagement.internal.VersionConfiguringAction] No dependency management for dependency 'org.hibernate:hibernate-community-dialects:7.4.1.Final'
2026-08-21T16:48:36.701-0300 [DEBUG] [io.spring.gradle.dependencymanagement.internal.VersionConfiguringAction] Processing requested dependency 'org.hibernate.orm:hibernate-scan-jandex:7.4.1.Final' with target 'org.hibernate.orm:hibernate-scan-jandex:7.4.1.Final
2026-08-21T16:48:36.701-0300 [DEBUG] [io.spring.gradle.dependencymanagement.internal.DependencyManagementContainer] Found managed version '7.4.1.Final' for dependency 'org.hibernate.orm:hibernate-scan-jandex' in global dependency management
2026-08-21T16:48:36.701-0300 [DEBUG] [io.spring.gradle.dependencymanagement.internal.VersionConfiguringAction] Using version '7.4.1.Final' for dependency 'org.hibernate.orm:hibernate-scan-jandex:7.4.1.Final'
2026-08-21T16:48:36.701-0300 [DEBUG] [io.spring.gradle.dependencymanagement.internal.VersionConfiguringAction] Processing requested dependency 'org.hibernate.orm:hibernate-agroal:7.4.1.Final' with target 'org.hibernate.orm:hibernate-agroal:7.4.1.Final
2026-08-21T16:48:36.701-0300 [DEBUG] [io.spring.gradle.dependencymanagement.internal.DependencyManagementContainer] Found managed version '7.4.1.Final' for dependency 'org.hibernate.orm:hibernate-agroal' in global dependency management
2026-08-21T16:48:36.701-0300 [DEBUG] [io.spring.gradle.dependencymanagement.internal.VersionConfiguringAction] Using version '7.4.1.Final' for dependency 'org.hibernate.orm:hibernate-agroal:7.4.1.Final'
2026-08-21T16:48:36.701-0300 [DEBUG] [io.spring.gradle.dependencymanagement.internal.VersionConfiguringAction] Processing requested dependency 'org.hibernate:hibernate-agroal:7.4.1.Final' with target 'org.hibernate:hibernate-agroal:7.4.1.Final
2026-08-21T16:48:36.701-0300 [DEBUG] [io.spring.gradle.dependencymanagement.internal.VersionConfiguringAction] No dependency management for dependency 'org.hibernate:hibernate-agroal:7.4.1.Final'
2026-08-21T16:48:36.701-0300 [DEBUG] [io.spring.gradle.dependencymanagement.internal.VersionConfiguringAction] Processing requested dependency 'org.hibernate.orm:hibernate-c3p0:7.4.1.Final' with target 'org.hibernate.orm:hibernate-c3p0:7.4.1.Final
2026-08-21T16:48:36.701-0300 [DEBUG] [io.spring.gradle.dependencymanagement.internal.DependencyManagementContainer] Found managed version '7.4.1.Final' for dependency 'org.hibernate.orm:hibernate-c3p0' in global dependency management
2026-08-21T16:48:36.701-0300 [DEBUG] [io.spring.gradle.dependencymanagement.internal.VersionConfiguringAction] Using version '7.4.1.Final' for dependency 'org.hibernate.orm:hibernate-c3p0:7.4.1.Final'
2026-08-21T16:48:36.701-0300 [DEBUG] [io.spring.gradle.dependencymanagement.internal.VersionConfiguringAction] Processing requested dependency 'org.hibernate:hibernate-c3p0:7.4.1.Final' with target 'org.hibernate:hibernate-c3p0:7.4.1.Final
2026-08-21T16:48:36.701-0300 [DEBUG] [io.spring.gradle.dependencymanagement.internal.VersionConfiguringAction] No dependency management for dependency 'org.hibernate:hibernate-c3p0:7.4.1.Final'
2026-08-21T16:48:36.701-0300 [DEBUG] [io.spring.gradle.dependencymanagement.internal.VersionConfiguringAction] Processing requested dependency 'org.hibernate.orm:hibernate-hikaricp:7.4.1.Final' with target 'org.hibernate.orm:hibernate-hikaricp:7.4.1.Final
2026-08-21T16:48:36.701-0300 [DEBUG] [io.spring.gradle.dependencymanagement.internal.DependencyManagementContainer] Found managed version '7.4.1.Final' for dependency 'org.hibernate.orm:hibernate-hikaricp' in global dependency management
2026-08-21T16:48:36.701-0300 [DEBUG] [io.spring.gradle.dependencymanagement.internal.VersionConfiguringAction] Using version '7.4.1.Final' for dependency 'org.hibernate.orm:hibernate-hikaricp:7.4.1.Final'
2026-08-21T16:48:36.701-0300 [DEBUG] [io.spring.gradle.dependencymanagement.internal.VersionConfiguringAction] Processing requested dependency 'org.hibernate:hibernate-hikaricp:7.4.1.Final' with target 'org.hibernate:hibernate-hikaricp:7.4.1.Final
2026-08-21T16:48:36.701-0300 [DEBUG] [io.spring.gradle.dependencymanagement.internal.VersionConfiguringAction] No dependency management for dependency 'org.hibernate:hibernate-hikaricp:7.4.1.Final'
2026-08-21T16:48:36.701-0300 [DEBUG] [io.spring.gradle.dependencymanagement.internal.VersionConfiguringAction] Processing requested dependency 'org.hibernate.orm:hibernate-jcache:7.4.1.Final' with target 'org.hibernate.orm:hibernate-jcache:7.4.1.Final
2026-08-21T16:48:36.701-0300 [DEBUG] [io.spring.gradle.dependencymanagement.internal.DependencyManagementContainer] Found managed version '7.4.1.Final' for dependency 'org.hibernate.orm:hibernate-jcache' in global dependency management
2026-08-21T16:48:36.701-0300 [DEBUG] [io.spring.gradle.dependencymanagement.internal.VersionConfiguringAction] Using version '7.4.1.Final' for dependency 'org.hibernate.orm:hibernate-jcache:7.4.1.Final'
2026-08-21T16:48:36.701-0300 [DEBUG] [io.spring.gradle.dependencymanagement.internal.VersionConfiguringAction] Processing requested dependency 'org.hibernate:hibernate-jcache:7.4.1.Final' with target 'org.hibernate:hibernate-jcache:7.4.1.Final
2026-08-21T16:48:36.701-0300 [DEBUG] [io.spring.gradle.dependencymanagement.internal.VersionConfiguringAction] No dependency management for dependency 'org.hibernate:hibernate-jcache:7.4.1.Final'
2026-08-21T16:48:36.701-0300 [DEBUG] [io.spring.gradle.dependencymanagement.internal.VersionConfiguringAction] Processing requested dependency 'org.hibernate.orm:hibernate-micrometer:7.4.1.Final' with target 'org.hibernate.orm:hibernate-micrometer:7.4.1.Final
2026-08-21T16:48:36.701-0300 [DEBUG] [io.spring.gradle.dependencymanagement.internal.DependencyManagementContainer] Found managed version '7.4.1.Final' for dependency 'org.hibernate.orm:hibernate-micrometer' in global dependency management
2026-08-21T16:48:36.701-0300 [DEBUG] [io.spring.gradle.dependencymanagement.internal.VersionConfiguringAction] Using version '7.4.1.Final' for dependency 'org.hibernate.orm:hibernate-micrometer:7.4.1.Final'
2026-08-21T16:48:36.701-0300 [DEBUG] [io.spring.gradle.dependencymanagement.internal.VersionConfiguringAction] Processing requested dependency 'org.hibernate:hibernate-micrometer:7.4.1.Final' with target 'org.hibernate:hibernate-micrometer:7.4.1.Final
2026-08-21T16:48:36.701-0300 [DEBUG] [io.spring.gradle.dependencymanagement.internal.VersionConfiguringAction] No dependency management for dependency 'org.hibernate:hibernate-micrometer:7.4.1.Final'
2026-08-21T16:48:36.701-0300 [DEBUG] [io.spring.gradle.dependencymanagement.internal.VersionConfiguringAction] Processing requested dependency 'org.hibernate.orm:hibernate-graalvm:7.4.1.Final' with target 'org.hibernate.orm:hibernate-graalvm:7.4.1.Final
2026-08-21T16:48:36.701-0300 [DEBUG] [io.spring.gradle.dependencymanagement.internal.DependencyManagementContainer] Found managed version '7.4.1.Final' for dependency 'org.hibernate.orm:hibernate-graalvm' in global dependency management
2026-08-21T16:48:36.701-0300 [DEBUG] [io.spring.gradle.dependencymanagement.internal.VersionConfiguringAction] Using version '7.4.1.Final' for dependency 'org.hibernate.orm:hibernate-graalvm:7.4.1.Final'
2026-08-21T16:48:36.701-0300 [DEBUG] [io.spring.gradle.dependencymanagement.internal.VersionConfiguringAction] Processing requested dependency 'org.hibernate:hibernate-graalvm:7.4.1.Final' with target 'org.hibernate:hibernate-graalvm:7.4.1.Final
2026-08-21T16:48:36.702-0300 [DEBUG] [io.spring.gradle.dependencymanagement.internal.VersionConfiguringAction] No dependency management for dependency 'org.hibernate:hibernate-graalvm:7.4.1.Final'
2026-08-21T16:48:36.702-0300 [DEBUG] [io.spring.gradle.dependencymanagement.internal.VersionConfiguringAction] Processing requested dependency 'org.hibernate.orm:hibernate-processor:7.4.1.Final' with target 'org.hibernate.orm:hibernate-processor:7.4.1.Final
2026-08-21T16:48:36.702-0300 [DEBUG] [io.spring.gradle.dependencymanagement.internal.DependencyManagementContainer] Found managed version '7.4.1.Final' for dependency 'org.hibernate.orm:hibernate-processor' in global dependency management
2026-08-21T16:48:36.702-0300 [DEBUG] [io.spring.gradle.dependencymanagement.internal.VersionConfiguringAction] Using version '7.4.1.Final' for dependency 'org.hibernate.orm:hibernate-processor:7.4.1.Final'
2026-08-21T16:48:36.702-0300 [DEBUG] [io.spring.gradle.dependencymanagement.internal.VersionConfiguringAction] Processing requested dependency 'org.hibernate:hibernate-processor:7.4.1.Final' with target 'org.hibernate:hibernate-processor:7.4.1.Final
2026-08-21T16:48:36.702-0300 [DEBUG] [io.spring.gradle.dependencymanagement.internal.VersionConfiguringAction] No dependency management for dependency 'org.hibernate:hibernate-processor:7.4.1.Final'
2026-08-21T16:48:36.702-0300 [DEBUG] [io.spring.gradle.dependencymanagement.internal.VersionConfiguringAction] Processing requested dependency 'org.hibernate.orm:hibernate-gradle-plugin:7.4.1.Final' with target 'org.hibernate.orm:hibernate-gradle-plugin:7.4.1.Final
2026-08-21T16:48:36.702-0300 [DEBUG] [io.spring.gradle.dependencymanagement.internal.VersionConfiguringAction] No dependency management for dependency 'org.hibernate.orm:hibernate-gradle-plugin:7.4.1.Final'
2026-08-21T16:48:36.702-0300 [DEBUG] [io.spring.gradle.dependencymanagement.internal.VersionConfiguringAction] Processing requested dependency 'org.hibernate.orm:hibernate-maven-plugin:7.4.1.Final' with target 'org.hibernate.orm:hibernate-maven-plugin:7.4.1.Final
2026-08-21T16:48:36.702-0300 [DEBUG] [io.spring.gradle.dependencymanagement.internal.VersionConfiguringAction] No dependency management for dependency 'org.hibernate.orm:hibernate-maven-plugin:7.4.1.Final'
2026-08-21T16:48:36.702-0300 [DEBUG] [io.spring.gradle.dependencymanagement.internal.VersionConfiguringAction] Processing requested dependency 'org.hibernate.orm:hibernate-ant:7.4.1.Final' with target 'org.hibernate.orm:hibernate-ant:7.4.1.Final
2026-08-21T16:48:36.702-0300 [DEBUG] [io.spring.gradle.dependencymanagement.internal.DependencyManagementContainer] Found managed version '7.4.1.Final' for dependency 'org.hibernate.orm:hibernate-ant' in global dependency management
2026-08-21T16:48:36.702-0300 [DEBUG] [io.spring.gradle.dependencymanagement.internal.VersionConfiguringAction] Using version '7.4.1.Final' for dependency 'org.hibernate.orm:hibernate-ant:7.4.1.Final'
2026-08-21T16:48:36.702-0300 [DEBUG] [io.spring.gradle.dependencymanagement.internal.VersionConfiguringAction] Processing requested dependency 'org.hibernate:hibernate-ant:7.4.1.Final' with target 'org.hibernate:hibernate-ant:7.4.1.Final
2026-08-21T16:48:36.702-0300 [DEBUG] [io.spring.gradle.dependencymanagement.internal.VersionConfiguringAction] No dependency management for dependency 'org.hibernate:hibernate-ant:7.4.1.Final'
2026-08-21T16:48:36.702-0300 [DEBUG] [io.spring.gradle.dependencymanagement.internal.VersionConfiguringAction] Processing requested dependency 'org.hibernate.orm:hibernate-assistant:7.4.1.Final' with target 'org.hibernate.orm:hibernate-assistant:7.4.1.Final
2026-08-21T16:48:36.702-0300 [DEBUG] [io.spring.gradle.dependencymanagement.internal.VersionConfiguringAction] No dependency management for dependency 'org.hibernate.orm:hibernate-assistant:7.4.1.Final'
2026-08-21T16:48:36.702-0300 [DEBUG] [io.spring.gradle.dependencymanagement.internal.VersionConfiguringAction] Processing requested dependency 'org.hibernate:hibernate-assistant:7.4.1.Final' with target 'org.hibernate:hibernate-assistant:7.4.1.Final
2026-08-21T16:48:36.702-0300 [DEBUG] [io.spring.gradle.dependencymanagement.internal.VersionConfiguringAction] No dependency management for dependency 'org.hibernate:hibernate-assistant:7.4.1.Final'
2026-08-21T16:48:36.702-0300 [DEBUG] [io.spring.gradle.dependencymanagement.internal.VersionConfiguringAction] Processing requested dependency 'org.hibernate.orm:hibernate-reveng:7.4.1.Final' with target 'org.hibernate.orm:hibernate-reveng:7.4.1.Final
2026-08-21T16:48:36.702-0300 [DEBUG] [io.spring.gradle.dependencymanagement.internal.VersionConfiguringAction] No dependency management for dependency 'org.hibernate.orm:hibernate-reveng:7.4.1.Final'
2026-08-21T16:48:36.702-0300 [DEBUG] [io.spring.gradle.dependencymanagement.internal.VersionConfiguringAction] Processing requested dependency 'org.hibernate:hibernate-reveng:7.4.1.Final' with target 'org.hibernate:hibernate-reveng:7.4.1.Final
2026-08-21T16:48:36.702-0300 [DEBUG] [io.spring.gradle.dependencymanagement.internal.VersionConfiguringAction] No dependency management for dependency 'org.hibernate:hibernate-reveng:7.4.1.Final'
2026-08-21T16:48:36.702-0300 [DEBUG] [io.spring.gradle.dependencymanagement.internal.VersionConfiguringAction] Processing requested dependency 'org.hibernate.orm:hibernate-jfr:7.4.1.Final' with target 'org.hibernate.orm:hibernate-jfr:7.4.1.Final
2026-08-21T16:48:36.702-0300 [DEBUG] [io.spring.gradle.dependencymanagement.internal.VersionConfiguringAction] No dependency management for dependency 'org.hibernate.orm:hibernate-jfr:7.4.1.Final'
2026-08-21T16:48:36.702-0300 [DEBUG] [io.spring.gradle.dependencymanagement.internal.VersionConfiguringAction] Processing requested dependency 'org.hibernate:hibernate-jfr:7.4.1.Final' with target 'org.hibernate:hibernate-jfr:7.4.1.Final
2026-08-21T16:48:36.702-0300 [DEBUG] [io.spring.gradle.dependencymanagement.internal.VersionConfiguringAction] No dependency management for dependency 'org.hibernate:hibernate-jfr:7.4.1.Final'
2026-08-21T16:48:36.702-0300 [DEBUG] [io.spring.gradle.dependencymanagement.internal.VersionConfiguringAction] Processing requested dependency 'org.hibernate.models:hibernate-models:1.1.1' with target 'org.hibernate.models:hibernate-models:1.1.1
2026-08-21T16:48:36.702-0300 [DEBUG] [io.spring.gradle.dependencymanagement.internal.VersionConfiguringAction] No dependency management for dependency 'org.hibernate.models:hibernate-models:1.1.1'
2026-08-21T16:48:36.702-0300 [DEBUG] [io.spring.gradle.dependencymanagement.internal.VersionConfiguringAction] Processing requested dependency 'jakarta.data:jakarta.data-api:1.0.1' with target 'jakarta.data:jakarta.data-api:1.0.1
2026-08-21T16:48:36.702-0300 [DEBUG] [io.spring.gradle.dependencymanagement.internal.VersionConfiguringAction] No dependency management for dependency 'jakarta.data:jakarta.data-api:1.0.1'
2026-08-21T16:48:36.702-0300 [DEBUG] [org.gradle.api.internal.artifacts.ivyservice.ivyresolve.RepositoryChainComponentMetaDataResolver] Attempting to resolve component for jakarta.transaction:jakarta.transaction-api:2.0.1 using repositories [MavenRepo]
2026-08-21T16:48:36.703-0300 [DEBUG] [org.gradle.api.internal.artifacts.ivyservice.ivyresolve.CachingModuleComponentRepository] Using cached module metadata for module 'jakarta.transaction:jakarta.transaction-api:2.0.1' in 'MavenRepo'
2026-08-21T16:48:36.703-0300 [DEBUG] [org.gradle.api.internal.artifacts.ivyservice.ivyresolve.RepositoryChainComponentMetaDataResolver] Using jakarta.transaction:jakarta.transaction-api:2.0.1 from org.gradle.api.internal.artifacts.ivyservice.ivyresolve.FilteredModuleComponentRepository@4c16e69e
2026-08-21T16:48:36.703-0300 [DEBUG] [io.spring.gradle.dependencymanagement.internal.VersionConfiguringAction] Processing requested dependency 'org.slf4j:slf4j-api:1.7.36' with target 'org.slf4j:slf4j-api:1.7.36
2026-08-21T16:48:36.703-0300 [DEBUG] [io.spring.gradle.dependencymanagement.internal.DependencyManagementContainer] Found managed version '2.0.18' for dependency 'org.slf4j:slf4j-api' in global dependency management
2026-08-21T16:48:36.703-0300 [DEBUG] [io.spring.gradle.dependencymanagement.internal.VersionConfiguringAction] Using version '2.0.18' for dependency 'org.slf4j:slf4j-api:1.7.36'
2026-08-21T16:48:36.703-0300 [DEBUG] [io.spring.gradle.dependencymanagement.internal.VersionConfiguringAction] Processing requested dependency 'io.netty:netty-common:4.2.15.Final' with target 'io.netty:netty-common:4.2.15.Final
2026-08-21T16:48:36.703-0300 [DEBUG] [io.spring.gradle.dependencymanagement.internal.DependencyManagementContainer] Found managed version '4.2.15.Final' for dependency 'io.netty:netty-common' in global dependency management
2026-08-21T16:48:36.703-0300 [DEBUG] [io.spring.gradle.dependencymanagement.internal.VersionConfiguringAction] Using version '4.2.15.Final' for dependency 'io.netty:netty-common:4.2.15.Final'
2026-08-21T16:48:36.703-0300 [DEBUG] [io.spring.gradle.dependencymanagement.internal.VersionConfiguringAction] Processing requested dependency 'io.netty:netty-resolver:4.2.15.Final' with target 'io.netty:netty-resolver:4.2.15.Final
2026-08-21T16:48:36.703-0300 [DEBUG] [io.spring.gradle.dependencymanagement.internal.DependencyManagementContainer] Found managed version '4.2.15.Final' for dependency 'io.netty:netty-resolver' in global dependency management
2026-08-21T16:48:36.703-0300 [DEBUG] [io.spring.gradle.dependencymanagement.internal.VersionConfiguringAction] Using version '4.2.15.Final' for dependency 'io.netty:netty-resolver:4.2.15.Final'
2026-08-21T16:48:36.703-0300 [DEBUG] [io.spring.gradle.dependencymanagement.internal.VersionConfiguringAction] Processing requested dependency 'io.netty:netty-buffer:4.2.15.Final' with target 'io.netty:netty-buffer:4.2.15.Final
2026-08-21T16:48:36.703-0300 [DEBUG] [io.spring.gradle.dependencymanagement.internal.DependencyManagementContainer] Found managed version '4.2.15.Final' for dependency 'io.netty:netty-buffer' in global dependency management
2026-08-21T16:48:36.703-0300 [DEBUG] [io.spring.gradle.dependencymanagement.internal.VersionConfiguringAction] Using version '4.2.15.Final' for dependency 'io.netty:netty-buffer:4.2.15.Final'
2026-08-21T16:48:36.703-0300 [DEBUG] [io.spring.gradle.dependencymanagement.internal.VersionConfiguringAction] Processing requested dependency 'io.netty:netty-transport:4.2.15.Final' with target 'io.netty:netty-transport:4.2.15.Final
2026-08-21T16:48:36.703-0300 [DEBUG] [io.spring.gradle.dependencymanagement.internal.DependencyManagementContainer] Found managed version '4.2.15.Final' for dependency 'io.netty:netty-transport' in global dependency management
2026-08-21T16:48:36.703-0300 [DEBUG] [io.spring.gradle.dependencymanagement.internal.VersionConfiguringAction] Using version '4.2.15.Final' for dependency 'io.netty:netty-transport:4.2.15.Final'
2026-08-21T16:48:36.703-0300 [DEBUG] [io.spring.gradle.dependencymanagement.internal.VersionConfiguringAction] Processing requested dependency 'io.netty:netty-transport-native-unix-common:4.2.15.Final' with target 'io.netty:netty-transport-native-unix-common:4.2.15.Final
2026-08-21T16:48:36.703-0300 [DEBUG] [io.spring.gradle.dependencymanagement.internal.DependencyManagementContainer] Found managed version '4.2.15.Final' for dependency 'io.netty:netty-transport-native-unix-common' in global dependency management
2026-08-21T16:48:36.703-0300 [DEBUG] [io.spring.gradle.dependencymanagement.internal.VersionConfiguringAction] Using version '4.2.15.Final' for dependency 'io.netty:netty-transport-native-unix-common:4.2.15.Final'
2026-08-21T16:48:36.703-0300 [DEBUG] [io.spring.gradle.dependencymanagement.internal.VersionConfiguringAction] Processing requested dependency 'io.netty:netty-codec-base:4.2.15.Final' with target 'io.netty:netty-codec-base:4.2.15.Final
2026-08-21T16:48:36.703-0300 [DEBUG] [io.spring.gradle.dependencymanagement.internal.DependencyManagementContainer] Found managed version '4.2.15.Final' for dependency 'io.netty:netty-codec-base' in global dependency management
2026-08-21T16:48:36.703-0300 [DEBUG] [io.spring.gradle.dependencymanagement.internal.VersionConfiguringAction] Using version '4.2.15.Final' for dependency 'io.netty:netty-codec-base:4.2.15.Final'
2026-08-21T16:48:36.703-0300 [DEBUG] [org.gradle.api.internal.artifacts.ivyservice.ivyresolve.RepositoryChainComponentMetaDataResolver] Attempting to resolve component for io.netty:netty-resolver:4.2.15.Final using repositories [MavenRepo]
2026-08-21T16:48:36.703-0300 [DEBUG] [org.gradle.api.internal.artifacts.ivyservice.ivyresolve.CachingModuleComponentRepository] Using cached module metadata for module 'io.netty:netty-resolver:4.2.15.Final' in 'MavenRepo'
2026-08-21T16:48:36.703-0300 [DEBUG] [org.gradle.api.internal.artifacts.ivyservice.ivyresolve.RepositoryChainComponentMetaDataResolver] Using io.netty:netty-resolver:4.2.15.Final from org.gradle.api.internal.artifacts.ivyservice.ivyresolve.FilteredModuleComponentRepository@4c16e69e
2026-08-21T16:48:36.703-0300 [DEBUG] [org.gradle.api.internal.artifacts.ivyservice.ivyresolve.RepositoryChainComponentMetaDataResolver] Attempting to resolve component for io.netty:netty-buffer:4.2.15.Final using repositories [MavenRepo]
2026-08-21T16:48:36.703-0300 [DEBUG] [org.gradle.api.internal.artifacts.ivyservice.ivyresolve.CachingModuleComponentRepository] Using cached module metadata for module 'io.netty:netty-buffer:4.2.15.Final' in 'MavenRepo'
2026-08-21T16:48:36.703-0300 [DEBUG] [org.gradle.api.internal.artifacts.ivyservice.ivyresolve.RepositoryChainComponentMetaDataResolver] Using io.netty:netty-buffer:4.2.15.Final from org.gradle.api.internal.artifacts.ivyservice.ivyresolve.FilteredModuleComponentRepository@4c16e69e
2026-08-21T16:48:36.703-0300 [DEBUG] [org.gradle.api.internal.artifacts.ivyservice.ivyresolve.RepositoryChainComponentMetaDataResolver] Attempting to resolve component for io.netty:netty-transport-native-unix-common:4.2.15.Final using repositories [MavenRepo]
2026-08-21T16:48:36.703-0300 [DEBUG] [org.gradle.api.internal.artifacts.ivyservice.ivyresolve.CachingModuleComponentRepository] Using cached module metadata for module 'io.netty:netty-transport-native-unix-common:4.2.15.Final' in 'MavenRepo'
2026-08-21T16:48:36.703-0300 [DEBUG] [org.gradle.api.internal.artifacts.ivyservice.ivyresolve.RepositoryChainComponentMetaDataResolver] Using io.netty:netty-transport-native-unix-common:4.2.15.Final from org.gradle.api.internal.artifacts.ivyservice.ivyresolve.FilteredModuleComponentRepository@4c16e69e
2026-08-21T16:48:36.703-0300 [DEBUG] [org.gradle.api.internal.artifacts.ivyservice.ivyresolve.RepositoryChainComponentMetaDataResolver] Attempting to resolve component for io.netty:netty-codec-base:4.2.15.Final using repositories [MavenRepo]
2026-08-21T16:48:36.703-0300 [DEBUG] [org.gradle.api.internal.artifacts.ivyservice.ivyresolve.CachingModuleComponentRepository] Using cached module metadata for module 'io.netty:netty-codec-base:4.2.15.Final' in 'MavenRepo'
2026-08-21T16:48:36.703-0300 [DEBUG] [org.gradle.api.internal.artifacts.ivyservice.ivyresolve.RepositoryChainComponentMetaDataResolver] Using io.netty:netty-codec-base:4.2.15.Final from org.gradle.api.internal.artifacts.ivyservice.ivyresolve.FilteredModuleComponentRepository@4c16e69e
2026-08-21T16:48:36.703-0300 [DEBUG] [io.spring.gradle.dependencymanagement.internal.VersionConfiguringAction] Processing requested dependency 'org.reactivestreams:reactive-streams:1.0.4' with target 'org.reactivestreams:reactive-streams:1.0.4
2026-08-21T16:48:36.703-0300 [DEBUG] [io.spring.gradle.dependencymanagement.internal.DependencyManagementContainer] Found managed version '1.0.4' for dependency 'org.reactivestreams:reactive-streams' in global dependency management
2026-08-21T16:48:36.703-0300 [DEBUG] [io.spring.gradle.dependencymanagement.internal.VersionConfiguringAction] Using version '1.0.4' for dependency 'org.reactivestreams:reactive-streams:1.0.4'
2026-08-21T16:48:36.703-0300 [DEBUG] [org.gradle.api.internal.artifacts.ivyservice.ivyresolve.RepositoryChainComponentMetaDataResolver] Attempting to resolve component for org.reactivestreams:reactive-streams:1.0.4 using repositories [MavenRepo]
2026-08-21T16:48:36.703-0300 [DEBUG] [org.gradle.api.internal.artifacts.ivyservice.ivyresolve.CachingModuleComponentRepository] Using cached module metadata for module 'org.reactivestreams:reactive-streams:1.0.4' in 'MavenRepo'
2026-08-21T16:48:36.703-0300 [DEBUG] [org.gradle.api.internal.artifacts.ivyservice.ivyresolve.RepositoryChainComponentMetaDataResolver] Using org.reactivestreams:reactive-streams:1.0.4 from org.gradle.api.internal.artifacts.ivyservice.ivyresolve.FilteredModuleComponentRepository@4c16e69e
2026-08-21T16:48:36.704-0300 [DEBUG] [io.spring.gradle.dependencymanagement.internal.VersionConfiguringAction] Processing requested dependency 'io.netty:netty-codec-dns:4.2.15.Final' with target 'io.netty:netty-codec-dns:4.2.15.Final
2026-08-21T16:48:36.704-0300 [DEBUG] [io.spring.gradle.dependencymanagement.internal.DependencyManagementContainer] Found managed version '4.2.15.Final' for dependency 'io.netty:netty-codec-dns' in global dependency management
2026-08-21T16:48:36.704-0300 [DEBUG] [io.spring.gradle.dependencymanagement.internal.VersionConfiguringAction] Using version '4.2.15.Final' for dependency 'io.netty:netty-codec-dns:4.2.15.Final'
2026-08-21T16:48:36.704-0300 [DEBUG] [io.spring.gradle.dependencymanagement.internal.VersionConfiguringAction] Processing requested dependency 'io.netty:netty-handler:4.2.15.Final' with target 'io.netty:netty-handler:4.2.15.Final
2026-08-21T16:48:36.704-0300 [DEBUG] [io.spring.gradle.dependencymanagement.internal.DependencyManagementContainer] Found managed version '4.2.15.Final' for dependency 'io.netty:netty-handler' in global dependency management
2026-08-21T16:48:36.704-0300 [DEBUG] [io.spring.gradle.dependencymanagement.internal.VersionConfiguringAction] Using version '4.2.15.Final' for dependency 'io.netty:netty-handler:4.2.15.Final'
2026-08-21T16:48:36.704-0300 [DEBUG] [org.gradle.api.internal.artifacts.ivyservice.ivyresolve.RepositoryChainComponentMetaDataResolver] Attempting to resolve component for io.netty:netty-codec-dns:4.2.15.Final using repositories [MavenRepo]
2026-08-21T16:48:36.704-0300 [DEBUG] [org.gradle.api.internal.artifacts.ivyservice.ivyresolve.CachingModuleComponentRepository] Using cached module metadata for module 'io.netty:netty-codec-dns:4.2.15.Final' in 'MavenRepo'
2026-08-21T16:48:36.704-0300 [DEBUG] [org.gradle.api.internal.artifacts.ivyservice.ivyresolve.RepositoryChainComponentMetaDataResolver] Using io.netty:netty-codec-dns:4.2.15.Final from org.gradle.api.internal.artifacts.ivyservice.ivyresolve.FilteredModuleComponentRepository@4c16e69e
2026-08-21T16:48:36.705-0300 [DEBUG] [org.gradle.internal.operations.DefaultBuildOperationRunner] Build operation 'Resolve dependencies of :testCompileClasspath' completed
2026-08-21T16:48:36.705-0300 [DEBUG] [org.gradle.internal.component.model.LoggingAttributeMatchingExplanationBuilder] Selected match {artifactType=jar, org.gradle.category=library, org.gradle.dependency.bundling=external, org.gradle.jvm.version=17, org.gradle.libraryelements=jar, org.gradle.status=release, org.gradle.usage=java-api} from candidates [{artifactType=jar, org.gradle.category=library, org.gradle.dependency.bundling=external, org.gradle.jvm.version=17, org.gradle.libraryelements=jar, org.gradle.status=release, org.gradle.usage=java-api}] for {org.gradle.category=library, org.gradle.dependency.bundling=external, org.gradle.jvm.environment=standard-jvm, org.gradle.jvm.version=21, org.gradle.libraryelements=classes, org.gradle.usage=java-api}
2026-08-21T16:48:36.705-0300 [DEBUG] [org.gradle.internal.component.model.LoggingAttributeMatchingExplanationBuilder] Selected match {artifactType=jar, org.gradle.category=library, org.gradle.dependency.bundling=external, org.gradle.jvm.version=17, org.gradle.libraryelements=jar, org.gradle.status=release, org.gradle.usage=java-api} from candidates [{artifactType=jar, org.gradle.category=library, org.gradle.dependency.bundling=external, org.gradle.jvm.version=17, org.gradle.libraryelements=jar, org.gradle.status=release, org.gradle.usage=java-api}] for {org.gradle.category=library, org.gradle.dependency.bundling=external, org.gradle.jvm.environment=standard-jvm, org.gradle.jvm.version=21, org.gradle.libraryelements=classes, org.gradle.usage=java-api}
2026-08-21T16:48:36.705-0300 [DEBUG] [org.gradle.internal.component.model.LoggingAttributeMatchingExplanationBuilder] Selected match {artifactType=jar, org.gradle.category=library, org.gradle.dependency.bundling=external, org.gradle.jvm.version=17, org.gradle.libraryelements=jar, org.gradle.status=release, org.gradle.usage=java-api} from candidates [{artifactType=jar, org.gradle.category=library, org.gradle.dependency.bundling=external, org.gradle.jvm.version=17, org.gradle.libraryelements=jar, org.gradle.status=release, org.gradle.usage=java-api}] for {org.gradle.category=library, org.gradle.dependency.bundling=external, org.gradle.jvm.environment=standard-jvm, org.gradle.jvm.version=21, org.gradle.libraryelements=classes, org.gradle.usage=java-api}
2026-08-21T16:48:36.705-0300 [DEBUG] [org.gradle.internal.component.model.LoggingAttributeMatchingExplanationBuilder] Selected match {artifactType=jar, org.gradle.category=library, org.gradle.dependency.bundling=external, org.gradle.jvm.version=17, org.gradle.libraryelements=jar, org.gradle.status=release, org.gradle.usage=java-api} from candidates [{artifactType=jar, org.gradle.category=library, org.gradle.dependency.bundling=external, org.gradle.jvm.version=17, org.gradle.libraryelements=jar, org.gradle.status=release, org.gradle.usage=java-api}] for {org.gradle.category=library, org.gradle.dependency.bundling=external, org.gradle.jvm.environment=standard-jvm, org.gradle.jvm.version=21, org.gradle.libraryelements=classes, org.gradle.usage=java-api}
2026-08-21T16:48:36.705-0300 [DEBUG] [org.gradle.internal.component.model.LoggingAttributeMatchingExplanationBuilder] Selected match {artifactType=jar, org.gradle.category=library, org.gradle.dependency.bundling=external, org.gradle.jvm.version=17, org.gradle.libraryelements=jar, org.gradle.status=release, org.gradle.usage=java-api} from candidates [{artifactType=jar, org.gradle.category=library, org.gradle.dependency.bundling=external, org.gradle.jvm.version=17, org.gradle.libraryelements=jar, org.gradle.status=release, org.gradle.usage=java-api}] for {org.gradle.category=library, org.gradle.dependency.bundling=external, org.gradle.jvm.environment=standard-jvm, org.gradle.jvm.version=21, org.gradle.libraryelements=classes, org.gradle.usage=java-api}
2026-08-21T16:48:36.705-0300 [DEBUG] [org.gradle.internal.component.model.LoggingAttributeMatchingExplanationBuilder] Selected match {artifactType=jar, org.gradle.category=library, org.gradle.dependency.bundling=external, org.gradle.jvm.version=17, org.gradle.libraryelements=jar, org.gradle.status=release, org.gradle.usage=java-api} from candidates [{artifactType=jar, org.gradle.category=library, org.gradle.dependency.bundling=external, org.gradle.jvm.version=17, org.gradle.libraryelements=jar, org.gradle.status=release, org.gradle.usage=java-api}] for {org.gradle.category=library, org.gradle.dependency.bundling=external, org.gradle.jvm.environment=standard-jvm, org.gradle.jvm.version=21, org.gradle.libraryelements=classes, org.gradle.usage=java-api}
2026-08-21T16:48:36.705-0300 [DEBUG] [org.gradle.internal.component.model.LoggingAttributeMatchingExplanationBuilder] Selected match {artifactType=jar, org.gradle.category=library, org.gradle.dependency.bundling=external, org.gradle.jvm.version=17, org.gradle.libraryelements=jar, org.gradle.status=release, org.gradle.usage=java-api} from candidates [{artifactType=jar, org.gradle.category=library, org.gradle.dependency.bundling=external, org.gradle.jvm.version=17, org.gradle.libraryelements=jar, org.gradle.status=release, org.gradle.usage=java-api}] for {org.gradle.category=library, org.gradle.dependency.bundling=external, org.gradle.jvm.environment=standard-jvm, org.gradle.jvm.version=21, org.gradle.libraryelements=classes, org.gradle.usage=java-api}
2026-08-21T16:48:36.705-0300 [DEBUG] [org.gradle.internal.component.model.LoggingAttributeMatchingExplanationBuilder] Selected match {artifactType=jar, org.gradle.category=library, org.gradle.dependency.bundling=external, org.gradle.jvm.version=17, org.gradle.libraryelements=jar, org.gradle.status=release, org.gradle.usage=java-api} from candidates [{artifactType=jar, org.gradle.category=library, org.gradle.dependency.bundling=external, org.gradle.jvm.version=17, org.gradle.libraryelements=jar, org.gradle.status=release, org.gradle.usage=java-api}] for {org.gradle.category=library, org.gradle.dependency.bundling=external, org.gradle.jvm.environment=standard-jvm, org.gradle.jvm.version=21, org.gradle.libraryelements=classes, org.gradle.usage=java-api}
2026-08-21T16:48:36.705-0300 [DEBUG] [org.gradle.internal.component.model.LoggingAttributeMatchingExplanationBuilder] Selected match {artifactType=jar, org.gradle.category=library, org.gradle.libraryelements=jar, org.gradle.status=release, org.gradle.usage=java-api} from candidates [{artifactType=jar, org.gradle.category=library, org.gradle.libraryelements=jar, org.gradle.status=release, org.gradle.usage=java-api}] for {org.gradle.category=library, org.gradle.dependency.bundling=external, org.gradle.jvm.environment=standard-jvm, org.gradle.jvm.version=21, org.gradle.libraryelements=classes, org.gradle.usage=java-api}
2026-08-21T16:48:36.705-0300 [DEBUG] [org.gradle.internal.component.model.LoggingAttributeMatchingExplanationBuilder] Selected match {org.gradle.category=platform, org.gradle.status=release, org.gradle.usage=java-api} from candidates [{org.gradle.category=platform, org.gradle.status=release, org.gradle.usage=java-api}] for {org.gradle.category=platform, org.gradle.dependency.bundling=external, org.gradle.jvm.environment=standard-jvm, org.gradle.jvm.version=21, org.gradle.libraryelements=classes, org.gradle.usage=java-api}
2026-08-21T16:48:36.705-0300 [DEBUG] [org.gradle.internal.component.model.LoggingAttributeMatchingExplanationBuilder] Selected match {artifactType=jar, org.gradle.category=library, org.gradle.libraryelements=jar, org.gradle.status=release, org.gradle.usage=java-api} from candidates [{artifactType=jar, org.gradle.category=library, org.gradle.libraryelements=jar, org.gradle.status=release, org.gradle.usage=java-api}] for {org.gradle.category=library, org.gradle.dependency.bundling=external, org.gradle.jvm.environment=standard-jvm, org.gradle.jvm.version=21, org.gradle.libraryelements=classes, org.gradle.usage=java-api}
2026-08-21T16:48:36.705-0300 [DEBUG] [org.gradle.internal.component.model.LoggingAttributeMatchingExplanationBuilder] Selected match {artifactType=jar, org.gradle.category=library, org.gradle.dependency.bundling=external, org.gradle.jvm.version=17, org.gradle.libraryelements=jar, org.gradle.status=release, org.gradle.usage=java-api} from candidates [{artifactType=jar, org.gradle.category=library, org.gradle.dependency.bundling=external, org.gradle.jvm.version=17, org.gradle.libraryelements=jar, org.gradle.status=release, org.gradle.usage=java-api}] for {org.gradle.category=library, org.gradle.dependency.bundling=external, org.gradle.jvm.environment=standard-jvm, org.gradle.jvm.version=21, org.gradle.libraryelements=classes, org.gradle.usage=java-api}
2026-08-21T16:48:36.705-0300 [DEBUG] [org.gradle.internal.component.model.LoggingAttributeMatchingExplanationBuilder] Selected match {artifactType=jar, org.gradle.category=library, org.gradle.dependency.bundling=external, org.gradle.jvm.version=17, org.gradle.libraryelements=jar, org.gradle.status=release, org.gradle.usage=java-api} from candidates [{artifactType=jar, org.gradle.category=library, org.gradle.dependency.bundling=external, org.gradle.jvm.version=17, org.gradle.libraryelements=jar, org.gradle.status=release, org.gradle.usage=java-api}] for {org.gradle.category=library, org.gradle.dependency.bundling=external, org.gradle.jvm.environment=standard-jvm, org.gradle.jvm.version=21, org.gradle.libraryelements=classes, org.gradle.usage=java-api}
2026-08-21T16:48:36.705-0300 [DEBUG] [org.gradle.internal.component.model.LoggingAttributeMatchingExplanationBuilder] Selected match {artifactType=jar, org.gradle.category=library, org.gradle.dependency.bundling=external, org.gradle.jvm.version=17, org.gradle.libraryelements=jar, org.gradle.status=release, org.gradle.usage=java-api} from candidates [{artifactType=jar, org.gradle.category=library, org.gradle.dependency.bundling=external, org.gradle.jvm.version=17, org.gradle.libraryelements=jar, org.gradle.status=release, org.gradle.usage=java-api}] for {org.gradle.category=library, org.gradle.dependency.bundling=external, org.gradle.jvm.environment=standard-jvm, org.gradle.jvm.version=21, org.gradle.libraryelements=classes, org.gradle.usage=java-api}
2026-08-21T16:48:36.705-0300 [DEBUG] [org.gradle.internal.component.model.LoggingAttributeMatchingExplanationBuilder] Selected match {artifactType=jar, org.gradle.category=library, org.gradle.dependency.bundling=external, org.gradle.jvm.version=17, org.gradle.libraryelements=jar, org.gradle.status=release, org.gradle.usage=java-api} from candidates [{artifactType=jar, org.gradle.category=library, org.gradle.dependency.bundling=external, org.gradle.jvm.version=17, org.gradle.libraryelements=jar, org.gradle.status=release, org.gradle.usage=java-api}] for {org.gradle.category=library, org.gradle.dependency.bundling=external, org.gradle.jvm.environment=standard-jvm, org.gradle.jvm.version=21, org.gradle.libraryelements=classes, org.gradle.usage=java-api}
2026-08-21T16:48:36.705-0300 [DEBUG] [org.gradle.internal.component.model.LoggingAttributeMatchingExplanationBuilder] Selected match {artifactType=jar, org.gradle.category=library, org.gradle.libraryelements=jar, org.gradle.status=release, org.gradle.usage=java-api} from candidates [{artifactType=jar, org.gradle.category=library, org.gradle.libraryelements=jar, org.gradle.status=release, org.gradle.usage=java-api}] for {org.gradle.category=library, org.gradle.dependency.bundling=external, org.gradle.jvm.environment=standard-jvm, org.gradle.jvm.version=21, org.gradle.libraryelements=classes, org.gradle.usage=java-api}
2026-08-21T16:48:36.705-0300 [DEBUG] [org.gradle.internal.component.model.LoggingAttributeMatchingExplanationBuilder] Selected match {artifactType=jar, org.gradle.category=library, org.gradle.libraryelements=jar, org.gradle.status=release, org.gradle.usage=java-api} from candidates [{artifactType=jar, org.gradle.category=library, org.gradle.libraryelements=jar, org.gradle.status=release, org.gradle.usage=java-api}] for {org.gradle.category=library, org.gradle.dependency.bundling=external, org.gradle.jvm.environment=standard-jvm, org.gradle.jvm.version=21, org.gradle.libraryelements=classes, org.gradle.usage=java-api}
2026-08-21T16:48:36.705-0300 [DEBUG] [org.gradle.internal.component.model.LoggingAttributeMatchingExplanationBuilder] Selected match {artifactType=jar, org.gradle.category=library, org.gradle.libraryelements=jar, org.gradle.status=release, org.gradle.usage=java-api} from candidates [{artifactType=jar, org.gradle.category=library, org.gradle.libraryelements=jar, org.gradle.status=release, org.gradle.usage=java-api}] for {org.gradle.category=library, org.gradle.dependency.bundling=external, org.gradle.jvm.environment=standard-jvm, org.gradle.jvm.version=21, org.gradle.libraryelements=classes, org.gradle.usage=java-api}
2026-08-21T16:48:36.705-0300 [DEBUG] [org.gradle.internal.component.model.LoggingAttributeMatchingExplanationBuilder] Selected match {artifactType=jar, org.gradle.category=library, org.gradle.dependency.bundling=external, org.gradle.jvm.version=17, org.gradle.libraryelements=jar, org.gradle.status=release, org.gradle.usage=java-api} from candidates [{artifactType=jar, org.gradle.category=library, org.gradle.dependency.bundling=external, org.gradle.jvm.version=17, org.gradle.libraryelements=jar, org.gradle.status=release, org.gradle.usage=java-api}] for {org.gradle.category=library, org.gradle.dependency.bundling=external, org.gradle.jvm.environment=standard-jvm, org.gradle.jvm.version=21, org.gradle.libraryelements=classes, org.gradle.usage=java-api}
2026-08-21T16:48:36.705-0300 [DEBUG] [org.gradle.internal.component.model.LoggingAttributeMatchingExplanationBuilder] Selected match {artifactType=jar, org.gradle.category=library, org.gradle.dependency.bundling=external, org.gradle.jvm.version=17, org.gradle.libraryelements=jar, org.gradle.status=release, org.gradle.usage=java-api} from candidates [{artifactType=jar, org.gradle.category=library, org.gradle.dependency.bundling=external, org.gradle.jvm.version=17, org.gradle.libraryelements=jar, org.gradle.status=release, org.gradle.usage=java-api}] for {org.gradle.category=library, org.gradle.dependency.bundling=external, org.gradle.jvm.environment=standard-jvm, org.gradle.jvm.version=21, org.gradle.libraryelements=classes, org.gradle.usage=java-api}
2026-08-21T16:48:36.705-0300 [DEBUG] [org.gradle.internal.component.model.LoggingAttributeMatchingExplanationBuilder] Selected match {artifactType=jar, org.gradle.category=library, org.gradle.dependency.bundling=external, org.gradle.jvm.version=17, org.gradle.libraryelements=jar, org.gradle.status=release, org.gradle.usage=java-api} from candidates [{artifactType=jar, org.gradle.category=library, org.gradle.dependency.bundling=external, org.gradle.jvm.version=17, org.gradle.libraryelements=jar, org.gradle.status=release, org.gradle.usage=java-api}] for {org.gradle.category=library, org.gradle.dependency.bundling=external, org.gradle.jvm.environment=standard-jvm, org.gradle.jvm.version=21, org.gradle.libraryelements=classes, org.gradle.usage=java-api}
2026-08-21T16:48:36.705-0300 [DEBUG] [org.gradle.internal.component.model.LoggingAttributeMatchingExplanationBuilder] Selected match {artifactType=jar, org.gradle.category=library, org.gradle.dependency.bundling=external, org.gradle.jvm.version=17, org.gradle.libraryelements=jar, org.gradle.status=release, org.gradle.usage=java-api} from candidates [{artifactType=jar, org.gradle.category=library, org.gradle.dependency.bundling=external, org.gradle.jvm.version=17, org.gradle.libraryelements=jar, org.gradle.status=release, org.gradle.usage=java-api}] for {org.gradle.category=library, org.gradle.dependency.bundling=external, org.gradle.jvm.environment=standard-jvm, org.gradle.jvm.version=21, org.gradle.libraryelements=classes, org.gradle.usage=java-api}
2026-08-21T16:48:36.705-0300 [DEBUG] [org.gradle.internal.component.model.LoggingAttributeMatchingExplanationBuilder] Selected match {artifactType=jar, org.gradle.category=library, org.gradle.dependency.bundling=external, org.gradle.jvm.version=17, org.gradle.libraryelements=jar, org.gradle.status=release, org.gradle.usage=java-api} from candidates [{artifactType=jar, org.gradle.category=library, org.gradle.dependency.bundling=external, org.gradle.jvm.version=17, org.gradle.libraryelements=jar, org.gradle.status=release, org.gradle.usage=java-api}] for {org.gradle.category=library, org.gradle.dependency.bundling=external, org.gradle.jvm.environment=standard-jvm, org.gradle.jvm.version=21, org.gradle.libraryelements=classes, org.gradle.usage=java-api}
2026-08-21T16:48:36.705-0300 [DEBUG] [org.gradle.internal.component.model.LoggingAttributeMatchingExplanationBuilder] Selected match {artifactType=jar, org.gradle.category=library, org.gradle.dependency.bundling=external, org.gradle.jvm.version=17, org.gradle.libraryelements=jar, org.gradle.status=release, org.gradle.usage=java-api} from candidates [{artifactType=jar, org.gradle.category=library, org.gradle.dependency.bundling=external, org.gradle.jvm.version=17, org.gradle.libraryelements=jar, org.gradle.status=release, org.gradle.usage=java-api}] for {org.gradle.category=library, org.gradle.dependency.bundling=external, org.gradle.jvm.environment=standard-jvm, org.gradle.jvm.version=21, org.gradle.libraryelements=classes, org.gradle.usage=java-api}
2026-08-21T16:48:36.705-0300 [DEBUG] [org.gradle.internal.component.model.LoggingAttributeMatchingExplanationBuilder] Selected match {artifactType=jar, org.gradle.category=library, org.gradle.dependency.bundling=external, org.gradle.libraryelements=jar, org.gradle.status=release, org.gradle.usage=java-api} from candidates [{artifactType=jar, org.gradle.category=library, org.gradle.dependency.bundling=external, org.gradle.libraryelements=jar, org.gradle.status=release, org.gradle.usage=java-api}] for {org.gradle.category=library, org.gradle.dependency.bundling=external, org.gradle.jvm.environment=standard-jvm, org.gradle.jvm.version=21, org.gradle.libraryelements=classes, org.gradle.usage=java-api}
2026-08-21T16:48:36.705-0300 [DEBUG] [org.gradle.internal.component.model.LoggingAttributeMatchingExplanationBuilder] Selected match {org.gradle.category=platform, org.gradle.status=release, org.gradle.usage=java-api} from candidates [{org.gradle.category=platform, org.gradle.status=release, org.gradle.usage=java-api}] for {org.gradle.category=platform, org.gradle.dependency.bundling=external, org.gradle.jvm.environment=standard-jvm, org.gradle.jvm.version=21, org.gradle.libraryelements=classes, org.gradle.usage=java-api}
2026-08-21T16:48:36.705-0300 [DEBUG] [org.gradle.internal.component.model.LoggingAttributeMatchingExplanationBuilder] Selected match {org.gradle.category=platform, org.gradle.status=release, org.gradle.usage=java-api} from candidates [{org.gradle.category=platform, org.gradle.status=release, org.gradle.usage=java-api}] for {org.gradle.category=platform, org.gradle.dependency.bundling=external, org.gradle.jvm.environment=standard-jvm, org.gradle.jvm.version=21, org.gradle.libraryelements=classes, org.gradle.usage=java-api}
2026-08-21T16:48:36.706-0300 [DEBUG] [org.gradle.internal.component.model.LoggingAttributeMatchingExplanationBuilder] Selected match {artifactType=jar, org.gradle.category=library, org.gradle.dependency.bundling=external, org.gradle.libraryelements=jar, org.gradle.status=release, org.gradle.usage=java-api} from candidates [{artifactType=jar, org.gradle.category=library, org.gradle.dependency.bundling=external, org.gradle.libraryelements=jar, org.gradle.status=release, org.gradle.usage=java-api}] for {org.gradle.category=library, org.gradle.dependency.bundling=external, org.gradle.jvm.environment=standard-jvm, org.gradle.jvm.version=21, org.gradle.libraryelements=classes, org.gradle.usage=java-api}
2026-08-21T16:48:36.706-0300 [DEBUG] [org.gradle.internal.component.model.LoggingAttributeMatchingExplanationBuilder] Selected match {artifactType=jar, org.gradle.category=library, org.gradle.dependency.bundling=external, org.gradle.jvm.version=17, org.gradle.libraryelements=jar, org.gradle.status=release, org.gradle.usage=java-api} from candidates [{artifactType=jar, org.gradle.category=library, org.gradle.dependency.bundling=external, org.gradle.jvm.version=17, org.gradle.libraryelements=jar, org.gradle.status=release, org.gradle.usage=java-api}] for {org.gradle.category=library, org.gradle.dependency.bundling=external, org.gradle.jvm.environment=standard-jvm, org.gradle.jvm.version=21, org.gradle.libraryelements=classes, org.gradle.usage=java-api}
2026-08-21T16:48:36.706-0300 [DEBUG] [org.gradle.internal.component.model.LoggingAttributeMatchingExplanationBuilder] Selected match {artifactType=jar, org.gradle.category=library, org.gradle.dependency.bundling=external, org.gradle.jvm.environment=standard-jvm, org.gradle.jvm.version=17, org.gradle.libraryelements=jar, org.gradle.status=release, org.gradle.usage=java-api, org.jetbrains.kotlin.platform.type=jvm} from candidates [{artifactType=jar, org.gradle.category=library, org.gradle.dependency.bundling=external, org.gradle.jvm.environment=standard-jvm, org.gradle.jvm.version=17, org.gradle.libraryelements=jar, org.gradle.status=release, org.gradle.usage=java-api, org.jetbrains.kotlin.platform.type=jvm}] for {org.gradle.category=library, org.gradle.dependency.bundling=external, org.gradle.jvm.environment=standard-jvm, org.gradle.jvm.version=21, org.gradle.libraryelements=classes, org.gradle.usage=java-api}
2026-08-21T16:48:36.706-0300 [DEBUG] [org.gradle.internal.component.model.LoggingAttributeMatchingExplanationBuilder] Selected match {artifactType=jar, org.gradle.category=library, org.gradle.dependency.bundling=external, org.gradle.jvm.version=17, org.gradle.libraryelements=jar, org.gradle.status=release, org.gradle.usage=java-api} from candidates [{artifactType=jar, org.gradle.category=library, org.gradle.dependency.bundling=external, org.gradle.jvm.version=17, org.gradle.libraryelements=jar, org.gradle.status=release, org.gradle.usage=java-api}] for {org.gradle.category=library, org.gradle.dependency.bundling=external, org.gradle.jvm.environment=standard-jvm, org.gradle.jvm.version=21, org.gradle.libraryelements=classes, org.gradle.usage=java-api}
2026-08-21T16:48:36.706-0300 [DEBUG] [org.gradle.internal.component.model.LoggingAttributeMatchingExplanationBuilder] Selected match {artifactType=jar, org.gradle.category=library, org.gradle.dependency.bundling=external, org.gradle.jvm.environment=standard-jvm, org.gradle.jvm.version=17, org.gradle.libraryelements=jar, org.gradle.status=release, org.gradle.usage=java-api, org.jetbrains.kotlin.platform.type=jvm} from candidates [{artifactType=jar, org.gradle.category=library, org.gradle.dependency.bundling=external, org.gradle.jvm.environment=standard-jvm, org.gradle.jvm.version=17, org.gradle.libraryelements=jar, org.gradle.status=release, org.gradle.usage=java-api, org.jetbrains.kotlin.platform.type=jvm}] for {org.gradle.category=library, org.gradle.dependency.bundling=external, org.gradle.jvm.environment=standard-jvm, org.gradle.jvm.version=21, org.gradle.libraryelements=classes, org.gradle.usage=java-api}
2026-08-21T16:48:36.706-0300 [DEBUG] [org.gradle.internal.component.model.LoggingAttributeMatchingExplanationBuilder] Selected match {artifactType=jar, org.gradle.category=library, org.gradle.dependency.bundling=external, org.gradle.jvm.version=8, org.gradle.libraryelements=jar, org.gradle.status=release, org.gradle.usage=java-api} from candidates [{artifactType=jar, org.gradle.category=library, org.gradle.dependency.bundling=external, org.gradle.jvm.version=8, org.gradle.libraryelements=jar, org.gradle.status=release, org.gradle.usage=java-api}] for {org.gradle.category=library, org.gradle.dependency.bundling=external, org.gradle.jvm.environment=standard-jvm, org.gradle.jvm.version=21, org.gradle.libraryelements=classes, org.gradle.usage=java-api}
2026-08-21T16:48:36.706-0300 [DEBUG] [org.gradle.internal.component.model.LoggingAttributeMatchingExplanationBuilder] Selected match {artifactType=jar, org.gradle.category=library, org.gradle.libraryelements=jar, org.gradle.status=release, org.gradle.usage=java-api} from candidates [{artifactType=jar, org.gradle.category=library, org.gradle.libraryelements=jar, org.gradle.status=release, org.gradle.usage=java-api}] for {org.gradle.category=library, org.gradle.dependency.bundling=external, org.gradle.jvm.environment=standard-jvm, org.gradle.jvm.version=21, org.gradle.libraryelements=classes, org.gradle.usage=java-api}
2026-08-21T16:48:36.706-0300 [DEBUG] [org.gradle.internal.component.model.LoggingAttributeMatchingExplanationBuilder] Selected match {artifactType=jar, org.gradle.category=library, org.gradle.libraryelements=jar, org.gradle.status=release, org.gradle.usage=java-api} from candidates [{artifactType=jar, org.gradle.category=library, org.gradle.libraryelements=jar, org.gradle.status=release, org.gradle.usage=java-api}] for {org.gradle.category=library, org.gradle.dependency.bundling=external, org.gradle.jvm.environment=standard-jvm, org.gradle.jvm.version=21, org.gradle.libraryelements=classes, org.gradle.usage=java-api}
2026-08-21T16:48:36.706-0300 [DEBUG] [org.gradle.internal.component.model.LoggingAttributeMatchingExplanationBuilder] Selected match {artifactType=jar, org.gradle.category=library, org.gradle.libraryelements=jar, org.gradle.status=release, org.gradle.usage=java-api} from candidates [{artifactType=jar, org.gradle.category=library, org.gradle.libraryelements=jar, org.gradle.status=release, org.gradle.usage=java-api}] for {org.gradle.category=library, org.gradle.dependency.bundling=external, org.gradle.jvm.environment=standard-jvm, org.gradle.jvm.version=21, org.gradle.libraryelements=classes, org.gradle.usage=java-api}
2026-08-21T16:48:36.706-0300 [DEBUG] [org.gradle.internal.component.model.LoggingAttributeMatchingExplanationBuilder] Selected match {artifactType=jar, org.gradle.category=library, org.gradle.libraryelements=jar, org.gradle.status=release, org.gradle.usage=java-api} from candidates [{artifactType=jar, org.gradle.category=library, org.gradle.libraryelements=jar, org.gradle.status=release, org.gradle.usage=java-api}] for {org.gradle.category=library, org.gradle.dependency.bundling=external, org.gradle.jvm.environment=standard-jvm, org.gradle.jvm.version=21, org.gradle.libraryelements=classes, org.gradle.usage=java-api}
2026-08-21T16:48:36.706-0300 [DEBUG] [org.gradle.internal.component.model.LoggingAttributeMatchingExplanationBuilder] Selected match {artifactType=jar, org.gradle.category=library, org.gradle.dependency.bundling=external, org.gradle.jvm.version=8, org.gradle.libraryelements=jar, org.gradle.status=release, org.gradle.usage=java-api} from candidates [{artifactType=jar, org.gradle.category=library, org.gradle.dependency.bundling=external, org.gradle.jvm.version=8, org.gradle.libraryelements=jar, org.gradle.status=release, org.gradle.usage=java-api}] for {org.gradle.category=library, org.gradle.dependency.bundling=external, org.gradle.jvm.environment=standard-jvm, org.gradle.jvm.version=21, org.gradle.libraryelements=classes, org.gradle.usage=java-api}
2026-08-21T16:48:36.706-0300 [DEBUG] [org.gradle.internal.component.model.LoggingAttributeMatchingExplanationBuilder] Selected match {artifactType=jar, org.gradle.category=library, org.gradle.dependency.bundling=external, org.gradle.jvm.environment=standard-jvm, org.gradle.jvm.version=17, org.gradle.libraryelements=jar, org.gradle.status=release, org.gradle.usage=java-api, org.jetbrains.kotlin.platform.type=jvm} from candidates [{artifactType=jar, org.gradle.category=library, org.gradle.dependency.bundling=external, org.gradle.jvm.environment=standard-jvm, org.gradle.jvm.version=17, org.gradle.libraryelements=jar, org.gradle.status=release, org.gradle.usage=java-api, org.jetbrains.kotlin.platform.type=jvm}] for {org.gradle.category=library, org.gradle.dependency.bundling=external, org.gradle.jvm.environment=standard-jvm, org.gradle.jvm.version=21, org.gradle.libraryelements=classes, org.gradle.usage=java-api}
2026-08-21T16:48:36.706-0300 [DEBUG] [org.gradle.internal.component.model.LoggingAttributeMatchingExplanationBuilder] Selected match {artifactType=jar, org.gradle.category=library, org.gradle.dependency.bundling=external, org.gradle.jvm.environment=standard-jvm, org.gradle.jvm.version=17, org.gradle.libraryelements=jar, org.gradle.status=release, org.gradle.usage=java-api, org.jetbrains.kotlin.platform.type=jvm} from candidates [{artifactType=jar, org.gradle.category=library, org.gradle.dependency.bundling=external, org.gradle.jvm.environment=standard-jvm, org.gradle.jvm.version=17, org.gradle.libraryelements=jar, org.gradle.status=release, org.gradle.usage=java-api, org.jetbrains.kotlin.platform.type=jvm}] for {org.gradle.category=library, org.gradle.dependency.bundling=external, org.gradle.jvm.environment=standard-jvm, org.gradle.jvm.version=21, org.gradle.libraryelements=classes, org.gradle.usage=java-api}
2026-08-21T16:48:36.706-0300 [DEBUG] [org.gradle.internal.component.model.LoggingAttributeMatchingExplanationBuilder] Selected match {artifactType=jar, org.gradle.category=library, org.gradle.dependency.bundling=external, org.gradle.jvm.environment=standard-jvm, org.gradle.jvm.version=17, org.gradle.libraryelements=jar, org.gradle.status=release, org.gradle.usage=java-api, org.jetbrains.kotlin.platform.type=jvm} from candidates [{artifactType=jar, org.gradle.category=library, org.gradle.dependency.bundling=external, org.gradle.jvm.environment=standard-jvm, org.gradle.jvm.version=17, org.gradle.libraryelements=jar, org.gradle.status=release, org.gradle.usage=java-api, org.jetbrains.kotlin.platform.type=jvm}] for {org.gradle.category=library, org.gradle.dependency.bundling=external, org.gradle.jvm.environment=standard-jvm, org.gradle.jvm.version=21, org.gradle.libraryelements=classes, org.gradle.usage=java-api}
2026-08-21T16:48:36.706-0300 [DEBUG] [org.gradle.internal.component.model.LoggingAttributeMatchingExplanationBuilder] Selected match {org.gradle.category=platform, org.gradle.status=release, org.gradle.usage=java-api} from candidates [{org.gradle.category=platform, org.gradle.status=release, org.gradle.usage=java-api}] for {org.gradle.category=platform, org.gradle.dependency.bundling=external, org.gradle.jvm.environment=standard-jvm, org.gradle.jvm.version=21, org.gradle.libraryelements=classes, org.gradle.usage=java-api}
2026-08-21T16:48:36.706-0300 [DEBUG] [org.gradle.internal.component.model.LoggingAttributeMatchingExplanationBuilder] Selected match {org.gradle.category=platform, org.gradle.status=release, org.gradle.usage=java-api} from candidates [{org.gradle.category=platform, org.gradle.status=release, org.gradle.usage=java-api}] for {org.gradle.category=platform, org.gradle.dependency.bundling=external, org.gradle.jvm.environment=standard-jvm, org.gradle.jvm.version=21, org.gradle.libraryelements=classes, org.gradle.usage=java-api}
2026-08-21T16:48:36.706-0300 [DEBUG] [org.gradle.internal.component.model.LoggingAttributeMatchingExplanationBuilder] Selected match {org.gradle.category=platform, org.gradle.status=release, org.gradle.usage=java-api} from candidates [{org.gradle.category=platform, org.gradle.status=release, org.gradle.usage=java-api}] for {org.gradle.category=platform, org.gradle.dependency.bundling=external, org.gradle.jvm.environment=standard-jvm, org.gradle.jvm.version=21, org.gradle.libraryelements=classes, org.gradle.usage=java-api}
2026-08-21T16:48:36.706-0300 [DEBUG] [org.gradle.internal.component.model.LoggingAttributeMatchingExplanationBuilder] Selected match {org.gradle.category=platform, org.gradle.status=release, org.gradle.usage=java-api} from candidates [{org.gradle.category=platform, org.gradle.status=release, org.gradle.usage=java-api}] for {org.gradle.category=platform, org.gradle.dependency.bundling=external, org.gradle.jvm.environment=standard-jvm, org.gradle.jvm.version=21, org.gradle.libraryelements=classes, org.gradle.usage=java-api}
2026-08-21T16:48:36.706-0300 [DEBUG] [org.gradle.internal.component.model.LoggingAttributeMatchingExplanationBuilder] Selected match {artifactType=jar, org.gradle.category=library, org.gradle.dependency.bundling=external, org.gradle.jvm.version=17, org.gradle.libraryelements=jar, org.gradle.status=release, org.gradle.usage=java-api} from candidates [{artifactType=jar, org.gradle.category=library, org.gradle.dependency.bundling=external, org.gradle.jvm.version=17, org.gradle.libraryelements=jar, org.gradle.status=release, org.gradle.usage=java-api}] for {org.gradle.category=library, org.gradle.dependency.bundling=external, org.gradle.jvm.environment=standard-jvm, org.gradle.jvm.version=21, org.gradle.libraryelements=classes, org.gradle.usage=java-api}
2026-08-21T16:48:36.706-0300 [DEBUG] [org.gradle.internal.component.model.LoggingAttributeMatchingExplanationBuilder] Selected match {artifactType=jar, org.gradle.category=library, org.gradle.libraryelements=jar, org.gradle.status=release, org.gradle.usage=java-api} from candidates [{artifactType=jar, org.gradle.category=library, org.gradle.libraryelements=jar, org.gradle.status=release, org.gradle.usage=java-api}] for {org.gradle.category=library, org.gradle.dependency.bundling=external, org.gradle.jvm.environment=standard-jvm, org.gradle.jvm.version=21, org.gradle.libraryelements=classes, org.gradle.usage=java-api}
2026-08-21T16:48:36.706-0300 [DEBUG] [org.gradle.internal.component.model.LoggingAttributeMatchingExplanationBuilder] Selected match {artifactType=jar, org.gradle.category=library, org.gradle.libraryelements=jar, org.gradle.status=release, org.gradle.usage=java-api} from candidates [{artifactType=jar, org.gradle.category=library, org.gradle.libraryelements=jar, org.gradle.status=release, org.gradle.usage=java-api}] for {org.gradle.category=library, org.gradle.dependency.bundling=external, org.gradle.jvm.environment=standard-jvm, org.gradle.jvm.version=21, org.gradle.libraryelements=classes, org.gradle.usage=java-api}
2026-08-21T16:48:36.706-0300 [DEBUG] [org.gradle.internal.component.model.LoggingAttributeMatchingExplanationBuilder] Selected match {artifactType=jar, org.gradle.category=library, org.gradle.libraryelements=jar, org.gradle.status=release, org.gradle.usage=java-api} from candidates [{artifactType=jar, org.gradle.category=library, org.gradle.libraryelements=jar, org.gradle.status=release, org.gradle.usage=java-api}] for {org.gradle.category=library, org.gradle.dependency.bundling=external, org.gradle.jvm.environment=standard-jvm, org.gradle.jvm.version=21, org.gradle.libraryelements=classes, org.gradle.usage=java-api}
2026-08-21T16:48:36.706-0300 [DEBUG] [org.gradle.internal.component.model.LoggingAttributeMatchingExplanationBuilder] Selected match {artifactType=jar, org.gradle.category=library, org.gradle.dependency.bundling=external, org.gradle.jvm.environment=standard-jvm, org.gradle.jvm.version=17, org.gradle.libraryelements=jar, org.gradle.status=release, org.gradle.usage=java-api, org.jetbrains.kotlin.platform.type=jvm} from candidates [{artifactType=jar, org.gradle.category=library, org.gradle.dependency.bundling=external, org.gradle.jvm.environment=standard-jvm, org.gradle.jvm.version=17, org.gradle.libraryelements=jar, org.gradle.status=release, org.gradle.usage=java-api, org.jetbrains.kotlin.platform.type=jvm}] for {org.gradle.category=library, org.gradle.dependency.bundling=external, org.gradle.jvm.environment=standard-jvm, org.gradle.jvm.version=21, org.gradle.libraryelements=classes, org.gradle.usage=java-api}
2026-08-21T16:48:36.706-0300 [DEBUG] [org.gradle.internal.component.model.LoggingAttributeMatchingExplanationBuilder] Selected match {artifactType=jar, org.gradle.category=library, org.gradle.dependency.bundling=external, org.gradle.jvm.version=17, org.gradle.libraryelements=jar, org.gradle.status=release, org.gradle.usage=java-api} from candidates [{artifactType=jar, org.gradle.category=library, org.gradle.dependency.bundling=external, org.gradle.jvm.version=17, org.gradle.libraryelements=jar, org.gradle.status=release, org.gradle.usage=java-api}] for {org.gradle.category=library, org.gradle.dependency.bundling=external, org.gradle.jvm.environment=standard-jvm, org.gradle.jvm.version=21, org.gradle.libraryelements=classes, org.gradle.usage=java-api}
2026-08-21T16:48:36.706-0300 [DEBUG] [org.gradle.internal.component.model.LoggingAttributeMatchingExplanationBuilder] Selected match {artifactType=jar, org.gradle.category=library, org.gradle.dependency.bundling=external, org.gradle.jvm.version=17, org.gradle.libraryelements=jar, org.gradle.status=release, org.gradle.usage=java-api} from candidates [{artifactType=jar, org.gradle.category=library, org.gradle.dependency.bundling=external, org.gradle.jvm.version=17, org.gradle.libraryelements=jar, org.gradle.status=release, org.gradle.usage=java-api}] for {org.gradle.category=library, org.gradle.dependency.bundling=external, org.gradle.jvm.environment=standard-jvm, org.gradle.jvm.version=21, org.gradle.libraryelements=classes, org.gradle.usage=java-api}
2026-08-21T16:48:36.706-0300 [DEBUG] [org.gradle.internal.component.model.LoggingAttributeMatchingExplanationBuilder] Selected match {artifactType=jar, org.gradle.category=library, org.gradle.dependency.bundling=external, org.gradle.jvm.version=17, org.gradle.libraryelements=jar, org.gradle.status=release, org.gradle.usage=java-api} from candidates [{artifactType=jar, org.gradle.category=library, org.gradle.dependency.bundling=external, org.gradle.jvm.version=17, org.gradle.libraryelements=jar, org.gradle.status=release, org.gradle.usage=java-api}] for {org.gradle.category=library, org.gradle.dependency.bundling=external, org.gradle.jvm.environment=standard-jvm, org.gradle.jvm.version=21, org.gradle.libraryelements=classes, org.gradle.usage=java-api}
2026-08-21T16:48:36.706-0300 [DEBUG] [org.gradle.internal.component.model.LoggingAttributeMatchingExplanationBuilder] Selected match {artifactType=jar, org.gradle.category=library, org.gradle.dependency.bundling=external, org.gradle.jvm.version=17, org.gradle.libraryelements=jar, org.gradle.status=release, org.gradle.usage=java-api} from candidates [{artifactType=jar, org.gradle.category=library, org.gradle.dependency.bundling=external, org.gradle.jvm.version=17, org.gradle.libraryelements=jar, org.gradle.status=release, org.gradle.usage=java-api}] for {org.gradle.category=library, org.gradle.dependency.bundling=external, org.gradle.jvm.environment=standard-jvm, org.gradle.jvm.version=21, org.gradle.libraryelements=classes, org.gradle.usage=java-api}
2026-08-21T16:48:36.706-0300 [DEBUG] [org.gradle.internal.component.model.LoggingAttributeMatchingExplanationBuilder] Selected match {artifactType=jar, org.gradle.category=library, org.gradle.dependency.bundling=external, org.gradle.jvm.version=17, org.gradle.libraryelements=jar, org.gradle.status=release, org.gradle.usage=java-api} from candidates [{artifactType=jar, org.gradle.category=library, org.gradle.dependency.bundling=external, org.gradle.jvm.version=17, org.gradle.libraryelements=jar, org.gradle.status=release, org.gradle.usage=java-api}] for {org.gradle.category=library, org.gradle.dependency.bundling=external, org.gradle.jvm.environment=standard-jvm, org.gradle.jvm.version=21, org.gradle.libraryelements=classes, org.gradle.usage=java-api}
2026-08-21T16:48:36.706-0300 [DEBUG] [org.gradle.internal.component.model.LoggingAttributeMatchingExplanationBuilder] Selected match {artifactType=jar, org.gradle.category=library, org.gradle.dependency.bundling=external, org.gradle.jvm.version=17, org.gradle.libraryelements=jar, org.gradle.status=release, org.gradle.usage=java-api} from candidates [{artifactType=jar, org.gradle.category=library, org.gradle.dependency.bundling=external, org.gradle.jvm.version=17, org.gradle.libraryelements=jar, org.gradle.status=release, org.gradle.usage=java-api}] for {org.gradle.category=library, org.gradle.dependency.bundling=external, org.gradle.jvm.environment=standard-jvm, org.gradle.jvm.version=21, org.gradle.libraryelements=classes, org.gradle.usage=java-api}
2026-08-21T16:48:36.706-0300 [DEBUG] [org.gradle.internal.component.model.LoggingAttributeMatchingExplanationBuilder] Selected match {artifactType=jar, org.gradle.category=library, org.gradle.dependency.bundling=external, org.gradle.jvm.version=17, org.gradle.libraryelements=jar, org.gradle.status=release, org.gradle.usage=java-api} from candidates [{artifactType=jar, org.gradle.category=library, org.gradle.dependency.bundling=external, org.gradle.jvm.version=17, org.gradle.libraryelements=jar, org.gradle.status=release, org.gradle.usage=java-api}] for {org.gradle.category=library, org.gradle.dependency.bundling=external, org.gradle.jvm.environment=standard-jvm, org.gradle.jvm.version=21, org.gradle.libraryelements=classes, org.gradle.usage=java-api}
2026-08-21T16:48:36.706-0300 [DEBUG] [org.gradle.internal.component.model.LoggingAttributeMatchingExplanationBuilder] Selected match {artifactType=jar, org.gradle.category=library, org.gradle.dependency.bundling=external, org.gradle.jvm.environment=standard-jvm, org.gradle.jvm.version=17, org.gradle.libraryelements=jar, org.gradle.status=release, org.gradle.usage=java-api, org.jetbrains.kotlin.platform.type=jvm} from candidates [{artifactType=jar, org.gradle.category=library, org.gradle.dependency.bundling=external, org.gradle.jvm.environment=standard-jvm, org.gradle.jvm.version=17, org.gradle.libraryelements=jar, org.gradle.status=release, org.gradle.usage=java-api, org.jetbrains.kotlin.platform.type=jvm}] for {org.gradle.category=library, org.gradle.dependency.bundling=external, org.gradle.jvm.environment=standard-jvm, org.gradle.jvm.version=21, org.gradle.libraryelements=classes, org.gradle.usage=java-api}
2026-08-21T16:48:36.706-0300 [DEBUG] [org.gradle.internal.component.model.LoggingAttributeMatchingExplanationBuilder] Selected match {artifactType=jar, org.gradle.category=library, org.gradle.dependency.bundling=external, org.gradle.jvm.environment=standard-jvm, org.gradle.jvm.version=17, org.gradle.libraryelements=jar, org.gradle.status=release, org.gradle.usage=java-api, org.jetbrains.kotlin.platform.type=jvm} from candidates [{artifactType=jar, org.gradle.category=library, org.gradle.dependency.bundling=external, org.gradle.jvm.environment=standard-jvm, org.gradle.jvm.version=17, org.gradle.libraryelements=jar, org.gradle.status=release, org.gradle.usage=java-api, org.jetbrains.kotlin.platform.type=jvm}] for {org.gradle.category=library, org.gradle.dependency.bundling=external, org.gradle.jvm.environment=standard-jvm, org.gradle.jvm.version=21, org.gradle.libraryelements=classes, org.gradle.usage=java-api}
2026-08-21T16:48:36.706-0300 [DEBUG] [org.gradle.internal.component.model.LoggingAttributeMatchingExplanationBuilder] Selected match {artifactType=jar, org.gradle.category=library, org.gradle.dependency.bundling=external, org.gradle.jvm.environment=standard-jvm, org.gradle.jvm.version=17, org.gradle.libraryelements=jar, org.gradle.status=release, org.gradle.usage=java-api, org.jetbrains.kotlin.platform.type=jvm} from candidates [{artifactType=jar, org.gradle.category=library, org.gradle.dependency.bundling=external, org.gradle.jvm.environment=standard-jvm, org.gradle.jvm.version=17, org.gradle.libraryelements=jar, org.gradle.status=release, org.gradle.usage=java-api, org.jetbrains.kotlin.platform.type=jvm}] for {org.gradle.category=library, org.gradle.dependency.bundling=external, org.gradle.jvm.environment=standard-jvm, org.gradle.jvm.version=21, org.gradle.libraryelements=classes, org.gradle.usage=java-api}
2026-08-21T16:48:36.706-0300 [DEBUG] [org.gradle.internal.component.model.LoggingAttributeMatchingExplanationBuilder] Selected match {artifactType=jar, org.gradle.category=library, org.gradle.dependency.bundling=external, org.gradle.jvm.version=17, org.gradle.libraryelements=jar, org.gradle.status=release, org.gradle.usage=java-api} from candidates [{artifactType=jar, org.gradle.category=library, org.gradle.dependency.bundling=external, org.gradle.jvm.version=17, org.gradle.libraryelements=jar, org.gradle.status=release, org.gradle.usage=java-api}] for {org.gradle.category=library, org.gradle.dependency.bundling=external, org.gradle.jvm.environment=standard-jvm, org.gradle.jvm.version=21, org.gradle.libraryelements=classes, org.gradle.usage=java-api}
2026-08-21T16:48:36.706-0300 [DEBUG] [org.gradle.internal.component.model.LoggingAttributeMatchingExplanationBuilder] Selected match {artifactType=jar, org.gradle.category=library, org.gradle.dependency.bundling=external, org.gradle.jvm.environment=standard-jvm, org.gradle.jvm.version=17, org.gradle.libraryelements=jar, org.gradle.status=release, org.gradle.usage=java-api, org.jetbrains.kotlin.platform.type=jvm} from candidates [{artifactType=jar, org.gradle.category=library, org.gradle.dependency.bundling=external, org.gradle.jvm.environment=standard-jvm, org.gradle.jvm.version=17, org.gradle.libraryelements=jar, org.gradle.status=release, org.gradle.usage=java-api, org.jetbrains.kotlin.platform.type=jvm}] for {org.gradle.category=library, org.gradle.dependency.bundling=external, org.gradle.jvm.environment=standard-jvm, org.gradle.jvm.version=21, org.gradle.libraryelements=classes, org.gradle.usage=java-api}
2026-08-21T16:48:36.706-0300 [DEBUG] [org.gradle.internal.component.model.LoggingAttributeMatchingExplanationBuilder] Selected match {artifactType=jar, org.gradle.category=library, org.gradle.libraryelements=jar, org.gradle.status=release, org.gradle.usage=java-api} from candidates [{artifactType=jar, org.gradle.category=library, org.gradle.libraryelements=jar, org.gradle.status=release, org.gradle.usage=java-api}] for {org.gradle.category=library, org.gradle.dependency.bundling=external, org.gradle.jvm.environment=standard-jvm, org.gradle.jvm.version=21, org.gradle.libraryelements=classes, org.gradle.usage=java-api}
2026-08-21T16:48:36.707-0300 [DEBUG] [org.gradle.internal.component.model.LoggingAttributeMatchingExplanationBuilder] Selected match {artifactType=jar, org.gradle.category=library, org.gradle.libraryelements=jar, org.gradle.status=release, org.gradle.usage=java-api} from candidates [{artifactType=jar, org.gradle.category=library, org.gradle.libraryelements=jar, org.gradle.status=release, org.gradle.usage=java-api}] for {org.gradle.category=library, org.gradle.dependency.bundling=external, org.gradle.jvm.environment=standard-jvm, org.gradle.jvm.version=21, org.gradle.libraryelements=classes, org.gradle.usage=java-api}
2026-08-21T16:48:36.707-0300 [DEBUG] [org.gradle.internal.component.model.LoggingAttributeMatchingExplanationBuilder] Selected match {artifactType=jar, org.gradle.category=library, org.gradle.dependency.bundling=external, org.gradle.jvm.version=17, org.gradle.libraryelements=jar, org.gradle.status=release, org.gradle.usage=java-api} from candidates [{artifactType=jar, org.gradle.category=library, org.gradle.dependency.bundling=external, org.gradle.jvm.version=17, org.gradle.libraryelements=jar, org.gradle.status=release, org.gradle.usage=java-api}] for {org.gradle.category=library, org.gradle.dependency.bundling=external, org.gradle.jvm.environment=standard-jvm, org.gradle.jvm.version=21, org.gradle.libraryelements=classes, org.gradle.usage=java-api}
2026-08-21T16:48:36.707-0300 [DEBUG] [org.gradle.internal.component.model.LoggingAttributeMatchingExplanationBuilder] Selected match {artifactType=jar, org.gradle.category=library, org.gradle.dependency.bundling=external, org.gradle.jvm.environment=standard-jvm, org.gradle.jvm.version=17, org.gradle.libraryelements=jar, org.gradle.status=release, org.gradle.usage=java-api, org.jetbrains.kotlin.platform.type=jvm} from candidates [{artifactType=jar, org.gradle.category=library, org.gradle.dependency.bundling=external, org.gradle.jvm.environment=standard-jvm, org.gradle.jvm.version=17, org.gradle.libraryelements=jar, org.gradle.status=release, org.gradle.usage=java-api, org.jetbrains.kotlin.platform.type=jvm}] for {org.gradle.category=library, org.gradle.dependency.bundling=external, org.gradle.jvm.environment=standard-jvm, org.gradle.jvm.version=21, org.gradle.libraryelements=classes, org.gradle.usage=java-api}
2026-08-21T16:48:36.707-0300 [DEBUG] [org.gradle.internal.component.model.LoggingAttributeMatchingExplanationBuilder] Selected match {artifactType=jar, org.gradle.category=library, org.gradle.dependency.bundling=external, org.gradle.jvm.environment=standard-jvm, org.gradle.jvm.version=17, org.gradle.libraryelements=jar, org.gradle.status=release, org.gradle.usage=java-api, org.jetbrains.kotlin.platform.type=jvm} from candidates [{artifactType=jar, org.gradle.category=library, org.gradle.dependency.bundling=external, org.gradle.jvm.environment=standard-jvm, org.gradle.jvm.version=17, org.gradle.libraryelements=jar, org.gradle.status=release, org.gradle.usage=java-api, org.jetbrains.kotlin.platform.type=jvm}] for {org.gradle.category=library, org.gradle.dependency.bundling=external, org.gradle.jvm.environment=standard-jvm, org.gradle.jvm.version=21, org.gradle.libraryelements=classes, org.gradle.usage=java-api}
2026-08-21T16:48:36.707-0300 [DEBUG] [org.gradle.internal.component.model.LoggingAttributeMatchingExplanationBuilder] Selected match {artifactType=jar, org.gradle.category=library, org.gradle.libraryelements=jar, org.gradle.status=release, org.gradle.usage=java-api} from candidates [{artifactType=jar, org.gradle.category=library, org.gradle.libraryelements=jar, org.gradle.status=release, org.gradle.usage=java-api}] for {org.gradle.category=library, org.gradle.dependency.bundling=external, org.gradle.jvm.environment=standard-jvm, org.gradle.jvm.version=21, org.gradle.libraryelements=classes, org.gradle.usage=java-api}
2026-08-21T16:48:36.707-0300 [DEBUG] [org.gradle.internal.component.model.LoggingAttributeMatchingExplanationBuilder] Selected match {artifactType=jar, org.gradle.category=library, org.gradle.dependency.bundling=external, org.gradle.jvm.environment=standard-jvm, org.gradle.jvm.version=17, org.gradle.libraryelements=jar, org.gradle.status=release, org.gradle.usage=java-api, org.jetbrains.kotlin.platform.type=jvm} from candidates [{artifactType=jar, org.gradle.category=library, org.gradle.dependency.bundling=external, org.gradle.jvm.environment=standard-jvm, org.gradle.jvm.version=17, org.gradle.libraryelements=jar, org.gradle.status=release, org.gradle.usage=java-api, org.jetbrains.kotlin.platform.type=jvm}] for {org.gradle.category=library, org.gradle.dependency.bundling=external, org.gradle.jvm.environment=standard-jvm, org.gradle.jvm.version=21, org.gradle.libraryelements=classes, org.gradle.usage=java-api}
2026-08-21T16:48:36.707-0300 [DEBUG] [org.gradle.internal.component.model.LoggingAttributeMatchingExplanationBuilder] Selected match {artifactType=jar, org.gradle.category=library, org.gradle.dependency.bundling=external, org.gradle.jvm.version=17, org.gradle.libraryelements=jar, org.gradle.status=release, org.gradle.usage=java-api} from candidates [{artifactType=jar, org.gradle.category=library, org.gradle.dependency.bundling=external, org.gradle.jvm.version=17, org.gradle.libraryelements=jar, org.gradle.status=release, org.gradle.usage=java-api}] for {org.gradle.category=library, org.gradle.dependency.bundling=external, org.gradle.jvm.environment=standard-jvm, org.gradle.jvm.version=21, org.gradle.libraryelements=classes, org.gradle.usage=java-api}
2026-08-21T16:48:36.707-0300 [DEBUG] [org.gradle.internal.component.model.LoggingAttributeMatchingExplanationBuilder] Selected match {artifactType=jar, org.gradle.category=library, org.gradle.dependency.bundling=external, org.gradle.jvm.environment=standard-jvm, org.gradle.jvm.version=17, org.gradle.libraryelements=jar, org.gradle.status=release, org.gradle.usage=java-api, org.jetbrains.kotlin.platform.type=jvm} from candidates [{artifactType=jar, org.gradle.category=library, org.gradle.dependency.bundling=external, org.gradle.jvm.environment=standard-jvm, org.gradle.jvm.version=17, org.gradle.libraryelements=jar, org.gradle.status=release, org.gradle.usage=java-api, org.jetbrains.kotlin.platform.type=jvm}] for {org.gradle.category=library, org.gradle.dependency.bundling=external, org.gradle.jvm.environment=standard-jvm, org.gradle.jvm.version=21, org.gradle.libraryelements=classes, org.gradle.usage=java-api}
2026-08-21T16:48:36.707-0300 [DEBUG] [org.gradle.internal.component.model.LoggingAttributeMatchingExplanationBuilder] Selected match {artifactType=jar, org.gradle.category=library, org.gradle.dependency.bundling=external, org.gradle.jvm.environment=standard-jvm, org.gradle.jvm.version=17, org.gradle.libraryelements=jar, org.gradle.status=release, org.gradle.usage=java-api, org.jetbrains.kotlin.platform.type=jvm} from candidates [{artifactType=jar, org.gradle.category=library, org.gradle.dependency.bundling=external, org.gradle.jvm.environment=standard-jvm, org.gradle.jvm.version=17, org.gradle.libraryelements=jar, org.gradle.status=release, org.gradle.usage=java-api, org.jetbrains.kotlin.platform.type=jvm}] for {org.gradle.category=library, org.gradle.dependency.bundling=external, org.gradle.jvm.environment=standard-jvm, org.gradle.jvm.version=21, org.gradle.libraryelements=classes, org.gradle.usage=java-api}
2026-08-21T16:48:36.707-0300 [DEBUG] [org.gradle.internal.component.model.LoggingAttributeMatchingExplanationBuilder] Selected match {artifactType=jar, org.gradle.category=library, org.gradle.dependency.bundling=external, org.gradle.jvm.environment=standard-jvm, org.gradle.jvm.version=17, org.gradle.libraryelements=jar, org.gradle.status=release, org.gradle.usage=java-api, org.jetbrains.kotlin.platform.type=jvm} from candidates [{artifactType=jar, org.gradle.category=library, org.gradle.dependency.bundling=external, org.gradle.jvm.environment=standard-jvm, org.gradle.jvm.version=17, org.gradle.libraryelements=jar, org.gradle.status=release, org.gradle.usage=java-api, org.jetbrains.kotlin.platform.type=jvm}] for {org.gradle.category=library, org.gradle.dependency.bundling=external, org.gradle.jvm.environment=standard-jvm, org.gradle.jvm.version=21, org.gradle.libraryelements=classes, org.gradle.usage=java-api}
2026-08-21T16:48:36.707-0300 [DEBUG] [org.gradle.internal.component.model.LoggingAttributeMatchingExplanationBuilder] Selected match {artifactType=jar, org.gradle.category=library, org.gradle.libraryelements=jar, org.gradle.status=release, org.gradle.usage=java-api} from candidates [{artifactType=jar, org.gradle.category=library, org.gradle.libraryelements=jar, org.gradle.status=release, org.gradle.usage=java-api}] for {org.gradle.category=library, org.gradle.dependency.bundling=external, org.gradle.jvm.environment=standard-jvm, org.gradle.jvm.version=21, org.gradle.libraryelements=classes, org.gradle.usage=java-api}
2026-08-21T16:48:36.707-0300 [DEBUG] [org.gradle.internal.component.model.LoggingAttributeMatchingExplanationBuilder] Selected match {artifactType=jar, org.gradle.category=library, org.gradle.libraryelements=jar, org.gradle.status=release, org.gradle.usage=java-api} from candidates [{artifactType=jar, org.gradle.category=library, org.gradle.libraryelements=jar, org.gradle.status=release, org.gradle.usage=java-api}] for {org.gradle.category=library, org.gradle.dependency.bundling=external, org.gradle.jvm.environment=standard-jvm, org.gradle.jvm.version=21, org.gradle.libraryelements=classes, org.gradle.usage=java-api}
2026-08-21T16:48:36.707-0300 [DEBUG] [org.gradle.internal.component.model.LoggingAttributeMatchingExplanationBuilder] Selected match {artifactType=jar, org.gradle.category=library, org.gradle.dependency.bundling=external, org.gradle.libraryelements=jar, org.gradle.status=release, org.gradle.usage=java-api} from candidates [{artifactType=jar, org.gradle.category=library, org.gradle.dependency.bundling=external, org.gradle.libraryelements=jar, org.gradle.status=release, org.gradle.usage=java-api}] for {org.gradle.category=library, org.gradle.dependency.bundling=external, org.gradle.jvm.environment=standard-jvm, org.gradle.jvm.version=21, org.gradle.libraryelements=classes, org.gradle.usage=java-api}
2026-08-21T16:48:36.707-0300 [DEBUG] [org.gradle.internal.component.model.LoggingAttributeMatchingExplanationBuilder] Selected match {artifactType=jar, org.gradle.category=library, org.gradle.libraryelements=jar, org.gradle.status=release, org.gradle.usage=java-api} from candidates [{artifactType=jar, org.gradle.category=library, org.gradle.libraryelements=jar, org.gradle.status=release, org.gradle.usage=java-api}] for {org.gradle.category=library, org.gradle.dependency.bundling=external, org.gradle.jvm.environment=standard-jvm, org.gradle.jvm.version=21, org.gradle.libraryelements=classes, org.gradle.usage=java-api}
2026-08-21T16:48:36.707-0300 [DEBUG] [org.gradle.internal.component.model.LoggingAttributeMatchingExplanationBuilder] Selected match {artifactType=jar, org.gradle.category=library, org.gradle.libraryelements=jar, org.gradle.status=release, org.gradle.usage=java-api} from candidates [{artifactType=jar, org.gradle.category=library, org.gradle.libraryelements=jar, org.gradle.status=release, org.gradle.usage=java-api}] for {org.gradle.category=library, org.gradle.dependency.bundling=external, org.gradle.jvm.environment=standard-jvm, org.gradle.jvm.version=21, org.gradle.libraryelements=classes, org.gradle.usage=java-api}
2026-08-21T16:48:36.707-0300 [DEBUG] [org.gradle.internal.component.model.LoggingAttributeMatchingExplanationBuilder] Selected match {artifactType=jar, org.gradle.category=library, org.gradle.dependency.bundling=external, org.gradle.jvm.version=17, org.gradle.libraryelements=jar, org.gradle.status=release, org.gradle.usage=java-api} from candidates [{artifactType=jar, org.gradle.category=library, org.gradle.dependency.bundling=external, org.gradle.jvm.version=17, org.gradle.libraryelements=jar, org.gradle.status=release, org.gradle.usage=java-api}] for {org.gradle.category=library, org.gradle.dependency.bundling=external, org.gradle.jvm.environment=standard-jvm, org.gradle.jvm.version=21, org.gradle.libraryelements=classes, org.gradle.usage=java-api}
2026-08-21T16:48:36.707-0300 [DEBUG] [org.gradle.internal.component.model.LoggingAttributeMatchingExplanationBuilder] Selected match {artifactType=jar, org.gradle.category=library, org.gradle.dependency.bundling=external, org.gradle.libraryelements=jar, org.gradle.status=release, org.gradle.usage=java-api} from candidates [{artifactType=jar, org.gradle.category=library, org.gradle.dependency.bundling=external, org.gradle.libraryelements=jar, org.gradle.status=release, org.gradle.usage=java-api}] for {org.gradle.category=library, org.gradle.dependency.bundling=external, org.gradle.jvm.environment=standard-jvm, org.gradle.jvm.version=21, org.gradle.libraryelements=classes, org.gradle.usage=java-api}
2026-08-21T16:48:36.707-0300 [DEBUG] [org.gradle.internal.component.model.LoggingAttributeMatchingExplanationBuilder] Selected match {artifactType=jar, org.gradle.category=library, org.gradle.libraryelements=jar, org.gradle.status=release, org.gradle.usage=java-api} from candidates [{artifactType=jar, org.gradle.category=library, org.gradle.libraryelements=jar, org.gradle.status=release, org.gradle.usage=java-api}] for {org.gradle.category=library, org.gradle.dependency.bundling=external, org.gradle.jvm.environment=standard-jvm, org.gradle.jvm.version=21, org.gradle.libraryelements=classes, org.gradle.usage=java-api}
2026-08-21T16:48:36.707-0300 [DEBUG] [org.gradle.internal.component.model.LoggingAttributeMatchingExplanationBuilder] Selected match {artifactType=jar, org.gradle.category=library, org.gradle.libraryelements=jar, org.gradle.status=release, org.gradle.usage=java-api} from candidates [{artifactType=jar, org.gradle.category=library, org.gradle.libraryelements=jar, org.gradle.status=release, org.gradle.usage=java-api}] for {org.gradle.category=library, org.gradle.dependency.bundling=external, org.gradle.jvm.environment=standard-jvm, org.gradle.jvm.version=21, org.gradle.libraryelements=classes, org.gradle.usage=java-api}
2026-08-21T16:48:36.707-0300 [DEBUG] [org.gradle.internal.component.model.LoggingAttributeMatchingExplanationBuilder] Selected match {artifactType=jar, org.gradle.category=library, org.gradle.libraryelements=jar, org.gradle.status=release, org.gradle.usage=java-api} from candidates [{artifactType=jar, org.gradle.category=library, org.gradle.libraryelements=jar, org.gradle.status=release, org.gradle.usage=java-api}] for {org.gradle.category=library, org.gradle.dependency.bundling=external, org.gradle.jvm.environment=standard-jvm, org.gradle.jvm.version=21, org.gradle.libraryelements=classes, org.gradle.usage=java-api}
2026-08-21T16:48:36.707-0300 [DEBUG] [org.gradle.internal.component.model.LoggingAttributeMatchingExplanationBuilder] Selected match {artifactType=jar, org.gradle.category=library, org.gradle.libraryelements=jar, org.gradle.status=release, org.gradle.usage=java-api} from candidates [{artifactType=jar, org.gradle.category=library, org.gradle.libraryelements=jar, org.gradle.status=release, org.gradle.usage=java-api}] for {org.gradle.category=library, org.gradle.dependency.bundling=external, org.gradle.jvm.environment=standard-jvm, org.gradle.jvm.version=21, org.gradle.libraryelements=classes, org.gradle.usage=java-api}
2026-08-21T16:48:36.707-0300 [DEBUG] [org.gradle.internal.component.model.LoggingAttributeMatchingExplanationBuilder] Selected match {artifactType=jar, org.gradle.category=library, org.gradle.libraryelements=jar, org.gradle.status=release, org.gradle.usage=java-api} from candidates [{artifactType=jar, org.gradle.category=library, org.gradle.libraryelements=jar, org.gradle.status=release, org.gradle.usage=java-api}] for {org.gradle.category=library, org.gradle.dependency.bundling=external, org.gradle.jvm.environment=standard-jvm, org.gradle.jvm.version=21, org.gradle.libraryelements=classes, org.gradle.usage=java-api}
2026-08-21T16:48:36.707-0300 [DEBUG] [org.gradle.internal.component.model.LoggingAttributeMatchingExplanationBuilder] Selected match {artifactType=jar, org.gradle.category=library, org.gradle.libraryelements=jar, org.gradle.status=release, org.gradle.usage=java-api} from candidates [{artifactType=jar, org.gradle.category=library, org.gradle.libraryelements=jar, org.gradle.status=release, org.gradle.usage=java-api}] for {org.gradle.category=library, org.gradle.dependency.bundling=external, org.gradle.jvm.environment=standard-jvm, org.gradle.jvm.version=21, org.gradle.libraryelements=classes, org.gradle.usage=java-api}
2026-08-21T16:48:36.707-0300 [DEBUG] [org.gradle.internal.component.model.LoggingAttributeMatchingExplanationBuilder] Selected match {artifactType=jar, org.gradle.category=library, org.gradle.libraryelements=jar, org.gradle.status=release, org.gradle.usage=java-api} from candidates [{artifactType=jar, org.gradle.category=library, org.gradle.libraryelements=jar, org.gradle.status=release, org.gradle.usage=java-api}] for {org.gradle.category=library, org.gradle.dependency.bundling=external, org.gradle.jvm.environment=standard-jvm, org.gradle.jvm.version=21, org.gradle.libraryelements=classes, org.gradle.usage=java-api}
2026-08-21T16:48:36.707-0300 [DEBUG] [org.gradle.internal.component.model.LoggingAttributeMatchingExplanationBuilder] Selected match {artifactType=jar, org.gradle.category=library, org.gradle.dependency.bundling=external, org.gradle.libraryelements=jar, org.gradle.status=release, org.gradle.usage=java-api} from candidates [{artifactType=jar, org.gradle.category=library, org.gradle.dependency.bundling=external, org.gradle.libraryelements=jar, org.gradle.status=release, org.gradle.usage=java-api}] for {org.gradle.category=library, org.gradle.dependency.bundling=external, org.gradle.jvm.environment=standard-jvm, org.gradle.jvm.version=21, org.gradle.libraryelements=classes, org.gradle.usage=java-api}
2026-08-21T16:48:36.707-0300 [DEBUG] [org.gradle.internal.component.model.LoggingAttributeMatchingExplanationBuilder] Selected match {artifactType=jar, org.gradle.category=library, org.gradle.libraryelements=jar, org.gradle.status=release, org.gradle.usage=java-api} from candidates [{artifactType=jar, org.gradle.category=library, org.gradle.libraryelements=jar, org.gradle.status=release, org.gradle.usage=java-api}] for {org.gradle.category=library, org.gradle.dependency.bundling=external, org.gradle.jvm.environment=standard-jvm, org.gradle.jvm.version=21, org.gradle.libraryelements=classes, org.gradle.usage=java-api}
2026-08-21T16:48:36.707-0300 [DEBUG] [org.gradle.internal.component.model.LoggingAttributeMatchingExplanationBuilder] Selected match {artifactType=jar, org.gradle.category=library, org.gradle.dependency.bundling=external, org.gradle.jvm.version=8, org.gradle.libraryelements=jar, org.gradle.status=release, org.gradle.usage=java-api} from candidates [{artifactType=jar, org.gradle.category=library, org.gradle.dependency.bundling=external, org.gradle.jvm.version=8, org.gradle.libraryelements=jar, org.gradle.status=release, org.gradle.usage=java-api}] for {org.gradle.category=library, org.gradle.dependency.bundling=external, org.gradle.jvm.environment=standard-jvm, org.gradle.jvm.version=21, org.gradle.libraryelements=classes, org.gradle.usage=java-api}
2026-08-21T16:48:36.707-0300 [DEBUG] [org.gradle.internal.component.model.LoggingAttributeMatchingExplanationBuilder] Selected match {artifactType=jar, org.gradle.category=library, org.gradle.libraryelements=jar, org.gradle.status=release, org.gradle.usage=java-api} from candidates [{artifactType=jar, org.gradle.category=library, org.gradle.libraryelements=jar, org.gradle.status=release, org.gradle.usage=java-api}] for {org.gradle.category=library, org.gradle.dependency.bundling=external, org.gradle.jvm.environment=standard-jvm, org.gradle.jvm.version=21, org.gradle.libraryelements=classes, org.gradle.usage=java-api}
2026-08-21T16:48:36.707-0300 [DEBUG] [org.gradle.internal.component.model.LoggingAttributeMatchingExplanationBuilder] Selected match {artifactType=jar, org.gradle.category=library, org.gradle.dependency.bundling=external, org.gradle.jvm.version=8, org.gradle.libraryelements=jar, org.gradle.status=release, org.gradle.usage=java-api} from candidates [{artifactType=jar, org.gradle.category=library, org.gradle.dependency.bundling=external, org.gradle.jvm.version=8, org.gradle.libraryelements=jar, org.gradle.status=release, org.gradle.usage=java-api}] for {org.gradle.category=library, org.gradle.dependency.bundling=external, org.gradle.jvm.environment=standard-jvm, org.gradle.jvm.version=21, org.gradle.libraryelements=classes, org.gradle.usage=java-api}
2026-08-21T16:48:36.707-0300 [DEBUG] [org.gradle.internal.component.model.LoggingAttributeMatchingExplanationBuilder] Selected match {artifactType=jar, org.gradle.category=library, org.gradle.libraryelements=jar, org.gradle.status=release, org.gradle.usage=java-api} from candidates [{artifactType=jar, org.gradle.category=library, org.gradle.libraryelements=jar, org.gradle.status=release, org.gradle.usage=java-api}] for {org.gradle.category=library, org.gradle.dependency.bundling=external, org.gradle.jvm.environment=standard-jvm, org.gradle.jvm.version=21, org.gradle.libraryelements=classes, org.gradle.usage=java-api}
2026-08-21T16:48:36.707-0300 [DEBUG] [org.gradle.internal.component.model.LoggingAttributeMatchingExplanationBuilder] Selected match {artifactType=jar, org.gradle.category=library, org.gradle.libraryelements=jar, org.gradle.status=release, org.gradle.usage=java-api} from candidates [{artifactType=jar, org.gradle.category=library, org.gradle.libraryelements=jar, org.gradle.status=release, org.gradle.usage=java-api}] for {org.gradle.category=library, org.gradle.dependency.bundling=external, org.gradle.jvm.environment=standard-jvm, org.gradle.jvm.version=21, org.gradle.libraryelements=classes, org.gradle.usage=java-api}
2026-08-21T16:48:36.707-0300 [DEBUG] [org.gradle.internal.component.model.LoggingAttributeMatchingExplanationBuilder] Selected match {artifactType=jar, org.gradle.category=library, org.gradle.libraryelements=jar, org.gradle.status=release, org.gradle.usage=java-api} from candidates [{artifactType=jar, org.gradle.category=library, org.gradle.libraryelements=jar, org.gradle.status=release, org.gradle.usage=java-api}] for {org.gradle.category=library, org.gradle.dependency.bundling=external, org.gradle.jvm.environment=standard-jvm, org.gradle.jvm.version=21, org.gradle.libraryelements=classes, org.gradle.usage=java-api}
2026-08-21T16:48:36.707-0300 [DEBUG] [org.gradle.internal.component.model.LoggingAttributeMatchingExplanationBuilder] Selected match {artifactType=jar, org.gradle.category=library, org.gradle.libraryelements=jar, org.gradle.status=release, org.gradle.usage=java-api} from candidates [{artifactType=jar, org.gradle.category=library, org.gradle.libraryelements=jar, org.gradle.status=release, org.gradle.usage=java-api}] for {org.gradle.category=library, org.gradle.dependency.bundling=external, org.gradle.jvm.environment=standard-jvm, org.gradle.jvm.version=21, org.gradle.libraryelements=classes, org.gradle.usage=java-api}
2026-08-21T16:48:36.707-0300 [DEBUG] [org.gradle.internal.component.model.LoggingAttributeMatchingExplanationBuilder] Selected match {artifactType=jar, org.gradle.category=library, org.gradle.libraryelements=jar, org.gradle.status=release, org.gradle.usage=java-api} from candidates [{artifactType=jar, org.gradle.category=library, org.gradle.libraryelements=jar, org.gradle.status=release, org.gradle.usage=java-api}] for {org.gradle.category=library, org.gradle.dependency.bundling=external, org.gradle.jvm.environment=standard-jvm, org.gradle.jvm.version=21, org.gradle.libraryelements=classes, org.gradle.usage=java-api}
2026-08-21T16:48:36.707-0300 [DEBUG] [org.gradle.internal.component.model.LoggingAttributeMatchingExplanationBuilder] Selected match {artifactType=jar, org.gradle.category=library, org.gradle.libraryelements=jar, org.gradle.status=release, org.gradle.usage=java-api} from candidates [{artifactType=jar, org.gradle.category=library, org.gradle.libraryelements=jar, org.gradle.status=release, org.gradle.usage=java-api}] for {org.gradle.category=library, org.gradle.dependency.bundling=external, org.gradle.jvm.environment=standard-jvm, org.gradle.jvm.version=21, org.gradle.libraryelements=classes, org.gradle.usage=java-api}
2026-08-21T16:48:36.707-0300 [DEBUG] [org.gradle.internal.component.model.LoggingAttributeMatchingExplanationBuilder] Selected match {artifactType=jar, org.gradle.category=library, org.gradle.libraryelements=jar, org.gradle.status=release, org.gradle.usage=java-api} from candidates [{artifactType=jar, org.gradle.category=library, org.gradle.libraryelements=jar, org.gradle.status=release, org.gradle.usage=java-api}] for {org.gradle.category=library, org.gradle.dependency.bundling=external, org.gradle.jvm.environment=standard-jvm, org.gradle.jvm.version=21, org.gradle.libraryelements=classes, org.gradle.usage=java-api}
2026-08-21T16:48:36.707-0300 [DEBUG] [org.gradle.internal.component.model.LoggingAttributeMatchingExplanationBuilder] Selected match {artifactType=jar, org.gradle.category=library, org.gradle.libraryelements=jar, org.gradle.status=release, org.gradle.usage=java-api} from candidates [{artifactType=jar, org.gradle.category=library, org.gradle.libraryelements=jar, org.gradle.status=release, org.gradle.usage=java-api}] for {org.gradle.category=library, org.gradle.dependency.bundling=external, org.gradle.jvm.environment=standard-jvm, org.gradle.jvm.version=21, org.gradle.libraryelements=classes, org.gradle.usage=java-api}
2026-08-21T16:48:36.708-0300 [DEBUG] [org.gradle.internal.component.model.LoggingAttributeMatchingExplanationBuilder] Selected match {artifactType=jar, org.gradle.category=library, org.gradle.libraryelements=jar, org.gradle.status=release, org.gradle.usage=java-api} from candidates [{artifactType=jar, org.gradle.category=library, org.gradle.libraryelements=jar, org.gradle.status=release, org.gradle.usage=java-api}] for {org.gradle.category=library, org.gradle.dependency.bundling=external, org.gradle.jvm.environment=standard-jvm, org.gradle.jvm.version=21, org.gradle.libraryelements=classes, org.gradle.usage=java-api}
2026-08-21T16:48:36.708-0300 [DEBUG] [org.gradle.internal.component.model.LoggingAttributeMatchingExplanationBuilder] Selected match {artifactType=jar, org.gradle.category=library, org.gradle.libraryelements=jar, org.gradle.status=release, org.gradle.usage=java-api} from candidates [{artifactType=jar, org.gradle.category=library, org.gradle.libraryelements=jar, org.gradle.status=release, org.gradle.usage=java-api}] for {org.gradle.category=library, org.gradle.dependency.bundling=external, org.gradle.jvm.environment=standard-jvm, org.gradle.jvm.version=21, org.gradle.libraryelements=classes, org.gradle.usage=java-api}
2026-08-21T16:48:36.708-0300 [DEBUG] [org.gradle.internal.component.model.LoggingAttributeMatchingExplanationBuilder] Selected match {org.gradle.category=platform, org.gradle.status=release, org.gradle.usage=java-api} from candidates [{org.gradle.category=platform, org.gradle.status=release, org.gradle.usage=java-api}] for {org.gradle.category=platform, org.gradle.dependency.bundling=external, org.gradle.jvm.environment=standard-jvm, org.gradle.jvm.version=21, org.gradle.libraryelements=classes, org.gradle.usage=java-api}
2026-08-21T16:48:36.708-0300 [DEBUG] [org.gradle.internal.component.model.LoggingAttributeMatchingExplanationBuilder] Selected match {artifactType=jar, org.gradle.category=library, org.gradle.dependency.bundling=external, org.gradle.jvm.version=17, org.gradle.libraryelements=jar, org.gradle.status=release, org.gradle.usage=java-api} from candidates [{artifactType=jar, org.gradle.category=library, org.gradle.dependency.bundling=external, org.gradle.jvm.version=17, org.gradle.libraryelements=jar, org.gradle.status=release, org.gradle.usage=java-api}] for {org.gradle.category=library, org.gradle.dependency.bundling=external, org.gradle.jvm.environment=standard-jvm, org.gradle.jvm.version=21, org.gradle.libraryelements=classes, org.gradle.usage=java-api}
2026-08-21T16:48:36.708-0300 [DEBUG] [org.gradle.internal.component.model.LoggingAttributeMatchingExplanationBuilder] Selected match {artifactType=jar, org.gradle.category=library, org.gradle.libraryelements=jar, org.gradle.status=release, org.gradle.usage=java-api} from candidates [{artifactType=jar, org.gradle.category=library, org.gradle.libraryelements=jar, org.gradle.status=release, org.gradle.usage=java-api}] for {org.gradle.category=library, org.gradle.dependency.bundling=external, org.gradle.jvm.environment=standard-jvm, org.gradle.jvm.version=21, org.gradle.libraryelements=classes, org.gradle.usage=java-api}
2026-08-21T16:48:36.708-0300 [DEBUG] [org.gradle.internal.component.model.LoggingAttributeMatchingExplanationBuilder] Selected match {artifactType=jar, org.gradle.category=library, org.gradle.libraryelements=jar, org.gradle.status=release, org.gradle.usage=java-api} from candidates [{artifactType=jar, org.gradle.category=library, org.gradle.libraryelements=jar, org.gradle.status=release, org.gradle.usage=java-api}] for {org.gradle.category=library, org.gradle.dependency.bundling=external, org.gradle.jvm.environment=standard-jvm, org.gradle.jvm.version=21, org.gradle.libraryelements=classes, org.gradle.usage=java-api}
2026-08-21T16:48:36.708-0300 [DEBUG] [org.gradle.internal.component.model.LoggingAttributeMatchingExplanationBuilder] Selected match {artifactType=jar, org.gradle.category=library, org.gradle.libraryelements=jar, org.gradle.status=release, org.gradle.usage=java-api} from candidates [{artifactType=jar, org.gradle.category=library, org.gradle.libraryelements=jar, org.gradle.status=release, org.gradle.usage=java-api}] for {org.gradle.category=library, org.gradle.dependency.bundling=external, org.gradle.jvm.environment=standard-jvm, org.gradle.jvm.version=21, org.gradle.libraryelements=classes, org.gradle.usage=java-api}
2026-08-21T16:48:36.708-0300 [DEBUG] [org.gradle.internal.component.model.LoggingAttributeMatchingExplanationBuilder] Selected match {artifactType=jar, org.gradle.category=library, org.gradle.libraryelements=jar, org.gradle.status=release, org.gradle.usage=java-api} from candidates [{artifactType=jar, org.gradle.category=library, org.gradle.libraryelements=jar, org.gradle.status=release, org.gradle.usage=java-api}] for {org.gradle.category=library, org.gradle.dependency.bundling=external, org.gradle.jvm.environment=standard-jvm, org.gradle.jvm.version=21, org.gradle.libraryelements=classes, org.gradle.usage=java-api}
2026-08-21T16:48:36.708-0300 [DEBUG] [org.gradle.internal.component.model.LoggingAttributeMatchingExplanationBuilder] Selected match {artifactType=jar, org.gradle.category=library, org.gradle.libraryelements=jar, org.gradle.status=release, org.gradle.usage=java-api} from candidates [{artifactType=jar, org.gradle.category=library, org.gradle.libraryelements=jar, org.gradle.status=release, org.gradle.usage=java-api}] for {org.gradle.category=library, org.gradle.dependency.bundling=external, org.gradle.jvm.environment=standard-jvm, org.gradle.jvm.version=21, org.gradle.libraryelements=classes, org.gradle.usage=java-api}
2026-08-21T16:48:36.708-0300 [DEBUG] [org.gradle.internal.component.model.LoggingAttributeMatchingExplanationBuilder] Selected match {artifactType=jar, org.gradle.category=library, org.gradle.libraryelements=jar, org.gradle.status=release, org.gradle.usage=java-api} from candidates [{artifactType=jar, org.gradle.category=library, org.gradle.libraryelements=jar, org.gradle.status=release, org.gradle.usage=java-api}] for {org.gradle.category=library, org.gradle.dependency.bundling=external, org.gradle.jvm.environment=standard-jvm, org.gradle.jvm.version=21, org.gradle.libraryelements=classes, org.gradle.usage=java-api}
2026-08-21T16:48:36.708-0300 [DEBUG] [org.gradle.internal.component.model.LoggingAttributeMatchingExplanationBuilder] Selected match {artifactType=jar, org.gradle.category=library, org.gradle.libraryelements=jar, org.gradle.status=release, org.gradle.usage=java-api} from candidates [{artifactType=jar, org.gradle.category=library, org.gradle.libraryelements=jar, org.gradle.status=release, org.gradle.usage=java-api}] for {org.gradle.category=library, org.gradle.dependency.bundling=external, org.gradle.jvm.environment=standard-jvm, org.gradle.jvm.version=21, org.gradle.libraryelements=classes, org.gradle.usage=java-api}
2026-08-21T16:48:36.708-0300 [DEBUG] [org.gradle.internal.component.model.LoggingAttributeMatchingExplanationBuilder] Selected match {artifactType=jar, org.gradle.category=library, org.gradle.libraryelements=jar, org.gradle.status=release, org.gradle.usage=java-api} from candidates [{artifactType=jar, org.gradle.category=library, org.gradle.libraryelements=jar, org.gradle.status=release, org.gradle.usage=java-api}] for {org.gradle.category=library, org.gradle.dependency.bundling=external, org.gradle.jvm.environment=standard-jvm, org.gradle.jvm.version=21, org.gradle.libraryelements=classes, org.gradle.usage=java-api}
2026-08-21T16:48:36.708-0300 [DEBUG] [org.gradle.internal.component.model.LoggingAttributeMatchingExplanationBuilder] Selected match {artifactType=jar, org.gradle.category=library, org.gradle.libraryelements=jar, org.gradle.status=release, org.gradle.usage=java-api} from candidates [{artifactType=jar, org.gradle.category=library, org.gradle.libraryelements=jar, org.gradle.status=release, org.gradle.usage=java-api}] for {org.gradle.category=library, org.gradle.dependency.bundling=external, org.gradle.jvm.environment=standard-jvm, org.gradle.jvm.version=21, org.gradle.libraryelements=classes, org.gradle.usage=java-api}
2026-08-21T16:48:36.708-0300 [DEBUG] [org.gradle.internal.component.model.LoggingAttributeMatchingExplanationBuilder] Selected match {artifactType=jar, org.gradle.category=library, org.gradle.libraryelements=jar, org.gradle.status=release, org.gradle.usage=java-api} from candidates [{artifactType=jar, org.gradle.category=library, org.gradle.libraryelements=jar, org.gradle.status=release, org.gradle.usage=java-api}] for {org.gradle.category=library, org.gradle.dependency.bundling=external, org.gradle.jvm.environment=standard-jvm, org.gradle.jvm.version=21, org.gradle.libraryelements=classes, org.gradle.usage=java-api}
2026-08-21T16:48:36.708-0300 [DEBUG] [org.gradle.internal.component.model.LoggingAttributeMatchingExplanationBuilder] Selected match {artifactType=jar, org.gradle.category=library, org.gradle.libraryelements=jar, org.gradle.status=release, org.gradle.usage=java-api} from candidates [{artifactType=jar, org.gradle.category=library, org.gradle.libraryelements=jar, org.gradle.status=release, org.gradle.usage=java-api}] for {org.gradle.category=library, org.gradle.dependency.bundling=external, org.gradle.jvm.environment=standard-jvm, org.gradle.jvm.version=21, org.gradle.libraryelements=classes, org.gradle.usage=java-api}
2026-08-21T16:48:36.708-0300 [DEBUG] [org.gradle.internal.component.model.LoggingAttributeMatchingExplanationBuilder] Selected match {artifactType=jar, org.gradle.category=library, org.gradle.libraryelements=jar, org.gradle.status=release, org.gradle.usage=java-api} from candidates [{artifactType=jar, org.gradle.category=library, org.gradle.libraryelements=jar, org.gradle.status=release, org.gradle.usage=java-api}] for {org.gradle.category=library, org.gradle.dependency.bundling=external, org.gradle.jvm.environment=standard-jvm, org.gradle.jvm.version=21, org.gradle.libraryelements=classes, org.gradle.usage=java-api}
2026-08-21T16:48:36.708-0300 [DEBUG] [org.gradle.internal.component.model.LoggingAttributeMatchingExplanationBuilder] Selected match {artifactType=jar, org.gradle.category=library, org.gradle.dependency.bundling=external, org.gradle.jvm.version=6, org.gradle.libraryelements=jar, org.gradle.status=release, org.gradle.usage=java-api} from candidates [{artifactType=jar, org.gradle.category=library, org.gradle.dependency.bundling=external, org.gradle.jvm.version=6, org.gradle.libraryelements=jar, org.gradle.status=release, org.gradle.usage=java-api}] for {org.gradle.category=library, org.gradle.dependency.bundling=external, org.gradle.jvm.environment=standard-jvm, org.gradle.jvm.version=21, org.gradle.libraryelements=classes, org.gradle.usage=java-api}
2026-08-21T16:48:36.708-0300 [DEBUG] [org.gradle.internal.component.model.LoggingAttributeMatchingExplanationBuilder] Selected match {artifactType=jar, org.gradle.category=library, org.gradle.dependency.bundling=external, org.gradle.jvm.version=6, org.gradle.libraryelements=jar, org.gradle.status=release, org.gradle.usage=java-api} from candidates [{artifactType=jar, org.gradle.category=library, org.gradle.dependency.bundling=external, org.gradle.jvm.version=6, org.gradle.libraryelements=jar, org.gradle.status=release, org.gradle.usage=java-api}] for {org.gradle.category=library, org.gradle.dependency.bundling=external, org.gradle.jvm.environment=standard-jvm, org.gradle.jvm.version=21, org.gradle.libraryelements=classes, org.gradle.usage=java-api}
2026-08-21T16:48:36.708-0300 [DEBUG] [org.gradle.internal.component.model.LoggingAttributeMatchingExplanationBuilder] Selected match {artifactType=jar, org.gradle.category=library, org.gradle.libraryelements=jar, org.gradle.status=release, org.gradle.usage=java-api} from candidates [{artifactType=jar, org.gradle.category=library, org.gradle.libraryelements=jar, org.gradle.status=release, org.gradle.usage=java-api}] for {org.gradle.category=library, org.gradle.dependency.bundling=external, org.gradle.jvm.environment=standard-jvm, org.gradle.jvm.version=21, org.gradle.libraryelements=classes, org.gradle.usage=java-api}
2026-08-21T16:48:36.708-0300 [DEBUG] [org.gradle.internal.component.model.LoggingAttributeMatchingExplanationBuilder] Selected match {artifactType=jar, org.gradle.category=library, org.gradle.libraryelements=jar, org.gradle.status=release, org.gradle.usage=java-api} from candidates [{artifactType=jar, org.gradle.category=library, org.gradle.libraryelements=jar, org.gradle.status=release, org.gradle.usage=java-api}] for {org.gradle.category=library, org.gradle.dependency.bundling=external, org.gradle.jvm.environment=standard-jvm, org.gradle.jvm.version=21, org.gradle.libraryelements=classes, org.gradle.usage=java-api}
2026-08-21T16:48:36.708-0300 [DEBUG] [org.gradle.internal.component.model.LoggingAttributeMatchingExplanationBuilder] Selected match {artifactType=jar, org.gradle.category=library, org.gradle.libraryelements=jar, org.gradle.status=release, org.gradle.usage=java-api} from candidates [{artifactType=jar, org.gradle.category=library, org.gradle.libraryelements=jar, org.gradle.status=release, org.gradle.usage=java-api}] for {org.gradle.category=library, org.gradle.dependency.bundling=external, org.gradle.jvm.environment=standard-jvm, org.gradle.jvm.version=21, org.gradle.libraryelements=classes, org.gradle.usage=java-api}
2026-08-21T16:48:36.708-0300 [DEBUG] [org.gradle.internal.component.model.LoggingAttributeMatchingExplanationBuilder] Selected match {artifactType=jar, org.gradle.category=library, org.gradle.libraryelements=jar, org.gradle.status=release, org.gradle.usage=java-api} from candidates [{artifactType=jar, org.gradle.category=library, org.gradle.libraryelements=jar, org.gradle.status=release, org.gradle.usage=java-api}] for {org.gradle.category=library, org.gradle.dependency.bundling=external, org.gradle.jvm.environment=standard-jvm, org.gradle.jvm.version=21, org.gradle.libraryelements=classes, org.gradle.usage=java-api}
2026-08-21T16:48:36.708-0300 [DEBUG] [org.gradle.internal.component.model.LoggingAttributeMatchingExplanationBuilder] Selected match {artifactType=jar, org.gradle.category=library, org.gradle.libraryelements=jar, org.gradle.status=release, org.gradle.usage=java-api} from candidates [{artifactType=jar, org.gradle.category=library, org.gradle.libraryelements=jar, org.gradle.status=release, org.gradle.usage=java-api}] for {org.gradle.category=library, org.gradle.dependency.bundling=external, org.gradle.jvm.environment=standard-jvm, org.gradle.jvm.version=21, org.gradle.libraryelements=classes, org.gradle.usage=java-api}
2026-08-21T16:48:36.708-0300 [DEBUG] [org.gradle.internal.resources.AbstractTrackedResourceLock] Build operations Thread 5: acquired lock on worker lease
2026-08-21T16:48:36.708-0300 [DEBUG] [org.gradle.internal.resources.AbstractTrackedResourceLock] Build operations Thread 12: acquired lock on worker lease
2026-08-21T16:48:36.708-0300 [DEBUG] [org.gradle.api.internal.artifacts.ivyservice.ivyresolve.CachingModuleComponentRepository] Found artifact 'org.gradle.internal.component.external.model.UrlBackedArtifactMetadata@211ab938' in resolver cache: /Users/claratorres1414/.gradle/caches/modules-2/files-2.1/org.springframework.boot/spring-boot-starter-test/4.1.0/9fdedc132b9cd2ba57857c7f17357def9300cd95/spring-boot-starter-test-4.1.0.jar
2026-08-21T16:48:36.708-0300 [DEBUG] [org.gradle.internal.operations.DefaultBuildOperationRunner] Build operation 'Resolve spring-boot-starter-test-4.1.0.jar (org.springframework.boot:spring-boot-starter-test:4.1.0)' completed
2026-08-21T16:48:36.708-0300 [DEBUG] [org.gradle.internal.resources.AbstractTrackedResourceLock] Build operations Thread 6: acquired lock on worker lease
2026-08-21T16:48:36.708-0300 [DEBUG] [org.gradle.api.internal.artifacts.ivyservice.ivyresolve.CachingModuleComponentRepository] Found artifact 'org.gradle.internal.component.external.model.UrlBackedArtifactMetadata@a299bdb' in resolver cache: /Users/claratorres1414/.gradle/caches/modules-2/files-2.1/com.jayway.jsonpath/json-path/2.10.0/e1a0b2e6db75401181c9c1c64c6d155ca5c6d608/json-path-2.10.0.jar
2026-08-21T16:48:36.709-0300 [DEBUG] [org.gradle.internal.operations.DefaultBuildOperationRunner] Build operation 'Resolve json-path-2.10.0.jar (com.jayway.jsonpath:json-path:2.10.0)' completed
2026-08-21T16:48:36.708-0300 [DEBUG] [org.gradle.api.internal.artifacts.ivyservice.ivyresolve.CachingModuleComponentRepository] Found artifact 'org.gradle.internal.component.external.model.UrlBackedArtifactMetadata@33b2999f' in resolver cache: /Users/claratorres1414/.gradle/caches/modules-2/files-2.1/org.springframework.boot/spring-boot-test/4.1.0/f6c9cb2cc423397ce6c7c8ab5eb4296734290ad0/spring-boot-test-4.1.0.jar
2026-08-21T16:48:36.708-0300 [DEBUG] [org.gradle.api.internal.artifacts.ivyservice.ivyresolve.CachingModuleComponentRepository] Found artifact 'org.gradle.internal.component.external.model.UrlBackedArtifactMetadata@281d74b1' in resolver cache: /Users/claratorres1414/.gradle/caches/modules-2/files-2.1/org.springframework.boot/spring-boot-test-autoconfigure/4.1.0/d8c05e21151a63ae829cd313418b942c92334874/spring-boot-test-autoconfigure-4.1.0.jar
2026-08-21T16:48:36.709-0300 [DEBUG] [org.gradle.internal.operations.DefaultBuildOperationRunner] Build operation 'Resolve spring-boot-test-autoconfigure-4.1.0.jar (org.springframework.boot:spring-boot-test-autoconfigure:4.1.0)' completed
2026-08-21T16:48:36.709-0300 [DEBUG] [org.gradle.internal.operations.DefaultBuildOperationRunner] Build operation 'Resolve spring-boot-test-4.1.0.jar (org.springframework.boot:spring-boot-test:4.1.0)' completed
2026-08-21T16:48:36.709-0300 [DEBUG] [org.gradle.api.internal.artifacts.ivyservice.ivyresolve.CachingModuleComponentRepository] Found artifact 'json-smart-2.6.0.jar (net.minidev:json-smart:2.6.0)' in resolver cache: /Users/claratorres1414/.gradle/caches/modules-2/files-2.1/net.minidev/json-smart/2.6.0/5f858a43a325a8673da6869ab2bc787a1bcb2244/json-smart-2.6.0.jar
2026-08-21T16:48:36.709-0300 [DEBUG] [org.gradle.internal.operations.DefaultBuildOperationRunner] Build operation 'Resolve json-smart-2.6.0.jar (net.minidev:json-smart:2.6.0)' completed
2026-08-21T16:48:36.708-0300 [DEBUG] [org.gradle.internal.resources.AbstractTrackedResourceLock] Build operations Thread 9: acquired lock on worker lease
2026-08-21T16:48:36.709-0300 [DEBUG] [org.gradle.api.internal.artifacts.ivyservice.ivyresolve.CachingModuleComponentRepository] Found artifact 'org.gradle.internal.component.external.model.UrlBackedArtifactMetadata@5fd2e549' in resolver cache: /Users/claratorres1414/.gradle/caches/modules-2/files-2.1/org.junit.jupiter/junit-jupiter-params/6.0.3/6cd3efadd171a3ddd70413868a9c3af988a45907/junit-jupiter-params-6.0.3.jar
2026-08-21T16:48:36.709-0300 [DEBUG] [org.gradle.internal.operations.DefaultBuildOperationRunner] Build operation 'Resolve junit-jupiter-params-6.0.3.jar (org.junit.jupiter:junit-jupiter-params:6.0.3)' completed
2026-08-21T16:48:36.709-0300 [DEBUG] [org.gradle.internal.resources.AbstractTrackedResourceLock] Build operations Thread 10: acquired lock on worker lease
2026-08-21T16:48:36.709-0300 [DEBUG] [org.gradle.api.internal.artifacts.ivyservice.ivyresolve.CachingModuleComponentRepository] Found artifact 'org.gradle.internal.component.external.model.UrlBackedArtifactMetadata@4e3b6bf6' in resolver cache: /Users/claratorres1414/.gradle/caches/modules-2/files-2.1/org.hamcrest/hamcrest/3.0/8fd9b78a8e6a6510a078a9e30e9e86a6035cfaf7/hamcrest-3.0.jar
2026-08-21T16:48:36.709-0300 [DEBUG] [org.gradle.internal.operations.DefaultBuildOperationRunner] Build operation 'Resolve hamcrest-3.0.jar (org.hamcrest:hamcrest:3.0)' completed
2026-08-21T16:48:36.709-0300 [DEBUG] [org.gradle.api.internal.artifacts.ivyservice.ivyresolve.CachingModuleComponentRepository] Found artifact 'awaitility-4.3.0.jar (org.awaitility:awaitility:4.3.0)' in resolver cache: /Users/claratorres1414/.gradle/caches/modules-2/files-2.1/org.awaitility/awaitility/4.3.0/f0c0bc1e404e500bab3f498b922eaedeae1c0207/awaitility-4.3.0.jar
2026-08-21T16:48:36.709-0300 [DEBUG] [org.gradle.internal.operations.DefaultBuildOperationRunner] Build operation 'Resolve awaitility-4.3.0.jar (org.awaitility:awaitility:4.3.0)' completed
2026-08-21T16:48:36.709-0300 [DEBUG] [org.gradle.api.internal.artifacts.ivyservice.ivyresolve.CachingModuleComponentRepository] Found artifact 'assertj-core-3.27.7.jar (org.assertj:assertj-core:3.27.7)' in resolver cache: /Users/claratorres1414/.gradle/caches/modules-2/files-2.1/org.assertj/assertj-core/3.27.7/2f4f64f054c9d618d4b1d89e7611559f5e2cfff7/assertj-core-3.27.7.jar
2026-08-21T16:48:36.709-0300 [DEBUG] [org.gradle.internal.operations.DefaultBuildOperationRunner] Build operation 'Resolve assertj-core-3.27.7.jar (org.assertj:assertj-core:3.27.7)' completed
2026-08-21T16:48:36.709-0300 [DEBUG] [org.gradle.api.internal.artifacts.ivyservice.ivyresolve.CachingModuleComponentRepository] Found artifact 'mockito-junit-jupiter-5.23.0.jar (org.mockito:mockito-junit-jupiter:5.23.0)' in resolver cache: /Users/claratorres1414/.gradle/caches/modules-2/files-2.1/org.mockito/mockito-junit-jupiter/5.23.0/e66b5f34ffea58bf4388aba58f66a209daeba4fd/mockito-junit-jupiter-5.23.0.jar
2026-08-21T16:48:36.709-0300 [DEBUG] [org.gradle.internal.operations.DefaultBuildOperationRunner] Build operation 'Resolve mockito-junit-jupiter-5.23.0.jar (org.mockito:mockito-junit-jupiter:5.23.0)' completed
2026-08-21T16:48:36.709-0300 [DEBUG] [org.gradle.api.internal.artifacts.ivyservice.ivyresolve.CachingModuleComponentRepository] Found artifact 'org.gradle.internal.component.external.model.UrlBackedArtifactMetadata@7b40be59' in resolver cache: /Users/claratorres1414/.gradle/caches/modules-2/files-2.1/org.junit.jupiter/junit-jupiter/6.0.3/da72f4bc0feccbca639b901ace26e3a62512ebec/junit-jupiter-6.0.3.jar
2026-08-21T16:48:36.710-0300 [DEBUG] [org.gradle.internal.operations.DefaultBuildOperationRunner] Build operation 'Resolve junit-jupiter-6.0.3.jar (org.junit.jupiter:junit-jupiter:6.0.3)' completed
2026-08-21T16:48:36.709-0300 [DEBUG] [org.gradle.api.internal.artifacts.ivyservice.ivyresolve.CachingModuleComponentRepository] Found artifact 'org.gradle.internal.component.external.model.UrlBackedArtifactMetadata@4d198cff' in resolver cache: /Users/claratorres1414/.gradle/caches/modules-2/files-2.1/org.junit.platform/junit-platform-commons/6.0.3/1093a7faa2ba47c28aa83f378d9a2083463bb20c/junit-platform-commons-6.0.3.jar
2026-08-21T16:48:36.710-0300 [DEBUG] [org.gradle.internal.operations.DefaultBuildOperationRunner] Build operation 'Resolve junit-platform-commons-6.0.3.jar (org.junit.platform:junit-platform-commons:6.0.3)' completed
2026-08-21T16:48:36.709-0300 [DEBUG] [org.gradle.internal.resources.AbstractTrackedResourceLock] Build operations Thread 4: acquired lock on worker lease
2026-08-21T16:48:36.709-0300 [DEBUG] [org.gradle.api.internal.artifacts.ivyservice.ivyresolve.CachingModuleComponentRepository] Found artifact 'org.gradle.internal.component.external.model.UrlBackedArtifactMetadata@44c8038f' in resolver cache: /Users/claratorres1414/.gradle/caches/modules-2/files-2.1/org.junit.jupiter/junit-jupiter-api/6.0.3/2e6cfb62db85350179f0408ed5270f7cdf8cefda/junit-jupiter-api-6.0.3.jar
2026-08-21T16:48:36.710-0300 [DEBUG] [org.gradle.internal.operations.DefaultBuildOperationRunner] Build operation 'Resolve junit-jupiter-api-6.0.3.jar (org.junit.jupiter:junit-jupiter-api:6.0.3)' completed
2026-08-21T16:48:36.709-0300 [DEBUG] [org.gradle.api.internal.artifacts.ivyservice.ivyresolve.CachingModuleComponentRepository] Found artifact 'jakarta.xml.bind-api-4.0.5.jar (jakarta.xml.bind:jakarta.xml.bind-api:4.0.5)' in resolver cache: /Users/claratorres1414/.gradle/caches/modules-2/files-2.1/jakarta.xml.bind/jakarta.xml.bind-api/4.0.5/161811f36cad3c65991502e80317f2f6703361df/jakarta.xml.bind-api-4.0.5.jar
2026-08-21T16:48:36.710-0300 [DEBUG] [org.gradle.internal.operations.DefaultBuildOperationRunner] Build operation 'Resolve jakarta.xml.bind-api-4.0.5.jar (jakarta.xml.bind:jakarta.xml.bind-api:4.0.5)' completed
2026-08-21T16:48:36.710-0300 [DEBUG] [org.gradle.api.internal.artifacts.ivyservice.ivyresolve.CachingModuleComponentRepository] Found artifact 'accessors-smart-2.6.0.jar (net.minidev:accessors-smart:2.6.0)' in resolver cache: /Users/claratorres1414/.gradle/caches/modules-2/files-2.1/net.minidev/accessors-smart/2.6.0/2d96f1d9b6ab7f13261aa81b15703574185747a0/accessors-smart-2.6.0.jar
2026-08-21T16:48:36.710-0300 [DEBUG] [org.gradle.internal.operations.DefaultBuildOperationRunner] Build operation 'Resolve accessors-smart-2.6.0.jar (net.minidev:accessors-smart:2.6.0)' completed
2026-08-21T16:48:36.710-0300 [DEBUG] [org.gradle.internal.resources.AbstractTrackedResourceLock] Build operations Thread 8: acquired lock on worker lease
2026-08-21T16:48:36.710-0300 [DEBUG] [org.gradle.api.internal.artifacts.ivyservice.ivyresolve.CachingModuleComponentRepository] Found artifact 'xmlunit-core-2.11.0.jar (org.xmlunit:xmlunit-core:2.11.0)' in resolver cache: /Users/claratorres1414/.gradle/caches/modules-2/files-2.1/org.xmlunit/xmlunit-core/2.11.0/85521d7f60fb599a4ac1bdec0d19628c3a264156/xmlunit-core-2.11.0.jar
2026-08-21T16:48:36.710-0300 [DEBUG] [org.gradle.internal.operations.DefaultBuildOperationRunner] Build operation 'Resolve xmlunit-core-2.11.0.jar (org.xmlunit:xmlunit-core:2.11.0)' completed
2026-08-21T16:48:36.710-0300 [DEBUG] [org.gradle.api.internal.artifacts.ivyservice.ivyresolve.CachingModuleComponentRepository] Found artifact 'org.gradle.internal.component.external.model.UrlBackedArtifactMetadata@fe71b70' in resolver cache: /Users/claratorres1414/.gradle/caches/modules-2/files-2.1/org.springframework/spring-test/7.0.8/a69fb470b6fbf2960552150e4a37e6903dbd2f49/spring-test-7.0.8.jar
2026-08-21T16:48:36.710-0300 [DEBUG] [org.gradle.internal.operations.DefaultBuildOperationRunner] Build operation 'Resolve spring-test-7.0.8.jar (org.springframework:spring-test:7.0.8)' completed
2026-08-21T16:48:36.710-0300 [DEBUG] [org.gradle.api.internal.artifacts.ivyservice.ivyresolve.CachingModuleComponentRepository] Found artifact 'jsonassert-1.5.3.jar (org.skyscreamer:jsonassert:1.5.3)' in resolver cache: /Users/claratorres1414/.gradle/caches/modules-2/files-2.1/org.skyscreamer/jsonassert/1.5.3/aaa43e0823d2a0e106e8754d6a9c4ab24e05e9bc/jsonassert-1.5.3.jar
2026-08-21T16:48:36.710-0300 [DEBUG] [org.gradle.internal.operations.DefaultBuildOperationRunner] Build operation 'Resolve jsonassert-1.5.3.jar (org.skyscreamer:jsonassert:1.5.3)' completed
2026-08-21T16:48:36.709-0300 [DEBUG] [org.gradle.api.internal.artifacts.ivyservice.ivyresolve.CachingModuleComponentRepository] Found artifact 'mockito-core-5.23.0.jar (org.mockito:mockito-core:5.23.0)' in resolver cache: /Users/claratorres1414/.gradle/caches/modules-2/files-2.1/org.mockito/mockito-core/5.23.0/a5cf3cf244300e4cd05f779827cf50d373a8460e/mockito-core-5.23.0.jar
2026-08-21T16:48:36.710-0300 [DEBUG] [org.gradle.internal.operations.DefaultBuildOperationRunner] Build operation 'Resolve mockito-core-5.23.0.jar (org.mockito:mockito-core:5.23.0)' completed
2026-08-21T16:48:36.710-0300 [DEBUG] [org.gradle.api.internal.artifacts.ivyservice.ivyresolve.CachingModuleComponentRepository] Found artifact 'org.gradle.internal.component.external.model.UrlBackedArtifactMetadata@4661c1ff' in resolver cache: /Users/claratorres1414/.gradle/caches/modules-2/files-2.1/org.apiguardian/apiguardian-api/1.1.2/a231e0d844d2721b0fa1b238006d15c6ded6842a/apiguardian-api-1.1.2.jar
2026-08-21T16:48:36.710-0300 [DEBUG] [org.gradle.internal.operations.DefaultBuildOperationRunner] Build operation 'Resolve apiguardian-api-1.1.2.jar (org.apiguardian:apiguardian-api:1.1.2)' completed
2026-08-21T16:48:36.710-0300 [DEBUG] [org.gradle.api.internal.artifacts.ivyservice.ivyresolve.CachingModuleComponentRepository] Found artifact 'org.gradle.internal.component.external.model.UrlBackedArtifactMetadata@49d6ae14' in resolver cache: /Users/claratorres1414/.gradle/caches/modules-2/files-2.1/org.opentest4j/opentest4j/1.3.0/152ea56b3a72f655d4fd677fc0ef2596c3dd5e6e/opentest4j-1.3.0.jar
2026-08-21T16:48:36.711-0300 [DEBUG] [org.gradle.internal.operations.DefaultBuildOperationRunner] Build operation 'Resolve opentest4j-1.3.0.jar (org.opentest4j:opentest4j:1.3.0)' completed
2026-08-21T16:48:36.710-0300 [DEBUG] [org.gradle.api.internal.artifacts.ivyservice.ivyresolve.CachingModuleComponentRepository] Found artifact 'asm-9.7.1.jar (org.ow2.asm:asm:9.7.1)' in resolver cache: /Users/claratorres1414/.gradle/caches/modules-2/files-2.1/org.ow2.asm/asm/9.7.1/f0ed132a49244b042cd0e15702ab9f2ce3cc8436/asm-9.7.1.jar
2026-08-21T16:48:36.711-0300 [DEBUG] [org.gradle.internal.operations.DefaultBuildOperationRunner] Build operation 'Resolve asm-9.7.1.jar (org.ow2.asm:asm:9.7.1)' completed
2026-08-21T16:48:36.710-0300 [DEBUG] [org.gradle.internal.resources.AbstractTrackedResourceLock] Build operations Thread 2: acquired lock on worker lease
2026-08-21T16:48:36.710-0300 [DEBUG] [org.gradle.api.internal.artifacts.ivyservice.ivyresolve.CachingModuleComponentRepository] Found artifact 'jakarta.activation-api-2.1.4.jar (jakarta.activation:jakarta.activation-api:2.1.4)' in resolver cache: /Users/claratorres1414/.gradle/caches/modules-2/files-2.1/jakarta.activation/jakarta.activation-api/2.1.4/9e5c2a0d75dde71a0bedc4dbdbe47b78a5dc50f8/jakarta.activation-api-2.1.4.jar
2026-08-21T16:48:36.711-0300 [DEBUG] [org.gradle.internal.operations.DefaultBuildOperationRunner] Build operation 'Resolve jakarta.activation-api-2.1.4.jar (jakarta.activation:jakarta.activation-api:2.1.4)' completed
2026-08-21T16:48:36.710-0300 [DEBUG] [org.gradle.api.internal.artifacts.ivyservice.ivyresolve.CachingModuleComponentRepository] Found artifact 'byte-buddy-agent-1.18.10.jar (net.bytebuddy:byte-buddy-agent:1.18.10)' in resolver cache: /Users/claratorres1414/.gradle/caches/modules-2/files-2.1/net.bytebuddy/byte-buddy-agent/1.18.10/9426d28828bdcdf42666bb7a68c468279ea78f59/byte-buddy-agent-1.18.10.jar
2026-08-21T16:48:36.711-0300 [DEBUG] [org.gradle.internal.operations.DefaultBuildOperationRunner] Build operation 'Resolve byte-buddy-agent-1.18.10.jar (net.bytebuddy:byte-buddy-agent:1.18.10)' completed
2026-08-21T16:48:36.710-0300 [DEBUG] [org.gradle.api.internal.artifacts.ivyservice.ivyresolve.CachingModuleComponentRepository] Found artifact 'byte-buddy-1.18.10.jar (net.bytebuddy:byte-buddy:1.18.10)' in resolver cache: /Users/claratorres1414/.gradle/caches/modules-2/files-2.1/net.bytebuddy/byte-buddy/1.18.10/5b34812ced047973a6d42654d50c3b69124ce587/byte-buddy-1.18.10.jar
2026-08-21T16:48:36.711-0300 [DEBUG] [org.gradle.internal.operations.DefaultBuildOperationRunner] Build operation 'Resolve byte-buddy-1.18.10.jar (net.bytebuddy:byte-buddy:1.18.10)' completed
2026-08-21T16:48:36.711-0300 [DEBUG] [org.gradle.api.internal.artifacts.ivyservice.ivyresolve.CachingModuleComponentRepository] Found artifact 'android-json-0.0.20131108.vaadin1.jar (com.vaadin.external.google:android-json:0.0.20131108.vaadin1)' in resolver cache: /Users/claratorres1414/.gradle/caches/modules-2/files-2.1/com.vaadin.external.google/android-json/0.0.20131108.vaadin1/fa26d351fe62a6a17f5cda1287c1c6110dec413f/android-json-0.0.20131108.vaadin1.jar
2026-08-21T16:48:36.711-0300 [DEBUG] [org.gradle.internal.operations.DefaultBuildOperationRunner] Build operation 'Resolve android-json-0.0.20131108.vaadin1.jar (com.vaadin.external.google:android-json:0.0.20131108.vaadin1)' completed
2026-08-21T16:48:36.711-0300 [DEBUG] [org.gradle.internal.resources.AbstractTrackedResourceLock] Build operations Thread 2: released lock on worker lease
2026-08-21T16:48:36.711-0300 [DEBUG] [org.gradle.internal.resources.AbstractTrackedResourceLock] Build operations Thread 7: acquired lock on worker lease
2026-08-21T16:48:36.711-0300 [DEBUG] [org.gradle.internal.resources.AbstractTrackedResourceLock] Build operations Thread 7: released lock on worker lease
2026-08-21T16:48:36.711-0300 [DEBUG] [org.gradle.internal.resources.AbstractTrackedResourceLock] Build operations Thread 3: acquired lock on worker lease
2026-08-21T16:48:36.711-0300 [DEBUG] [org.gradle.internal.resources.AbstractTrackedResourceLock] Build operations Thread 3: released lock on worker lease
2026-08-21T16:48:36.711-0300 [DEBUG] [org.gradle.internal.resources.AbstractTrackedResourceLock] Build operations Thread 11: acquired lock on worker lease
2026-08-21T16:48:36.711-0300 [DEBUG] [org.gradle.internal.resources.AbstractTrackedResourceLock] Build operations Thread 11: released lock on worker lease
2026-08-21T16:48:36.712-0300 [DEBUG] [org.gradle.internal.resources.AbstractTrackedResourceLock] Build operations Thread 8: released lock on worker lease
2026-08-21T16:48:36.712-0300 [DEBUG] [org.gradle.internal.resources.AbstractTrackedResourceLock] Build operations Thread 6: released lock on worker lease
2026-08-21T16:48:36.712-0300 [DEBUG] [org.gradle.internal.resources.AbstractTrackedResourceLock] Build operations Thread 9: released lock on worker lease
2026-08-21T16:48:36.712-0300 [DEBUG] [org.gradle.internal.resources.AbstractTrackedResourceLock] Build operations Thread 4: released lock on worker lease
2026-08-21T16:48:36.712-0300 [DEBUG] [org.gradle.internal.resources.AbstractTrackedResourceLock] Build operations Thread 10: released lock on worker lease
2026-08-21T16:48:36.712-0300 [DEBUG] [org.gradle.internal.resources.AbstractTrackedResourceLock] Build operations Thread 12: released lock on worker lease
2026-08-21T16:48:36.712-0300 [DEBUG] [org.gradle.internal.resources.AbstractTrackedResourceLock] Build operations Thread 5: released lock on worker lease
2026-08-21T16:48:36.712-0300 [DEBUG] [org.gradle.internal.resources.AbstractTrackedResourceLock] Execution worker Thread 2: released lock on state of build :
2026-08-21T16:48:36.712-0300 [DEBUG] [org.gradle.internal.resources.AbstractTrackedResourceLock] Execution worker Thread 2: released lock on worker lease
2026-08-21T16:48:36.712-0300 [DEBUG] [org.gradle.internal.resources.AbstractTrackedResourceLock] Execution worker Thread 2: acquired lock on state of build :
2026-08-21T16:48:36.712-0300 [DEBUG] [org.gradle.internal.resources.AbstractTrackedResourceLock] Execution worker Thread 2: acquired lock on worker lease
2026-08-21T16:48:36.713-0300 [DEBUG] [org.gradle.internal.operations.DefaultBuildOperationRunner] Build operation 'Resolve files of configuration ':testCompileClasspath'' completed
2026-08-21T16:48:36.714-0300 [DEBUG] [org.gradle.api.internal.artifacts.ivyservice.modulecache.ResolvedArtifactCaches] Reusing in-memory cache for repo 'MavenRepo' [26c913274550a0b2221f47a0fe2d2358].
2026-08-21T16:48:36.714-0300 [DEBUG] [io.spring.gradle.dependencymanagement.internal.VersionConfiguringAction] Processing requested dependency 'org.projectlombok:lombok:' with target 'org.projectlombok:lombok:
2026-08-21T16:48:36.714-0300 [DEBUG] [io.spring.gradle.dependencymanagement.internal.DependencyManagementContainer] Found managed version '1.18.46' for dependency 'org.projectlombok:lombok' in global dependency management
2026-08-21T16:48:36.714-0300 [DEBUG] [io.spring.gradle.dependencymanagement.internal.VersionConfiguringAction] Using version '1.18.46' for dependency 'org.projectlombok:lombok:'
2026-08-21T16:48:36.714-0300 [DEBUG] [org.gradle.api.internal.artifacts.ivyservice.ivyresolve.RepositoryChainComponentMetaDataResolver] Attempting to resolve component for org.projectlombok:lombok:1.18.46 using repositories [MavenRepo]
2026-08-21T16:48:36.714-0300 [DEBUG] [org.gradle.api.internal.artifacts.ivyservice.ivyresolve.CachingModuleComponentRepository] Using cached module metadata for module 'org.projectlombok:lombok:1.18.46' in 'MavenRepo'
2026-08-21T16:48:36.714-0300 [DEBUG] [org.gradle.api.internal.artifacts.ivyservice.ivyresolve.RepositoryChainComponentMetaDataResolver] Using org.projectlombok:lombok:1.18.46 from org.gradle.api.internal.artifacts.ivyservice.ivyresolve.FilteredModuleComponentRepository@5c270803
2026-08-21T16:48:36.714-0300 [DEBUG] [org.gradle.internal.operations.DefaultBuildOperationRunner] Build operation 'Resolve dependencies of :testAnnotationProcessor' completed
2026-08-21T16:48:36.714-0300 [DEBUG] [org.gradle.internal.component.model.LoggingAttributeMatchingExplanationBuilder] Selected match {artifactType=jar, org.gradle.category=library, org.gradle.libraryelements=jar, org.gradle.status=release, org.gradle.usage=java-runtime} from candidates [{artifactType=jar, org.gradle.category=library, org.gradle.libraryelements=jar, org.gradle.status=release, org.gradle.usage=java-runtime}] for {org.gradle.category=library, org.gradle.dependency.bundling=external, org.gradle.jvm.environment=standard-jvm, org.gradle.libraryelements=jar, org.gradle.usage=java-runtime}
2026-08-21T16:48:36.714-0300 [DEBUG] [org.gradle.internal.operations.DefaultBuildOperationRunner] Build operation 'Resolve files of configuration ':testAnnotationProcessor'' completed
2026-08-21T16:48:36.714-0300 [DEBUG] [org.gradle.internal.operations.DefaultBuildOperationRunner] Build operation 'Snapshot inputs and outputs before executing task ':compileTestJava'' completed
2026-08-21T16:48:36.715-0300 [INFO] [org.gradle.api.internal.tasks.execution.TaskExecution] Custom actions are attached to task ':compileTestJava'.
2026-08-21T16:48:36.715-0300 [INFO] [org.gradle.internal.execution.steps.AbstractResolveCachingStateStep] Caching disabled for task ':compileTestJava' because:
  Build cache is disabled
2026-08-21T16:48:36.715-0300 [DEBUG] [org.gradle.internal.operations.DefaultBuildOperationRunner] Build operation 'Snapshot task inputs for :compileTestJava' completed
2026-08-21T16:48:36.715-0300 [DEBUG] [org.gradle.internal.execution.steps.SkipUpToDateStep] Determining if task ':compileTestJava' is up-to-date
2026-08-21T16:48:36.715-0300 [INFO] [org.gradle.internal.execution.steps.SkipUpToDateStep] Skipping task ':compileTestJava' as it is up-to-date.
2026-08-21T16:48:36.715-0300 [DEBUG] [org.gradle.api.internal.tasks.execution.ResolveTaskExecutionModeExecuter] Removed task artifact state for task ':compileTestJava' from context.
2026-08-21T16:48:36.715-0300 [DEBUG] [org.gradle.internal.operations.DefaultBuildOperationRunner] Completing Build operation 'Task :compileTestJava'
2026-08-21T16:48:36.715-0300 [DEBUG] [org.gradle.internal.operations.DefaultBuildOperationRunner] Build operation 'Task :compileTestJava' completed
2026-08-21T16:48:36.715-0300 [DEBUG] [org.gradle.execution.plan.DefaultFinalizedExecutionPlan] Node :compileTestJava completed, executed: true
2026-08-21T16:48:36.715-0300 [DEBUG] [org.gradle.execution.plan.DefaultFinalizedExecutionPlan] Node :compileTestJava finished executing
2026-08-21T16:48:36.715-0300 [DEBUG] [org.gradle.internal.resources.AbstractTrackedResourceLock] Execution worker Thread 2: released lock on state of build :
2026-08-21T16:48:36.715-0300 [DEBUG] [org.gradle.internal.resources.AbstractTrackedResourceLock] Execution worker Thread 2: released lock on task execution for build :
2026-08-21T16:48:36.715-0300 [DEBUG] [org.gradle.internal.resources.AbstractTrackedResourceLock] Execution worker Thread 2: acquired lock on state of build :
2026-08-21T16:48:36.715-0300 [DEBUG] [org.gradle.internal.resources.AbstractTrackedResourceLock] Execution worker Thread 2: acquired lock on task execution for build :
2026-08-21T16:48:36.715-0300 [INFO] [org.gradle.execution.plan.DefaultPlanExecutor] Resolve mutations for :processTestResources (Thread[#638,Execution worker Thread 2,5,main]) started.
2026-08-21T16:48:36.715-0300 [DEBUG] [org.gradle.internal.resources.AbstractTrackedResourceLock] Execution worker: acquired lock on worker lease
2026-08-21T16:48:36.715-0300 [DEBUG] [org.gradle.internal.resources.AbstractTrackedResourceLock] Execution worker: released lock on worker lease
2026-08-21T16:48:36.715-0300 [DEBUG] [org.gradle.internal.operations.DefaultBuildOperationRunner] Build operation 'Resolve mutations for task :processTestResources' started
2026-08-21T16:48:36.715-0300 [DEBUG] [org.gradle.internal.resources.AbstractTrackedResourceLock] Execution worker Thread 11: acquired lock on worker lease
2026-08-21T16:48:36.715-0300 [DEBUG] [org.gradle.internal.resources.AbstractTrackedResourceLock] Execution worker Thread 11: released lock on worker lease
2026-08-21T16:48:36.715-0300 [DEBUG] [org.gradle.internal.resources.AbstractTrackedResourceLock] included builds: acquired lock on worker lease
2026-08-21T16:48:36.715-0300 [DEBUG] [org.gradle.internal.resources.AbstractTrackedResourceLock] included builds: released lock on worker lease
2026-08-21T16:48:36.715-0300 [DEBUG] [org.gradle.internal.resources.AbstractTrackedResourceLock] Execution worker Thread 10: acquired lock on worker lease
2026-08-21T16:48:36.715-0300 [DEBUG] [org.gradle.internal.resources.AbstractTrackedResourceLock] Execution worker Thread 10: released lock on worker lease
2026-08-21T16:48:36.715-0300 [DEBUG] [org.gradle.internal.resources.AbstractTrackedResourceLock] Execution worker Thread 9: acquired lock on worker lease
2026-08-21T16:48:36.715-0300 [DEBUG] [org.gradle.internal.resources.AbstractTrackedResourceLock] Execution worker Thread 9: released lock on worker lease
2026-08-21T16:48:36.715-0300 [DEBUG] [org.gradle.internal.operations.DefaultBuildOperationRunner] Completing Build operation 'Resolve mutations for task :processTestResources'
2026-08-21T16:48:36.715-0300 [DEBUG] [org.gradle.internal.operations.DefaultBuildOperationRunner] Build operation 'Resolve mutations for task :processTestResources' completed
2026-08-21T16:48:36.715-0300 [DEBUG] [org.gradle.internal.resources.AbstractTrackedResourceLock] Execution worker Thread 8: acquired lock on worker lease
2026-08-21T16:48:36.715-0300 [DEBUG] [org.gradle.internal.resources.AbstractTrackedResourceLock] Execution worker Thread 8: released lock on worker lease
2026-08-21T16:48:36.715-0300 [DEBUG] [org.gradle.internal.resources.AbstractTrackedResourceLock] Execution worker Thread 7: acquired lock on worker lease
2026-08-21T16:48:36.715-0300 [DEBUG] [org.gradle.internal.resources.AbstractTrackedResourceLock] Execution worker Thread 7: released lock on worker lease
2026-08-21T16:48:36.716-0300 [DEBUG] [org.gradle.internal.resources.AbstractTrackedResourceLock] Execution worker Thread 6: acquired lock on worker lease
2026-08-21T16:48:36.716-0300 [DEBUG] [org.gradle.internal.resources.AbstractTrackedResourceLock] Execution worker Thread 6: released lock on worker lease
2026-08-21T16:48:36.716-0300 [DEBUG] [org.gradle.internal.resources.AbstractTrackedResourceLock] Execution worker Thread 5: acquired lock on worker lease
2026-08-21T16:48:36.716-0300 [DEBUG] [org.gradle.internal.resources.AbstractTrackedResourceLock] Execution worker Thread 5: released lock on worker lease
2026-08-21T16:48:36.716-0300 [DEBUG] [org.gradle.internal.resources.AbstractTrackedResourceLock] Execution worker Thread 4: acquired lock on worker lease
2026-08-21T16:48:36.716-0300 [DEBUG] [org.gradle.internal.resources.AbstractTrackedResourceLock] Execution worker Thread 4: released lock on worker lease
2026-08-21T16:48:36.716-0300 [DEBUG] [org.gradle.internal.resources.AbstractTrackedResourceLock] Execution worker Thread 3: acquired lock on worker lease
2026-08-21T16:48:36.716-0300 [DEBUG] [org.gradle.internal.resources.AbstractTrackedResourceLock] Execution worker Thread 3: released lock on worker lease
2026-08-21T16:48:36.716-0300 [DEBUG] [org.gradle.execution.plan.DefaultFinalizedExecutionPlan] Node Resolve mutations for :processTestResources completed, executed: true
2026-08-21T16:48:36.716-0300 [DEBUG] [org.gradle.execution.plan.DefaultFinalizedExecutionPlan] Node Resolve mutations for :processTestResources finished executing
2026-08-21T16:48:36.716-0300 [DEBUG] [org.gradle.internal.resources.AbstractTrackedResourceLock] Execution worker Thread 2: released lock on state of build :
2026-08-21T16:48:36.716-0300 [DEBUG] [org.gradle.internal.resources.AbstractTrackedResourceLock] Execution worker Thread 2: released lock on task execution for build :
2026-08-21T16:48:36.716-0300 [DEBUG] [org.gradle.internal.resources.AbstractTrackedResourceLock] Execution worker Thread 2: acquired lock on state of build :
2026-08-21T16:48:36.716-0300 [DEBUG] [org.gradle.internal.resources.AbstractTrackedResourceLock] Execution worker Thread 2: acquired lock on task execution for build :
2026-08-21T16:48:36.716-0300 [INFO] [org.gradle.execution.plan.DefaultPlanExecutor] :processTestResources (Thread[#638,Execution worker Thread 2,5,main]) started.
2026-08-21T16:48:36.716-0300 [DEBUG] [org.gradle.internal.resources.AbstractTrackedResourceLock] Execution worker: acquired lock on worker lease
2026-08-21T16:48:36.716-0300 [DEBUG] [org.gradle.internal.resources.AbstractTrackedResourceLock] Execution worker: released lock on worker lease
2026-08-21T16:48:36.716-0300 [DEBUG] [org.gradle.internal.operations.DefaultBuildOperationRunner] Build operation 'Task :processTestResources' started
2026-08-21T16:48:36.716-0300 [DEBUG] [org.gradle.internal.resources.AbstractTrackedResourceLock] Execution worker Thread 3: acquired lock on worker lease
2026-08-21T16:48:36.716-0300 [DEBUG] [org.gradle.internal.resources.AbstractTrackedResourceLock] Execution worker Thread 3: released lock on worker lease
2026-08-21T16:48:36.716-0300 [DEBUG] [org.gradle.internal.resources.AbstractTrackedResourceLock] Execution worker Thread 4: acquired lock on worker lease
2026-08-21T16:48:36.716-0300 [DEBUG] [org.gradle.internal.resources.AbstractTrackedResourceLock] Execution worker Thread 4: released lock on worker lease
2026-08-21T16:48:36.716-0300 [DEBUG] [org.gradle.internal.resources.AbstractTrackedResourceLock] Execution worker Thread 5: acquired lock on worker lease
2026-08-21T16:48:36.716-0300 [DEBUG] [org.gradle.internal.resources.AbstractTrackedResourceLock] Execution worker Thread 5: released lock on worker lease
2026-08-21T16:48:36.716-0300 [DEBUG] [org.gradle.internal.resources.AbstractTrackedResourceLock] Execution worker Thread 6: acquired lock on worker lease
2026-08-21T16:48:36.716-0300 [DEBUG] [org.gradle.internal.resources.AbstractTrackedResourceLock] Execution worker Thread 6: released lock on worker lease
2026-08-21T16:48:36.716-0300 [DEBUG] [org.gradle.internal.resources.AbstractTrackedResourceLock] Execution worker Thread 7: acquired lock on worker lease
2026-08-21T16:48:36.716-0300 [DEBUG] [org.gradle.internal.resources.AbstractTrackedResourceLock] Execution worker Thread 7: released lock on worker lease
2026-08-21T16:48:36.716-0300 [DEBUG] [org.gradle.internal.operations.DefaultBuildOperationRunner] Build operation 'Snapshot task inputs for :processTestResources' started
2026-08-21T16:48:36.716-0300 [DEBUG] [org.gradle.internal.resources.AbstractTrackedResourceLock] Execution worker Thread 8: acquired lock on worker lease
2026-08-21T16:48:36.716-0300 [DEBUG] [org.gradle.internal.resources.AbstractTrackedResourceLock] Execution worker Thread 8: released lock on worker lease
2026-08-21T16:48:36.716-0300 [DEBUG] [org.gradle.internal.resources.AbstractTrackedResourceLock] Execution worker Thread 9: acquired lock on worker lease
2026-08-21T16:48:36.716-0300 [DEBUG] [org.gradle.internal.resources.AbstractTrackedResourceLock] Execution worker Thread 9: released lock on worker lease
2026-08-21T16:48:36.716-0300 [DEBUG] [org.gradle.internal.resources.AbstractTrackedResourceLock] Execution worker Thread 10: acquired lock on worker lease
2026-08-21T16:48:36.716-0300 [DEBUG] [org.gradle.internal.resources.AbstractTrackedResourceLock] Execution worker Thread 10: released lock on worker lease
2026-08-21T16:48:36.716-0300 [DEBUG] [org.gradle.internal.resources.AbstractTrackedResourceLock] included builds: acquired lock on worker lease
2026-08-21T16:48:36.717-0300 [DEBUG] [org.gradle.internal.resources.AbstractTrackedResourceLock] included builds: released lock on worker lease
2026-08-21T16:48:36.717-0300 [DEBUG] [org.gradle.internal.resources.AbstractTrackedResourceLock] Execution worker Thread 11: acquired lock on worker lease
2026-08-21T16:48:36.717-0300 [DEBUG] [org.gradle.internal.resources.AbstractTrackedResourceLock] Execution worker Thread 11: released lock on worker lease
2026-08-21T16:48:36.717-0300 [DEBUG] [org.gradle.internal.operations.DefaultBuildOperationRunner] Completing Build operation 'Snapshot task inputs for :processTestResources'
2026-08-21T16:48:36.716-0300 [LIFECYCLE] [class org.gradle.internal.buildevents.TaskExecutionLogger] 
2026-08-21T16:48:36.716-0300 [LIFECYCLE] [class org.gradle.internal.buildevents.TaskExecutionLogger] > Task :processTestResources NO-SOURCE
2026-08-21T16:48:36.716-0300 [DEBUG] [org.gradle.api.internal.tasks.execution.ResolveTaskExecutionModeExecuter] Putting task artifact state for task ':processTestResources' into context took 0.0 secs.
2026-08-21T16:48:36.716-0300 [DEBUG] [org.gradle.internal.execution.steps.IdentifyStep] Implementation for task ':processTestResources': org.gradle.language.jvm.tasks.ProcessResources_Decorated@bf23f43623a3fe6628558cf72ff750c2
2026-08-21T16:48:36.716-0300 [DEBUG] [org.gradle.internal.execution.steps.IdentifyStep] Additional implementations for task ':processTestResources': [org.gradle.language.jvm.tasks.ProcessResources_Decorated@12e53c4dcaf376ce9cae4cc1ce1513e1]
2026-08-21T16:48:36.717-0300 [INFO] [org.gradle.internal.execution.steps.SkipEmptyMutableWorkStep] Skipping task ':processTestResources' as it has no source files and no previous output files.
2026-08-21T16:48:36.717-0300 [DEBUG] [org.gradle.internal.operations.DefaultBuildOperationRunner] Build operation 'Snapshot task inputs for :processTestResources' completed
2026-08-21T16:48:36.717-0300 [DEBUG] [org.gradle.api.internal.tasks.execution.ResolveTaskExecutionModeExecuter] Removed task artifact state for task ':processTestResources' from context.
2026-08-21T16:48:36.717-0300 [DEBUG] [org.gradle.internal.operations.DefaultBuildOperationRunner] Completing Build operation 'Task :processTestResources'
2026-08-21T16:48:36.717-0300 [DEBUG] [org.gradle.internal.operations.DefaultBuildOperationRunner] Build operation 'Task :processTestResources' completed
2026-08-21T16:48:36.717-0300 [DEBUG] [org.gradle.execution.plan.DefaultFinalizedExecutionPlan] Node :processTestResources completed, executed: true
2026-08-21T16:48:36.717-0300 [DEBUG] [org.gradle.execution.plan.DefaultFinalizedExecutionPlan] Node :processTestResources finished executing
2026-08-21T16:48:36.717-0300 [DEBUG] [org.gradle.cache.internal.btree.BTreePersistentIndexedCache] Opening cache executionHistory.bin (/Users/claratorres1414/Desktop/spring-bootstrap/.gradle/9.5.1/executionHistory/executionHistory.bin)
2026-08-21T16:48:36.717-0300 [DEBUG] [org.gradle.internal.resources.AbstractTrackedResourceLock] Execution worker Thread 2: released lock on state of build :
2026-08-21T16:48:36.717-0300 [DEBUG] [org.gradle.internal.resources.AbstractTrackedResourceLock] Execution worker Thread 2: released lock on task execution for build :
2026-08-21T16:48:36.717-0300 [DEBUG] [org.gradle.internal.resources.AbstractTrackedResourceLock] Execution worker Thread 2: acquired lock on state of build :
2026-08-21T16:48:36.717-0300 [DEBUG] [org.gradle.internal.resources.AbstractTrackedResourceLock] Execution worker Thread 2: acquired lock on task execution for build :
2026-08-21T16:48:36.717-0300 [INFO] [org.gradle.execution.plan.DefaultPlanExecutor] Resolve mutations for :testClasses (Thread[#638,Execution worker Thread 2,5,main]) started.
2026-08-21T16:48:36.717-0300 [DEBUG] [org.gradle.internal.resources.AbstractTrackedResourceLock] Execution worker: acquired lock on worker lease
2026-08-21T16:48:36.717-0300 [DEBUG] [org.gradle.internal.resources.AbstractTrackedResourceLock] Execution worker: released lock on worker lease
2026-08-21T16:48:36.717-0300 [DEBUG] [org.gradle.internal.operations.DefaultBuildOperationRunner] Build operation 'Resolve mutations for task :testClasses' started
2026-08-21T16:48:36.717-0300 [DEBUG] [org.gradle.internal.resources.AbstractTrackedResourceLock] Execution worker Thread 11: acquired lock on worker lease
2026-08-21T16:48:36.717-0300 [DEBUG] [org.gradle.internal.resources.AbstractTrackedResourceLock] Execution worker Thread 11: released lock on worker lease
2026-08-21T16:48:36.717-0300 [DEBUG] [org.gradle.internal.operations.DefaultBuildOperationRunner] Completing Build operation 'Resolve mutations for task :testClasses'
2026-08-21T16:48:36.717-0300 [DEBUG] [org.gradle.internal.operations.DefaultBuildOperationRunner] Build operation 'Resolve mutations for task :testClasses' completed
2026-08-21T16:48:36.717-0300 [DEBUG] [org.gradle.internal.resources.AbstractTrackedResourceLock] included builds: acquired lock on worker lease
2026-08-21T16:48:36.717-0300 [DEBUG] [org.gradle.internal.resources.AbstractTrackedResourceLock] included builds: released lock on worker lease
2026-08-21T16:48:36.717-0300 [DEBUG] [org.gradle.internal.resources.AbstractTrackedResourceLock] Execution worker Thread 10: acquired lock on worker lease
2026-08-21T16:48:36.717-0300 [DEBUG] [org.gradle.internal.resources.AbstractTrackedResourceLock] Execution worker Thread 10: released lock on worker lease
2026-08-21T16:48:36.717-0300 [DEBUG] [org.gradle.internal.resources.AbstractTrackedResourceLock] Execution worker Thread 9: acquired lock on worker lease
2026-08-21T16:48:36.718-0300 [DEBUG] [org.gradle.internal.resources.AbstractTrackedResourceLock] Execution worker Thread 9: released lock on worker lease
2026-08-21T16:48:36.718-0300 [DEBUG] [org.gradle.internal.resources.AbstractTrackedResourceLock] Execution worker Thread 8: acquired lock on worker lease
2026-08-21T16:48:36.718-0300 [DEBUG] [org.gradle.internal.resources.AbstractTrackedResourceLock] Execution worker Thread 8: released lock on worker lease
2026-08-21T16:48:36.718-0300 [DEBUG] [org.gradle.internal.resources.AbstractTrackedResourceLock] Execution worker Thread 7: acquired lock on worker lease
2026-08-21T16:48:36.718-0300 [DEBUG] [org.gradle.internal.resources.AbstractTrackedResourceLock] Execution worker Thread 7: released lock on worker lease
2026-08-21T16:48:36.718-0300 [DEBUG] [org.gradle.internal.resources.AbstractTrackedResourceLock] Execution worker Thread 6: acquired lock on worker lease
2026-08-21T16:48:36.718-0300 [DEBUG] [org.gradle.internal.resources.AbstractTrackedResourceLock] Execution worker Thread 6: released lock on worker lease
2026-08-21T16:48:36.718-0300 [DEBUG] [org.gradle.internal.resources.AbstractTrackedResourceLock] Execution worker Thread 5: acquired lock on worker lease
2026-08-21T16:48:36.718-0300 [DEBUG] [org.gradle.internal.resources.AbstractTrackedResourceLock] Execution worker Thread 5: released lock on worker lease
2026-08-21T16:48:36.718-0300 [DEBUG] [org.gradle.internal.resources.AbstractTrackedResourceLock] Execution worker Thread 4: acquired lock on worker lease
2026-08-21T16:48:36.718-0300 [DEBUG] [org.gradle.internal.resources.AbstractTrackedResourceLock] Execution worker Thread 4: released lock on worker lease
2026-08-21T16:48:36.718-0300 [DEBUG] [org.gradle.internal.resources.AbstractTrackedResourceLock] Execution worker Thread 3: acquired lock on worker lease
2026-08-21T16:48:36.718-0300 [DEBUG] [org.gradle.internal.resources.AbstractTrackedResourceLock] Execution worker Thread 3: released lock on worker lease
2026-08-21T16:48:36.718-0300 [DEBUG] [org.gradle.execution.plan.DefaultFinalizedExecutionPlan] Node Resolve mutations for :testClasses completed, executed: true
2026-08-21T16:48:36.718-0300 [DEBUG] [org.gradle.execution.plan.DefaultFinalizedExecutionPlan] Node Resolve mutations for :testClasses finished executing
2026-08-21T16:48:36.718-0300 [DEBUG] [org.gradle.internal.resources.AbstractTrackedResourceLock] Execution worker Thread 2: released lock on state of build :
2026-08-21T16:48:36.718-0300 [DEBUG] [org.gradle.internal.resources.AbstractTrackedResourceLock] Execution worker Thread 2: released lock on task execution for build :
2026-08-21T16:48:36.718-0300 [DEBUG] [org.gradle.internal.resources.AbstractTrackedResourceLock] Execution worker Thread 2: acquired lock on state of build :
2026-08-21T16:48:36.718-0300 [DEBUG] [org.gradle.internal.resources.AbstractTrackedResourceLock] Execution worker Thread 2: acquired lock on task execution for build :
2026-08-21T16:48:36.718-0300 [INFO] [org.gradle.execution.plan.DefaultPlanExecutor] :testClasses (Thread[#638,Execution worker Thread 2,5,main]) started.
2026-08-21T16:48:36.718-0300 [DEBUG] [org.gradle.internal.resources.AbstractTrackedResourceLock] Execution worker: acquired lock on worker lease
2026-08-21T16:48:36.718-0300 [DEBUG] [org.gradle.internal.resources.AbstractTrackedResourceLock] Execution worker: released lock on worker lease
2026-08-21T16:48:36.718-0300 [DEBUG] [org.gradle.internal.operations.DefaultBuildOperationRunner] Build operation 'Task :testClasses' started
2026-08-21T16:48:36.718-0300 [DEBUG] [org.gradle.internal.resources.AbstractTrackedResourceLock] Execution worker Thread 3: acquired lock on worker lease
2026-08-21T16:48:36.718-0300 [DEBUG] [org.gradle.internal.resources.AbstractTrackedResourceLock] Execution worker Thread 3: released lock on worker lease
2026-08-21T16:48:36.718-0300 [DEBUG] [org.gradle.internal.resources.AbstractTrackedResourceLock] Execution worker Thread 4: acquired lock on worker lease
2026-08-21T16:48:36.718-0300 [DEBUG] [org.gradle.internal.resources.AbstractTrackedResourceLock] Execution worker Thread 4: released lock on worker lease
2026-08-21T16:48:36.718-0300 [LIFECYCLE] [class org.gradle.internal.buildevents.TaskExecutionLogger] 
2026-08-21T16:48:36.718-0300 [LIFECYCLE] [class org.gradle.internal.buildevents.TaskExecutionLogger] > Task :testClasses UP-TO-DATE
2026-08-21T16:48:36.718-0300 [INFO] [org.gradle.api.internal.tasks.execution.SkipTaskWithNoActionsExecuter] Skipping task ':testClasses' as it has no actions.
2026-08-21T16:48:36.718-0300 [DEBUG] [org.gradle.internal.operations.DefaultBuildOperationRunner] Completing Build operation 'Task :testClasses'
2026-08-21T16:48:36.718-0300 [DEBUG] [org.gradle.internal.operations.DefaultBuildOperationRunner] Build operation 'Task :testClasses' completed
2026-08-21T16:48:36.718-0300 [DEBUG] [org.gradle.internal.resources.AbstractTrackedResourceLock] Execution worker Thread 5: acquired lock on worker lease
2026-08-21T16:48:36.718-0300 [DEBUG] [org.gradle.internal.resources.AbstractTrackedResourceLock] Execution worker Thread 5: released lock on worker lease
2026-08-21T16:48:36.718-0300 [DEBUG] [org.gradle.internal.resources.AbstractTrackedResourceLock] Execution worker Thread 6: acquired lock on worker lease
2026-08-21T16:48:36.718-0300 [DEBUG] [org.gradle.internal.resources.AbstractTrackedResourceLock] Execution worker Thread 6: released lock on worker lease
2026-08-21T16:48:36.718-0300 [DEBUG] [org.gradle.internal.resources.AbstractTrackedResourceLock] Execution worker Thread 7: acquired lock on worker lease
2026-08-21T16:48:36.718-0300 [DEBUG] [org.gradle.internal.resources.AbstractTrackedResourceLock] Execution worker Thread 7: released lock on worker lease
2026-08-21T16:48:36.718-0300 [DEBUG] [org.gradle.internal.resources.AbstractTrackedResourceLock] Execution worker Thread 8: acquired lock on worker lease
2026-08-21T16:48:36.718-0300 [DEBUG] [org.gradle.internal.resources.AbstractTrackedResourceLock] Execution worker Thread 8: released lock on worker lease
2026-08-21T16:48:36.718-0300 [DEBUG] [org.gradle.internal.resources.AbstractTrackedResourceLock] Execution worker Thread 9: acquired lock on worker lease
2026-08-21T16:48:36.718-0300 [DEBUG] [org.gradle.internal.resources.AbstractTrackedResourceLock] Execution worker Thread 9: released lock on worker lease
2026-08-21T16:48:36.718-0300 [DEBUG] [org.gradle.internal.resources.AbstractTrackedResourceLock] Execution worker Thread 10: acquired lock on worker lease
2026-08-21T16:48:36.718-0300 [DEBUG] [org.gradle.internal.resources.AbstractTrackedResourceLock] Execution worker Thread 10: released lock on worker lease
2026-08-21T16:48:36.718-0300 [DEBUG] [org.gradle.internal.resources.AbstractTrackedResourceLock] included builds: acquired lock on worker lease
2026-08-21T16:48:36.718-0300 [DEBUG] [org.gradle.internal.resources.AbstractTrackedResourceLock] included builds: released lock on worker lease
2026-08-21T16:48:36.718-0300 [DEBUG] [org.gradle.internal.resources.AbstractTrackedResourceLock] Execution worker Thread 11: acquired lock on worker lease
2026-08-21T16:48:36.719-0300 [DEBUG] [org.gradle.internal.resources.AbstractTrackedResourceLock] Execution worker Thread 11: released lock on worker lease
2026-08-21T16:48:36.719-0300 [DEBUG] [org.gradle.execution.plan.DefaultFinalizedExecutionPlan] Node :testClasses completed, executed: true
2026-08-21T16:48:36.719-0300 [DEBUG] [org.gradle.execution.plan.DefaultFinalizedExecutionPlan] Node :testClasses finished executing
2026-08-21T16:48:36.719-0300 [DEBUG] [org.gradle.internal.resources.AbstractTrackedResourceLock] Execution worker Thread 2: released lock on state of build :
2026-08-21T16:48:36.719-0300 [DEBUG] [org.gradle.internal.resources.AbstractTrackedResourceLock] Execution worker Thread 2: released lock on task execution for build :
2026-08-21T16:48:36.719-0300 [DEBUG] [org.gradle.internal.resources.AbstractTrackedResourceLock] Execution worker Thread 2: acquired lock on state of build :
2026-08-21T16:48:36.719-0300 [DEBUG] [org.gradle.internal.resources.AbstractTrackedResourceLock] Execution worker Thread 2: acquired lock on task execution for build :
2026-08-21T16:48:36.719-0300 [INFO] [org.gradle.execution.plan.DefaultPlanExecutor] Resolve mutations for :test (Thread[#638,Execution worker Thread 2,5,main]) started.
2026-08-21T16:48:36.719-0300 [DEBUG] [org.gradle.internal.operations.DefaultBuildOperationRunner] Build operation 'Resolve mutations for task :test' started
2026-08-21T16:48:36.719-0300 [DEBUG] [org.gradle.internal.resources.AbstractTrackedResourceLock] Execution worker: acquired lock on worker lease
2026-08-21T16:48:36.719-0300 [DEBUG] [org.gradle.internal.resources.AbstractTrackedResourceLock] Execution worker: released lock on worker lease
2026-08-21T16:48:36.719-0300 [DEBUG] [org.gradle.internal.resources.AbstractTrackedResourceLock] Execution worker Thread 11: acquired lock on worker lease
2026-08-21T16:48:36.719-0300 [DEBUG] [org.gradle.internal.resources.AbstractTrackedResourceLock] Execution worker Thread 11: released lock on worker lease
2026-08-21T16:48:36.719-0300 [DEBUG] [org.gradle.internal.resources.AbstractTrackedResourceLock] included builds: acquired lock on worker lease
2026-08-21T16:48:36.719-0300 [DEBUG] [org.gradle.internal.resources.AbstractTrackedResourceLock] included builds: released lock on worker lease
2026-08-21T16:48:36.719-0300 [DEBUG] [org.gradle.internal.resources.AbstractTrackedResourceLock] Execution worker Thread 10: acquired lock on worker lease
2026-08-21T16:48:36.719-0300 [DEBUG] [org.gradle.internal.resources.AbstractTrackedResourceLock] Execution worker Thread 10: released lock on worker lease
2026-08-21T16:48:36.719-0300 [DEBUG] [org.gradle.internal.resources.AbstractTrackedResourceLock] Execution worker Thread 9: acquired lock on worker lease
2026-08-21T16:48:36.719-0300 [DEBUG] [org.gradle.internal.resources.AbstractTrackedResourceLock] Execution worker Thread 9: released lock on worker lease
2026-08-21T16:48:36.719-0300 [DEBUG] [org.gradle.internal.resources.AbstractTrackedResourceLock] Execution worker Thread 8: acquired lock on worker lease
2026-08-21T16:48:36.719-0300 [DEBUG] [org.gradle.internal.operations.DefaultBuildOperationRunner] Completing Build operation 'Resolve mutations for task :test'
2026-08-21T16:48:36.719-0300 [DEBUG] [org.gradle.internal.operations.DefaultBuildOperationRunner] Build operation 'Resolve mutations for task :test' completed
2026-08-21T16:48:36.719-0300 [DEBUG] [org.gradle.internal.resources.AbstractTrackedResourceLock] Execution worker Thread 8: released lock on worker lease
2026-08-21T16:48:36.719-0300 [DEBUG] [org.gradle.internal.resources.AbstractTrackedResourceLock] Execution worker Thread 7: acquired lock on worker lease
2026-08-21T16:48:36.719-0300 [DEBUG] [org.gradle.internal.resources.AbstractTrackedResourceLock] Execution worker Thread 7: released lock on worker lease
2026-08-21T16:48:36.719-0300 [DEBUG] [org.gradle.internal.resources.AbstractTrackedResourceLock] Execution worker Thread 6: acquired lock on worker lease
2026-08-21T16:48:36.719-0300 [DEBUG] [org.gradle.internal.resources.AbstractTrackedResourceLock] Execution worker Thread 6: released lock on worker lease
2026-08-21T16:48:36.719-0300 [DEBUG] [org.gradle.internal.resources.AbstractTrackedResourceLock] Execution worker Thread 5: acquired lock on worker lease
2026-08-21T16:48:36.719-0300 [DEBUG] [org.gradle.internal.resources.AbstractTrackedResourceLock] Execution worker Thread 5: released lock on worker lease
2026-08-21T16:48:36.719-0300 [DEBUG] [org.gradle.internal.resources.AbstractTrackedResourceLock] Execution worker Thread 4: acquired lock on worker lease
2026-08-21T16:48:36.719-0300 [DEBUG] [org.gradle.internal.resources.AbstractTrackedResourceLock] Execution worker Thread 4: released lock on worker lease
2026-08-21T16:48:36.719-0300 [DEBUG] [org.gradle.internal.resources.AbstractTrackedResourceLock] Execution worker Thread 3: acquired lock on worker lease
2026-08-21T16:48:36.719-0300 [DEBUG] [org.gradle.internal.resources.AbstractTrackedResourceLock] Execution worker Thread 3: released lock on worker lease
2026-08-21T16:48:36.719-0300 [DEBUG] [org.gradle.execution.plan.DefaultFinalizedExecutionPlan] Node Resolve mutations for :test completed, executed: true
2026-08-21T16:48:36.719-0300 [DEBUG] [org.gradle.execution.plan.DefaultFinalizedExecutionPlan] Node Resolve mutations for :test finished executing
2026-08-21T16:48:36.719-0300 [DEBUG] [org.gradle.internal.resources.AbstractTrackedResourceLock] Execution worker Thread 2: released lock on state of build :
2026-08-21T16:48:36.719-0300 [DEBUG] [org.gradle.internal.resources.AbstractTrackedResourceLock] Execution worker Thread 2: released lock on task execution for build :
2026-08-21T16:48:36.719-0300 [DEBUG] [org.gradle.internal.resources.AbstractTrackedResourceLock] Execution worker Thread 2: acquired lock on state of build :
2026-08-21T16:48:36.719-0300 [DEBUG] [org.gradle.internal.resources.AbstractTrackedResourceLock] Execution worker Thread 2: acquired lock on task execution for build :
2026-08-21T16:48:36.719-0300 [INFO] [org.gradle.execution.plan.DefaultPlanExecutor] :test (Thread[#638,Execution worker Thread 2,5,main]) started.
2026-08-21T16:48:36.719-0300 [DEBUG] [org.gradle.internal.resources.AbstractTrackedResourceLock] Execution worker: acquired lock on worker lease
2026-08-21T16:48:36.720-0300 [DEBUG] [org.gradle.internal.resources.AbstractTrackedResourceLock] Execution worker: released lock on worker lease
2026-08-21T16:48:36.720-0300 [DEBUG] [org.gradle.internal.operations.DefaultBuildOperationRunner] Build operation 'Task :test' started
2026-08-21T16:48:36.720-0300 [DEBUG] [org.gradle.internal.resources.AbstractTrackedResourceLock] Execution worker Thread 3: acquired lock on worker lease
2026-08-21T16:48:36.720-0300 [DEBUG] [org.gradle.internal.resources.AbstractTrackedResourceLock] Execution worker Thread 3: released lock on worker lease
2026-08-21T16:48:36.720-0300 [DEBUG] [org.gradle.internal.resources.AbstractTrackedResourceLock] Execution worker Thread 4: acquired lock on worker lease
2026-08-21T16:48:36.720-0300 [DEBUG] [org.gradle.internal.resources.AbstractTrackedResourceLock] Execution worker Thread 4: released lock on worker lease
2026-08-21T16:48:36.720-0300 [DEBUG] [org.gradle.internal.resources.AbstractTrackedResourceLock] Execution worker Thread 5: acquired lock on worker lease
2026-08-21T16:48:36.720-0300 [DEBUG] [org.gradle.internal.resources.AbstractTrackedResourceLock] Execution worker Thread 5: released lock on worker lease
2026-08-21T16:48:36.720-0300 [DEBUG] [org.gradle.internal.resources.AbstractTrackedResourceLock] Execution worker Thread 6: acquired lock on worker lease
2026-08-21T16:48:36.720-0300 [DEBUG] [org.gradle.internal.resources.AbstractTrackedResourceLock] Execution worker Thread 6: released lock on worker lease
2026-08-21T16:48:36.720-0300 [DEBUG] [org.gradle.internal.resources.AbstractTrackedResourceLock] Execution worker Thread 7: acquired lock on worker lease
2026-08-21T16:48:36.720-0300 [DEBUG] [org.gradle.internal.resources.AbstractTrackedResourceLock] Execution worker Thread 7: released lock on worker lease
2026-08-21T16:48:36.720-0300 [DEBUG] [org.gradle.internal.operations.DefaultBuildOperationRunner] Build operation 'Snapshot task inputs for :test' started
2026-08-21T16:48:36.720-0300 [DEBUG] [org.gradle.internal.resources.AbstractTrackedResourceLock] Execution worker Thread 8: acquired lock on worker lease
2026-08-21T16:48:36.720-0300 [DEBUG] [org.gradle.internal.resources.AbstractTrackedResourceLock] Execution worker Thread 8: released lock on worker lease
2026-08-21T16:48:36.720-0300 [DEBUG] [org.gradle.internal.resources.AbstractTrackedResourceLock] Execution worker Thread 9: acquired lock on worker lease
2026-08-21T16:48:36.720-0300 [DEBUG] [org.gradle.internal.resources.AbstractTrackedResourceLock] Execution worker Thread 9: released lock on worker lease
2026-08-21T16:48:36.720-0300 [DEBUG] [org.gradle.internal.resources.AbstractTrackedResourceLock] Execution worker Thread 10: acquired lock on worker lease
2026-08-21T16:48:36.720-0300 [DEBUG] [org.gradle.internal.resources.AbstractTrackedResourceLock] Execution worker Thread 10: released lock on worker lease
2026-08-21T16:48:36.720-0300 [DEBUG] [org.gradle.internal.operations.DefaultBuildOperationRunner] Build operation 'Snapshot inputs and outputs before executing task ':test'' started
2026-08-21T16:48:36.720-0300 [DEBUG] [org.gradle.internal.resources.AbstractTrackedResourceLock] included builds: acquired lock on worker lease
2026-08-21T16:48:36.720-0300 [DEBUG] [org.gradle.internal.resources.AbstractTrackedResourceLock] included builds: released lock on worker lease
2026-08-21T16:48:36.720-0300 [DEBUG] [org.gradle.internal.resources.AbstractTrackedResourceLock] Execution worker Thread 11: acquired lock on worker lease
2026-08-21T16:48:36.720-0300 [DEBUG] [org.gradle.internal.resources.AbstractTrackedResourceLock] Execution worker Thread 11: released lock on worker lease
2026-08-21T16:48:36.721-0300 [DEBUG] [org.gradle.internal.operations.DefaultBuildOperationRunner] Build operation 'Resolve dependencies of :testRuntimeClasspath' started
2026-08-21T16:48:36.746-0300 [DEBUG] [org.gradle.internal.operations.DefaultBuildOperationRunner] Completing Build operation 'Resolve dependencies of :testRuntimeClasspath'
2026-08-21T16:48:36.749-0300 [DEBUG] [org.gradle.internal.operations.DefaultBuildOperationRunner] Build operation 'Resolve files of configuration ':testRuntimeClasspath'' started
2026-08-21T16:48:36.749-0300 [DEBUG] [org.gradle.internal.operations.DefaultBuildOperationRunner] Build operation 'Resolve postgresql-42.7.11.jar (org.postgresql:postgresql:42.7.11)' started
2026-08-21T16:48:36.749-0300 [DEBUG] [org.gradle.internal.operations.DefaultBuildOperationRunner] Build operation 'Resolve junit-jupiter-engine-6.0.3.jar (org.junit.jupiter:junit-jupiter-engine:6.0.3)' started
2026-08-21T16:48:36.749-0300 [DEBUG] [org.gradle.internal.operations.DefaultBuildOperationRunner] Build operation 'Resolve junit-platform-engine-6.0.3.jar (org.junit.platform:junit-platform-engine:6.0.3)' started
2026-08-21T16:48:36.749-0300 [DEBUG] [org.gradle.internal.operations.DefaultBuildOperationRunner] Completing Build operation 'Resolve postgresql-42.7.11.jar (org.postgresql:postgresql:42.7.11)'
2026-08-21T16:48:36.750-0300 [DEBUG] [org.gradle.internal.operations.DefaultBuildOperationRunner] Build operation 'Resolve junit-platform-launcher-6.0.3.jar (org.junit.platform:junit-platform-launcher:6.0.3)' started
2026-08-21T16:48:36.750-0300 [DEBUG] [org.gradle.internal.operations.DefaultBuildOperationRunner] Completing Build operation 'Resolve junit-platform-launcher-6.0.3.jar (org.junit.platform:junit-platform-launcher:6.0.3)'
2026-08-21T16:48:36.750-0300 [DEBUG] [org.gradle.internal.operations.DefaultBuildOperationRunner] Build operation 'Resolve jaxb-core-4.0.9.jar (org.glassfish.jaxb:jaxb-core:4.0.9)' started
2026-08-21T16:48:36.750-0300 [DEBUG] [org.gradle.internal.operations.DefaultBuildOperationRunner] Completing Build operation 'Resolve junit-platform-engine-6.0.3.jar (org.junit.platform:junit-platform-engine:6.0.3)'
2026-08-21T16:48:36.750-0300 [DEBUG] [org.gradle.internal.operations.DefaultBuildOperationRunner] Build operation 'Resolve spring-boot-netty-4.1.0.jar (org.springframework.boot:spring-boot-netty:4.1.0)' started
2026-08-21T16:48:36.750-0300 [DEBUG] [org.gradle.internal.operations.DefaultBuildOperationRunner] Completing Build operation 'Resolve junit-jupiter-engine-6.0.3.jar (org.junit.jupiter:junit-jupiter-engine:6.0.3)'
2026-08-21T16:48:36.750-0300 [DEBUG] [org.gradle.internal.operations.DefaultBuildOperationRunner] Build operation 'Resolve angus-activation-2.0.3.jar (org.eclipse.angus:angus-activation:2.0.3)' started
2026-08-21T16:48:36.750-0300 [DEBUG] [org.gradle.internal.operations.DefaultBuildOperationRunner] Completing Build operation 'Resolve spring-boot-netty-4.1.0.jar (org.springframework.boot:spring-boot-netty:4.1.0)'
2026-08-21T16:48:36.750-0300 [DEBUG] [org.gradle.internal.operations.DefaultBuildOperationRunner] Build operation 'Resolve objenesis-3.3.jar (org.objenesis:objenesis:3.3)' started
2026-08-21T16:48:36.750-0300 [DEBUG] [org.gradle.internal.operations.DefaultBuildOperationRunner] Completing Build operation 'Resolve jaxb-core-4.0.9.jar (org.glassfish.jaxb:jaxb-core:4.0.9)'
2026-08-21T16:48:36.750-0300 [DEBUG] [org.gradle.internal.operations.DefaultBuildOperationRunner] Build operation 'Resolve hibernate-models-1.1.1.jar (org.hibernate.models:hibernate-models:1.1.1)' started
2026-08-21T16:48:36.750-0300 [DEBUG] [org.gradle.internal.operations.DefaultBuildOperationRunner] Build operation 'Resolve jaxb-runtime-4.0.9.jar (org.glassfish.jaxb:jaxb-runtime:4.0.9)' started
2026-08-21T16:48:36.750-0300 [DEBUG] [org.gradle.internal.operations.DefaultBuildOperationRunner] Build operation 'Resolve jakarta.inject-api-2.0.1.jar (jakarta.inject:jakarta.inject-api:2.0.1)' started
2026-08-21T16:48:36.750-0300 [DEBUG] [org.gradle.internal.operations.DefaultBuildOperationRunner] Build operation 'Resolve jboss-logging-3.6.3.Final.jar (org.jboss.logging:jboss-logging:3.6.3.Final)' started
2026-08-21T16:48:36.750-0300 [DEBUG] [org.gradle.internal.operations.DefaultBuildOperationRunner] Completing Build operation 'Resolve hibernate-models-1.1.1.jar (org.hibernate.models:hibernate-models:1.1.1)'
2026-08-21T16:48:36.750-0300 [DEBUG] [org.gradle.internal.operations.DefaultBuildOperationRunner] Build operation 'Resolve txw2-4.0.9.jar (org.glassfish.jaxb:txw2:4.0.9)' started
2026-08-21T16:48:36.750-0300 [DEBUG] [org.gradle.internal.operations.DefaultBuildOperationRunner] Completing Build operation 'Resolve objenesis-3.3.jar (org.objenesis:objenesis:3.3)'
2026-08-21T16:48:36.750-0300 [DEBUG] [org.gradle.internal.operations.DefaultBuildOperationRunner] Build operation 'Resolve istack-commons-runtime-4.1.2.jar (com.sun.istack:istack-commons-runtime:4.1.2)' started
2026-08-21T16:48:36.750-0300 [DEBUG] [org.gradle.internal.operations.DefaultBuildOperationRunner] Completing Build operation 'Resolve angus-activation-2.0.3.jar (org.eclipse.angus:angus-activation:2.0.3)'
2026-08-21T16:48:36.751-0300 [DEBUG] [org.gradle.internal.operations.DefaultBuildOperationRunner] Completing Build operation 'Resolve istack-commons-runtime-4.1.2.jar (com.sun.istack:istack-commons-runtime:4.1.2)'
2026-08-21T16:48:36.751-0300 [DEBUG] [org.gradle.internal.operations.DefaultBuildOperationRunner] Completing Build operation 'Resolve txw2-4.0.9.jar (org.glassfish.jaxb:txw2:4.0.9)'
2026-08-21T16:48:36.751-0300 [DEBUG] [org.gradle.internal.operations.DefaultBuildOperationRunner] Completing Build operation 'Resolve jboss-logging-3.6.3.Final.jar (org.jboss.logging:jboss-logging:3.6.3.Final)'
2026-08-21T16:48:36.751-0300 [DEBUG] [org.gradle.internal.operations.DefaultBuildOperationRunner] Completing Build operation 'Resolve jakarta.inject-api-2.0.1.jar (jakarta.inject:jakarta.inject-api:2.0.1)'
2026-08-21T16:48:36.751-0300 [DEBUG] [org.gradle.internal.operations.DefaultBuildOperationRunner] Completing Build operation 'Resolve jaxb-runtime-4.0.9.jar (org.glassfish.jaxb:jaxb-runtime:4.0.9)'
2026-08-21T16:48:36.751-0300 [DEBUG] [org.gradle.internal.resources.AbstractTrackedResourceLock] Execution worker Thread 11: acquired lock on worker lease
2026-08-21T16:48:36.751-0300 [DEBUG] [org.gradle.internal.resources.AbstractTrackedResourceLock] Execution worker Thread 11: released lock on worker lease
2026-08-21T16:48:36.751-0300 [DEBUG] [org.gradle.internal.resources.AbstractTrackedResourceLock] included builds: acquired lock on worker lease
2026-08-21T16:48:36.751-0300 [DEBUG] [org.gradle.internal.resources.AbstractTrackedResourceLock] included builds: released lock on worker lease
2026-08-21T16:48:36.751-0300 [DEBUG] [org.gradle.internal.resources.AbstractTrackedResourceLock] Execution worker Thread 10: acquired lock on worker lease
2026-08-21T16:48:36.751-0300 [DEBUG] [org.gradle.internal.resources.AbstractTrackedResourceLock] Execution worker Thread 10: released lock on worker lease
2026-08-21T16:48:36.751-0300 [DEBUG] [org.gradle.internal.resources.AbstractTrackedResourceLock] Execution worker Thread 9: acquired lock on worker lease
2026-08-21T16:48:36.751-0300 [DEBUG] [org.gradle.internal.resources.AbstractTrackedResourceLock] Execution worker Thread 9: released lock on worker lease
2026-08-21T16:48:36.751-0300 [DEBUG] [org.gradle.internal.resources.AbstractTrackedResourceLock] Execution worker Thread 8: acquired lock on worker lease
2026-08-21T16:48:36.751-0300 [DEBUG] [org.gradle.internal.resources.AbstractTrackedResourceLock] Execution worker Thread 8: released lock on worker lease
2026-08-21T16:48:36.751-0300 [DEBUG] [org.gradle.internal.resources.AbstractTrackedResourceLock] Execution worker Thread 7: acquired lock on worker lease
2026-08-21T16:48:36.751-0300 [DEBUG] [org.gradle.internal.resources.AbstractTrackedResourceLock] Execution worker Thread 7: released lock on worker lease
2026-08-21T16:48:36.751-0300 [DEBUG] [org.gradle.internal.resources.AbstractTrackedResourceLock] Execution worker Thread 6: acquired lock on worker lease
2026-08-21T16:48:36.752-0300 [DEBUG] [org.gradle.internal.resources.AbstractTrackedResourceLock] Execution worker Thread 6: released lock on worker lease
2026-08-21T16:48:36.752-0300 [DEBUG] [org.gradle.internal.resources.AbstractTrackedResourceLock] Execution worker Thread 5: acquired lock on worker lease
2026-08-21T16:48:36.752-0300 [DEBUG] [org.gradle.internal.resources.AbstractTrackedResourceLock] Execution worker Thread 5: released lock on worker lease
2026-08-21T16:48:36.752-0300 [DEBUG] [org.gradle.internal.resources.AbstractTrackedResourceLock] Execution worker Thread 4: acquired lock on worker lease
2026-08-21T16:48:36.752-0300 [DEBUG] [org.gradle.internal.resources.AbstractTrackedResourceLock] Execution worker Thread 4: released lock on worker lease
2026-08-21T16:48:36.752-0300 [DEBUG] [org.gradle.internal.resources.AbstractTrackedResourceLock] Execution worker Thread 3: acquired lock on worker lease
2026-08-21T16:48:36.752-0300 [DEBUG] [org.gradle.internal.resources.AbstractTrackedResourceLock] Execution worker Thread 3: released lock on worker lease
2026-08-21T16:48:36.752-0300 [DEBUG] [org.gradle.internal.resources.AbstractTrackedResourceLock] Execution worker: acquired lock on worker lease
2026-08-21T16:48:36.752-0300 [DEBUG] [org.gradle.internal.resources.AbstractTrackedResourceLock] Execution worker: released lock on worker lease
2026-08-21T16:48:36.752-0300 [DEBUG] [org.gradle.internal.resources.AbstractTrackedResourceLock] Execution worker: acquired lock on worker lease
2026-08-21T16:48:36.752-0300 [DEBUG] [org.gradle.internal.resources.AbstractTrackedResourceLock] Execution worker: released lock on worker lease
2026-08-21T16:48:36.752-0300 [DEBUG] [org.gradle.internal.resources.AbstractTrackedResourceLock] Execution worker Thread 3: acquired lock on worker lease
2026-08-21T16:48:36.752-0300 [DEBUG] [org.gradle.internal.resources.AbstractTrackedResourceLock] Execution worker Thread 3: released lock on worker lease
2026-08-21T16:48:36.752-0300 [DEBUG] [org.gradle.internal.resources.AbstractTrackedResourceLock] Execution worker Thread 4: acquired lock on worker lease
2026-08-21T16:48:36.752-0300 [DEBUG] [org.gradle.internal.resources.AbstractTrackedResourceLock] Execution worker Thread 4: released lock on worker lease
2026-08-21T16:48:36.752-0300 [DEBUG] [org.gradle.internal.resources.AbstractTrackedResourceLock] Execution worker Thread 5: acquired lock on worker lease
2026-08-21T16:48:36.752-0300 [DEBUG] [org.gradle.internal.resources.AbstractTrackedResourceLock] Execution worker Thread 5: released lock on worker lease
2026-08-21T16:48:36.752-0300 [DEBUG] [org.gradle.internal.resources.AbstractTrackedResourceLock] Execution worker Thread 6: acquired lock on worker lease
2026-08-21T16:48:36.752-0300 [DEBUG] [org.gradle.internal.resources.AbstractTrackedResourceLock] Execution worker Thread 6: released lock on worker lease
2026-08-21T16:48:36.752-0300 [DEBUG] [org.gradle.internal.resources.AbstractTrackedResourceLock] Execution worker Thread 7: acquired lock on worker lease
2026-08-21T16:48:36.752-0300 [DEBUG] [org.gradle.internal.resources.AbstractTrackedResourceLock] Execution worker Thread 7: released lock on worker lease
2026-08-21T16:48:36.752-0300 [DEBUG] [org.gradle.internal.resources.AbstractTrackedResourceLock] Execution worker Thread 8: acquired lock on worker lease
2026-08-21T16:48:36.752-0300 [DEBUG] [org.gradle.internal.resources.AbstractTrackedResourceLock] Execution worker Thread 8: released lock on worker lease
2026-08-21T16:48:36.752-0300 [DEBUG] [org.gradle.internal.resources.AbstractTrackedResourceLock] Execution worker Thread 9: acquired lock on worker lease
2026-08-21T16:48:36.752-0300 [DEBUG] [org.gradle.internal.resources.AbstractTrackedResourceLock] Execution worker Thread 9: released lock on worker lease
2026-08-21T16:48:36.752-0300 [DEBUG] [org.gradle.internal.resources.AbstractTrackedResourceLock] Execution worker Thread 10: acquired lock on worker lease
2026-08-21T16:48:36.752-0300 [DEBUG] [org.gradle.internal.resources.AbstractTrackedResourceLock] Execution worker Thread 10: released lock on worker lease
2026-08-21T16:48:36.752-0300 [DEBUG] [org.gradle.internal.resources.AbstractTrackedResourceLock] included builds: acquired lock on worker lease
2026-08-21T16:48:36.752-0300 [DEBUG] [org.gradle.internal.resources.AbstractTrackedResourceLock] included builds: released lock on worker lease
2026-08-21T16:48:36.752-0300 [DEBUG] [org.gradle.internal.resources.AbstractTrackedResourceLock] Execution worker Thread 11: acquired lock on worker lease
2026-08-21T16:48:36.752-0300 [DEBUG] [org.gradle.internal.resources.AbstractTrackedResourceLock] Execution worker Thread 11: released lock on worker lease
2026-08-21T16:48:36.753-0300 [DEBUG] [org.gradle.internal.operations.DefaultBuildOperationRunner] Completing Build operation 'Resolve files of configuration ':testRuntimeClasspath''
2026-08-21T16:48:36.753-0300 [DEBUG] [org.gradle.internal.operations.DefaultBuildOperationRunner] Completing Build operation 'Snapshot inputs and outputs before executing task ':test''
2026-08-21T16:48:36.754-0300 [DEBUG] [org.gradle.internal.operations.DefaultBuildOperationRunner] Completing Build operation 'Snapshot task inputs for :test'
2026-08-21T16:48:36.754-0300 [DEBUG] [org.gradle.internal.operations.DefaultBuildOperationRunner] Build operation 'Executing task ':test'' started
2026-08-21T16:48:36.754-0300 [DEBUG] [org.gradle.internal.operations.DefaultBuildOperationRunner] Build operation 'Execute executeTests for :test' started
2026-08-21T16:48:36.756-0300 [DEBUG] [org.gradle.internal.operations.DefaultBuildOperationRunner] Build operation 'Resolve files of configuration ':testRuntimeClasspath'' started
2026-08-21T16:48:36.756-0300 [DEBUG] [org.gradle.internal.operations.DefaultBuildOperationRunner] Completing Build operation 'Resolve files of configuration ':testRuntimeClasspath''
2026-08-21T16:48:36.758-0300 [DEBUG] [org.gradle.internal.resources.AbstractTrackedResourceLock] Execution worker: acquired lock on worker lease
2026-08-21T16:48:36.758-0300 [DEBUG] [org.gradle.internal.resources.AbstractTrackedResourceLock] Execution worker: released lock on worker lease
2026-08-21T16:48:36.758-0300 [DEBUG] [org.gradle.internal.resources.AbstractTrackedResourceLock] Execution worker Thread 11: acquired lock on worker lease
2026-08-21T16:48:36.758-0300 [DEBUG] [org.gradle.internal.resources.AbstractTrackedResourceLock] Execution worker Thread 11: released lock on worker lease
2026-08-21T16:48:36.758-0300 [DEBUG] [org.gradle.internal.resources.AbstractTrackedResourceLock] included builds: acquired lock on worker lease
2026-08-21T16:48:36.758-0300 [DEBUG] [org.gradle.internal.resources.AbstractTrackedResourceLock] included builds: released lock on worker lease
2026-08-21T16:48:36.758-0300 [DEBUG] [org.gradle.internal.resources.AbstractTrackedResourceLock] Execution worker Thread 10: acquired lock on worker lease
2026-08-21T16:48:36.758-0300 [DEBUG] [org.gradle.internal.resources.AbstractTrackedResourceLock] Execution worker Thread 10: released lock on worker lease
2026-08-21T16:48:36.758-0300 [DEBUG] [org.gradle.internal.resources.AbstractTrackedResourceLock] Execution worker Thread 9: acquired lock on worker lease
2026-08-21T16:48:36.758-0300 [DEBUG] [org.gradle.internal.resources.AbstractTrackedResourceLock] Execution worker Thread 9: released lock on worker lease
2026-08-21T16:48:36.758-0300 [DEBUG] [org.gradle.internal.resources.AbstractTrackedResourceLock] Execution worker Thread 8: acquired lock on worker lease
2026-08-21T16:48:36.758-0300 [DEBUG] [org.gradle.internal.resources.AbstractTrackedResourceLock] Execution worker Thread 8: released lock on worker lease
2026-08-21T16:48:36.758-0300 [DEBUG] [org.gradle.internal.resources.AbstractTrackedResourceLock] Execution worker Thread 7: acquired lock on worker lease
2026-08-21T16:48:36.758-0300 [DEBUG] [org.gradle.internal.resources.AbstractTrackedResourceLock] Execution worker Thread 7: released lock on worker lease
2026-08-21T16:48:36.758-0300 [DEBUG] [org.gradle.internal.resources.AbstractTrackedResourceLock] Execution worker Thread 6: acquired lock on worker lease
2026-08-21T16:48:36.758-0300 [DEBUG] [org.gradle.internal.resources.AbstractTrackedResourceLock] Execution worker Thread 6: released lock on worker lease
2026-08-21T16:48:36.758-0300 [DEBUG] [org.gradle.internal.resources.AbstractTrackedResourceLock] Execution worker Thread 5: acquired lock on worker lease
2026-08-21T16:48:36.758-0300 [DEBUG] [org.gradle.internal.resources.AbstractTrackedResourceLock] Execution worker Thread 5: released lock on worker lease
2026-08-21T16:48:36.758-0300 [DEBUG] [org.gradle.internal.resources.AbstractTrackedResourceLock] Execution worker Thread 4: acquired lock on worker lease
2026-08-21T16:48:36.758-0300 [DEBUG] [org.gradle.internal.resources.AbstractTrackedResourceLock] Execution worker Thread 4: released lock on worker lease
2026-08-21T16:48:36.758-0300 [DEBUG] [org.gradle.internal.resources.AbstractTrackedResourceLock] Execution worker Thread 3: acquired lock on worker lease
2026-08-21T16:48:36.758-0300 [DEBUG] [org.gradle.internal.resources.AbstractTrackedResourceLock] Execution worker Thread 3: released lock on worker lease
2026-08-21T16:48:37.024-0300 [DEBUG] [org.gradle.internal.remote.internal.inet.TcpIncomingConnector] Accepted connection from /127.0.0.1:50521 to /127.0.0.1:50519.
2026-08-21T16:48:37.024-0300 [DEBUG] [org.gradle.process.internal.worker.DefaultWorkerProcess] Received connection org.gradle.internal.remote.internal.hub.MessageHubBackedObjectConnection@68dc1efc from Gradle Test Executor 7
2026-08-21T16:48:37.032-0300 [DEBUG] [org.gradle.process.internal.worker.child.ActionExecutionWorker] Starting Gradle Test Executor 7.
2026-08-21T16:48:37.033-0300 [INFO] [org.gradle.api.internal.tasks.testing.worker.TestWorker] Gradle Test Executor 7 started executing tests.
2026-08-21T16:48:37.088-0300 [DEBUG] [org.gradle.api.internal.tasks.testing.junit.AbstractJUnitTestDefinitionProcessor] Executing test class 'com.starter.spring_bootstrap.SpringBootstrapApplicationTests'
2026-08-21T16:48:37.702-0300 [INFO] [org.gradle.api.internal.tasks.testing.worker.TestWorker] Gradle Test Executor 7 finished executing tests.
2026-08-21T16:48:37.702-0300 [DEBUG] [org.gradle.process.internal.worker.child.ActionExecutionWorker] Completed Gradle Test Executor 7.
2026-08-21T16:48:37.736-0300 [DEBUG] [org.gradle.process.internal.DefaultExecHandle] Changing state to: SUCCEEDED
2026-08-21T16:48:37.736-0300 [DEBUG] [org.gradle.process.internal.DefaultExecHandle] Process 'Gradle Test Executor 7' finished with exit value 0 (state: SUCCEEDED)
2026-08-21T16:48:37.737-0300 [DEBUG] [org.gradle.internal.resources.AbstractTrackedResourceLock] Execution worker: acquired lock on worker lease
2026-08-21T16:48:37.737-0300 [DEBUG] [org.gradle.internal.resources.AbstractTrackedResourceLock] Execution worker: released lock on worker lease
2026-08-21T16:48:37.737-0300 [DEBUG] [org.gradle.internal.resources.AbstractTrackedResourceLock] Execution worker Thread 3: acquired lock on worker lease
2026-08-21T16:48:37.737-0300 [DEBUG] [org.gradle.internal.resources.AbstractTrackedResourceLock] Execution worker Thread 3: released lock on worker lease
2026-08-21T16:48:37.737-0300 [DEBUG] [org.gradle.internal.resources.AbstractTrackedResourceLock] Execution worker Thread 4: acquired lock on worker lease
2026-08-21T16:48:37.737-0300 [DEBUG] [org.gradle.internal.resources.AbstractTrackedResourceLock] Execution worker Thread 4: released lock on worker lease
2026-08-21T16:48:37.737-0300 [DEBUG] [org.gradle.internal.resources.AbstractTrackedResourceLock] Execution worker Thread 5: acquired lock on worker lease
2026-08-21T16:48:37.737-0300 [DEBUG] [org.gradle.internal.resources.AbstractTrackedResourceLock] Execution worker Thread 5: released lock on worker lease
2026-08-21T16:48:37.737-0300 [DEBUG] [org.gradle.internal.resources.AbstractTrackedResourceLock] Execution worker Thread 6: acquired lock on worker lease
2026-08-21T16:48:37.737-0300 [DEBUG] [org.gradle.internal.resources.AbstractTrackedResourceLock] Execution worker Thread 6: released lock on worker lease
2026-08-21T16:48:37.737-0300 [DEBUG] [org.gradle.internal.resources.AbstractTrackedResourceLock] Execution worker Thread 7: acquired lock on worker lease
2026-08-21T16:48:37.737-0300 [DEBUG] [org.gradle.internal.resources.AbstractTrackedResourceLock] Execution worker Thread 7: released lock on worker lease
2026-08-21T16:48:37.737-0300 [DEBUG] [org.gradle.internal.resources.AbstractTrackedResourceLock] Execution worker Thread 8: acquired lock on worker lease
2026-08-21T16:48:37.737-0300 [DEBUG] [org.gradle.internal.resources.AbstractTrackedResourceLock] Execution worker Thread 8: released lock on worker lease
2026-08-21T16:48:37.737-0300 [DEBUG] [org.gradle.internal.resources.AbstractTrackedResourceLock] Execution worker Thread 9: acquired lock on worker lease
2026-08-21T16:48:37.737-0300 [DEBUG] [org.gradle.internal.resources.AbstractTrackedResourceLock] Execution worker Thread 9: released lock on worker lease
2026-08-21T16:48:37.737-0300 [DEBUG] [org.gradle.internal.resources.AbstractTrackedResourceLock] Execution worker Thread 10: acquired lock on worker lease
2026-08-21T16:48:37.737-0300 [DEBUG] [org.gradle.internal.resources.AbstractTrackedResourceLock] Execution worker Thread 10: released lock on worker lease
2026-08-21T16:48:37.737-0300 [DEBUG] [org.gradle.internal.resources.AbstractTrackedResourceLock] included builds: acquired lock on worker lease
2026-08-21T16:48:37.737-0300 [DEBUG] [org.gradle.internal.resources.AbstractTrackedResourceLock] included builds: released lock on worker lease
2026-08-21T16:48:37.737-0300 [DEBUG] [org.gradle.internal.resources.AbstractTrackedResourceLock] Execution worker Thread 11: acquired lock on worker lease
2026-08-21T16:48:37.737-0300 [DEBUG] [org.gradle.internal.resources.AbstractTrackedResourceLock] Execution worker Thread 11: released lock on worker lease
2026-08-21T16:48:37.738-0300 [DEBUG] [org.gradle.internal.operations.DefaultBuildOperationRunner] Build operation 'Delete old generic HTML results' started
2026-08-21T16:48:37.739-0300 [DEBUG] [org.gradle.internal.operations.DefaultBuildOperationRunner] Completing Build operation 'Delete old generic HTML results'
2026-08-21T16:48:37.739-0300 [DEBUG] [org.gradle.internal.operations.DefaultBuildOperationRunner] Build operation 'Generate generic HTML test report for :com.starter.spring_bootstrap.SpringBootstrapApplicationTests, :com.starter.spring_bootstrap.SpringBootstrapApplicationTests:contextLoads()' started
2026-08-21T16:48:37.739-0300 [DEBUG] [org.gradle.internal.operations.DefaultBuildOperationRunner] Build operation 'Generate generic HTML test report for :' started
2026-08-21T16:48:37.739-0300 [DEBUG] [org.gradle.internal.resources.AbstractTrackedResourceLock] Execution worker: acquired lock on worker lease
2026-08-21T16:48:37.739-0300 [DEBUG] [org.gradle.internal.resources.AbstractTrackedResourceLock] Execution worker: released lock on worker lease
2026-08-21T16:48:37.739-0300 [DEBUG] [org.gradle.internal.resources.AbstractTrackedResourceLock] Execution worker Thread 11: acquired lock on worker lease
2026-08-21T16:48:37.739-0300 [DEBUG] [org.gradle.internal.resources.AbstractTrackedResourceLock] Execution worker Thread 11: released lock on worker lease
2026-08-21T16:48:37.739-0300 [DEBUG] [org.gradle.internal.resources.AbstractTrackedResourceLock] included builds: acquired lock on worker lease
2026-08-21T16:48:37.739-0300 [DEBUG] [org.gradle.internal.resources.AbstractTrackedResourceLock] included builds: released lock on worker lease
2026-08-21T16:48:37.739-0300 [DEBUG] [org.gradle.internal.resources.AbstractTrackedResourceLock] Execution worker Thread 10: acquired lock on worker lease
2026-08-21T16:48:37.739-0300 [DEBUG] [org.gradle.internal.resources.AbstractTrackedResourceLock] Execution worker Thread 10: released lock on worker lease
2026-08-21T16:48:37.739-0300 [DEBUG] [org.gradle.internal.resources.AbstractTrackedResourceLock] Execution worker Thread 9: acquired lock on worker lease
2026-08-21T16:48:37.739-0300 [DEBUG] [org.gradle.internal.resources.AbstractTrackedResourceLock] Execution worker Thread 9: released lock on worker lease
2026-08-21T16:48:37.739-0300 [DEBUG] [org.gradle.internal.resources.AbstractTrackedResourceLock] Execution worker Thread 8: acquired lock on worker lease
2026-08-21T16:48:37.739-0300 [DEBUG] [org.gradle.internal.resources.AbstractTrackedResourceLock] Execution worker Thread 8: released lock on worker lease
2026-08-21T16:48:37.739-0300 [DEBUG] [org.gradle.internal.resources.AbstractTrackedResourceLock] Execution worker Thread 7: acquired lock on worker lease
2026-08-21T16:48:37.739-0300 [DEBUG] [org.gradle.internal.resources.AbstractTrackedResourceLock] Execution worker Thread 7: released lock on worker lease
2026-08-21T16:48:37.739-0300 [DEBUG] [org.gradle.internal.resources.AbstractTrackedResourceLock] Execution worker Thread 6: acquired lock on worker lease
2026-08-21T16:48:37.739-0300 [DEBUG] [org.gradle.internal.resources.AbstractTrackedResourceLock] Execution worker Thread 6: released lock on worker lease
2026-08-21T16:48:37.739-0300 [DEBUG] [org.gradle.internal.resources.AbstractTrackedResourceLock] Execution worker Thread 5: acquired lock on worker lease
2026-08-21T16:48:37.739-0300 [DEBUG] [org.gradle.internal.resources.AbstractTrackedResourceLock] Execution worker Thread 5: released lock on worker lease
2026-08-21T16:48:37.739-0300 [DEBUG] [org.gradle.internal.resources.AbstractTrackedResourceLock] Execution worker Thread 4: acquired lock on worker lease
2026-08-21T16:48:37.739-0300 [DEBUG] [org.gradle.internal.resources.AbstractTrackedResourceLock] Execution worker Thread 4: released lock on worker lease
2026-08-21T16:48:37.739-0300 [DEBUG] [org.gradle.internal.resources.AbstractTrackedResourceLock] Execution worker Thread 3: acquired lock on worker lease
2026-08-21T16:48:37.739-0300 [DEBUG] [org.gradle.internal.resources.AbstractTrackedResourceLock] Execution worker Thread 3: released lock on worker lease
2026-08-21T16:48:37.740-0300 [DEBUG] [org.gradle.internal.operations.DefaultBuildOperationRunner] Completing Build operation 'Generate generic HTML test report for :'
2026-08-21T16:48:37.741-0300 [DEBUG] [org.gradle.internal.operations.DefaultBuildOperationRunner] Completing Build operation 'Generate generic HTML test report for :com.starter.spring_bootstrap.SpringBootstrapApplicationTests, :com.starter.spring_bootstrap.SpringBootstrapApplicationTests:contextLoads()'
2026-08-21T16:48:37.741-0300 [DEBUG] [org.gradle.internal.operations.DefaultBuildOperationRunner] Build operation 'Delete old JUnit XML results' started
2026-08-21T16:48:37.742-0300 [DEBUG] [org.gradle.internal.operations.DefaultBuildOperationRunner] Completing Build operation 'Delete old JUnit XML results'
2026-08-21T16:48:37.742-0300 [DEBUG] [org.gradle.internal.operations.DefaultBuildOperationRunner] Build operation 'Generate junit XML test report for com.starter.spring_bootstrap.SpringBootstrapApplicationTests' started
2026-08-21T16:48:37.742-0300 [DEBUG] [org.gradle.internal.resources.AbstractTrackedResourceLock] Execution worker: acquired lock on worker lease
2026-08-21T16:48:37.742-0300 [DEBUG] [org.gradle.internal.resources.AbstractTrackedResourceLock] Execution worker: released lock on worker lease
2026-08-21T16:48:37.742-0300 [DEBUG] [org.gradle.internal.resources.AbstractTrackedResourceLock] Execution worker Thread 3: acquired lock on worker lease
2026-08-21T16:48:37.742-0300 [DEBUG] [org.gradle.internal.resources.AbstractTrackedResourceLock] Execution worker Thread 3: released lock on worker lease
2026-08-21T16:48:37.742-0300 [DEBUG] [org.gradle.internal.resources.AbstractTrackedResourceLock] Execution worker Thread 4: acquired lock on worker lease
2026-08-21T16:48:37.742-0300 [DEBUG] [org.gradle.internal.resources.AbstractTrackedResourceLock] Execution worker Thread 4: released lock on worker lease
2026-08-21T16:48:37.742-0300 [DEBUG] [org.gradle.internal.resources.AbstractTrackedResourceLock] Execution worker Thread 5: acquired lock on worker lease
2026-08-21T16:48:37.742-0300 [DEBUG] [org.gradle.internal.resources.AbstractTrackedResourceLock] Execution worker Thread 5: released lock on worker lease
2026-08-21T16:48:37.742-0300 [DEBUG] [org.gradle.internal.resources.AbstractTrackedResourceLock] Execution worker Thread 6: acquired lock on worker lease
2026-08-21T16:48:37.742-0300 [DEBUG] [org.gradle.internal.resources.AbstractTrackedResourceLock] Execution worker Thread 6: released lock on worker lease
2026-08-21T16:48:37.742-0300 [DEBUG] [org.gradle.internal.resources.AbstractTrackedResourceLock] Execution worker Thread 7: acquired lock on worker lease
2026-08-21T16:48:37.742-0300 [DEBUG] [org.gradle.internal.resources.AbstractTrackedResourceLock] Execution worker Thread 7: released lock on worker lease
2026-08-21T16:48:37.742-0300 [DEBUG] [org.gradle.internal.resources.AbstractTrackedResourceLock] Execution worker Thread 8: acquired lock on worker lease
2026-08-21T16:48:37.742-0300 [DEBUG] [org.gradle.internal.resources.AbstractTrackedResourceLock] Execution worker Thread 8: released lock on worker lease
2026-08-21T16:48:37.742-0300 [DEBUG] [org.gradle.internal.resources.AbstractTrackedResourceLock] Execution worker Thread 9: acquired lock on worker lease
2026-08-21T16:48:37.742-0300 [DEBUG] [org.gradle.internal.resources.AbstractTrackedResourceLock] Execution worker Thread 9: released lock on worker lease
2026-08-21T16:48:37.742-0300 [DEBUG] [org.gradle.internal.resources.AbstractTrackedResourceLock] Execution worker Thread 10: acquired lock on worker lease
2026-08-21T16:48:37.742-0300 [DEBUG] [org.gradle.internal.resources.AbstractTrackedResourceLock] Execution worker Thread 10: released lock on worker lease
2026-08-21T16:48:37.742-0300 [DEBUG] [org.gradle.internal.resources.AbstractTrackedResourceLock] included builds: acquired lock on worker lease
2026-08-21T16:48:37.742-0300 [DEBUG] [org.gradle.internal.resources.AbstractTrackedResourceLock] included builds: released lock on worker lease
2026-08-21T16:48:37.742-0300 [DEBUG] [org.gradle.internal.resources.AbstractTrackedResourceLock] Execution worker Thread 11: acquired lock on worker lease
2026-08-21T16:48:37.742-0300 [DEBUG] [org.gradle.internal.resources.AbstractTrackedResourceLock] Execution worker Thread 11: released lock on worker lease
2026-08-21T16:48:37.743-0300 [DEBUG] [org.gradle.internal.operations.DefaultBuildOperationRunner] Completing Build operation 'Generate junit XML test report for com.starter.spring_bootstrap.SpringBootstrapApplicationTests'
2026-08-21T16:48:37.743-0300 [DEBUG] [org.gradle.internal.operations.DefaultBuildOperationRunner] Completing Build operation 'Execute executeTests for :test'
2026-08-21T16:48:37.743-0300 [DEBUG] [org.gradle.internal.operations.DefaultBuildOperationRunner] Completing Build operation 'Executing task ':test''
2026-08-21T16:48:37.743-0300 [DEBUG] [org.gradle.internal.operations.DefaultBuildOperationRunner] Build operation 'Snapshot outputs after executing task ':test'' started
2026-08-21T16:48:37.743-0300 [DEBUG] [org.gradle.cache.internal.btree.BTreePersistentIndexedCache] Opening cache fileHashes.bin (/Users/claratorres1414/Desktop/spring-bootstrap/.gradle/9.5.1/fileHashes/fileHashes.bin)
2026-08-21T16:48:37.744-0300 [DEBUG] [org.gradle.internal.operations.DefaultBuildOperationRunner] Completing Build operation 'Snapshot outputs after executing task ':test''
2026-08-21T16:48:36.720-0300 [LIFECYCLE] [class org.gradle.internal.buildevents.TaskExecutionLogger] 
2026-08-21T16:48:36.720-0300 [LIFECYCLE] [class org.gradle.internal.buildevents.TaskExecutionLogger] > Task :test FAILED
2026-08-21T16:48:36.720-0300 [DEBUG] [org.gradle.api.internal.tasks.execution.ResolveTaskExecutionModeExecuter] Putting task artifact state for task ':test' into context took 0.0 secs.
2026-08-21T16:48:36.720-0300 [DEBUG] [org.gradle.internal.execution.steps.IdentifyStep] Implementation for task ':test': org.gradle.api.tasks.testing.Test_Decorated@bf23f43623a3fe6628558cf72ff750c2
2026-08-21T16:48:36.720-0300 [DEBUG] [org.gradle.internal.execution.steps.IdentifyStep] Additional implementations for task ':test': [org.gradle.api.tasks.testing.Test_Decorated@bf23f43623a3fe6628558cf72ff750c2]
2026-08-21T16:48:36.721-0300 [DEBUG] [io.spring.gradle.dependencymanagement.internal.ImplicitDependencyManagementCollector] Adding managed version in configuration 'testRuntimeClasspath' for dependency 'me.paulschwarz:spring-dotenv-bom:5.1.0'
2026-08-21T16:48:36.721-0300 [DEBUG] [io.spring.gradle.dependencymanagement.internal.ImplicitDependencyManagementCollector] Adding managed version in configuration 'testImplementation' for dependency 'me.paulschwarz:spring-dotenv-bom:5.1.0'
2026-08-21T16:48:36.721-0300 [DEBUG] [io.spring.gradle.dependencymanagement.internal.ImplicitDependencyManagementCollector] Adding managed version in configuration 'implementation' for dependency 'me.paulschwarz:spring-dotenv-bom:5.1.0'
2026-08-21T16:48:36.721-0300 [DEBUG] [org.gradle.api.internal.artifacts.ivyservice.modulecache.ResolvedArtifactCaches] Reusing in-memory cache for repo 'MavenRepo' [26c913274550a0b2221f47a0fe2d2358].
2026-08-21T16:48:36.721-0300 [DEBUG] [io.spring.gradle.dependencymanagement.internal.VersionConfiguringAction] Processing requested dependency 'org.springframework.boot:spring-boot-starter:' with target 'org.springframework.boot:spring-boot-starter:
2026-08-21T16:48:36.722-0300 [DEBUG] [io.spring.gradle.dependencymanagement.internal.DependencyManagementContainer] Found managed version '4.1.0' for dependency 'org.springframework.boot:spring-boot-starter' in global dependency management
2026-08-21T16:48:36.722-0300 [DEBUG] [io.spring.gradle.dependencymanagement.internal.VersionConfiguringAction] Using version '4.1.0' for dependency 'org.springframework.boot:spring-boot-starter:'
2026-08-21T16:48:36.722-0300 [DEBUG] [io.spring.gradle.dependencymanagement.internal.VersionConfiguringAction] Processing requested dependency 'org.springframework.boot:spring-boot-starter-web:' with target 'org.springframework.boot:spring-boot-starter-web:
2026-08-21T16:48:36.722-0300 [DEBUG] [io.spring.gradle.dependencymanagement.internal.DependencyManagementContainer] Found managed version '4.1.0' for dependency 'org.springframework.boot:spring-boot-starter-web' in global dependency management
2026-08-21T16:48:36.722-0300 [DEBUG] [io.spring.gradle.dependencymanagement.internal.VersionConfiguringAction] Using version '4.1.0' for dependency 'org.springframework.boot:spring-boot-starter-web:'
2026-08-21T16:48:36.722-0300 [DEBUG] [io.spring.gradle.dependencymanagement.internal.VersionConfiguringAction] Processing requested dependency 'org.springframework.boot:spring-boot-starter-data-jpa:' with target 'org.springframework.boot:spring-boot-starter-data-jpa:
2026-08-21T16:48:36.722-0300 [DEBUG] [io.spring.gradle.dependencymanagement.internal.DependencyManagementContainer] Found managed version '4.1.0' for dependency 'org.springframework.boot:spring-boot-starter-data-jpa' in global dependency management
2026-08-21T16:48:36.722-0300 [DEBUG] [io.spring.gradle.dependencymanagement.internal.VersionConfiguringAction] Using version '4.1.0' for dependency 'org.springframework.boot:spring-boot-starter-data-jpa:'
2026-08-21T16:48:36.722-0300 [DEBUG] [io.spring.gradle.dependencymanagement.internal.VersionConfiguringAction] Processing requested dependency 'org.flywaydb:flyway-core:' with target 'org.flywaydb:flyway-core:
2026-08-21T16:48:36.722-0300 [DEBUG] [io.spring.gradle.dependencymanagement.internal.DependencyManagementContainer] Found managed version '12.4.0' for dependency 'org.flywaydb:flyway-core' in global dependency management
2026-08-21T16:48:36.722-0300 [DEBUG] [io.spring.gradle.dependencymanagement.internal.VersionConfiguringAction] Using version '12.4.0' for dependency 'org.flywaydb:flyway-core:'
2026-08-21T16:48:36.722-0300 [DEBUG] [io.spring.gradle.dependencymanagement.internal.VersionConfiguringAction] Processing requested dependency 'org.springframework.boot:spring-boot-starter-data-redis:' with target 'org.springframework.boot:spring-boot-starter-data-redis:
2026-08-21T16:48:36.722-0300 [DEBUG] [io.spring.gradle.dependencymanagement.internal.DependencyManagementContainer] Found managed version '4.1.0' for dependency 'org.springframework.boot:spring-boot-starter-data-redis' in global dependency management
2026-08-21T16:48:36.722-0300 [DEBUG] [io.spring.gradle.dependencymanagement.internal.VersionConfiguringAction] Using version '4.1.0' for dependency 'org.springframework.boot:spring-boot-starter-data-redis:'
2026-08-21T16:48:36.722-0300 [DEBUG] [io.spring.gradle.dependencymanagement.internal.VersionConfiguringAction] Processing requested dependency 'me.paulschwarz:spring-dotenv-bom:5.1.0' with target 'me.paulschwarz:spring-dotenv-bom:5.1.0
2026-08-21T16:48:36.722-0300 [DEBUG] [io.spring.gradle.dependencymanagement.internal.DependencyManagementContainer] Found managed version '5.1.0' for dependency 'me.paulschwarz:spring-dotenv-bom' in dependency management for configuration 'testRuntimeClasspath'
2026-08-21T16:48:36.722-0300 [DEBUG] [io.spring.gradle.dependencymanagement.internal.VersionConfiguringAction] Using version '5.1.0' for dependency 'me.paulschwarz:spring-dotenv-bom:5.1.0'
2026-08-21T16:48:36.722-0300 [DEBUG] [io.spring.gradle.dependencymanagement.internal.VersionConfiguringAction] Processing requested dependency 'org.postgresql:postgresql:' with target 'org.postgresql:postgresql:
2026-08-21T16:48:36.722-0300 [DEBUG] [io.spring.gradle.dependencymanagement.internal.DependencyManagementContainer] Found managed version '42.7.11' for dependency 'org.postgresql:postgresql' in global dependency management
2026-08-21T16:48:36.722-0300 [DEBUG] [io.spring.gradle.dependencymanagement.internal.VersionConfiguringAction] Using version '42.7.11' for dependency 'org.postgresql:postgresql:'
2026-08-21T16:48:36.722-0300 [DEBUG] [io.spring.gradle.dependencymanagement.internal.VersionConfiguringAction] Processing requested dependency 'org.springframework.boot:spring-boot-starter-test:' with target 'org.springframework.boot:spring-boot-starter-test:
2026-08-21T16:48:36.722-0300 [DEBUG] [io.spring.gradle.dependencymanagement.internal.DependencyManagementContainer] Found managed version '4.1.0' for dependency 'org.springframework.boot:spring-boot-starter-test' in global dependency management
2026-08-21T16:48:36.722-0300 [DEBUG] [io.spring.gradle.dependencymanagement.internal.VersionConfiguringAction] Using version '4.1.0' for dependency 'org.springframework.boot:spring-boot-starter-test:'
2026-08-21T16:48:36.722-0300 [DEBUG] [io.spring.gradle.dependencymanagement.internal.VersionConfiguringAction] Processing requested dependency 'org.junit.platform:junit-platform-launcher:' with target 'org.junit.platform:junit-platform-launcher:
2026-08-21T16:48:36.722-0300 [DEBUG] [io.spring.gradle.dependencymanagement.internal.DependencyManagementContainer] Found managed version '6.0.3' for dependency 'org.junit.platform:junit-platform-launcher' in global dependency management
2026-08-21T16:48:36.722-0300 [DEBUG] [io.spring.gradle.dependencymanagement.internal.VersionConfiguringAction] Using version '6.0.3' for dependency 'org.junit.platform:junit-platform-launcher:'
2026-08-21T16:48:36.722-0300 [DEBUG] [org.gradle.api.internal.artifacts.ivyservice.ivyresolve.RepositoryChainComponentMetaDataResolver] Attempting to resolve component for org.springframework.boot:spring-boot-starter:4.1.0 using repositories [MavenRepo]
2026-08-21T16:48:36.722-0300 [DEBUG] [org.gradle.api.internal.artifacts.ivyservice.ivyresolve.CachingModuleComponentRepository] Using cached module metadata for module 'org.springframework.boot:spring-boot-starter:4.1.0' in 'MavenRepo'
2026-08-21T16:48:36.722-0300 [DEBUG] [org.gradle.api.internal.artifacts.ivyservice.ivyresolve.RepositoryChainComponentMetaDataResolver] Using org.springframework.boot:spring-boot-starter:4.1.0 from org.gradle.api.internal.artifacts.ivyservice.ivyresolve.FilteredModuleComponentRepository@6745bebc
2026-08-21T16:48:36.722-0300 [DEBUG] [org.gradle.internal.component.model.LoggingAttributeMatchingExplanationBuilder] Candidate {org.gradle.category=library, org.gradle.dependency.bundling=external, org.gradle.jvm.version=17, org.gradle.libraryelements=jar, org.gradle.status=release, org.gradle.usage=java-api} attribute org.gradle.usage value org.gradle.usage=java-api doesn't requested value java-runtime
2026-08-21T16:48:36.722-0300 [DEBUG] [org.gradle.internal.component.model.LoggingAttributeMatchingExplanationBuilder] Candidate {org.gradle.category=library, org.gradle.dependency.bundling=external, org.gradle.jvm.version=17, org.gradle.libraryelements=jar, org.gradle.status=release, org.gradle.usage=java-runtime} doesn't have attribute org.gradle.jvm.environment
2026-08-21T16:48:36.722-0300 [DEBUG] [org.gradle.internal.component.model.LoggingAttributeMatchingExplanationBuilder] Candidate {org.gradle.category=documentation, org.gradle.dependency.bundling=external, org.gradle.docstype=javadoc, org.gradle.status=release, org.gradle.usage=java-runtime} attribute org.gradle.category value org.gradle.category=documentation doesn't requested value library
2026-08-21T16:48:36.722-0300 [DEBUG] [org.gradle.internal.component.model.LoggingAttributeMatchingExplanationBuilder] Candidate {org.gradle.category=documentation, org.gradle.dependency.bundling=external, org.gradle.docstype=sources, org.gradle.status=release, org.gradle.usage=java-runtime} attribute org.gradle.category value org.gradle.category=documentation doesn't requested value library
2026-08-21T16:48:36.722-0300 [DEBUG] [org.gradle.api.internal.attributes.matching.DefaultAttributeMatcher] Selected matches [1] from candidates [{org.gradle.category=library, org.gradle.dependency.bundling=external, org.gradle.jvm.version=17, org.gradle.libraryelements=jar, org.gradle.status=release, org.gradle.usage=java-api}, {org.gradle.category=library, org.gradle.dependency.bundling=external, org.gradle.jvm.version=17, org.gradle.libraryelements=jar, org.gradle.status=release, org.gradle.usage=java-runtime}, {org.gradle.category=documentation, org.gradle.dependency.bundling=external, org.gradle.docstype=javadoc, org.gradle.status=release, org.gradle.usage=java-runtime}, {org.gradle.category=documentation, org.gradle.dependency.bundling=external, org.gradle.docstype=sources, org.gradle.status=release, org.gradle.usage=java-runtime}] for {org.gradle.category=library, org.gradle.dependency.bundling=external, org.gradle.jvm.environment=standard-jvm, org.gradle.jvm.version=21, org.gradle.libraryelements=jar, org.gradle.usage=java-runtime}
2026-08-21T16:48:36.722-0300 [DEBUG] [org.gradle.api.internal.artifacts.ivyservice.ivyresolve.RepositoryChainComponentMetaDataResolver] Attempting to resolve component for org.springframework.boot:spring-boot-starter-web:4.1.0 using repositories [MavenRepo]
2026-08-21T16:48:36.722-0300 [DEBUG] [org.gradle.api.internal.artifacts.ivyservice.ivyresolve.CachingModuleComponentRepository] Using cached module metadata for module 'org.springframework.boot:spring-boot-starter-web:4.1.0' in 'MavenRepo'
2026-08-21T16:48:36.722-0300 [DEBUG] [org.gradle.api.internal.artifacts.ivyservice.ivyresolve.RepositoryChainComponentMetaDataResolver] Using org.springframework.boot:spring-boot-starter-web:4.1.0 from org.gradle.api.internal.artifacts.ivyservice.ivyresolve.FilteredModuleComponentRepository@6745bebc
2026-08-21T16:48:36.722-0300 [DEBUG] [org.gradle.api.internal.artifacts.ivyservice.ivyresolve.RepositoryChainComponentMetaDataResolver] Attempting to resolve component for org.springframework.boot:spring-boot-starter-data-jpa:4.1.0 using repositories [MavenRepo]
2026-08-21T16:48:36.722-0300 [DEBUG] [org.gradle.api.internal.artifacts.ivyservice.ivyresolve.CachingModuleComponentRepository] Using cached module metadata for module 'org.springframework.boot:spring-boot-starter-data-jpa:4.1.0' in 'MavenRepo'
2026-08-21T16:48:36.722-0300 [DEBUG] [org.gradle.api.internal.artifacts.ivyservice.ivyresolve.RepositoryChainComponentMetaDataResolver] Using org.springframework.boot:spring-boot-starter-data-jpa:4.1.0 from org.gradle.api.internal.artifacts.ivyservice.ivyresolve.FilteredModuleComponentRepository@6745bebc
2026-08-21T16:48:36.722-0300 [DEBUG] [org.gradle.api.internal.artifacts.ivyservice.ivyresolve.RepositoryChainComponentMetaDataResolver] Attempting to resolve component for org.flywaydb:flyway-core:12.4.0 using repositories [MavenRepo]
2026-08-21T16:48:36.722-0300 [DEBUG] [org.gradle.api.internal.artifacts.ivyservice.ivyresolve.CachingModuleComponentRepository] Using cached module metadata for module 'org.flywaydb:flyway-core:12.4.0' in 'MavenRepo'
2026-08-21T16:48:36.722-0300 [DEBUG] [org.gradle.api.internal.artifacts.ivyservice.ivyresolve.RepositoryChainComponentMetaDataResolver] Using org.flywaydb:flyway-core:12.4.0 from org.gradle.api.internal.artifacts.ivyservice.ivyresolve.FilteredModuleComponentRepository@6745bebc
2026-08-21T16:48:36.722-0300 [DEBUG] [org.gradle.internal.component.model.LoggingAttributeMatchingExplanationBuilder] Candidate {org.gradle.category=library, org.gradle.libraryelements=jar, org.gradle.status=release, org.gradle.usage=java-api} attribute org.gradle.usage value org.gradle.usage=java-api doesn't requested value java-runtime
2026-08-21T16:48:36.723-0300 [DEBUG] [org.gradle.internal.component.model.LoggingAttributeMatchingExplanationBuilder] Candidate {org.gradle.category=library, org.gradle.libraryelements=jar, org.gradle.status=release, org.gradle.usage=java-runtime} doesn't have attribute org.gradle.dependency.bundling
2026-08-21T16:48:36.723-0300 [DEBUG] [org.gradle.internal.component.model.LoggingAttributeMatchingExplanationBuilder] Candidate {org.gradle.category=library, org.gradle.libraryelements=jar, org.gradle.status=release, org.gradle.usage=java-runtime} doesn't have attribute org.gradle.jvm.environment
2026-08-21T16:48:36.723-0300 [DEBUG] [org.gradle.internal.component.model.LoggingAttributeMatchingExplanationBuilder] Candidate {org.gradle.category=library, org.gradle.libraryelements=jar, org.gradle.status=release, org.gradle.usage=java-runtime} doesn't have attribute org.gradle.jvm.version
2026-08-21T16:48:36.723-0300 [DEBUG] [org.gradle.internal.component.model.LoggingAttributeMatchingExplanationBuilder] Candidate {org.gradle.category=documentation, org.gradle.dependency.bundling=external, org.gradle.docstype=sources, org.gradle.status=release, org.gradle.usage=java-runtime} attribute org.gradle.category value org.gradle.category=documentation doesn't requested value library
2026-08-21T16:48:36.723-0300 [DEBUG] [org.gradle.internal.component.model.LoggingAttributeMatchingExplanationBuilder] Candidate {org.gradle.category=documentation, org.gradle.dependency.bundling=external, org.gradle.docstype=javadoc, org.gradle.status=release, org.gradle.usage=java-runtime} attribute org.gradle.category value org.gradle.category=documentation doesn't requested value library
2026-08-21T16:48:36.723-0300 [DEBUG] [org.gradle.internal.component.model.LoggingAttributeMatchingExplanationBuilder] Candidate {org.gradle.category=platform, org.gradle.status=release, org.gradle.usage=java-api} attribute org.gradle.category value org.gradle.category=platform doesn't requested value library
2026-08-21T16:48:36.723-0300 [DEBUG] [org.gradle.internal.component.model.LoggingAttributeMatchingExplanationBuilder] Candidate {org.gradle.category=platform, org.gradle.status=release, org.gradle.usage=java-runtime} attribute org.gradle.category value org.gradle.category=platform doesn't requested value library
2026-08-21T16:48:36.723-0300 [DEBUG] [org.gradle.internal.component.model.LoggingAttributeMatchingExplanationBuilder] Candidate {org.gradle.category=enforced-platform, org.gradle.status=release, org.gradle.usage=java-api} attribute org.gradle.category value org.gradle.category=enforced-platform doesn't requested value library
2026-08-21T16:48:36.723-0300 [DEBUG] [org.gradle.internal.component.model.LoggingAttributeMatchingExplanationBuilder] Candidate {org.gradle.category=enforced-platform, org.gradle.status=release, org.gradle.usage=java-runtime} attribute org.gradle.category value org.gradle.category=enforced-platform doesn't requested value library
2026-08-21T16:48:36.723-0300 [DEBUG] [org.gradle.api.internal.attributes.matching.DefaultAttributeMatcher] Selected matches [1] from candidates [{org.gradle.category=library, org.gradle.libraryelements=jar, org.gradle.status=release, org.gradle.usage=java-api}, {org.gradle.category=library, org.gradle.libraryelements=jar, org.gradle.status=release, org.gradle.usage=java-runtime}, {org.gradle.category=documentation, org.gradle.dependency.bundling=external, org.gradle.docstype=sources, org.gradle.status=release, org.gradle.usage=java-runtime}, {org.gradle.category=documentation, org.gradle.dependency.bundling=external, org.gradle.docstype=javadoc, org.gradle.status=release, org.gradle.usage=java-runtime}, {org.gradle.category=platform, org.gradle.status=release, org.gradle.usage=java-api}, {org.gradle.category=platform, org.gradle.status=release, org.gradle.usage=java-runtime}, {org.gradle.category=enforced-platform, org.gradle.status=release, org.gradle.usage=java-api}, {org.gradle.category=enforced-platform, org.gradle.status=release, org.gradle.usage=java-runtime}] for {org.gradle.category=library, org.gradle.dependency.bundling=external, org.gradle.jvm.environment=standard-jvm, org.gradle.jvm.version=21, org.gradle.libraryelements=jar, org.gradle.usage=java-runtime}
2026-08-21T16:48:36.723-0300 [DEBUG] [org.gradle.api.internal.artifacts.ivyservice.ivyresolve.RepositoryChainComponentMetaDataResolver] Attempting to resolve component for org.springframework.boot:spring-boot-starter-data-redis:4.1.0 using repositories [MavenRepo]
2026-08-21T16:48:36.723-0300 [DEBUG] [org.gradle.api.internal.artifacts.ivyservice.ivyresolve.CachingModuleComponentRepository] Using cached module metadata for module 'org.springframework.boot:spring-boot-starter-data-redis:4.1.0' in 'MavenRepo'
2026-08-21T16:48:36.723-0300 [DEBUG] [org.gradle.api.internal.artifacts.ivyservice.ivyresolve.RepositoryChainComponentMetaDataResolver] Using org.springframework.boot:spring-boot-starter-data-redis:4.1.0 from org.gradle.api.internal.artifacts.ivyservice.ivyresolve.FilteredModuleComponentRepository@6745bebc
2026-08-21T16:48:36.723-0300 [DEBUG] [org.gradle.api.internal.artifacts.ivyservice.ivyresolve.RepositoryChainComponentMetaDataResolver] Attempting to resolve component for me.paulschwarz:spring-dotenv-bom:5.1.0 using repositories [MavenRepo]
2026-08-21T16:48:36.723-0300 [DEBUG] [org.gradle.api.internal.artifacts.ivyservice.ivyresolve.CachingModuleComponentRepository] Using cached module metadata for module 'me.paulschwarz:spring-dotenv-bom:5.1.0' in 'MavenRepo'
2026-08-21T16:48:36.723-0300 [DEBUG] [org.gradle.api.internal.artifacts.ivyservice.ivyresolve.RepositoryChainComponentMetaDataResolver] Using me.paulschwarz:spring-dotenv-bom:5.1.0 from org.gradle.api.internal.artifacts.ivyservice.ivyresolve.FilteredModuleComponentRepository@6745bebc
2026-08-21T16:48:36.723-0300 [DEBUG] [org.gradle.internal.component.model.LoggingAttributeMatchingExplanationBuilder] Candidate {org.gradle.category=platform, org.gradle.status=release, org.gradle.usage=java-api} attribute org.gradle.usage value org.gradle.usage=java-api doesn't requested value java-runtime
2026-08-21T16:48:36.723-0300 [DEBUG] [org.gradle.internal.component.model.LoggingAttributeMatchingExplanationBuilder] Candidate {org.gradle.category=platform, org.gradle.status=release, org.gradle.usage=java-runtime} doesn't have attribute org.gradle.libraryelements
2026-08-21T16:48:36.723-0300 [DEBUG] [org.gradle.internal.component.model.LoggingAttributeMatchingExplanationBuilder] Candidate {org.gradle.category=platform, org.gradle.status=release, org.gradle.usage=java-runtime} doesn't have attribute org.gradle.dependency.bundling
2026-08-21T16:48:36.723-0300 [DEBUG] [org.gradle.internal.component.model.LoggingAttributeMatchingExplanationBuilder] Candidate {org.gradle.category=platform, org.gradle.status=release, org.gradle.usage=java-runtime} doesn't have attribute org.gradle.jvm.environment
2026-08-21T16:48:36.723-0300 [DEBUG] [org.gradle.internal.component.model.LoggingAttributeMatchingExplanationBuilder] Candidate {org.gradle.category=platform, org.gradle.status=release, org.gradle.usage=java-runtime} doesn't have attribute org.gradle.jvm.version
2026-08-21T16:48:36.723-0300 [DEBUG] [org.gradle.internal.component.model.LoggingAttributeMatchingExplanationBuilder] Candidate {org.gradle.category=enforced-platform, org.gradle.status=release, org.gradle.usage=java-api} attribute org.gradle.category value org.gradle.category=enforced-platform doesn't requested value platform
2026-08-21T16:48:36.723-0300 [DEBUG] [org.gradle.internal.component.model.LoggingAttributeMatchingExplanationBuilder] Candidate {org.gradle.category=enforced-platform, org.gradle.status=release, org.gradle.usage=java-runtime} attribute org.gradle.category value org.gradle.category=enforced-platform doesn't requested value platform
2026-08-21T16:48:36.723-0300 [DEBUG] [org.gradle.api.internal.attributes.matching.DefaultAttributeMatcher] Selected matches [1] from candidates [{org.gradle.category=platform, org.gradle.status=release, org.gradle.usage=java-api}, {org.gradle.category=platform, org.gradle.status=release, org.gradle.usage=java-runtime}, {org.gradle.category=enforced-platform, org.gradle.status=release, org.gradle.usage=java-api}, {org.gradle.category=enforced-platform, org.gradle.status=release, org.gradle.usage=java-runtime}] for {org.gradle.category=platform, org.gradle.dependency.bundling=external, org.gradle.jvm.environment=standard-jvm, org.gradle.jvm.version=21, org.gradle.libraryelements=jar, org.gradle.usage=java-runtime}
2026-08-21T16:48:36.723-0300 [DEBUG] [io.spring.gradle.dependencymanagement.internal.VersionConfiguringAction] Processing requested dependency 'me.paulschwarz:spring-dotenv:5.1.0' with target 'me.paulschwarz:spring-dotenv:5.1.0
2026-08-21T16:48:36.723-0300 [DEBUG] [io.spring.gradle.dependencymanagement.internal.VersionConfiguringAction] No dependency management for dependency 'me.paulschwarz:spring-dotenv:5.1.0'
2026-08-21T16:48:36.723-0300 [DEBUG] [io.spring.gradle.dependencymanagement.internal.VersionConfiguringAction] Processing requested dependency 'me.paulschwarz:springboot3-dotenv:5.1.0' with target 'me.paulschwarz:springboot3-dotenv:5.1.0
2026-08-21T16:48:36.723-0300 [DEBUG] [io.spring.gradle.dependencymanagement.internal.VersionConfiguringAction] No dependency management for dependency 'me.paulschwarz:springboot3-dotenv:5.1.0'
2026-08-21T16:48:36.723-0300 [DEBUG] [io.spring.gradle.dependencymanagement.internal.VersionConfiguringAction] Processing requested dependency 'me.paulschwarz:springboot4-dotenv:5.1.0' with target 'me.paulschwarz:springboot4-dotenv:5.1.0
2026-08-21T16:48:36.723-0300 [DEBUG] [io.spring.gradle.dependencymanagement.internal.VersionConfiguringAction] No dependency management for dependency 'me.paulschwarz:springboot4-dotenv:5.1.0'
2026-08-21T16:48:36.723-0300 [DEBUG] [org.gradle.api.internal.artifacts.ivyservice.ivyresolve.RepositoryChainComponentMetaDataResolver] Attempting to resolve component for org.postgresql:postgresql:42.7.11 using repositories [MavenRepo]
2026-08-21T16:48:36.723-0300 [DEBUG] [org.gradle.api.internal.artifacts.ivyservice.ivyresolve.CachingModuleComponentRepository] Using cached module metadata for module 'org.postgresql:postgresql:42.7.11' in 'MavenRepo'
2026-08-21T16:48:36.723-0300 [DEBUG] [org.gradle.api.internal.artifacts.ivyservice.ivyresolve.RepositoryChainComponentMetaDataResolver] Using org.postgresql:postgresql:42.7.11 from org.gradle.api.internal.artifacts.ivyservice.ivyresolve.FilteredModuleComponentRepository@6745bebc
2026-08-21T16:48:36.723-0300 [DEBUG] [org.gradle.api.internal.artifacts.ivyservice.ivyresolve.RepositoryChainComponentMetaDataResolver] Attempting to resolve component for org.springframework.boot:spring-boot-starter-test:4.1.0 using repositories [MavenRepo]
2026-08-21T16:48:36.723-0300 [DEBUG] [org.gradle.api.internal.artifacts.ivyservice.ivyresolve.CachingModuleComponentRepository] Using cached module metadata for module 'org.springframework.boot:spring-boot-starter-test:4.1.0' in 'MavenRepo'
2026-08-21T16:48:36.723-0300 [DEBUG] [org.gradle.api.internal.artifacts.ivyservice.ivyresolve.RepositoryChainComponentMetaDataResolver] Using org.springframework.boot:spring-boot-starter-test:4.1.0 from org.gradle.api.internal.artifacts.ivyservice.ivyresolve.FilteredModuleComponentRepository@6745bebc
2026-08-21T16:48:36.723-0300 [DEBUG] [org.gradle.api.internal.artifacts.ivyservice.ivyresolve.RepositoryChainComponentMetaDataResolver] Attempting to resolve component for org.junit.platform:junit-platform-launcher:6.0.3 using repositories [MavenRepo]
2026-08-21T16:48:36.723-0300 [DEBUG] [org.gradle.api.internal.artifacts.ivyservice.ivyresolve.CachingModuleComponentRepository] Using cached module metadata for module 'org.junit.platform:junit-platform-launcher:6.0.3' in 'MavenRepo'
2026-08-21T16:48:36.723-0300 [DEBUG] [org.gradle.api.internal.artifacts.ivyservice.ivyresolve.RepositoryChainComponentMetaDataResolver] Using org.junit.platform:junit-platform-launcher:6.0.3 from org.gradle.api.internal.artifacts.ivyservice.ivyresolve.FilteredModuleComponentRepository@6745bebc
2026-08-21T16:48:36.723-0300 [DEBUG] [io.spring.gradle.dependencymanagement.internal.VersionConfiguringAction] Processing requested dependency 'org.springframework.boot:spring-boot-starter-logging:4.1.0' with target 'org.springframework.boot:spring-boot-starter-logging:4.1.0
2026-08-21T16:48:36.723-0300 [DEBUG] [io.spring.gradle.dependencymanagement.internal.DependencyManagementContainer] Found managed version '4.1.0' for dependency 'org.springframework.boot:spring-boot-starter-logging' in global dependency management
2026-08-21T16:48:36.723-0300 [DEBUG] [io.spring.gradle.dependencymanagement.internal.VersionConfiguringAction] Using version '4.1.0' for dependency 'org.springframework.boot:spring-boot-starter-logging:4.1.0'
2026-08-21T16:48:36.723-0300 [DEBUG] [io.spring.gradle.dependencymanagement.internal.VersionConfiguringAction] Processing requested dependency 'org.springframework.boot:spring-boot-autoconfigure:4.1.0' with target 'org.springframework.boot:spring-boot-autoconfigure:4.1.0
2026-08-21T16:48:36.723-0300 [DEBUG] [io.spring.gradle.dependencymanagement.internal.DependencyManagementContainer] Found managed version '4.1.0' for dependency 'org.springframework.boot:spring-boot-autoconfigure' in global dependency management
2026-08-21T16:48:36.723-0300 [DEBUG] [io.spring.gradle.dependencymanagement.internal.VersionConfiguringAction] Using version '4.1.0' for dependency 'org.springframework.boot:spring-boot-autoconfigure:4.1.0'
2026-08-21T16:48:36.723-0300 [DEBUG] [io.spring.gradle.dependencymanagement.internal.VersionConfiguringAction] Processing requested dependency 'jakarta.annotation:jakarta.annotation-api:3.0.0' with target 'jakarta.annotation:jakarta.annotation-api:3.0.0
2026-08-21T16:48:36.724-0300 [DEBUG] [io.spring.gradle.dependencymanagement.internal.DependencyManagementContainer] Found managed version '3.0.0' for dependency 'jakarta.annotation:jakarta.annotation-api' in global dependency management
2026-08-21T16:48:36.724-0300 [DEBUG] [io.spring.gradle.dependencymanagement.internal.VersionConfiguringAction] Using version '3.0.0' for dependency 'jakarta.annotation:jakarta.annotation-api:3.0.0'
2026-08-21T16:48:36.724-0300 [DEBUG] [io.spring.gradle.dependencymanagement.internal.VersionConfiguringAction] Processing requested dependency 'org.yaml:snakeyaml:2.6' with target 'org.yaml:snakeyaml:2.6
2026-08-21T16:48:36.724-0300 [DEBUG] [io.spring.gradle.dependencymanagement.internal.DependencyManagementContainer] Found managed version '2.6' for dependency 'org.yaml:snakeyaml' in global dependency management
2026-08-21T16:48:36.724-0300 [DEBUG] [io.spring.gradle.dependencymanagement.internal.VersionConfiguringAction] Using version '2.6' for dependency 'org.yaml:snakeyaml:2.6'
2026-08-21T16:48:36.724-0300 [DEBUG] [org.gradle.api.internal.artifacts.ivyservice.ivyresolve.RepositoryChainComponentMetaDataResolver] Attempting to resolve component for org.springframework.boot:spring-boot-starter-logging:4.1.0 using repositories [MavenRepo]
2026-08-21T16:48:36.724-0300 [DEBUG] [org.gradle.api.internal.artifacts.ivyservice.ivyresolve.CachingModuleComponentRepository] Using cached module metadata for module 'org.springframework.boot:spring-boot-starter-logging:4.1.0' in 'MavenRepo'
2026-08-21T16:48:36.724-0300 [DEBUG] [org.gradle.api.internal.artifacts.ivyservice.ivyresolve.RepositoryChainComponentMetaDataResolver] Using org.springframework.boot:spring-boot-starter-logging:4.1.0 from org.gradle.api.internal.artifacts.ivyservice.ivyresolve.FilteredModuleComponentRepository@6745bebc
2026-08-21T16:48:36.724-0300 [DEBUG] [org.gradle.api.internal.artifacts.ivyservice.ivyresolve.RepositoryChainComponentMetaDataResolver] Attempting to resolve component for org.springframework.boot:spring-boot-autoconfigure:4.1.0 using repositories [MavenRepo]
2026-08-21T16:48:36.724-0300 [DEBUG] [org.gradle.api.internal.artifacts.ivyservice.ivyresolve.CachingModuleComponentRepository] Using cached module metadata for module 'org.springframework.boot:spring-boot-autoconfigure:4.1.0' in 'MavenRepo'
2026-08-21T16:48:36.724-0300 [DEBUG] [org.gradle.api.internal.artifacts.ivyservice.ivyresolve.RepositoryChainComponentMetaDataResolver] Using org.springframework.boot:spring-boot-autoconfigure:4.1.0 from org.gradle.api.internal.artifacts.ivyservice.ivyresolve.FilteredModuleComponentRepository@6745bebc
2026-08-21T16:48:36.724-0300 [DEBUG] [org.gradle.api.internal.artifacts.ivyservice.ivyresolve.RepositoryChainComponentMetaDataResolver] Attempting to resolve component for jakarta.annotation:jakarta.annotation-api:3.0.0 using repositories [MavenRepo]
2026-08-21T16:48:36.724-0300 [DEBUG] [org.gradle.api.internal.artifacts.ivyservice.ivyresolve.CachingModuleComponentRepository] Using cached module metadata for module 'jakarta.annotation:jakarta.annotation-api:3.0.0' in 'MavenRepo'
2026-08-21T16:48:36.724-0300 [DEBUG] [org.gradle.api.internal.artifacts.ivyservice.ivyresolve.RepositoryChainComponentMetaDataResolver] Using jakarta.annotation:jakarta.annotation-api:3.0.0 from org.gradle.api.internal.artifacts.ivyservice.ivyresolve.FilteredModuleComponentRepository@6745bebc
2026-08-21T16:48:36.724-0300 [DEBUG] [org.gradle.api.internal.artifacts.ivyservice.ivyresolve.RepositoryChainComponentMetaDataResolver] Attempting to resolve component for org.yaml:snakeyaml:2.6 using repositories [MavenRepo]
2026-08-21T16:48:36.724-0300 [DEBUG] [org.gradle.api.internal.artifacts.ivyservice.ivyresolve.CachingModuleComponentRepository] Using cached module metadata for module 'org.yaml:snakeyaml:2.6' in 'MavenRepo'
2026-08-21T16:48:36.724-0300 [DEBUG] [org.gradle.api.internal.artifacts.ivyservice.ivyresolve.RepositoryChainComponentMetaDataResolver] Using org.yaml:snakeyaml:2.6 from org.gradle.api.internal.artifacts.ivyservice.ivyresolve.FilteredModuleComponentRepository@6745bebc
2026-08-21T16:48:36.724-0300 [DEBUG] [io.spring.gradle.dependencymanagement.internal.VersionConfiguringAction] Processing requested dependency 'org.springframework.boot:spring-boot-starter-jackson:4.1.0' with target 'org.springframework.boot:spring-boot-starter-jackson:4.1.0
2026-08-21T16:48:36.724-0300 [DEBUG] [io.spring.gradle.dependencymanagement.internal.DependencyManagementContainer] Found managed version '4.1.0' for dependency 'org.springframework.boot:spring-boot-starter-jackson' in global dependency management
2026-08-21T16:48:36.724-0300 [DEBUG] [io.spring.gradle.dependencymanagement.internal.VersionConfiguringAction] Using version '4.1.0' for dependency 'org.springframework.boot:spring-boot-starter-jackson:4.1.0'
2026-08-21T16:48:36.724-0300 [DEBUG] [io.spring.gradle.dependencymanagement.internal.VersionConfiguringAction] Processing requested dependency 'org.springframework.boot:spring-boot-starter-tomcat:4.1.0' with target 'org.springframework.boot:spring-boot-starter-tomcat:4.1.0
2026-08-21T16:48:36.724-0300 [DEBUG] [io.spring.gradle.dependencymanagement.internal.DependencyManagementContainer] Found managed version '4.1.0' for dependency 'org.springframework.boot:spring-boot-starter-tomcat' in global dependency management
2026-08-21T16:48:36.724-0300 [DEBUG] [io.spring.gradle.dependencymanagement.internal.VersionConfiguringAction] Using version '4.1.0' for dependency 'org.springframework.boot:spring-boot-starter-tomcat:4.1.0'
2026-08-21T16:48:36.724-0300 [DEBUG] [io.spring.gradle.dependencymanagement.internal.VersionConfiguringAction] Processing requested dependency 'org.springframework.boot:spring-boot-http-converter:4.1.0' with target 'org.springframework.boot:spring-boot-http-converter:4.1.0
2026-08-21T16:48:36.724-0300 [DEBUG] [io.spring.gradle.dependencymanagement.internal.DependencyManagementContainer] Found managed version '4.1.0' for dependency 'org.springframework.boot:spring-boot-http-converter' in global dependency management
2026-08-21T16:48:36.724-0300 [DEBUG] [io.spring.gradle.dependencymanagement.internal.VersionConfiguringAction] Using version '4.1.0' for dependency 'org.springframework.boot:spring-boot-http-converter:4.1.0'
2026-08-21T16:48:36.724-0300 [DEBUG] [io.spring.gradle.dependencymanagement.internal.VersionConfiguringAction] Processing requested dependency 'org.springframework.boot:spring-boot-webmvc:4.1.0' with target 'org.springframework.boot:spring-boot-webmvc:4.1.0
2026-08-21T16:48:36.724-0300 [DEBUG] [io.spring.gradle.dependencymanagement.internal.DependencyManagementContainer] Found managed version '4.1.0' for dependency 'org.springframework.boot:spring-boot-webmvc' in global dependency management
2026-08-21T16:48:36.724-0300 [DEBUG] [io.spring.gradle.dependencymanagement.internal.VersionConfiguringAction] Using version '4.1.0' for dependency 'org.springframework.boot:spring-boot-webmvc:4.1.0'
2026-08-21T16:48:36.724-0300 [DEBUG] [org.gradle.api.internal.artifacts.ivyservice.ivyresolve.RepositoryChainComponentMetaDataResolver] Attempting to resolve component for org.springframework.boot:spring-boot-starter-jackson:4.1.0 using repositories [MavenRepo]
2026-08-21T16:48:36.724-0300 [DEBUG] [org.gradle.api.internal.artifacts.ivyservice.ivyresolve.CachingModuleComponentRepository] Using cached module metadata for module 'org.springframework.boot:spring-boot-starter-jackson:4.1.0' in 'MavenRepo'
2026-08-21T16:48:36.724-0300 [DEBUG] [org.gradle.api.internal.artifacts.ivyservice.ivyresolve.RepositoryChainComponentMetaDataResolver] Using org.springframework.boot:spring-boot-starter-jackson:4.1.0 from org.gradle.api.internal.artifacts.ivyservice.ivyresolve.FilteredModuleComponentRepository@6745bebc
2026-08-21T16:48:36.724-0300 [DEBUG] [org.gradle.api.internal.artifacts.ivyservice.ivyresolve.RepositoryChainComponentMetaDataResolver] Attempting to resolve component for org.springframework.boot:spring-boot-starter-tomcat:4.1.0 using repositories [MavenRepo]
2026-08-21T16:48:36.724-0300 [DEBUG] [org.gradle.api.internal.artifacts.ivyservice.ivyresolve.CachingModuleComponentRepository] Using cached module metadata for module 'org.springframework.boot:spring-boot-starter-tomcat:4.1.0' in 'MavenRepo'
2026-08-21T16:48:36.724-0300 [DEBUG] [org.gradle.api.internal.artifacts.ivyservice.ivyresolve.RepositoryChainComponentMetaDataResolver] Using org.springframework.boot:spring-boot-starter-tomcat:4.1.0 from org.gradle.api.internal.artifacts.ivyservice.ivyresolve.FilteredModuleComponentRepository@6745bebc
2026-08-21T16:48:36.724-0300 [DEBUG] [org.gradle.api.internal.artifacts.ivyservice.ivyresolve.RepositoryChainComponentMetaDataResolver] Attempting to resolve component for org.springframework.boot:spring-boot-http-converter:4.1.0 using repositories [MavenRepo]
2026-08-21T16:48:36.724-0300 [DEBUG] [org.gradle.api.internal.artifacts.ivyservice.ivyresolve.CachingModuleComponentRepository] Using cached module metadata for module 'org.springframework.boot:spring-boot-http-converter:4.1.0' in 'MavenRepo'
2026-08-21T16:48:36.724-0300 [DEBUG] [org.gradle.api.internal.artifacts.ivyservice.ivyresolve.RepositoryChainComponentMetaDataResolver] Using org.springframework.boot:spring-boot-http-converter:4.1.0 from org.gradle.api.internal.artifacts.ivyservice.ivyresolve.FilteredModuleComponentRepository@6745bebc
2026-08-21T16:48:36.724-0300 [DEBUG] [org.gradle.api.internal.artifacts.ivyservice.ivyresolve.RepositoryChainComponentMetaDataResolver] Attempting to resolve component for org.springframework.boot:spring-boot-webmvc:4.1.0 using repositories [MavenRepo]
2026-08-21T16:48:36.724-0300 [DEBUG] [org.gradle.api.internal.artifacts.ivyservice.ivyresolve.CachingModuleComponentRepository] Using cached module metadata for module 'org.springframework.boot:spring-boot-webmvc:4.1.0' in 'MavenRepo'
2026-08-21T16:48:36.724-0300 [DEBUG] [org.gradle.api.internal.artifacts.ivyservice.ivyresolve.RepositoryChainComponentMetaDataResolver] Using org.springframework.boot:spring-boot-webmvc:4.1.0 from org.gradle.api.internal.artifacts.ivyservice.ivyresolve.FilteredModuleComponentRepository@6745bebc
2026-08-21T16:48:36.724-0300 [DEBUG] [io.spring.gradle.dependencymanagement.internal.VersionConfiguringAction] Processing requested dependency 'org.springframework.boot:spring-boot-starter:4.1.0' with target 'org.springframework.boot:spring-boot-starter:4.1.0
2026-08-21T16:48:36.724-0300 [DEBUG] [io.spring.gradle.dependencymanagement.internal.DependencyManagementContainer] Found managed version '4.1.0' for dependency 'org.springframework.boot:spring-boot-starter' in global dependency management
2026-08-21T16:48:36.724-0300 [DEBUG] [io.spring.gradle.dependencymanagement.internal.VersionConfiguringAction] Using version '4.1.0' for dependency 'org.springframework.boot:spring-boot-starter:4.1.0'
2026-08-21T16:48:36.724-0300 [DEBUG] [io.spring.gradle.dependencymanagement.internal.VersionConfiguringAction] Processing requested dependency 'org.springframework.boot:spring-boot-starter-jdbc:4.1.0' with target 'org.springframework.boot:spring-boot-starter-jdbc:4.1.0
2026-08-21T16:48:36.724-0300 [DEBUG] [io.spring.gradle.dependencymanagement.internal.DependencyManagementContainer] Found managed version '4.1.0' for dependency 'org.springframework.boot:spring-boot-starter-jdbc' in global dependency management
2026-08-21T16:48:36.724-0300 [DEBUG] [io.spring.gradle.dependencymanagement.internal.VersionConfiguringAction] Using version '4.1.0' for dependency 'org.springframework.boot:spring-boot-starter-jdbc:4.1.0'
2026-08-21T16:48:36.724-0300 [DEBUG] [io.spring.gradle.dependencymanagement.internal.VersionConfiguringAction] Processing requested dependency 'org.springframework.boot:spring-boot-data-jpa:4.1.0' with target 'org.springframework.boot:spring-boot-data-jpa:4.1.0
2026-08-21T16:48:36.724-0300 [DEBUG] [io.spring.gradle.dependencymanagement.internal.DependencyManagementContainer] Found managed version '4.1.0' for dependency 'org.springframework.boot:spring-boot-data-jpa' in global dependency management
2026-08-21T16:48:36.724-0300 [DEBUG] [io.spring.gradle.dependencymanagement.internal.VersionConfiguringAction] Using version '4.1.0' for dependency 'org.springframework.boot:spring-boot-data-jpa:4.1.0'
2026-08-21T16:48:36.724-0300 [DEBUG] [io.spring.gradle.dependencymanagement.internal.VersionConfiguringAction] Processing requested dependency 'org.springframework.boot:spring-boot-jdbc:4.1.0' with target 'org.springframework.boot:spring-boot-jdbc:4.1.0
2026-08-21T16:48:36.724-0300 [DEBUG] [io.spring.gradle.dependencymanagement.internal.DependencyManagementContainer] Found managed version '4.1.0' for dependency 'org.springframework.boot:spring-boot-jdbc' in global dependency management
2026-08-21T16:48:36.725-0300 [DEBUG] [io.spring.gradle.dependencymanagement.internal.VersionConfiguringAction] Using version '4.1.0' for dependency 'org.springframework.boot:spring-boot-jdbc:4.1.0'
2026-08-21T16:48:36.725-0300 [DEBUG] [org.gradle.api.internal.artifacts.ivyservice.ivyresolve.RepositoryChainComponentMetaDataResolver] Attempting to resolve component for org.springframework.boot:spring-boot-starter-jdbc:4.1.0 using repositories [MavenRepo]
2026-08-21T16:48:36.725-0300 [DEBUG] [org.gradle.api.internal.artifacts.ivyservice.ivyresolve.CachingModuleComponentRepository] Using cached module metadata for module 'org.springframework.boot:spring-boot-starter-jdbc:4.1.0' in 'MavenRepo'
2026-08-21T16:48:36.725-0300 [DEBUG] [org.gradle.api.internal.artifacts.ivyservice.ivyresolve.RepositoryChainComponentMetaDataResolver] Using org.springframework.boot:spring-boot-starter-jdbc:4.1.0 from org.gradle.api.internal.artifacts.ivyservice.ivyresolve.FilteredModuleComponentRepository@6745bebc
2026-08-21T16:48:36.725-0300 [DEBUG] [org.gradle.api.internal.artifacts.ivyservice.ivyresolve.RepositoryChainComponentMetaDataResolver] Attempting to resolve component for org.springframework.boot:spring-boot-data-jpa:4.1.0 using repositories [MavenRepo]
2026-08-21T16:48:36.725-0300 [DEBUG] [org.gradle.api.internal.artifacts.ivyservice.ivyresolve.CachingModuleComponentRepository] Using cached module metadata for module 'org.springframework.boot:spring-boot-data-jpa:4.1.0' in 'MavenRepo'
2026-08-21T16:48:36.725-0300 [DEBUG] [org.gradle.api.internal.artifacts.ivyservice.ivyresolve.RepositoryChainComponentMetaDataResolver] Using org.springframework.boot:spring-boot-data-jpa:4.1.0 from org.gradle.api.internal.artifacts.ivyservice.ivyresolve.FilteredModuleComponentRepository@6745bebc
2026-08-21T16:48:36.725-0300 [DEBUG] [org.gradle.api.internal.artifacts.ivyservice.ivyresolve.RepositoryChainComponentMetaDataResolver] Attempting to resolve component for org.springframework.boot:spring-boot-jdbc:4.1.0 using repositories [MavenRepo]
2026-08-21T16:48:36.725-0300 [DEBUG] [org.gradle.api.internal.artifacts.ivyservice.ivyresolve.CachingModuleComponentRepository] Using cached module metadata for module 'org.springframework.boot:spring-boot-jdbc:4.1.0' in 'MavenRepo'
2026-08-21T16:48:36.725-0300 [DEBUG] [org.gradle.api.internal.artifacts.ivyservice.ivyresolve.RepositoryChainComponentMetaDataResolver] Using org.springframework.boot:spring-boot-jdbc:4.1.0 from org.gradle.api.internal.artifacts.ivyservice.ivyresolve.FilteredModuleComponentRepository@6745bebc
2026-08-21T16:48:36.725-0300 [DEBUG] [io.spring.gradle.dependencymanagement.internal.VersionConfiguringAction] Processing requested dependency 'tools.jackson.core:jackson-databind:3.1.1' with target 'tools.jackson.core:jackson-databind:3.1.1
2026-08-21T16:48:36.725-0300 [DEBUG] [io.spring.gradle.dependencymanagement.internal.DependencyManagementContainer] Found managed version '3.1.4' for dependency 'tools.jackson.core:jackson-databind' in global dependency management
2026-08-21T16:48:36.725-0300 [DEBUG] [io.spring.gradle.dependencymanagement.internal.VersionConfiguringAction] Using version '3.1.4' for dependency 'tools.jackson.core:jackson-databind:3.1.1'
2026-08-21T16:48:36.725-0300 [DEBUG] [org.gradle.api.internal.artifacts.ivyservice.ivyresolve.RepositoryChainComponentMetaDataResolver] Attempting to resolve component for tools.jackson.core:jackson-databind:3.1.4 using repositories [MavenRepo]
2026-08-21T16:48:36.725-0300 [DEBUG] [org.gradle.api.internal.artifacts.ivyservice.ivyresolve.CachingModuleComponentRepository] Using cached module metadata for module 'tools.jackson.core:jackson-databind:3.1.4' in 'MavenRepo'
2026-08-21T16:48:36.725-0300 [DEBUG] [org.gradle.api.internal.artifacts.ivyservice.ivyresolve.RepositoryChainComponentMetaDataResolver] Using tools.jackson.core:jackson-databind:3.1.4 from org.gradle.api.internal.artifacts.ivyservice.ivyresolve.FilteredModuleComponentRepository@6745bebc
2026-08-21T16:48:36.725-0300 [DEBUG] [org.gradle.internal.component.model.LoggingAttributeMatchingExplanationBuilder] Candidate {org.gradle.category=library, org.gradle.dependency.bundling=external, org.gradle.libraryelements=jar, org.gradle.status=release, org.gradle.usage=java-api} attribute org.gradle.usage value org.gradle.usage=java-api doesn't requested value java-runtime
2026-08-21T16:48:36.725-0300 [DEBUG] [org.gradle.internal.component.model.LoggingAttributeMatchingExplanationBuilder] Candidate {org.gradle.category=library, org.gradle.dependency.bundling=external, org.gradle.libraryelements=jar, org.gradle.status=release, org.gradle.usage=java-runtime} doesn't have attribute org.gradle.jvm.environment
2026-08-21T16:48:36.725-0300 [DEBUG] [org.gradle.internal.component.model.LoggingAttributeMatchingExplanationBuilder] Candidate {org.gradle.category=library, org.gradle.dependency.bundling=external, org.gradle.libraryelements=jar, org.gradle.status=release, org.gradle.usage=java-runtime} doesn't have attribute org.gradle.jvm.version
2026-08-21T16:48:36.725-0300 [DEBUG] [org.gradle.internal.component.model.LoggingAttributeMatchingExplanationBuilder] Candidate {org.gradle.category=documentation, org.gradle.dependency.bundling=external, org.gradle.docstype=javadoc, org.gradle.status=release, org.gradle.usage=java-runtime} attribute org.gradle.category value org.gradle.category=documentation doesn't requested value library
2026-08-21T16:48:36.725-0300 [DEBUG] [org.gradle.internal.component.model.LoggingAttributeMatchingExplanationBuilder] Candidate {org.gradle.category=documentation, org.gradle.dependency.bundling=external, org.gradle.docstype=sources, org.gradle.status=release, org.gradle.usage=java-runtime} attribute org.gradle.category value org.gradle.category=documentation doesn't requested value library
2026-08-21T16:48:36.725-0300 [DEBUG] [org.gradle.api.internal.attributes.matching.DefaultAttributeMatcher] Selected matches [1] from candidates [{org.gradle.category=library, org.gradle.dependency.bundling=external, org.gradle.libraryelements=jar, org.gradle.status=release, org.gradle.usage=java-api}, {org.gradle.category=library, org.gradle.dependency.bundling=external, org.gradle.libraryelements=jar, org.gradle.status=release, org.gradle.usage=java-runtime}, {org.gradle.category=documentation, org.gradle.dependency.bundling=external, org.gradle.docstype=javadoc, org.gradle.status=release, org.gradle.usage=java-runtime}, {org.gradle.category=documentation, org.gradle.dependency.bundling=external, org.gradle.docstype=sources, org.gradle.status=release, org.gradle.usage=java-runtime}] for {org.gradle.category=library, org.gradle.dependency.bundling=external, org.gradle.jvm.environment=standard-jvm, org.gradle.jvm.version=21, org.gradle.libraryelements=jar, org.gradle.usage=java-runtime}
2026-08-21T16:48:36.725-0300 [DEBUG] [io.spring.gradle.dependencymanagement.internal.VersionConfiguringAction] Processing requested dependency 'org.springframework.boot:spring-boot-data-redis:4.1.0' with target 'org.springframework.boot:spring-boot-data-redis:4.1.0
2026-08-21T16:48:36.725-0300 [DEBUG] [io.spring.gradle.dependencymanagement.internal.DependencyManagementContainer] Found managed version '4.1.0' for dependency 'org.springframework.boot:spring-boot-data-redis' in global dependency management
2026-08-21T16:48:36.725-0300 [DEBUG] [io.spring.gradle.dependencymanagement.internal.VersionConfiguringAction] Using version '4.1.0' for dependency 'org.springframework.boot:spring-boot-data-redis:4.1.0'
2026-08-21T16:48:36.725-0300 [DEBUG] [io.spring.gradle.dependencymanagement.internal.VersionConfiguringAction] Processing requested dependency 'org.springframework:spring-messaging:7.0.8' with target 'org.springframework:spring-messaging:7.0.8
2026-08-21T16:48:36.725-0300 [DEBUG] [io.spring.gradle.dependencymanagement.internal.DependencyManagementContainer] Found managed version '7.0.8' for dependency 'org.springframework:spring-messaging' in global dependency management
2026-08-21T16:48:36.725-0300 [DEBUG] [io.spring.gradle.dependencymanagement.internal.VersionConfiguringAction] Using version '7.0.8' for dependency 'org.springframework:spring-messaging:7.0.8'
2026-08-21T16:48:36.725-0300 [DEBUG] [org.gradle.api.internal.artifacts.ivyservice.ivyresolve.RepositoryChainComponentMetaDataResolver] Attempting to resolve component for org.springframework.boot:spring-boot-data-redis:4.1.0 using repositories [MavenRepo]
2026-08-21T16:48:36.725-0300 [DEBUG] [org.gradle.api.internal.artifacts.ivyservice.ivyresolve.CachingModuleComponentRepository] Using cached module metadata for module 'org.springframework.boot:spring-boot-data-redis:4.1.0' in 'MavenRepo'
2026-08-21T16:48:36.725-0300 [DEBUG] [org.gradle.api.internal.artifacts.ivyservice.ivyresolve.RepositoryChainComponentMetaDataResolver] Using org.springframework.boot:spring-boot-data-redis:4.1.0 from org.gradle.api.internal.artifacts.ivyservice.ivyresolve.FilteredModuleComponentRepository@6745bebc
2026-08-21T16:48:36.725-0300 [DEBUG] [org.gradle.api.internal.artifacts.ivyservice.ivyresolve.RepositoryChainComponentMetaDataResolver] Attempting to resolve component for org.springframework:spring-messaging:7.0.8 using repositories [MavenRepo]
2026-08-21T16:48:36.725-0300 [DEBUG] [org.gradle.api.internal.artifacts.ivyservice.ivyresolve.CachingModuleComponentRepository] Using cached module metadata for module 'org.springframework:spring-messaging:7.0.8' in 'MavenRepo'
2026-08-21T16:48:36.725-0300 [DEBUG] [org.gradle.api.internal.artifacts.ivyservice.ivyresolve.RepositoryChainComponentMetaDataResolver] Using org.springframework:spring-messaging:7.0.8 from org.gradle.api.internal.artifacts.ivyservice.ivyresolve.FilteredModuleComponentRepository@6745bebc
2026-08-21T16:48:36.725-0300 [DEBUG] [org.gradle.internal.component.model.LoggingAttributeMatchingExplanationBuilder] Candidate {org.gradle.category=library, org.gradle.dependency.bundling=external, org.gradle.jvm.environment=standard-jvm, org.gradle.jvm.version=17, org.gradle.libraryelements=jar, org.gradle.status=release, org.gradle.usage=java-api, org.jetbrains.kotlin.platform.type=jvm} attribute org.gradle.usage value org.gradle.usage=java-api doesn't requested value java-runtime
2026-08-21T16:48:36.725-0300 [DEBUG] [org.gradle.api.internal.attributes.matching.DefaultAttributeMatcher] Selected matches [1] from candidates [{org.gradle.category=library, org.gradle.dependency.bundling=external, org.gradle.jvm.environment=standard-jvm, org.gradle.jvm.version=17, org.gradle.libraryelements=jar, org.gradle.status=release, org.gradle.usage=java-api, org.jetbrains.kotlin.platform.type=jvm}, {org.gradle.category=library, org.gradle.dependency.bundling=external, org.gradle.jvm.environment=standard-jvm, org.gradle.jvm.version=17, org.gradle.libraryelements=jar, org.gradle.status=release, org.gradle.usage=java-runtime, org.jetbrains.kotlin.platform.type=jvm}] for {org.gradle.category=library, org.gradle.dependency.bundling=external, org.gradle.jvm.environment=standard-jvm, org.gradle.jvm.version=21, org.gradle.libraryelements=jar, org.gradle.usage=java-runtime}
2026-08-21T16:48:36.725-0300 [DEBUG] [io.spring.gradle.dependencymanagement.internal.VersionConfiguringAction] Processing requested dependency 'org.springframework.boot:spring-boot-test:4.1.0' with target 'org.springframework.boot:spring-boot-test:4.1.0
2026-08-21T16:48:36.725-0300 [DEBUG] [io.spring.gradle.dependencymanagement.internal.DependencyManagementContainer] Found managed version '4.1.0' for dependency 'org.springframework.boot:spring-boot-test' in global dependency management
2026-08-21T16:48:36.725-0300 [DEBUG] [io.spring.gradle.dependencymanagement.internal.VersionConfiguringAction] Using version '4.1.0' for dependency 'org.springframework.boot:spring-boot-test:4.1.0'
2026-08-21T16:48:36.725-0300 [DEBUG] [io.spring.gradle.dependencymanagement.internal.VersionConfiguringAction] Processing requested dependency 'org.springframework.boot:spring-boot-test-autoconfigure:4.1.0' with target 'org.springframework.boot:spring-boot-test-autoconfigure:4.1.0
2026-08-21T16:48:36.725-0300 [DEBUG] [io.spring.gradle.dependencymanagement.internal.DependencyManagementContainer] Found managed version '4.1.0' for dependency 'org.springframework.boot:spring-boot-test-autoconfigure' in global dependency management
2026-08-21T16:48:36.725-0300 [DEBUG] [io.spring.gradle.dependencymanagement.internal.VersionConfiguringAction] Using version '4.1.0' for dependency 'org.springframework.boot:spring-boot-test-autoconfigure:4.1.0'
2026-08-21T16:48:36.725-0300 [DEBUG] [io.spring.gradle.dependencymanagement.internal.VersionConfiguringAction] Processing requested dependency 'com.jayway.jsonpath:json-path:2.10.0' with target 'com.jayway.jsonpath:json-path:2.10.0
2026-08-21T16:48:36.725-0300 [DEBUG] [io.spring.gradle.dependencymanagement.internal.DependencyManagementContainer] Found managed version '2.10.0' for dependency 'com.jayway.jsonpath:json-path' in global dependency management
2026-08-21T16:48:36.725-0300 [DEBUG] [io.spring.gradle.dependencymanagement.internal.VersionConfiguringAction] Using version '2.10.0' for dependency 'com.jayway.jsonpath:json-path:2.10.0'
2026-08-21T16:48:36.725-0300 [DEBUG] [io.spring.gradle.dependencymanagement.internal.VersionConfiguringAction] Processing requested dependency 'jakarta.xml.bind:jakarta.xml.bind-api:4.0.5' with target 'jakarta.xml.bind:jakarta.xml.bind-api:4.0.5
2026-08-21T16:48:36.726-0300 [DEBUG] [io.spring.gradle.dependencymanagement.internal.DependencyManagementContainer] Found managed version '4.0.5' for dependency 'jakarta.xml.bind:jakarta.xml.bind-api' in global dependency management
2026-08-21T16:48:36.726-0300 [DEBUG] [io.spring.gradle.dependencymanagement.internal.VersionConfiguringAction] Using version '4.0.5' for dependency 'jakarta.xml.bind:jakarta.xml.bind-api:4.0.5'
2026-08-21T16:48:36.726-0300 [DEBUG] [io.spring.gradle.dependencymanagement.internal.VersionConfiguringAction] Processing requested dependency 'net.minidev:json-smart:2.6.0' with target 'net.minidev:json-smart:2.6.0
2026-08-21T16:48:36.726-0300 [DEBUG] [io.spring.gradle.dependencymanagement.internal.DependencyManagementContainer] Found managed version '2.6.0' for dependency 'net.minidev:json-smart' in global dependency management
2026-08-21T16:48:36.726-0300 [DEBUG] [io.spring.gradle.dependencymanagement.internal.VersionConfiguringAction] Using version '2.6.0' for dependency 'net.minidev:json-smart:2.6.0'
2026-08-21T16:48:36.726-0300 [DEBUG] [io.spring.gradle.dependencymanagement.internal.VersionConfiguringAction] Processing requested dependency 'org.assertj:assertj-core:3.27.7' with target 'org.assertj:assertj-core:3.27.7
2026-08-21T16:48:36.726-0300 [DEBUG] [io.spring.gradle.dependencymanagement.internal.DependencyManagementContainer] Found managed version '3.27.7' for dependency 'org.assertj:assertj-core' in global dependency management
2026-08-21T16:48:36.726-0300 [DEBUG] [io.spring.gradle.dependencymanagement.internal.VersionConfiguringAction] Using version '3.27.7' for dependency 'org.assertj:assertj-core:3.27.7'
2026-08-21T16:48:36.726-0300 [DEBUG] [io.spring.gradle.dependencymanagement.internal.VersionConfiguringAction] Processing requested dependency 'org.awaitility:awaitility:4.3.0' with target 'org.awaitility:awaitility:4.3.0
2026-08-21T16:48:36.726-0300 [DEBUG] [io.spring.gradle.dependencymanagement.internal.DependencyManagementContainer] Found managed version '4.3.0' for dependency 'org.awaitility:awaitility' in global dependency management
2026-08-21T16:48:36.726-0300 [DEBUG] [io.spring.gradle.dependencymanagement.internal.VersionConfiguringAction] Using version '4.3.0' for dependency 'org.awaitility:awaitility:4.3.0'
2026-08-21T16:48:36.726-0300 [DEBUG] [io.spring.gradle.dependencymanagement.internal.VersionConfiguringAction] Processing requested dependency 'org.hamcrest:hamcrest:3.0' with target 'org.hamcrest:hamcrest:3.0
2026-08-21T16:48:36.726-0300 [DEBUG] [io.spring.gradle.dependencymanagement.internal.DependencyManagementContainer] Found managed version '3.0' for dependency 'org.hamcrest:hamcrest' in global dependency management
2026-08-21T16:48:36.726-0300 [DEBUG] [io.spring.gradle.dependencymanagement.internal.VersionConfiguringAction] Using version '3.0' for dependency 'org.hamcrest:hamcrest:3.0'
2026-08-21T16:48:36.726-0300 [DEBUG] [io.spring.gradle.dependencymanagement.internal.VersionConfiguringAction] Processing requested dependency 'org.junit.jupiter:junit-jupiter:6.0.3' with target 'org.junit.jupiter:junit-jupiter:6.0.3
2026-08-21T16:48:36.726-0300 [DEBUG] [io.spring.gradle.dependencymanagement.internal.DependencyManagementContainer] Found managed version '6.0.3' for dependency 'org.junit.jupiter:junit-jupiter' in global dependency management
2026-08-21T16:48:36.726-0300 [DEBUG] [io.spring.gradle.dependencymanagement.internal.VersionConfiguringAction] Using version '6.0.3' for dependency 'org.junit.jupiter:junit-jupiter:6.0.3'
2026-08-21T16:48:36.726-0300 [DEBUG] [io.spring.gradle.dependencymanagement.internal.VersionConfiguringAction] Processing requested dependency 'org.mockito:mockito-core:5.23.0' with target 'org.mockito:mockito-core:5.23.0
2026-08-21T16:48:36.726-0300 [DEBUG] [io.spring.gradle.dependencymanagement.internal.DependencyManagementContainer] Found managed version '5.23.0' for dependency 'org.mockito:mockito-core' in global dependency management
2026-08-21T16:48:36.726-0300 [DEBUG] [io.spring.gradle.dependencymanagement.internal.VersionConfiguringAction] Using version '5.23.0' for dependency 'org.mockito:mockito-core:5.23.0'
2026-08-21T16:48:36.726-0300 [DEBUG] [io.spring.gradle.dependencymanagement.internal.VersionConfiguringAction] Processing requested dependency 'org.mockito:mockito-junit-jupiter:5.23.0' with target 'org.mockito:mockito-junit-jupiter:5.23.0
2026-08-21T16:48:36.726-0300 [DEBUG] [io.spring.gradle.dependencymanagement.internal.DependencyManagementContainer] Found managed version '5.23.0' for dependency 'org.mockito:mockito-junit-jupiter' in global dependency management
2026-08-21T16:48:36.726-0300 [DEBUG] [io.spring.gradle.dependencymanagement.internal.VersionConfiguringAction] Using version '5.23.0' for dependency 'org.mockito:mockito-junit-jupiter:5.23.0'
2026-08-21T16:48:36.726-0300 [DEBUG] [io.spring.gradle.dependencymanagement.internal.VersionConfiguringAction] Processing requested dependency 'org.skyscreamer:jsonassert:1.5.3' with target 'org.skyscreamer:jsonassert:1.5.3
2026-08-21T16:48:36.726-0300 [DEBUG] [io.spring.gradle.dependencymanagement.internal.DependencyManagementContainer] Found managed version '1.5.3' for dependency 'org.skyscreamer:jsonassert' in global dependency management
2026-08-21T16:48:36.726-0300 [DEBUG] [io.spring.gradle.dependencymanagement.internal.VersionConfiguringAction] Using version '1.5.3' for dependency 'org.skyscreamer:jsonassert:1.5.3'
2026-08-21T16:48:36.726-0300 [DEBUG] [io.spring.gradle.dependencymanagement.internal.VersionConfiguringAction] Processing requested dependency 'org.springframework:spring-core:7.0.8' with target 'org.springframework:spring-core:7.0.8
2026-08-21T16:48:36.726-0300 [DEBUG] [io.spring.gradle.dependencymanagement.internal.DependencyManagementContainer] Found managed version '7.0.8' for dependency 'org.springframework:spring-core' in global dependency management
2026-08-21T16:48:36.726-0300 [DEBUG] [io.spring.gradle.dependencymanagement.internal.VersionConfiguringAction] Using version '7.0.8' for dependency 'org.springframework:spring-core:7.0.8'
2026-08-21T16:48:36.726-0300 [DEBUG] [io.spring.gradle.dependencymanagement.internal.VersionConfiguringAction] Processing requested dependency 'org.springframework:spring-test:7.0.8' with target 'org.springframework:spring-test:7.0.8
2026-08-21T16:48:36.726-0300 [DEBUG] [io.spring.gradle.dependencymanagement.internal.DependencyManagementContainer] Found managed version '7.0.8' for dependency 'org.springframework:spring-test' in global dependency management
2026-08-21T16:48:36.726-0300 [DEBUG] [io.spring.gradle.dependencymanagement.internal.VersionConfiguringAction] Using version '7.0.8' for dependency 'org.springframework:spring-test:7.0.8'
2026-08-21T16:48:36.726-0300 [DEBUG] [io.spring.gradle.dependencymanagement.internal.VersionConfiguringAction] Processing requested dependency 'org.xmlunit:xmlunit-core:2.11.0' with target 'org.xmlunit:xmlunit-core:2.11.0
2026-08-21T16:48:36.726-0300 [DEBUG] [io.spring.gradle.dependencymanagement.internal.DependencyManagementContainer] Found managed version '2.11.0' for dependency 'org.xmlunit:xmlunit-core' in global dependency management
2026-08-21T16:48:36.726-0300 [DEBUG] [io.spring.gradle.dependencymanagement.internal.VersionConfiguringAction] Using version '2.11.0' for dependency 'org.xmlunit:xmlunit-core:2.11.0'
2026-08-21T16:48:36.726-0300 [DEBUG] [org.gradle.api.internal.artifacts.ivyservice.ivyresolve.RepositoryChainComponentMetaDataResolver] Attempting to resolve component for org.springframework.boot:spring-boot-test:4.1.0 using repositories [MavenRepo]
2026-08-21T16:48:36.726-0300 [DEBUG] [org.gradle.api.internal.artifacts.ivyservice.ivyresolve.CachingModuleComponentRepository] Using cached module metadata for module 'org.springframework.boot:spring-boot-test:4.1.0' in 'MavenRepo'
2026-08-21T16:48:36.726-0300 [DEBUG] [org.gradle.api.internal.artifacts.ivyservice.ivyresolve.RepositoryChainComponentMetaDataResolver] Using org.springframework.boot:spring-boot-test:4.1.0 from org.gradle.api.internal.artifacts.ivyservice.ivyresolve.FilteredModuleComponentRepository@6745bebc
2026-08-21T16:48:36.726-0300 [DEBUG] [org.gradle.internal.component.model.LoggingAttributeMatchingExplanationBuilder] Candidate {org.gradle.category=library, org.gradle.dependency.bundling=external, org.gradle.jvm.environment=standard-jvm, org.gradle.jvm.version=17, org.gradle.libraryelements=jar, org.gradle.status=release, org.gradle.usage=java-api, org.jetbrains.kotlin.platform.type=jvm} attribute org.gradle.usage value org.gradle.usage=java-api doesn't requested value java-runtime
2026-08-21T16:48:36.726-0300 [DEBUG] [org.gradle.internal.component.model.LoggingAttributeMatchingExplanationBuilder] Candidate {org.gradle.category=documentation, org.gradle.dependency.bundling=external, org.gradle.docstype=javadoc, org.gradle.status=release, org.gradle.usage=java-runtime} attribute org.gradle.category value org.gradle.category=documentation doesn't requested value library
2026-08-21T16:48:36.726-0300 [DEBUG] [org.gradle.internal.component.model.LoggingAttributeMatchingExplanationBuilder] Candidate {org.gradle.category=documentation, org.gradle.dependency.bundling=external, org.gradle.docstype=sources, org.gradle.status=release, org.gradle.usage=java-runtime} attribute org.gradle.category value org.gradle.category=documentation doesn't requested value library
2026-08-21T16:48:36.726-0300 [DEBUG] [org.gradle.api.internal.attributes.matching.DefaultAttributeMatcher] Selected matches [1] from candidates [{org.gradle.category=library, org.gradle.dependency.bundling=external, org.gradle.jvm.environment=standard-jvm, org.gradle.jvm.version=17, org.gradle.libraryelements=jar, org.gradle.status=release, org.gradle.usage=java-api, org.jetbrains.kotlin.platform.type=jvm}, {org.gradle.category=library, org.gradle.dependency.bundling=external, org.gradle.jvm.environment=standard-jvm, org.gradle.jvm.version=17, org.gradle.libraryelements=jar, org.gradle.status=release, org.gradle.usage=java-runtime, org.jetbrains.kotlin.platform.type=jvm}, {org.gradle.category=documentation, org.gradle.dependency.bundling=external, org.gradle.docstype=javadoc, org.gradle.status=release, org.gradle.usage=java-runtime}, {org.gradle.category=documentation, org.gradle.dependency.bundling=external, org.gradle.docstype=sources, org.gradle.status=release, org.gradle.usage=java-runtime}] for {org.gradle.category=library, org.gradle.dependency.bundling=external, org.gradle.jvm.environment=standard-jvm, org.gradle.jvm.version=21, org.gradle.libraryelements=jar, org.gradle.usage=java-runtime}
2026-08-21T16:48:36.726-0300 [DEBUG] [org.gradle.api.internal.artifacts.ivyservice.ivyresolve.RepositoryChainComponentMetaDataResolver] Attempting to resolve component for org.springframework.boot:spring-boot-test-autoconfigure:4.1.0 using repositories [MavenRepo]
2026-08-21T16:48:36.726-0300 [DEBUG] [org.gradle.api.internal.artifacts.ivyservice.ivyresolve.CachingModuleComponentRepository] Using cached module metadata for module 'org.springframework.boot:spring-boot-test-autoconfigure:4.1.0' in 'MavenRepo'
2026-08-21T16:48:36.726-0300 [DEBUG] [org.gradle.api.internal.artifacts.ivyservice.ivyresolve.RepositoryChainComponentMetaDataResolver] Using org.springframework.boot:spring-boot-test-autoconfigure:4.1.0 from org.gradle.api.internal.artifacts.ivyservice.ivyresolve.FilteredModuleComponentRepository@6745bebc
2026-08-21T16:48:36.726-0300 [DEBUG] [org.gradle.api.internal.artifacts.ivyservice.ivyresolve.RepositoryChainComponentMetaDataResolver] Attempting to resolve component for com.jayway.jsonpath:json-path:2.10.0 using repositories [MavenRepo]
2026-08-21T16:48:36.726-0300 [DEBUG] [org.gradle.api.internal.artifacts.ivyservice.ivyresolve.CachingModuleComponentRepository] Using cached module metadata for module 'com.jayway.jsonpath:json-path:2.10.0' in 'MavenRepo'
2026-08-21T16:48:36.726-0300 [DEBUG] [org.gradle.api.internal.artifacts.ivyservice.ivyresolve.RepositoryChainComponentMetaDataResolver] Using com.jayway.jsonpath:json-path:2.10.0 from org.gradle.api.internal.artifacts.ivyservice.ivyresolve.FilteredModuleComponentRepository@6745bebc
2026-08-21T16:48:36.726-0300 [DEBUG] [org.gradle.internal.component.model.LoggingAttributeMatchingExplanationBuilder] Candidate {org.gradle.category=library, org.gradle.dependency.bundling=external, org.gradle.jvm.version=8, org.gradle.libraryelements=jar, org.gradle.status=release, org.gradle.usage=java-api} attribute org.gradle.usage value org.gradle.usage=java-api doesn't requested value java-runtime
2026-08-21T16:48:36.726-0300 [DEBUG] [org.gradle.internal.component.model.LoggingAttributeMatchingExplanationBuilder] Candidate {org.gradle.category=library, org.gradle.dependency.bundling=external, org.gradle.jvm.version=8, org.gradle.libraryelements=jar, org.gradle.status=release, org.gradle.usage=java-runtime} doesn't have attribute org.gradle.jvm.environment
2026-08-21T16:48:36.726-0300 [DEBUG] [org.gradle.internal.component.model.LoggingAttributeMatchingExplanationBuilder] Candidate {org.gradle.category=documentation, org.gradle.dependency.bundling=external, org.gradle.docstype=javadoc, org.gradle.status=release, org.gradle.usage=java-runtime} attribute org.gradle.category value org.gradle.category=documentation doesn't requested value library
2026-08-21T16:48:36.727-0300 [DEBUG] [org.gradle.internal.component.model.LoggingAttributeMatchingExplanationBuilder] Candidate {org.gradle.category=documentation, org.gradle.dependency.bundling=external, org.gradle.docstype=sources, org.gradle.status=release, org.gradle.usage=java-runtime} attribute org.gradle.category value org.gradle.category=documentation doesn't requested value library
2026-08-21T16:48:36.727-0300 [DEBUG] [org.gradle.api.internal.attributes.matching.DefaultAttributeMatcher] Selected matches [1] from candidates [{org.gradle.category=library, org.gradle.dependency.bundling=external, org.gradle.jvm.version=8, org.gradle.libraryelements=jar, org.gradle.status=release, org.gradle.usage=java-api}, {org.gradle.category=library, org.gradle.dependency.bundling=external, org.gradle.jvm.version=8, org.gradle.libraryelements=jar, org.gradle.status=release, org.gradle.usage=java-runtime}, {org.gradle.category=documentation, org.gradle.dependency.bundling=external, org.gradle.docstype=javadoc, org.gradle.status=release, org.gradle.usage=java-runtime}, {org.gradle.category=documentation, org.gradle.dependency.bundling=external, org.gradle.docstype=sources, org.gradle.status=release, org.gradle.usage=java-runtime}] for {org.gradle.category=library, org.gradle.dependency.bundling=external, org.gradle.jvm.environment=standard-jvm, org.gradle.jvm.version=21, org.gradle.libraryelements=jar, org.gradle.usage=java-runtime}
2026-08-21T16:48:36.727-0300 [DEBUG] [org.gradle.api.internal.artifacts.ivyservice.ivyresolve.RepositoryChainComponentMetaDataResolver] Attempting to resolve component for jakarta.xml.bind:jakarta.xml.bind-api:4.0.5 using repositories [MavenRepo]
2026-08-21T16:48:36.727-0300 [DEBUG] [org.gradle.api.internal.artifacts.ivyservice.ivyresolve.CachingModuleComponentRepository] Using cached module metadata for module 'jakarta.xml.bind:jakarta.xml.bind-api:4.0.5' in 'MavenRepo'
2026-08-21T16:48:36.727-0300 [DEBUG] [org.gradle.api.internal.artifacts.ivyservice.ivyresolve.RepositoryChainComponentMetaDataResolver] Using jakarta.xml.bind:jakarta.xml.bind-api:4.0.5 from org.gradle.api.internal.artifacts.ivyservice.ivyresolve.FilteredModuleComponentRepository@6745bebc
2026-08-21T16:48:36.727-0300 [DEBUG] [org.gradle.api.internal.artifacts.ivyservice.ivyresolve.RepositoryChainComponentMetaDataResolver] Attempting to resolve component for net.minidev:json-smart:2.6.0 using repositories [MavenRepo]
2026-08-21T16:48:36.727-0300 [DEBUG] [org.gradle.api.internal.artifacts.ivyservice.ivyresolve.CachingModuleComponentRepository] Using cached module metadata for module 'net.minidev:json-smart:2.6.0' in 'MavenRepo'
2026-08-21T16:48:36.727-0300 [DEBUG] [org.gradle.api.internal.artifacts.ivyservice.ivyresolve.RepositoryChainComponentMetaDataResolver] Using net.minidev:json-smart:2.6.0 from org.gradle.api.internal.artifacts.ivyservice.ivyresolve.FilteredModuleComponentRepository@6745bebc
2026-08-21T16:48:36.727-0300 [DEBUG] [org.gradle.api.internal.artifacts.ivyservice.ivyresolve.RepositoryChainComponentMetaDataResolver] Attempting to resolve component for org.assertj:assertj-core:3.27.7 using repositories [MavenRepo]
2026-08-21T16:48:36.727-0300 [DEBUG] [org.gradle.api.internal.artifacts.ivyservice.ivyresolve.CachingModuleComponentRepository] Using cached module metadata for module 'org.assertj:assertj-core:3.27.7' in 'MavenRepo'
2026-08-21T16:48:36.727-0300 [DEBUG] [org.gradle.api.internal.artifacts.ivyservice.ivyresolve.RepositoryChainComponentMetaDataResolver] Using org.assertj:assertj-core:3.27.7 from org.gradle.api.internal.artifacts.ivyservice.ivyresolve.FilteredModuleComponentRepository@6745bebc
2026-08-21T16:48:36.727-0300 [DEBUG] [org.gradle.api.internal.artifacts.ivyservice.ivyresolve.RepositoryChainComponentMetaDataResolver] Attempting to resolve component for org.awaitility:awaitility:4.3.0 using repositories [MavenRepo]
2026-08-21T16:48:36.727-0300 [DEBUG] [org.gradle.api.internal.artifacts.ivyservice.ivyresolve.CachingModuleComponentRepository] Using cached module metadata for module 'org.awaitility:awaitility:4.3.0' in 'MavenRepo'
2026-08-21T16:48:36.727-0300 [DEBUG] [org.gradle.api.internal.artifacts.ivyservice.ivyresolve.RepositoryChainComponentMetaDataResolver] Using org.awaitility:awaitility:4.3.0 from org.gradle.api.internal.artifacts.ivyservice.ivyresolve.FilteredModuleComponentRepository@6745bebc
2026-08-21T16:48:36.727-0300 [DEBUG] [org.gradle.api.internal.artifacts.ivyservice.ivyresolve.RepositoryChainComponentMetaDataResolver] Attempting to resolve component for org.hamcrest:hamcrest:3.0 using repositories [MavenRepo]
2026-08-21T16:48:36.727-0300 [DEBUG] [org.gradle.api.internal.artifacts.ivyservice.ivyresolve.CachingModuleComponentRepository] Using cached module metadata for module 'org.hamcrest:hamcrest:3.0' in 'MavenRepo'
2026-08-21T16:48:36.727-0300 [DEBUG] [org.gradle.api.internal.artifacts.ivyservice.ivyresolve.RepositoryChainComponentMetaDataResolver] Using org.hamcrest:hamcrest:3.0 from org.gradle.api.internal.artifacts.ivyservice.ivyresolve.FilteredModuleComponentRepository@6745bebc
2026-08-21T16:48:36.727-0300 [DEBUG] [org.gradle.internal.component.model.LoggingAttributeMatchingExplanationBuilder] Candidate {org.gradle.category=library, org.gradle.dependency.bundling=external, org.gradle.jvm.version=8, org.gradle.libraryelements=jar, org.gradle.status=release, org.gradle.usage=java-api} attribute org.gradle.usage value org.gradle.usage=java-api doesn't requested value java-runtime
2026-08-21T16:48:36.727-0300 [DEBUG] [org.gradle.internal.component.model.LoggingAttributeMatchingExplanationBuilder] Candidate {org.gradle.category=library, org.gradle.dependency.bundling=external, org.gradle.jvm.version=8, org.gradle.libraryelements=jar, org.gradle.status=release, org.gradle.usage=java-runtime} doesn't have attribute org.gradle.jvm.environment
2026-08-21T16:48:36.727-0300 [DEBUG] [org.gradle.api.internal.attributes.matching.DefaultAttributeMatcher] Selected matches [1] from candidates [{org.gradle.category=library, org.gradle.dependency.bundling=external, org.gradle.jvm.version=8, org.gradle.libraryelements=jar, org.gradle.status=release, org.gradle.usage=java-api}, {org.gradle.category=library, org.gradle.dependency.bundling=external, org.gradle.jvm.version=8, org.gradle.libraryelements=jar, org.gradle.status=release, org.gradle.usage=java-runtime}] for {org.gradle.category=library, org.gradle.dependency.bundling=external, org.gradle.jvm.environment=standard-jvm, org.gradle.jvm.version=21, org.gradle.libraryelements=jar, org.gradle.usage=java-runtime}
2026-08-21T16:48:36.727-0300 [DEBUG] [org.gradle.api.internal.artifacts.ivyservice.ivyresolve.RepositoryChainComponentMetaDataResolver] Attempting to resolve component for org.junit.jupiter:junit-jupiter:6.0.3 using repositories [MavenRepo]
2026-08-21T16:48:36.727-0300 [DEBUG] [org.gradle.api.internal.artifacts.ivyservice.ivyresolve.CachingModuleComponentRepository] Using cached module metadata for module 'org.junit.jupiter:junit-jupiter:6.0.3' in 'MavenRepo'
2026-08-21T16:48:36.727-0300 [DEBUG] [org.gradle.api.internal.artifacts.ivyservice.ivyresolve.RepositoryChainComponentMetaDataResolver] Using org.junit.jupiter:junit-jupiter:6.0.3 from org.gradle.api.internal.artifacts.ivyservice.ivyresolve.FilteredModuleComponentRepository@6745bebc
2026-08-21T16:48:36.727-0300 [DEBUG] [org.gradle.api.internal.artifacts.ivyservice.ivyresolve.RepositoryChainComponentMetaDataResolver] Attempting to resolve component for org.mockito:mockito-core:5.23.0 using repositories [MavenRepo]
2026-08-21T16:48:36.727-0300 [DEBUG] [org.gradle.api.internal.artifacts.ivyservice.ivyresolve.CachingModuleComponentRepository] Using cached module metadata for module 'org.mockito:mockito-core:5.23.0' in 'MavenRepo'
2026-08-21T16:48:36.727-0300 [DEBUG] [org.gradle.api.internal.artifacts.ivyservice.ivyresolve.RepositoryChainComponentMetaDataResolver] Using org.mockito:mockito-core:5.23.0 from org.gradle.api.internal.artifacts.ivyservice.ivyresolve.FilteredModuleComponentRepository@6745bebc
2026-08-21T16:48:36.727-0300 [DEBUG] [org.gradle.api.internal.artifacts.ivyservice.ivyresolve.RepositoryChainComponentMetaDataResolver] Attempting to resolve component for org.mockito:mockito-junit-jupiter:5.23.0 using repositories [MavenRepo]
2026-08-21T16:48:36.727-0300 [DEBUG] [org.gradle.api.internal.artifacts.ivyservice.ivyresolve.CachingModuleComponentRepository] Using cached module metadata for module 'org.mockito:mockito-junit-jupiter:5.23.0' in 'MavenRepo'
2026-08-21T16:48:36.727-0300 [DEBUG] [org.gradle.api.internal.artifacts.ivyservice.ivyresolve.RepositoryChainComponentMetaDataResolver] Using org.mockito:mockito-junit-jupiter:5.23.0 from org.gradle.api.internal.artifacts.ivyservice.ivyresolve.FilteredModuleComponentRepository@6745bebc
2026-08-21T16:48:36.727-0300 [DEBUG] [org.gradle.api.internal.artifacts.ivyservice.ivyresolve.RepositoryChainComponentMetaDataResolver] Attempting to resolve component for org.skyscreamer:jsonassert:1.5.3 using repositories [MavenRepo]
2026-08-21T16:48:36.727-0300 [DEBUG] [org.gradle.api.internal.artifacts.ivyservice.ivyresolve.CachingModuleComponentRepository] Using cached module metadata for module 'org.skyscreamer:jsonassert:1.5.3' in 'MavenRepo'
2026-08-21T16:48:36.727-0300 [DEBUG] [org.gradle.api.internal.artifacts.ivyservice.ivyresolve.RepositoryChainComponentMetaDataResolver] Using org.skyscreamer:jsonassert:1.5.3 from org.gradle.api.internal.artifacts.ivyservice.ivyresolve.FilteredModuleComponentRepository@6745bebc
2026-08-21T16:48:36.727-0300 [DEBUG] [org.gradle.api.internal.artifacts.ivyservice.ivyresolve.RepositoryChainComponentMetaDataResolver] Attempting to resolve component for org.springframework:spring-core:7.0.8 using repositories [MavenRepo]
2026-08-21T16:48:36.727-0300 [DEBUG] [org.gradle.api.internal.artifacts.ivyservice.ivyresolve.CachingModuleComponentRepository] Using cached module metadata for module 'org.springframework:spring-core:7.0.8' in 'MavenRepo'
2026-08-21T16:48:36.727-0300 [DEBUG] [org.gradle.api.internal.artifacts.ivyservice.ivyresolve.RepositoryChainComponentMetaDataResolver] Using org.springframework:spring-core:7.0.8 from org.gradle.api.internal.artifacts.ivyservice.ivyresolve.FilteredModuleComponentRepository@6745bebc
2026-08-21T16:48:36.727-0300 [DEBUG] [org.gradle.api.internal.artifacts.ivyservice.ivyresolve.RepositoryChainComponentMetaDataResolver] Attempting to resolve component for org.springframework:spring-test:7.0.8 using repositories [MavenRepo]
2026-08-21T16:48:36.727-0300 [DEBUG] [org.gradle.api.internal.artifacts.ivyservice.ivyresolve.CachingModuleComponentRepository] Using cached module metadata for module 'org.springframework:spring-test:7.0.8' in 'MavenRepo'
2026-08-21T16:48:36.727-0300 [DEBUG] [org.gradle.api.internal.artifacts.ivyservice.ivyresolve.RepositoryChainComponentMetaDataResolver] Using org.springframework:spring-test:7.0.8 from org.gradle.api.internal.artifacts.ivyservice.ivyresolve.FilteredModuleComponentRepository@6745bebc
2026-08-21T16:48:36.727-0300 [DEBUG] [org.gradle.api.internal.artifacts.ivyservice.ivyresolve.RepositoryChainComponentMetaDataResolver] Attempting to resolve component for org.xmlunit:xmlunit-core:2.11.0 using repositories [MavenRepo]
2026-08-21T16:48:36.727-0300 [DEBUG] [org.gradle.api.internal.artifacts.ivyservice.ivyresolve.CachingModuleComponentRepository] Using cached module metadata for module 'org.xmlunit:xmlunit-core:2.11.0' in 'MavenRepo'
2026-08-21T16:48:36.727-0300 [DEBUG] [org.gradle.api.internal.artifacts.ivyservice.ivyresolve.RepositoryChainComponentMetaDataResolver] Using org.xmlunit:xmlunit-core:2.11.0 from org.gradle.api.internal.artifacts.ivyservice.ivyresolve.FilteredModuleComponentRepository@6745bebc
2026-08-21T16:48:36.727-0300 [DEBUG] [io.spring.gradle.dependencymanagement.internal.VersionConfiguringAction] Processing requested dependency 'org.junit:junit-bom:6.0.3' with target 'org.junit:junit-bom:6.0.3
2026-08-21T16:48:36.727-0300 [DEBUG] [io.spring.gradle.dependencymanagement.internal.VersionConfiguringAction] No dependency management for dependency 'org.junit:junit-bom:6.0.3'
2026-08-21T16:48:36.727-0300 [DEBUG] [io.spring.gradle.dependencymanagement.internal.VersionConfiguringAction] Processing requested dependency 'org.junit.platform:junit-platform-engine:6.0.3' with target 'org.junit.platform:junit-platform-engine:6.0.3
2026-08-21T16:48:36.727-0300 [DEBUG] [io.spring.gradle.dependencymanagement.internal.DependencyManagementContainer] Found managed version '6.0.3' for dependency 'org.junit.platform:junit-platform-engine' in global dependency management
2026-08-21T16:48:36.727-0300 [DEBUG] [io.spring.gradle.dependencymanagement.internal.VersionConfiguringAction] Using version '6.0.3' for dependency 'org.junit.platform:junit-platform-engine:6.0.3'
2026-08-21T16:48:36.727-0300 [DEBUG] [org.gradle.api.internal.artifacts.ivyservice.ivyresolve.RepositoryChainComponentMetaDataResolver] Attempting to resolve component for org.junit:junit-bom:6.0.3 using repositories [MavenRepo]
2026-08-21T16:48:36.727-0300 [DEBUG] [org.gradle.api.internal.artifacts.ivyservice.ivyresolve.CachingModuleComponentRepository] Using cached module metadata for module 'org.junit:junit-bom:6.0.3' in 'MavenRepo'
2026-08-21T16:48:36.727-0300 [DEBUG] [org.gradle.api.internal.artifacts.ivyservice.ivyresolve.RepositoryChainComponentMetaDataResolver] Using org.junit:junit-bom:6.0.3 from org.gradle.api.internal.artifacts.ivyservice.ivyresolve.FilteredModuleComponentRepository@6745bebc
2026-08-21T16:48:36.727-0300 [DEBUG] [org.gradle.internal.component.model.LoggingAttributeMatchingExplanationBuilder] Candidate {org.gradle.category=platform, org.gradle.status=release, org.gradle.usage=java-api} attribute org.gradle.usage value org.gradle.usage=java-api doesn't requested value java-runtime
2026-08-21T16:48:36.728-0300 [DEBUG] [org.gradle.internal.component.model.LoggingAttributeMatchingExplanationBuilder] Candidate {org.gradle.category=platform, org.gradle.status=release, org.gradle.usage=java-runtime} doesn't have attribute org.gradle.libraryelements
2026-08-21T16:48:36.728-0300 [DEBUG] [org.gradle.internal.component.model.LoggingAttributeMatchingExplanationBuilder] Candidate {org.gradle.category=platform, org.gradle.status=release, org.gradle.usage=java-runtime} doesn't have attribute org.gradle.dependency.bundling
2026-08-21T16:48:36.728-0300 [DEBUG] [org.gradle.internal.component.model.LoggingAttributeMatchingExplanationBuilder] Candidate {org.gradle.category=platform, org.gradle.status=release, org.gradle.usage=java-runtime} doesn't have attribute org.gradle.jvm.environment
2026-08-21T16:48:36.728-0300 [DEBUG] [org.gradle.internal.component.model.LoggingAttributeMatchingExplanationBuilder] Candidate {org.gradle.category=platform, org.gradle.status=release, org.gradle.usage=java-runtime} doesn't have attribute org.gradle.jvm.version
2026-08-21T16:48:36.728-0300 [DEBUG] [org.gradle.internal.component.model.LoggingAttributeMatchingExplanationBuilder] Candidate {org.gradle.category=enforced-platform, org.gradle.status=release, org.gradle.usage=java-api} attribute org.gradle.category value org.gradle.category=enforced-platform doesn't requested value platform
2026-08-21T16:48:36.728-0300 [DEBUG] [org.gradle.internal.component.model.LoggingAttributeMatchingExplanationBuilder] Candidate {org.gradle.category=enforced-platform, org.gradle.status=release, org.gradle.usage=java-runtime} attribute org.gradle.category value org.gradle.category=enforced-platform doesn't requested value platform
2026-08-21T16:48:36.728-0300 [DEBUG] [org.gradle.api.internal.attributes.matching.DefaultAttributeMatcher] Selected matches [1] from candidates [{org.gradle.category=platform, org.gradle.status=release, org.gradle.usage=java-api}, {org.gradle.category=platform, org.gradle.status=release, org.gradle.usage=java-runtime}, {org.gradle.category=enforced-platform, org.gradle.status=release, org.gradle.usage=java-api}, {org.gradle.category=enforced-platform, org.gradle.status=release, org.gradle.usage=java-runtime}] for {org.gradle.category=platform, org.gradle.dependency.bundling=external, org.gradle.jvm.environment=standard-jvm, org.gradle.jvm.version=21, org.gradle.libraryelements=jar, org.gradle.usage=java-runtime}
2026-08-21T16:48:36.728-0300 [DEBUG] [io.spring.gradle.dependencymanagement.internal.VersionConfiguringAction] Processing requested dependency 'org.junit.jupiter:junit-jupiter-api:6.0.3' with target 'org.junit.jupiter:junit-jupiter-api:6.0.3
2026-08-21T16:48:36.728-0300 [DEBUG] [io.spring.gradle.dependencymanagement.internal.DependencyManagementContainer] Found managed version '6.0.3' for dependency 'org.junit.jupiter:junit-jupiter-api' in global dependency management
2026-08-21T16:48:36.728-0300 [DEBUG] [io.spring.gradle.dependencymanagement.internal.VersionConfiguringAction] Using version '6.0.3' for dependency 'org.junit.jupiter:junit-jupiter-api:6.0.3'
2026-08-21T16:48:36.728-0300 [DEBUG] [io.spring.gradle.dependencymanagement.internal.VersionConfiguringAction] Processing requested dependency 'org.junit.jupiter:junit-jupiter-engine:6.0.3' with target 'org.junit.jupiter:junit-jupiter-engine:6.0.3
2026-08-21T16:48:36.728-0300 [DEBUG] [io.spring.gradle.dependencymanagement.internal.DependencyManagementContainer] Found managed version '6.0.3' for dependency 'org.junit.jupiter:junit-jupiter-engine' in global dependency management
2026-08-21T16:48:36.728-0300 [DEBUG] [io.spring.gradle.dependencymanagement.internal.VersionConfiguringAction] Using version '6.0.3' for dependency 'org.junit.jupiter:junit-jupiter-engine:6.0.3'
2026-08-21T16:48:36.728-0300 [DEBUG] [io.spring.gradle.dependencymanagement.internal.VersionConfiguringAction] Processing requested dependency 'org.junit.jupiter:junit-jupiter-migrationsupport:6.0.3' with target 'org.junit.jupiter:junit-jupiter-migrationsupport:6.0.3
2026-08-21T16:48:36.728-0300 [DEBUG] [io.spring.gradle.dependencymanagement.internal.DependencyManagementContainer] Found managed version '6.0.3' for dependency 'org.junit.jupiter:junit-jupiter-migrationsupport' in global dependency management
2026-08-21T16:48:36.728-0300 [DEBUG] [io.spring.gradle.dependencymanagement.internal.VersionConfiguringAction] Using version '6.0.3' for dependency 'org.junit.jupiter:junit-jupiter-migrationsupport:6.0.3'
2026-08-21T16:48:36.728-0300 [DEBUG] [io.spring.gradle.dependencymanagement.internal.VersionConfiguringAction] Processing requested dependency 'org.junit.jupiter:junit-jupiter-params:6.0.3' with target 'org.junit.jupiter:junit-jupiter-params:6.0.3
2026-08-21T16:48:36.728-0300 [DEBUG] [io.spring.gradle.dependencymanagement.internal.DependencyManagementContainer] Found managed version '6.0.3' for dependency 'org.junit.jupiter:junit-jupiter-params' in global dependency management
2026-08-21T16:48:36.728-0300 [DEBUG] [io.spring.gradle.dependencymanagement.internal.VersionConfiguringAction] Using version '6.0.3' for dependency 'org.junit.jupiter:junit-jupiter-params:6.0.3'
2026-08-21T16:48:36.728-0300 [DEBUG] [io.spring.gradle.dependencymanagement.internal.VersionConfiguringAction] Processing requested dependency 'org.junit.platform:junit-platform-commons:6.0.3' with target 'org.junit.platform:junit-platform-commons:6.0.3
2026-08-21T16:48:36.728-0300 [DEBUG] [io.spring.gradle.dependencymanagement.internal.DependencyManagementContainer] Found managed version '6.0.3' for dependency 'org.junit.platform:junit-platform-commons' in global dependency management
2026-08-21T16:48:36.728-0300 [DEBUG] [io.spring.gradle.dependencymanagement.internal.VersionConfiguringAction] Using version '6.0.3' for dependency 'org.junit.platform:junit-platform-commons:6.0.3'
2026-08-21T16:48:36.728-0300 [DEBUG] [io.spring.gradle.dependencymanagement.internal.VersionConfiguringAction] Processing requested dependency 'org.junit.platform:junit-platform-console:6.0.3' with target 'org.junit.platform:junit-platform-console:6.0.3
2026-08-21T16:48:36.728-0300 [DEBUG] [io.spring.gradle.dependencymanagement.internal.DependencyManagementContainer] Found managed version '6.0.3' for dependency 'org.junit.platform:junit-platform-console' in global dependency management
2026-08-21T16:48:36.728-0300 [DEBUG] [io.spring.gradle.dependencymanagement.internal.VersionConfiguringAction] Using version '6.0.3' for dependency 'org.junit.platform:junit-platform-console:6.0.3'
2026-08-21T16:48:36.728-0300 [DEBUG] [io.spring.gradle.dependencymanagement.internal.VersionConfiguringAction] Processing requested dependency 'org.junit.platform:junit-platform-launcher:6.0.3' with target 'org.junit.platform:junit-platform-launcher:6.0.3
2026-08-21T16:48:36.728-0300 [DEBUG] [io.spring.gradle.dependencymanagement.internal.DependencyManagementContainer] Found managed version '6.0.3' for dependency 'org.junit.platform:junit-platform-launcher' in global dependency management
2026-08-21T16:48:36.728-0300 [DEBUG] [io.spring.gradle.dependencymanagement.internal.VersionConfiguringAction] Using version '6.0.3' for dependency 'org.junit.platform:junit-platform-launcher:6.0.3'
2026-08-21T16:48:36.728-0300 [DEBUG] [io.spring.gradle.dependencymanagement.internal.VersionConfiguringAction] Processing requested dependency 'org.junit.platform:junit-platform-reporting:6.0.3' with target 'org.junit.platform:junit-platform-reporting:6.0.3
2026-08-21T16:48:36.728-0300 [DEBUG] [io.spring.gradle.dependencymanagement.internal.DependencyManagementContainer] Found managed version '6.0.3' for dependency 'org.junit.platform:junit-platform-reporting' in global dependency management
2026-08-21T16:48:36.728-0300 [DEBUG] [io.spring.gradle.dependencymanagement.internal.VersionConfiguringAction] Using version '6.0.3' for dependency 'org.junit.platform:junit-platform-reporting:6.0.3'
2026-08-21T16:48:36.728-0300 [DEBUG] [io.spring.gradle.dependencymanagement.internal.VersionConfiguringAction] Processing requested dependency 'org.junit.platform:junit-platform-suite:6.0.3' with target 'org.junit.platform:junit-platform-suite:6.0.3
2026-08-21T16:48:36.728-0300 [DEBUG] [io.spring.gradle.dependencymanagement.internal.DependencyManagementContainer] Found managed version '6.0.3' for dependency 'org.junit.platform:junit-platform-suite' in global dependency management
2026-08-21T16:48:36.728-0300 [DEBUG] [io.spring.gradle.dependencymanagement.internal.VersionConfiguringAction] Using version '6.0.3' for dependency 'org.junit.platform:junit-platform-suite:6.0.3'
2026-08-21T16:48:36.728-0300 [DEBUG] [io.spring.gradle.dependencymanagement.internal.VersionConfiguringAction] Processing requested dependency 'org.junit.platform:junit-platform-suite-api:6.0.3' with target 'org.junit.platform:junit-platform-suite-api:6.0.3
2026-08-21T16:48:36.728-0300 [DEBUG] [io.spring.gradle.dependencymanagement.internal.DependencyManagementContainer] Found managed version '6.0.3' for dependency 'org.junit.platform:junit-platform-suite-api' in global dependency management
2026-08-21T16:48:36.728-0300 [DEBUG] [io.spring.gradle.dependencymanagement.internal.VersionConfiguringAction] Using version '6.0.3' for dependency 'org.junit.platform:junit-platform-suite-api:6.0.3'
2026-08-21T16:48:36.728-0300 [DEBUG] [io.spring.gradle.dependencymanagement.internal.VersionConfiguringAction] Processing requested dependency 'org.junit.platform:junit-platform-suite-engine:6.0.3' with target 'org.junit.platform:junit-platform-suite-engine:6.0.3
2026-08-21T16:48:36.728-0300 [DEBUG] [io.spring.gradle.dependencymanagement.internal.DependencyManagementContainer] Found managed version '6.0.3' for dependency 'org.junit.platform:junit-platform-suite-engine' in global dependency management
2026-08-21T16:48:36.728-0300 [DEBUG] [io.spring.gradle.dependencymanagement.internal.VersionConfiguringAction] Using version '6.0.3' for dependency 'org.junit.platform:junit-platform-suite-engine:6.0.3'
2026-08-21T16:48:36.728-0300 [DEBUG] [io.spring.gradle.dependencymanagement.internal.VersionConfiguringAction] Processing requested dependency 'org.junit.platform:junit-platform-testkit:6.0.3' with target 'org.junit.platform:junit-platform-testkit:6.0.3
2026-08-21T16:48:36.728-0300 [DEBUG] [io.spring.gradle.dependencymanagement.internal.DependencyManagementContainer] Found managed version '6.0.3' for dependency 'org.junit.platform:junit-platform-testkit' in global dependency management
2026-08-21T16:48:36.728-0300 [DEBUG] [io.spring.gradle.dependencymanagement.internal.VersionConfiguringAction] Using version '6.0.3' for dependency 'org.junit.platform:junit-platform-testkit:6.0.3'
2026-08-21T16:48:36.728-0300 [DEBUG] [io.spring.gradle.dependencymanagement.internal.VersionConfiguringAction] Processing requested dependency 'org.junit.vintage:junit-vintage-engine:6.0.3' with target 'org.junit.vintage:junit-vintage-engine:6.0.3
2026-08-21T16:48:36.728-0300 [DEBUG] [io.spring.gradle.dependencymanagement.internal.DependencyManagementContainer] Found managed version '6.0.3' for dependency 'org.junit.vintage:junit-vintage-engine' in global dependency management
2026-08-21T16:48:36.728-0300 [DEBUG] [io.spring.gradle.dependencymanagement.internal.VersionConfiguringAction] Using version '6.0.3' for dependency 'org.junit.vintage:junit-vintage-engine:6.0.3'
2026-08-21T16:48:36.728-0300 [DEBUG] [org.gradle.api.internal.artifacts.ivyservice.ivyresolve.RepositoryChainComponentMetaDataResolver] Attempting to resolve component for org.junit.platform:junit-platform-engine:6.0.3 using repositories [MavenRepo]
2026-08-21T16:48:36.728-0300 [DEBUG] [org.gradle.api.internal.artifacts.ivyservice.ivyresolve.CachingModuleComponentRepository] Using cached module metadata for module 'org.junit.platform:junit-platform-engine:6.0.3' in 'MavenRepo'
2026-08-21T16:48:36.728-0300 [DEBUG] [org.gradle.api.internal.artifacts.ivyservice.ivyresolve.RepositoryChainComponentMetaDataResolver] Using org.junit.platform:junit-platform-engine:6.0.3 from org.gradle.api.internal.artifacts.ivyservice.ivyresolve.FilteredModuleComponentRepository@6745bebc
2026-08-21T16:48:36.728-0300 [DEBUG] [io.spring.gradle.dependencymanagement.internal.VersionConfiguringAction] Processing requested dependency 'ch.qos.logback:logback-classic:1.5.34' with target 'ch.qos.logback:logback-classic:1.5.34
2026-08-21T16:48:36.728-0300 [DEBUG] [io.spring.gradle.dependencymanagement.internal.DependencyManagementContainer] Found managed version '1.5.34' for dependency 'ch.qos.logback:logback-classic' in global dependency management
2026-08-21T16:48:36.728-0300 [DEBUG] [io.spring.gradle.dependencymanagement.internal.VersionConfiguringAction] Using version '1.5.34' for dependency 'ch.qos.logback:logback-classic:1.5.34'
2026-08-21T16:48:36.728-0300 [DEBUG] [io.spring.gradle.dependencymanagement.internal.VersionConfiguringAction] Processing requested dependency 'org.apache.logging.log4j:log4j-to-slf4j:2.25.4' with target 'org.apache.logging.log4j:log4j-to-slf4j:2.25.4
2026-08-21T16:48:36.729-0300 [DEBUG] [io.spring.gradle.dependencymanagement.internal.DependencyManagementContainer] Found managed version '2.25.4' for dependency 'org.apache.logging.log4j:log4j-to-slf4j' in global dependency management
2026-08-21T16:48:36.729-0300 [DEBUG] [io.spring.gradle.dependencymanagement.internal.VersionConfiguringAction] Using version '2.25.4' for dependency 'org.apache.logging.log4j:log4j-to-slf4j:2.25.4'
2026-08-21T16:48:36.729-0300 [DEBUG] [io.spring.gradle.dependencymanagement.internal.VersionConfiguringAction] Processing requested dependency 'org.slf4j:jul-to-slf4j:2.0.18' with target 'org.slf4j:jul-to-slf4j:2.0.18
2026-08-21T16:48:36.729-0300 [DEBUG] [io.spring.gradle.dependencymanagement.internal.DependencyManagementContainer] Found managed version '2.0.18' for dependency 'org.slf4j:jul-to-slf4j' in global dependency management
2026-08-21T16:48:36.729-0300 [DEBUG] [io.spring.gradle.dependencymanagement.internal.VersionConfiguringAction] Using version '2.0.18' for dependency 'org.slf4j:jul-to-slf4j:2.0.18'
2026-08-21T16:48:36.729-0300 [DEBUG] [org.gradle.api.internal.artifacts.ivyservice.ivyresolve.RepositoryChainComponentMetaDataResolver] Attempting to resolve component for ch.qos.logback:logback-classic:1.5.34 using repositories [MavenRepo]
2026-08-21T16:48:36.729-0300 [DEBUG] [org.gradle.api.internal.artifacts.ivyservice.ivyresolve.CachingModuleComponentRepository] Using cached module metadata for module 'ch.qos.logback:logback-classic:1.5.34' in 'MavenRepo'
2026-08-21T16:48:36.729-0300 [DEBUG] [org.gradle.api.internal.artifacts.ivyservice.ivyresolve.RepositoryChainComponentMetaDataResolver] Using ch.qos.logback:logback-classic:1.5.34 from org.gradle.api.internal.artifacts.ivyservice.ivyresolve.FilteredModuleComponentRepository@6745bebc
2026-08-21T16:48:36.729-0300 [DEBUG] [org.gradle.api.internal.artifacts.ivyservice.ivyresolve.RepositoryChainComponentMetaDataResolver] Attempting to resolve component for org.apache.logging.log4j:log4j-to-slf4j:2.25.4 using repositories [MavenRepo]
2026-08-21T16:48:36.729-0300 [DEBUG] [org.gradle.api.internal.artifacts.ivyservice.ivyresolve.CachingModuleComponentRepository] Using cached module metadata for module 'org.apache.logging.log4j:log4j-to-slf4j:2.25.4' in 'MavenRepo'
2026-08-21T16:48:36.729-0300 [DEBUG] [org.gradle.api.internal.artifacts.ivyservice.ivyresolve.RepositoryChainComponentMetaDataResolver] Using org.apache.logging.log4j:log4j-to-slf4j:2.25.4 from org.gradle.api.internal.artifacts.ivyservice.ivyresolve.FilteredModuleComponentRepository@6745bebc
2026-08-21T16:48:36.729-0300 [DEBUG] [org.gradle.internal.component.model.LoggingAttributeMatchingExplanationBuilder] Candidate {org.gradle.category=library, org.gradle.dependency.bundling=external, org.gradle.libraryelements=jar, org.gradle.status=release, org.gradle.usage=java-api} attribute org.gradle.usage value org.gradle.usage=java-api doesn't requested value java-runtime
2026-08-21T16:48:36.729-0300 [DEBUG] [org.gradle.internal.component.model.LoggingAttributeMatchingExplanationBuilder] Candidate {org.gradle.category=library, org.gradle.dependency.bundling=external, org.gradle.libraryelements=jar, org.gradle.status=release, org.gradle.usage=java-runtime} doesn't have attribute org.gradle.jvm.environment
2026-08-21T16:48:36.729-0300 [DEBUG] [org.gradle.internal.component.model.LoggingAttributeMatchingExplanationBuilder] Candidate {org.gradle.category=library, org.gradle.dependency.bundling=external, org.gradle.libraryelements=jar, org.gradle.status=release, org.gradle.usage=java-runtime} doesn't have attribute org.gradle.jvm.version
2026-08-21T16:48:36.729-0300 [DEBUG] [org.gradle.api.internal.attributes.matching.DefaultAttributeMatcher] Selected matches [1] from candidates [{org.gradle.category=library, org.gradle.dependency.bundling=external, org.gradle.libraryelements=jar, org.gradle.status=release, org.gradle.usage=java-api}, {org.gradle.category=library, org.gradle.dependency.bundling=external, org.gradle.libraryelements=jar, org.gradle.status=release, org.gradle.usage=java-runtime}] for {org.gradle.category=library, org.gradle.dependency.bundling=external, org.gradle.jvm.environment=standard-jvm, org.gradle.jvm.version=21, org.gradle.libraryelements=jar, org.gradle.usage=java-runtime}
2026-08-21T16:48:36.729-0300 [DEBUG] [org.gradle.api.internal.artifacts.ivyservice.ivyresolve.RepositoryChainComponentMetaDataResolver] Attempting to resolve component for org.slf4j:jul-to-slf4j:2.0.18 using repositories [MavenRepo]
2026-08-21T16:48:36.729-0300 [DEBUG] [org.gradle.api.internal.artifacts.ivyservice.ivyresolve.CachingModuleComponentRepository] Using cached module metadata for module 'org.slf4j:jul-to-slf4j:2.0.18' in 'MavenRepo'
2026-08-21T16:48:36.729-0300 [DEBUG] [org.gradle.api.internal.artifacts.ivyservice.ivyresolve.RepositoryChainComponentMetaDataResolver] Using org.slf4j:jul-to-slf4j:2.0.18 from org.gradle.api.internal.artifacts.ivyservice.ivyresolve.FilteredModuleComponentRepository@6745bebc
2026-08-21T16:48:36.729-0300 [DEBUG] [io.spring.gradle.dependencymanagement.internal.VersionConfiguringAction] Processing requested dependency 'org.springframework.boot:spring-boot:4.1.0' with target 'org.springframework.boot:spring-boot:4.1.0
2026-08-21T16:48:36.729-0300 [DEBUG] [io.spring.gradle.dependencymanagement.internal.DependencyManagementContainer] Found managed version '4.1.0' for dependency 'org.springframework.boot:spring-boot' in global dependency management
2026-08-21T16:48:36.729-0300 [DEBUG] [io.spring.gradle.dependencymanagement.internal.VersionConfiguringAction] Using version '4.1.0' for dependency 'org.springframework.boot:spring-boot:4.1.0'
2026-08-21T16:48:36.729-0300 [DEBUG] [org.gradle.api.internal.artifacts.ivyservice.ivyresolve.RepositoryChainComponentMetaDataResolver] Attempting to resolve component for org.springframework.boot:spring-boot:4.1.0 using repositories [MavenRepo]
2026-08-21T16:48:36.729-0300 [DEBUG] [org.gradle.api.internal.artifacts.ivyservice.ivyresolve.CachingModuleComponentRepository] Using cached module metadata for module 'org.springframework.boot:spring-boot:4.1.0' in 'MavenRepo'
2026-08-21T16:48:36.729-0300 [DEBUG] [org.gradle.api.internal.artifacts.ivyservice.ivyresolve.RepositoryChainComponentMetaDataResolver] Using org.springframework.boot:spring-boot:4.1.0 from org.gradle.api.internal.artifacts.ivyservice.ivyresolve.FilteredModuleComponentRepository@6745bebc
2026-08-21T16:48:36.729-0300 [DEBUG] [io.spring.gradle.dependencymanagement.internal.VersionConfiguringAction] Processing requested dependency 'org.springframework.boot:spring-boot-jackson:4.1.0' with target 'org.springframework.boot:spring-boot-jackson:4.1.0
2026-08-21T16:48:36.729-0300 [DEBUG] [io.spring.gradle.dependencymanagement.internal.DependencyManagementContainer] Found managed version '4.1.0' for dependency 'org.springframework.boot:spring-boot-jackson' in global dependency management
2026-08-21T16:48:36.729-0300 [DEBUG] [io.spring.gradle.dependencymanagement.internal.VersionConfiguringAction] Using version '4.1.0' for dependency 'org.springframework.boot:spring-boot-jackson:4.1.0'
2026-08-21T16:48:36.729-0300 [DEBUG] [org.gradle.api.internal.artifacts.ivyservice.ivyresolve.RepositoryChainComponentMetaDataResolver] Attempting to resolve component for org.springframework.boot:spring-boot-jackson:4.1.0 using repositories [MavenRepo]
2026-08-21T16:48:36.729-0300 [DEBUG] [org.gradle.api.internal.artifacts.ivyservice.ivyresolve.CachingModuleComponentRepository] Using cached module metadata for module 'org.springframework.boot:spring-boot-jackson:4.1.0' in 'MavenRepo'
2026-08-21T16:48:36.729-0300 [DEBUG] [org.gradle.api.internal.artifacts.ivyservice.ivyresolve.RepositoryChainComponentMetaDataResolver] Using org.springframework.boot:spring-boot-jackson:4.1.0 from org.gradle.api.internal.artifacts.ivyservice.ivyresolve.FilteredModuleComponentRepository@6745bebc
2026-08-21T16:48:36.729-0300 [DEBUG] [io.spring.gradle.dependencymanagement.internal.VersionConfiguringAction] Processing requested dependency 'org.springframework.boot:spring-boot-starter-tomcat-runtime:4.1.0' with target 'org.springframework.boot:spring-boot-starter-tomcat-runtime:4.1.0
2026-08-21T16:48:36.729-0300 [DEBUG] [io.spring.gradle.dependencymanagement.internal.DependencyManagementContainer] Found managed version '4.1.0' for dependency 'org.springframework.boot:spring-boot-starter-tomcat-runtime' in global dependency management
2026-08-21T16:48:36.729-0300 [DEBUG] [io.spring.gradle.dependencymanagement.internal.VersionConfiguringAction] Using version '4.1.0' for dependency 'org.springframework.boot:spring-boot-starter-tomcat-runtime:4.1.0'
2026-08-21T16:48:36.729-0300 [DEBUG] [io.spring.gradle.dependencymanagement.internal.VersionConfiguringAction] Processing requested dependency 'org.springframework.boot:spring-boot-tomcat:4.1.0' with target 'org.springframework.boot:spring-boot-tomcat:4.1.0
2026-08-21T16:48:36.729-0300 [DEBUG] [io.spring.gradle.dependencymanagement.internal.DependencyManagementContainer] Found managed version '4.1.0' for dependency 'org.springframework.boot:spring-boot-tomcat' in global dependency management
2026-08-21T16:48:36.729-0300 [DEBUG] [io.spring.gradle.dependencymanagement.internal.VersionConfiguringAction] Using version '4.1.0' for dependency 'org.springframework.boot:spring-boot-tomcat:4.1.0'
2026-08-21T16:48:36.729-0300 [DEBUG] [org.gradle.api.internal.artifacts.ivyservice.ivyresolve.RepositoryChainComponentMetaDataResolver] Attempting to resolve component for org.springframework.boot:spring-boot-starter-tomcat-runtime:4.1.0 using repositories [MavenRepo]
2026-08-21T16:48:36.729-0300 [DEBUG] [org.gradle.api.internal.artifacts.ivyservice.ivyresolve.CachingModuleComponentRepository] Using cached module metadata for module 'org.springframework.boot:spring-boot-starter-tomcat-runtime:4.1.0' in 'MavenRepo'
2026-08-21T16:48:36.729-0300 [DEBUG] [org.gradle.api.internal.artifacts.ivyservice.ivyresolve.RepositoryChainComponentMetaDataResolver] Using org.springframework.boot:spring-boot-starter-tomcat-runtime:4.1.0 from org.gradle.api.internal.artifacts.ivyservice.ivyresolve.FilteredModuleComponentRepository@6745bebc
2026-08-21T16:48:36.729-0300 [DEBUG] [org.gradle.api.internal.artifacts.ivyservice.ivyresolve.RepositoryChainComponentMetaDataResolver] Attempting to resolve component for org.springframework.boot:spring-boot-tomcat:4.1.0 using repositories [MavenRepo]
2026-08-21T16:48:36.729-0300 [DEBUG] [org.gradle.api.internal.artifacts.ivyservice.ivyresolve.CachingModuleComponentRepository] Using cached module metadata for module 'org.springframework.boot:spring-boot-tomcat:4.1.0' in 'MavenRepo'
2026-08-21T16:48:36.729-0300 [DEBUG] [org.gradle.api.internal.artifacts.ivyservice.ivyresolve.RepositoryChainComponentMetaDataResolver] Using org.springframework.boot:spring-boot-tomcat:4.1.0 from org.gradle.api.internal.artifacts.ivyservice.ivyresolve.FilteredModuleComponentRepository@6745bebc
2026-08-21T16:48:36.729-0300 [DEBUG] [io.spring.gradle.dependencymanagement.internal.VersionConfiguringAction] Processing requested dependency 'org.springframework:spring-web:7.0.8' with target 'org.springframework:spring-web:7.0.8
2026-08-21T16:48:36.729-0300 [DEBUG] [io.spring.gradle.dependencymanagement.internal.DependencyManagementContainer] Found managed version '7.0.8' for dependency 'org.springframework:spring-web' in global dependency management
2026-08-21T16:48:36.729-0300 [DEBUG] [io.spring.gradle.dependencymanagement.internal.VersionConfiguringAction] Using version '7.0.8' for dependency 'org.springframework:spring-web:7.0.8'
2026-08-21T16:48:36.729-0300 [DEBUG] [org.gradle.api.internal.artifacts.ivyservice.ivyresolve.RepositoryChainComponentMetaDataResolver] Attempting to resolve component for org.springframework:spring-web:7.0.8 using repositories [MavenRepo]
2026-08-21T16:48:36.729-0300 [DEBUG] [org.gradle.api.internal.artifacts.ivyservice.ivyresolve.CachingModuleComponentRepository] Using cached module metadata for module 'org.springframework:spring-web:7.0.8' in 'MavenRepo'
2026-08-21T16:48:36.729-0300 [DEBUG] [org.gradle.api.internal.artifacts.ivyservice.ivyresolve.RepositoryChainComponentMetaDataResolver] Using org.springframework:spring-web:7.0.8 from org.gradle.api.internal.artifacts.ivyservice.ivyresolve.FilteredModuleComponentRepository@6745bebc
2026-08-21T16:48:36.729-0300 [DEBUG] [io.spring.gradle.dependencymanagement.internal.VersionConfiguringAction] Processing requested dependency 'org.springframework.boot:spring-boot-servlet:4.1.0' with target 'org.springframework.boot:spring-boot-servlet:4.1.0
2026-08-21T16:48:36.729-0300 [DEBUG] [io.spring.gradle.dependencymanagement.internal.DependencyManagementContainer] Found managed version '4.1.0' for dependency 'org.springframework.boot:spring-boot-servlet' in global dependency management
2026-08-21T16:48:36.730-0300 [DEBUG] [io.spring.gradle.dependencymanagement.internal.VersionConfiguringAction] Using version '4.1.0' for dependency 'org.springframework.boot:spring-boot-servlet:4.1.0'
2026-08-21T16:48:36.730-0300 [DEBUG] [io.spring.gradle.dependencymanagement.internal.VersionConfiguringAction] Processing requested dependency 'org.springframework:spring-webmvc:7.0.8' with target 'org.springframework:spring-webmvc:7.0.8
2026-08-21T16:48:36.730-0300 [DEBUG] [io.spring.gradle.dependencymanagement.internal.DependencyManagementContainer] Found managed version '7.0.8' for dependency 'org.springframework:spring-webmvc' in global dependency management
2026-08-21T16:48:36.730-0300 [DEBUG] [io.spring.gradle.dependencymanagement.internal.VersionConfiguringAction] Using version '7.0.8' for dependency 'org.springframework:spring-webmvc:7.0.8'
2026-08-21T16:48:36.730-0300 [DEBUG] [org.gradle.api.internal.artifacts.ivyservice.ivyresolve.RepositoryChainComponentMetaDataResolver] Attempting to resolve component for org.springframework.boot:spring-boot-servlet:4.1.0 using repositories [MavenRepo]
2026-08-21T16:48:36.730-0300 [DEBUG] [org.gradle.api.internal.artifacts.ivyservice.ivyresolve.CachingModuleComponentRepository] Using cached module metadata for module 'org.springframework.boot:spring-boot-servlet:4.1.0' in 'MavenRepo'
2026-08-21T16:48:36.730-0300 [DEBUG] [org.gradle.api.internal.artifacts.ivyservice.ivyresolve.RepositoryChainComponentMetaDataResolver] Using org.springframework.boot:spring-boot-servlet:4.1.0 from org.gradle.api.internal.artifacts.ivyservice.ivyresolve.FilteredModuleComponentRepository@6745bebc
2026-08-21T16:48:36.730-0300 [DEBUG] [org.gradle.api.internal.artifacts.ivyservice.ivyresolve.RepositoryChainComponentMetaDataResolver] Attempting to resolve component for org.springframework:spring-webmvc:7.0.8 using repositories [MavenRepo]
2026-08-21T16:48:36.730-0300 [DEBUG] [org.gradle.api.internal.artifacts.ivyservice.ivyresolve.CachingModuleComponentRepository] Using cached module metadata for module 'org.springframework:spring-webmvc:7.0.8' in 'MavenRepo'
2026-08-21T16:48:36.730-0300 [DEBUG] [org.gradle.api.internal.artifacts.ivyservice.ivyresolve.RepositoryChainComponentMetaDataResolver] Using org.springframework:spring-webmvc:7.0.8 from org.gradle.api.internal.artifacts.ivyservice.ivyresolve.FilteredModuleComponentRepository@6745bebc
2026-08-21T16:48:36.730-0300 [DEBUG] [io.spring.gradle.dependencymanagement.internal.VersionConfiguringAction] Processing requested dependency 'com.zaxxer:HikariCP:7.0.2' with target 'com.zaxxer:HikariCP:7.0.2
2026-08-21T16:48:36.730-0300 [DEBUG] [io.spring.gradle.dependencymanagement.internal.DependencyManagementContainer] Found managed version '7.0.2' for dependency 'com.zaxxer:HikariCP' in global dependency management
2026-08-21T16:48:36.730-0300 [DEBUG] [io.spring.gradle.dependencymanagement.internal.VersionConfiguringAction] Using version '7.0.2' for dependency 'com.zaxxer:HikariCP:7.0.2'
2026-08-21T16:48:36.730-0300 [DEBUG] [org.gradle.api.internal.artifacts.ivyservice.ivyresolve.RepositoryChainComponentMetaDataResolver] Attempting to resolve component for com.zaxxer:HikariCP:7.0.2 using repositories [MavenRepo]
2026-08-21T16:48:36.730-0300 [DEBUG] [org.gradle.api.internal.artifacts.ivyservice.ivyresolve.CachingModuleComponentRepository] Using cached module metadata for module 'com.zaxxer:HikariCP:7.0.2' in 'MavenRepo'
2026-08-21T16:48:36.730-0300 [DEBUG] [org.gradle.api.internal.artifacts.ivyservice.ivyresolve.RepositoryChainComponentMetaDataResolver] Using com.zaxxer:HikariCP:7.0.2 from org.gradle.api.internal.artifacts.ivyservice.ivyresolve.FilteredModuleComponentRepository@6745bebc
2026-08-21T16:48:36.730-0300 [DEBUG] [io.spring.gradle.dependencymanagement.internal.VersionConfiguringAction] Processing requested dependency 'org.springframework.boot:spring-boot-data-commons:4.1.0' with target 'org.springframework.boot:spring-boot-data-commons:4.1.0
2026-08-21T16:48:36.730-0300 [DEBUG] [io.spring.gradle.dependencymanagement.internal.DependencyManagementContainer] Found managed version '4.1.0' for dependency 'org.springframework.boot:spring-boot-data-commons' in global dependency management
2026-08-21T16:48:36.730-0300 [DEBUG] [io.spring.gradle.dependencymanagement.internal.VersionConfiguringAction] Using version '4.1.0' for dependency 'org.springframework.boot:spring-boot-data-commons:4.1.0'
2026-08-21T16:48:36.730-0300 [DEBUG] [io.spring.gradle.dependencymanagement.internal.VersionConfiguringAction] Processing requested dependency 'org.springframework.boot:spring-boot-hibernate:4.1.0' with target 'org.springframework.boot:spring-boot-hibernate:4.1.0
2026-08-21T16:48:36.730-0300 [DEBUG] [io.spring.gradle.dependencymanagement.internal.DependencyManagementContainer] Found managed version '4.1.0' for dependency 'org.springframework.boot:spring-boot-hibernate' in global dependency management
2026-08-21T16:48:36.730-0300 [DEBUG] [io.spring.gradle.dependencymanagement.internal.VersionConfiguringAction] Using version '4.1.0' for dependency 'org.springframework.boot:spring-boot-hibernate:4.1.0'
2026-08-21T16:48:36.730-0300 [DEBUG] [io.spring.gradle.dependencymanagement.internal.VersionConfiguringAction] Processing requested dependency 'org.springframework.data:spring-data-jpa:4.1.0' with target 'org.springframework.data:spring-data-jpa:4.1.0
2026-08-21T16:48:36.730-0300 [DEBUG] [io.spring.gradle.dependencymanagement.internal.DependencyManagementContainer] Found managed version '4.1.0' for dependency 'org.springframework.data:spring-data-jpa' in global dependency management
2026-08-21T16:48:36.730-0300 [DEBUG] [io.spring.gradle.dependencymanagement.internal.VersionConfiguringAction] Using version '4.1.0' for dependency 'org.springframework.data:spring-data-jpa:4.1.0'
2026-08-21T16:48:36.730-0300 [DEBUG] [io.spring.gradle.dependencymanagement.internal.VersionConfiguringAction] Processing requested dependency 'org.springframework:spring-aspects:7.0.8' with target 'org.springframework:spring-aspects:7.0.8
2026-08-21T16:48:36.730-0300 [DEBUG] [io.spring.gradle.dependencymanagement.internal.DependencyManagementContainer] Found managed version '7.0.8' for dependency 'org.springframework:spring-aspects' in global dependency management
2026-08-21T16:48:36.730-0300 [DEBUG] [io.spring.gradle.dependencymanagement.internal.VersionConfiguringAction] Using version '7.0.8' for dependency 'org.springframework:spring-aspects:7.0.8'
2026-08-21T16:48:36.730-0300 [DEBUG] [org.gradle.api.internal.artifacts.ivyservice.ivyresolve.RepositoryChainComponentMetaDataResolver] Attempting to resolve component for org.springframework.boot:spring-boot-data-commons:4.1.0 using repositories [MavenRepo]
2026-08-21T16:48:36.730-0300 [DEBUG] [org.gradle.api.internal.artifacts.ivyservice.ivyresolve.CachingModuleComponentRepository] Using cached module metadata for module 'org.springframework.boot:spring-boot-data-commons:4.1.0' in 'MavenRepo'
2026-08-21T16:48:36.730-0300 [DEBUG] [org.gradle.api.internal.artifacts.ivyservice.ivyresolve.RepositoryChainComponentMetaDataResolver] Using org.springframework.boot:spring-boot-data-commons:4.1.0 from org.gradle.api.internal.artifacts.ivyservice.ivyresolve.FilteredModuleComponentRepository@6745bebc
2026-08-21T16:48:36.730-0300 [DEBUG] [org.gradle.api.internal.artifacts.ivyservice.ivyresolve.RepositoryChainComponentMetaDataResolver] Attempting to resolve component for org.springframework.boot:spring-boot-hibernate:4.1.0 using repositories [MavenRepo]
2026-08-21T16:48:36.730-0300 [DEBUG] [org.gradle.api.internal.artifacts.ivyservice.ivyresolve.CachingModuleComponentRepository] Using cached module metadata for module 'org.springframework.boot:spring-boot-hibernate:4.1.0' in 'MavenRepo'
2026-08-21T16:48:36.730-0300 [DEBUG] [org.gradle.api.internal.artifacts.ivyservice.ivyresolve.RepositoryChainComponentMetaDataResolver] Using org.springframework.boot:spring-boot-hibernate:4.1.0 from org.gradle.api.internal.artifacts.ivyservice.ivyresolve.FilteredModuleComponentRepository@6745bebc
2026-08-21T16:48:36.730-0300 [DEBUG] [org.gradle.api.internal.artifacts.ivyservice.ivyresolve.RepositoryChainComponentMetaDataResolver] Attempting to resolve component for org.springframework.data:spring-data-jpa:4.1.0 using repositories [MavenRepo]
2026-08-21T16:48:36.730-0300 [DEBUG] [org.gradle.api.internal.artifacts.ivyservice.ivyresolve.CachingModuleComponentRepository] Using cached module metadata for module 'org.springframework.data:spring-data-jpa:4.1.0' in 'MavenRepo'
2026-08-21T16:48:36.730-0300 [DEBUG] [org.gradle.api.internal.artifacts.ivyservice.ivyresolve.RepositoryChainComponentMetaDataResolver] Using org.springframework.data:spring-data-jpa:4.1.0 from org.gradle.api.internal.artifacts.ivyservice.ivyresolve.FilteredModuleComponentRepository@6745bebc
2026-08-21T16:48:36.730-0300 [DEBUG] [org.gradle.api.internal.artifacts.ivyservice.ivyresolve.RepositoryChainComponentMetaDataResolver] Attempting to resolve component for org.springframework:spring-aspects:7.0.8 using repositories [MavenRepo]
2026-08-21T16:48:36.730-0300 [DEBUG] [org.gradle.api.internal.artifacts.ivyservice.ivyresolve.CachingModuleComponentRepository] Using cached module metadata for module 'org.springframework:spring-aspects:7.0.8' in 'MavenRepo'
2026-08-21T16:48:36.730-0300 [DEBUG] [org.gradle.api.internal.artifacts.ivyservice.ivyresolve.RepositoryChainComponentMetaDataResolver] Using org.springframework:spring-aspects:7.0.8 from org.gradle.api.internal.artifacts.ivyservice.ivyresolve.FilteredModuleComponentRepository@6745bebc
2026-08-21T16:48:36.730-0300 [DEBUG] [org.gradle.internal.component.model.LoggingAttributeMatchingExplanationBuilder] Candidate {org.gradle.category=library, org.gradle.dependency.bundling=external, org.gradle.jvm.version=17, org.gradle.libraryelements=jar, org.gradle.status=release, org.gradle.usage=java-api} attribute org.gradle.usage value org.gradle.usage=java-api doesn't requested value java-runtime
2026-08-21T16:48:36.730-0300 [DEBUG] [org.gradle.internal.component.model.LoggingAttributeMatchingExplanationBuilder] Candidate {org.gradle.category=library, org.gradle.dependency.bundling=external, org.gradle.jvm.version=17, org.gradle.libraryelements=jar, org.gradle.status=release, org.gradle.usage=java-runtime} doesn't have attribute org.gradle.jvm.environment
2026-08-21T16:48:36.730-0300 [DEBUG] [org.gradle.api.internal.attributes.matching.DefaultAttributeMatcher] Selected matches [1] from candidates [{org.gradle.category=library, org.gradle.dependency.bundling=external, org.gradle.jvm.version=17, org.gradle.libraryelements=jar, org.gradle.status=release, org.gradle.usage=java-api}, {org.gradle.category=library, org.gradle.dependency.bundling=external, org.gradle.jvm.version=17, org.gradle.libraryelements=jar, org.gradle.status=release, org.gradle.usage=java-runtime}] for {org.gradle.category=library, org.gradle.dependency.bundling=external, org.gradle.jvm.environment=standard-jvm, org.gradle.jvm.version=21, org.gradle.libraryelements=jar, org.gradle.usage=java-runtime}
2026-08-21T16:48:36.730-0300 [DEBUG] [io.spring.gradle.dependencymanagement.internal.VersionConfiguringAction] Processing requested dependency 'org.springframework.boot:spring-boot-sql:4.1.0' with target 'org.springframework.boot:spring-boot-sql:4.1.0
2026-08-21T16:48:36.730-0300 [DEBUG] [io.spring.gradle.dependencymanagement.internal.DependencyManagementContainer] Found managed version '4.1.0' for dependency 'org.springframework.boot:spring-boot-sql' in global dependency management
2026-08-21T16:48:36.730-0300 [DEBUG] [io.spring.gradle.dependencymanagement.internal.VersionConfiguringAction] Using version '4.1.0' for dependency 'org.springframework.boot:spring-boot-sql:4.1.0'
2026-08-21T16:48:36.730-0300 [DEBUG] [io.spring.gradle.dependencymanagement.internal.VersionConfiguringAction] Processing requested dependency 'org.springframework.boot:spring-boot-transaction:4.1.0' with target 'org.springframework.boot:spring-boot-transaction:4.1.0
2026-08-21T16:48:36.730-0300 [DEBUG] [io.spring.gradle.dependencymanagement.internal.DependencyManagementContainer] Found managed version '4.1.0' for dependency 'org.springframework.boot:spring-boot-transaction' in global dependency management
2026-08-21T16:48:36.730-0300 [DEBUG] [io.spring.gradle.dependencymanagement.internal.VersionConfiguringAction] Using version '4.1.0' for dependency 'org.springframework.boot:spring-boot-transaction:4.1.0'
2026-08-21T16:48:36.730-0300 [DEBUG] [io.spring.gradle.dependencymanagement.internal.VersionConfiguringAction] Processing requested dependency 'org.springframework:spring-jdbc:7.0.8' with target 'org.springframework:spring-jdbc:7.0.8
2026-08-21T16:48:36.731-0300 [DEBUG] [io.spring.gradle.dependencymanagement.internal.DependencyManagementContainer] Found managed version '7.0.8' for dependency 'org.springframework:spring-jdbc' in global dependency management
2026-08-21T16:48:36.731-0300 [DEBUG] [io.spring.gradle.dependencymanagement.internal.VersionConfiguringAction] Using version '7.0.8' for dependency 'org.springframework:spring-jdbc:7.0.8'
2026-08-21T16:48:36.731-0300 [DEBUG] [org.gradle.api.internal.artifacts.ivyservice.ivyresolve.RepositoryChainComponentMetaDataResolver] Attempting to resolve component for org.springframework.boot:spring-boot-sql:4.1.0 using repositories [MavenRepo]
2026-08-21T16:48:36.731-0300 [DEBUG] [org.gradle.api.internal.artifacts.ivyservice.ivyresolve.CachingModuleComponentRepository] Using cached module metadata for module 'org.springframework.boot:spring-boot-sql:4.1.0' in 'MavenRepo'
2026-08-21T16:48:36.731-0300 [DEBUG] [org.gradle.api.internal.artifacts.ivyservice.ivyresolve.RepositoryChainComponentMetaDataResolver] Using org.springframework.boot:spring-boot-sql:4.1.0 from org.gradle.api.internal.artifacts.ivyservice.ivyresolve.FilteredModuleComponentRepository@6745bebc
2026-08-21T16:48:36.731-0300 [DEBUG] [org.gradle.api.internal.artifacts.ivyservice.ivyresolve.RepositoryChainComponentMetaDataResolver] Attempting to resolve component for org.springframework.boot:spring-boot-transaction:4.1.0 using repositories [MavenRepo]
2026-08-21T16:48:36.731-0300 [DEBUG] [org.gradle.api.internal.artifacts.ivyservice.ivyresolve.CachingModuleComponentRepository] Using cached module metadata for module 'org.springframework.boot:spring-boot-transaction:4.1.0' in 'MavenRepo'
2026-08-21T16:48:36.731-0300 [DEBUG] [org.gradle.api.internal.artifacts.ivyservice.ivyresolve.RepositoryChainComponentMetaDataResolver] Using org.springframework.boot:spring-boot-transaction:4.1.0 from org.gradle.api.internal.artifacts.ivyservice.ivyresolve.FilteredModuleComponentRepository@6745bebc
2026-08-21T16:48:36.731-0300 [DEBUG] [org.gradle.api.internal.artifacts.ivyservice.ivyresolve.RepositoryChainComponentMetaDataResolver] Attempting to resolve component for org.springframework:spring-jdbc:7.0.8 using repositories [MavenRepo]
2026-08-21T16:48:36.731-0300 [DEBUG] [org.gradle.api.internal.artifacts.ivyservice.ivyresolve.CachingModuleComponentRepository] Using cached module metadata for module 'org.springframework:spring-jdbc:7.0.8' in 'MavenRepo'
2026-08-21T16:48:36.731-0300 [DEBUG] [org.gradle.api.internal.artifacts.ivyservice.ivyresolve.RepositoryChainComponentMetaDataResolver] Using org.springframework:spring-jdbc:7.0.8 from org.gradle.api.internal.artifacts.ivyservice.ivyresolve.FilteredModuleComponentRepository@6745bebc
2026-08-21T16:48:36.731-0300 [DEBUG] [io.spring.gradle.dependencymanagement.internal.VersionConfiguringAction] Processing requested dependency 'com.fasterxml.jackson.core:jackson-annotations:2.21' with target 'com.fasterxml.jackson.core:jackson-annotations:2.21
2026-08-21T16:48:36.731-0300 [DEBUG] [io.spring.gradle.dependencymanagement.internal.DependencyManagementContainer] Found managed version '2.21' for dependency 'com.fasterxml.jackson.core:jackson-annotations' in global dependency management
2026-08-21T16:48:36.731-0300 [DEBUG] [io.spring.gradle.dependencymanagement.internal.VersionConfiguringAction] Using version '2.21' for dependency 'com.fasterxml.jackson.core:jackson-annotations:2.21'
2026-08-21T16:48:36.731-0300 [DEBUG] [io.spring.gradle.dependencymanagement.internal.VersionConfiguringAction] Processing requested dependency 'tools.jackson.core:jackson-core:3.1.4' with target 'tools.jackson.core:jackson-core:3.1.4
2026-08-21T16:48:36.731-0300 [DEBUG] [io.spring.gradle.dependencymanagement.internal.DependencyManagementContainer] Found managed version '3.1.4' for dependency 'tools.jackson.core:jackson-core' in global dependency management
2026-08-21T16:48:36.731-0300 [DEBUG] [io.spring.gradle.dependencymanagement.internal.VersionConfiguringAction] Using version '3.1.4' for dependency 'tools.jackson.core:jackson-core:3.1.4'
2026-08-21T16:48:36.731-0300 [DEBUG] [io.spring.gradle.dependencymanagement.internal.VersionConfiguringAction] Processing requested dependency 'tools.jackson:jackson-bom:3.1.4' with target 'tools.jackson:jackson-bom:3.1.4
2026-08-21T16:48:36.731-0300 [DEBUG] [io.spring.gradle.dependencymanagement.internal.VersionConfiguringAction] No dependency management for dependency 'tools.jackson:jackson-bom:3.1.4'
2026-08-21T16:48:36.731-0300 [DEBUG] [org.gradle.api.internal.artifacts.ivyservice.ivyresolve.RepositoryChainComponentMetaDataResolver] Attempting to resolve component for com.fasterxml.jackson.core:jackson-annotations:2.21 using repositories [MavenRepo]
2026-08-21T16:48:36.731-0300 [DEBUG] [org.gradle.api.internal.artifacts.ivyservice.ivyresolve.CachingModuleComponentRepository] Using cached module metadata for module 'com.fasterxml.jackson.core:jackson-annotations:2.21' in 'MavenRepo'
2026-08-21T16:48:36.731-0300 [DEBUG] [org.gradle.api.internal.artifacts.ivyservice.ivyresolve.RepositoryChainComponentMetaDataResolver] Using com.fasterxml.jackson.core:jackson-annotations:2.21 from org.gradle.api.internal.artifacts.ivyservice.ivyresolve.FilteredModuleComponentRepository@6745bebc
2026-08-21T16:48:36.731-0300 [DEBUG] [org.gradle.api.internal.artifacts.ivyservice.ivyresolve.RepositoryChainComponentMetaDataResolver] Attempting to resolve component for tools.jackson.core:jackson-core:3.1.4 using repositories [MavenRepo]
2026-08-21T16:48:36.731-0300 [DEBUG] [org.gradle.api.internal.artifacts.ivyservice.ivyresolve.CachingModuleComponentRepository] Using cached module metadata for module 'tools.jackson.core:jackson-core:3.1.4' in 'MavenRepo'
2026-08-21T16:48:36.731-0300 [DEBUG] [org.gradle.api.internal.artifacts.ivyservice.ivyresolve.RepositoryChainComponentMetaDataResolver] Using tools.jackson.core:jackson-core:3.1.4 from org.gradle.api.internal.artifacts.ivyservice.ivyresolve.FilteredModuleComponentRepository@6745bebc
2026-08-21T16:48:36.731-0300 [DEBUG] [org.gradle.api.internal.artifacts.ivyservice.ivyresolve.RepositoryChainComponentMetaDataResolver] Attempting to resolve component for tools.jackson:jackson-bom:3.1.4 using repositories [MavenRepo]
2026-08-21T16:48:36.731-0300 [DEBUG] [org.gradle.api.internal.artifacts.ivyservice.ivyresolve.CachingModuleComponentRepository] Using cached module metadata for module 'tools.jackson:jackson-bom:3.1.4' in 'MavenRepo'
2026-08-21T16:48:36.731-0300 [DEBUG] [org.gradle.api.internal.artifacts.ivyservice.ivyresolve.RepositoryChainComponentMetaDataResolver] Using tools.jackson:jackson-bom:3.1.4 from org.gradle.api.internal.artifacts.ivyservice.ivyresolve.FilteredModuleComponentRepository@6745bebc
2026-08-21T16:48:36.731-0300 [DEBUG] [org.gradle.internal.component.model.LoggingAttributeMatchingExplanationBuilder] Candidate {org.gradle.category=library, org.gradle.libraryelements=jar, org.gradle.status=release, org.gradle.usage=java-api} attribute org.gradle.category value org.gradle.category=library doesn't requested value platform
2026-08-21T16:48:36.731-0300 [DEBUG] [org.gradle.internal.component.model.LoggingAttributeMatchingExplanationBuilder] Candidate {org.gradle.category=library, org.gradle.libraryelements=jar, org.gradle.status=release, org.gradle.usage=java-runtime} attribute org.gradle.category value org.gradle.category=library doesn't requested value platform
2026-08-21T16:48:36.731-0300 [DEBUG] [org.gradle.internal.component.model.LoggingAttributeMatchingExplanationBuilder] Candidate {org.gradle.category=documentation, org.gradle.dependency.bundling=external, org.gradle.docstype=sources, org.gradle.status=release, org.gradle.usage=java-runtime} attribute org.gradle.category value org.gradle.category=documentation doesn't requested value platform
2026-08-21T16:48:36.731-0300 [DEBUG] [org.gradle.internal.component.model.LoggingAttributeMatchingExplanationBuilder] Candidate {org.gradle.category=documentation, org.gradle.dependency.bundling=external, org.gradle.docstype=javadoc, org.gradle.status=release, org.gradle.usage=java-runtime} attribute org.gradle.category value org.gradle.category=documentation doesn't requested value platform
2026-08-21T16:48:36.731-0300 [DEBUG] [org.gradle.internal.component.model.LoggingAttributeMatchingExplanationBuilder] Candidate {org.gradle.category=platform, org.gradle.status=release, org.gradle.usage=java-api} attribute org.gradle.usage value org.gradle.usage=java-api doesn't requested value java-runtime
2026-08-21T16:48:36.731-0300 [DEBUG] [org.gradle.internal.component.model.LoggingAttributeMatchingExplanationBuilder] Candidate {org.gradle.category=platform, org.gradle.status=release, org.gradle.usage=java-runtime} doesn't have attribute org.gradle.libraryelements
2026-08-21T16:48:36.731-0300 [DEBUG] [org.gradle.internal.component.model.LoggingAttributeMatchingExplanationBuilder] Candidate {org.gradle.category=platform, org.gradle.status=release, org.gradle.usage=java-runtime} doesn't have attribute org.gradle.dependency.bundling
2026-08-21T16:48:36.731-0300 [DEBUG] [org.gradle.internal.component.model.LoggingAttributeMatchingExplanationBuilder] Candidate {org.gradle.category=platform, org.gradle.status=release, org.gradle.usage=java-runtime} doesn't have attribute org.gradle.jvm.environment
2026-08-21T16:48:36.731-0300 [DEBUG] [org.gradle.internal.component.model.LoggingAttributeMatchingExplanationBuilder] Candidate {org.gradle.category=platform, org.gradle.status=release, org.gradle.usage=java-runtime} doesn't have attribute org.gradle.jvm.version
2026-08-21T16:48:36.731-0300 [DEBUG] [org.gradle.internal.component.model.LoggingAttributeMatchingExplanationBuilder] Candidate {org.gradle.category=enforced-platform, org.gradle.status=release, org.gradle.usage=java-api} attribute org.gradle.category value org.gradle.category=enforced-platform doesn't requested value platform
2026-08-21T16:48:36.731-0300 [DEBUG] [org.gradle.internal.component.model.LoggingAttributeMatchingExplanationBuilder] Candidate {org.gradle.category=enforced-platform, org.gradle.status=release, org.gradle.usage=java-runtime} attribute org.gradle.category value org.gradle.category=enforced-platform doesn't requested value platform
2026-08-21T16:48:36.731-0300 [DEBUG] [org.gradle.api.internal.attributes.matching.DefaultAttributeMatcher] Selected matches [5] from candidates [{org.gradle.category=library, org.gradle.libraryelements=jar, org.gradle.status=release, org.gradle.usage=java-api}, {org.gradle.category=library, org.gradle.libraryelements=jar, org.gradle.status=release, org.gradle.usage=java-runtime}, {org.gradle.category=documentation, org.gradle.dependency.bundling=external, org.gradle.docstype=sources, org.gradle.status=release, org.gradle.usage=java-runtime}, {org.gradle.category=documentation, org.gradle.dependency.bundling=external, org.gradle.docstype=javadoc, org.gradle.status=release, org.gradle.usage=java-runtime}, {org.gradle.category=platform, org.gradle.status=release, org.gradle.usage=java-api}, {org.gradle.category=platform, org.gradle.status=release, org.gradle.usage=java-runtime}, {org.gradle.category=enforced-platform, org.gradle.status=release, org.gradle.usage=java-api}, {org.gradle.category=enforced-platform, org.gradle.status=release, org.gradle.usage=java-runtime}] for {org.gradle.category=platform, org.gradle.dependency.bundling=external, org.gradle.jvm.environment=standard-jvm, org.gradle.jvm.version=21, org.gradle.libraryelements=jar, org.gradle.usage=java-runtime}
2026-08-21T16:48:36.731-0300 [DEBUG] [io.spring.gradle.dependencymanagement.internal.VersionConfiguringAction] Processing requested dependency 'tools.jackson.core:jackson-databind:3.1.4' with target 'tools.jackson.core:jackson-databind:3.1.4
2026-08-21T16:48:36.731-0300 [DEBUG] [io.spring.gradle.dependencymanagement.internal.DependencyManagementContainer] Found managed version '3.1.4' for dependency 'tools.jackson.core:jackson-databind' in global dependency management
2026-08-21T16:48:36.731-0300 [DEBUG] [io.spring.gradle.dependencymanagement.internal.VersionConfiguringAction] Using version '3.1.4' for dependency 'tools.jackson.core:jackson-databind:3.1.4'
2026-08-21T16:48:36.731-0300 [DEBUG] [io.spring.gradle.dependencymanagement.internal.VersionConfiguringAction] Processing requested dependency 'tools.jackson.dataformat:jackson-dataformat-avro:3.1.4' with target 'tools.jackson.dataformat:jackson-dataformat-avro:3.1.4
2026-08-21T16:48:36.731-0300 [DEBUG] [io.spring.gradle.dependencymanagement.internal.DependencyManagementContainer] Found managed version '3.1.4' for dependency 'tools.jackson.dataformat:jackson-dataformat-avro' in global dependency management
2026-08-21T16:48:36.731-0300 [DEBUG] [io.spring.gradle.dependencymanagement.internal.VersionConfiguringAction] Using version '3.1.4' for dependency 'tools.jackson.dataformat:jackson-dataformat-avro:3.1.4'
2026-08-21T16:48:36.731-0300 [DEBUG] [io.spring.gradle.dependencymanagement.internal.VersionConfiguringAction] Processing requested dependency 'tools.jackson.dataformat:jackson-dataformat-cbor:3.1.4' with target 'tools.jackson.dataformat:jackson-dataformat-cbor:3.1.4
2026-08-21T16:48:36.731-0300 [DEBUG] [io.spring.gradle.dependencymanagement.internal.DependencyManagementContainer] Found managed version '3.1.4' for dependency 'tools.jackson.dataformat:jackson-dataformat-cbor' in global dependency management
2026-08-21T16:48:36.732-0300 [DEBUG] [io.spring.gradle.dependencymanagement.internal.VersionConfiguringAction] Using version '3.1.4' for dependency 'tools.jackson.dataformat:jackson-dataformat-cbor:3.1.4'
2026-08-21T16:48:36.732-0300 [DEBUG] [io.spring.gradle.dependencymanagement.internal.VersionConfiguringAction] Processing requested dependency 'tools.jackson.dataformat:jackson-dataformat-csv:3.1.4' with target 'tools.jackson.dataformat:jackson-dataformat-csv:3.1.4
2026-08-21T16:48:36.732-0300 [DEBUG] [io.spring.gradle.dependencymanagement.internal.DependencyManagementContainer] Found managed version '3.1.4' for dependency 'tools.jackson.dataformat:jackson-dataformat-csv' in global dependency management
2026-08-21T16:48:36.732-0300 [DEBUG] [io.spring.gradle.dependencymanagement.internal.VersionConfiguringAction] Using version '3.1.4' for dependency 'tools.jackson.dataformat:jackson-dataformat-csv:3.1.4'
2026-08-21T16:48:36.732-0300 [DEBUG] [io.spring.gradle.dependencymanagement.internal.VersionConfiguringAction] Processing requested dependency 'tools.jackson.dataformat:jackson-dataformat-ion:3.1.4' with target 'tools.jackson.dataformat:jackson-dataformat-ion:3.1.4
2026-08-21T16:48:36.732-0300 [DEBUG] [io.spring.gradle.dependencymanagement.internal.DependencyManagementContainer] Found managed version '3.1.4' for dependency 'tools.jackson.dataformat:jackson-dataformat-ion' in global dependency management
2026-08-21T16:48:36.732-0300 [DEBUG] [io.spring.gradle.dependencymanagement.internal.VersionConfiguringAction] Using version '3.1.4' for dependency 'tools.jackson.dataformat:jackson-dataformat-ion:3.1.4'
2026-08-21T16:48:36.732-0300 [DEBUG] [io.spring.gradle.dependencymanagement.internal.VersionConfiguringAction] Processing requested dependency 'tools.jackson.dataformat:jackson-dataformat-properties:3.1.4' with target 'tools.jackson.dataformat:jackson-dataformat-properties:3.1.4
2026-08-21T16:48:36.732-0300 [DEBUG] [io.spring.gradle.dependencymanagement.internal.DependencyManagementContainer] Found managed version '3.1.4' for dependency 'tools.jackson.dataformat:jackson-dataformat-properties' in global dependency management
2026-08-21T16:48:36.732-0300 [DEBUG] [io.spring.gradle.dependencymanagement.internal.VersionConfiguringAction] Using version '3.1.4' for dependency 'tools.jackson.dataformat:jackson-dataformat-properties:3.1.4'
2026-08-21T16:48:36.732-0300 [DEBUG] [io.spring.gradle.dependencymanagement.internal.VersionConfiguringAction] Processing requested dependency 'tools.jackson.dataformat:jackson-dataformat-protobuf:3.1.4' with target 'tools.jackson.dataformat:jackson-dataformat-protobuf:3.1.4
2026-08-21T16:48:36.732-0300 [DEBUG] [io.spring.gradle.dependencymanagement.internal.DependencyManagementContainer] Found managed version '3.1.4' for dependency 'tools.jackson.dataformat:jackson-dataformat-protobuf' in global dependency management
2026-08-21T16:48:36.732-0300 [DEBUG] [io.spring.gradle.dependencymanagement.internal.VersionConfiguringAction] Using version '3.1.4' for dependency 'tools.jackson.dataformat:jackson-dataformat-protobuf:3.1.4'
2026-08-21T16:48:36.732-0300 [DEBUG] [io.spring.gradle.dependencymanagement.internal.VersionConfiguringAction] Processing requested dependency 'tools.jackson.dataformat:jackson-dataformat-smile:3.1.4' with target 'tools.jackson.dataformat:jackson-dataformat-smile:3.1.4
2026-08-21T16:48:36.732-0300 [DEBUG] [io.spring.gradle.dependencymanagement.internal.DependencyManagementContainer] Found managed version '3.1.4' for dependency 'tools.jackson.dataformat:jackson-dataformat-smile' in global dependency management
2026-08-21T16:48:36.732-0300 [DEBUG] [io.spring.gradle.dependencymanagement.internal.VersionConfiguringAction] Using version '3.1.4' for dependency 'tools.jackson.dataformat:jackson-dataformat-smile:3.1.4'
2026-08-21T16:48:36.732-0300 [DEBUG] [io.spring.gradle.dependencymanagement.internal.VersionConfiguringAction] Processing requested dependency 'tools.jackson.dataformat:jackson-dataformat-toml:3.1.4' with target 'tools.jackson.dataformat:jackson-dataformat-toml:3.1.4
2026-08-21T16:48:36.732-0300 [DEBUG] [io.spring.gradle.dependencymanagement.internal.DependencyManagementContainer] Found managed version '3.1.4' for dependency 'tools.jackson.dataformat:jackson-dataformat-toml' in global dependency management
2026-08-21T16:48:36.732-0300 [DEBUG] [io.spring.gradle.dependencymanagement.internal.VersionConfiguringAction] Using version '3.1.4' for dependency 'tools.jackson.dataformat:jackson-dataformat-toml:3.1.4'
2026-08-21T16:48:36.732-0300 [DEBUG] [io.spring.gradle.dependencymanagement.internal.VersionConfiguringAction] Processing requested dependency 'tools.jackson.dataformat:jackson-dataformat-xml:3.1.4' with target 'tools.jackson.dataformat:jackson-dataformat-xml:3.1.4
2026-08-21T16:48:36.732-0300 [DEBUG] [io.spring.gradle.dependencymanagement.internal.DependencyManagementContainer] Found managed version '3.1.4' for dependency 'tools.jackson.dataformat:jackson-dataformat-xml' in global dependency management
2026-08-21T16:48:36.732-0300 [DEBUG] [io.spring.gradle.dependencymanagement.internal.VersionConfiguringAction] Using version '3.1.4' for dependency 'tools.jackson.dataformat:jackson-dataformat-xml:3.1.4'
2026-08-21T16:48:36.732-0300 [DEBUG] [io.spring.gradle.dependencymanagement.internal.VersionConfiguringAction] Processing requested dependency 'tools.jackson.dataformat:jackson-dataformat-yaml:3.1.4' with target 'tools.jackson.dataformat:jackson-dataformat-yaml:3.1.4
2026-08-21T16:48:36.732-0300 [DEBUG] [io.spring.gradle.dependencymanagement.internal.DependencyManagementContainer] Found managed version '3.1.4' for dependency 'tools.jackson.dataformat:jackson-dataformat-yaml' in global dependency management
2026-08-21T16:48:36.732-0300 [DEBUG] [io.spring.gradle.dependencymanagement.internal.VersionConfiguringAction] Using version '3.1.4' for dependency 'tools.jackson.dataformat:jackson-dataformat-yaml:3.1.4'
2026-08-21T16:48:36.732-0300 [DEBUG] [io.spring.gradle.dependencymanagement.internal.VersionConfiguringAction] Processing requested dependency 'tools.jackson.datatype:jackson-datatype-eclipse-collections:3.1.4' with target 'tools.jackson.datatype:jackson-datatype-eclipse-collections:3.1.4
2026-08-21T16:48:36.732-0300 [DEBUG] [io.spring.gradle.dependencymanagement.internal.DependencyManagementContainer] Found managed version '3.1.4' for dependency 'tools.jackson.datatype:jackson-datatype-eclipse-collections' in global dependency management
2026-08-21T16:48:36.732-0300 [DEBUG] [io.spring.gradle.dependencymanagement.internal.VersionConfiguringAction] Using version '3.1.4' for dependency 'tools.jackson.datatype:jackson-datatype-eclipse-collections:3.1.4'
2026-08-21T16:48:36.732-0300 [DEBUG] [io.spring.gradle.dependencymanagement.internal.VersionConfiguringAction] Processing requested dependency 'tools.jackson.datatype:jackson-datatype-guava:3.1.4' with target 'tools.jackson.datatype:jackson-datatype-guava:3.1.4
2026-08-21T16:48:36.732-0300 [DEBUG] [io.spring.gradle.dependencymanagement.internal.DependencyManagementContainer] Found managed version '3.1.4' for dependency 'tools.jackson.datatype:jackson-datatype-guava' in global dependency management
2026-08-21T16:48:36.732-0300 [DEBUG] [io.spring.gradle.dependencymanagement.internal.VersionConfiguringAction] Using version '3.1.4' for dependency 'tools.jackson.datatype:jackson-datatype-guava:3.1.4'
2026-08-21T16:48:36.732-0300 [DEBUG] [io.spring.gradle.dependencymanagement.internal.VersionConfiguringAction] Processing requested dependency 'tools.jackson.datatype:jackson-datatype-hibernate4:3.1.4' with target 'tools.jackson.datatype:jackson-datatype-hibernate4:3.1.4
2026-08-21T16:48:36.732-0300 [DEBUG] [io.spring.gradle.dependencymanagement.internal.DependencyManagementContainer] Found managed version '3.1.4' for dependency 'tools.jackson.datatype:jackson-datatype-hibernate4' in global dependency management
2026-08-21T16:48:36.732-0300 [DEBUG] [io.spring.gradle.dependencymanagement.internal.VersionConfiguringAction] Using version '3.1.4' for dependency 'tools.jackson.datatype:jackson-datatype-hibernate4:3.1.4'
2026-08-21T16:48:36.732-0300 [DEBUG] [io.spring.gradle.dependencymanagement.internal.VersionConfiguringAction] Processing requested dependency 'tools.jackson.datatype:jackson-datatype-hibernate5:3.1.4' with target 'tools.jackson.datatype:jackson-datatype-hibernate5:3.1.4
2026-08-21T16:48:36.732-0300 [DEBUG] [io.spring.gradle.dependencymanagement.internal.DependencyManagementContainer] Found managed version '3.1.4' for dependency 'tools.jackson.datatype:jackson-datatype-hibernate5' in global dependency management
2026-08-21T16:48:36.732-0300 [DEBUG] [io.spring.gradle.dependencymanagement.internal.VersionConfiguringAction] Using version '3.1.4' for dependency 'tools.jackson.datatype:jackson-datatype-hibernate5:3.1.4'
2026-08-21T16:48:36.732-0300 [DEBUG] [io.spring.gradle.dependencymanagement.internal.VersionConfiguringAction] Processing requested dependency 'tools.jackson.datatype:jackson-datatype-hibernate5-jakarta:3.1.4' with target 'tools.jackson.datatype:jackson-datatype-hibernate5-jakarta:3.1.4
2026-08-21T16:48:36.732-0300 [DEBUG] [io.spring.gradle.dependencymanagement.internal.DependencyManagementContainer] Found managed version '3.1.4' for dependency 'tools.jackson.datatype:jackson-datatype-hibernate5-jakarta' in global dependency management
2026-08-21T16:48:36.732-0300 [DEBUG] [io.spring.gradle.dependencymanagement.internal.VersionConfiguringAction] Using version '3.1.4' for dependency 'tools.jackson.datatype:jackson-datatype-hibernate5-jakarta:3.1.4'
2026-08-21T16:48:36.732-0300 [DEBUG] [io.spring.gradle.dependencymanagement.internal.VersionConfiguringAction] Processing requested dependency 'tools.jackson.datatype:jackson-datatype-hibernate6:3.1.4' with target 'tools.jackson.datatype:jackson-datatype-hibernate6:3.1.4
2026-08-21T16:48:36.732-0300 [DEBUG] [io.spring.gradle.dependencymanagement.internal.DependencyManagementContainer] Found managed version '3.1.4' for dependency 'tools.jackson.datatype:jackson-datatype-hibernate6' in global dependency management
2026-08-21T16:48:36.732-0300 [DEBUG] [io.spring.gradle.dependencymanagement.internal.VersionConfiguringAction] Using version '3.1.4' for dependency 'tools.jackson.datatype:jackson-datatype-hibernate6:3.1.4'
2026-08-21T16:48:36.732-0300 [DEBUG] [io.spring.gradle.dependencymanagement.internal.VersionConfiguringAction] Processing requested dependency 'tools.jackson.datatype:jackson-datatype-hibernate7:3.1.4' with target 'tools.jackson.datatype:jackson-datatype-hibernate7:3.1.4
2026-08-21T16:48:36.732-0300 [DEBUG] [io.spring.gradle.dependencymanagement.internal.DependencyManagementContainer] Found managed version '3.1.4' for dependency 'tools.jackson.datatype:jackson-datatype-hibernate7' in global dependency management
2026-08-21T16:48:36.732-0300 [DEBUG] [io.spring.gradle.dependencymanagement.internal.VersionConfiguringAction] Using version '3.1.4' for dependency 'tools.jackson.datatype:jackson-datatype-hibernate7:3.1.4'
2026-08-21T16:48:36.732-0300 [DEBUG] [io.spring.gradle.dependencymanagement.internal.VersionConfiguringAction] Processing requested dependency 'tools.jackson.datatype:jackson-datatype-hppc:3.1.4' with target 'tools.jackson.datatype:jackson-datatype-hppc:3.1.4
2026-08-21T16:48:36.732-0300 [DEBUG] [io.spring.gradle.dependencymanagement.internal.DependencyManagementContainer] Found managed version '3.1.4' for dependency 'tools.jackson.datatype:jackson-datatype-hppc' in global dependency management
2026-08-21T16:48:36.732-0300 [DEBUG] [io.spring.gradle.dependencymanagement.internal.VersionConfiguringAction] Using version '3.1.4' for dependency 'tools.jackson.datatype:jackson-datatype-hppc:3.1.4'
2026-08-21T16:48:36.732-0300 [DEBUG] [io.spring.gradle.dependencymanagement.internal.VersionConfiguringAction] Processing requested dependency 'tools.jackson.datatype:jackson-datatype-javax-money:3.1.4' with target 'tools.jackson.datatype:jackson-datatype-javax-money:3.1.4
2026-08-21T16:48:36.732-0300 [DEBUG] [io.spring.gradle.dependencymanagement.internal.DependencyManagementContainer] Found managed version '3.1.4' for dependency 'tools.jackson.datatype:jackson-datatype-javax-money' in global dependency management
2026-08-21T16:48:36.732-0300 [DEBUG] [io.spring.gradle.dependencymanagement.internal.VersionConfiguringAction] Using version '3.1.4' for dependency 'tools.jackson.datatype:jackson-datatype-javax-money:3.1.4'
2026-08-21T16:48:36.732-0300 [DEBUG] [io.spring.gradle.dependencymanagement.internal.VersionConfiguringAction] Processing requested dependency 'tools.jackson.datatype:jackson-datatype-jakarta-jsonp:3.1.4' with target 'tools.jackson.datatype:jackson-datatype-jakarta-jsonp:3.1.4
2026-08-21T16:48:36.732-0300 [DEBUG] [io.spring.gradle.dependencymanagement.internal.DependencyManagementContainer] Found managed version '3.1.4' for dependency 'tools.jackson.datatype:jackson-datatype-jakarta-jsonp' in global dependency management
2026-08-21T16:48:36.732-0300 [DEBUG] [io.spring.gradle.dependencymanagement.internal.VersionConfiguringAction] Using version '3.1.4' for dependency 'tools.jackson.datatype:jackson-datatype-jakarta-jsonp:3.1.4'
2026-08-21T16:48:36.733-0300 [DEBUG] [io.spring.gradle.dependencymanagement.internal.VersionConfiguringAction] Processing requested dependency 'tools.jackson.datatype:jackson-datatype-jaxrs:3.1.4' with target 'tools.jackson.datatype:jackson-datatype-jaxrs:3.1.4
2026-08-21T16:48:36.733-0300 [DEBUG] [io.spring.gradle.dependencymanagement.internal.DependencyManagementContainer] Found managed version '3.1.4' for dependency 'tools.jackson.datatype:jackson-datatype-jaxrs' in global dependency management
2026-08-21T16:48:36.733-0300 [DEBUG] [io.spring.gradle.dependencymanagement.internal.VersionConfiguringAction] Using version '3.1.4' for dependency 'tools.jackson.datatype:jackson-datatype-jaxrs:3.1.4'
2026-08-21T16:48:36.733-0300 [DEBUG] [io.spring.gradle.dependencymanagement.internal.VersionConfiguringAction] Processing requested dependency 'tools.jackson.datatype:jackson-datatype-joda:3.1.4' with target 'tools.jackson.datatype:jackson-datatype-joda:3.1.4
2026-08-21T16:48:36.733-0300 [DEBUG] [io.spring.gradle.dependencymanagement.internal.DependencyManagementContainer] Found managed version '3.1.4' for dependency 'tools.jackson.datatype:jackson-datatype-joda' in global dependency management
2026-08-21T16:48:36.733-0300 [DEBUG] [io.spring.gradle.dependencymanagement.internal.VersionConfiguringAction] Using version '3.1.4' for dependency 'tools.jackson.datatype:jackson-datatype-joda:3.1.4'
2026-08-21T16:48:36.733-0300 [DEBUG] [io.spring.gradle.dependencymanagement.internal.VersionConfiguringAction] Processing requested dependency 'tools.jackson.datatype:jackson-datatype-joda-money:3.1.4' with target 'tools.jackson.datatype:jackson-datatype-joda-money:3.1.4
2026-08-21T16:48:36.733-0300 [DEBUG] [io.spring.gradle.dependencymanagement.internal.DependencyManagementContainer] Found managed version '3.1.4' for dependency 'tools.jackson.datatype:jackson-datatype-joda-money' in global dependency management
2026-08-21T16:48:36.733-0300 [DEBUG] [io.spring.gradle.dependencymanagement.internal.VersionConfiguringAction] Using version '3.1.4' for dependency 'tools.jackson.datatype:jackson-datatype-joda-money:3.1.4'
2026-08-21T16:48:36.733-0300 [DEBUG] [io.spring.gradle.dependencymanagement.internal.VersionConfiguringAction] Processing requested dependency 'tools.jackson.datatype:jackson-datatype-json-org:3.1.4' with target 'tools.jackson.datatype:jackson-datatype-json-org:3.1.4
2026-08-21T16:48:36.733-0300 [DEBUG] [io.spring.gradle.dependencymanagement.internal.DependencyManagementContainer] Found managed version '3.1.4' for dependency 'tools.jackson.datatype:jackson-datatype-json-org' in global dependency management
2026-08-21T16:48:36.733-0300 [DEBUG] [io.spring.gradle.dependencymanagement.internal.VersionConfiguringAction] Using version '3.1.4' for dependency 'tools.jackson.datatype:jackson-datatype-json-org:3.1.4'
2026-08-21T16:48:36.733-0300 [DEBUG] [io.spring.gradle.dependencymanagement.internal.VersionConfiguringAction] Processing requested dependency 'tools.jackson.datatype:jackson-datatype-jsr353:3.1.4' with target 'tools.jackson.datatype:jackson-datatype-jsr353:3.1.4
2026-08-21T16:48:36.733-0300 [DEBUG] [io.spring.gradle.dependencymanagement.internal.DependencyManagementContainer] Found managed version '3.1.4' for dependency 'tools.jackson.datatype:jackson-datatype-jsr353' in global dependency management
2026-08-21T16:48:36.733-0300 [DEBUG] [io.spring.gradle.dependencymanagement.internal.VersionConfiguringAction] Using version '3.1.4' for dependency 'tools.jackson.datatype:jackson-datatype-jsr353:3.1.4'
2026-08-21T16:48:36.733-0300 [DEBUG] [io.spring.gradle.dependencymanagement.internal.VersionConfiguringAction] Processing requested dependency 'tools.jackson.datatype:jackson-datatype-moneta:3.1.4' with target 'tools.jackson.datatype:jackson-datatype-moneta:3.1.4
2026-08-21T16:48:36.733-0300 [DEBUG] [io.spring.gradle.dependencymanagement.internal.DependencyManagementContainer] Found managed version '3.1.4' for dependency 'tools.jackson.datatype:jackson-datatype-moneta' in global dependency management
2026-08-21T16:48:36.733-0300 [DEBUG] [io.spring.gradle.dependencymanagement.internal.VersionConfiguringAction] Using version '3.1.4' for dependency 'tools.jackson.datatype:jackson-datatype-moneta:3.1.4'
2026-08-21T16:48:36.733-0300 [DEBUG] [io.spring.gradle.dependencymanagement.internal.VersionConfiguringAction] Processing requested dependency 'tools.jackson.datatype:jackson-datatype-pcollections:3.1.4' with target 'tools.jackson.datatype:jackson-datatype-pcollections:3.1.4
2026-08-21T16:48:36.733-0300 [DEBUG] [io.spring.gradle.dependencymanagement.internal.DependencyManagementContainer] Found managed version '3.1.4' for dependency 'tools.jackson.datatype:jackson-datatype-pcollections' in global dependency management
2026-08-21T16:48:36.733-0300 [DEBUG] [io.spring.gradle.dependencymanagement.internal.VersionConfiguringAction] Using version '3.1.4' for dependency 'tools.jackson.datatype:jackson-datatype-pcollections:3.1.4'
2026-08-21T16:48:36.733-0300 [DEBUG] [io.spring.gradle.dependencymanagement.internal.VersionConfiguringAction] Processing requested dependency 'tools.jackson.jaxrs:jackson-jaxrs-base:3.1.4' with target 'tools.jackson.jaxrs:jackson-jaxrs-base:3.1.4
2026-08-21T16:48:36.733-0300 [DEBUG] [io.spring.gradle.dependencymanagement.internal.DependencyManagementContainer] Found managed version '3.1.4' for dependency 'tools.jackson.jaxrs:jackson-jaxrs-base' in global dependency management
2026-08-21T16:48:36.733-0300 [DEBUG] [io.spring.gradle.dependencymanagement.internal.VersionConfiguringAction] Using version '3.1.4' for dependency 'tools.jackson.jaxrs:jackson-jaxrs-base:3.1.4'
2026-08-21T16:48:36.733-0300 [DEBUG] [io.spring.gradle.dependencymanagement.internal.VersionConfiguringAction] Processing requested dependency 'tools.jackson.jaxrs:jackson-jaxrs-cbor-provider:3.1.4' with target 'tools.jackson.jaxrs:jackson-jaxrs-cbor-provider:3.1.4
2026-08-21T16:48:36.733-0300 [DEBUG] [io.spring.gradle.dependencymanagement.internal.DependencyManagementContainer] Found managed version '3.1.4' for dependency 'tools.jackson.jaxrs:jackson-jaxrs-cbor-provider' in global dependency management
2026-08-21T16:48:36.733-0300 [DEBUG] [io.spring.gradle.dependencymanagement.internal.VersionConfiguringAction] Using version '3.1.4' for dependency 'tools.jackson.jaxrs:jackson-jaxrs-cbor-provider:3.1.4'
2026-08-21T16:48:36.733-0300 [DEBUG] [io.spring.gradle.dependencymanagement.internal.VersionConfiguringAction] Processing requested dependency 'tools.jackson.jaxrs:jackson-jaxrs-json-provider:3.1.4' with target 'tools.jackson.jaxrs:jackson-jaxrs-json-provider:3.1.4
2026-08-21T16:48:36.733-0300 [DEBUG] [io.spring.gradle.dependencymanagement.internal.DependencyManagementContainer] Found managed version '3.1.4' for dependency 'tools.jackson.jaxrs:jackson-jaxrs-json-provider' in global dependency management
2026-08-21T16:48:36.733-0300 [DEBUG] [io.spring.gradle.dependencymanagement.internal.VersionConfiguringAction] Using version '3.1.4' for dependency 'tools.jackson.jaxrs:jackson-jaxrs-json-provider:3.1.4'
2026-08-21T16:48:36.733-0300 [DEBUG] [io.spring.gradle.dependencymanagement.internal.VersionConfiguringAction] Processing requested dependency 'tools.jackson.jaxrs:jackson-jaxrs-smile-provider:3.1.4' with target 'tools.jackson.jaxrs:jackson-jaxrs-smile-provider:3.1.4
2026-08-21T16:48:36.733-0300 [DEBUG] [io.spring.gradle.dependencymanagement.internal.DependencyManagementContainer] Found managed version '3.1.4' for dependency 'tools.jackson.jaxrs:jackson-jaxrs-smile-provider' in global dependency management
2026-08-21T16:48:36.733-0300 [DEBUG] [io.spring.gradle.dependencymanagement.internal.VersionConfiguringAction] Using version '3.1.4' for dependency 'tools.jackson.jaxrs:jackson-jaxrs-smile-provider:3.1.4'
2026-08-21T16:48:36.733-0300 [DEBUG] [io.spring.gradle.dependencymanagement.internal.VersionConfiguringAction] Processing requested dependency 'tools.jackson.jaxrs:jackson-jaxrs-xml-provider:3.1.4' with target 'tools.jackson.jaxrs:jackson-jaxrs-xml-provider:3.1.4
2026-08-21T16:48:36.733-0300 [DEBUG] [io.spring.gradle.dependencymanagement.internal.DependencyManagementContainer] Found managed version '3.1.4' for dependency 'tools.jackson.jaxrs:jackson-jaxrs-xml-provider' in global dependency management
2026-08-21T16:48:36.733-0300 [DEBUG] [io.spring.gradle.dependencymanagement.internal.VersionConfiguringAction] Using version '3.1.4' for dependency 'tools.jackson.jaxrs:jackson-jaxrs-xml-provider:3.1.4'
2026-08-21T16:48:36.733-0300 [DEBUG] [io.spring.gradle.dependencymanagement.internal.VersionConfiguringAction] Processing requested dependency 'tools.jackson.jaxrs:jackson-jaxrs-yaml-provider:3.1.4' with target 'tools.jackson.jaxrs:jackson-jaxrs-yaml-provider:3.1.4
2026-08-21T16:48:36.733-0300 [DEBUG] [io.spring.gradle.dependencymanagement.internal.DependencyManagementContainer] Found managed version '3.1.4' for dependency 'tools.jackson.jaxrs:jackson-jaxrs-yaml-provider' in global dependency management
2026-08-21T16:48:36.733-0300 [DEBUG] [io.spring.gradle.dependencymanagement.internal.VersionConfiguringAction] Using version '3.1.4' for dependency 'tools.jackson.jaxrs:jackson-jaxrs-yaml-provider:3.1.4'
2026-08-21T16:48:36.733-0300 [DEBUG] [io.spring.gradle.dependencymanagement.internal.VersionConfiguringAction] Processing requested dependency 'tools.jackson.jakarta.rs:jackson-jakarta-rs-base:3.1.4' with target 'tools.jackson.jakarta.rs:jackson-jakarta-rs-base:3.1.4
2026-08-21T16:48:36.733-0300 [DEBUG] [io.spring.gradle.dependencymanagement.internal.DependencyManagementContainer] Found managed version '3.1.4' for dependency 'tools.jackson.jakarta.rs:jackson-jakarta-rs-base' in global dependency management
2026-08-21T16:48:36.733-0300 [DEBUG] [io.spring.gradle.dependencymanagement.internal.VersionConfiguringAction] Using version '3.1.4' for dependency 'tools.jackson.jakarta.rs:jackson-jakarta-rs-base:3.1.4'
2026-08-21T16:48:36.733-0300 [DEBUG] [io.spring.gradle.dependencymanagement.internal.VersionConfiguringAction] Processing requested dependency 'tools.jackson.jakarta.rs:jackson-jakarta-rs-cbor-provider:3.1.4' with target 'tools.jackson.jakarta.rs:jackson-jakarta-rs-cbor-provider:3.1.4
2026-08-21T16:48:36.733-0300 [DEBUG] [io.spring.gradle.dependencymanagement.internal.DependencyManagementContainer] Found managed version '3.1.4' for dependency 'tools.jackson.jakarta.rs:jackson-jakarta-rs-cbor-provider' in global dependency management
2026-08-21T16:48:36.733-0300 [DEBUG] [io.spring.gradle.dependencymanagement.internal.VersionConfiguringAction] Using version '3.1.4' for dependency 'tools.jackson.jakarta.rs:jackson-jakarta-rs-cbor-provider:3.1.4'
2026-08-21T16:48:36.733-0300 [DEBUG] [io.spring.gradle.dependencymanagement.internal.VersionConfiguringAction] Processing requested dependency 'tools.jackson.jakarta.rs:jackson-jakarta-rs-json-provider:3.1.4' with target 'tools.jackson.jakarta.rs:jackson-jakarta-rs-json-provider:3.1.4
2026-08-21T16:48:36.733-0300 [DEBUG] [io.spring.gradle.dependencymanagement.internal.DependencyManagementContainer] Found managed version '3.1.4' for dependency 'tools.jackson.jakarta.rs:jackson-jakarta-rs-json-provider' in global dependency management
2026-08-21T16:48:36.733-0300 [DEBUG] [io.spring.gradle.dependencymanagement.internal.VersionConfiguringAction] Using version '3.1.4' for dependency 'tools.jackson.jakarta.rs:jackson-jakarta-rs-json-provider:3.1.4'
2026-08-21T16:48:36.733-0300 [DEBUG] [io.spring.gradle.dependencymanagement.internal.VersionConfiguringAction] Processing requested dependency 'tools.jackson.jakarta.rs:jackson-jakarta-rs-smile-provider:3.1.4' with target 'tools.jackson.jakarta.rs:jackson-jakarta-rs-smile-provider:3.1.4
2026-08-21T16:48:36.733-0300 [DEBUG] [io.spring.gradle.dependencymanagement.internal.DependencyManagementContainer] Found managed version '3.1.4' for dependency 'tools.jackson.jakarta.rs:jackson-jakarta-rs-smile-provider' in global dependency management
2026-08-21T16:48:36.733-0300 [DEBUG] [io.spring.gradle.dependencymanagement.internal.VersionConfiguringAction] Using version '3.1.4' for dependency 'tools.jackson.jakarta.rs:jackson-jakarta-rs-smile-provider:3.1.4'
2026-08-21T16:48:36.733-0300 [DEBUG] [io.spring.gradle.dependencymanagement.internal.VersionConfiguringAction] Processing requested dependency 'tools.jackson.jakarta.rs:jackson-jakarta-rs-xml-provider:3.1.4' with target 'tools.jackson.jakarta.rs:jackson-jakarta-rs-xml-provider:3.1.4
2026-08-21T16:48:36.733-0300 [DEBUG] [io.spring.gradle.dependencymanagement.internal.DependencyManagementContainer] Found managed version '3.1.4' for dependency 'tools.jackson.jakarta.rs:jackson-jakarta-rs-xml-provider' in global dependency management
2026-08-21T16:48:36.733-0300 [DEBUG] [io.spring.gradle.dependencymanagement.internal.VersionConfiguringAction] Using version '3.1.4' for dependency 'tools.jackson.jakarta.rs:jackson-jakarta-rs-xml-provider:3.1.4'
2026-08-21T16:48:36.734-0300 [DEBUG] [io.spring.gradle.dependencymanagement.internal.VersionConfiguringAction] Processing requested dependency 'tools.jackson.jakarta.rs:jackson-jakarta-rs-yaml-provider:3.1.4' with target 'tools.jackson.jakarta.rs:jackson-jakarta-rs-yaml-provider:3.1.4
2026-08-21T16:48:36.734-0300 [DEBUG] [io.spring.gradle.dependencymanagement.internal.DependencyManagementContainer] Found managed version '3.1.4' for dependency 'tools.jackson.jakarta.rs:jackson-jakarta-rs-yaml-provider' in global dependency management
2026-08-21T16:48:36.734-0300 [DEBUG] [io.spring.gradle.dependencymanagement.internal.VersionConfiguringAction] Using version '3.1.4' for dependency 'tools.jackson.jakarta.rs:jackson-jakarta-rs-yaml-provider:3.1.4'
2026-08-21T16:48:36.734-0300 [DEBUG] [io.spring.gradle.dependencymanagement.internal.VersionConfiguringAction] Processing requested dependency 'tools.jackson.jr:jackson-jr-all:3.1.4' with target 'tools.jackson.jr:jackson-jr-all:3.1.4
2026-08-21T16:48:36.734-0300 [DEBUG] [io.spring.gradle.dependencymanagement.internal.DependencyManagementContainer] Found managed version '3.1.4' for dependency 'tools.jackson.jr:jackson-jr-all' in global dependency management
2026-08-21T16:48:36.734-0300 [DEBUG] [io.spring.gradle.dependencymanagement.internal.VersionConfiguringAction] Using version '3.1.4' for dependency 'tools.jackson.jr:jackson-jr-all:3.1.4'
2026-08-21T16:48:36.734-0300 [DEBUG] [io.spring.gradle.dependencymanagement.internal.VersionConfiguringAction] Processing requested dependency 'tools.jackson.jr:jackson-jr-annotation-support:3.1.4' with target 'tools.jackson.jr:jackson-jr-annotation-support:3.1.4
2026-08-21T16:48:36.734-0300 [DEBUG] [io.spring.gradle.dependencymanagement.internal.DependencyManagementContainer] Found managed version '3.1.4' for dependency 'tools.jackson.jr:jackson-jr-annotation-support' in global dependency management
2026-08-21T16:48:36.734-0300 [DEBUG] [io.spring.gradle.dependencymanagement.internal.VersionConfiguringAction] Using version '3.1.4' for dependency 'tools.jackson.jr:jackson-jr-annotation-support:3.1.4'
2026-08-21T16:48:36.734-0300 [DEBUG] [io.spring.gradle.dependencymanagement.internal.VersionConfiguringAction] Processing requested dependency 'tools.jackson.jr:jackson-jr-extension-javatime:3.1.4' with target 'tools.jackson.jr:jackson-jr-extension-javatime:3.1.4
2026-08-21T16:48:36.734-0300 [DEBUG] [io.spring.gradle.dependencymanagement.internal.DependencyManagementContainer] Found managed version '3.1.4' for dependency 'tools.jackson.jr:jackson-jr-extension-javatime' in global dependency management
2026-08-21T16:48:36.734-0300 [DEBUG] [io.spring.gradle.dependencymanagement.internal.VersionConfiguringAction] Using version '3.1.4' for dependency 'tools.jackson.jr:jackson-jr-extension-javatime:3.1.4'
2026-08-21T16:48:36.734-0300 [DEBUG] [io.spring.gradle.dependencymanagement.internal.VersionConfiguringAction] Processing requested dependency 'tools.jackson.jr:jackson-jr-objects:3.1.4' with target 'tools.jackson.jr:jackson-jr-objects:3.1.4
2026-08-21T16:48:36.734-0300 [DEBUG] [io.spring.gradle.dependencymanagement.internal.DependencyManagementContainer] Found managed version '3.1.4' for dependency 'tools.jackson.jr:jackson-jr-objects' in global dependency management
2026-08-21T16:48:36.734-0300 [DEBUG] [io.spring.gradle.dependencymanagement.internal.VersionConfiguringAction] Using version '3.1.4' for dependency 'tools.jackson.jr:jackson-jr-objects:3.1.4'
2026-08-21T16:48:36.734-0300 [DEBUG] [io.spring.gradle.dependencymanagement.internal.VersionConfiguringAction] Processing requested dependency 'tools.jackson.jr:jackson-jr-retrofit2:3.1.4' with target 'tools.jackson.jr:jackson-jr-retrofit2:3.1.4
2026-08-21T16:48:36.734-0300 [DEBUG] [io.spring.gradle.dependencymanagement.internal.DependencyManagementContainer] Found managed version '3.1.4' for dependency 'tools.jackson.jr:jackson-jr-retrofit2' in global dependency management
2026-08-21T16:48:36.734-0300 [DEBUG] [io.spring.gradle.dependencymanagement.internal.VersionConfiguringAction] Using version '3.1.4' for dependency 'tools.jackson.jr:jackson-jr-retrofit2:3.1.4'
2026-08-21T16:48:36.734-0300 [DEBUG] [io.spring.gradle.dependencymanagement.internal.VersionConfiguringAction] Processing requested dependency 'tools.jackson.jr:jackson-jr-stree:3.1.4' with target 'tools.jackson.jr:jackson-jr-stree:3.1.4
2026-08-21T16:48:36.734-0300 [DEBUG] [io.spring.gradle.dependencymanagement.internal.DependencyManagementContainer] Found managed version '3.1.4' for dependency 'tools.jackson.jr:jackson-jr-stree' in global dependency management
2026-08-21T16:48:36.734-0300 [DEBUG] [io.spring.gradle.dependencymanagement.internal.VersionConfiguringAction] Using version '3.1.4' for dependency 'tools.jackson.jr:jackson-jr-stree:3.1.4'
2026-08-21T16:48:36.734-0300 [DEBUG] [io.spring.gradle.dependencymanagement.internal.VersionConfiguringAction] Processing requested dependency 'tools.jackson.module:jackson-module-afterburner:3.1.4' with target 'tools.jackson.module:jackson-module-afterburner:3.1.4
2026-08-21T16:48:36.734-0300 [DEBUG] [io.spring.gradle.dependencymanagement.internal.DependencyManagementContainer] Found managed version '3.1.4' for dependency 'tools.jackson.module:jackson-module-afterburner' in global dependency management
2026-08-21T16:48:36.734-0300 [DEBUG] [io.spring.gradle.dependencymanagement.internal.VersionConfiguringAction] Using version '3.1.4' for dependency 'tools.jackson.module:jackson-module-afterburner:3.1.4'
2026-08-21T16:48:36.734-0300 [DEBUG] [io.spring.gradle.dependencymanagement.internal.VersionConfiguringAction] Processing requested dependency 'tools.jackson.module:jackson-module-android-record:3.1.4' with target 'tools.jackson.module:jackson-module-android-record:3.1.4
2026-08-21T16:48:36.734-0300 [DEBUG] [io.spring.gradle.dependencymanagement.internal.DependencyManagementContainer] Found managed version '3.1.4' for dependency 'tools.jackson.module:jackson-module-android-record' in global dependency management
2026-08-21T16:48:36.734-0300 [DEBUG] [io.spring.gradle.dependencymanagement.internal.VersionConfiguringAction] Using version '3.1.4' for dependency 'tools.jackson.module:jackson-module-android-record:3.1.4'
2026-08-21T16:48:36.734-0300 [DEBUG] [io.spring.gradle.dependencymanagement.internal.VersionConfiguringAction] Processing requested dependency 'tools.jackson.module:jackson-module-blackbird:3.1.4' with target 'tools.jackson.module:jackson-module-blackbird:3.1.4
2026-08-21T16:48:36.734-0300 [DEBUG] [io.spring.gradle.dependencymanagement.internal.DependencyManagementContainer] Found managed version '3.1.4' for dependency 'tools.jackson.module:jackson-module-blackbird' in global dependency management
2026-08-21T16:48:36.734-0300 [DEBUG] [io.spring.gradle.dependencymanagement.internal.VersionConfiguringAction] Using version '3.1.4' for dependency 'tools.jackson.module:jackson-module-blackbird:3.1.4'
2026-08-21T16:48:36.734-0300 [DEBUG] [io.spring.gradle.dependencymanagement.internal.VersionConfiguringAction] Processing requested dependency 'tools.jackson.module:jackson-module-guice:3.1.4' with target 'tools.jackson.module:jackson-module-guice:3.1.4
2026-08-21T16:48:36.734-0300 [DEBUG] [io.spring.gradle.dependencymanagement.internal.DependencyManagementContainer] Found managed version '3.1.4' for dependency 'tools.jackson.module:jackson-module-guice' in global dependency management
2026-08-21T16:48:36.734-0300 [DEBUG] [io.spring.gradle.dependencymanagement.internal.VersionConfiguringAction] Using version '3.1.4' for dependency 'tools.jackson.module:jackson-module-guice:3.1.4'
2026-08-21T16:48:36.734-0300 [DEBUG] [io.spring.gradle.dependencymanagement.internal.VersionConfiguringAction] Processing requested dependency 'tools.jackson.module:jackson-module-guice7:3.1.4' with target 'tools.jackson.module:jackson-module-guice7:3.1.4
2026-08-21T16:48:36.734-0300 [DEBUG] [io.spring.gradle.dependencymanagement.internal.DependencyManagementContainer] Found managed version '3.1.4' for dependency 'tools.jackson.module:jackson-module-guice7' in global dependency management
2026-08-21T16:48:36.734-0300 [DEBUG] [io.spring.gradle.dependencymanagement.internal.VersionConfiguringAction] Using version '3.1.4' for dependency 'tools.jackson.module:jackson-module-guice7:3.1.4'
2026-08-21T16:48:36.734-0300 [DEBUG] [io.spring.gradle.dependencymanagement.internal.VersionConfiguringAction] Processing requested dependency 'tools.jackson.module:jackson-module-jaxb-annotations:3.1.4' with target 'tools.jackson.module:jackson-module-jaxb-annotations:3.1.4
2026-08-21T16:48:36.734-0300 [DEBUG] [io.spring.gradle.dependencymanagement.internal.DependencyManagementContainer] Found managed version '3.1.4' for dependency 'tools.jackson.module:jackson-module-jaxb-annotations' in global dependency management
2026-08-21T16:48:36.734-0300 [DEBUG] [io.spring.gradle.dependencymanagement.internal.VersionConfiguringAction] Using version '3.1.4' for dependency 'tools.jackson.module:jackson-module-jaxb-annotations:3.1.4'
2026-08-21T16:48:36.734-0300 [DEBUG] [io.spring.gradle.dependencymanagement.internal.VersionConfiguringAction] Processing requested dependency 'tools.jackson.module:jackson-module-jakarta-xmlbind-annotations:3.1.4' with target 'tools.jackson.module:jackson-module-jakarta-xmlbind-annotations:3.1.4
2026-08-21T16:48:36.734-0300 [DEBUG] [io.spring.gradle.dependencymanagement.internal.DependencyManagementContainer] Found managed version '3.1.4' for dependency 'tools.jackson.module:jackson-module-jakarta-xmlbind-annotations' in global dependency management
2026-08-21T16:48:36.734-0300 [DEBUG] [io.spring.gradle.dependencymanagement.internal.VersionConfiguringAction] Using version '3.1.4' for dependency 'tools.jackson.module:jackson-module-jakarta-xmlbind-annotations:3.1.4'
2026-08-21T16:48:36.734-0300 [DEBUG] [io.spring.gradle.dependencymanagement.internal.VersionConfiguringAction] Processing requested dependency 'tools.jackson.module:jackson-module-jsonSchema:3.1.4' with target 'tools.jackson.module:jackson-module-jsonSchema:3.1.4
2026-08-21T16:48:36.734-0300 [DEBUG] [io.spring.gradle.dependencymanagement.internal.DependencyManagementContainer] Found managed version '3.1.4' for dependency 'tools.jackson.module:jackson-module-jsonSchema' in global dependency management
2026-08-21T16:48:36.734-0300 [DEBUG] [io.spring.gradle.dependencymanagement.internal.VersionConfiguringAction] Using version '3.1.4' for dependency 'tools.jackson.module:jackson-module-jsonSchema:3.1.4'
2026-08-21T16:48:36.734-0300 [DEBUG] [io.spring.gradle.dependencymanagement.internal.VersionConfiguringAction] Processing requested dependency 'tools.jackson.module:jackson-module-jsonSchema-jakarta:3.1.4' with target 'tools.jackson.module:jackson-module-jsonSchema-jakarta:3.1.4
2026-08-21T16:48:36.734-0300 [DEBUG] [io.spring.gradle.dependencymanagement.internal.DependencyManagementContainer] Found managed version '3.1.4' for dependency 'tools.jackson.module:jackson-module-jsonSchema-jakarta' in global dependency management
2026-08-21T16:48:36.734-0300 [DEBUG] [io.spring.gradle.dependencymanagement.internal.VersionConfiguringAction] Using version '3.1.4' for dependency 'tools.jackson.module:jackson-module-jsonSchema-jakarta:3.1.4'
2026-08-21T16:48:36.734-0300 [DEBUG] [io.spring.gradle.dependencymanagement.internal.VersionConfiguringAction] Processing requested dependency 'tools.jackson.module:jackson-module-kotlin:3.1.4' with target 'tools.jackson.module:jackson-module-kotlin:3.1.4
2026-08-21T16:48:36.734-0300 [DEBUG] [io.spring.gradle.dependencymanagement.internal.DependencyManagementContainer] Found managed version '3.1.4' for dependency 'tools.jackson.module:jackson-module-kotlin' in global dependency management
2026-08-21T16:48:36.734-0300 [DEBUG] [io.spring.gradle.dependencymanagement.internal.VersionConfiguringAction] Using version '3.1.4' for dependency 'tools.jackson.module:jackson-module-kotlin:3.1.4'
2026-08-21T16:48:36.734-0300 [DEBUG] [io.spring.gradle.dependencymanagement.internal.VersionConfiguringAction] Processing requested dependency 'tools.jackson.module:jackson-module-mrbean:3.1.4' with target 'tools.jackson.module:jackson-module-mrbean:3.1.4
2026-08-21T16:48:36.734-0300 [DEBUG] [io.spring.gradle.dependencymanagement.internal.DependencyManagementContainer] Found managed version '3.1.4' for dependency 'tools.jackson.module:jackson-module-mrbean' in global dependency management
2026-08-21T16:48:36.734-0300 [DEBUG] [io.spring.gradle.dependencymanagement.internal.VersionConfiguringAction] Using version '3.1.4' for dependency 'tools.jackson.module:jackson-module-mrbean:3.1.4'
2026-08-21T16:48:36.734-0300 [DEBUG] [io.spring.gradle.dependencymanagement.internal.VersionConfiguringAction] Processing requested dependency 'tools.jackson.module:jackson-module-no-ctor-deser:3.1.4' with target 'tools.jackson.module:jackson-module-no-ctor-deser:3.1.4
2026-08-21T16:48:36.734-0300 [DEBUG] [io.spring.gradle.dependencymanagement.internal.DependencyManagementContainer] Found managed version '3.1.4' for dependency 'tools.jackson.module:jackson-module-no-ctor-deser' in global dependency management
2026-08-21T16:48:36.735-0300 [DEBUG] [io.spring.gradle.dependencymanagement.internal.VersionConfiguringAction] Using version '3.1.4' for dependency 'tools.jackson.module:jackson-module-no-ctor-deser:3.1.4'
2026-08-21T16:48:36.735-0300 [DEBUG] [io.spring.gradle.dependencymanagement.internal.VersionConfiguringAction] Processing requested dependency 'tools.jackson.module:jackson-module-osgi:3.1.4' with target 'tools.jackson.module:jackson-module-osgi:3.1.4
2026-08-21T16:48:36.735-0300 [DEBUG] [io.spring.gradle.dependencymanagement.internal.DependencyManagementContainer] Found managed version '3.1.4' for dependency 'tools.jackson.module:jackson-module-osgi' in global dependency management
2026-08-21T16:48:36.735-0300 [DEBUG] [io.spring.gradle.dependencymanagement.internal.VersionConfiguringAction] Using version '3.1.4' for dependency 'tools.jackson.module:jackson-module-osgi:3.1.4'
2026-08-21T16:48:36.735-0300 [DEBUG] [io.spring.gradle.dependencymanagement.internal.VersionConfiguringAction] Processing requested dependency 'tools.jackson.module:jackson-module-scala_2.12:3.1.4' with target 'tools.jackson.module:jackson-module-scala_2.12:3.1.4
2026-08-21T16:48:36.735-0300 [DEBUG] [io.spring.gradle.dependencymanagement.internal.DependencyManagementContainer] Found managed version '3.1.4' for dependency 'tools.jackson.module:jackson-module-scala_2.12' in global dependency management
2026-08-21T16:48:36.735-0300 [DEBUG] [io.spring.gradle.dependencymanagement.internal.VersionConfiguringAction] Using version '3.1.4' for dependency 'tools.jackson.module:jackson-module-scala_2.12:3.1.4'
2026-08-21T16:48:36.735-0300 [DEBUG] [io.spring.gradle.dependencymanagement.internal.VersionConfiguringAction] Processing requested dependency 'tools.jackson.module:jackson-module-scala_2.13:3.1.4' with target 'tools.jackson.module:jackson-module-scala_2.13:3.1.4
2026-08-21T16:48:36.735-0300 [DEBUG] [io.spring.gradle.dependencymanagement.internal.DependencyManagementContainer] Found managed version '3.1.4' for dependency 'tools.jackson.module:jackson-module-scala_2.13' in global dependency management
2026-08-21T16:48:36.735-0300 [DEBUG] [io.spring.gradle.dependencymanagement.internal.VersionConfiguringAction] Using version '3.1.4' for dependency 'tools.jackson.module:jackson-module-scala_2.13:3.1.4'
2026-08-21T16:48:36.735-0300 [DEBUG] [io.spring.gradle.dependencymanagement.internal.VersionConfiguringAction] Processing requested dependency 'tools.jackson.module:jackson-module-scala_3:3.1.4' with target 'tools.jackson.module:jackson-module-scala_3:3.1.4
2026-08-21T16:48:36.735-0300 [DEBUG] [io.spring.gradle.dependencymanagement.internal.DependencyManagementContainer] Found managed version '3.1.4' for dependency 'tools.jackson.module:jackson-module-scala_3' in global dependency management
2026-08-21T16:48:36.735-0300 [DEBUG] [io.spring.gradle.dependencymanagement.internal.VersionConfiguringAction] Using version '3.1.4' for dependency 'tools.jackson.module:jackson-module-scala_3:3.1.4'
2026-08-21T16:48:36.735-0300 [DEBUG] [io.spring.gradle.dependencymanagement.internal.VersionConfiguringAction] Processing requested dependency 'org.springframework.boot:spring-boot-netty:4.1.0' with target 'org.springframework.boot:spring-boot-netty:4.1.0
2026-08-21T16:48:36.735-0300 [DEBUG] [io.spring.gradle.dependencymanagement.internal.DependencyManagementContainer] Found managed version '4.1.0' for dependency 'org.springframework.boot:spring-boot-netty' in global dependency management
2026-08-21T16:48:36.735-0300 [DEBUG] [io.spring.gradle.dependencymanagement.internal.VersionConfiguringAction] Using version '4.1.0' for dependency 'org.springframework.boot:spring-boot-netty:4.1.0'
2026-08-21T16:48:36.735-0300 [DEBUG] [io.spring.gradle.dependencymanagement.internal.VersionConfiguringAction] Processing requested dependency 'io.lettuce:lettuce-core:7.5.2.RELEASE' with target 'io.lettuce:lettuce-core:7.5.2.RELEASE
2026-08-21T16:48:36.735-0300 [DEBUG] [io.spring.gradle.dependencymanagement.internal.DependencyManagementContainer] Found managed version '7.5.2.RELEASE' for dependency 'io.lettuce:lettuce-core' in global dependency management
2026-08-21T16:48:36.735-0300 [DEBUG] [io.spring.gradle.dependencymanagement.internal.VersionConfiguringAction] Using version '7.5.2.RELEASE' for dependency 'io.lettuce:lettuce-core:7.5.2.RELEASE'
2026-08-21T16:48:36.735-0300 [DEBUG] [io.spring.gradle.dependencymanagement.internal.VersionConfiguringAction] Processing requested dependency 'org.springframework.data:spring-data-redis:4.1.0' with target 'org.springframework.data:spring-data-redis:4.1.0
2026-08-21T16:48:36.735-0300 [DEBUG] [io.spring.gradle.dependencymanagement.internal.DependencyManagementContainer] Found managed version '4.1.0' for dependency 'org.springframework.data:spring-data-redis' in global dependency management
2026-08-21T16:48:36.735-0300 [DEBUG] [io.spring.gradle.dependencymanagement.internal.VersionConfiguringAction] Using version '4.1.0' for dependency 'org.springframework.data:spring-data-redis:4.1.0'
2026-08-21T16:48:36.735-0300 [DEBUG] [org.gradle.api.internal.artifacts.ivyservice.ivyresolve.RepositoryChainComponentMetaDataResolver] Attempting to resolve component for org.springframework.boot:spring-boot-netty:4.1.0 using repositories [MavenRepo]
2026-08-21T16:48:36.735-0300 [DEBUG] [org.gradle.api.internal.artifacts.ivyservice.ivyresolve.CachingModuleComponentRepository] Using cached module metadata for module 'org.springframework.boot:spring-boot-netty:4.1.0' in 'MavenRepo'
2026-08-21T16:48:36.735-0300 [DEBUG] [org.gradle.api.internal.artifacts.ivyservice.ivyresolve.RepositoryChainComponentMetaDataResolver] Using org.springframework.boot:spring-boot-netty:4.1.0 from org.gradle.api.internal.artifacts.ivyservice.ivyresolve.FilteredModuleComponentRepository@6745bebc
2026-08-21T16:48:36.735-0300 [DEBUG] [org.gradle.api.internal.artifacts.ivyservice.ivyresolve.RepositoryChainComponentMetaDataResolver] Attempting to resolve component for io.lettuce:lettuce-core:7.5.2.RELEASE using repositories [MavenRepo]
2026-08-21T16:48:36.735-0300 [DEBUG] [org.gradle.api.internal.artifacts.ivyservice.ivyresolve.CachingModuleComponentRepository] Using cached module metadata for module 'io.lettuce:lettuce-core:7.5.2.RELEASE' in 'MavenRepo'
2026-08-21T16:48:36.735-0300 [DEBUG] [org.gradle.api.internal.artifacts.ivyservice.ivyresolve.RepositoryChainComponentMetaDataResolver] Using io.lettuce:lettuce-core:7.5.2.RELEASE from org.gradle.api.internal.artifacts.ivyservice.ivyresolve.FilteredModuleComponentRepository@6745bebc
2026-08-21T16:48:36.735-0300 [DEBUG] [org.gradle.api.internal.artifacts.ivyservice.ivyresolve.RepositoryChainComponentMetaDataResolver] Attempting to resolve component for org.springframework.data:spring-data-redis:4.1.0 using repositories [MavenRepo]
2026-08-21T16:48:36.735-0300 [DEBUG] [org.gradle.api.internal.artifacts.ivyservice.ivyresolve.CachingModuleComponentRepository] Using cached module metadata for module 'org.springframework.data:spring-data-redis:4.1.0' in 'MavenRepo'
2026-08-21T16:48:36.735-0300 [DEBUG] [org.gradle.api.internal.artifacts.ivyservice.ivyresolve.RepositoryChainComponentMetaDataResolver] Using org.springframework.data:spring-data-redis:4.1.0 from org.gradle.api.internal.artifacts.ivyservice.ivyresolve.FilteredModuleComponentRepository@6745bebc
2026-08-21T16:48:36.735-0300 [DEBUG] [io.spring.gradle.dependencymanagement.internal.VersionConfiguringAction] Processing requested dependency 'org.springframework:spring-beans:7.0.8' with target 'org.springframework:spring-beans:7.0.8
2026-08-21T16:48:36.735-0300 [DEBUG] [io.spring.gradle.dependencymanagement.internal.DependencyManagementContainer] Found managed version '7.0.8' for dependency 'org.springframework:spring-beans' in global dependency management
2026-08-21T16:48:36.735-0300 [DEBUG] [io.spring.gradle.dependencymanagement.internal.VersionConfiguringAction] Using version '7.0.8' for dependency 'org.springframework:spring-beans:7.0.8'
2026-08-21T16:48:36.735-0300 [DEBUG] [org.gradle.api.internal.artifacts.ivyservice.ivyresolve.RepositoryChainComponentMetaDataResolver] Attempting to resolve component for org.springframework:spring-beans:7.0.8 using repositories [MavenRepo]
2026-08-21T16:48:36.735-0300 [DEBUG] [org.gradle.api.internal.artifacts.ivyservice.ivyresolve.CachingModuleComponentRepository] Using cached module metadata for module 'org.springframework:spring-beans:7.0.8' in 'MavenRepo'
2026-08-21T16:48:36.735-0300 [DEBUG] [org.gradle.api.internal.artifacts.ivyservice.ivyresolve.RepositoryChainComponentMetaDataResolver] Using org.springframework:spring-beans:7.0.8 from org.gradle.api.internal.artifacts.ivyservice.ivyresolve.FilteredModuleComponentRepository@6745bebc
2026-08-21T16:48:36.735-0300 [DEBUG] [io.spring.gradle.dependencymanagement.internal.VersionConfiguringAction] Processing requested dependency 'org.slf4j:slf4j-api:2.0.17' with target 'org.slf4j:slf4j-api:2.0.17
2026-08-21T16:48:36.735-0300 [DEBUG] [io.spring.gradle.dependencymanagement.internal.DependencyManagementContainer] Found managed version '2.0.18' for dependency 'org.slf4j:slf4j-api' in global dependency management
2026-08-21T16:48:36.735-0300 [DEBUG] [io.spring.gradle.dependencymanagement.internal.VersionConfiguringAction] Using version '2.0.18' for dependency 'org.slf4j:slf4j-api:2.0.17'
2026-08-21T16:48:36.735-0300 [DEBUG] [org.gradle.api.internal.artifacts.ivyservice.ivyresolve.RepositoryChainComponentMetaDataResolver] Attempting to resolve component for org.slf4j:slf4j-api:2.0.18 using repositories [MavenRepo]
2026-08-21T16:48:36.735-0300 [DEBUG] [org.gradle.api.internal.artifacts.ivyservice.ivyresolve.CachingModuleComponentRepository] Using cached module metadata for module 'org.slf4j:slf4j-api:2.0.18' in 'MavenRepo'
2026-08-21T16:48:36.735-0300 [DEBUG] [org.gradle.api.internal.artifacts.ivyservice.ivyresolve.RepositoryChainComponentMetaDataResolver] Using org.slf4j:slf4j-api:2.0.18 from org.gradle.api.internal.artifacts.ivyservice.ivyresolve.FilteredModuleComponentRepository@6745bebc
2026-08-21T16:48:36.735-0300 [DEBUG] [io.spring.gradle.dependencymanagement.internal.VersionConfiguringAction] Processing requested dependency 'jakarta.activation:jakarta.activation-api:2.1.4' with target 'jakarta.activation:jakarta.activation-api:2.1.4
2026-08-21T16:48:36.735-0300 [DEBUG] [io.spring.gradle.dependencymanagement.internal.DependencyManagementContainer] Found managed version '2.1.4' for dependency 'jakarta.activation:jakarta.activation-api' in global dependency management
2026-08-21T16:48:36.735-0300 [DEBUG] [io.spring.gradle.dependencymanagement.internal.VersionConfiguringAction] Using version '2.1.4' for dependency 'jakarta.activation:jakarta.activation-api:2.1.4'
2026-08-21T16:48:36.735-0300 [DEBUG] [org.gradle.api.internal.artifacts.ivyservice.ivyresolve.RepositoryChainComponentMetaDataResolver] Attempting to resolve component for jakarta.activation:jakarta.activation-api:2.1.4 using repositories [MavenRepo]
2026-08-21T16:48:36.735-0300 [DEBUG] [org.gradle.api.internal.artifacts.ivyservice.ivyresolve.CachingModuleComponentRepository] Using cached module metadata for module 'jakarta.activation:jakarta.activation-api:2.1.4' in 'MavenRepo'
2026-08-21T16:48:36.735-0300 [DEBUG] [org.gradle.api.internal.artifacts.ivyservice.ivyresolve.RepositoryChainComponentMetaDataResolver] Using jakarta.activation:jakarta.activation-api:2.1.4 from org.gradle.api.internal.artifacts.ivyservice.ivyresolve.FilteredModuleComponentRepository@6745bebc
2026-08-21T16:48:36.735-0300 [DEBUG] [io.spring.gradle.dependencymanagement.internal.VersionConfiguringAction] Processing requested dependency 'net.minidev:accessors-smart:2.6.0' with target 'net.minidev:accessors-smart:2.6.0
2026-08-21T16:48:36.736-0300 [DEBUG] [io.spring.gradle.dependencymanagement.internal.VersionConfiguringAction] No dependency management for dependency 'net.minidev:accessors-smart:2.6.0'
2026-08-21T16:48:36.736-0300 [DEBUG] [org.gradle.api.internal.artifacts.ivyservice.ivyresolve.RepositoryChainComponentMetaDataResolver] Attempting to resolve component for net.minidev:accessors-smart:2.6.0 using repositories [MavenRepo]
2026-08-21T16:48:36.736-0300 [DEBUG] [org.gradle.api.internal.artifacts.ivyservice.ivyresolve.CachingModuleComponentRepository] Using cached module metadata for module 'net.minidev:accessors-smart:2.6.0' in 'MavenRepo'
2026-08-21T16:48:36.736-0300 [DEBUG] [org.gradle.api.internal.artifacts.ivyservice.ivyresolve.RepositoryChainComponentMetaDataResolver] Using net.minidev:accessors-smart:2.6.0 from org.gradle.api.internal.artifacts.ivyservice.ivyresolve.FilteredModuleComponentRepository@6745bebc
2026-08-21T16:48:36.736-0300 [DEBUG] [io.spring.gradle.dependencymanagement.internal.VersionConfiguringAction] Processing requested dependency 'net.bytebuddy:byte-buddy:1.18.3' with target 'net.bytebuddy:byte-buddy:1.18.3
2026-08-21T16:48:36.736-0300 [DEBUG] [io.spring.gradle.dependencymanagement.internal.DependencyManagementContainer] Found managed version '1.18.10' for dependency 'net.bytebuddy:byte-buddy' in global dependency management
2026-08-21T16:48:36.736-0300 [DEBUG] [io.spring.gradle.dependencymanagement.internal.VersionConfiguringAction] Using version '1.18.10' for dependency 'net.bytebuddy:byte-buddy:1.18.3'
2026-08-21T16:48:36.736-0300 [DEBUG] [org.gradle.api.internal.artifacts.ivyservice.ivyresolve.RepositoryChainComponentMetaDataResolver] Attempting to resolve component for net.bytebuddy:byte-buddy:1.18.10 using repositories [MavenRepo]
2026-08-21T16:48:36.736-0300 [DEBUG] [org.gradle.api.internal.artifacts.ivyservice.ivyresolve.CachingModuleComponentRepository] Using cached module metadata for module 'net.bytebuddy:byte-buddy:1.18.10' in 'MavenRepo'
2026-08-21T16:48:36.736-0300 [DEBUG] [org.gradle.api.internal.artifacts.ivyservice.ivyresolve.RepositoryChainComponentMetaDataResolver] Using net.bytebuddy:byte-buddy:1.18.10 from org.gradle.api.internal.artifacts.ivyservice.ivyresolve.FilteredModuleComponentRepository@6745bebc
2026-08-21T16:48:36.736-0300 [DEBUG] [io.spring.gradle.dependencymanagement.internal.VersionConfiguringAction] Processing requested dependency 'org.hamcrest:hamcrest:2.1' with target 'org.hamcrest:hamcrest:2.1
2026-08-21T16:48:36.736-0300 [DEBUG] [io.spring.gradle.dependencymanagement.internal.DependencyManagementContainer] Found managed version '3.0' for dependency 'org.hamcrest:hamcrest' in global dependency management
2026-08-21T16:48:36.736-0300 [DEBUG] [io.spring.gradle.dependencymanagement.internal.VersionConfiguringAction] Using version '3.0' for dependency 'org.hamcrest:hamcrest:2.1'
2026-08-21T16:48:36.736-0300 [DEBUG] [org.gradle.api.internal.artifacts.ivyservice.ivyresolve.RepositoryChainComponentMetaDataResolver] Attempting to resolve component for org.junit.jupiter:junit-jupiter-engine:6.0.3 using repositories [MavenRepo]
2026-08-21T16:48:36.736-0300 [DEBUG] [org.gradle.api.internal.artifacts.ivyservice.ivyresolve.CachingModuleComponentRepository] Using cached module metadata for module 'org.junit.jupiter:junit-jupiter-engine:6.0.3' in 'MavenRepo'
2026-08-21T16:48:36.736-0300 [DEBUG] [org.gradle.api.internal.artifacts.ivyservice.ivyresolve.RepositoryChainComponentMetaDataResolver] Using org.junit.jupiter:junit-jupiter-engine:6.0.3 from org.gradle.api.internal.artifacts.ivyservice.ivyresolve.FilteredModuleComponentRepository@6745bebc
2026-08-21T16:48:36.736-0300 [DEBUG] [org.gradle.api.internal.artifacts.ivyservice.ivyresolve.RepositoryChainComponentMetaDataResolver] Attempting to resolve component for org.junit.jupiter:junit-jupiter-api:6.0.3 using repositories [MavenRepo]
2026-08-21T16:48:36.736-0300 [DEBUG] [org.gradle.api.internal.artifacts.ivyservice.ivyresolve.CachingModuleComponentRepository] Using cached module metadata for module 'org.junit.jupiter:junit-jupiter-api:6.0.3' in 'MavenRepo'
2026-08-21T16:48:36.736-0300 [DEBUG] [org.gradle.api.internal.artifacts.ivyservice.ivyresolve.RepositoryChainComponentMetaDataResolver] Using org.junit.jupiter:junit-jupiter-api:6.0.3 from org.gradle.api.internal.artifacts.ivyservice.ivyresolve.FilteredModuleComponentRepository@6745bebc
2026-08-21T16:48:36.736-0300 [DEBUG] [org.gradle.api.internal.artifacts.ivyservice.ivyresolve.RepositoryChainComponentMetaDataResolver] Attempting to resolve component for org.junit.jupiter:junit-jupiter-params:6.0.3 using repositories [MavenRepo]
2026-08-21T16:48:36.736-0300 [DEBUG] [org.gradle.api.internal.artifacts.ivyservice.ivyresolve.CachingModuleComponentRepository] Using cached module metadata for module 'org.junit.jupiter:junit-jupiter-params:6.0.3' in 'MavenRepo'
2026-08-21T16:48:36.736-0300 [DEBUG] [org.gradle.api.internal.artifacts.ivyservice.ivyresolve.RepositoryChainComponentMetaDataResolver] Using org.junit.jupiter:junit-jupiter-params:6.0.3 from org.gradle.api.internal.artifacts.ivyservice.ivyresolve.FilteredModuleComponentRepository@6745bebc
2026-08-21T16:48:36.736-0300 [DEBUG] [io.spring.gradle.dependencymanagement.internal.VersionConfiguringAction] Processing requested dependency 'net.bytebuddy:byte-buddy:1.17.7' with target 'net.bytebuddy:byte-buddy:1.17.7
2026-08-21T16:48:36.736-0300 [DEBUG] [io.spring.gradle.dependencymanagement.internal.DependencyManagementContainer] Found managed version '1.18.10' for dependency 'net.bytebuddy:byte-buddy' in global dependency management
2026-08-21T16:48:36.736-0300 [DEBUG] [io.spring.gradle.dependencymanagement.internal.VersionConfiguringAction] Using version '1.18.10' for dependency 'net.bytebuddy:byte-buddy:1.17.7'
2026-08-21T16:48:36.736-0300 [DEBUG] [io.spring.gradle.dependencymanagement.internal.VersionConfiguringAction] Processing requested dependency 'net.bytebuddy:byte-buddy-agent:1.17.7' with target 'net.bytebuddy:byte-buddy-agent:1.17.7
2026-08-21T16:48:36.736-0300 [DEBUG] [io.spring.gradle.dependencymanagement.internal.DependencyManagementContainer] Found managed version '1.18.10' for dependency 'net.bytebuddy:byte-buddy-agent' in global dependency management
2026-08-21T16:48:36.736-0300 [DEBUG] [io.spring.gradle.dependencymanagement.internal.VersionConfiguringAction] Using version '1.18.10' for dependency 'net.bytebuddy:byte-buddy-agent:1.17.7'
2026-08-21T16:48:36.736-0300 [DEBUG] [io.spring.gradle.dependencymanagement.internal.VersionConfiguringAction] Processing requested dependency 'org.objenesis:objenesis:3.3' with target 'org.objenesis:objenesis:3.3
2026-08-21T16:48:36.736-0300 [DEBUG] [io.spring.gradle.dependencymanagement.internal.VersionConfiguringAction] No dependency management for dependency 'org.objenesis:objenesis:3.3'
2026-08-21T16:48:36.736-0300 [DEBUG] [org.gradle.api.internal.artifacts.ivyservice.ivyresolve.RepositoryChainComponentMetaDataResolver] Attempting to resolve component for net.bytebuddy:byte-buddy-agent:1.18.10 using repositories [MavenRepo]
2026-08-21T16:48:36.736-0300 [DEBUG] [org.gradle.api.internal.artifacts.ivyservice.ivyresolve.CachingModuleComponentRepository] Using cached module metadata for module 'net.bytebuddy:byte-buddy-agent:1.18.10' in 'MavenRepo'
2026-08-21T16:48:36.736-0300 [DEBUG] [org.gradle.api.internal.artifacts.ivyservice.ivyresolve.RepositoryChainComponentMetaDataResolver] Using net.bytebuddy:byte-buddy-agent:1.18.10 from org.gradle.api.internal.artifacts.ivyservice.ivyresolve.FilteredModuleComponentRepository@6745bebc
2026-08-21T16:48:36.736-0300 [DEBUG] [org.gradle.api.internal.artifacts.ivyservice.ivyresolve.RepositoryChainComponentMetaDataResolver] Attempting to resolve component for org.objenesis:objenesis:3.3 using repositories [MavenRepo]
2026-08-21T16:48:36.736-0300 [DEBUG] [org.gradle.api.internal.artifacts.ivyservice.ivyresolve.CachingModuleComponentRepository] Using cached module metadata for module 'org.objenesis:objenesis:3.3' in 'MavenRepo'
2026-08-21T16:48:36.736-0300 [DEBUG] [org.gradle.api.internal.artifacts.ivyservice.ivyresolve.RepositoryChainComponentMetaDataResolver] Using org.objenesis:objenesis:3.3 from org.gradle.api.internal.artifacts.ivyservice.ivyresolve.FilteredModuleComponentRepository@6745bebc
2026-08-21T16:48:36.736-0300 [DEBUG] [io.spring.gradle.dependencymanagement.internal.VersionConfiguringAction] Processing requested dependency 'org.junit.jupiter:junit-jupiter-api:5.13.4' with target 'org.junit.jupiter:junit-jupiter-api:5.13.4
2026-08-21T16:48:36.736-0300 [DEBUG] [io.spring.gradle.dependencymanagement.internal.DependencyManagementContainer] Found managed version '6.0.3' for dependency 'org.junit.jupiter:junit-jupiter-api' in global dependency management
2026-08-21T16:48:36.736-0300 [DEBUG] [io.spring.gradle.dependencymanagement.internal.VersionConfiguringAction] Using version '6.0.3' for dependency 'org.junit.jupiter:junit-jupiter-api:5.13.4'
2026-08-21T16:48:36.736-0300 [DEBUG] [io.spring.gradle.dependencymanagement.internal.VersionConfiguringAction] Processing requested dependency 'com.vaadin.external.google:android-json:0.0.20131108.vaadin1' with target 'com.vaadin.external.google:android-json:0.0.20131108.vaadin1
2026-08-21T16:48:36.736-0300 [DEBUG] [io.spring.gradle.dependencymanagement.internal.VersionConfiguringAction] No dependency management for dependency 'com.vaadin.external.google:android-json:0.0.20131108.vaadin1'
2026-08-21T16:48:36.736-0300 [DEBUG] [org.gradle.api.internal.artifacts.ivyservice.ivyresolve.RepositoryChainComponentMetaDataResolver] Attempting to resolve component for com.vaadin.external.google:android-json:0.0.20131108.vaadin1 using repositories [MavenRepo]
2026-08-21T16:48:36.736-0300 [DEBUG] [org.gradle.api.internal.artifacts.ivyservice.ivyresolve.CachingModuleComponentRepository] Using cached module metadata for module 'com.vaadin.external.google:android-json:0.0.20131108.vaadin1' in 'MavenRepo'
2026-08-21T16:48:36.736-0300 [DEBUG] [org.gradle.api.internal.artifacts.ivyservice.ivyresolve.RepositoryChainComponentMetaDataResolver] Using com.vaadin.external.google:android-json:0.0.20131108.vaadin1 from org.gradle.api.internal.artifacts.ivyservice.ivyresolve.FilteredModuleComponentRepository@6745bebc
2026-08-21T16:48:36.736-0300 [DEBUG] [io.spring.gradle.dependencymanagement.internal.VersionConfiguringAction] Processing requested dependency 'commons-logging:commons-logging:1.3.5' with target 'commons-logging:commons-logging:1.3.5
2026-08-21T16:48:36.736-0300 [DEBUG] [io.spring.gradle.dependencymanagement.internal.DependencyManagementContainer] Found managed version '1.3.6' for dependency 'commons-logging:commons-logging' in global dependency management
2026-08-21T16:48:36.736-0300 [DEBUG] [io.spring.gradle.dependencymanagement.internal.VersionConfiguringAction] Using version '1.3.6' for dependency 'commons-logging:commons-logging:1.3.5'
2026-08-21T16:48:36.736-0300 [DEBUG] [io.spring.gradle.dependencymanagement.internal.VersionConfiguringAction] Processing requested dependency 'org.jspecify:jspecify:1.0.0' with target 'org.jspecify:jspecify:1.0.0
2026-08-21T16:48:36.736-0300 [DEBUG] [io.spring.gradle.dependencymanagement.internal.DependencyManagementContainer] Found managed version '1.0.0' for dependency 'org.jspecify:jspecify' in global dependency management
2026-08-21T16:48:36.736-0300 [DEBUG] [io.spring.gradle.dependencymanagement.internal.VersionConfiguringAction] Using version '1.0.0' for dependency 'org.jspecify:jspecify:1.0.0'
2026-08-21T16:48:36.737-0300 [DEBUG] [org.gradle.api.internal.artifacts.ivyservice.ivyresolve.RepositoryChainComponentMetaDataResolver] Attempting to resolve component for commons-logging:commons-logging:1.3.6 using repositories [MavenRepo]
2026-08-21T16:48:36.737-0300 [DEBUG] [org.gradle.api.internal.artifacts.ivyservice.ivyresolve.CachingModuleComponentRepository] Using cached module metadata for module 'commons-logging:commons-logging:1.3.6' in 'MavenRepo'
2026-08-21T16:48:36.737-0300 [DEBUG] [org.gradle.api.internal.artifacts.ivyservice.ivyresolve.RepositoryChainComponentMetaDataResolver] Using commons-logging:commons-logging:1.3.6 from org.gradle.api.internal.artifacts.ivyservice.ivyresolve.FilteredModuleComponentRepository@6745bebc
2026-08-21T16:48:36.737-0300 [DEBUG] [org.gradle.api.internal.artifacts.ivyservice.ivyresolve.RepositoryChainComponentMetaDataResolver] Attempting to resolve component for org.jspecify:jspecify:1.0.0 using repositories [MavenRepo]
2026-08-21T16:48:36.737-0300 [DEBUG] [org.gradle.api.internal.artifacts.ivyservice.ivyresolve.CachingModuleComponentRepository] Using cached module metadata for module 'org.jspecify:jspecify:1.0.0' in 'MavenRepo'
2026-08-21T16:48:36.737-0300 [DEBUG] [org.gradle.api.internal.artifacts.ivyservice.ivyresolve.RepositoryChainComponentMetaDataResolver] Using org.jspecify:jspecify:1.0.0 from org.gradle.api.internal.artifacts.ivyservice.ivyresolve.FilteredModuleComponentRepository@6745bebc
2026-08-21T16:48:36.737-0300 [DEBUG] [io.spring.gradle.dependencymanagement.internal.VersionConfiguringAction] Processing requested dependency 'org.opentest4j:opentest4j:1.3.0' with target 'org.opentest4j:opentest4j:1.3.0
2026-08-21T16:48:36.737-0300 [DEBUG] [io.spring.gradle.dependencymanagement.internal.VersionConfiguringAction] No dependency management for dependency 'org.opentest4j:opentest4j:1.3.0'
2026-08-21T16:48:36.737-0300 [DEBUG] [org.gradle.api.internal.artifacts.ivyservice.ivyresolve.RepositoryChainComponentMetaDataResolver] Attempting to resolve component for org.opentest4j:opentest4j:1.3.0 using repositories [MavenRepo]
2026-08-21T16:48:36.737-0300 [DEBUG] [org.gradle.api.internal.artifacts.ivyservice.ivyresolve.CachingModuleComponentRepository] Using cached module metadata for module 'org.opentest4j:opentest4j:1.3.0' in 'MavenRepo'
2026-08-21T16:48:36.737-0300 [DEBUG] [org.gradle.api.internal.artifacts.ivyservice.ivyresolve.RepositoryChainComponentMetaDataResolver] Using org.opentest4j:opentest4j:1.3.0 from org.gradle.api.internal.artifacts.ivyservice.ivyresolve.FilteredModuleComponentRepository@6745bebc
2026-08-21T16:48:36.737-0300 [DEBUG] [org.gradle.internal.component.model.LoggingAttributeMatchingExplanationBuilder] Candidate {org.gradle.category=library, org.gradle.dependency.bundling=external, org.gradle.jvm.version=6, org.gradle.libraryelements=jar, org.gradle.status=release, org.gradle.usage=java-api} attribute org.gradle.usage value org.gradle.usage=java-api doesn't requested value java-runtime
2026-08-21T16:48:36.737-0300 [DEBUG] [org.gradle.internal.component.model.LoggingAttributeMatchingExplanationBuilder] Candidate {org.gradle.category=library, org.gradle.dependency.bundling=external, org.gradle.jvm.version=6, org.gradle.libraryelements=jar, org.gradle.status=release, org.gradle.usage=java-runtime} doesn't have attribute org.gradle.jvm.environment
2026-08-21T16:48:36.737-0300 [DEBUG] [org.gradle.internal.component.model.LoggingAttributeMatchingExplanationBuilder] Candidate {org.gradle.category=documentation, org.gradle.dependency.bundling=external, org.gradle.docstype=javadoc, org.gradle.status=release, org.gradle.usage=java-runtime} attribute org.gradle.category value org.gradle.category=documentation doesn't requested value library
2026-08-21T16:48:36.737-0300 [DEBUG] [org.gradle.internal.component.model.LoggingAttributeMatchingExplanationBuilder] Candidate {org.gradle.category=documentation, org.gradle.dependency.bundling=external, org.gradle.docstype=sources, org.gradle.status=release, org.gradle.usage=java-runtime} attribute org.gradle.category value org.gradle.category=documentation doesn't requested value library
2026-08-21T16:48:36.737-0300 [DEBUG] [org.gradle.api.internal.attributes.matching.DefaultAttributeMatcher] Selected matches [1] from candidates [{org.gradle.category=library, org.gradle.dependency.bundling=external, org.gradle.jvm.version=6, org.gradle.libraryelements=jar, org.gradle.status=release, org.gradle.usage=java-api}, {org.gradle.category=library, org.gradle.dependency.bundling=external, org.gradle.jvm.version=6, org.gradle.libraryelements=jar, org.gradle.status=release, org.gradle.usage=java-runtime}, {org.gradle.category=documentation, org.gradle.dependency.bundling=external, org.gradle.docstype=javadoc, org.gradle.status=release, org.gradle.usage=java-runtime}, {org.gradle.category=documentation, org.gradle.dependency.bundling=external, org.gradle.docstype=sources, org.gradle.status=release, org.gradle.usage=java-runtime}] for {org.gradle.category=library, org.gradle.dependency.bundling=external, org.gradle.jvm.environment=standard-jvm, org.gradle.jvm.version=21, org.gradle.libraryelements=jar, org.gradle.usage=java-runtime}
2026-08-21T16:48:36.737-0300 [DEBUG] [org.gradle.api.internal.artifacts.ivyservice.ivyresolve.RepositoryChainComponentMetaDataResolver] Attempting to resolve component for org.junit.platform:junit-platform-commons:6.0.3 using repositories [MavenRepo]
2026-08-21T16:48:36.737-0300 [DEBUG] [org.gradle.api.internal.artifacts.ivyservice.ivyresolve.CachingModuleComponentRepository] Using cached module metadata for module 'org.junit.platform:junit-platform-commons:6.0.3' in 'MavenRepo'
2026-08-21T16:48:36.737-0300 [DEBUG] [org.gradle.api.internal.artifacts.ivyservice.ivyresolve.RepositoryChainComponentMetaDataResolver] Using org.junit.platform:junit-platform-commons:6.0.3 from org.gradle.api.internal.artifacts.ivyservice.ivyresolve.FilteredModuleComponentRepository@6745bebc
2026-08-21T16:48:36.737-0300 [DEBUG] [io.spring.gradle.dependencymanagement.internal.VersionConfiguringAction] Processing requested dependency 'ch.qos.logback:logback-core:1.5.34' with target 'ch.qos.logback:logback-core:1.5.34
2026-08-21T16:48:36.737-0300 [DEBUG] [io.spring.gradle.dependencymanagement.internal.DependencyManagementContainer] Found managed version '1.5.34' for dependency 'ch.qos.logback:logback-core' in global dependency management
2026-08-21T16:48:36.737-0300 [DEBUG] [io.spring.gradle.dependencymanagement.internal.VersionConfiguringAction] Using version '1.5.34' for dependency 'ch.qos.logback:logback-core:1.5.34'
2026-08-21T16:48:36.737-0300 [DEBUG] [org.gradle.api.internal.artifacts.ivyservice.ivyresolve.RepositoryChainComponentMetaDataResolver] Attempting to resolve component for ch.qos.logback:logback-core:1.5.34 using repositories [MavenRepo]
2026-08-21T16:48:36.737-0300 [DEBUG] [org.gradle.api.internal.artifacts.ivyservice.ivyresolve.CachingModuleComponentRepository] Using cached module metadata for module 'ch.qos.logback:logback-core:1.5.34' in 'MavenRepo'
2026-08-21T16:48:36.737-0300 [DEBUG] [org.gradle.api.internal.artifacts.ivyservice.ivyresolve.RepositoryChainComponentMetaDataResolver] Using ch.qos.logback:logback-core:1.5.34 from org.gradle.api.internal.artifacts.ivyservice.ivyresolve.FilteredModuleComponentRepository@6745bebc
2026-08-21T16:48:36.737-0300 [DEBUG] [io.spring.gradle.dependencymanagement.internal.VersionConfiguringAction] Processing requested dependency 'org.apache.logging.log4j:log4j-api:2.25.4' with target 'org.apache.logging.log4j:log4j-api:2.25.4
2026-08-21T16:48:36.737-0300 [DEBUG] [io.spring.gradle.dependencymanagement.internal.DependencyManagementContainer] Found managed version '2.25.4' for dependency 'org.apache.logging.log4j:log4j-api' in global dependency management
2026-08-21T16:48:36.737-0300 [DEBUG] [io.spring.gradle.dependencymanagement.internal.VersionConfiguringAction] Using version '2.25.4' for dependency 'org.apache.logging.log4j:log4j-api:2.25.4'
2026-08-21T16:48:36.737-0300 [DEBUG] [org.gradle.api.internal.artifacts.ivyservice.ivyresolve.RepositoryChainComponentMetaDataResolver] Attempting to resolve component for org.apache.logging.log4j:log4j-api:2.25.4 using repositories [MavenRepo]
2026-08-21T16:48:36.737-0300 [DEBUG] [org.gradle.api.internal.artifacts.ivyservice.ivyresolve.CachingModuleComponentRepository] Using cached module metadata for module 'org.apache.logging.log4j:log4j-api:2.25.4' in 'MavenRepo'
2026-08-21T16:48:36.737-0300 [DEBUG] [org.gradle.api.internal.artifacts.ivyservice.ivyresolve.RepositoryChainComponentMetaDataResolver] Using org.apache.logging.log4j:log4j-api:2.25.4 from org.gradle.api.internal.artifacts.ivyservice.ivyresolve.FilteredModuleComponentRepository@6745bebc
2026-08-21T16:48:36.737-0300 [DEBUG] [io.spring.gradle.dependencymanagement.internal.VersionConfiguringAction] Processing requested dependency 'org.slf4j:slf4j-api:2.0.18' with target 'org.slf4j:slf4j-api:2.0.18
2026-08-21T16:48:36.737-0300 [DEBUG] [io.spring.gradle.dependencymanagement.internal.DependencyManagementContainer] Found managed version '2.0.18' for dependency 'org.slf4j:slf4j-api' in global dependency management
2026-08-21T16:48:36.737-0300 [DEBUG] [io.spring.gradle.dependencymanagement.internal.VersionConfiguringAction] Using version '2.0.18' for dependency 'org.slf4j:slf4j-api:2.0.18'
2026-08-21T16:48:36.737-0300 [DEBUG] [io.spring.gradle.dependencymanagement.internal.VersionConfiguringAction] Processing requested dependency 'org.springframework:spring-context:7.0.8' with target 'org.springframework:spring-context:7.0.8
2026-08-21T16:48:36.737-0300 [DEBUG] [io.spring.gradle.dependencymanagement.internal.DependencyManagementContainer] Found managed version '7.0.8' for dependency 'org.springframework:spring-context' in global dependency management
2026-08-21T16:48:36.737-0300 [DEBUG] [io.spring.gradle.dependencymanagement.internal.VersionConfiguringAction] Using version '7.0.8' for dependency 'org.springframework:spring-context:7.0.8'
2026-08-21T16:48:36.737-0300 [DEBUG] [org.gradle.api.internal.artifacts.ivyservice.ivyresolve.RepositoryChainComponentMetaDataResolver] Attempting to resolve component for org.springframework:spring-context:7.0.8 using repositories [MavenRepo]
2026-08-21T16:48:36.737-0300 [DEBUG] [org.gradle.api.internal.artifacts.ivyservice.ivyresolve.CachingModuleComponentRepository] Using cached module metadata for module 'org.springframework:spring-context:7.0.8' in 'MavenRepo'
2026-08-21T16:48:36.737-0300 [DEBUG] [org.gradle.api.internal.artifacts.ivyservice.ivyresolve.RepositoryChainComponentMetaDataResolver] Using org.springframework:spring-context:7.0.8 from org.gradle.api.internal.artifacts.ivyservice.ivyresolve.FilteredModuleComponentRepository@6745bebc
2026-08-21T16:48:36.737-0300 [DEBUG] [io.spring.gradle.dependencymanagement.internal.VersionConfiguringAction] Processing requested dependency 'org.springframework.boot:spring-boot-web-server:4.1.0' with target 'org.springframework.boot:spring-boot-web-server:4.1.0
2026-08-21T16:48:36.737-0300 [DEBUG] [io.spring.gradle.dependencymanagement.internal.DependencyManagementContainer] Found managed version '4.1.0' for dependency 'org.springframework.boot:spring-boot-web-server' in global dependency management
2026-08-21T16:48:36.737-0300 [DEBUG] [io.spring.gradle.dependencymanagement.internal.VersionConfiguringAction] Using version '4.1.0' for dependency 'org.springframework.boot:spring-boot-web-server:4.1.0'
2026-08-21T16:48:36.737-0300 [DEBUG] [io.spring.gradle.dependencymanagement.internal.VersionConfiguringAction] Processing requested dependency 'org.apache.tomcat.embed:tomcat-embed-core:11.0.22' with target 'org.apache.tomcat.embed:tomcat-embed-core:11.0.22
2026-08-21T16:48:36.737-0300 [DEBUG] [io.spring.gradle.dependencymanagement.internal.DependencyManagementContainer] Found managed version '11.0.22' for dependency 'org.apache.tomcat.embed:tomcat-embed-core' in global dependency management
2026-08-21T16:48:36.737-0300 [DEBUG] [io.spring.gradle.dependencymanagement.internal.VersionConfiguringAction] Using version '11.0.22' for dependency 'org.apache.tomcat.embed:tomcat-embed-core:11.0.22'
2026-08-21T16:48:36.737-0300 [DEBUG] [io.spring.gradle.dependencymanagement.internal.VersionConfiguringAction] Processing requested dependency 'org.apache.tomcat.embed:tomcat-embed-el:11.0.22' with target 'org.apache.tomcat.embed:tomcat-embed-el:11.0.22
2026-08-21T16:48:36.737-0300 [DEBUG] [io.spring.gradle.dependencymanagement.internal.DependencyManagementContainer] Found managed version '11.0.22' for dependency 'org.apache.tomcat.embed:tomcat-embed-el' in global dependency management
2026-08-21T16:48:36.738-0300 [DEBUG] [io.spring.gradle.dependencymanagement.internal.VersionConfiguringAction] Using version '11.0.22' for dependency 'org.apache.tomcat.embed:tomcat-embed-el:11.0.22'
2026-08-21T16:48:36.738-0300 [DEBUG] [io.spring.gradle.dependencymanagement.internal.VersionConfiguringAction] Processing requested dependency 'org.apache.tomcat.embed:tomcat-embed-websocket:11.0.22' with target 'org.apache.tomcat.embed:tomcat-embed-websocket:11.0.22
2026-08-21T16:48:36.738-0300 [DEBUG] [io.spring.gradle.dependencymanagement.internal.DependencyManagementContainer] Found managed version '11.0.22' for dependency 'org.apache.tomcat.embed:tomcat-embed-websocket' in global dependency management
2026-08-21T16:48:36.738-0300 [DEBUG] [io.spring.gradle.dependencymanagement.internal.VersionConfiguringAction] Using version '11.0.22' for dependency 'org.apache.tomcat.embed:tomcat-embed-websocket:11.0.22'
2026-08-21T16:48:36.738-0300 [DEBUG] [org.gradle.api.internal.artifacts.ivyservice.ivyresolve.RepositoryChainComponentMetaDataResolver] Attempting to resolve component for org.springframework.boot:spring-boot-web-server:4.1.0 using repositories [MavenRepo]
2026-08-21T16:48:36.738-0300 [DEBUG] [org.gradle.api.internal.artifacts.ivyservice.ivyresolve.CachingModuleComponentRepository] Using cached module metadata for module 'org.springframework.boot:spring-boot-web-server:4.1.0' in 'MavenRepo'
2026-08-21T16:48:36.738-0300 [DEBUG] [org.gradle.api.internal.artifacts.ivyservice.ivyresolve.RepositoryChainComponentMetaDataResolver] Using org.springframework.boot:spring-boot-web-server:4.1.0 from org.gradle.api.internal.artifacts.ivyservice.ivyresolve.FilteredModuleComponentRepository@6745bebc
2026-08-21T16:48:36.738-0300 [DEBUG] [org.gradle.api.internal.artifacts.ivyservice.ivyresolve.RepositoryChainComponentMetaDataResolver] Attempting to resolve component for org.apache.tomcat.embed:tomcat-embed-core:11.0.22 using repositories [MavenRepo]
2026-08-21T16:48:36.738-0300 [DEBUG] [org.gradle.api.internal.artifacts.ivyservice.ivyresolve.CachingModuleComponentRepository] Using cached module metadata for module 'org.apache.tomcat.embed:tomcat-embed-core:11.0.22' in 'MavenRepo'
2026-08-21T16:48:36.738-0300 [DEBUG] [org.gradle.api.internal.artifacts.ivyservice.ivyresolve.RepositoryChainComponentMetaDataResolver] Using org.apache.tomcat.embed:tomcat-embed-core:11.0.22 from org.gradle.api.internal.artifacts.ivyservice.ivyresolve.FilteredModuleComponentRepository@6745bebc
2026-08-21T16:48:36.738-0300 [DEBUG] [org.gradle.api.internal.artifacts.ivyservice.ivyresolve.RepositoryChainComponentMetaDataResolver] Attempting to resolve component for org.apache.tomcat.embed:tomcat-embed-el:11.0.22 using repositories [MavenRepo]
2026-08-21T16:48:36.738-0300 [DEBUG] [org.gradle.api.internal.artifacts.ivyservice.ivyresolve.CachingModuleComponentRepository] Using cached module metadata for module 'org.apache.tomcat.embed:tomcat-embed-el:11.0.22' in 'MavenRepo'
2026-08-21T16:48:36.738-0300 [DEBUG] [org.gradle.api.internal.artifacts.ivyservice.ivyresolve.RepositoryChainComponentMetaDataResolver] Using org.apache.tomcat.embed:tomcat-embed-el:11.0.22 from org.gradle.api.internal.artifacts.ivyservice.ivyresolve.FilteredModuleComponentRepository@6745bebc
2026-08-21T16:48:36.738-0300 [DEBUG] [org.gradle.api.internal.artifacts.ivyservice.ivyresolve.RepositoryChainComponentMetaDataResolver] Attempting to resolve component for org.apache.tomcat.embed:tomcat-embed-websocket:11.0.22 using repositories [MavenRepo]
2026-08-21T16:48:36.738-0300 [DEBUG] [org.gradle.api.internal.artifacts.ivyservice.ivyresolve.CachingModuleComponentRepository] Using cached module metadata for module 'org.apache.tomcat.embed:tomcat-embed-websocket:11.0.22' in 'MavenRepo'
2026-08-21T16:48:36.738-0300 [DEBUG] [org.gradle.api.internal.artifacts.ivyservice.ivyresolve.RepositoryChainComponentMetaDataResolver] Using org.apache.tomcat.embed:tomcat-embed-websocket:11.0.22 from org.gradle.api.internal.artifacts.ivyservice.ivyresolve.FilteredModuleComponentRepository@6745bebc
2026-08-21T16:48:36.738-0300 [DEBUG] [io.spring.gradle.dependencymanagement.internal.VersionConfiguringAction] Processing requested dependency 'io.micrometer:micrometer-observation:1.16.6' with target 'io.micrometer:micrometer-observation:1.16.6
2026-08-21T16:48:36.738-0300 [DEBUG] [io.spring.gradle.dependencymanagement.internal.DependencyManagementContainer] Found managed version '1.17.0' for dependency 'io.micrometer:micrometer-observation' in global dependency management
2026-08-21T16:48:36.738-0300 [DEBUG] [io.spring.gradle.dependencymanagement.internal.VersionConfiguringAction] Using version '1.17.0' for dependency 'io.micrometer:micrometer-observation:1.16.6'
2026-08-21T16:48:36.738-0300 [DEBUG] [org.gradle.api.internal.artifacts.ivyservice.ivyresolve.RepositoryChainComponentMetaDataResolver] Attempting to resolve component for io.micrometer:micrometer-observation:1.17.0 using repositories [MavenRepo]
2026-08-21T16:48:36.738-0300 [DEBUG] [org.gradle.api.internal.artifacts.ivyservice.ivyresolve.CachingModuleComponentRepository] Using cached module metadata for module 'io.micrometer:micrometer-observation:1.17.0' in 'MavenRepo'
2026-08-21T16:48:36.738-0300 [DEBUG] [org.gradle.api.internal.artifacts.ivyservice.ivyresolve.RepositoryChainComponentMetaDataResolver] Using io.micrometer:micrometer-observation:1.17.0 from org.gradle.api.internal.artifacts.ivyservice.ivyresolve.FilteredModuleComponentRepository@6745bebc
2026-08-21T16:48:36.738-0300 [DEBUG] [io.spring.gradle.dependencymanagement.internal.VersionConfiguringAction] Processing requested dependency 'org.springframework:spring-aop:7.0.8' with target 'org.springframework:spring-aop:7.0.8
2026-08-21T16:48:36.738-0300 [DEBUG] [io.spring.gradle.dependencymanagement.internal.DependencyManagementContainer] Found managed version '7.0.8' for dependency 'org.springframework:spring-aop' in global dependency management
2026-08-21T16:48:36.738-0300 [DEBUG] [io.spring.gradle.dependencymanagement.internal.VersionConfiguringAction] Using version '7.0.8' for dependency 'org.springframework:spring-aop:7.0.8'
2026-08-21T16:48:36.738-0300 [DEBUG] [io.spring.gradle.dependencymanagement.internal.VersionConfiguringAction] Processing requested dependency 'org.springframework:spring-expression:7.0.8' with target 'org.springframework:spring-expression:7.0.8
2026-08-21T16:48:36.738-0300 [DEBUG] [io.spring.gradle.dependencymanagement.internal.DependencyManagementContainer] Found managed version '7.0.8' for dependency 'org.springframework:spring-expression' in global dependency management
2026-08-21T16:48:36.738-0300 [DEBUG] [io.spring.gradle.dependencymanagement.internal.VersionConfiguringAction] Using version '7.0.8' for dependency 'org.springframework:spring-expression:7.0.8'
2026-08-21T16:48:36.738-0300 [DEBUG] [org.gradle.api.internal.artifacts.ivyservice.ivyresolve.RepositoryChainComponentMetaDataResolver] Attempting to resolve component for org.springframework:spring-aop:7.0.8 using repositories [MavenRepo]
2026-08-21T16:48:36.738-0300 [DEBUG] [org.gradle.api.internal.artifacts.ivyservice.ivyresolve.CachingModuleComponentRepository] Using cached module metadata for module 'org.springframework:spring-aop:7.0.8' in 'MavenRepo'
2026-08-21T16:48:36.738-0300 [DEBUG] [org.gradle.api.internal.artifacts.ivyservice.ivyresolve.RepositoryChainComponentMetaDataResolver] Using org.springframework:spring-aop:7.0.8 from org.gradle.api.internal.artifacts.ivyservice.ivyresolve.FilteredModuleComponentRepository@6745bebc
2026-08-21T16:48:36.738-0300 [DEBUG] [org.gradle.api.internal.artifacts.ivyservice.ivyresolve.RepositoryChainComponentMetaDataResolver] Attempting to resolve component for org.springframework:spring-expression:7.0.8 using repositories [MavenRepo]
2026-08-21T16:48:36.738-0300 [DEBUG] [org.gradle.api.internal.artifacts.ivyservice.ivyresolve.CachingModuleComponentRepository] Using cached module metadata for module 'org.springframework:spring-expression:7.0.8' in 'MavenRepo'
2026-08-21T16:48:36.738-0300 [DEBUG] [org.gradle.api.internal.artifacts.ivyservice.ivyresolve.RepositoryChainComponentMetaDataResolver] Using org.springframework:spring-expression:7.0.8 from org.gradle.api.internal.artifacts.ivyservice.ivyresolve.FilteredModuleComponentRepository@6745bebc
2026-08-21T16:48:36.738-0300 [DEBUG] [io.spring.gradle.dependencymanagement.internal.VersionConfiguringAction] Processing requested dependency 'org.springframework.boot:spring-boot-persistence:4.1.0' with target 'org.springframework.boot:spring-boot-persistence:4.1.0
2026-08-21T16:48:36.738-0300 [DEBUG] [io.spring.gradle.dependencymanagement.internal.DependencyManagementContainer] Found managed version '4.1.0' for dependency 'org.springframework.boot:spring-boot-persistence' in global dependency management
2026-08-21T16:48:36.738-0300 [DEBUG] [io.spring.gradle.dependencymanagement.internal.VersionConfiguringAction] Using version '4.1.0' for dependency 'org.springframework.boot:spring-boot-persistence:4.1.0'
2026-08-21T16:48:36.738-0300 [DEBUG] [io.spring.gradle.dependencymanagement.internal.VersionConfiguringAction] Processing requested dependency 'org.springframework.data:spring-data-commons:4.1.0' with target 'org.springframework.data:spring-data-commons:4.1.0
2026-08-21T16:48:36.738-0300 [DEBUG] [io.spring.gradle.dependencymanagement.internal.DependencyManagementContainer] Found managed version '4.1.0' for dependency 'org.springframework.data:spring-data-commons' in global dependency management
2026-08-21T16:48:36.738-0300 [DEBUG] [io.spring.gradle.dependencymanagement.internal.VersionConfiguringAction] Using version '4.1.0' for dependency 'org.springframework.data:spring-data-commons:4.1.0'
2026-08-21T16:48:36.738-0300 [DEBUG] [org.gradle.api.internal.artifacts.ivyservice.ivyresolve.RepositoryChainComponentMetaDataResolver] Attempting to resolve component for org.springframework.boot:spring-boot-persistence:4.1.0 using repositories [MavenRepo]
2026-08-21T16:48:36.738-0300 [DEBUG] [org.gradle.api.internal.artifacts.ivyservice.ivyresolve.CachingModuleComponentRepository] Using cached module metadata for module 'org.springframework.boot:spring-boot-persistence:4.1.0' in 'MavenRepo'
2026-08-21T16:48:36.738-0300 [DEBUG] [org.gradle.api.internal.artifacts.ivyservice.ivyresolve.RepositoryChainComponentMetaDataResolver] Using org.springframework.boot:spring-boot-persistence:4.1.0 from org.gradle.api.internal.artifacts.ivyservice.ivyresolve.FilteredModuleComponentRepository@6745bebc
2026-08-21T16:48:36.738-0300 [DEBUG] [org.gradle.api.internal.artifacts.ivyservice.ivyresolve.RepositoryChainComponentMetaDataResolver] Attempting to resolve component for org.springframework.data:spring-data-commons:4.1.0 using repositories [MavenRepo]
2026-08-21T16:48:36.738-0300 [DEBUG] [org.gradle.api.internal.artifacts.ivyservice.ivyresolve.CachingModuleComponentRepository] Using cached module metadata for module 'org.springframework.data:spring-data-commons:4.1.0' in 'MavenRepo'
2026-08-21T16:48:36.738-0300 [DEBUG] [org.gradle.api.internal.artifacts.ivyservice.ivyresolve.RepositoryChainComponentMetaDataResolver] Using org.springframework.data:spring-data-commons:4.1.0 from org.gradle.api.internal.artifacts.ivyservice.ivyresolve.FilteredModuleComponentRepository@6745bebc
2026-08-21T16:48:36.738-0300 [DEBUG] [io.spring.gradle.dependencymanagement.internal.VersionConfiguringAction] Processing requested dependency 'org.springframework.boot:spring-boot-jpa:4.1.0' with target 'org.springframework.boot:spring-boot-jpa:4.1.0
2026-08-21T16:48:36.738-0300 [DEBUG] [io.spring.gradle.dependencymanagement.internal.DependencyManagementContainer] Found managed version '4.1.0' for dependency 'org.springframework.boot:spring-boot-jpa' in global dependency management
2026-08-21T16:48:36.738-0300 [DEBUG] [io.spring.gradle.dependencymanagement.internal.VersionConfiguringAction] Using version '4.1.0' for dependency 'org.springframework.boot:spring-boot-jpa:4.1.0'
2026-08-21T16:48:36.738-0300 [DEBUG] [io.spring.gradle.dependencymanagement.internal.VersionConfiguringAction] Processing requested dependency 'org.hibernate.orm:hibernate-core:7.4.1.Final' with target 'org.hibernate.orm:hibernate-core:7.4.1.Final
2026-08-21T16:48:36.739-0300 [DEBUG] [io.spring.gradle.dependencymanagement.internal.DependencyManagementContainer] Found managed version '7.4.1.Final' for dependency 'org.hibernate.orm:hibernate-core' in global dependency management
2026-08-21T16:48:36.739-0300 [DEBUG] [io.spring.gradle.dependencymanagement.internal.VersionConfiguringAction] Using version '7.4.1.Final' for dependency 'org.hibernate.orm:hibernate-core:7.4.1.Final'
2026-08-21T16:48:36.739-0300 [DEBUG] [io.spring.gradle.dependencymanagement.internal.VersionConfiguringAction] Processing requested dependency 'org.springframework:spring-orm:7.0.8' with target 'org.springframework:spring-orm:7.0.8
2026-08-21T16:48:36.739-0300 [DEBUG] [io.spring.gradle.dependencymanagement.internal.DependencyManagementContainer] Found managed version '7.0.8' for dependency 'org.springframework:spring-orm' in global dependency management
2026-08-21T16:48:36.739-0300 [DEBUG] [io.spring.gradle.dependencymanagement.internal.VersionConfiguringAction] Using version '7.0.8' for dependency 'org.springframework:spring-orm:7.0.8'
2026-08-21T16:48:36.739-0300 [DEBUG] [org.gradle.api.internal.artifacts.ivyservice.ivyresolve.RepositoryChainComponentMetaDataResolver] Attempting to resolve component for org.springframework.boot:spring-boot-jpa:4.1.0 using repositories [MavenRepo]
2026-08-21T16:48:36.739-0300 [DEBUG] [org.gradle.api.internal.artifacts.ivyservice.ivyresolve.CachingModuleComponentRepository] Using cached module metadata for module 'org.springframework.boot:spring-boot-jpa:4.1.0' in 'MavenRepo'
2026-08-21T16:48:36.739-0300 [DEBUG] [org.gradle.api.internal.artifacts.ivyservice.ivyresolve.RepositoryChainComponentMetaDataResolver] Using org.springframework.boot:spring-boot-jpa:4.1.0 from org.gradle.api.internal.artifacts.ivyservice.ivyresolve.FilteredModuleComponentRepository@6745bebc
2026-08-21T16:48:36.739-0300 [DEBUG] [org.gradle.api.internal.artifacts.ivyservice.ivyresolve.RepositoryChainComponentMetaDataResolver] Attempting to resolve component for org.hibernate.orm:hibernate-core:7.4.1.Final using repositories [MavenRepo]
2026-08-21T16:48:36.739-0300 [DEBUG] [org.gradle.api.internal.artifacts.ivyservice.ivyresolve.CachingModuleComponentRepository] Using cached module metadata for module 'org.hibernate.orm:hibernate-core:7.4.1.Final' in 'MavenRepo'
2026-08-21T16:48:36.739-0300 [DEBUG] [org.gradle.api.internal.artifacts.ivyservice.ivyresolve.RepositoryChainComponentMetaDataResolver] Using org.hibernate.orm:hibernate-core:7.4.1.Final from org.gradle.api.internal.artifacts.ivyservice.ivyresolve.FilteredModuleComponentRepository@6745bebc
2026-08-21T16:48:36.739-0300 [DEBUG] [org.gradle.api.internal.artifacts.ivyservice.ivyresolve.RepositoryChainComponentMetaDataResolver] Attempting to resolve component for org.springframework:spring-orm:7.0.8 using repositories [MavenRepo]
2026-08-21T16:48:36.739-0300 [DEBUG] [org.gradle.api.internal.artifacts.ivyservice.ivyresolve.CachingModuleComponentRepository] Using cached module metadata for module 'org.springframework:spring-orm:7.0.8' in 'MavenRepo'
2026-08-21T16:48:36.739-0300 [DEBUG] [org.gradle.api.internal.artifacts.ivyservice.ivyresolve.RepositoryChainComponentMetaDataResolver] Using org.springframework:spring-orm:7.0.8 from org.gradle.api.internal.artifacts.ivyservice.ivyresolve.FilteredModuleComponentRepository@6745bebc
2026-08-21T16:48:36.739-0300 [DEBUG] [io.spring.gradle.dependencymanagement.internal.VersionConfiguringAction] Processing requested dependency 'org.springframework:spring-tx:7.0.8' with target 'org.springframework:spring-tx:7.0.8
2026-08-21T16:48:36.739-0300 [DEBUG] [io.spring.gradle.dependencymanagement.internal.DependencyManagementContainer] Found managed version '7.0.8' for dependency 'org.springframework:spring-tx' in global dependency management
2026-08-21T16:48:36.739-0300 [DEBUG] [io.spring.gradle.dependencymanagement.internal.VersionConfiguringAction] Using version '7.0.8' for dependency 'org.springframework:spring-tx:7.0.8'
2026-08-21T16:48:36.739-0300 [DEBUG] [io.spring.gradle.dependencymanagement.internal.VersionConfiguringAction] Processing requested dependency 'org.antlr:antlr4-runtime:4.13.2' with target 'org.antlr:antlr4-runtime:4.13.2
2026-08-21T16:48:36.739-0300 [DEBUG] [io.spring.gradle.dependencymanagement.internal.VersionConfiguringAction] No dependency management for dependency 'org.antlr:antlr4-runtime:4.13.2'
2026-08-21T16:48:36.739-0300 [DEBUG] [io.spring.gradle.dependencymanagement.internal.VersionConfiguringAction] Processing requested dependency 'jakarta.annotation:jakarta.annotation-api:2.0.0' with target 'jakarta.annotation:jakarta.annotation-api:2.0.0
2026-08-21T16:48:36.739-0300 [DEBUG] [io.spring.gradle.dependencymanagement.internal.DependencyManagementContainer] Found managed version '3.0.0' for dependency 'jakarta.annotation:jakarta.annotation-api' in global dependency management
2026-08-21T16:48:36.739-0300 [DEBUG] [io.spring.gradle.dependencymanagement.internal.VersionConfiguringAction] Using version '3.0.0' for dependency 'jakarta.annotation:jakarta.annotation-api:2.0.0'
2026-08-21T16:48:36.739-0300 [DEBUG] [org.gradle.api.internal.artifacts.ivyservice.ivyresolve.RepositoryChainComponentMetaDataResolver] Attempting to resolve component for org.springframework:spring-tx:7.0.8 using repositories [MavenRepo]
2026-08-21T16:48:36.739-0300 [DEBUG] [org.gradle.api.internal.artifacts.ivyservice.ivyresolve.CachingModuleComponentRepository] Using cached module metadata for module 'org.springframework:spring-tx:7.0.8' in 'MavenRepo'
2026-08-21T16:48:36.739-0300 [DEBUG] [org.gradle.api.internal.artifacts.ivyservice.ivyresolve.RepositoryChainComponentMetaDataResolver] Using org.springframework:spring-tx:7.0.8 from org.gradle.api.internal.artifacts.ivyservice.ivyresolve.FilteredModuleComponentRepository@6745bebc
2026-08-21T16:48:36.739-0300 [DEBUG] [org.gradle.api.internal.artifacts.ivyservice.ivyresolve.RepositoryChainComponentMetaDataResolver] Attempting to resolve component for org.antlr:antlr4-runtime:4.13.2 using repositories [MavenRepo]
2026-08-21T16:48:36.739-0300 [DEBUG] [org.gradle.api.internal.artifacts.ivyservice.ivyresolve.CachingModuleComponentRepository] Using cached module metadata for module 'org.antlr:antlr4-runtime:4.13.2' in 'MavenRepo'
2026-08-21T16:48:36.739-0300 [DEBUG] [org.gradle.api.internal.artifacts.ivyservice.ivyresolve.RepositoryChainComponentMetaDataResolver] Using org.antlr:antlr4-runtime:4.13.2 from org.gradle.api.internal.artifacts.ivyservice.ivyresolve.FilteredModuleComponentRepository@6745bebc
2026-08-21T16:48:36.739-0300 [DEBUG] [io.spring.gradle.dependencymanagement.internal.VersionConfiguringAction] Processing requested dependency 'org.aspectj:aspectjweaver:1.9.25' with target 'org.aspectj:aspectjweaver:1.9.25
2026-08-21T16:48:36.739-0300 [DEBUG] [io.spring.gradle.dependencymanagement.internal.DependencyManagementContainer] Found managed version '1.9.25.1' for dependency 'org.aspectj:aspectjweaver' in global dependency management
2026-08-21T16:48:36.739-0300 [DEBUG] [io.spring.gradle.dependencymanagement.internal.VersionConfiguringAction] Using version '1.9.25.1' for dependency 'org.aspectj:aspectjweaver:1.9.25'
2026-08-21T16:48:36.739-0300 [DEBUG] [org.gradle.api.internal.artifacts.ivyservice.ivyresolve.RepositoryChainComponentMetaDataResolver] Attempting to resolve component for org.aspectj:aspectjweaver:1.9.25.1 using repositories [MavenRepo]
2026-08-21T16:48:36.739-0300 [DEBUG] [org.gradle.api.internal.artifacts.ivyservice.ivyresolve.CachingModuleComponentRepository] Using cached module metadata for module 'org.aspectj:aspectjweaver:1.9.25.1' in 'MavenRepo'
2026-08-21T16:48:36.739-0300 [DEBUG] [org.gradle.api.internal.artifacts.ivyservice.ivyresolve.RepositoryChainComponentMetaDataResolver] Using org.aspectj:aspectjweaver:1.9.25.1 from org.gradle.api.internal.artifacts.ivyservice.ivyresolve.FilteredModuleComponentRepository@6745bebc
2026-08-21T16:48:36.739-0300 [DEBUG] [io.spring.gradle.dependencymanagement.internal.VersionConfiguringAction] Processing requested dependency 'io.netty:netty-common:4.2.15.Final' with target 'io.netty:netty-common:4.2.15.Final
2026-08-21T16:48:36.739-0300 [DEBUG] [io.spring.gradle.dependencymanagement.internal.DependencyManagementContainer] Found managed version '4.2.15.Final' for dependency 'io.netty:netty-common' in global dependency management
2026-08-21T16:48:36.739-0300 [DEBUG] [io.spring.gradle.dependencymanagement.internal.VersionConfiguringAction] Using version '4.2.15.Final' for dependency 'io.netty:netty-common:4.2.15.Final'
2026-08-21T16:48:36.739-0300 [DEBUG] [org.gradle.api.internal.artifacts.ivyservice.ivyresolve.RepositoryChainComponentMetaDataResolver] Attempting to resolve component for io.netty:netty-common:4.2.15.Final using repositories [MavenRepo]
2026-08-21T16:48:36.739-0300 [DEBUG] [org.gradle.api.internal.artifacts.ivyservice.ivyresolve.CachingModuleComponentRepository] Using cached module metadata for module 'io.netty:netty-common:4.2.15.Final' in 'MavenRepo'
2026-08-21T16:48:36.739-0300 [DEBUG] [org.gradle.api.internal.artifacts.ivyservice.ivyresolve.RepositoryChainComponentMetaDataResolver] Using io.netty:netty-common:4.2.15.Final from org.gradle.api.internal.artifacts.ivyservice.ivyresolve.FilteredModuleComponentRepository@6745bebc
2026-08-21T16:48:36.739-0300 [DEBUG] [io.spring.gradle.dependencymanagement.internal.VersionConfiguringAction] Processing requested dependency 'redis.clients.authentication:redis-authx-core:0.1.1-beta2' with target 'redis.clients.authentication:redis-authx-core:0.1.1-beta2
2026-08-21T16:48:36.739-0300 [DEBUG] [io.spring.gradle.dependencymanagement.internal.VersionConfiguringAction] No dependency management for dependency 'redis.clients.authentication:redis-authx-core:0.1.1-beta2'
2026-08-21T16:48:36.739-0300 [DEBUG] [io.spring.gradle.dependencymanagement.internal.VersionConfiguringAction] Processing requested dependency 'io.netty:netty-common:4.2.13.Final' with target 'io.netty:netty-common:4.2.13.Final
2026-08-21T16:48:36.739-0300 [DEBUG] [io.spring.gradle.dependencymanagement.internal.DependencyManagementContainer] Found managed version '4.2.15.Final' for dependency 'io.netty:netty-common' in global dependency management
2026-08-21T16:48:36.739-0300 [DEBUG] [io.spring.gradle.dependencymanagement.internal.VersionConfiguringAction] Using version '4.2.15.Final' for dependency 'io.netty:netty-common:4.2.13.Final'
2026-08-21T16:48:36.739-0300 [DEBUG] [io.spring.gradle.dependencymanagement.internal.VersionConfiguringAction] Processing requested dependency 'io.netty:netty-handler:4.2.13.Final' with target 'io.netty:netty-handler:4.2.13.Final
2026-08-21T16:48:36.739-0300 [DEBUG] [io.spring.gradle.dependencymanagement.internal.DependencyManagementContainer] Found managed version '4.2.15.Final' for dependency 'io.netty:netty-handler' in global dependency management
2026-08-21T16:48:36.739-0300 [DEBUG] [io.spring.gradle.dependencymanagement.internal.VersionConfiguringAction] Using version '4.2.15.Final' for dependency 'io.netty:netty-handler:4.2.13.Final'
2026-08-21T16:48:36.739-0300 [DEBUG] [io.spring.gradle.dependencymanagement.internal.VersionConfiguringAction] Processing requested dependency 'io.netty:netty-transport:4.2.13.Final' with target 'io.netty:netty-transport:4.2.13.Final
2026-08-21T16:48:36.740-0300 [DEBUG] [io.spring.gradle.dependencymanagement.internal.DependencyManagementContainer] Found managed version '4.2.15.Final' for dependency 'io.netty:netty-transport' in global dependency management
2026-08-21T16:48:36.740-0300 [DEBUG] [io.spring.gradle.dependencymanagement.internal.VersionConfiguringAction] Using version '4.2.15.Final' for dependency 'io.netty:netty-transport:4.2.13.Final'
2026-08-21T16:48:36.740-0300 [DEBUG] [io.spring.gradle.dependencymanagement.internal.VersionConfiguringAction] Processing requested dependency 'io.projectreactor:reactor-core:3.6.6' with target 'io.projectreactor:reactor-core:3.6.6
2026-08-21T16:48:36.740-0300 [DEBUG] [io.spring.gradle.dependencymanagement.internal.DependencyManagementContainer] Found managed version '3.8.6' for dependency 'io.projectreactor:reactor-core' in global dependency management
2026-08-21T16:48:36.740-0300 [DEBUG] [io.spring.gradle.dependencymanagement.internal.VersionConfiguringAction] Using version '3.8.6' for dependency 'io.projectreactor:reactor-core:3.6.6'
2026-08-21T16:48:36.740-0300 [DEBUG] [io.spring.gradle.dependencymanagement.internal.VersionConfiguringAction] Processing requested dependency 'io.netty:netty-resolver-dns:4.2.13.Final' with target 'io.netty:netty-resolver-dns:4.2.13.Final
2026-08-21T16:48:36.740-0300 [DEBUG] [io.spring.gradle.dependencymanagement.internal.DependencyManagementContainer] Found managed version '4.2.15.Final' for dependency 'io.netty:netty-resolver-dns' in global dependency management
2026-08-21T16:48:36.740-0300 [DEBUG] [io.spring.gradle.dependencymanagement.internal.VersionConfiguringAction] Using version '4.2.15.Final' for dependency 'io.netty:netty-resolver-dns:4.2.13.Final'
2026-08-21T16:48:36.740-0300 [DEBUG] [org.gradle.api.internal.artifacts.ivyservice.ivyresolve.RepositoryChainComponentMetaDataResolver] Attempting to resolve component for redis.clients.authentication:redis-authx-core:0.1.1-beta2 using repositories [MavenRepo]
2026-08-21T16:48:36.740-0300 [DEBUG] [org.gradle.api.internal.artifacts.ivyservice.ivyresolve.CachingModuleComponentRepository] Using cached module metadata for module 'redis.clients.authentication:redis-authx-core:0.1.1-beta2' in 'MavenRepo'
2026-08-21T16:48:36.740-0300 [DEBUG] [org.gradle.api.internal.artifacts.ivyservice.ivyresolve.RepositoryChainComponentMetaDataResolver] Using redis.clients.authentication:redis-authx-core:0.1.1-beta2 from org.gradle.api.internal.artifacts.ivyservice.ivyresolve.FilteredModuleComponentRepository@6745bebc
2026-08-21T16:48:36.740-0300 [DEBUG] [org.gradle.api.internal.artifacts.ivyservice.ivyresolve.RepositoryChainComponentMetaDataResolver] Attempting to resolve component for io.netty:netty-handler:4.2.15.Final using repositories [MavenRepo]
2026-08-21T16:48:36.740-0300 [DEBUG] [org.gradle.api.internal.artifacts.ivyservice.ivyresolve.CachingModuleComponentRepository] Using cached module metadata for module 'io.netty:netty-handler:4.2.15.Final' in 'MavenRepo'
2026-08-21T16:48:36.740-0300 [DEBUG] [org.gradle.api.internal.artifacts.ivyservice.ivyresolve.RepositoryChainComponentMetaDataResolver] Using io.netty:netty-handler:4.2.15.Final from org.gradle.api.internal.artifacts.ivyservice.ivyresolve.FilteredModuleComponentRepository@6745bebc
2026-08-21T16:48:36.740-0300 [DEBUG] [org.gradle.api.internal.artifacts.ivyservice.ivyresolve.RepositoryChainComponentMetaDataResolver] Attempting to resolve component for io.netty:netty-transport:4.2.15.Final using repositories [MavenRepo]
2026-08-21T16:48:36.740-0300 [DEBUG] [org.gradle.api.internal.artifacts.ivyservice.ivyresolve.CachingModuleComponentRepository] Using cached module metadata for module 'io.netty:netty-transport:4.2.15.Final' in 'MavenRepo'
2026-08-21T16:48:36.740-0300 [DEBUG] [org.gradle.api.internal.artifacts.ivyservice.ivyresolve.RepositoryChainComponentMetaDataResolver] Using io.netty:netty-transport:4.2.15.Final from org.gradle.api.internal.artifacts.ivyservice.ivyresolve.FilteredModuleComponentRepository@6745bebc
2026-08-21T16:48:36.740-0300 [DEBUG] [org.gradle.api.internal.artifacts.ivyservice.ivyresolve.RepositoryChainComponentMetaDataResolver] Attempting to resolve component for io.projectreactor:reactor-core:3.8.6 using repositories [MavenRepo]
2026-08-21T16:48:36.740-0300 [DEBUG] [org.gradle.api.internal.artifacts.ivyservice.ivyresolve.CachingModuleComponentRepository] Using cached module metadata for module 'io.projectreactor:reactor-core:3.8.6' in 'MavenRepo'
2026-08-21T16:48:36.740-0300 [DEBUG] [org.gradle.api.internal.artifacts.ivyservice.ivyresolve.RepositoryChainComponentMetaDataResolver] Using io.projectreactor:reactor-core:3.8.6 from org.gradle.api.internal.artifacts.ivyservice.ivyresolve.FilteredModuleComponentRepository@6745bebc
2026-08-21T16:48:36.740-0300 [DEBUG] [org.gradle.api.internal.artifacts.ivyservice.ivyresolve.RepositoryChainComponentMetaDataResolver] Attempting to resolve component for io.netty:netty-resolver-dns:4.2.15.Final using repositories [MavenRepo]
2026-08-21T16:48:36.740-0300 [DEBUG] [org.gradle.api.internal.artifacts.ivyservice.ivyresolve.CachingModuleComponentRepository] Using cached module metadata for module 'io.netty:netty-resolver-dns:4.2.15.Final' in 'MavenRepo'
2026-08-21T16:48:36.740-0300 [DEBUG] [org.gradle.api.internal.artifacts.ivyservice.ivyresolve.RepositoryChainComponentMetaDataResolver] Using io.netty:netty-resolver-dns:4.2.15.Final from org.gradle.api.internal.artifacts.ivyservice.ivyresolve.FilteredModuleComponentRepository@6745bebc
2026-08-21T16:48:36.740-0300 [DEBUG] [io.spring.gradle.dependencymanagement.internal.VersionConfiguringAction] Processing requested dependency 'org.springframework.data:spring-data-keyvalue:4.1.0' with target 'org.springframework.data:spring-data-keyvalue:4.1.0
2026-08-21T16:48:36.740-0300 [DEBUG] [io.spring.gradle.dependencymanagement.internal.DependencyManagementContainer] Found managed version '4.1.0' for dependency 'org.springframework.data:spring-data-keyvalue' in global dependency management
2026-08-21T16:48:36.740-0300 [DEBUG] [io.spring.gradle.dependencymanagement.internal.VersionConfiguringAction] Using version '4.1.0' for dependency 'org.springframework.data:spring-data-keyvalue:4.1.0'
2026-08-21T16:48:36.740-0300 [DEBUG] [io.spring.gradle.dependencymanagement.internal.VersionConfiguringAction] Processing requested dependency 'org.springframework:spring-oxm:7.0.8' with target 'org.springframework:spring-oxm:7.0.8
2026-08-21T16:48:36.740-0300 [DEBUG] [io.spring.gradle.dependencymanagement.internal.DependencyManagementContainer] Found managed version '7.0.8' for dependency 'org.springframework:spring-oxm' in global dependency management
2026-08-21T16:48:36.740-0300 [DEBUG] [io.spring.gradle.dependencymanagement.internal.VersionConfiguringAction] Using version '7.0.8' for dependency 'org.springframework:spring-oxm:7.0.8'
2026-08-21T16:48:36.740-0300 [DEBUG] [io.spring.gradle.dependencymanagement.internal.VersionConfiguringAction] Processing requested dependency 'org.springframework:spring-context-support:7.0.8' with target 'org.springframework:spring-context-support:7.0.8
2026-08-21T16:48:36.740-0300 [DEBUG] [io.spring.gradle.dependencymanagement.internal.DependencyManagementContainer] Found managed version '7.0.8' for dependency 'org.springframework:spring-context-support' in global dependency management
2026-08-21T16:48:36.740-0300 [DEBUG] [io.spring.gradle.dependencymanagement.internal.VersionConfiguringAction] Using version '7.0.8' for dependency 'org.springframework:spring-context-support:7.0.8'
2026-08-21T16:48:36.740-0300 [DEBUG] [org.gradle.api.internal.artifacts.ivyservice.ivyresolve.RepositoryChainComponentMetaDataResolver] Attempting to resolve component for org.springframework.data:spring-data-keyvalue:4.1.0 using repositories [MavenRepo]
2026-08-21T16:48:36.740-0300 [DEBUG] [org.gradle.api.internal.artifacts.ivyservice.ivyresolve.CachingModuleComponentRepository] Using cached module metadata for module 'org.springframework.data:spring-data-keyvalue:4.1.0' in 'MavenRepo'
2026-08-21T16:48:36.740-0300 [DEBUG] [org.gradle.api.internal.artifacts.ivyservice.ivyresolve.RepositoryChainComponentMetaDataResolver] Using org.springframework.data:spring-data-keyvalue:4.1.0 from org.gradle.api.internal.artifacts.ivyservice.ivyresolve.FilteredModuleComponentRepository@6745bebc
2026-08-21T16:48:36.740-0300 [DEBUG] [org.gradle.api.internal.artifacts.ivyservice.ivyresolve.RepositoryChainComponentMetaDataResolver] Attempting to resolve component for org.springframework:spring-oxm:7.0.8 using repositories [MavenRepo]
2026-08-21T16:48:36.740-0300 [DEBUG] [org.gradle.api.internal.artifacts.ivyservice.ivyresolve.CachingModuleComponentRepository] Using cached module metadata for module 'org.springframework:spring-oxm:7.0.8' in 'MavenRepo'
2026-08-21T16:48:36.740-0300 [DEBUG] [org.gradle.api.internal.artifacts.ivyservice.ivyresolve.RepositoryChainComponentMetaDataResolver] Using org.springframework:spring-oxm:7.0.8 from org.gradle.api.internal.artifacts.ivyservice.ivyresolve.FilteredModuleComponentRepository@6745bebc
2026-08-21T16:48:36.740-0300 [DEBUG] [org.gradle.api.internal.artifacts.ivyservice.ivyresolve.RepositoryChainComponentMetaDataResolver] Attempting to resolve component for org.springframework:spring-context-support:7.0.8 using repositories [MavenRepo]
2026-08-21T16:48:36.740-0300 [DEBUG] [org.gradle.api.internal.artifacts.ivyservice.ivyresolve.CachingModuleComponentRepository] Using cached module metadata for module 'org.springframework:spring-context-support:7.0.8' in 'MavenRepo'
2026-08-21T16:48:36.740-0300 [DEBUG] [org.gradle.api.internal.artifacts.ivyservice.ivyresolve.RepositoryChainComponentMetaDataResolver] Using org.springframework:spring-context-support:7.0.8 from org.gradle.api.internal.artifacts.ivyservice.ivyresolve.FilteredModuleComponentRepository@6745bebc
2026-08-21T16:48:36.740-0300 [DEBUG] [io.spring.gradle.dependencymanagement.internal.VersionConfiguringAction] Processing requested dependency 'org.ow2.asm:asm:9.7.1' with target 'org.ow2.asm:asm:9.7.1
2026-08-21T16:48:36.740-0300 [DEBUG] [io.spring.gradle.dependencymanagement.internal.VersionConfiguringAction] No dependency management for dependency 'org.ow2.asm:asm:9.7.1'
2026-08-21T16:48:36.740-0300 [DEBUG] [org.gradle.api.internal.artifacts.ivyservice.ivyresolve.RepositoryChainComponentMetaDataResolver] Attempting to resolve component for org.ow2.asm:asm:9.7.1 using repositories [MavenRepo]
2026-08-21T16:48:36.740-0300 [DEBUG] [org.gradle.api.internal.artifacts.ivyservice.ivyresolve.CachingModuleComponentRepository] Using cached module metadata for module 'org.ow2.asm:asm:9.7.1' in 'MavenRepo'
2026-08-21T16:48:36.740-0300 [DEBUG] [org.gradle.api.internal.artifacts.ivyservice.ivyresolve.RepositoryChainComponentMetaDataResolver] Using org.ow2.asm:asm:9.7.1 from org.gradle.api.internal.artifacts.ivyservice.ivyresolve.FilteredModuleComponentRepository@6745bebc
2026-08-21T16:48:36.740-0300 [DEBUG] [io.spring.gradle.dependencymanagement.internal.VersionConfiguringAction] Processing requested dependency 'org.apache.tomcat:tomcat-annotations-api:11.0.22' with target 'org.apache.tomcat:tomcat-annotations-api:11.0.22
2026-08-21T16:48:36.740-0300 [DEBUG] [io.spring.gradle.dependencymanagement.internal.DependencyManagementContainer] Found managed version '11.0.22' for dependency 'org.apache.tomcat:tomcat-annotations-api' in global dependency management
2026-08-21T16:48:36.740-0300 [DEBUG] [io.spring.gradle.dependencymanagement.internal.VersionConfiguringAction] Using version '11.0.22' for dependency 'org.apache.tomcat:tomcat-annotations-api:11.0.22'
2026-08-21T16:48:36.740-0300 [DEBUG] [org.gradle.api.internal.artifacts.ivyservice.resolveengine.graph.builder.NodeState] org.apache.tomcat:tomcat-annotations-api is excluded from 'org.apache.tomcat.embed:tomcat-embed-core:11.0.22' (runtime) by {"exclude module id" : "org.apache.tomcat:tomcat-annotations-api"}.
2026-08-21T16:48:36.741-0300 [DEBUG] [io.spring.gradle.dependencymanagement.internal.VersionConfiguringAction] Processing requested dependency 'io.micrometer:micrometer-commons:1.17.0' with target 'io.micrometer:micrometer-commons:1.17.0
2026-08-21T16:48:36.741-0300 [DEBUG] [io.spring.gradle.dependencymanagement.internal.DependencyManagementContainer] Found managed version '1.17.0' for dependency 'io.micrometer:micrometer-commons' in global dependency management
2026-08-21T16:48:36.741-0300 [DEBUG] [io.spring.gradle.dependencymanagement.internal.VersionConfiguringAction] Using version '1.17.0' for dependency 'io.micrometer:micrometer-commons:1.17.0'
2026-08-21T16:48:36.741-0300 [DEBUG] [org.gradle.api.internal.artifacts.ivyservice.ivyresolve.RepositoryChainComponentMetaDataResolver] Attempting to resolve component for io.micrometer:micrometer-commons:1.17.0 using repositories [MavenRepo]
2026-08-21T16:48:36.741-0300 [DEBUG] [org.gradle.api.internal.artifacts.ivyservice.ivyresolve.CachingModuleComponentRepository] Using cached module metadata for module 'io.micrometer:micrometer-commons:1.17.0' in 'MavenRepo'
2026-08-21T16:48:36.741-0300 [DEBUG] [org.gradle.api.internal.artifacts.ivyservice.ivyresolve.RepositoryChainComponentMetaDataResolver] Using io.micrometer:micrometer-commons:1.17.0 from org.gradle.api.internal.artifacts.ivyservice.ivyresolve.FilteredModuleComponentRepository@6745bebc
2026-08-21T16:48:36.741-0300 [DEBUG] [io.spring.gradle.dependencymanagement.internal.VersionConfiguringAction] Processing requested dependency 'jakarta.persistence:jakarta.persistence-api:3.2.0' with target 'jakarta.persistence:jakarta.persistence-api:3.2.0
2026-08-21T16:48:36.741-0300 [DEBUG] [io.spring.gradle.dependencymanagement.internal.DependencyManagementContainer] Found managed version '3.2.0' for dependency 'jakarta.persistence:jakarta.persistence-api' in global dependency management
2026-08-21T16:48:36.741-0300 [DEBUG] [io.spring.gradle.dependencymanagement.internal.VersionConfiguringAction] Using version '3.2.0' for dependency 'jakarta.persistence:jakarta.persistence-api:3.2.0'
2026-08-21T16:48:36.741-0300 [DEBUG] [org.gradle.api.internal.artifacts.ivyservice.ivyresolve.RepositoryChainComponentMetaDataResolver] Attempting to resolve component for jakarta.persistence:jakarta.persistence-api:3.2.0 using repositories [MavenRepo]
2026-08-21T16:48:36.741-0300 [DEBUG] [org.gradle.api.internal.artifacts.ivyservice.ivyresolve.CachingModuleComponentRepository] Using cached module metadata for module 'jakarta.persistence:jakarta.persistence-api:3.2.0' in 'MavenRepo'
2026-08-21T16:48:36.741-0300 [DEBUG] [org.gradle.api.internal.artifacts.ivyservice.ivyresolve.RepositoryChainComponentMetaDataResolver] Using jakarta.persistence:jakarta.persistence-api:3.2.0 from org.gradle.api.internal.artifacts.ivyservice.ivyresolve.FilteredModuleComponentRepository@6745bebc
2026-08-21T16:48:36.741-0300 [DEBUG] [io.spring.gradle.dependencymanagement.internal.VersionConfiguringAction] Processing requested dependency 'org.jboss.logging:jboss-logging:3.6.1.Final' with target 'org.jboss.logging:jboss-logging:3.6.1.Final
2026-08-21T16:48:36.741-0300 [DEBUG] [io.spring.gradle.dependencymanagement.internal.DependencyManagementContainer] Found managed version '3.6.3.Final' for dependency 'org.jboss.logging:jboss-logging' in global dependency management
2026-08-21T16:48:36.741-0300 [DEBUG] [io.spring.gradle.dependencymanagement.internal.VersionConfiguringAction] Using version '3.6.3.Final' for dependency 'org.jboss.logging:jboss-logging:3.6.1.Final'
2026-08-21T16:48:36.741-0300 [DEBUG] [io.spring.gradle.dependencymanagement.internal.VersionConfiguringAction] Processing requested dependency 'org.hibernate.models:hibernate-models:1.1.1' with target 'org.hibernate.models:hibernate-models:1.1.1
2026-08-21T16:48:36.741-0300 [DEBUG] [io.spring.gradle.dependencymanagement.internal.VersionConfiguringAction] No dependency management for dependency 'org.hibernate.models:hibernate-models:1.1.1'
2026-08-21T16:48:36.741-0300 [DEBUG] [io.spring.gradle.dependencymanagement.internal.VersionConfiguringAction] Processing requested dependency 'net.bytebuddy:byte-buddy:1.18.8' with target 'net.bytebuddy:byte-buddy:1.18.8
2026-08-21T16:48:36.741-0300 [DEBUG] [io.spring.gradle.dependencymanagement.internal.DependencyManagementContainer] Found managed version '1.18.10' for dependency 'net.bytebuddy:byte-buddy' in global dependency management
2026-08-21T16:48:36.741-0300 [DEBUG] [io.spring.gradle.dependencymanagement.internal.VersionConfiguringAction] Using version '1.18.10' for dependency 'net.bytebuddy:byte-buddy:1.18.8'
2026-08-21T16:48:36.741-0300 [DEBUG] [io.spring.gradle.dependencymanagement.internal.VersionConfiguringAction] Processing requested dependency 'jakarta.xml.bind:jakarta.xml.bind-api:4.0.4' with target 'jakarta.xml.bind:jakarta.xml.bind-api:4.0.4
2026-08-21T16:48:36.741-0300 [DEBUG] [io.spring.gradle.dependencymanagement.internal.DependencyManagementContainer] Found managed version '4.0.5' for dependency 'jakarta.xml.bind:jakarta.xml.bind-api' in global dependency management
2026-08-21T16:48:36.741-0300 [DEBUG] [io.spring.gradle.dependencymanagement.internal.VersionConfiguringAction] Using version '4.0.5' for dependency 'jakarta.xml.bind:jakarta.xml.bind-api:4.0.4'
2026-08-21T16:48:36.741-0300 [DEBUG] [io.spring.gradle.dependencymanagement.internal.VersionConfiguringAction] Processing requested dependency 'org.glassfish.jaxb:jaxb-runtime:4.0.7' with target 'org.glassfish.jaxb:jaxb-runtime:4.0.7
2026-08-21T16:48:36.741-0300 [DEBUG] [io.spring.gradle.dependencymanagement.internal.DependencyManagementContainer] Found managed version '4.0.9' for dependency 'org.glassfish.jaxb:jaxb-runtime' in global dependency management
2026-08-21T16:48:36.741-0300 [DEBUG] [io.spring.gradle.dependencymanagement.internal.VersionConfiguringAction] Using version '4.0.9' for dependency 'org.glassfish.jaxb:jaxb-runtime:4.0.7'
2026-08-21T16:48:36.741-0300 [DEBUG] [io.spring.gradle.dependencymanagement.internal.VersionConfiguringAction] Processing requested dependency 'jakarta.inject:jakarta.inject-api:2.0.1' with target 'jakarta.inject:jakarta.inject-api:2.0.1
2026-08-21T16:48:36.741-0300 [DEBUG] [io.spring.gradle.dependencymanagement.internal.DependencyManagementContainer] Found managed version '2.0.1' for dependency 'jakarta.inject:jakarta.inject-api' in global dependency management
2026-08-21T16:48:36.741-0300 [DEBUG] [io.spring.gradle.dependencymanagement.internal.VersionConfiguringAction] Using version '2.0.1' for dependency 'jakarta.inject:jakarta.inject-api:2.0.1'
2026-08-21T16:48:36.741-0300 [DEBUG] [io.spring.gradle.dependencymanagement.internal.VersionConfiguringAction] Processing requested dependency 'org.hibernate.orm:hibernate-platform:7.4.1.Final' with target 'org.hibernate.orm:hibernate-platform:7.4.1.Final
2026-08-21T16:48:36.741-0300 [DEBUG] [io.spring.gradle.dependencymanagement.internal.VersionConfiguringAction] No dependency management for dependency 'org.hibernate.orm:hibernate-platform:7.4.1.Final'
2026-08-21T16:48:36.741-0300 [DEBUG] [io.spring.gradle.dependencymanagement.internal.VersionConfiguringAction] Processing requested dependency 'jakarta.transaction:jakarta.transaction-api:2.0.1' with target 'jakarta.transaction:jakarta.transaction-api:2.0.1
2026-08-21T16:48:36.741-0300 [DEBUG] [io.spring.gradle.dependencymanagement.internal.DependencyManagementContainer] Found managed version '2.0.1' for dependency 'jakarta.transaction:jakarta.transaction-api' in global dependency management
2026-08-21T16:48:36.741-0300 [DEBUG] [io.spring.gradle.dependencymanagement.internal.VersionConfiguringAction] Using version '2.0.1' for dependency 'jakarta.transaction:jakarta.transaction-api:2.0.1'
2026-08-21T16:48:36.741-0300 [DEBUG] [io.spring.gradle.dependencymanagement.internal.VersionConfiguringAction] Processing requested dependency 'org.apache.logging.log4j:log4j-core:[2.17.1, 3[' with target 'org.apache.logging.log4j:log4j-core:[2.17.1, 3[
2026-08-21T16:48:36.741-0300 [DEBUG] [io.spring.gradle.dependencymanagement.internal.DependencyManagementContainer] Found managed version '2.25.4' for dependency 'org.apache.logging.log4j:log4j-core' in global dependency management
2026-08-21T16:48:36.741-0300 [DEBUG] [io.spring.gradle.dependencymanagement.internal.VersionConfiguringAction] Using version '2.25.4' for dependency 'org.apache.logging.log4j:log4j-core:[2.17.1, 3['
2026-08-21T16:48:36.741-0300 [DEBUG] [org.gradle.api.internal.artifacts.ivyservice.ivyresolve.RepositoryChainComponentMetaDataResolver] Attempting to resolve component for org.jboss.logging:jboss-logging:3.6.3.Final using repositories [MavenRepo]
2026-08-21T16:48:36.741-0300 [DEBUG] [org.gradle.api.internal.artifacts.ivyservice.ivyresolve.CachingModuleComponentRepository] Using cached module metadata for module 'org.jboss.logging:jboss-logging:3.6.3.Final' in 'MavenRepo'
2026-08-21T16:48:36.741-0300 [DEBUG] [org.gradle.api.internal.artifacts.ivyservice.ivyresolve.RepositoryChainComponentMetaDataResolver] Using org.jboss.logging:jboss-logging:3.6.3.Final from org.gradle.api.internal.artifacts.ivyservice.ivyresolve.FilteredModuleComponentRepository@6745bebc
2026-08-21T16:48:36.741-0300 [DEBUG] [org.gradle.api.internal.artifacts.ivyservice.ivyresolve.RepositoryChainComponentMetaDataResolver] Attempting to resolve component for org.hibernate.models:hibernate-models:1.1.1 using repositories [MavenRepo]
2026-08-21T16:48:36.741-0300 [DEBUG] [org.gradle.api.internal.artifacts.ivyservice.ivyresolve.CachingModuleComponentRepository] Using cached module metadata for module 'org.hibernate.models:hibernate-models:1.1.1' in 'MavenRepo'
2026-08-21T16:48:36.741-0300 [DEBUG] [org.gradle.api.internal.artifacts.ivyservice.ivyresolve.RepositoryChainComponentMetaDataResolver] Using org.hibernate.models:hibernate-models:1.1.1 from org.gradle.api.internal.artifacts.ivyservice.ivyresolve.FilteredModuleComponentRepository@6745bebc
2026-08-21T16:48:36.741-0300 [DEBUG] [org.gradle.api.internal.artifacts.ivyservice.ivyresolve.RepositoryChainComponentMetaDataResolver] Attempting to resolve component for org.glassfish.jaxb:jaxb-runtime:4.0.9 using repositories [MavenRepo]
2026-08-21T16:48:36.741-0300 [DEBUG] [org.gradle.api.internal.artifacts.ivyservice.ivyresolve.CachingModuleComponentRepository] Using cached module metadata for module 'org.glassfish.jaxb:jaxb-runtime:4.0.9' in 'MavenRepo'
2026-08-21T16:48:36.741-0300 [DEBUG] [org.gradle.api.internal.artifacts.ivyservice.ivyresolve.RepositoryChainComponentMetaDataResolver] Using org.glassfish.jaxb:jaxb-runtime:4.0.9 from org.gradle.api.internal.artifacts.ivyservice.ivyresolve.FilteredModuleComponentRepository@6745bebc
2026-08-21T16:48:36.741-0300 [DEBUG] [org.gradle.api.internal.artifacts.ivyservice.ivyresolve.RepositoryChainComponentMetaDataResolver] Attempting to resolve component for jakarta.inject:jakarta.inject-api:2.0.1 using repositories [MavenRepo]
2026-08-21T16:48:36.741-0300 [DEBUG] [org.gradle.api.internal.artifacts.ivyservice.ivyresolve.CachingModuleComponentRepository] Using cached module metadata for module 'jakarta.inject:jakarta.inject-api:2.0.1' in 'MavenRepo'
2026-08-21T16:48:36.742-0300 [DEBUG] [org.gradle.api.internal.artifacts.ivyservice.ivyresolve.RepositoryChainComponentMetaDataResolver] Using jakarta.inject:jakarta.inject-api:2.0.1 from org.gradle.api.internal.artifacts.ivyservice.ivyresolve.FilteredModuleComponentRepository@6745bebc
2026-08-21T16:48:36.742-0300 [DEBUG] [org.gradle.api.internal.artifacts.ivyservice.ivyresolve.RepositoryChainComponentMetaDataResolver] Attempting to resolve component for org.hibernate.orm:hibernate-platform:7.4.1.Final using repositories [MavenRepo]
2026-08-21T16:48:36.742-0300 [DEBUG] [org.gradle.api.internal.artifacts.ivyservice.ivyresolve.CachingModuleComponentRepository] Using cached module metadata for module 'org.hibernate.orm:hibernate-platform:7.4.1.Final' in 'MavenRepo'
2026-08-21T16:48:36.742-0300 [DEBUG] [org.gradle.api.internal.artifacts.ivyservice.ivyresolve.RepositoryChainComponentMetaDataResolver] Using org.hibernate.orm:hibernate-platform:7.4.1.Final from org.gradle.api.internal.artifacts.ivyservice.ivyresolve.FilteredModuleComponentRepository@6745bebc
2026-08-21T16:48:36.742-0300 [DEBUG] [io.spring.gradle.dependencymanagement.internal.VersionConfiguringAction] Processing requested dependency 'net.bytebuddy:byte-buddy-agent:1.18.8' with target 'net.bytebuddy:byte-buddy-agent:1.18.8
2026-08-21T16:48:36.742-0300 [DEBUG] [io.spring.gradle.dependencymanagement.internal.DependencyManagementContainer] Found managed version '1.18.10' for dependency 'net.bytebuddy:byte-buddy-agent' in global dependency management
2026-08-21T16:48:36.742-0300 [DEBUG] [io.spring.gradle.dependencymanagement.internal.VersionConfiguringAction] Using version '1.18.10' for dependency 'net.bytebuddy:byte-buddy-agent:1.18.8'
2026-08-21T16:48:36.742-0300 [DEBUG] [io.spring.gradle.dependencymanagement.internal.VersionConfiguringAction] Processing requested dependency 'io.smallrye:jandex:3.3.2' with target 'io.smallrye:jandex:3.3.2
2026-08-21T16:48:36.742-0300 [DEBUG] [io.spring.gradle.dependencymanagement.internal.VersionConfiguringAction] No dependency management for dependency 'io.smallrye:jandex:3.3.2'
2026-08-21T16:48:36.742-0300 [DEBUG] [io.spring.gradle.dependencymanagement.internal.VersionConfiguringAction] Processing requested dependency 'io.agroal:agroal-api:3.0.1' with target 'io.agroal:agroal-api:3.0.1
2026-08-21T16:48:36.742-0300 [DEBUG] [io.spring.gradle.dependencymanagement.internal.VersionConfiguringAction] No dependency management for dependency 'io.agroal:agroal-api:3.0.1'
2026-08-21T16:48:36.742-0300 [DEBUG] [io.spring.gradle.dependencymanagement.internal.VersionConfiguringAction] Processing requested dependency 'io.agroal:agroal-pool:3.0.1' with target 'io.agroal:agroal-pool:3.0.1
2026-08-21T16:48:36.742-0300 [DEBUG] [io.spring.gradle.dependencymanagement.internal.VersionConfiguringAction] No dependency management for dependency 'io.agroal:agroal-pool:3.0.1'
2026-08-21T16:48:36.742-0300 [DEBUG] [io.spring.gradle.dependencymanagement.internal.VersionConfiguringAction] Processing requested dependency 'com.mchange:c3p0:0.12.0' with target 'com.mchange:c3p0:0.12.0
2026-08-21T16:48:36.742-0300 [DEBUG] [io.spring.gradle.dependencymanagement.internal.VersionConfiguringAction] No dependency management for dependency 'com.mchange:c3p0:0.12.0'
2026-08-21T16:48:36.742-0300 [DEBUG] [io.spring.gradle.dependencymanagement.internal.VersionConfiguringAction] Processing requested dependency 'javax.cache:cache-api:1.1.1' with target 'javax.cache:cache-api:1.1.1
2026-08-21T16:48:36.742-0300 [DEBUG] [io.spring.gradle.dependencymanagement.internal.DependencyManagementContainer] Found managed version '1.1.1' for dependency 'javax.cache:cache-api' in global dependency management
2026-08-21T16:48:36.742-0300 [DEBUG] [io.spring.gradle.dependencymanagement.internal.VersionConfiguringAction] Using version '1.1.1' for dependency 'javax.cache:cache-api:1.1.1'
2026-08-21T16:48:36.742-0300 [DEBUG] [io.spring.gradle.dependencymanagement.internal.VersionConfiguringAction] Processing requested dependency 'io.micrometer:micrometer-core:1.16.0' with target 'io.micrometer:micrometer-core:1.16.0
2026-08-21T16:48:36.742-0300 [DEBUG] [io.spring.gradle.dependencymanagement.internal.DependencyManagementContainer] Found managed version '1.17.0' for dependency 'io.micrometer:micrometer-core' in global dependency management
2026-08-21T16:48:36.742-0300 [DEBUG] [io.spring.gradle.dependencymanagement.internal.VersionConfiguringAction] Using version '1.17.0' for dependency 'io.micrometer:micrometer-core:1.16.0'
2026-08-21T16:48:36.742-0300 [DEBUG] [io.spring.gradle.dependencymanagement.internal.VersionConfiguringAction] Processing requested dependency 'org.hibernate:hibernate-core:7.4.1.Final' with target 'org.hibernate:hibernate-core:7.4.1.Final
2026-08-21T16:48:36.742-0300 [DEBUG] [io.spring.gradle.dependencymanagement.internal.VersionConfiguringAction] No dependency management for dependency 'org.hibernate:hibernate-core:7.4.1.Final'
2026-08-21T16:48:36.742-0300 [DEBUG] [io.spring.gradle.dependencymanagement.internal.VersionConfiguringAction] Processing requested dependency 'org.hibernate.orm:hibernate-testing:7.4.1.Final' with target 'org.hibernate.orm:hibernate-testing:7.4.1.Final
2026-08-21T16:48:36.742-0300 [DEBUG] [io.spring.gradle.dependencymanagement.internal.DependencyManagementContainer] Found managed version '7.4.1.Final' for dependency 'org.hibernate.orm:hibernate-testing' in global dependency management
2026-08-21T16:48:36.742-0300 [DEBUG] [io.spring.gradle.dependencymanagement.internal.VersionConfiguringAction] Using version '7.4.1.Final' for dependency 'org.hibernate.orm:hibernate-testing:7.4.1.Final'
2026-08-21T16:48:36.742-0300 [DEBUG] [io.spring.gradle.dependencymanagement.internal.VersionConfiguringAction] Processing requested dependency 'org.hibernate:hibernate-testing:7.4.1.Final' with target 'org.hibernate:hibernate-testing:7.4.1.Final
2026-08-21T16:48:36.742-0300 [DEBUG] [io.spring.gradle.dependencymanagement.internal.VersionConfiguringAction] No dependency management for dependency 'org.hibernate:hibernate-testing:7.4.1.Final'
2026-08-21T16:48:36.742-0300 [DEBUG] [io.spring.gradle.dependencymanagement.internal.VersionConfiguringAction] Processing requested dependency 'org.hibernate.orm:hibernate-envers:7.4.1.Final' with target 'org.hibernate.orm:hibernate-envers:7.4.1.Final
2026-08-21T16:48:36.742-0300 [DEBUG] [io.spring.gradle.dependencymanagement.internal.DependencyManagementContainer] Found managed version '7.4.1.Final' for dependency 'org.hibernate.orm:hibernate-envers' in global dependency management
2026-08-21T16:48:36.742-0300 [DEBUG] [io.spring.gradle.dependencymanagement.internal.VersionConfiguringAction] Using version '7.4.1.Final' for dependency 'org.hibernate.orm:hibernate-envers:7.4.1.Final'
2026-08-21T16:48:36.742-0300 [DEBUG] [io.spring.gradle.dependencymanagement.internal.VersionConfiguringAction] Processing requested dependency 'org.hibernate:hibernate-envers:7.4.1.Final' with target 'org.hibernate:hibernate-envers:7.4.1.Final
2026-08-21T16:48:36.742-0300 [DEBUG] [io.spring.gradle.dependencymanagement.internal.VersionConfiguringAction] No dependency management for dependency 'org.hibernate:hibernate-envers:7.4.1.Final'
2026-08-21T16:48:36.742-0300 [DEBUG] [io.spring.gradle.dependencymanagement.internal.VersionConfiguringAction] Processing requested dependency 'org.hibernate.orm:hibernate-spatial:7.4.1.Final' with target 'org.hibernate.orm:hibernate-spatial:7.4.1.Final
2026-08-21T16:48:36.742-0300 [DEBUG] [io.spring.gradle.dependencymanagement.internal.DependencyManagementContainer] Found managed version '7.4.1.Final' for dependency 'org.hibernate.orm:hibernate-spatial' in global dependency management
2026-08-21T16:48:36.742-0300 [DEBUG] [io.spring.gradle.dependencymanagement.internal.VersionConfiguringAction] Using version '7.4.1.Final' for dependency 'org.hibernate.orm:hibernate-spatial:7.4.1.Final'
2026-08-21T16:48:36.742-0300 [DEBUG] [io.spring.gradle.dependencymanagement.internal.VersionConfiguringAction] Processing requested dependency 'org.hibernate:hibernate-spatial:7.4.1.Final' with target 'org.hibernate:hibernate-spatial:7.4.1.Final
2026-08-21T16:48:36.742-0300 [DEBUG] [io.spring.gradle.dependencymanagement.internal.VersionConfiguringAction] No dependency management for dependency 'org.hibernate:hibernate-spatial:7.4.1.Final'
2026-08-21T16:48:36.742-0300 [DEBUG] [io.spring.gradle.dependencymanagement.internal.VersionConfiguringAction] Processing requested dependency 'org.hibernate.orm:hibernate-vector:7.4.1.Final' with target 'org.hibernate.orm:hibernate-vector:7.4.1.Final
2026-08-21T16:48:36.742-0300 [DEBUG] [io.spring.gradle.dependencymanagement.internal.DependencyManagementContainer] Found managed version '7.4.1.Final' for dependency 'org.hibernate.orm:hibernate-vector' in global dependency management
2026-08-21T16:48:36.742-0300 [DEBUG] [io.spring.gradle.dependencymanagement.internal.VersionConfiguringAction] Using version '7.4.1.Final' for dependency 'org.hibernate.orm:hibernate-vector:7.4.1.Final'
2026-08-21T16:48:36.742-0300 [DEBUG] [io.spring.gradle.dependencymanagement.internal.VersionConfiguringAction] Processing requested dependency 'org.hibernate:hibernate-vector:7.4.1.Final' with target 'org.hibernate:hibernate-vector:7.4.1.Final
2026-08-21T16:48:36.742-0300 [DEBUG] [io.spring.gradle.dependencymanagement.internal.VersionConfiguringAction] No dependency management for dependency 'org.hibernate:hibernate-vector:7.4.1.Final'
2026-08-21T16:48:36.742-0300 [DEBUG] [io.spring.gradle.dependencymanagement.internal.VersionConfiguringAction] Processing requested dependency 'org.hibernate.orm:hibernate-community-dialects:7.4.1.Final' with target 'org.hibernate.orm:hibernate-community-dialects:7.4.1.Final
2026-08-21T16:48:36.742-0300 [DEBUG] [io.spring.gradle.dependencymanagement.internal.DependencyManagementContainer] Found managed version '7.4.1.Final' for dependency 'org.hibernate.orm:hibernate-community-dialects' in global dependency management
2026-08-21T16:48:36.742-0300 [DEBUG] [io.spring.gradle.dependencymanagement.internal.VersionConfiguringAction] Using version '7.4.1.Final' for dependency 'org.hibernate.orm:hibernate-community-dialects:7.4.1.Final'
2026-08-21T16:48:36.742-0300 [DEBUG] [io.spring.gradle.dependencymanagement.internal.VersionConfiguringAction] Processing requested dependency 'org.hibernate:hibernate-community-dialects:7.4.1.Final' with target 'org.hibernate:hibernate-community-dialects:7.4.1.Final
2026-08-21T16:48:36.742-0300 [DEBUG] [io.spring.gradle.dependencymanagement.internal.VersionConfiguringAction] No dependency management for dependency 'org.hibernate:hibernate-community-dialects:7.4.1.Final'
2026-08-21T16:48:36.742-0300 [DEBUG] [io.spring.gradle.dependencymanagement.internal.VersionConfiguringAction] Processing requested dependency 'org.hibernate.orm:hibernate-scan-jandex:7.4.1.Final' with target 'org.hibernate.orm:hibernate-scan-jandex:7.4.1.Final
2026-08-21T16:48:36.742-0300 [DEBUG] [io.spring.gradle.dependencymanagement.internal.DependencyManagementContainer] Found managed version '7.4.1.Final' for dependency 'org.hibernate.orm:hibernate-scan-jandex' in global dependency management
2026-08-21T16:48:36.742-0300 [DEBUG] [io.spring.gradle.dependencymanagement.internal.VersionConfiguringAction] Using version '7.4.1.Final' for dependency 'org.hibernate.orm:hibernate-scan-jandex:7.4.1.Final'
2026-08-21T16:48:36.742-0300 [DEBUG] [io.spring.gradle.dependencymanagement.internal.VersionConfiguringAction] Processing requested dependency 'org.hibernate.orm:hibernate-agroal:7.4.1.Final' with target 'org.hibernate.orm:hibernate-agroal:7.4.1.Final
2026-08-21T16:48:36.742-0300 [DEBUG] [io.spring.gradle.dependencymanagement.internal.DependencyManagementContainer] Found managed version '7.4.1.Final' for dependency 'org.hibernate.orm:hibernate-agroal' in global dependency management
2026-08-21T16:48:36.742-0300 [DEBUG] [io.spring.gradle.dependencymanagement.internal.VersionConfiguringAction] Using version '7.4.1.Final' for dependency 'org.hibernate.orm:hibernate-agroal:7.4.1.Final'
2026-08-21T16:48:36.742-0300 [DEBUG] [io.spring.gradle.dependencymanagement.internal.VersionConfiguringAction] Processing requested dependency 'org.hibernate:hibernate-agroal:7.4.1.Final' with target 'org.hibernate:hibernate-agroal:7.4.1.Final
2026-08-21T16:48:36.742-0300 [DEBUG] [io.spring.gradle.dependencymanagement.internal.VersionConfiguringAction] No dependency management for dependency 'org.hibernate:hibernate-agroal:7.4.1.Final'
2026-08-21T16:48:36.743-0300 [DEBUG] [io.spring.gradle.dependencymanagement.internal.VersionConfiguringAction] Processing requested dependency 'org.hibernate.orm:hibernate-c3p0:7.4.1.Final' with target 'org.hibernate.orm:hibernate-c3p0:7.4.1.Final
2026-08-21T16:48:36.743-0300 [DEBUG] [io.spring.gradle.dependencymanagement.internal.DependencyManagementContainer] Found managed version '7.4.1.Final' for dependency 'org.hibernate.orm:hibernate-c3p0' in global dependency management
2026-08-21T16:48:36.743-0300 [DEBUG] [io.spring.gradle.dependencymanagement.internal.VersionConfiguringAction] Using version '7.4.1.Final' for dependency 'org.hibernate.orm:hibernate-c3p0:7.4.1.Final'
2026-08-21T16:48:36.743-0300 [DEBUG] [io.spring.gradle.dependencymanagement.internal.VersionConfiguringAction] Processing requested dependency 'org.hibernate:hibernate-c3p0:7.4.1.Final' with target 'org.hibernate:hibernate-c3p0:7.4.1.Final
2026-08-21T16:48:36.743-0300 [DEBUG] [io.spring.gradle.dependencymanagement.internal.VersionConfiguringAction] No dependency management for dependency 'org.hibernate:hibernate-c3p0:7.4.1.Final'
2026-08-21T16:48:36.743-0300 [DEBUG] [io.spring.gradle.dependencymanagement.internal.VersionConfiguringAction] Processing requested dependency 'org.hibernate.orm:hibernate-hikaricp:7.4.1.Final' with target 'org.hibernate.orm:hibernate-hikaricp:7.4.1.Final
2026-08-21T16:48:36.743-0300 [DEBUG] [io.spring.gradle.dependencymanagement.internal.DependencyManagementContainer] Found managed version '7.4.1.Final' for dependency 'org.hibernate.orm:hibernate-hikaricp' in global dependency management
2026-08-21T16:48:36.743-0300 [DEBUG] [io.spring.gradle.dependencymanagement.internal.VersionConfiguringAction] Using version '7.4.1.Final' for dependency 'org.hibernate.orm:hibernate-hikaricp:7.4.1.Final'
2026-08-21T16:48:36.743-0300 [DEBUG] [io.spring.gradle.dependencymanagement.internal.VersionConfiguringAction] Processing requested dependency 'org.hibernate:hibernate-hikaricp:7.4.1.Final' with target 'org.hibernate:hibernate-hikaricp:7.4.1.Final
2026-08-21T16:48:36.743-0300 [DEBUG] [io.spring.gradle.dependencymanagement.internal.VersionConfiguringAction] No dependency management for dependency 'org.hibernate:hibernate-hikaricp:7.4.1.Final'
2026-08-21T16:48:36.743-0300 [DEBUG] [io.spring.gradle.dependencymanagement.internal.VersionConfiguringAction] Processing requested dependency 'org.hibernate.orm:hibernate-jcache:7.4.1.Final' with target 'org.hibernate.orm:hibernate-jcache:7.4.1.Final
2026-08-21T16:48:36.743-0300 [DEBUG] [io.spring.gradle.dependencymanagement.internal.DependencyManagementContainer] Found managed version '7.4.1.Final' for dependency 'org.hibernate.orm:hibernate-jcache' in global dependency management
2026-08-21T16:48:36.743-0300 [DEBUG] [io.spring.gradle.dependencymanagement.internal.VersionConfiguringAction] Using version '7.4.1.Final' for dependency 'org.hibernate.orm:hibernate-jcache:7.4.1.Final'
2026-08-21T16:48:36.743-0300 [DEBUG] [io.spring.gradle.dependencymanagement.internal.VersionConfiguringAction] Processing requested dependency 'org.hibernate:hibernate-jcache:7.4.1.Final' with target 'org.hibernate:hibernate-jcache:7.4.1.Final
2026-08-21T16:48:36.743-0300 [DEBUG] [io.spring.gradle.dependencymanagement.internal.VersionConfiguringAction] No dependency management for dependency 'org.hibernate:hibernate-jcache:7.4.1.Final'
2026-08-21T16:48:36.743-0300 [DEBUG] [io.spring.gradle.dependencymanagement.internal.VersionConfiguringAction] Processing requested dependency 'org.hibernate.orm:hibernate-micrometer:7.4.1.Final' with target 'org.hibernate.orm:hibernate-micrometer:7.4.1.Final
2026-08-21T16:48:36.743-0300 [DEBUG] [io.spring.gradle.dependencymanagement.internal.DependencyManagementContainer] Found managed version '7.4.1.Final' for dependency 'org.hibernate.orm:hibernate-micrometer' in global dependency management
2026-08-21T16:48:36.743-0300 [DEBUG] [io.spring.gradle.dependencymanagement.internal.VersionConfiguringAction] Using version '7.4.1.Final' for dependency 'org.hibernate.orm:hibernate-micrometer:7.4.1.Final'
2026-08-21T16:48:36.743-0300 [DEBUG] [io.spring.gradle.dependencymanagement.internal.VersionConfiguringAction] Processing requested dependency 'org.hibernate:hibernate-micrometer:7.4.1.Final' with target 'org.hibernate:hibernate-micrometer:7.4.1.Final
2026-08-21T16:48:36.743-0300 [DEBUG] [io.spring.gradle.dependencymanagement.internal.VersionConfiguringAction] No dependency management for dependency 'org.hibernate:hibernate-micrometer:7.4.1.Final'
2026-08-21T16:48:36.743-0300 [DEBUG] [io.spring.gradle.dependencymanagement.internal.VersionConfiguringAction] Processing requested dependency 'org.hibernate.orm:hibernate-graalvm:7.4.1.Final' with target 'org.hibernate.orm:hibernate-graalvm:7.4.1.Final
2026-08-21T16:48:36.743-0300 [DEBUG] [io.spring.gradle.dependencymanagement.internal.DependencyManagementContainer] Found managed version '7.4.1.Final' for dependency 'org.hibernate.orm:hibernate-graalvm' in global dependency management
2026-08-21T16:48:36.743-0300 [DEBUG] [io.spring.gradle.dependencymanagement.internal.VersionConfiguringAction] Using version '7.4.1.Final' for dependency 'org.hibernate.orm:hibernate-graalvm:7.4.1.Final'
2026-08-21T16:48:36.743-0300 [DEBUG] [io.spring.gradle.dependencymanagement.internal.VersionConfiguringAction] Processing requested dependency 'org.hibernate:hibernate-graalvm:7.4.1.Final' with target 'org.hibernate:hibernate-graalvm:7.4.1.Final
2026-08-21T16:48:36.743-0300 [DEBUG] [io.spring.gradle.dependencymanagement.internal.VersionConfiguringAction] No dependency management for dependency 'org.hibernate:hibernate-graalvm:7.4.1.Final'
2026-08-21T16:48:36.743-0300 [DEBUG] [io.spring.gradle.dependencymanagement.internal.VersionConfiguringAction] Processing requested dependency 'org.hibernate.orm:hibernate-processor:7.4.1.Final' with target 'org.hibernate.orm:hibernate-processor:7.4.1.Final
2026-08-21T16:48:36.743-0300 [DEBUG] [io.spring.gradle.dependencymanagement.internal.DependencyManagementContainer] Found managed version '7.4.1.Final' for dependency 'org.hibernate.orm:hibernate-processor' in global dependency management
2026-08-21T16:48:36.743-0300 [DEBUG] [io.spring.gradle.dependencymanagement.internal.VersionConfiguringAction] Using version '7.4.1.Final' for dependency 'org.hibernate.orm:hibernate-processor:7.4.1.Final'
2026-08-21T16:48:36.743-0300 [DEBUG] [io.spring.gradle.dependencymanagement.internal.VersionConfiguringAction] Processing requested dependency 'org.hibernate:hibernate-processor:7.4.1.Final' with target 'org.hibernate:hibernate-processor:7.4.1.Final
2026-08-21T16:48:36.743-0300 [DEBUG] [io.spring.gradle.dependencymanagement.internal.VersionConfiguringAction] No dependency management for dependency 'org.hibernate:hibernate-processor:7.4.1.Final'
2026-08-21T16:48:36.743-0300 [DEBUG] [io.spring.gradle.dependencymanagement.internal.VersionConfiguringAction] Processing requested dependency 'org.hibernate.orm:hibernate-gradle-plugin:7.4.1.Final' with target 'org.hibernate.orm:hibernate-gradle-plugin:7.4.1.Final
2026-08-21T16:48:36.743-0300 [DEBUG] [io.spring.gradle.dependencymanagement.internal.VersionConfiguringAction] No dependency management for dependency 'org.hibernate.orm:hibernate-gradle-plugin:7.4.1.Final'
2026-08-21T16:48:36.743-0300 [DEBUG] [io.spring.gradle.dependencymanagement.internal.VersionConfiguringAction] Processing requested dependency 'org.hibernate.orm:hibernate-maven-plugin:7.4.1.Final' with target 'org.hibernate.orm:hibernate-maven-plugin:7.4.1.Final
2026-08-21T16:48:36.743-0300 [DEBUG] [io.spring.gradle.dependencymanagement.internal.VersionConfiguringAction] No dependency management for dependency 'org.hibernate.orm:hibernate-maven-plugin:7.4.1.Final'
2026-08-21T16:48:36.743-0300 [DEBUG] [io.spring.gradle.dependencymanagement.internal.VersionConfiguringAction] Processing requested dependency 'org.hibernate.orm:hibernate-ant:7.4.1.Final' with target 'org.hibernate.orm:hibernate-ant:7.4.1.Final
2026-08-21T16:48:36.743-0300 [DEBUG] [io.spring.gradle.dependencymanagement.internal.DependencyManagementContainer] Found managed version '7.4.1.Final' for dependency 'org.hibernate.orm:hibernate-ant' in global dependency management
2026-08-21T16:48:36.743-0300 [DEBUG] [io.spring.gradle.dependencymanagement.internal.VersionConfiguringAction] Using version '7.4.1.Final' for dependency 'org.hibernate.orm:hibernate-ant:7.4.1.Final'
2026-08-21T16:48:36.743-0300 [DEBUG] [io.spring.gradle.dependencymanagement.internal.VersionConfiguringAction] Processing requested dependency 'org.hibernate:hibernate-ant:7.4.1.Final' with target 'org.hibernate:hibernate-ant:7.4.1.Final
2026-08-21T16:48:36.743-0300 [DEBUG] [io.spring.gradle.dependencymanagement.internal.VersionConfiguringAction] No dependency management for dependency 'org.hibernate:hibernate-ant:7.4.1.Final'
2026-08-21T16:48:36.743-0300 [DEBUG] [io.spring.gradle.dependencymanagement.internal.VersionConfiguringAction] Processing requested dependency 'org.hibernate.orm:hibernate-assistant:7.4.1.Final' with target 'org.hibernate.orm:hibernate-assistant:7.4.1.Final
2026-08-21T16:48:36.743-0300 [DEBUG] [io.spring.gradle.dependencymanagement.internal.VersionConfiguringAction] No dependency management for dependency 'org.hibernate.orm:hibernate-assistant:7.4.1.Final'
2026-08-21T16:48:36.743-0300 [DEBUG] [io.spring.gradle.dependencymanagement.internal.VersionConfiguringAction] Processing requested dependency 'org.hibernate:hibernate-assistant:7.4.1.Final' with target 'org.hibernate:hibernate-assistant:7.4.1.Final
2026-08-21T16:48:36.743-0300 [DEBUG] [io.spring.gradle.dependencymanagement.internal.VersionConfiguringAction] No dependency management for dependency 'org.hibernate:hibernate-assistant:7.4.1.Final'
2026-08-21T16:48:36.743-0300 [DEBUG] [io.spring.gradle.dependencymanagement.internal.VersionConfiguringAction] Processing requested dependency 'org.hibernate.orm:hibernate-reveng:7.4.1.Final' with target 'org.hibernate.orm:hibernate-reveng:7.4.1.Final
2026-08-21T16:48:36.743-0300 [DEBUG] [io.spring.gradle.dependencymanagement.internal.VersionConfiguringAction] No dependency management for dependency 'org.hibernate.orm:hibernate-reveng:7.4.1.Final'
2026-08-21T16:48:36.743-0300 [DEBUG] [io.spring.gradle.dependencymanagement.internal.VersionConfiguringAction] Processing requested dependency 'org.hibernate:hibernate-reveng:7.4.1.Final' with target 'org.hibernate:hibernate-reveng:7.4.1.Final
2026-08-21T16:48:36.743-0300 [DEBUG] [io.spring.gradle.dependencymanagement.internal.VersionConfiguringAction] No dependency management for dependency 'org.hibernate:hibernate-reveng:7.4.1.Final'
2026-08-21T16:48:36.743-0300 [DEBUG] [io.spring.gradle.dependencymanagement.internal.VersionConfiguringAction] Processing requested dependency 'org.hibernate.orm:hibernate-jfr:7.4.1.Final' with target 'org.hibernate.orm:hibernate-jfr:7.4.1.Final
2026-08-21T16:48:36.743-0300 [DEBUG] [io.spring.gradle.dependencymanagement.internal.VersionConfiguringAction] No dependency management for dependency 'org.hibernate.orm:hibernate-jfr:7.4.1.Final'
2026-08-21T16:48:36.743-0300 [DEBUG] [io.spring.gradle.dependencymanagement.internal.VersionConfiguringAction] Processing requested dependency 'org.hibernate:hibernate-jfr:7.4.1.Final' with target 'org.hibernate:hibernate-jfr:7.4.1.Final
2026-08-21T16:48:36.743-0300 [DEBUG] [io.spring.gradle.dependencymanagement.internal.VersionConfiguringAction] No dependency management for dependency 'org.hibernate:hibernate-jfr:7.4.1.Final'
2026-08-21T16:48:36.743-0300 [DEBUG] [io.spring.gradle.dependencymanagement.internal.VersionConfiguringAction] Processing requested dependency 'jakarta.data:jakarta.data-api:1.0.1' with target 'jakarta.data:jakarta.data-api:1.0.1
2026-08-21T16:48:36.743-0300 [DEBUG] [io.spring.gradle.dependencymanagement.internal.VersionConfiguringAction] No dependency management for dependency 'jakarta.data:jakarta.data-api:1.0.1'
2026-08-21T16:48:36.743-0300 [DEBUG] [org.gradle.api.internal.artifacts.ivyservice.ivyresolve.RepositoryChainComponentMetaDataResolver] Attempting to resolve component for jakarta.transaction:jakarta.transaction-api:2.0.1 using repositories [MavenRepo]
2026-08-21T16:48:36.743-0300 [DEBUG] [org.gradle.api.internal.artifacts.ivyservice.ivyresolve.CachingModuleComponentRepository] Using cached module metadata for module 'jakarta.transaction:jakarta.transaction-api:2.0.1' in 'MavenRepo'
2026-08-21T16:48:36.744-0300 [DEBUG] [org.gradle.api.internal.artifacts.ivyservice.ivyresolve.RepositoryChainComponentMetaDataResolver] Using jakarta.transaction:jakarta.transaction-api:2.0.1 from org.gradle.api.internal.artifacts.ivyservice.ivyresolve.FilteredModuleComponentRepository@6745bebc
2026-08-21T16:48:36.744-0300 [DEBUG] [io.spring.gradle.dependencymanagement.internal.VersionConfiguringAction] Processing requested dependency 'org.slf4j:slf4j-api:1.7.36' with target 'org.slf4j:slf4j-api:1.7.36
2026-08-21T16:48:36.744-0300 [DEBUG] [io.spring.gradle.dependencymanagement.internal.DependencyManagementContainer] Found managed version '2.0.18' for dependency 'org.slf4j:slf4j-api' in global dependency management
2026-08-21T16:48:36.744-0300 [DEBUG] [io.spring.gradle.dependencymanagement.internal.VersionConfiguringAction] Using version '2.0.18' for dependency 'org.slf4j:slf4j-api:1.7.36'
2026-08-21T16:48:36.744-0300 [DEBUG] [io.spring.gradle.dependencymanagement.internal.VersionConfiguringAction] Processing requested dependency 'io.netty:netty-resolver:4.2.15.Final' with target 'io.netty:netty-resolver:4.2.15.Final
2026-08-21T16:48:36.744-0300 [DEBUG] [io.spring.gradle.dependencymanagement.internal.DependencyManagementContainer] Found managed version '4.2.15.Final' for dependency 'io.netty:netty-resolver' in global dependency management
2026-08-21T16:48:36.744-0300 [DEBUG] [io.spring.gradle.dependencymanagement.internal.VersionConfiguringAction] Using version '4.2.15.Final' for dependency 'io.netty:netty-resolver:4.2.15.Final'
2026-08-21T16:48:36.744-0300 [DEBUG] [io.spring.gradle.dependencymanagement.internal.VersionConfiguringAction] Processing requested dependency 'io.netty:netty-buffer:4.2.15.Final' with target 'io.netty:netty-buffer:4.2.15.Final
2026-08-21T16:48:36.744-0300 [DEBUG] [io.spring.gradle.dependencymanagement.internal.DependencyManagementContainer] Found managed version '4.2.15.Final' for dependency 'io.netty:netty-buffer' in global dependency management
2026-08-21T16:48:36.744-0300 [DEBUG] [io.spring.gradle.dependencymanagement.internal.VersionConfiguringAction] Using version '4.2.15.Final' for dependency 'io.netty:netty-buffer:4.2.15.Final'
2026-08-21T16:48:36.744-0300 [DEBUG] [io.spring.gradle.dependencymanagement.internal.VersionConfiguringAction] Processing requested dependency 'io.netty:netty-transport:4.2.15.Final' with target 'io.netty:netty-transport:4.2.15.Final
2026-08-21T16:48:36.744-0300 [DEBUG] [io.spring.gradle.dependencymanagement.internal.DependencyManagementContainer] Found managed version '4.2.15.Final' for dependency 'io.netty:netty-transport' in global dependency management
2026-08-21T16:48:36.744-0300 [DEBUG] [io.spring.gradle.dependencymanagement.internal.VersionConfiguringAction] Using version '4.2.15.Final' for dependency 'io.netty:netty-transport:4.2.15.Final'
2026-08-21T16:48:36.744-0300 [DEBUG] [io.spring.gradle.dependencymanagement.internal.VersionConfiguringAction] Processing requested dependency 'io.netty:netty-transport-native-unix-common:4.2.15.Final' with target 'io.netty:netty-transport-native-unix-common:4.2.15.Final
2026-08-21T16:48:36.744-0300 [DEBUG] [io.spring.gradle.dependencymanagement.internal.DependencyManagementContainer] Found managed version '4.2.15.Final' for dependency 'io.netty:netty-transport-native-unix-common' in global dependency management
2026-08-21T16:48:36.744-0300 [DEBUG] [io.spring.gradle.dependencymanagement.internal.VersionConfiguringAction] Using version '4.2.15.Final' for dependency 'io.netty:netty-transport-native-unix-common:4.2.15.Final'
2026-08-21T16:48:36.744-0300 [DEBUG] [io.spring.gradle.dependencymanagement.internal.VersionConfiguringAction] Processing requested dependency 'io.netty:netty-codec-base:4.2.15.Final' with target 'io.netty:netty-codec-base:4.2.15.Final
2026-08-21T16:48:36.744-0300 [DEBUG] [io.spring.gradle.dependencymanagement.internal.DependencyManagementContainer] Found managed version '4.2.15.Final' for dependency 'io.netty:netty-codec-base' in global dependency management
2026-08-21T16:48:36.744-0300 [DEBUG] [io.spring.gradle.dependencymanagement.internal.VersionConfiguringAction] Using version '4.2.15.Final' for dependency 'io.netty:netty-codec-base:4.2.15.Final'
2026-08-21T16:48:36.744-0300 [DEBUG] [org.gradle.api.internal.artifacts.ivyservice.ivyresolve.RepositoryChainComponentMetaDataResolver] Attempting to resolve component for io.netty:netty-resolver:4.2.15.Final using repositories [MavenRepo]
2026-08-21T16:48:36.744-0300 [DEBUG] [org.gradle.api.internal.artifacts.ivyservice.ivyresolve.CachingModuleComponentRepository] Using cached module metadata for module 'io.netty:netty-resolver:4.2.15.Final' in 'MavenRepo'
2026-08-21T16:48:36.744-0300 [DEBUG] [org.gradle.api.internal.artifacts.ivyservice.ivyresolve.RepositoryChainComponentMetaDataResolver] Using io.netty:netty-resolver:4.2.15.Final from org.gradle.api.internal.artifacts.ivyservice.ivyresolve.FilteredModuleComponentRepository@6745bebc
2026-08-21T16:48:36.744-0300 [DEBUG] [org.gradle.api.internal.artifacts.ivyservice.ivyresolve.RepositoryChainComponentMetaDataResolver] Attempting to resolve component for io.netty:netty-buffer:4.2.15.Final using repositories [MavenRepo]
2026-08-21T16:48:36.744-0300 [DEBUG] [org.gradle.api.internal.artifacts.ivyservice.ivyresolve.CachingModuleComponentRepository] Using cached module metadata for module 'io.netty:netty-buffer:4.2.15.Final' in 'MavenRepo'
2026-08-21T16:48:36.744-0300 [DEBUG] [org.gradle.api.internal.artifacts.ivyservice.ivyresolve.RepositoryChainComponentMetaDataResolver] Using io.netty:netty-buffer:4.2.15.Final from org.gradle.api.internal.artifacts.ivyservice.ivyresolve.FilteredModuleComponentRepository@6745bebc
2026-08-21T16:48:36.744-0300 [DEBUG] [org.gradle.api.internal.artifacts.ivyservice.ivyresolve.RepositoryChainComponentMetaDataResolver] Attempting to resolve component for io.netty:netty-transport-native-unix-common:4.2.15.Final using repositories [MavenRepo]
2026-08-21T16:48:36.744-0300 [DEBUG] [org.gradle.api.internal.artifacts.ivyservice.ivyresolve.CachingModuleComponentRepository] Using cached module metadata for module 'io.netty:netty-transport-native-unix-common:4.2.15.Final' in 'MavenRepo'
2026-08-21T16:48:36.744-0300 [DEBUG] [org.gradle.api.internal.artifacts.ivyservice.ivyresolve.RepositoryChainComponentMetaDataResolver] Using io.netty:netty-transport-native-unix-common:4.2.15.Final from org.gradle.api.internal.artifacts.ivyservice.ivyresolve.FilteredModuleComponentRepository@6745bebc
2026-08-21T16:48:36.744-0300 [DEBUG] [org.gradle.api.internal.artifacts.ivyservice.ivyresolve.RepositoryChainComponentMetaDataResolver] Attempting to resolve component for io.netty:netty-codec-base:4.2.15.Final using repositories [MavenRepo]
2026-08-21T16:48:36.744-0300 [DEBUG] [org.gradle.api.internal.artifacts.ivyservice.ivyresolve.CachingModuleComponentRepository] Using cached module metadata for module 'io.netty:netty-codec-base:4.2.15.Final' in 'MavenRepo'
2026-08-21T16:48:36.744-0300 [DEBUG] [org.gradle.api.internal.artifacts.ivyservice.ivyresolve.RepositoryChainComponentMetaDataResolver] Using io.netty:netty-codec-base:4.2.15.Final from org.gradle.api.internal.artifacts.ivyservice.ivyresolve.FilteredModuleComponentRepository@6745bebc
2026-08-21T16:48:36.744-0300 [DEBUG] [io.spring.gradle.dependencymanagement.internal.VersionConfiguringAction] Processing requested dependency 'org.reactivestreams:reactive-streams:1.0.4' with target 'org.reactivestreams:reactive-streams:1.0.4
2026-08-21T16:48:36.744-0300 [DEBUG] [io.spring.gradle.dependencymanagement.internal.DependencyManagementContainer] Found managed version '1.0.4' for dependency 'org.reactivestreams:reactive-streams' in global dependency management
2026-08-21T16:48:36.744-0300 [DEBUG] [io.spring.gradle.dependencymanagement.internal.VersionConfiguringAction] Using version '1.0.4' for dependency 'org.reactivestreams:reactive-streams:1.0.4'
2026-08-21T16:48:36.744-0300 [DEBUG] [org.gradle.api.internal.artifacts.ivyservice.ivyresolve.RepositoryChainComponentMetaDataResolver] Attempting to resolve component for org.reactivestreams:reactive-streams:1.0.4 using repositories [MavenRepo]
2026-08-21T16:48:36.744-0300 [DEBUG] [org.gradle.api.internal.artifacts.ivyservice.ivyresolve.CachingModuleComponentRepository] Using cached module metadata for module 'org.reactivestreams:reactive-streams:1.0.4' in 'MavenRepo'
2026-08-21T16:48:36.744-0300 [DEBUG] [org.gradle.api.internal.artifacts.ivyservice.ivyresolve.RepositoryChainComponentMetaDataResolver] Using org.reactivestreams:reactive-streams:1.0.4 from org.gradle.api.internal.artifacts.ivyservice.ivyresolve.FilteredModuleComponentRepository@6745bebc
2026-08-21T16:48:36.744-0300 [DEBUG] [io.spring.gradle.dependencymanagement.internal.VersionConfiguringAction] Processing requested dependency 'io.netty:netty-codec-dns:4.2.15.Final' with target 'io.netty:netty-codec-dns:4.2.15.Final
2026-08-21T16:48:36.744-0300 [DEBUG] [io.spring.gradle.dependencymanagement.internal.DependencyManagementContainer] Found managed version '4.2.15.Final' for dependency 'io.netty:netty-codec-dns' in global dependency management
2026-08-21T16:48:36.744-0300 [DEBUG] [io.spring.gradle.dependencymanagement.internal.VersionConfiguringAction] Using version '4.2.15.Final' for dependency 'io.netty:netty-codec-dns:4.2.15.Final'
2026-08-21T16:48:36.744-0300 [DEBUG] [io.spring.gradle.dependencymanagement.internal.VersionConfiguringAction] Processing requested dependency 'io.netty:netty-handler:4.2.15.Final' with target 'io.netty:netty-handler:4.2.15.Final
2026-08-21T16:48:36.744-0300 [DEBUG] [io.spring.gradle.dependencymanagement.internal.DependencyManagementContainer] Found managed version '4.2.15.Final' for dependency 'io.netty:netty-handler' in global dependency management
2026-08-21T16:48:36.744-0300 [DEBUG] [io.spring.gradle.dependencymanagement.internal.VersionConfiguringAction] Using version '4.2.15.Final' for dependency 'io.netty:netty-handler:4.2.15.Final'
2026-08-21T16:48:36.744-0300 [DEBUG] [org.gradle.api.internal.artifacts.ivyservice.ivyresolve.RepositoryChainComponentMetaDataResolver] Attempting to resolve component for io.netty:netty-codec-dns:4.2.15.Final using repositories [MavenRepo]
2026-08-21T16:48:36.744-0300 [DEBUG] [org.gradle.api.internal.artifacts.ivyservice.ivyresolve.CachingModuleComponentRepository] Using cached module metadata for module 'io.netty:netty-codec-dns:4.2.15.Final' in 'MavenRepo'
2026-08-21T16:48:36.744-0300 [DEBUG] [org.gradle.api.internal.artifacts.ivyservice.ivyresolve.RepositoryChainComponentMetaDataResolver] Using io.netty:netty-codec-dns:4.2.15.Final from org.gradle.api.internal.artifacts.ivyservice.ivyresolve.FilteredModuleComponentRepository@6745bebc
2026-08-21T16:48:36.744-0300 [DEBUG] [io.spring.gradle.dependencymanagement.internal.VersionConfiguringAction] Processing requested dependency 'jakarta.xml.bind:jakarta.xml.bind-api:3.0.1' with target 'jakarta.xml.bind:jakarta.xml.bind-api:3.0.1
2026-08-21T16:48:36.744-0300 [DEBUG] [io.spring.gradle.dependencymanagement.internal.DependencyManagementContainer] Found managed version '4.0.5' for dependency 'jakarta.xml.bind:jakarta.xml.bind-api' in global dependency management
2026-08-21T16:48:36.744-0300 [DEBUG] [io.spring.gradle.dependencymanagement.internal.VersionConfiguringAction] Using version '4.0.5' for dependency 'jakarta.xml.bind:jakarta.xml.bind-api:3.0.1'
2026-08-21T16:48:36.745-0300 [DEBUG] [io.spring.gradle.dependencymanagement.internal.VersionConfiguringAction] Processing requested dependency 'org.jboss.logging:jboss-logging:3.6.3.Final' with target 'org.jboss.logging:jboss-logging:3.6.3.Final
2026-08-21T16:48:36.745-0300 [DEBUG] [io.spring.gradle.dependencymanagement.internal.DependencyManagementContainer] Found managed version '3.6.3.Final' for dependency 'org.jboss.logging:jboss-logging' in global dependency management
2026-08-21T16:48:36.745-0300 [DEBUG] [io.spring.gradle.dependencymanagement.internal.VersionConfiguringAction] Using version '3.6.3.Final' for dependency 'org.jboss.logging:jboss-logging:3.6.3.Final'
2026-08-21T16:48:36.745-0300 [DEBUG] [io.spring.gradle.dependencymanagement.internal.VersionConfiguringAction] Processing requested dependency 'org.glassfish.jaxb:jaxb-core:4.0.9' with target 'org.glassfish.jaxb:jaxb-core:4.0.9
2026-08-21T16:48:36.745-0300 [DEBUG] [io.spring.gradle.dependencymanagement.internal.DependencyManagementContainer] Found managed version '4.0.9' for dependency 'org.glassfish.jaxb:jaxb-core' in global dependency management
2026-08-21T16:48:36.745-0300 [DEBUG] [io.spring.gradle.dependencymanagement.internal.VersionConfiguringAction] Using version '4.0.9' for dependency 'org.glassfish.jaxb:jaxb-core:4.0.9'
2026-08-21T16:48:36.745-0300 [DEBUG] [org.gradle.api.internal.artifacts.ivyservice.ivyresolve.RepositoryChainComponentMetaDataResolver] Attempting to resolve component for org.glassfish.jaxb:jaxb-core:4.0.9 using repositories [MavenRepo]
2026-08-21T16:48:36.745-0300 [DEBUG] [org.gradle.api.internal.artifacts.ivyservice.ivyresolve.CachingModuleComponentRepository] Using cached module metadata for module 'org.glassfish.jaxb:jaxb-core:4.0.9' in 'MavenRepo'
2026-08-21T16:48:36.745-0300 [DEBUG] [org.gradle.api.internal.artifacts.ivyservice.ivyresolve.RepositoryChainComponentMetaDataResolver] Using org.glassfish.jaxb:jaxb-core:4.0.9 from org.gradle.api.internal.artifacts.ivyservice.ivyresolve.FilteredModuleComponentRepository@6745bebc
2026-08-21T16:48:36.745-0300 [DEBUG] [io.spring.gradle.dependencymanagement.internal.VersionConfiguringAction] Processing requested dependency 'org.eclipse.angus:angus-activation:2.0.3' with target 'org.eclipse.angus:angus-activation:2.0.3
2026-08-21T16:48:36.745-0300 [DEBUG] [io.spring.gradle.dependencymanagement.internal.VersionConfiguringAction] No dependency management for dependency 'org.eclipse.angus:angus-activation:2.0.3'
2026-08-21T16:48:36.745-0300 [DEBUG] [io.spring.gradle.dependencymanagement.internal.VersionConfiguringAction] Processing requested dependency 'org.glassfish.jaxb:txw2:4.0.9' with target 'org.glassfish.jaxb:txw2:4.0.9
2026-08-21T16:48:36.745-0300 [DEBUG] [io.spring.gradle.dependencymanagement.internal.DependencyManagementContainer] Found managed version '4.0.9' for dependency 'org.glassfish.jaxb:txw2' in global dependency management
2026-08-21T16:48:36.745-0300 [DEBUG] [io.spring.gradle.dependencymanagement.internal.VersionConfiguringAction] Using version '4.0.9' for dependency 'org.glassfish.jaxb:txw2:4.0.9'
2026-08-21T16:48:36.745-0300 [DEBUG] [io.spring.gradle.dependencymanagement.internal.VersionConfiguringAction] Processing requested dependency 'com.sun.istack:istack-commons-runtime:4.1.2' with target 'com.sun.istack:istack-commons-runtime:4.1.2
2026-08-21T16:48:36.745-0300 [DEBUG] [io.spring.gradle.dependencymanagement.internal.VersionConfiguringAction] No dependency management for dependency 'com.sun.istack:istack-commons-runtime:4.1.2'
2026-08-21T16:48:36.745-0300 [DEBUG] [org.gradle.api.internal.artifacts.ivyservice.ivyresolve.RepositoryChainComponentMetaDataResolver] Attempting to resolve component for org.eclipse.angus:angus-activation:2.0.3 using repositories [MavenRepo]
2026-08-21T16:48:36.745-0300 [DEBUG] [org.gradle.api.internal.artifacts.ivyservice.ivyresolve.CachingModuleComponentRepository] Using cached module metadata for module 'org.eclipse.angus:angus-activation:2.0.3' in 'MavenRepo'
2026-08-21T16:48:36.745-0300 [DEBUG] [org.gradle.api.internal.artifacts.ivyservice.ivyresolve.RepositoryChainComponentMetaDataResolver] Using org.eclipse.angus:angus-activation:2.0.3 from org.gradle.api.internal.artifacts.ivyservice.ivyresolve.FilteredModuleComponentRepository@6745bebc
2026-08-21T16:48:36.745-0300 [DEBUG] [org.gradle.api.internal.artifacts.ivyservice.ivyresolve.RepositoryChainComponentMetaDataResolver] Attempting to resolve component for org.glassfish.jaxb:txw2:4.0.9 using repositories [MavenRepo]
2026-08-21T16:48:36.745-0300 [DEBUG] [org.gradle.api.internal.artifacts.ivyservice.ivyresolve.CachingModuleComponentRepository] Using cached module metadata for module 'org.glassfish.jaxb:txw2:4.0.9' in 'MavenRepo'
2026-08-21T16:48:36.745-0300 [DEBUG] [org.gradle.api.internal.artifacts.ivyservice.ivyresolve.RepositoryChainComponentMetaDataResolver] Using org.glassfish.jaxb:txw2:4.0.9 from org.gradle.api.internal.artifacts.ivyservice.ivyresolve.FilteredModuleComponentRepository@6745bebc
2026-08-21T16:48:36.745-0300 [DEBUG] [org.gradle.api.internal.artifacts.ivyservice.ivyresolve.RepositoryChainComponentMetaDataResolver] Attempting to resolve component for com.sun.istack:istack-commons-runtime:4.1.2 using repositories [MavenRepo]
2026-08-21T16:48:36.745-0300 [DEBUG] [org.gradle.api.internal.artifacts.ivyservice.ivyresolve.CachingModuleComponentRepository] Using cached module metadata for module 'com.sun.istack:istack-commons-runtime:4.1.2' in 'MavenRepo'
2026-08-21T16:48:36.745-0300 [DEBUG] [org.gradle.api.internal.artifacts.ivyservice.ivyresolve.RepositoryChainComponentMetaDataResolver] Using com.sun.istack:istack-commons-runtime:4.1.2 from org.gradle.api.internal.artifacts.ivyservice.ivyresolve.FilteredModuleComponentRepository@6745bebc
2026-08-21T16:48:36.746-0300 [DEBUG] [org.gradle.internal.operations.DefaultBuildOperationRunner] Build operation 'Resolve dependencies of :testRuntimeClasspath' completed
2026-08-21T16:48:36.746-0300 [DEBUG] [org.gradle.internal.component.model.LoggingAttributeMatchingExplanationBuilder] Selected match {artifactType=jar, org.gradle.category=library, org.gradle.dependency.bundling=external, org.gradle.jvm.version=17, org.gradle.libraryelements=jar, org.gradle.status=release, org.gradle.usage=java-runtime} from candidates [{artifactType=jar, org.gradle.category=library, org.gradle.dependency.bundling=external, org.gradle.jvm.version=17, org.gradle.libraryelements=jar, org.gradle.status=release, org.gradle.usage=java-runtime}] for {org.gradle.category=library, org.gradle.dependency.bundling=external, org.gradle.jvm.environment=standard-jvm, org.gradle.jvm.version=21, org.gradle.libraryelements=jar, org.gradle.usage=java-runtime}
2026-08-21T16:48:36.746-0300 [DEBUG] [org.gradle.internal.component.model.LoggingAttributeMatchingExplanationBuilder] Selected match {artifactType=jar, org.gradle.category=library, org.gradle.dependency.bundling=external, org.gradle.jvm.version=17, org.gradle.libraryelements=jar, org.gradle.status=release, org.gradle.usage=java-runtime} from candidates [{artifactType=jar, org.gradle.category=library, org.gradle.dependency.bundling=external, org.gradle.jvm.version=17, org.gradle.libraryelements=jar, org.gradle.status=release, org.gradle.usage=java-runtime}] for {org.gradle.category=library, org.gradle.dependency.bundling=external, org.gradle.jvm.environment=standard-jvm, org.gradle.jvm.version=21, org.gradle.libraryelements=jar, org.gradle.usage=java-runtime}
2026-08-21T16:48:36.746-0300 [DEBUG] [org.gradle.internal.component.model.LoggingAttributeMatchingExplanationBuilder] Selected match {artifactType=jar, org.gradle.category=library, org.gradle.dependency.bundling=external, org.gradle.jvm.version=17, org.gradle.libraryelements=jar, org.gradle.status=release, org.gradle.usage=java-runtime} from candidates [{artifactType=jar, org.gradle.category=library, org.gradle.dependency.bundling=external, org.gradle.jvm.version=17, org.gradle.libraryelements=jar, org.gradle.status=release, org.gradle.usage=java-runtime}] for {org.gradle.category=library, org.gradle.dependency.bundling=external, org.gradle.jvm.environment=standard-jvm, org.gradle.jvm.version=21, org.gradle.libraryelements=jar, org.gradle.usage=java-runtime}
2026-08-21T16:48:36.746-0300 [DEBUG] [org.gradle.internal.component.model.LoggingAttributeMatchingExplanationBuilder] Selected match {artifactType=jar, org.gradle.category=library, org.gradle.dependency.bundling=external, org.gradle.jvm.version=17, org.gradle.libraryelements=jar, org.gradle.status=release, org.gradle.usage=java-runtime} from candidates [{artifactType=jar, org.gradle.category=library, org.gradle.dependency.bundling=external, org.gradle.jvm.version=17, org.gradle.libraryelements=jar, org.gradle.status=release, org.gradle.usage=java-runtime}] for {org.gradle.category=library, org.gradle.dependency.bundling=external, org.gradle.jvm.environment=standard-jvm, org.gradle.jvm.version=21, org.gradle.libraryelements=jar, org.gradle.usage=java-runtime}
2026-08-21T16:48:36.746-0300 [DEBUG] [org.gradle.internal.component.model.LoggingAttributeMatchingExplanationBuilder] Selected match {artifactType=jar, org.gradle.category=library, org.gradle.dependency.bundling=external, org.gradle.jvm.version=17, org.gradle.libraryelements=jar, org.gradle.status=release, org.gradle.usage=java-runtime} from candidates [{artifactType=jar, org.gradle.category=library, org.gradle.dependency.bundling=external, org.gradle.jvm.version=17, org.gradle.libraryelements=jar, org.gradle.status=release, org.gradle.usage=java-runtime}] for {org.gradle.category=library, org.gradle.dependency.bundling=external, org.gradle.jvm.environment=standard-jvm, org.gradle.jvm.version=21, org.gradle.libraryelements=jar, org.gradle.usage=java-runtime}
2026-08-21T16:48:36.746-0300 [DEBUG] [org.gradle.internal.component.model.LoggingAttributeMatchingExplanationBuilder] Selected match {artifactType=jar, org.gradle.category=library, org.gradle.dependency.bundling=external, org.gradle.jvm.version=17, org.gradle.libraryelements=jar, org.gradle.status=release, org.gradle.usage=java-runtime} from candidates [{artifactType=jar, org.gradle.category=library, org.gradle.dependency.bundling=external, org.gradle.jvm.version=17, org.gradle.libraryelements=jar, org.gradle.status=release, org.gradle.usage=java-runtime}] for {org.gradle.category=library, org.gradle.dependency.bundling=external, org.gradle.jvm.environment=standard-jvm, org.gradle.jvm.version=21, org.gradle.libraryelements=jar, org.gradle.usage=java-runtime}
2026-08-21T16:48:36.746-0300 [DEBUG] [org.gradle.internal.component.model.LoggingAttributeMatchingExplanationBuilder] Selected match {artifactType=jar, org.gradle.category=library, org.gradle.dependency.bundling=external, org.gradle.jvm.version=17, org.gradle.libraryelements=jar, org.gradle.status=release, org.gradle.usage=java-runtime} from candidates [{artifactType=jar, org.gradle.category=library, org.gradle.dependency.bundling=external, org.gradle.jvm.version=17, org.gradle.libraryelements=jar, org.gradle.status=release, org.gradle.usage=java-runtime}] for {org.gradle.category=library, org.gradle.dependency.bundling=external, org.gradle.jvm.environment=standard-jvm, org.gradle.jvm.version=21, org.gradle.libraryelements=jar, org.gradle.usage=java-runtime}
2026-08-21T16:48:36.746-0300 [DEBUG] [org.gradle.internal.component.model.LoggingAttributeMatchingExplanationBuilder] Selected match {artifactType=jar, org.gradle.category=library, org.gradle.dependency.bundling=external, org.gradle.jvm.version=17, org.gradle.libraryelements=jar, org.gradle.status=release, org.gradle.usage=java-runtime} from candidates [{artifactType=jar, org.gradle.category=library, org.gradle.dependency.bundling=external, org.gradle.jvm.version=17, org.gradle.libraryelements=jar, org.gradle.status=release, org.gradle.usage=java-runtime}] for {org.gradle.category=library, org.gradle.dependency.bundling=external, org.gradle.jvm.environment=standard-jvm, org.gradle.jvm.version=21, org.gradle.libraryelements=jar, org.gradle.usage=java-runtime}
2026-08-21T16:48:36.746-0300 [DEBUG] [org.gradle.internal.component.model.LoggingAttributeMatchingExplanationBuilder] Selected match {artifactType=jar, org.gradle.category=library, org.gradle.libraryelements=jar, org.gradle.status=release, org.gradle.usage=java-runtime} from candidates [{artifactType=jar, org.gradle.category=library, org.gradle.libraryelements=jar, org.gradle.status=release, org.gradle.usage=java-runtime}] for {org.gradle.category=library, org.gradle.dependency.bundling=external, org.gradle.jvm.environment=standard-jvm, org.gradle.jvm.version=21, org.gradle.libraryelements=jar, org.gradle.usage=java-runtime}
2026-08-21T16:48:36.746-0300 [DEBUG] [org.gradle.internal.component.model.LoggingAttributeMatchingExplanationBuilder] Selected match {org.gradle.category=platform, org.gradle.status=release, org.gradle.usage=java-runtime} from candidates [{org.gradle.category=platform, org.gradle.status=release, org.gradle.usage=java-runtime}] for {org.gradle.category=platform, org.gradle.dependency.bundling=external, org.gradle.jvm.environment=standard-jvm, org.gradle.jvm.version=21, org.gradle.libraryelements=jar, org.gradle.usage=java-runtime}
2026-08-21T16:48:36.746-0300 [DEBUG] [org.gradle.internal.component.model.LoggingAttributeMatchingExplanationBuilder] Selected match {artifactType=jar, org.gradle.category=library, org.gradle.libraryelements=jar, org.gradle.status=release, org.gradle.usage=java-runtime} from candidates [{artifactType=jar, org.gradle.category=library, org.gradle.libraryelements=jar, org.gradle.status=release, org.gradle.usage=java-runtime}] for {org.gradle.category=library, org.gradle.dependency.bundling=external, org.gradle.jvm.environment=standard-jvm, org.gradle.jvm.version=21, org.gradle.libraryelements=jar, org.gradle.usage=java-runtime}
2026-08-21T16:48:36.746-0300 [DEBUG] [org.gradle.internal.component.model.LoggingAttributeMatchingExplanationBuilder] Selected match {artifactType=jar, org.gradle.category=library, org.gradle.dependency.bundling=external, org.gradle.jvm.version=17, org.gradle.libraryelements=jar, org.gradle.status=release, org.gradle.usage=java-runtime} from candidates [{artifactType=jar, org.gradle.category=library, org.gradle.dependency.bundling=external, org.gradle.jvm.version=17, org.gradle.libraryelements=jar, org.gradle.status=release, org.gradle.usage=java-runtime}] for {org.gradle.category=library, org.gradle.dependency.bundling=external, org.gradle.jvm.environment=standard-jvm, org.gradle.jvm.version=21, org.gradle.libraryelements=jar, org.gradle.usage=java-runtime}
2026-08-21T16:48:36.746-0300 [DEBUG] [org.gradle.internal.component.model.LoggingAttributeMatchingExplanationBuilder] Selected match {artifactType=jar, org.gradle.category=library, org.gradle.dependency.bundling=external, org.gradle.jvm.version=17, org.gradle.libraryelements=jar, org.gradle.status=release, org.gradle.usage=java-runtime} from candidates [{artifactType=jar, org.gradle.category=library, org.gradle.dependency.bundling=external, org.gradle.jvm.version=17, org.gradle.libraryelements=jar, org.gradle.status=release, org.gradle.usage=java-runtime}] for {org.gradle.category=library, org.gradle.dependency.bundling=external, org.gradle.jvm.environment=standard-jvm, org.gradle.jvm.version=21, org.gradle.libraryelements=jar, org.gradle.usage=java-runtime}
2026-08-21T16:48:36.746-0300 [DEBUG] [org.gradle.internal.component.model.LoggingAttributeMatchingExplanationBuilder] Selected match {artifactType=jar, org.gradle.category=library, org.gradle.dependency.bundling=external, org.gradle.jvm.version=17, org.gradle.libraryelements=jar, org.gradle.status=release, org.gradle.usage=java-runtime} from candidates [{artifactType=jar, org.gradle.category=library, org.gradle.dependency.bundling=external, org.gradle.jvm.version=17, org.gradle.libraryelements=jar, org.gradle.status=release, org.gradle.usage=java-runtime}] for {org.gradle.category=library, org.gradle.dependency.bundling=external, org.gradle.jvm.environment=standard-jvm, org.gradle.jvm.version=21, org.gradle.libraryelements=jar, org.gradle.usage=java-runtime}
2026-08-21T16:48:36.746-0300 [DEBUG] [org.gradle.internal.component.model.LoggingAttributeMatchingExplanationBuilder] Selected match {artifactType=jar, org.gradle.category=library, org.gradle.libraryelements=jar, org.gradle.status=release, org.gradle.usage=java-runtime} from candidates [{artifactType=jar, org.gradle.category=library, org.gradle.libraryelements=jar, org.gradle.status=release, org.gradle.usage=java-runtime}] for {org.gradle.category=library, org.gradle.dependency.bundling=external, org.gradle.jvm.environment=standard-jvm, org.gradle.jvm.version=21, org.gradle.libraryelements=jar, org.gradle.usage=java-runtime}
2026-08-21T16:48:36.746-0300 [DEBUG] [org.gradle.internal.component.model.LoggingAttributeMatchingExplanationBuilder] Selected match {artifactType=jar, org.gradle.category=library, org.gradle.dependency.bundling=external, org.gradle.jvm.environment=standard-jvm, org.gradle.jvm.version=17, org.gradle.libraryelements=jar, org.gradle.status=release, org.gradle.usage=java-runtime, org.jetbrains.kotlin.platform.type=jvm} from candidates [{artifactType=jar, org.gradle.category=library, org.gradle.dependency.bundling=external, org.gradle.jvm.environment=standard-jvm, org.gradle.jvm.version=17, org.gradle.libraryelements=jar, org.gradle.status=release, org.gradle.usage=java-runtime, org.jetbrains.kotlin.platform.type=jvm}] for {org.gradle.category=library, org.gradle.dependency.bundling=external, org.gradle.jvm.environment=standard-jvm, org.gradle.jvm.version=21, org.gradle.libraryelements=jar, org.gradle.usage=java-runtime}
2026-08-21T16:48:36.746-0300 [DEBUG] [org.gradle.internal.component.model.LoggingAttributeMatchingExplanationBuilder] Selected match {artifactType=jar, org.gradle.category=library, org.gradle.dependency.bundling=external, org.gradle.jvm.environment=standard-jvm, org.gradle.jvm.version=17, org.gradle.libraryelements=jar, org.gradle.status=release, org.gradle.usage=java-runtime, org.jetbrains.kotlin.platform.type=jvm} from candidates [{artifactType=jar, org.gradle.category=library, org.gradle.dependency.bundling=external, org.gradle.jvm.environment=standard-jvm, org.gradle.jvm.version=17, org.gradle.libraryelements=jar, org.gradle.status=release, org.gradle.usage=java-runtime, org.jetbrains.kotlin.platform.type=jvm}] for {org.gradle.category=library, org.gradle.dependency.bundling=external, org.gradle.jvm.environment=standard-jvm, org.gradle.jvm.version=21, org.gradle.libraryelements=jar, org.gradle.usage=java-runtime}
2026-08-21T16:48:36.746-0300 [DEBUG] [org.gradle.internal.component.model.LoggingAttributeMatchingExplanationBuilder] Selected match {artifactType=jar, org.gradle.category=library, org.gradle.dependency.bundling=external, org.gradle.jvm.environment=standard-jvm, org.gradle.jvm.version=17, org.gradle.libraryelements=jar, org.gradle.status=release, org.gradle.usage=java-runtime, org.jetbrains.kotlin.platform.type=jvm} from candidates [{artifactType=jar, org.gradle.category=library, org.gradle.dependency.bundling=external, org.gradle.jvm.environment=standard-jvm, org.gradle.jvm.version=17, org.gradle.libraryelements=jar, org.gradle.status=release, org.gradle.usage=java-runtime, org.jetbrains.kotlin.platform.type=jvm}] for {org.gradle.category=library, org.gradle.dependency.bundling=external, org.gradle.jvm.environment=standard-jvm, org.gradle.jvm.version=21, org.gradle.libraryelements=jar, org.gradle.usage=java-runtime}
2026-08-21T16:48:36.746-0300 [DEBUG] [org.gradle.internal.component.model.LoggingAttributeMatchingExplanationBuilder] Selected match {org.gradle.category=platform, org.gradle.status=release, org.gradle.usage=java-runtime} from candidates [{org.gradle.category=platform, org.gradle.status=release, org.gradle.usage=java-runtime}] for {org.gradle.category=platform, org.gradle.dependency.bundling=external, org.gradle.jvm.environment=standard-jvm, org.gradle.jvm.version=21, org.gradle.libraryelements=jar, org.gradle.usage=java-runtime}
2026-08-21T16:48:36.746-0300 [DEBUG] [org.gradle.internal.component.model.LoggingAttributeMatchingExplanationBuilder] Selected match {org.gradle.category=platform, org.gradle.status=release, org.gradle.usage=java-runtime} from candidates [{org.gradle.category=platform, org.gradle.status=release, org.gradle.usage=java-runtime}] for {org.gradle.category=platform, org.gradle.dependency.bundling=external, org.gradle.jvm.environment=standard-jvm, org.gradle.jvm.version=21, org.gradle.libraryelements=jar, org.gradle.usage=java-runtime}
2026-08-21T16:48:36.746-0300 [DEBUG] [org.gradle.internal.component.model.LoggingAttributeMatchingExplanationBuilder] Selected match {org.gradle.category=platform, org.gradle.status=release, org.gradle.usage=java-runtime} from candidates [{org.gradle.category=platform, org.gradle.status=release, org.gradle.usage=java-runtime}] for {org.gradle.category=platform, org.gradle.dependency.bundling=external, org.gradle.jvm.environment=standard-jvm, org.gradle.jvm.version=21, org.gradle.libraryelements=jar, org.gradle.usage=java-runtime}
2026-08-21T16:48:36.746-0300 [DEBUG] [org.gradle.internal.component.model.LoggingAttributeMatchingExplanationBuilder] Selected match {org.gradle.category=platform, org.gradle.status=release, org.gradle.usage=java-runtime} from candidates [{org.gradle.category=platform, org.gradle.status=release, org.gradle.usage=java-runtime}] for {org.gradle.category=platform, org.gradle.dependency.bundling=external, org.gradle.jvm.environment=standard-jvm, org.gradle.jvm.version=21, org.gradle.libraryelements=jar, org.gradle.usage=java-runtime}
2026-08-21T16:48:36.746-0300 [DEBUG] [org.gradle.internal.component.model.LoggingAttributeMatchingExplanationBuilder] Selected match {org.gradle.category=platform, org.gradle.status=release, org.gradle.usage=java-runtime} from candidates [{org.gradle.category=platform, org.gradle.status=release, org.gradle.usage=java-runtime}] for {org.gradle.category=platform, org.gradle.dependency.bundling=external, org.gradle.jvm.environment=standard-jvm, org.gradle.jvm.version=21, org.gradle.libraryelements=jar, org.gradle.usage=java-runtime}
2026-08-21T16:48:36.746-0300 [DEBUG] [org.gradle.internal.component.model.LoggingAttributeMatchingExplanationBuilder] Selected match {org.gradle.category=platform, org.gradle.status=release, org.gradle.usage=java-runtime} from candidates [{org.gradle.category=platform, org.gradle.status=release, org.gradle.usage=java-runtime}] for {org.gradle.category=platform, org.gradle.dependency.bundling=external, org.gradle.jvm.environment=standard-jvm, org.gradle.jvm.version=21, org.gradle.libraryelements=jar, org.gradle.usage=java-runtime}
2026-08-21T16:48:36.746-0300 [DEBUG] [org.gradle.internal.component.model.LoggingAttributeMatchingExplanationBuilder] Selected match {org.gradle.category=platform, org.gradle.status=release, org.gradle.usage=java-runtime} from candidates [{org.gradle.category=platform, org.gradle.status=release, org.gradle.usage=java-runtime}] for {org.gradle.category=platform, org.gradle.dependency.bundling=external, org.gradle.jvm.environment=standard-jvm, org.gradle.jvm.version=21, org.gradle.libraryelements=jar, org.gradle.usage=java-runtime}
2026-08-21T16:48:36.746-0300 [DEBUG] [org.gradle.internal.component.model.LoggingAttributeMatchingExplanationBuilder] Selected match {artifactType=jar, org.gradle.category=library, org.gradle.dependency.bundling=external, org.gradle.jvm.version=17, org.gradle.libraryelements=jar, org.gradle.status=release, org.gradle.usage=java-runtime} from candidates [{artifactType=jar, org.gradle.category=library, org.gradle.dependency.bundling=external, org.gradle.jvm.version=17, org.gradle.libraryelements=jar, org.gradle.status=release, org.gradle.usage=java-runtime}] for {org.gradle.category=library, org.gradle.dependency.bundling=external, org.gradle.jvm.environment=standard-jvm, org.gradle.jvm.version=21, org.gradle.libraryelements=jar, org.gradle.usage=java-runtime}
2026-08-21T16:48:36.746-0300 [DEBUG] [org.gradle.internal.component.model.LoggingAttributeMatchingExplanationBuilder] Selected match {artifactType=jar, org.gradle.category=library, org.gradle.dependency.bundling=external, org.gradle.jvm.version=17, org.gradle.libraryelements=jar, org.gradle.status=release, org.gradle.usage=java-runtime} from candidates [{artifactType=jar, org.gradle.category=library, org.gradle.dependency.bundling=external, org.gradle.jvm.version=17, org.gradle.libraryelements=jar, org.gradle.status=release, org.gradle.usage=java-runtime}] for {org.gradle.category=library, org.gradle.dependency.bundling=external, org.gradle.jvm.environment=standard-jvm, org.gradle.jvm.version=21, org.gradle.libraryelements=jar, org.gradle.usage=java-runtime}
2026-08-21T16:48:36.746-0300 [DEBUG] [org.gradle.internal.component.model.LoggingAttributeMatchingExplanationBuilder] Selected match {artifactType=jar, org.gradle.category=library, org.gradle.dependency.bundling=external, org.gradle.jvm.version=17, org.gradle.libraryelements=jar, org.gradle.status=release, org.gradle.usage=java-runtime} from candidates [{artifactType=jar, org.gradle.category=library, org.gradle.dependency.bundling=external, org.gradle.jvm.version=17, org.gradle.libraryelements=jar, org.gradle.status=release, org.gradle.usage=java-runtime}] for {org.gradle.category=library, org.gradle.dependency.bundling=external, org.gradle.jvm.environment=standard-jvm, org.gradle.jvm.version=21, org.gradle.libraryelements=jar, org.gradle.usage=java-runtime}
2026-08-21T16:48:36.746-0300 [DEBUG] [org.gradle.internal.component.model.LoggingAttributeMatchingExplanationBuilder] Selected match {artifactType=jar, org.gradle.category=library, org.gradle.dependency.bundling=external, org.gradle.jvm.version=17, org.gradle.libraryelements=jar, org.gradle.status=release, org.gradle.usage=java-runtime} from candidates [{artifactType=jar, org.gradle.category=library, org.gradle.dependency.bundling=external, org.gradle.jvm.version=17, org.gradle.libraryelements=jar, org.gradle.status=release, org.gradle.usage=java-runtime}] for {org.gradle.category=library, org.gradle.dependency.bundling=external, org.gradle.jvm.environment=standard-jvm, org.gradle.jvm.version=21, org.gradle.libraryelements=jar, org.gradle.usage=java-runtime}
2026-08-21T16:48:36.746-0300 [DEBUG] [org.gradle.internal.component.model.LoggingAttributeMatchingExplanationBuilder] Selected match {artifactType=jar, org.gradle.category=library, org.gradle.dependency.bundling=external, org.gradle.jvm.version=17, org.gradle.libraryelements=jar, org.gradle.status=release, org.gradle.usage=java-runtime} from candidates [{artifactType=jar, org.gradle.category=library, org.gradle.dependency.bundling=external, org.gradle.jvm.version=17, org.gradle.libraryelements=jar, org.gradle.status=release, org.gradle.usage=java-runtime}] for {org.gradle.category=library, org.gradle.dependency.bundling=external, org.gradle.jvm.environment=standard-jvm, org.gradle.jvm.version=21, org.gradle.libraryelements=jar, org.gradle.usage=java-runtime}
2026-08-21T16:48:36.747-0300 [DEBUG] [org.gradle.internal.component.model.LoggingAttributeMatchingExplanationBuilder] Selected match {artifactType=jar, org.gradle.category=library, org.gradle.dependency.bundling=external, org.gradle.jvm.version=17, org.gradle.libraryelements=jar, org.gradle.status=release, org.gradle.usage=java-runtime} from candidates [{artifactType=jar, org.gradle.category=library, org.gradle.dependency.bundling=external, org.gradle.jvm.version=17, org.gradle.libraryelements=jar, org.gradle.status=release, org.gradle.usage=java-runtime}] for {org.gradle.category=library, org.gradle.dependency.bundling=external, org.gradle.jvm.environment=standard-jvm, org.gradle.jvm.version=21, org.gradle.libraryelements=jar, org.gradle.usage=java-runtime}
2026-08-21T16:48:36.747-0300 [DEBUG] [org.gradle.internal.component.model.LoggingAttributeMatchingExplanationBuilder] Selected match {artifactType=jar, org.gradle.category=library, org.gradle.libraryelements=jar, org.gradle.status=release, org.gradle.usage=java-runtime} from candidates [{artifactType=jar, org.gradle.category=library, org.gradle.libraryelements=jar, org.gradle.status=release, org.gradle.usage=java-runtime}] for {org.gradle.category=library, org.gradle.dependency.bundling=external, org.gradle.jvm.environment=standard-jvm, org.gradle.jvm.version=21, org.gradle.libraryelements=jar, org.gradle.usage=java-runtime}
2026-08-21T16:48:36.747-0300 [DEBUG] [org.gradle.internal.component.model.LoggingAttributeMatchingExplanationBuilder] Selected match {artifactType=jar, org.gradle.category=library, org.gradle.libraryelements=jar, org.gradle.status=release, org.gradle.usage=java-runtime} from candidates [{artifactType=jar, org.gradle.category=library, org.gradle.libraryelements=jar, org.gradle.status=release, org.gradle.usage=java-runtime}] for {org.gradle.category=library, org.gradle.dependency.bundling=external, org.gradle.jvm.environment=standard-jvm, org.gradle.jvm.version=21, org.gradle.libraryelements=jar, org.gradle.usage=java-runtime}
2026-08-21T16:48:36.747-0300 [DEBUG] [org.gradle.internal.component.model.LoggingAttributeMatchingExplanationBuilder] Selected match {artifactType=jar, org.gradle.category=library, org.gradle.libraryelements=jar, org.gradle.status=release, org.gradle.usage=java-runtime} from candidates [{artifactType=jar, org.gradle.category=library, org.gradle.libraryelements=jar, org.gradle.status=release, org.gradle.usage=java-runtime}] for {org.gradle.category=library, org.gradle.dependency.bundling=external, org.gradle.jvm.environment=standard-jvm, org.gradle.jvm.version=21, org.gradle.libraryelements=jar, org.gradle.usage=java-runtime}
2026-08-21T16:48:36.747-0300 [DEBUG] [org.gradle.internal.component.model.LoggingAttributeMatchingExplanationBuilder] Selected match {artifactType=jar, org.gradle.category=library, org.gradle.dependency.bundling=external, org.gradle.jvm.version=17, org.gradle.libraryelements=jar, org.gradle.status=release, org.gradle.usage=java-runtime} from candidates [{artifactType=jar, org.gradle.category=library, org.gradle.dependency.bundling=external, org.gradle.jvm.version=17, org.gradle.libraryelements=jar, org.gradle.status=release, org.gradle.usage=java-runtime}] for {org.gradle.category=library, org.gradle.dependency.bundling=external, org.gradle.jvm.environment=standard-jvm, org.gradle.jvm.version=21, org.gradle.libraryelements=jar, org.gradle.usage=java-runtime}
2026-08-21T16:48:36.747-0300 [DEBUG] [org.gradle.internal.component.model.LoggingAttributeMatchingExplanationBuilder] Selected match {artifactType=jar, org.gradle.category=library, org.gradle.dependency.bundling=external, org.gradle.jvm.version=17, org.gradle.libraryelements=jar, org.gradle.status=release, org.gradle.usage=java-runtime} from candidates [{artifactType=jar, org.gradle.category=library, org.gradle.dependency.bundling=external, org.gradle.jvm.version=17, org.gradle.libraryelements=jar, org.gradle.status=release, org.gradle.usage=java-runtime}] for {org.gradle.category=library, org.gradle.dependency.bundling=external, org.gradle.jvm.environment=standard-jvm, org.gradle.jvm.version=21, org.gradle.libraryelements=jar, org.gradle.usage=java-runtime}
2026-08-21T16:48:36.747-0300 [DEBUG] [org.gradle.internal.component.model.LoggingAttributeMatchingExplanationBuilder] Selected match {artifactType=jar, org.gradle.category=library, org.gradle.dependency.bundling=external, org.gradle.jvm.version=17, org.gradle.libraryelements=jar, org.gradle.status=release, org.gradle.usage=java-runtime} from candidates [{artifactType=jar, org.gradle.category=library, org.gradle.dependency.bundling=external, org.gradle.jvm.version=17, org.gradle.libraryelements=jar, org.gradle.status=release, org.gradle.usage=java-runtime}] for {org.gradle.category=library, org.gradle.dependency.bundling=external, org.gradle.jvm.environment=standard-jvm, org.gradle.jvm.version=21, org.gradle.libraryelements=jar, org.gradle.usage=java-runtime}
2026-08-21T16:48:36.747-0300 [DEBUG] [org.gradle.internal.component.model.LoggingAttributeMatchingExplanationBuilder] Selected match {artifactType=jar, org.gradle.category=library, org.gradle.dependency.bundling=external, org.gradle.jvm.version=17, org.gradle.libraryelements=jar, org.gradle.status=release, org.gradle.usage=java-runtime} from candidates [{artifactType=jar, org.gradle.category=library, org.gradle.dependency.bundling=external, org.gradle.jvm.version=17, org.gradle.libraryelements=jar, org.gradle.status=release, org.gradle.usage=java-runtime}] for {org.gradle.category=library, org.gradle.dependency.bundling=external, org.gradle.jvm.environment=standard-jvm, org.gradle.jvm.version=21, org.gradle.libraryelements=jar, org.gradle.usage=java-runtime}
2026-08-21T16:48:36.747-0300 [DEBUG] [org.gradle.internal.component.model.LoggingAttributeMatchingExplanationBuilder] Selected match {artifactType=jar, org.gradle.category=library, org.gradle.dependency.bundling=external, org.gradle.jvm.version=17, org.gradle.libraryelements=jar, org.gradle.status=release, org.gradle.usage=java-runtime} from candidates [{artifactType=jar, org.gradle.category=library, org.gradle.dependency.bundling=external, org.gradle.jvm.version=17, org.gradle.libraryelements=jar, org.gradle.status=release, org.gradle.usage=java-runtime}] for {org.gradle.category=library, org.gradle.dependency.bundling=external, org.gradle.jvm.environment=standard-jvm, org.gradle.jvm.version=21, org.gradle.libraryelements=jar, org.gradle.usage=java-runtime}
2026-08-21T16:48:36.747-0300 [DEBUG] [org.gradle.internal.component.model.LoggingAttributeMatchingExplanationBuilder] Selected match {artifactType=jar, org.gradle.category=library, org.gradle.dependency.bundling=external, org.gradle.jvm.version=17, org.gradle.libraryelements=jar, org.gradle.status=release, org.gradle.usage=java-runtime} from candidates [{artifactType=jar, org.gradle.category=library, org.gradle.dependency.bundling=external, org.gradle.jvm.version=17, org.gradle.libraryelements=jar, org.gradle.status=release, org.gradle.usage=java-runtime}] for {org.gradle.category=library, org.gradle.dependency.bundling=external, org.gradle.jvm.environment=standard-jvm, org.gradle.jvm.version=21, org.gradle.libraryelements=jar, org.gradle.usage=java-runtime}
2026-08-21T16:48:36.747-0300 [DEBUG] [org.gradle.internal.component.model.LoggingAttributeMatchingExplanationBuilder] Selected match {artifactType=jar, org.gradle.category=library, org.gradle.dependency.bundling=external, org.gradle.libraryelements=jar, org.gradle.status=release, org.gradle.usage=java-runtime} from candidates [{artifactType=jar, org.gradle.category=library, org.gradle.dependency.bundling=external, org.gradle.libraryelements=jar, org.gradle.status=release, org.gradle.usage=java-runtime}] for {org.gradle.category=library, org.gradle.dependency.bundling=external, org.gradle.jvm.environment=standard-jvm, org.gradle.jvm.version=21, org.gradle.libraryelements=jar, org.gradle.usage=java-runtime}
2026-08-21T16:48:36.747-0300 [DEBUG] [org.gradle.internal.component.model.LoggingAttributeMatchingExplanationBuilder] Selected match {org.gradle.category=platform, org.gradle.status=release, org.gradle.usage=java-runtime} from candidates [{org.gradle.category=platform, org.gradle.status=release, org.gradle.usage=java-runtime}] for {org.gradle.category=platform, org.gradle.dependency.bundling=external, org.gradle.jvm.environment=standard-jvm, org.gradle.jvm.version=21, org.gradle.libraryelements=jar, org.gradle.usage=java-runtime}
2026-08-21T16:48:36.747-0300 [DEBUG] [org.gradle.internal.component.model.LoggingAttributeMatchingExplanationBuilder] Selected match {org.gradle.category=platform, org.gradle.status=release, org.gradle.usage=java-runtime} from candidates [{org.gradle.category=platform, org.gradle.status=release, org.gradle.usage=java-runtime}] for {org.gradle.category=platform, org.gradle.dependency.bundling=external, org.gradle.jvm.environment=standard-jvm, org.gradle.jvm.version=21, org.gradle.libraryelements=jar, org.gradle.usage=java-runtime}
2026-08-21T16:48:36.747-0300 [DEBUG] [org.gradle.internal.component.model.LoggingAttributeMatchingExplanationBuilder] Selected match {artifactType=jar, org.gradle.category=library, org.gradle.dependency.bundling=external, org.gradle.libraryelements=jar, org.gradle.status=release, org.gradle.usage=java-runtime} from candidates [{artifactType=jar, org.gradle.category=library, org.gradle.dependency.bundling=external, org.gradle.libraryelements=jar, org.gradle.status=release, org.gradle.usage=java-runtime}] for {org.gradle.category=library, org.gradle.dependency.bundling=external, org.gradle.jvm.environment=standard-jvm, org.gradle.jvm.version=21, org.gradle.libraryelements=jar, org.gradle.usage=java-runtime}
2026-08-21T16:48:36.747-0300 [DEBUG] [org.gradle.internal.component.model.LoggingAttributeMatchingExplanationBuilder] Selected match {artifactType=jar, org.gradle.category=library, org.gradle.dependency.bundling=external, org.gradle.jvm.version=17, org.gradle.libraryelements=jar, org.gradle.status=release, org.gradle.usage=java-runtime} from candidates [{artifactType=jar, org.gradle.category=library, org.gradle.dependency.bundling=external, org.gradle.jvm.version=17, org.gradle.libraryelements=jar, org.gradle.status=release, org.gradle.usage=java-runtime}] for {org.gradle.category=library, org.gradle.dependency.bundling=external, org.gradle.jvm.environment=standard-jvm, org.gradle.jvm.version=21, org.gradle.libraryelements=jar, org.gradle.usage=java-runtime}
2026-08-21T16:48:36.747-0300 [DEBUG] [org.gradle.internal.component.model.LoggingAttributeMatchingExplanationBuilder] Selected match {artifactType=jar, org.gradle.category=library, org.gradle.dependency.bundling=external, org.gradle.jvm.environment=standard-jvm, org.gradle.jvm.version=17, org.gradle.libraryelements=jar, org.gradle.status=release, org.gradle.usage=java-runtime, org.jetbrains.kotlin.platform.type=jvm} from candidates [{artifactType=jar, org.gradle.category=library, org.gradle.dependency.bundling=external, org.gradle.jvm.environment=standard-jvm, org.gradle.jvm.version=17, org.gradle.libraryelements=jar, org.gradle.status=release, org.gradle.usage=java-runtime, org.jetbrains.kotlin.platform.type=jvm}] for {org.gradle.category=library, org.gradle.dependency.bundling=external, org.gradle.jvm.environment=standard-jvm, org.gradle.jvm.version=21, org.gradle.libraryelements=jar, org.gradle.usage=java-runtime}
2026-08-21T16:48:36.747-0300 [DEBUG] [org.gradle.internal.component.model.LoggingAttributeMatchingExplanationBuilder] Selected match {artifactType=jar, org.gradle.category=library, org.gradle.dependency.bundling=external, org.gradle.jvm.version=17, org.gradle.libraryelements=jar, org.gradle.status=release, org.gradle.usage=java-runtime} from candidates [{artifactType=jar, org.gradle.category=library, org.gradle.dependency.bundling=external, org.gradle.jvm.version=17, org.gradle.libraryelements=jar, org.gradle.status=release, org.gradle.usage=java-runtime}] for {org.gradle.category=library, org.gradle.dependency.bundling=external, org.gradle.jvm.environment=standard-jvm, org.gradle.jvm.version=21, org.gradle.libraryelements=jar, org.gradle.usage=java-runtime}
2026-08-21T16:48:36.747-0300 [DEBUG] [org.gradle.internal.component.model.LoggingAttributeMatchingExplanationBuilder] Selected match {artifactType=jar, org.gradle.category=library, org.gradle.dependency.bundling=external, org.gradle.jvm.environment=standard-jvm, org.gradle.jvm.version=17, org.gradle.libraryelements=jar, org.gradle.status=release, org.gradle.usage=java-runtime, org.jetbrains.kotlin.platform.type=jvm} from candidates [{artifactType=jar, org.gradle.category=library, org.gradle.dependency.bundling=external, org.gradle.jvm.environment=standard-jvm, org.gradle.jvm.version=17, org.gradle.libraryelements=jar, org.gradle.status=release, org.gradle.usage=java-runtime, org.jetbrains.kotlin.platform.type=jvm}] for {org.gradle.category=library, org.gradle.dependency.bundling=external, org.gradle.jvm.environment=standard-jvm, org.gradle.jvm.version=21, org.gradle.libraryelements=jar, org.gradle.usage=java-runtime}
2026-08-21T16:48:36.747-0300 [DEBUG] [org.gradle.internal.component.model.LoggingAttributeMatchingExplanationBuilder] Selected match {artifactType=jar, org.gradle.category=library, org.gradle.dependency.bundling=external, org.gradle.jvm.version=8, org.gradle.libraryelements=jar, org.gradle.status=release, org.gradle.usage=java-runtime} from candidates [{artifactType=jar, org.gradle.category=library, org.gradle.dependency.bundling=external, org.gradle.jvm.version=8, org.gradle.libraryelements=jar, org.gradle.status=release, org.gradle.usage=java-runtime}] for {org.gradle.category=library, org.gradle.dependency.bundling=external, org.gradle.jvm.environment=standard-jvm, org.gradle.jvm.version=21, org.gradle.libraryelements=jar, org.gradle.usage=java-runtime}
2026-08-21T16:48:36.747-0300 [DEBUG] [org.gradle.internal.component.model.LoggingAttributeMatchingExplanationBuilder] Selected match {org.gradle.category=platform, org.gradle.status=release, org.gradle.usage=java-runtime} from candidates [{org.gradle.category=platform, org.gradle.status=release, org.gradle.usage=java-runtime}] for {org.gradle.category=platform, org.gradle.dependency.bundling=external, org.gradle.jvm.environment=standard-jvm, org.gradle.jvm.version=21, org.gradle.libraryelements=jar, org.gradle.usage=java-runtime}
2026-08-21T16:48:36.747-0300 [DEBUG] [org.gradle.internal.component.model.LoggingAttributeMatchingExplanationBuilder] Selected match {artifactType=jar, org.gradle.category=library, org.gradle.dependency.bundling=external, org.gradle.jvm.version=17, org.gradle.libraryelements=jar, org.gradle.status=release, org.gradle.usage=java-runtime} from candidates [{artifactType=jar, org.gradle.category=library, org.gradle.dependency.bundling=external, org.gradle.jvm.version=17, org.gradle.libraryelements=jar, org.gradle.status=release, org.gradle.usage=java-runtime}] for {org.gradle.category=library, org.gradle.dependency.bundling=external, org.gradle.jvm.environment=standard-jvm, org.gradle.jvm.version=21, org.gradle.libraryelements=jar, org.gradle.usage=java-runtime}
2026-08-21T16:48:36.747-0300 [DEBUG] [org.gradle.internal.component.model.LoggingAttributeMatchingExplanationBuilder] Selected match {artifactType=jar, org.gradle.category=library, org.gradle.libraryelements=jar, org.gradle.status=release, org.gradle.usage=java-runtime} from candidates [{artifactType=jar, org.gradle.category=library, org.gradle.libraryelements=jar, org.gradle.status=release, org.gradle.usage=java-runtime}] for {org.gradle.category=library, org.gradle.dependency.bundling=external, org.gradle.jvm.environment=standard-jvm, org.gradle.jvm.version=21, org.gradle.libraryelements=jar, org.gradle.usage=java-runtime}
2026-08-21T16:48:36.747-0300 [DEBUG] [org.gradle.internal.component.model.LoggingAttributeMatchingExplanationBuilder] Selected match {artifactType=jar, org.gradle.category=library, org.gradle.dependency.bundling=external, org.gradle.jvm.version=17, org.gradle.libraryelements=jar, org.gradle.status=release, org.gradle.usage=java-runtime} from candidates [{artifactType=jar, org.gradle.category=library, org.gradle.dependency.bundling=external, org.gradle.jvm.version=17, org.gradle.libraryelements=jar, org.gradle.status=release, org.gradle.usage=java-runtime}] for {org.gradle.category=library, org.gradle.dependency.bundling=external, org.gradle.jvm.environment=standard-jvm, org.gradle.jvm.version=21, org.gradle.libraryelements=jar, org.gradle.usage=java-runtime}
2026-08-21T16:48:36.747-0300 [DEBUG] [org.gradle.internal.component.model.LoggingAttributeMatchingExplanationBuilder] Selected match {artifactType=jar, org.gradle.category=library, org.gradle.libraryelements=jar, org.gradle.status=release, org.gradle.usage=java-runtime} from candidates [{artifactType=jar, org.gradle.category=library, org.gradle.libraryelements=jar, org.gradle.status=release, org.gradle.usage=java-runtime}] for {org.gradle.category=library, org.gradle.dependency.bundling=external, org.gradle.jvm.environment=standard-jvm, org.gradle.jvm.version=21, org.gradle.libraryelements=jar, org.gradle.usage=java-runtime}
2026-08-21T16:48:36.747-0300 [DEBUG] [org.gradle.internal.component.model.LoggingAttributeMatchingExplanationBuilder] Selected match {artifactType=jar, org.gradle.category=library, org.gradle.libraryelements=jar, org.gradle.status=release, org.gradle.usage=java-runtime} from candidates [{artifactType=jar, org.gradle.category=library, org.gradle.libraryelements=jar, org.gradle.status=release, org.gradle.usage=java-runtime}] for {org.gradle.category=library, org.gradle.dependency.bundling=external, org.gradle.jvm.environment=standard-jvm, org.gradle.jvm.version=21, org.gradle.libraryelements=jar, org.gradle.usage=java-runtime}
2026-08-21T16:48:36.747-0300 [DEBUG] [org.gradle.internal.component.model.LoggingAttributeMatchingExplanationBuilder] Selected match {artifactType=jar, org.gradle.category=library, org.gradle.libraryelements=jar, org.gradle.status=release, org.gradle.usage=java-runtime} from candidates [{artifactType=jar, org.gradle.category=library, org.gradle.libraryelements=jar, org.gradle.status=release, org.gradle.usage=java-runtime}] for {org.gradle.category=library, org.gradle.dependency.bundling=external, org.gradle.jvm.environment=standard-jvm, org.gradle.jvm.version=21, org.gradle.libraryelements=jar, org.gradle.usage=java-runtime}
2026-08-21T16:48:36.747-0300 [DEBUG] [org.gradle.internal.component.model.LoggingAttributeMatchingExplanationBuilder] Selected match {artifactType=jar, org.gradle.category=library, org.gradle.libraryelements=jar, org.gradle.status=release, org.gradle.usage=java-runtime} from candidates [{artifactType=jar, org.gradle.category=library, org.gradle.libraryelements=jar, org.gradle.status=release, org.gradle.usage=java-runtime}] for {org.gradle.category=library, org.gradle.dependency.bundling=external, org.gradle.jvm.environment=standard-jvm, org.gradle.jvm.version=21, org.gradle.libraryelements=jar, org.gradle.usage=java-runtime}
2026-08-21T16:48:36.747-0300 [DEBUG] [org.gradle.internal.component.model.LoggingAttributeMatchingExplanationBuilder] Selected match {artifactType=jar, org.gradle.category=library, org.gradle.libraryelements=jar, org.gradle.status=release, org.gradle.usage=java-runtime} from candidates [{artifactType=jar, org.gradle.category=library, org.gradle.libraryelements=jar, org.gradle.status=release, org.gradle.usage=java-runtime}] for {org.gradle.category=library, org.gradle.dependency.bundling=external, org.gradle.jvm.environment=standard-jvm, org.gradle.jvm.version=21, org.gradle.libraryelements=jar, org.gradle.usage=java-runtime}
2026-08-21T16:48:36.747-0300 [DEBUG] [org.gradle.internal.component.model.LoggingAttributeMatchingExplanationBuilder] Selected match {artifactType=jar, org.gradle.category=library, org.gradle.libraryelements=jar, org.gradle.status=release, org.gradle.usage=java-runtime} from candidates [{artifactType=jar, org.gradle.category=library, org.gradle.libraryelements=jar, org.gradle.status=release, org.gradle.usage=java-runtime}] for {org.gradle.category=library, org.gradle.dependency.bundling=external, org.gradle.jvm.environment=standard-jvm, org.gradle.jvm.version=21, org.gradle.libraryelements=jar, org.gradle.usage=java-runtime}
2026-08-21T16:48:36.747-0300 [DEBUG] [org.gradle.internal.component.model.LoggingAttributeMatchingExplanationBuilder] Selected match {artifactType=jar, org.gradle.category=library, org.gradle.dependency.bundling=external, org.gradle.jvm.version=8, org.gradle.libraryelements=jar, org.gradle.status=release, org.gradle.usage=java-runtime} from candidates [{artifactType=jar, org.gradle.category=library, org.gradle.dependency.bundling=external, org.gradle.jvm.version=8, org.gradle.libraryelements=jar, org.gradle.status=release, org.gradle.usage=java-runtime}] for {org.gradle.category=library, org.gradle.dependency.bundling=external, org.gradle.jvm.environment=standard-jvm, org.gradle.jvm.version=21, org.gradle.libraryelements=jar, org.gradle.usage=java-runtime}
2026-08-21T16:48:36.747-0300 [DEBUG] [org.gradle.internal.component.model.LoggingAttributeMatchingExplanationBuilder] Selected match {artifactType=jar, org.gradle.category=library, org.gradle.libraryelements=jar, org.gradle.status=release, org.gradle.usage=java-runtime} from candidates [{artifactType=jar, org.gradle.category=library, org.gradle.libraryelements=jar, org.gradle.status=release, org.gradle.usage=java-runtime}] for {org.gradle.category=library, org.gradle.dependency.bundling=external, org.gradle.jvm.environment=standard-jvm, org.gradle.jvm.version=21, org.gradle.libraryelements=jar, org.gradle.usage=java-runtime}
2026-08-21T16:48:36.747-0300 [DEBUG] [org.gradle.internal.component.model.LoggingAttributeMatchingExplanationBuilder] Selected match {artifactType=jar, org.gradle.category=library, org.gradle.libraryelements=jar, org.gradle.status=release, org.gradle.usage=java-runtime} from candidates [{artifactType=jar, org.gradle.category=library, org.gradle.libraryelements=jar, org.gradle.status=release, org.gradle.usage=java-runtime}] for {org.gradle.category=library, org.gradle.dependency.bundling=external, org.gradle.jvm.environment=standard-jvm, org.gradle.jvm.version=21, org.gradle.libraryelements=jar, org.gradle.usage=java-runtime}
2026-08-21T16:48:36.747-0300 [DEBUG] [org.gradle.internal.component.model.LoggingAttributeMatchingExplanationBuilder] Selected match {artifactType=jar, org.gradle.category=library, org.gradle.dependency.bundling=external, org.gradle.jvm.environment=standard-jvm, org.gradle.jvm.version=17, org.gradle.libraryelements=jar, org.gradle.status=release, org.gradle.usage=java-runtime, org.jetbrains.kotlin.platform.type=jvm} from candidates [{artifactType=jar, org.gradle.category=library, org.gradle.dependency.bundling=external, org.gradle.jvm.environment=standard-jvm, org.gradle.jvm.version=17, org.gradle.libraryelements=jar, org.gradle.status=release, org.gradle.usage=java-runtime, org.jetbrains.kotlin.platform.type=jvm}] for {org.gradle.category=library, org.gradle.dependency.bundling=external, org.gradle.jvm.environment=standard-jvm, org.gradle.jvm.version=21, org.gradle.libraryelements=jar, org.gradle.usage=java-runtime}
2026-08-21T16:48:36.747-0300 [DEBUG] [org.gradle.internal.component.model.LoggingAttributeMatchingExplanationBuilder] Selected match {artifactType=jar, org.gradle.category=library, org.gradle.dependency.bundling=external, org.gradle.jvm.version=17, org.gradle.libraryelements=jar, org.gradle.status=release, org.gradle.usage=java-runtime} from candidates [{artifactType=jar, org.gradle.category=library, org.gradle.dependency.bundling=external, org.gradle.jvm.version=17, org.gradle.libraryelements=jar, org.gradle.status=release, org.gradle.usage=java-runtime}] for {org.gradle.category=library, org.gradle.dependency.bundling=external, org.gradle.jvm.environment=standard-jvm, org.gradle.jvm.version=21, org.gradle.libraryelements=jar, org.gradle.usage=java-runtime}
2026-08-21T16:48:36.747-0300 [DEBUG] [org.gradle.internal.component.model.LoggingAttributeMatchingExplanationBuilder] Selected match {artifactType=jar, org.gradle.category=library, org.gradle.dependency.bundling=external, org.gradle.jvm.version=17, org.gradle.libraryelements=jar, org.gradle.status=release, org.gradle.usage=java-runtime} from candidates [{artifactType=jar, org.gradle.category=library, org.gradle.dependency.bundling=external, org.gradle.jvm.version=17, org.gradle.libraryelements=jar, org.gradle.status=release, org.gradle.usage=java-runtime}] for {org.gradle.category=library, org.gradle.dependency.bundling=external, org.gradle.jvm.environment=standard-jvm, org.gradle.jvm.version=21, org.gradle.libraryelements=jar, org.gradle.usage=java-runtime}
2026-08-21T16:48:36.747-0300 [DEBUG] [org.gradle.internal.component.model.LoggingAttributeMatchingExplanationBuilder] Selected match {artifactType=jar, org.gradle.category=library, org.gradle.dependency.bundling=external, org.gradle.jvm.version=17, org.gradle.libraryelements=jar, org.gradle.status=release, org.gradle.usage=java-runtime} from candidates [{artifactType=jar, org.gradle.category=library, org.gradle.dependency.bundling=external, org.gradle.jvm.version=17, org.gradle.libraryelements=jar, org.gradle.status=release, org.gradle.usage=java-runtime}] for {org.gradle.category=library, org.gradle.dependency.bundling=external, org.gradle.jvm.environment=standard-jvm, org.gradle.jvm.version=21, org.gradle.libraryelements=jar, org.gradle.usage=java-runtime}
2026-08-21T16:48:36.747-0300 [DEBUG] [org.gradle.internal.component.model.LoggingAttributeMatchingExplanationBuilder] Selected match {artifactType=jar, org.gradle.category=library, org.gradle.dependency.bundling=external, org.gradle.jvm.version=17, org.gradle.libraryelements=jar, org.gradle.status=release, org.gradle.usage=java-runtime} from candidates [{artifactType=jar, org.gradle.category=library, org.gradle.dependency.bundling=external, org.gradle.jvm.version=17, org.gradle.libraryelements=jar, org.gradle.status=release, org.gradle.usage=java-runtime}] for {org.gradle.category=library, org.gradle.dependency.bundling=external, org.gradle.jvm.environment=standard-jvm, org.gradle.jvm.version=21, org.gradle.libraryelements=jar, org.gradle.usage=java-runtime}
2026-08-21T16:48:36.748-0300 [DEBUG] [org.gradle.internal.component.model.LoggingAttributeMatchingExplanationBuilder] Selected match {artifactType=jar, org.gradle.category=library, org.gradle.dependency.bundling=external, org.gradle.jvm.version=17, org.gradle.libraryelements=jar, org.gradle.status=release, org.gradle.usage=java-runtime} from candidates [{artifactType=jar, org.gradle.category=library, org.gradle.dependency.bundling=external, org.gradle.jvm.version=17, org.gradle.libraryelements=jar, org.gradle.status=release, org.gradle.usage=java-runtime}] for {org.gradle.category=library, org.gradle.dependency.bundling=external, org.gradle.jvm.environment=standard-jvm, org.gradle.jvm.version=21, org.gradle.libraryelements=jar, org.gradle.usage=java-runtime}
2026-08-21T16:48:36.748-0300 [DEBUG] [org.gradle.internal.component.model.LoggingAttributeMatchingExplanationBuilder] Selected match {artifactType=jar, org.gradle.category=library, org.gradle.dependency.bundling=external, org.gradle.jvm.version=17, org.gradle.libraryelements=jar, org.gradle.status=release, org.gradle.usage=java-runtime} from candidates [{artifactType=jar, org.gradle.category=library, org.gradle.dependency.bundling=external, org.gradle.jvm.version=17, org.gradle.libraryelements=jar, org.gradle.status=release, org.gradle.usage=java-runtime}] for {org.gradle.category=library, org.gradle.dependency.bundling=external, org.gradle.jvm.environment=standard-jvm, org.gradle.jvm.version=21, org.gradle.libraryelements=jar, org.gradle.usage=java-runtime}
2026-08-21T16:48:36.748-0300 [DEBUG] [org.gradle.internal.component.model.LoggingAttributeMatchingExplanationBuilder] Selected match {artifactType=jar, org.gradle.category=library, org.gradle.dependency.bundling=external, org.gradle.jvm.version=17, org.gradle.libraryelements=jar, org.gradle.status=release, org.gradle.usage=java-runtime} from candidates [{artifactType=jar, org.gradle.category=library, org.gradle.dependency.bundling=external, org.gradle.jvm.version=17, org.gradle.libraryelements=jar, org.gradle.status=release, org.gradle.usage=java-runtime}] for {org.gradle.category=library, org.gradle.dependency.bundling=external, org.gradle.jvm.environment=standard-jvm, org.gradle.jvm.version=21, org.gradle.libraryelements=jar, org.gradle.usage=java-runtime}
2026-08-21T16:48:36.748-0300 [DEBUG] [org.gradle.internal.component.model.LoggingAttributeMatchingExplanationBuilder] Selected match {artifactType=jar, org.gradle.category=library, org.gradle.dependency.bundling=external, org.gradle.jvm.environment=standard-jvm, org.gradle.jvm.version=17, org.gradle.libraryelements=jar, org.gradle.status=release, org.gradle.usage=java-runtime, org.jetbrains.kotlin.platform.type=jvm} from candidates [{artifactType=jar, org.gradle.category=library, org.gradle.dependency.bundling=external, org.gradle.jvm.environment=standard-jvm, org.gradle.jvm.version=17, org.gradle.libraryelements=jar, org.gradle.status=release, org.gradle.usage=java-runtime, org.jetbrains.kotlin.platform.type=jvm}] for {org.gradle.category=library, org.gradle.dependency.bundling=external, org.gradle.jvm.environment=standard-jvm, org.gradle.jvm.version=21, org.gradle.libraryelements=jar, org.gradle.usage=java-runtime}
2026-08-21T16:48:36.748-0300 [DEBUG] [org.gradle.internal.component.model.LoggingAttributeMatchingExplanationBuilder] Selected match {artifactType=jar, org.gradle.category=library, org.gradle.dependency.bundling=external, org.gradle.jvm.environment=standard-jvm, org.gradle.jvm.version=17, org.gradle.libraryelements=jar, org.gradle.status=release, org.gradle.usage=java-runtime, org.jetbrains.kotlin.platform.type=jvm} from candidates [{artifactType=jar, org.gradle.category=library, org.gradle.dependency.bundling=external, org.gradle.jvm.environment=standard-jvm, org.gradle.jvm.version=17, org.gradle.libraryelements=jar, org.gradle.status=release, org.gradle.usage=java-runtime, org.jetbrains.kotlin.platform.type=jvm}] for {org.gradle.category=library, org.gradle.dependency.bundling=external, org.gradle.jvm.environment=standard-jvm, org.gradle.jvm.version=21, org.gradle.libraryelements=jar, org.gradle.usage=java-runtime}
2026-08-21T16:48:36.748-0300 [DEBUG] [org.gradle.internal.component.model.LoggingAttributeMatchingExplanationBuilder] Selected match {artifactType=jar, org.gradle.category=library, org.gradle.dependency.bundling=external, org.gradle.jvm.environment=standard-jvm, org.gradle.jvm.version=17, org.gradle.libraryelements=jar, org.gradle.status=release, org.gradle.usage=java-runtime, org.jetbrains.kotlin.platform.type=jvm} from candidates [{artifactType=jar, org.gradle.category=library, org.gradle.dependency.bundling=external, org.gradle.jvm.environment=standard-jvm, org.gradle.jvm.version=17, org.gradle.libraryelements=jar, org.gradle.status=release, org.gradle.usage=java-runtime, org.jetbrains.kotlin.platform.type=jvm}] for {org.gradle.category=library, org.gradle.dependency.bundling=external, org.gradle.jvm.environment=standard-jvm, org.gradle.jvm.version=21, org.gradle.libraryelements=jar, org.gradle.usage=java-runtime}
2026-08-21T16:48:36.748-0300 [DEBUG] [org.gradle.internal.component.model.LoggingAttributeMatchingExplanationBuilder] Selected match {artifactType=jar, org.gradle.category=library, org.gradle.dependency.bundling=external, org.gradle.jvm.version=17, org.gradle.libraryelements=jar, org.gradle.status=release, org.gradle.usage=java-runtime} from candidates [{artifactType=jar, org.gradle.category=library, org.gradle.dependency.bundling=external, org.gradle.jvm.version=17, org.gradle.libraryelements=jar, org.gradle.status=release, org.gradle.usage=java-runtime}] for {org.gradle.category=library, org.gradle.dependency.bundling=external, org.gradle.jvm.environment=standard-jvm, org.gradle.jvm.version=21, org.gradle.libraryelements=jar, org.gradle.usage=java-runtime}
2026-08-21T16:48:36.748-0300 [DEBUG] [org.gradle.internal.component.model.LoggingAttributeMatchingExplanationBuilder] Selected match {artifactType=jar, org.gradle.category=library, org.gradle.dependency.bundling=external, org.gradle.jvm.environment=standard-jvm, org.gradle.jvm.version=17, org.gradle.libraryelements=jar, org.gradle.status=release, org.gradle.usage=java-runtime, org.jetbrains.kotlin.platform.type=jvm} from candidates [{artifactType=jar, org.gradle.category=library, org.gradle.dependency.bundling=external, org.gradle.jvm.environment=standard-jvm, org.gradle.jvm.version=17, org.gradle.libraryelements=jar, org.gradle.status=release, org.gradle.usage=java-runtime, org.jetbrains.kotlin.platform.type=jvm}] for {org.gradle.category=library, org.gradle.dependency.bundling=external, org.gradle.jvm.environment=standard-jvm, org.gradle.jvm.version=21, org.gradle.libraryelements=jar, org.gradle.usage=java-runtime}
2026-08-21T16:48:36.748-0300 [DEBUG] [org.gradle.internal.component.model.LoggingAttributeMatchingExplanationBuilder] Selected match {artifactType=jar, org.gradle.category=library, org.gradle.libraryelements=jar, org.gradle.status=release, org.gradle.usage=java-runtime} from candidates [{artifactType=jar, org.gradle.category=library, org.gradle.libraryelements=jar, org.gradle.status=release, org.gradle.usage=java-runtime}] for {org.gradle.category=library, org.gradle.dependency.bundling=external, org.gradle.jvm.environment=standard-jvm, org.gradle.jvm.version=21, org.gradle.libraryelements=jar, org.gradle.usage=java-runtime}
2026-08-21T16:48:36.748-0300 [DEBUG] [org.gradle.internal.component.model.LoggingAttributeMatchingExplanationBuilder] Selected match {artifactType=jar, org.gradle.category=library, org.gradle.dependency.bundling=external, org.gradle.jvm.version=17, org.gradle.libraryelements=jar, org.gradle.status=release, org.gradle.usage=java-runtime} from candidates [{artifactType=jar, org.gradle.category=library, org.gradle.dependency.bundling=external, org.gradle.jvm.version=17, org.gradle.libraryelements=jar, org.gradle.status=release, org.gradle.usage=java-runtime}] for {org.gradle.category=library, org.gradle.dependency.bundling=external, org.gradle.jvm.environment=standard-jvm, org.gradle.jvm.version=21, org.gradle.libraryelements=jar, org.gradle.usage=java-runtime}
2026-08-21T16:48:36.748-0300 [DEBUG] [org.gradle.internal.component.model.LoggingAttributeMatchingExplanationBuilder] Selected match {artifactType=jar, org.gradle.category=library, org.gradle.dependency.bundling=external, org.gradle.jvm.environment=standard-jvm, org.gradle.jvm.version=17, org.gradle.libraryelements=jar, org.gradle.status=release, org.gradle.usage=java-runtime, org.jetbrains.kotlin.platform.type=jvm} from candidates [{artifactType=jar, org.gradle.category=library, org.gradle.dependency.bundling=external, org.gradle.jvm.environment=standard-jvm, org.gradle.jvm.version=17, org.gradle.libraryelements=jar, org.gradle.status=release, org.gradle.usage=java-runtime, org.jetbrains.kotlin.platform.type=jvm}] for {org.gradle.category=library, org.gradle.dependency.bundling=external, org.gradle.jvm.environment=standard-jvm, org.gradle.jvm.version=21, org.gradle.libraryelements=jar, org.gradle.usage=java-runtime}
2026-08-21T16:48:36.748-0300 [DEBUG] [org.gradle.internal.component.model.LoggingAttributeMatchingExplanationBuilder] Selected match {artifactType=jar, org.gradle.category=library, org.gradle.dependency.bundling=external, org.gradle.jvm.environment=standard-jvm, org.gradle.jvm.version=17, org.gradle.libraryelements=jar, org.gradle.status=release, org.gradle.usage=java-runtime, org.jetbrains.kotlin.platform.type=jvm} from candidates [{artifactType=jar, org.gradle.category=library, org.gradle.dependency.bundling=external, org.gradle.jvm.environment=standard-jvm, org.gradle.jvm.version=17, org.gradle.libraryelements=jar, org.gradle.status=release, org.gradle.usage=java-runtime, org.jetbrains.kotlin.platform.type=jvm}] for {org.gradle.category=library, org.gradle.dependency.bundling=external, org.gradle.jvm.environment=standard-jvm, org.gradle.jvm.version=21, org.gradle.libraryelements=jar, org.gradle.usage=java-runtime}
2026-08-21T16:48:36.748-0300 [DEBUG] [org.gradle.internal.component.model.LoggingAttributeMatchingExplanationBuilder] Selected match {artifactType=jar, org.gradle.category=library, org.gradle.libraryelements=jar, org.gradle.status=release, org.gradle.usage=java-runtime} from candidates [{artifactType=jar, org.gradle.category=library, org.gradle.libraryelements=jar, org.gradle.status=release, org.gradle.usage=java-runtime}] for {org.gradle.category=library, org.gradle.dependency.bundling=external, org.gradle.jvm.environment=standard-jvm, org.gradle.jvm.version=21, org.gradle.libraryelements=jar, org.gradle.usage=java-runtime}
2026-08-21T16:48:36.748-0300 [DEBUG] [org.gradle.internal.component.model.LoggingAttributeMatchingExplanationBuilder] Selected match {artifactType=jar, org.gradle.category=library, org.gradle.dependency.bundling=external, org.gradle.jvm.environment=standard-jvm, org.gradle.jvm.version=17, org.gradle.libraryelements=jar, org.gradle.status=release, org.gradle.usage=java-runtime, org.jetbrains.kotlin.platform.type=jvm} from candidates [{artifactType=jar, org.gradle.category=library, org.gradle.dependency.bundling=external, org.gradle.jvm.environment=standard-jvm, org.gradle.jvm.version=17, org.gradle.libraryelements=jar, org.gradle.status=release, org.gradle.usage=java-runtime, org.jetbrains.kotlin.platform.type=jvm}] for {org.gradle.category=library, org.gradle.dependency.bundling=external, org.gradle.jvm.environment=standard-jvm, org.gradle.jvm.version=21, org.gradle.libraryelements=jar, org.gradle.usage=java-runtime}
2026-08-21T16:48:36.748-0300 [DEBUG] [org.gradle.internal.component.model.LoggingAttributeMatchingExplanationBuilder] Selected match {artifactType=jar, org.gradle.category=library, org.gradle.dependency.bundling=external, org.gradle.jvm.environment=standard-jvm, org.gradle.jvm.version=17, org.gradle.libraryelements=jar, org.gradle.status=release, org.gradle.usage=java-runtime, org.jetbrains.kotlin.platform.type=jvm} from candidates [{artifactType=jar, org.gradle.category=library, org.gradle.dependency.bundling=external, org.gradle.jvm.environment=standard-jvm, org.gradle.jvm.version=17, org.gradle.libraryelements=jar, org.gradle.status=release, org.gradle.usage=java-runtime, org.jetbrains.kotlin.platform.type=jvm}] for {org.gradle.category=library, org.gradle.dependency.bundling=external, org.gradle.jvm.environment=standard-jvm, org.gradle.jvm.version=21, org.gradle.libraryelements=jar, org.gradle.usage=java-runtime}
2026-08-21T16:48:36.748-0300 [DEBUG] [org.gradle.internal.component.model.LoggingAttributeMatchingExplanationBuilder] Selected match {artifactType=jar, org.gradle.category=library, org.gradle.dependency.bundling=external, org.gradle.jvm.environment=standard-jvm, org.gradle.jvm.version=17, org.gradle.libraryelements=jar, org.gradle.status=release, org.gradle.usage=java-runtime, org.jetbrains.kotlin.platform.type=jvm} from candidates [{artifactType=jar, org.gradle.category=library, org.gradle.dependency.bundling=external, org.gradle.jvm.environment=standard-jvm, org.gradle.jvm.version=17, org.gradle.libraryelements=jar, org.gradle.status=release, org.gradle.usage=java-runtime, org.jetbrains.kotlin.platform.type=jvm}] for {org.gradle.category=library, org.gradle.dependency.bundling=external, org.gradle.jvm.environment=standard-jvm, org.gradle.jvm.version=21, org.gradle.libraryelements=jar, org.gradle.usage=java-runtime}
2026-08-21T16:48:36.748-0300 [DEBUG] [org.gradle.internal.component.model.LoggingAttributeMatchingExplanationBuilder] Selected match {artifactType=jar, org.gradle.category=library, org.gradle.dependency.bundling=external, org.gradle.jvm.environment=standard-jvm, org.gradle.jvm.version=17, org.gradle.libraryelements=jar, org.gradle.status=release, org.gradle.usage=java-runtime, org.jetbrains.kotlin.platform.type=jvm} from candidates [{artifactType=jar, org.gradle.category=library, org.gradle.dependency.bundling=external, org.gradle.jvm.environment=standard-jvm, org.gradle.jvm.version=17, org.gradle.libraryelements=jar, org.gradle.status=release, org.gradle.usage=java-runtime, org.jetbrains.kotlin.platform.type=jvm}] for {org.gradle.category=library, org.gradle.dependency.bundling=external, org.gradle.jvm.environment=standard-jvm, org.gradle.jvm.version=21, org.gradle.libraryelements=jar, org.gradle.usage=java-runtime}
2026-08-21T16:48:36.748-0300 [DEBUG] [org.gradle.internal.component.model.LoggingAttributeMatchingExplanationBuilder] Selected match {artifactType=jar, org.gradle.category=library, org.gradle.libraryelements=jar, org.gradle.status=release, org.gradle.usage=java-runtime} from candidates [{artifactType=jar, org.gradle.category=library, org.gradle.libraryelements=jar, org.gradle.status=release, org.gradle.usage=java-runtime}] for {org.gradle.category=library, org.gradle.dependency.bundling=external, org.gradle.jvm.environment=standard-jvm, org.gradle.jvm.version=21, org.gradle.libraryelements=jar, org.gradle.usage=java-runtime}
2026-08-21T16:48:36.748-0300 [DEBUG] [org.gradle.internal.component.model.LoggingAttributeMatchingExplanationBuilder] Selected match {artifactType=jar, org.gradle.category=library, org.gradle.libraryelements=jar, org.gradle.status=release, org.gradle.usage=java-runtime} from candidates [{artifactType=jar, org.gradle.category=library, org.gradle.libraryelements=jar, org.gradle.status=release, org.gradle.usage=java-runtime}] for {org.gradle.category=library, org.gradle.dependency.bundling=external, org.gradle.jvm.environment=standard-jvm, org.gradle.jvm.version=21, org.gradle.libraryelements=jar, org.gradle.usage=java-runtime}
2026-08-21T16:48:36.748-0300 [DEBUG] [org.gradle.internal.component.model.LoggingAttributeMatchingExplanationBuilder] Selected match {artifactType=jar, org.gradle.category=library, org.gradle.dependency.bundling=external, org.gradle.libraryelements=jar, org.gradle.status=release, org.gradle.usage=java-runtime} from candidates [{artifactType=jar, org.gradle.category=library, org.gradle.dependency.bundling=external, org.gradle.libraryelements=jar, org.gradle.status=release, org.gradle.usage=java-runtime}] for {org.gradle.category=library, org.gradle.dependency.bundling=external, org.gradle.jvm.environment=standard-jvm, org.gradle.jvm.version=21, org.gradle.libraryelements=jar, org.gradle.usage=java-runtime}
2026-08-21T16:48:36.748-0300 [DEBUG] [org.gradle.internal.component.model.LoggingAttributeMatchingExplanationBuilder] Selected match {artifactType=jar, org.gradle.category=library, org.gradle.libraryelements=jar, org.gradle.status=release, org.gradle.usage=java-runtime} from candidates [{artifactType=jar, org.gradle.category=library, org.gradle.libraryelements=jar, org.gradle.status=release, org.gradle.usage=java-runtime}] for {org.gradle.category=library, org.gradle.dependency.bundling=external, org.gradle.jvm.environment=standard-jvm, org.gradle.jvm.version=21, org.gradle.libraryelements=jar, org.gradle.usage=java-runtime}
2026-08-21T16:48:36.748-0300 [DEBUG] [org.gradle.internal.component.model.LoggingAttributeMatchingExplanationBuilder] Selected match {artifactType=jar, org.gradle.category=library, org.gradle.libraryelements=jar, org.gradle.status=release, org.gradle.usage=java-runtime} from candidates [{artifactType=jar, org.gradle.category=library, org.gradle.libraryelements=jar, org.gradle.status=release, org.gradle.usage=java-runtime}] for {org.gradle.category=library, org.gradle.dependency.bundling=external, org.gradle.jvm.environment=standard-jvm, org.gradle.jvm.version=21, org.gradle.libraryelements=jar, org.gradle.usage=java-runtime}
2026-08-21T16:48:36.748-0300 [DEBUG] [org.gradle.internal.component.model.LoggingAttributeMatchingExplanationBuilder] Selected match {artifactType=jar, org.gradle.category=library, org.gradle.dependency.bundling=external, org.gradle.jvm.version=17, org.gradle.libraryelements=jar, org.gradle.status=release, org.gradle.usage=java-runtime} from candidates [{artifactType=jar, org.gradle.category=library, org.gradle.dependency.bundling=external, org.gradle.jvm.version=17, org.gradle.libraryelements=jar, org.gradle.status=release, org.gradle.usage=java-runtime}] for {org.gradle.category=library, org.gradle.dependency.bundling=external, org.gradle.jvm.environment=standard-jvm, org.gradle.jvm.version=21, org.gradle.libraryelements=jar, org.gradle.usage=java-runtime}
2026-08-21T16:48:36.748-0300 [DEBUG] [org.gradle.internal.component.model.LoggingAttributeMatchingExplanationBuilder] Selected match {artifactType=jar, org.gradle.category=library, org.gradle.dependency.bundling=external, org.gradle.libraryelements=jar, org.gradle.status=release, org.gradle.usage=java-runtime} from candidates [{artifactType=jar, org.gradle.category=library, org.gradle.dependency.bundling=external, org.gradle.libraryelements=jar, org.gradle.status=release, org.gradle.usage=java-runtime}] for {org.gradle.category=library, org.gradle.dependency.bundling=external, org.gradle.jvm.environment=standard-jvm, org.gradle.jvm.version=21, org.gradle.libraryelements=jar, org.gradle.usage=java-runtime}
2026-08-21T16:48:36.748-0300 [DEBUG] [org.gradle.internal.component.model.LoggingAttributeMatchingExplanationBuilder] Selected match {artifactType=jar, org.gradle.category=library, org.gradle.libraryelements=jar, org.gradle.status=release, org.gradle.usage=java-runtime} from candidates [{artifactType=jar, org.gradle.category=library, org.gradle.libraryelements=jar, org.gradle.status=release, org.gradle.usage=java-runtime}] for {org.gradle.category=library, org.gradle.dependency.bundling=external, org.gradle.jvm.environment=standard-jvm, org.gradle.jvm.version=21, org.gradle.libraryelements=jar, org.gradle.usage=java-runtime}
2026-08-21T16:48:36.748-0300 [DEBUG] [org.gradle.internal.component.model.LoggingAttributeMatchingExplanationBuilder] Selected match {artifactType=jar, org.gradle.category=library, org.gradle.libraryelements=jar, org.gradle.status=release, org.gradle.usage=java-runtime} from candidates [{artifactType=jar, org.gradle.category=library, org.gradle.libraryelements=jar, org.gradle.status=release, org.gradle.usage=java-runtime}] for {org.gradle.category=library, org.gradle.dependency.bundling=external, org.gradle.jvm.environment=standard-jvm, org.gradle.jvm.version=21, org.gradle.libraryelements=jar, org.gradle.usage=java-runtime}
2026-08-21T16:48:36.748-0300 [DEBUG] [org.gradle.internal.component.model.LoggingAttributeMatchingExplanationBuilder] Selected match {artifactType=jar, org.gradle.category=library, org.gradle.libraryelements=jar, org.gradle.status=release, org.gradle.usage=java-runtime} from candidates [{artifactType=jar, org.gradle.category=library, org.gradle.libraryelements=jar, org.gradle.status=release, org.gradle.usage=java-runtime}] for {org.gradle.category=library, org.gradle.dependency.bundling=external, org.gradle.jvm.environment=standard-jvm, org.gradle.jvm.version=21, org.gradle.libraryelements=jar, org.gradle.usage=java-runtime}
2026-08-21T16:48:36.748-0300 [DEBUG] [org.gradle.internal.component.model.LoggingAttributeMatchingExplanationBuilder] Selected match {artifactType=jar, org.gradle.category=library, org.gradle.libraryelements=jar, org.gradle.status=release, org.gradle.usage=java-runtime} from candidates [{artifactType=jar, org.gradle.category=library, org.gradle.libraryelements=jar, org.gradle.status=release, org.gradle.usage=java-runtime}] for {org.gradle.category=library, org.gradle.dependency.bundling=external, org.gradle.jvm.environment=standard-jvm, org.gradle.jvm.version=21, org.gradle.libraryelements=jar, org.gradle.usage=java-runtime}
2026-08-21T16:48:36.748-0300 [DEBUG] [org.gradle.internal.component.model.LoggingAttributeMatchingExplanationBuilder] Selected match {artifactType=jar, org.gradle.category=library, org.gradle.libraryelements=jar, org.gradle.status=release, org.gradle.usage=java-runtime} from candidates [{artifactType=jar, org.gradle.category=library, org.gradle.libraryelements=jar, org.gradle.status=release, org.gradle.usage=java-runtime}] for {org.gradle.category=library, org.gradle.dependency.bundling=external, org.gradle.jvm.environment=standard-jvm, org.gradle.jvm.version=21, org.gradle.libraryelements=jar, org.gradle.usage=java-runtime}
2026-08-21T16:48:36.748-0300 [DEBUG] [org.gradle.internal.component.model.LoggingAttributeMatchingExplanationBuilder] Selected match {artifactType=jar, org.gradle.category=library, org.gradle.libraryelements=jar, org.gradle.status=release, org.gradle.usage=java-runtime} from candidates [{artifactType=jar, org.gradle.category=library, org.gradle.libraryelements=jar, org.gradle.status=release, org.gradle.usage=java-runtime}] for {org.gradle.category=library, org.gradle.dependency.bundling=external, org.gradle.jvm.environment=standard-jvm, org.gradle.jvm.version=21, org.gradle.libraryelements=jar, org.gradle.usage=java-runtime}
2026-08-21T16:48:36.748-0300 [DEBUG] [org.gradle.internal.component.model.LoggingAttributeMatchingExplanationBuilder] Selected match {artifactType=jar, org.gradle.category=library, org.gradle.libraryelements=jar, org.gradle.status=release, org.gradle.usage=java-runtime} from candidates [{artifactType=jar, org.gradle.category=library, org.gradle.libraryelements=jar, org.gradle.status=release, org.gradle.usage=java-runtime}] for {org.gradle.category=library, org.gradle.dependency.bundling=external, org.gradle.jvm.environment=standard-jvm, org.gradle.jvm.version=21, org.gradle.libraryelements=jar, org.gradle.usage=java-runtime}
2026-08-21T16:48:36.748-0300 [DEBUG] [org.gradle.internal.component.model.LoggingAttributeMatchingExplanationBuilder] Selected match {artifactType=jar, org.gradle.category=library, org.gradle.libraryelements=jar, org.gradle.status=release, org.gradle.usage=java-runtime} from candidates [{artifactType=jar, org.gradle.category=library, org.gradle.libraryelements=jar, org.gradle.status=release, org.gradle.usage=java-runtime}] for {org.gradle.category=library, org.gradle.dependency.bundling=external, org.gradle.jvm.environment=standard-jvm, org.gradle.jvm.version=21, org.gradle.libraryelements=jar, org.gradle.usage=java-runtime}
2026-08-21T16:48:36.748-0300 [DEBUG] [org.gradle.internal.component.model.LoggingAttributeMatchingExplanationBuilder] Selected match {artifactType=jar, org.gradle.category=library, org.gradle.libraryelements=jar, org.gradle.status=release, org.gradle.usage=java-runtime} from candidates [{artifactType=jar, org.gradle.category=library, org.gradle.libraryelements=jar, org.gradle.status=release, org.gradle.usage=java-runtime}] for {org.gradle.category=library, org.gradle.dependency.bundling=external, org.gradle.jvm.environment=standard-jvm, org.gradle.jvm.version=21, org.gradle.libraryelements=jar, org.gradle.usage=java-runtime}
2026-08-21T16:48:36.748-0300 [DEBUG] [org.gradle.internal.component.model.LoggingAttributeMatchingExplanationBuilder] Selected match {artifactType=jar, org.gradle.category=library, org.gradle.libraryelements=jar, org.gradle.status=release, org.gradle.usage=java-runtime} from candidates [{artifactType=jar, org.gradle.category=library, org.gradle.libraryelements=jar, org.gradle.status=release, org.gradle.usage=java-runtime}] for {org.gradle.category=library, org.gradle.dependency.bundling=external, org.gradle.jvm.environment=standard-jvm, org.gradle.jvm.version=21, org.gradle.libraryelements=jar, org.gradle.usage=java-runtime}
2026-08-21T16:48:36.748-0300 [DEBUG] [org.gradle.internal.component.model.LoggingAttributeMatchingExplanationBuilder] Selected match {artifactType=jar, org.gradle.category=library, org.gradle.libraryelements=jar, org.gradle.status=release, org.gradle.usage=java-runtime} from candidates [{artifactType=jar, org.gradle.category=library, org.gradle.libraryelements=jar, org.gradle.status=release, org.gradle.usage=java-runtime}] for {org.gradle.category=library, org.gradle.dependency.bundling=external, org.gradle.jvm.environment=standard-jvm, org.gradle.jvm.version=21, org.gradle.libraryelements=jar, org.gradle.usage=java-runtime}
2026-08-21T16:48:36.748-0300 [DEBUG] [org.gradle.internal.component.model.LoggingAttributeMatchingExplanationBuilder] Selected match {artifactType=jar, org.gradle.category=library, org.gradle.libraryelements=jar, org.gradle.status=release, org.gradle.usage=java-runtime} from candidates [{artifactType=jar, org.gradle.category=library, org.gradle.libraryelements=jar, org.gradle.status=release, org.gradle.usage=java-runtime}] for {org.gradle.category=library, org.gradle.dependency.bundling=external, org.gradle.jvm.environment=standard-jvm, org.gradle.jvm.version=21, org.gradle.libraryelements=jar, org.gradle.usage=java-runtime}
2026-08-21T16:48:36.748-0300 [DEBUG] [org.gradle.internal.component.model.LoggingAttributeMatchingExplanationBuilder] Selected match {artifactType=jar, org.gradle.category=library, org.gradle.dependency.bundling=external, org.gradle.jvm.version=8, org.gradle.libraryelements=jar, org.gradle.status=release, org.gradle.usage=java-runtime} from candidates [{artifactType=jar, org.gradle.category=library, org.gradle.dependency.bundling=external, org.gradle.jvm.version=8, org.gradle.libraryelements=jar, org.gradle.status=release, org.gradle.usage=java-runtime}] for {org.gradle.category=library, org.gradle.dependency.bundling=external, org.gradle.jvm.environment=standard-jvm, org.gradle.jvm.version=21, org.gradle.libraryelements=jar, org.gradle.usage=java-runtime}
2026-08-21T16:48:36.749-0300 [DEBUG] [org.gradle.internal.component.model.LoggingAttributeMatchingExplanationBuilder] Selected match {artifactType=jar, org.gradle.category=library, org.gradle.libraryelements=jar, org.gradle.status=release, org.gradle.usage=java-runtime} from candidates [{artifactType=jar, org.gradle.category=library, org.gradle.libraryelements=jar, org.gradle.status=release, org.gradle.usage=java-runtime}] for {org.gradle.category=library, org.gradle.dependency.bundling=external, org.gradle.jvm.environment=standard-jvm, org.gradle.jvm.version=21, org.gradle.libraryelements=jar, org.gradle.usage=java-runtime}
2026-08-21T16:48:36.749-0300 [DEBUG] [org.gradle.internal.component.model.LoggingAttributeMatchingExplanationBuilder] Selected match {artifactType=jar, org.gradle.category=library, org.gradle.dependency.bundling=external, org.gradle.jvm.version=8, org.gradle.libraryelements=jar, org.gradle.status=release, org.gradle.usage=java-runtime} from candidates [{artifactType=jar, org.gradle.category=library, org.gradle.dependency.bundling=external, org.gradle.jvm.version=8, org.gradle.libraryelements=jar, org.gradle.status=release, org.gradle.usage=java-runtime}] for {org.gradle.category=library, org.gradle.dependency.bundling=external, org.gradle.jvm.environment=standard-jvm, org.gradle.jvm.version=21, org.gradle.libraryelements=jar, org.gradle.usage=java-runtime}
2026-08-21T16:48:36.749-0300 [DEBUG] [org.gradle.internal.component.model.LoggingAttributeMatchingExplanationBuilder] Selected match {artifactType=jar, org.gradle.category=library, org.gradle.dependency.bundling=external, org.gradle.jvm.version=6, org.gradle.libraryelements=jar, org.gradle.status=release, org.gradle.usage=java-runtime} from candidates [{artifactType=jar, org.gradle.category=library, org.gradle.dependency.bundling=external, org.gradle.jvm.version=6, org.gradle.libraryelements=jar, org.gradle.status=release, org.gradle.usage=java-runtime}] for {org.gradle.category=library, org.gradle.dependency.bundling=external, org.gradle.jvm.environment=standard-jvm, org.gradle.jvm.version=21, org.gradle.libraryelements=jar, org.gradle.usage=java-runtime}
2026-08-21T16:48:36.749-0300 [DEBUG] [org.gradle.internal.component.model.LoggingAttributeMatchingExplanationBuilder] Selected match {artifactType=jar, org.gradle.category=library, org.gradle.libraryelements=jar, org.gradle.status=release, org.gradle.usage=java-runtime} from candidates [{artifactType=jar, org.gradle.category=library, org.gradle.libraryelements=jar, org.gradle.status=release, org.gradle.usage=java-runtime}] for {org.gradle.category=library, org.gradle.dependency.bundling=external, org.gradle.jvm.environment=standard-jvm, org.gradle.jvm.version=21, org.gradle.libraryelements=jar, org.gradle.usage=java-runtime}
2026-08-21T16:48:36.749-0300 [DEBUG] [org.gradle.internal.component.model.LoggingAttributeMatchingExplanationBuilder] Selected match {artifactType=jar, org.gradle.category=library, org.gradle.dependency.bundling=external, org.gradle.libraryelements=jar, org.gradle.status=release, org.gradle.usage=java-runtime} from candidates [{artifactType=jar, org.gradle.category=library, org.gradle.dependency.bundling=external, org.gradle.libraryelements=jar, org.gradle.status=release, org.gradle.usage=java-runtime}] for {org.gradle.category=library, org.gradle.dependency.bundling=external, org.gradle.jvm.environment=standard-jvm, org.gradle.jvm.version=21, org.gradle.libraryelements=jar, org.gradle.usage=java-runtime}
2026-08-21T16:48:36.749-0300 [DEBUG] [org.gradle.internal.component.model.LoggingAttributeMatchingExplanationBuilder] Selected match {artifactType=jar, org.gradle.category=library, org.gradle.libraryelements=jar, org.gradle.status=release, org.gradle.usage=java-runtime} from candidates [{artifactType=jar, org.gradle.category=library, org.gradle.libraryelements=jar, org.gradle.status=release, org.gradle.usage=java-runtime}] for {org.gradle.category=library, org.gradle.dependency.bundling=external, org.gradle.jvm.environment=standard-jvm, org.gradle.jvm.version=21, org.gradle.libraryelements=jar, org.gradle.usage=java-runtime}
2026-08-21T16:48:36.749-0300 [DEBUG] [org.gradle.internal.component.model.LoggingAttributeMatchingExplanationBuilder] Selected match {artifactType=jar, org.gradle.category=library, org.gradle.libraryelements=jar, org.gradle.status=release, org.gradle.usage=java-runtime} from candidates [{artifactType=jar, org.gradle.category=library, org.gradle.libraryelements=jar, org.gradle.status=release, org.gradle.usage=java-runtime}] for {org.gradle.category=library, org.gradle.dependency.bundling=external, org.gradle.jvm.environment=standard-jvm, org.gradle.jvm.version=21, org.gradle.libraryelements=jar, org.gradle.usage=java-runtime}
2026-08-21T16:48:36.749-0300 [DEBUG] [org.gradle.internal.component.model.LoggingAttributeMatchingExplanationBuilder] Selected match {artifactType=jar, org.gradle.category=library, org.gradle.libraryelements=jar, org.gradle.status=release, org.gradle.usage=java-runtime} from candidates [{artifactType=jar, org.gradle.category=library, org.gradle.libraryelements=jar, org.gradle.status=release, org.gradle.usage=java-runtime}] for {org.gradle.category=library, org.gradle.dependency.bundling=external, org.gradle.jvm.environment=standard-jvm, org.gradle.jvm.version=21, org.gradle.libraryelements=jar, org.gradle.usage=java-runtime}
2026-08-21T16:48:36.749-0300 [DEBUG] [org.gradle.internal.component.model.LoggingAttributeMatchingExplanationBuilder] Selected match {artifactType=jar, org.gradle.category=library, org.gradle.libraryelements=jar, org.gradle.status=release, org.gradle.usage=java-runtime} from candidates [{artifactType=jar, org.gradle.category=library, org.gradle.libraryelements=jar, org.gradle.status=release, org.gradle.usage=java-runtime}] for {org.gradle.category=library, org.gradle.dependency.bundling=external, org.gradle.jvm.environment=standard-jvm, org.gradle.jvm.version=21, org.gradle.libraryelements=jar, org.gradle.usage=java-runtime}
2026-08-21T16:48:36.749-0300 [DEBUG] [org.gradle.internal.component.model.LoggingAttributeMatchingExplanationBuilder] Selected match {artifactType=jar, org.gradle.category=library, org.gradle.libraryelements=jar, org.gradle.status=release, org.gradle.usage=java-runtime} from candidates [{artifactType=jar, org.gradle.category=library, org.gradle.libraryelements=jar, org.gradle.status=release, org.gradle.usage=java-runtime}] for {org.gradle.category=library, org.gradle.dependency.bundling=external, org.gradle.jvm.environment=standard-jvm, org.gradle.jvm.version=21, org.gradle.libraryelements=jar, org.gradle.usage=java-runtime}
2026-08-21T16:48:36.749-0300 [DEBUG] [org.gradle.internal.component.model.LoggingAttributeMatchingExplanationBuilder] Selected match {artifactType=jar, org.gradle.category=library, org.gradle.libraryelements=jar, org.gradle.status=release, org.gradle.usage=java-runtime} from candidates [{artifactType=jar, org.gradle.category=library, org.gradle.libraryelements=jar, org.gradle.status=release, org.gradle.usage=java-runtime}] for {org.gradle.category=library, org.gradle.dependency.bundling=external, org.gradle.jvm.environment=standard-jvm, org.gradle.jvm.version=21, org.gradle.libraryelements=jar, org.gradle.usage=java-runtime}
2026-08-21T16:48:36.749-0300 [DEBUG] [org.gradle.internal.component.model.LoggingAttributeMatchingExplanationBuilder] Selected match {artifactType=jar, org.gradle.category=library, org.gradle.libraryelements=jar, org.gradle.status=release, org.gradle.usage=java-runtime} from candidates [{artifactType=jar, org.gradle.category=library, org.gradle.libraryelements=jar, org.gradle.status=release, org.gradle.usage=java-runtime}] for {org.gradle.category=library, org.gradle.dependency.bundling=external, org.gradle.jvm.environment=standard-jvm, org.gradle.jvm.version=21, org.gradle.libraryelements=jar, org.gradle.usage=java-runtime}
2026-08-21T16:48:36.749-0300 [DEBUG] [org.gradle.internal.component.model.LoggingAttributeMatchingExplanationBuilder] Selected match {artifactType=jar, org.gradle.category=library, org.gradle.libraryelements=jar, org.gradle.status=release, org.gradle.usage=java-runtime} from candidates [{artifactType=jar, org.gradle.category=library, org.gradle.libraryelements=jar, org.gradle.status=release, org.gradle.usage=java-runtime}] for {org.gradle.category=library, org.gradle.dependency.bundling=external, org.gradle.jvm.environment=standard-jvm, org.gradle.jvm.version=21, org.gradle.libraryelements=jar, org.gradle.usage=java-runtime}
2026-08-21T16:48:36.749-0300 [DEBUG] [org.gradle.internal.component.model.LoggingAttributeMatchingExplanationBuilder] Selected match {artifactType=jar, org.gradle.category=library, org.gradle.libraryelements=jar, org.gradle.status=release, org.gradle.usage=java-runtime} from candidates [{artifactType=jar, org.gradle.category=library, org.gradle.libraryelements=jar, org.gradle.status=release, org.gradle.usage=java-runtime}] for {org.gradle.category=library, org.gradle.dependency.bundling=external, org.gradle.jvm.environment=standard-jvm, org.gradle.jvm.version=21, org.gradle.libraryelements=jar, org.gradle.usage=java-runtime}
2026-08-21T16:48:36.749-0300 [DEBUG] [org.gradle.internal.component.model.LoggingAttributeMatchingExplanationBuilder] Selected match {artifactType=jar, org.gradle.category=library, org.gradle.libraryelements=jar, org.gradle.status=release, org.gradle.usage=java-runtime} from candidates [{artifactType=jar, org.gradle.category=library, org.gradle.libraryelements=jar, org.gradle.status=release, org.gradle.usage=java-runtime}] for {org.gradle.category=library, org.gradle.dependency.bundling=external, org.gradle.jvm.environment=standard-jvm, org.gradle.jvm.version=21, org.gradle.libraryelements=jar, org.gradle.usage=java-runtime}
2026-08-21T16:48:36.749-0300 [DEBUG] [org.gradle.internal.component.model.LoggingAttributeMatchingExplanationBuilder] Selected match {artifactType=jar, org.gradle.category=library, org.gradle.libraryelements=jar, org.gradle.status=release, org.gradle.usage=java-runtime} from candidates [{artifactType=jar, org.gradle.category=library, org.gradle.libraryelements=jar, org.gradle.status=release, org.gradle.usage=java-runtime}] for {org.gradle.category=library, org.gradle.dependency.bundling=external, org.gradle.jvm.environment=standard-jvm, org.gradle.jvm.version=21, org.gradle.libraryelements=jar, org.gradle.usage=java-runtime}
2026-08-21T16:48:36.749-0300 [DEBUG] [org.gradle.internal.component.model.LoggingAttributeMatchingExplanationBuilder] Selected match {artifactType=jar, org.gradle.category=library, org.gradle.libraryelements=jar, org.gradle.status=release, org.gradle.usage=java-runtime} from candidates [{artifactType=jar, org.gradle.category=library, org.gradle.libraryelements=jar, org.gradle.status=release, org.gradle.usage=java-runtime}] for {org.gradle.category=library, org.gradle.dependency.bundling=external, org.gradle.jvm.environment=standard-jvm, org.gradle.jvm.version=21, org.gradle.libraryelements=jar, org.gradle.usage=java-runtime}
2026-08-21T16:48:36.749-0300 [DEBUG] [org.gradle.internal.component.model.LoggingAttributeMatchingExplanationBuilder] Selected match {artifactType=jar, org.gradle.category=library, org.gradle.libraryelements=jar, org.gradle.status=release, org.gradle.usage=java-runtime} from candidates [{artifactType=jar, org.gradle.category=library, org.gradle.libraryelements=jar, org.gradle.status=release, org.gradle.usage=java-runtime}] for {org.gradle.category=library, org.gradle.dependency.bundling=external, org.gradle.jvm.environment=standard-jvm, org.gradle.jvm.version=21, org.gradle.libraryelements=jar, org.gradle.usage=java-runtime}
2026-08-21T16:48:36.749-0300 [DEBUG] [org.gradle.internal.component.model.LoggingAttributeMatchingExplanationBuilder] Selected match {artifactType=jar, org.gradle.category=library, org.gradle.libraryelements=jar, org.gradle.status=release, org.gradle.usage=java-runtime} from candidates [{artifactType=jar, org.gradle.category=library, org.gradle.libraryelements=jar, org.gradle.status=release, org.gradle.usage=java-runtime}] for {org.gradle.category=library, org.gradle.dependency.bundling=external, org.gradle.jvm.environment=standard-jvm, org.gradle.jvm.version=21, org.gradle.libraryelements=jar, org.gradle.usage=java-runtime}
2026-08-21T16:48:36.749-0300 [DEBUG] [org.gradle.internal.component.model.LoggingAttributeMatchingExplanationBuilder] Selected match {artifactType=jar, org.gradle.category=library, org.gradle.libraryelements=jar, org.gradle.status=release, org.gradle.usage=java-runtime} from candidates [{artifactType=jar, org.gradle.category=library, org.gradle.libraryelements=jar, org.gradle.status=release, org.gradle.usage=java-runtime}] for {org.gradle.category=library, org.gradle.dependency.bundling=external, org.gradle.jvm.environment=standard-jvm, org.gradle.jvm.version=21, org.gradle.libraryelements=jar, org.gradle.usage=java-runtime}
2026-08-21T16:48:36.749-0300 [DEBUG] [org.gradle.internal.component.model.LoggingAttributeMatchingExplanationBuilder] Selected match {artifactType=jar, org.gradle.category=library, org.gradle.libraryelements=jar, org.gradle.status=release, org.gradle.usage=java-runtime} from candidates [{artifactType=jar, org.gradle.category=library, org.gradle.libraryelements=jar, org.gradle.status=release, org.gradle.usage=java-runtime}] for {org.gradle.category=library, org.gradle.dependency.bundling=external, org.gradle.jvm.environment=standard-jvm, org.gradle.jvm.version=21, org.gradle.libraryelements=jar, org.gradle.usage=java-runtime}
2026-08-21T16:48:36.749-0300 [DEBUG] [org.gradle.internal.component.model.LoggingAttributeMatchingExplanationBuilder] Selected match {artifactType=jar, org.gradle.category=library, org.gradle.dependency.bundling=external, org.gradle.jvm.version=17, org.gradle.libraryelements=jar, org.gradle.status=release, org.gradle.usage=java-runtime} from candidates [{artifactType=jar, org.gradle.category=library, org.gradle.dependency.bundling=external, org.gradle.jvm.version=17, org.gradle.libraryelements=jar, org.gradle.status=release, org.gradle.usage=java-runtime}] for {org.gradle.category=library, org.gradle.dependency.bundling=external, org.gradle.jvm.environment=standard-jvm, org.gradle.jvm.version=21, org.gradle.libraryelements=jar, org.gradle.usage=java-runtime}
2026-08-21T16:48:36.749-0300 [DEBUG] [org.gradle.internal.component.model.LoggingAttributeMatchingExplanationBuilder] Selected match {artifactType=jar, org.gradle.category=library, org.gradle.libraryelements=jar, org.gradle.status=release, org.gradle.usage=java-runtime} from candidates [{artifactType=jar, org.gradle.category=library, org.gradle.libraryelements=jar, org.gradle.status=release, org.gradle.usage=java-runtime}] for {org.gradle.category=library, org.gradle.dependency.bundling=external, org.gradle.jvm.environment=standard-jvm, org.gradle.jvm.version=21, org.gradle.libraryelements=jar, org.gradle.usage=java-runtime}
2026-08-21T16:48:36.749-0300 [DEBUG] [org.gradle.internal.component.model.LoggingAttributeMatchingExplanationBuilder] Selected match {artifactType=jar, org.gradle.category=library, org.gradle.libraryelements=jar, org.gradle.status=release, org.gradle.usage=java-runtime} from candidates [{artifactType=jar, org.gradle.category=library, org.gradle.libraryelements=jar, org.gradle.status=release, org.gradle.usage=java-runtime}] for {org.gradle.category=library, org.gradle.dependency.bundling=external, org.gradle.jvm.environment=standard-jvm, org.gradle.jvm.version=21, org.gradle.libraryelements=jar, org.gradle.usage=java-runtime}
2026-08-21T16:48:36.749-0300 [DEBUG] [org.gradle.internal.component.model.LoggingAttributeMatchingExplanationBuilder] Selected match {artifactType=jar, org.gradle.category=library, org.gradle.libraryelements=jar, org.gradle.status=release, org.gradle.usage=java-runtime} from candidates [{artifactType=jar, org.gradle.category=library, org.gradle.libraryelements=jar, org.gradle.status=release, org.gradle.usage=java-runtime}] for {org.gradle.category=library, org.gradle.dependency.bundling=external, org.gradle.jvm.environment=standard-jvm, org.gradle.jvm.version=21, org.gradle.libraryelements=jar, org.gradle.usage=java-runtime}
2026-08-21T16:48:36.749-0300 [DEBUG] [org.gradle.internal.component.model.LoggingAttributeMatchingExplanationBuilder] Selected match {artifactType=jar, org.gradle.category=library, org.gradle.libraryelements=jar, org.gradle.status=release, org.gradle.usage=java-runtime} from candidates [{artifactType=jar, org.gradle.category=library, org.gradle.libraryelements=jar, org.gradle.status=release, org.gradle.usage=java-runtime}] for {org.gradle.category=library, org.gradle.dependency.bundling=external, org.gradle.jvm.environment=standard-jvm, org.gradle.jvm.version=21, org.gradle.libraryelements=jar, org.gradle.usage=java-runtime}
2026-08-21T16:48:36.749-0300 [DEBUG] [org.gradle.internal.component.model.LoggingAttributeMatchingExplanationBuilder] Selected match {artifactType=jar, org.gradle.category=library, org.gradle.libraryelements=jar, org.gradle.status=release, org.gradle.usage=java-runtime} from candidates [{artifactType=jar, org.gradle.category=library, org.gradle.libraryelements=jar, org.gradle.status=release, org.gradle.usage=java-runtime}] for {org.gradle.category=library, org.gradle.dependency.bundling=external, org.gradle.jvm.environment=standard-jvm, org.gradle.jvm.version=21, org.gradle.libraryelements=jar, org.gradle.usage=java-runtime}
2026-08-21T16:48:36.749-0300 [DEBUG] [org.gradle.internal.component.model.LoggingAttributeMatchingExplanationBuilder] Selected match {artifactType=jar, org.gradle.category=library, org.gradle.libraryelements=jar, org.gradle.status=release, org.gradle.usage=java-runtime} from candidates [{artifactType=jar, org.gradle.category=library, org.gradle.libraryelements=jar, org.gradle.status=release, org.gradle.usage=java-runtime}] for {org.gradle.category=library, org.gradle.dependency.bundling=external, org.gradle.jvm.environment=standard-jvm, org.gradle.jvm.version=21, org.gradle.libraryelements=jar, org.gradle.usage=java-runtime}
2026-08-21T16:48:36.749-0300 [DEBUG] [org.gradle.internal.resources.AbstractTrackedResourceLock] Build operations: acquired lock on worker lease
2026-08-21T16:48:36.749-0300 [DEBUG] [org.gradle.internal.resources.AbstractTrackedResourceLock] Build operations Thread 11: acquired lock on worker lease
2026-08-21T16:48:36.749-0300 [DEBUG] [org.gradle.api.internal.artifacts.ivyservice.ivyresolve.CachingModuleComponentRepository] Found artifact 'postgresql-42.7.11.jar (org.postgresql:postgresql:42.7.11)' in resolver cache: /Users/claratorres1414/.gradle/caches/modules-2/files-2.1/org.postgresql/postgresql/42.7.11/4c21cdd1b3938f400703716d37c4e8ca4d332808/postgresql-42.7.11.jar
2026-08-21T16:48:36.750-0300 [DEBUG] [org.gradle.internal.operations.DefaultBuildOperationRunner] Build operation 'Resolve postgresql-42.7.11.jar (org.postgresql:postgresql:42.7.11)' completed
2026-08-21T16:48:36.749-0300 [DEBUG] [org.gradle.internal.resources.AbstractTrackedResourceLock] Build operations Thread 3: acquired lock on worker lease
2026-08-21T16:48:36.750-0300 [DEBUG] [org.gradle.api.internal.artifacts.ivyservice.ivyresolve.CachingModuleComponentRepository] Found artifact 'org.gradle.internal.component.external.model.UrlBackedArtifactMetadata@55d7db65' in resolver cache: /Users/claratorres1414/.gradle/caches/modules-2/files-2.1/org.junit.platform/junit-platform-launcher/6.0.3/4a721cdd640ebdaa4c6850f5eee0b0377cf698b0/junit-platform-launcher-6.0.3.jar
2026-08-21T16:48:36.750-0300 [DEBUG] [org.gradle.internal.operations.DefaultBuildOperationRunner] Build operation 'Resolve junit-platform-launcher-6.0.3.jar (org.junit.platform:junit-platform-launcher:6.0.3)' completed
2026-08-21T16:48:36.750-0300 [DEBUG] [org.gradle.api.internal.artifacts.ivyservice.ivyresolve.CachingModuleComponentRepository] Found artifact 'org.gradle.internal.component.external.model.UrlBackedArtifactMetadata@4f683e10' in resolver cache: /Users/claratorres1414/.gradle/caches/modules-2/files-2.1/org.junit.platform/junit-platform-engine/6.0.3/101305612e7daa4ce978d3ba73fd02dd4a5f22d9/junit-platform-engine-6.0.3.jar
2026-08-21T16:48:36.750-0300 [DEBUG] [org.gradle.internal.operations.DefaultBuildOperationRunner] Build operation 'Resolve junit-platform-engine-6.0.3.jar (org.junit.platform:junit-platform-engine:6.0.3)' completed
2026-08-21T16:48:36.749-0300 [DEBUG] [org.gradle.api.internal.artifacts.ivyservice.ivyresolve.CachingModuleComponentRepository] Found artifact 'org.gradle.internal.component.external.model.UrlBackedArtifactMetadata@1c2372f4' in resolver cache: /Users/claratorres1414/.gradle/caches/modules-2/files-2.1/org.junit.jupiter/junit-jupiter-engine/6.0.3/e26f7e17d06cfc85ba7643b5ad00c87d5f2084dd/junit-jupiter-engine-6.0.3.jar
2026-08-21T16:48:36.750-0300 [DEBUG] [org.gradle.internal.operations.DefaultBuildOperationRunner] Build operation 'Resolve junit-jupiter-engine-6.0.3.jar (org.junit.jupiter:junit-jupiter-engine:6.0.3)' completed
2026-08-21T16:48:36.750-0300 [DEBUG] [org.gradle.api.internal.artifacts.ivyservice.ivyresolve.CachingModuleComponentRepository] Found artifact 'org.gradle.internal.component.external.model.UrlBackedArtifactMetadata@54be04ff' in resolver cache: /Users/claratorres1414/.gradle/caches/modules-2/files-2.1/org.springframework.boot/spring-boot-netty/4.1.0/b570590821eda412d77a1f815007037c6652dc7e/spring-boot-netty-4.1.0.jar
2026-08-21T16:48:36.750-0300 [DEBUG] [org.gradle.internal.operations.DefaultBuildOperationRunner] Build operation 'Resolve spring-boot-netty-4.1.0.jar (org.springframework.boot:spring-boot-netty:4.1.0)' completed
2026-08-21T16:48:36.750-0300 [DEBUG] [org.gradle.api.internal.artifacts.ivyservice.ivyresolve.CachingModuleComponentRepository] Found artifact 'jaxb-core-4.0.9.jar (org.glassfish.jaxb:jaxb-core:4.0.9)' in resolver cache: /Users/claratorres1414/.gradle/caches/modules-2/files-2.1/org.glassfish.jaxb/jaxb-core/4.0.9/3f32ec949d109d666fa30994223d1c25a47b105f/jaxb-core-4.0.9.jar
2026-08-21T16:48:36.750-0300 [DEBUG] [org.gradle.internal.operations.DefaultBuildOperationRunner] Build operation 'Resolve jaxb-core-4.0.9.jar (org.glassfish.jaxb:jaxb-core:4.0.9)' completed
2026-08-21T16:48:36.750-0300 [DEBUG] [org.gradle.internal.resources.AbstractTrackedResourceLock] Build operations Thread 7: acquired lock on worker lease
2026-08-21T16:48:36.750-0300 [DEBUG] [org.gradle.internal.resources.AbstractTrackedResourceLock] Build operations Thread 2: acquired lock on worker lease
2026-08-21T16:48:36.750-0300 [DEBUG] [org.gradle.api.internal.artifacts.ivyservice.ivyresolve.CachingModuleComponentRepository] Found artifact 'org.gradle.internal.component.external.model.UrlBackedArtifactMetadata@151071b' in resolver cache: /Users/claratorres1414/.gradle/caches/modules-2/files-2.1/org.hibernate.models/hibernate-models/1.1.1/c890a4cc781fd8720e0e2613b4a24b33cdaa80a1/hibernate-models-1.1.1.jar
2026-08-21T16:48:36.750-0300 [DEBUG] [org.gradle.internal.operations.DefaultBuildOperationRunner] Build operation 'Resolve hibernate-models-1.1.1.jar (org.hibernate.models:hibernate-models:1.1.1)' completed
2026-08-21T16:48:36.750-0300 [DEBUG] [org.gradle.api.internal.artifacts.ivyservice.ivyresolve.CachingModuleComponentRepository] Found artifact 'objenesis-3.3.jar (org.objenesis:objenesis:3.3)' in resolver cache: /Users/claratorres1414/.gradle/caches/modules-2/files-2.1/org.objenesis/objenesis/3.3/1049c09f1de4331e8193e579448d0916d75b7631/objenesis-3.3.jar
2026-08-21T16:48:36.750-0300 [DEBUG] [org.gradle.internal.operations.DefaultBuildOperationRunner] Build operation 'Resolve objenesis-3.3.jar (org.objenesis:objenesis:3.3)' completed
2026-08-21T16:48:36.750-0300 [DEBUG] [org.gradle.api.internal.artifacts.ivyservice.ivyresolve.CachingModuleComponentRepository] Found artifact 'angus-activation-2.0.3.jar (org.eclipse.angus:angus-activation:2.0.3)' in resolver cache: /Users/claratorres1414/.gradle/caches/modules-2/files-2.1/org.eclipse.angus/angus-activation/2.0.3/7f80607ea5014fef0b1779e6c33d63a88a45a563/angus-activation-2.0.3.jar
2026-08-21T16:48:36.750-0300 [DEBUG] [org.gradle.internal.operations.DefaultBuildOperationRunner] Build operation 'Resolve angus-activation-2.0.3.jar (org.eclipse.angus:angus-activation:2.0.3)' completed
2026-08-21T16:48:36.750-0300 [DEBUG] [org.gradle.api.internal.artifacts.ivyservice.ivyresolve.CachingModuleComponentRepository] Found artifact 'istack-commons-runtime-4.1.2.jar (com.sun.istack:istack-commons-runtime:4.1.2)' in resolver cache: /Users/claratorres1414/.gradle/caches/modules-2/files-2.1/com.sun.istack/istack-commons-runtime/4.1.2/18ec117c85f3ba0ac65409136afa8e42bc74e739/istack-commons-runtime-4.1.2.jar
2026-08-21T16:48:36.751-0300 [DEBUG] [org.gradle.internal.operations.DefaultBuildOperationRunner] Build operation 'Resolve istack-commons-runtime-4.1.2.jar (com.sun.istack:istack-commons-runtime:4.1.2)' completed
2026-08-21T16:48:36.750-0300 [DEBUG] [org.gradle.api.internal.artifacts.ivyservice.ivyresolve.CachingModuleComponentRepository] Found artifact 'txw2-4.0.9.jar (org.glassfish.jaxb:txw2:4.0.9)' in resolver cache: /Users/claratorres1414/.gradle/caches/modules-2/files-2.1/org.glassfish.jaxb/txw2/4.0.9/70325ebdebca3e7aae1dfa395fd41fc25d8a6f4e/txw2-4.0.9.jar
2026-08-21T16:48:36.751-0300 [DEBUG] [org.gradle.internal.operations.DefaultBuildOperationRunner] Build operation 'Resolve txw2-4.0.9.jar (org.glassfish.jaxb:txw2:4.0.9)' completed
2026-08-21T16:48:36.750-0300 [DEBUG] [org.gradle.api.internal.artifacts.ivyservice.ivyresolve.CachingModuleComponentRepository] Found artifact 'jboss-logging-3.6.3.Final.jar (org.jboss.logging:jboss-logging:3.6.3.Final)' in resolver cache: /Users/claratorres1414/.gradle/caches/modules-2/files-2.1/org.jboss.logging/jboss-logging/3.6.3.Final/1cc9f976725720bb4a66f80af3e3aa6b9890d969/jboss-logging-3.6.3.Final.jar
2026-08-21T16:48:36.751-0300 [DEBUG] [org.gradle.internal.operations.DefaultBuildOperationRunner] Build operation 'Resolve jboss-logging-3.6.3.Final.jar (org.jboss.logging:jboss-logging:3.6.3.Final)' completed
2026-08-21T16:48:36.750-0300 [DEBUG] [org.gradle.api.internal.artifacts.ivyservice.ivyresolve.CachingModuleComponentRepository] Found artifact 'jakarta.inject-api-2.0.1.jar (jakarta.inject:jakarta.inject-api:2.0.1)' in resolver cache: /Users/claratorres1414/.gradle/caches/modules-2/files-2.1/jakarta.inject/jakarta.inject-api/2.0.1/4c28afe1991a941d7702fe1362c365f0a8641d1e/jakarta.inject-api-2.0.1.jar
2026-08-21T16:48:36.751-0300 [DEBUG] [org.gradle.internal.operations.DefaultBuildOperationRunner] Build operation 'Resolve jakarta.inject-api-2.0.1.jar (jakarta.inject:jakarta.inject-api:2.0.1)' completed
2026-08-21T16:48:36.750-0300 [DEBUG] [org.gradle.internal.resources.AbstractTrackedResourceLock] Build operations Thread 12: acquired lock on worker lease
2026-08-21T16:48:36.750-0300 [DEBUG] [org.gradle.api.internal.artifacts.ivyservice.ivyresolve.CachingModuleComponentRepository] Found artifact 'jaxb-runtime-4.0.9.jar (org.glassfish.jaxb:jaxb-runtime:4.0.9)' in resolver cache: /Users/claratorres1414/.gradle/caches/modules-2/files-2.1/org.glassfish.jaxb/jaxb-runtime/4.0.9/500c199572538675d2819c938fbafe34935d8d6b/jaxb-runtime-4.0.9.jar
2026-08-21T16:48:36.751-0300 [DEBUG] [org.gradle.internal.operations.DefaultBuildOperationRunner] Build operation 'Resolve jaxb-runtime-4.0.9.jar (org.glassfish.jaxb:jaxb-runtime:4.0.9)' completed
2026-08-21T16:48:36.751-0300 [DEBUG] [org.gradle.internal.resources.AbstractTrackedResourceLock] Build operations Thread 12: released lock on worker lease
2026-08-21T16:48:36.751-0300 [DEBUG] [org.gradle.internal.resources.AbstractTrackedResourceLock] Build operations Thread 10: acquired lock on worker lease
2026-08-21T16:48:36.751-0300 [DEBUG] [org.gradle.internal.resources.AbstractTrackedResourceLock] Build operations Thread 10: released lock on worker lease
2026-08-21T16:48:36.751-0300 [DEBUG] [org.gradle.internal.resources.AbstractTrackedResourceLock] Build operations Thread 4: acquired lock on worker lease
2026-08-21T16:48:36.751-0300 [DEBUG] [org.gradle.internal.resources.AbstractTrackedResourceLock] Build operations Thread 4: released lock on worker lease
2026-08-21T16:48:36.751-0300 [DEBUG] [org.gradle.internal.resources.AbstractTrackedResourceLock] Build operations Thread 9: acquired lock on worker lease
2026-08-21T16:48:36.751-0300 [DEBUG] [org.gradle.internal.resources.AbstractTrackedResourceLock] Build operations Thread 9: released lock on worker lease
2026-08-21T16:48:36.751-0300 [DEBUG] [org.gradle.internal.resources.AbstractTrackedResourceLock] Build operations Thread 6: acquired lock on worker lease
2026-08-21T16:48:36.751-0300 [DEBUG] [org.gradle.internal.resources.AbstractTrackedResourceLock] Build operations Thread 6: released lock on worker lease
2026-08-21T16:48:36.751-0300 [DEBUG] [org.gradle.internal.resources.AbstractTrackedResourceLock] Build operations Thread 8: acquired lock on worker lease
2026-08-21T16:48:36.751-0300 [DEBUG] [org.gradle.internal.resources.AbstractTrackedResourceLock] Build operations Thread 8: released lock on worker lease
2026-08-21T16:48:36.752-0300 [DEBUG] [org.gradle.internal.resources.AbstractTrackedResourceLock] Build operations Thread 3: released lock on worker lease
2026-08-21T16:48:36.752-0300 [DEBUG] [org.gradle.internal.resources.AbstractTrackedResourceLock] Build operations Thread 2: released lock on worker lease
2026-08-21T16:48:36.752-0300 [DEBUG] [org.gradle.internal.resources.AbstractTrackedResourceLock] Build operations Thread 7: released lock on worker lease
2026-08-21T16:48:36.752-0300 [DEBUG] [org.gradle.internal.resources.AbstractTrackedResourceLock] Execution worker Thread 2: released lock on state of build :
2026-08-21T16:48:36.752-0300 [DEBUG] [org.gradle.internal.resources.AbstractTrackedResourceLock] Execution worker Thread 2: released lock on worker lease
2026-08-21T16:48:36.752-0300 [DEBUG] [org.gradle.internal.resources.AbstractTrackedResourceLock] Build operations Thread 11: released lock on worker lease
2026-08-21T16:48:36.752-0300 [DEBUG] [org.gradle.internal.resources.AbstractTrackedResourceLock] Build operations: released lock on worker lease
2026-08-21T16:48:36.752-0300 [DEBUG] [org.gradle.internal.resources.AbstractTrackedResourceLock] Execution worker Thread 2: acquired lock on state of build :
2026-08-21T16:48:36.752-0300 [DEBUG] [org.gradle.internal.resources.AbstractTrackedResourceLock] Execution worker Thread 2: acquired lock on worker lease
2026-08-21T16:48:36.753-0300 [DEBUG] [org.gradle.internal.operations.DefaultBuildOperationRunner] Build operation 'Resolve files of configuration ':testRuntimeClasspath'' completed
2026-08-21T16:48:36.753-0300 [DEBUG] [org.gradle.internal.operations.DefaultBuildOperationRunner] Build operation 'Snapshot inputs and outputs before executing task ':test'' completed
2026-08-21T16:48:36.754-0300 [INFO] [org.gradle.internal.execution.steps.AbstractResolveCachingStateStep] Caching disabled for task ':test' because:
  Build cache is disabled
2026-08-21T16:48:36.754-0300 [DEBUG] [org.gradle.internal.operations.DefaultBuildOperationRunner] Build operation 'Snapshot task inputs for :test' completed
2026-08-21T16:48:36.754-0300 [DEBUG] [org.gradle.internal.execution.steps.SkipUpToDateStep] Determining if task ':test' is up-to-date
2026-08-21T16:48:36.754-0300 [INFO] [org.gradle.internal.execution.steps.SkipUpToDateStep] Task ':test' is not up-to-date because:
  Task has failed previously.
2026-08-21T16:48:36.754-0300 [DEBUG] [org.gradle.internal.vfs.impl.AbstractVirtualFileSystem] Invalidating VFS paths: [/Users/claratorres1414/Desktop/spring-bootstrap/build/test-results/test/binary, /Users/claratorres1414/Desktop/spring-bootstrap/build/reports/tests/test, /Users/claratorres1414/Desktop/spring-bootstrap/build/test-results/test]
2026-08-21T16:48:36.754-0300 [DEBUG] [org.gradle.internal.execution.steps.PreCreateOutputParentsStep] Ensuring directory exists for property binaryResultsDirectory at /Users/claratorres1414/Desktop/spring-bootstrap/build/test-results/test/binary
2026-08-21T16:48:36.754-0300 [DEBUG] [org.gradle.internal.execution.steps.PreCreateOutputParentsStep] Ensuring directory exists for property reports.enabledReports.html.outputLocation at /Users/claratorres1414/Desktop/spring-bootstrap/build/reports/tests/test
2026-08-21T16:48:36.754-0300 [DEBUG] [org.gradle.internal.execution.steps.PreCreateOutputParentsStep] Ensuring directory exists for property reports.enabledReports.junitXml.outputLocation at /Users/claratorres1414/Desktop/spring-bootstrap/build/test-results/test
2026-08-21T16:48:36.754-0300 [DEBUG] [org.gradle.api.internal.tasks.execution.TaskExecution] Executing actions for task ':test'.
2026-08-21T16:48:36.756-0300 [DEBUG] [org.gradle.internal.file.impl.DefaultDeleter] Deleting /Users/claratorres1414/Desktop/spring-bootstrap/build/test-results/test/binary
2026-08-21T16:48:36.756-0300 [DEBUG] [org.gradle.internal.operations.DefaultBuildOperationRunner] Build operation 'Resolve files of configuration ':testRuntimeClasspath'' completed
2026-08-21T16:48:36.757-0300 [DEBUG] [TestEventLogger] 
2026-08-21T16:48:36.757-0300 [DEBUG] [TestEventLogger] Gradle Test Run :test STARTED
2026-08-21T16:48:36.758-0300 [DEBUG] [org.gradle.internal.resources.AbstractTrackedResourceLock] Execution worker Thread 2: released lock on state of build :
2026-08-21T16:48:36.758-0300 [DEBUG] [org.gradle.internal.resources.AbstractTrackedResourceLock] Execution worker Thread 2: released lock on worker lease
2026-08-21T16:48:36.758-0300 [DEBUG] [org.gradle.internal.resources.AbstractTrackedResourceLock] Dispatch org.gradle.api.internal.tasks.testing.processors.RestartEveryNTestDefinitionProcessor@2db5a002: acquired lock on worker lease
2026-08-21T16:48:36.761-0300 [DEBUG] [org.gradle.internal.remote.internal.inet.TcpIncomingConnector] Listening on [0b5cd3f6-a408-4af9-9152-fcad1482cab0 port:50519, addresses:[localhost/127.0.0.1]].
2026-08-21T16:48:36.761-0300 [DEBUG] [org.gradle.process.internal.worker.DefaultWorkerProcessBuilder] Creating Gradle Test Executor 7
2026-08-21T16:48:36.761-0300 [DEBUG] [org.gradle.process.internal.worker.DefaultWorkerProcessBuilder] Using application classpath [/Users/claratorres1414/Desktop/spring-bootstrap/build/classes/java/test, /Users/claratorres1414/Desktop/spring-bootstrap/build/classes/java/main, /Users/claratorres1414/Desktop/spring-bootstrap/build/resources/main, /Users/claratorres1414/.gradle/caches/modules-2/files-2.1/org.springframework.boot/spring-boot-starter-data-jpa/4.1.0/252e31911d5042a8ae811ad9bfc3e18ec4ac42a5/spring-boot-starter-data-jpa-4.1.0.jar, /Users/claratorres1414/.gradle/caches/modules-2/files-2.1/org.springframework.boot/spring-boot-starter-data-redis/4.1.0/efdaaedff624a7f406d53d2d945ee71676d7759a/spring-boot-starter-data-redis-4.1.0.jar, /Users/claratorres1414/.gradle/caches/modules-2/files-2.1/org.springframework.boot/spring-boot-starter-test/4.1.0/9fdedc132b9cd2ba57857c7f17357def9300cd95/spring-boot-starter-test-4.1.0.jar, /Users/claratorres1414/.gradle/caches/modules-2/files-2.1/org.springframework.boot/spring-boot-starter-web/4.1.0/fdc11627f32cb0cfad6adf9c283c7618e450f1a1/spring-boot-starter-web-4.1.0.jar, /Users/claratorres1414/.gradle/caches/modules-2/files-2.1/org.springframework.boot/spring-boot-starter-jackson/4.1.0/2feada57005e69f8d939815af7400b43f2c07b9e/spring-boot-starter-jackson-4.1.0.jar, /Users/claratorres1414/.gradle/caches/modules-2/files-2.1/org.springframework.boot/spring-boot-starter-tomcat/4.1.0/6dbb6ad6bb33b7f1ce15a5822cfd1443966245e0/spring-boot-starter-tomcat-4.1.0.jar, /Users/claratorres1414/.gradle/caches/modules-2/files-2.1/org.springframework.boot/spring-boot-starter-jdbc/4.1.0/aa7c6585dd28891cb052d95606776076b5445df2/spring-boot-starter-jdbc-4.1.0.jar, /Users/claratorres1414/.gradle/caches/modules-2/files-2.1/org.springframework.boot/spring-boot-starter/4.1.0/4d1f5fcf982ec75223a3ee44169e268b6dd044f7/spring-boot-starter-4.1.0.jar, /Users/claratorres1414/.gradle/caches/modules-2/files-2.1/org.flywaydb/flyway-core/12.4.0/8dfd90404bb9b6fd4727c67ccbe9a7dfa20c0e53/flyway-core-12.4.0.jar, /Users/claratorres1414/.gradle/caches/modules-2/files-2.1/org.postgresql/postgresql/42.7.11/4c21cdd1b3938f400703716d37c4e8ca4d332808/postgresql-42.7.11.jar, /Users/claratorres1414/.gradle/caches/modules-2/files-2.1/org.junit.jupiter/junit-jupiter/6.0.3/da72f4bc0feccbca639b901ace26e3a62512ebec/junit-jupiter-6.0.3.jar, /Users/claratorres1414/.gradle/caches/modules-2/files-2.1/org.junit.jupiter/junit-jupiter-engine/6.0.3/e26f7e17d06cfc85ba7643b5ad00c87d5f2084dd/junit-jupiter-engine-6.0.3.jar, /Users/claratorres1414/.gradle/caches/modules-2/files-2.1/org.junit.platform/junit-platform-engine/6.0.3/101305612e7daa4ce978d3ba73fd02dd4a5f22d9/junit-platform-engine-6.0.3.jar, /Users/claratorres1414/.gradle/caches/modules-2/files-2.1/org.mockito/mockito-junit-jupiter/5.23.0/e66b5f34ffea58bf4388aba58f66a209daeba4fd/mockito-junit-jupiter-5.23.0.jar, /Users/claratorres1414/.gradle/caches/modules-2/files-2.1/org.junit.jupiter/junit-jupiter-params/6.0.3/6cd3efadd171a3ddd70413868a9c3af988a45907/junit-jupiter-params-6.0.3.jar, /Users/claratorres1414/.gradle/caches/modules-2/files-2.1/org.junit.jupiter/junit-jupiter-api/6.0.3/2e6cfb62db85350179f0408ed5270f7cdf8cefda/junit-jupiter-api-6.0.3.jar, /Users/claratorres1414/.gradle/caches/modules-2/files-2.1/org.junit.platform/junit-platform-commons/6.0.3/1093a7faa2ba47c28aa83f378d9a2083463bb20c/junit-platform-commons-6.0.3.jar, /Users/claratorres1414/.gradle/caches/modules-2/files-2.1/org.junit.platform/junit-platform-launcher/6.0.3/4a721cdd640ebdaa4c6850f5eee0b0377cf698b0/junit-platform-launcher-6.0.3.jar, /Users/claratorres1414/.gradle/caches/modules-2/files-2.1/org.springframework.boot/spring-boot-starter-logging/4.1.0/f2e2615d9fb27a035a8fc7aef19670769739ae76/spring-boot-starter-logging-4.1.0.jar, /Users/claratorres1414/.gradle/caches/modules-2/files-2.1/org.springframework.boot/spring-boot-autoconfigure/4.1.0/a921df4e39389e43dacac5615a1185708ee8a960/spring-boot-autoconfigure-4.1.0.jar, /Users/claratorres1414/.gradle/caches/modules-2/files-2.1/org.springframework.boot/spring-boot-starter-tomcat-runtime/4.1.0/6107a851e178c1233b64634270b11b8d5490733a/spring-boot-starter-tomcat-runtime-4.1.0.jar, /Users/claratorres1414/.gradle/caches/modules-2/files-2.1/org.springframework.boot/spring-boot-tomcat/4.1.0/502aeed70cb11c3754c365324acd9f3ee746354/spring-boot-tomcat-4.1.0.jar, /Users/claratorres1414/.gradle/caches/modules-2/files-2.1/org.springframework.boot/spring-boot-data-jpa/4.1.0/d29dbdc6734afe2f4d5c56cf3112c491c3582642/spring-boot-data-jpa-4.1.0.jar, /Users/claratorres1414/.gradle/caches/modules-2/files-2.1/org.springframework.data/spring-data-jpa/4.1.0/6387c88a4a9637f129e0ebcad50ada478ad01c3f/spring-data-jpa-4.1.0.jar, /Users/claratorres1414/.gradle/caches/modules-2/files-2.1/jakarta.annotation/jakarta.annotation-api/3.0.0/54f928fadec906a99d558536756d171917b9d936/jakarta.annotation-api-3.0.0.jar, /Users/claratorres1414/.gradle/caches/modules-2/files-2.1/org.yaml/snakeyaml/2.6/2bc14918a2f8d5414749ab12d0c590cd3198b8c1/snakeyaml-2.6.jar, /Users/claratorres1414/.gradle/caches/modules-2/files-2.1/org.springframework.boot/spring-boot-webmvc/4.1.0/2cb542ef7d4fa572d3031616544db20b6f7de4c7/spring-boot-webmvc-4.1.0.jar, /Users/claratorres1414/.gradle/caches/modules-2/files-2.1/org.springframework.boot/spring-boot-http-converter/4.1.0/c3b90921e920dfa7dcb78a5045f18ca0e4bc0b44/spring-boot-http-converter-4.1.0.jar, /Users/claratorres1414/.gradle/caches/modules-2/files-2.1/org.springframework.boot/spring-boot-hibernate/4.1.0/af702315125871004a8a7df290f55ac5e5617d91/spring-boot-hibernate-4.1.0.jar, /Users/claratorres1414/.gradle/caches/modules-2/files-2.1/org.springframework.boot/spring-boot-jpa/4.1.0/bf645cdf194c71f829225793a5d6545d9dfe96ae/spring-boot-jpa-4.1.0.jar, /Users/claratorres1414/.gradle/caches/modules-2/files-2.1/org.springframework.boot/spring-boot-jdbc/4.1.0/71f00c6af0ae910530d9fce8f5ae6e54c595f690/spring-boot-jdbc-4.1.0.jar, /Users/claratorres1414/.gradle/caches/modules-2/files-2.1/org.springframework.boot/spring-boot-jackson/4.1.0/bada14f54b1961279f9942c54b5039c90cd6a252/spring-boot-jackson-4.1.0.jar, /Users/claratorres1414/.gradle/caches/modules-2/files-2.1/tools.jackson.core/jackson-core/3.1.4/f9fd39204bd3d4922b42f6a54b81f46bd8ed575a/jackson-core-3.1.4.jar, /Users/claratorres1414/.gradle/caches/modules-2/files-2.1/tools.jackson.core/jackson-databind/3.1.4/c7be3c757289893a791b2a4967ec09d1a8b6c576/jackson-databind-3.1.4.jar, /Users/claratorres1414/.gradle/caches/modules-2/files-2.1/org.springframework.boot/spring-boot-data-redis/4.1.0/ae52af2d818ca43d61c486e5cff5d0e81d545c4c/spring-boot-data-redis-4.1.0.jar, /Users/claratorres1414/.gradle/caches/modules-2/files-2.1/org.springframework/spring-messaging/7.0.8/2379224f4c36aeaeceb706750138b8ca9d265916/spring-messaging-7.0.8.jar, /Users/claratorres1414/.gradle/caches/modules-2/files-2.1/org.springframework.boot/spring-boot-test-autoconfigure/4.1.0/d8c05e21151a63ae829cd313418b942c92334874/spring-boot-test-autoconfigure-4.1.0.jar, /Users/claratorres1414/.gradle/caches/modules-2/files-2.1/org.springframework.boot/spring-boot-test/4.1.0/f6c9cb2cc423397ce6c7c8ab5eb4296734290ad0/spring-boot-test-4.1.0.jar, /Users/claratorres1414/.gradle/caches/modules-2/files-2.1/com.jayway.jsonpath/json-path/2.10.0/e1a0b2e6db75401181c9c1c64c6d155ca5c6d608/json-path-2.10.0.jar, /Users/claratorres1414/.gradle/caches/modules-2/files-2.1/org.hibernate.orm/hibernate-core/7.4.1.Final/b405096e4aa04ff9c99a3e6e632eb2b8d252e1f1/hibernate-core-7.4.1.Final.jar, /Users/claratorres1414/.gradle/caches/modules-2/files-2.1/org.springframework.data/spring-data-redis/4.1.0/db3c9ffef46e71f2697d28d8654021220766b4e/spring-data-redis-4.1.0.jar, /Users/claratorres1414/.gradle/caches/modules-2/files-2.1/org.springframework/spring-oxm/7.0.8/e74c099072565db0552b56691449e52b79f6f23e/spring-oxm-7.0.8.jar, /Users/claratorres1414/.gradle/caches/modules-2/files-2.1/org.glassfish.jaxb/jaxb-runtime/4.0.9/500c199572538675d2819c938fbafe34935d8d6b/jaxb-runtime-4.0.9.jar, /Users/claratorres1414/.gradle/caches/modules-2/files-2.1/org.glassfish.jaxb/jaxb-core/4.0.9/3f32ec949d109d666fa30994223d1c25a47b105f/jaxb-core-4.0.9.jar, /Users/claratorres1414/.gradle/caches/modules-2/files-2.1/jakarta.xml.bind/jakarta.xml.bind-api/4.0.5/161811f36cad3c65991502e80317f2f6703361df/jakarta.xml.bind-api-4.0.5.jar, /Users/claratorres1414/.gradle/caches/modules-2/files-2.1/net.minidev/json-smart/2.6.0/5f858a43a325a8673da6869ab2bc787a1bcb2244/json-smart-2.6.0.jar, /Users/claratorres1414/.gradle/caches/modules-2/files-2.1/org.assertj/assertj-core/3.27.7/2f4f64f054c9d618d4b1d89e7611559f5e2cfff7/assertj-core-3.27.7.jar, /Users/claratorres1414/.gradle/caches/modules-2/files-2.1/org.awaitility/awaitility/4.3.0/f0c0bc1e404e500bab3f498b922eaedeae1c0207/awaitility-4.3.0.jar, /Users/claratorres1414/.gradle/caches/modules-2/files-2.1/org.hamcrest/hamcrest/3.0/8fd9b78a8e6a6510a078a9e30e9e86a6035cfaf7/hamcrest-3.0.jar, /Users/claratorres1414/.gradle/caches/modules-2/files-2.1/org.mockito/mockito-core/5.23.0/a5cf3cf244300e4cd05f779827cf50d373a8460e/mockito-core-5.23.0.jar, /Users/claratorres1414/.gradle/caches/modules-2/files-2.1/org.skyscreamer/jsonassert/1.5.3/aaa43e0823d2a0e106e8754d6a9c4ab24e05e9bc/jsonassert-1.5.3.jar, /Users/claratorres1414/.gradle/caches/modules-2/files-2.1/org.springframework/spring-test/7.0.8/a69fb470b6fbf2960552150e4a37e6903dbd2f49/spring-test-7.0.8.jar, /Users/claratorres1414/.gradle/caches/modules-2/files-2.1/org.springframework.boot/spring-boot-servlet/4.1.0/a067e9b4b7c255a8587852b6eb842413cc458e70/spring-boot-servlet-4.1.0.jar, /Users/claratorres1414/.gradle/caches/modules-2/files-2.1/org.springframework.boot/spring-boot-data-commons/4.1.0/3d587cffcde8c18fa784e0486a2c0a8a4728f262/spring-boot-data-commons-4.1.0.jar, /Users/claratorres1414/.gradle/caches/modules-2/files-2.1/org.springframework.boot/spring-boot-sql/4.1.0/7a5ef86020d10e926b2e98e1d7b4b79258fb2f38/spring-boot-sql-4.1.0.jar, /Users/claratorres1414/.gradle/caches/modules-2/files-2.1/org.springframework.boot/spring-boot-transaction/4.1.0/93b102fb7c2eb6558b8e52fb24f1152c837db3f6/spring-boot-transaction-4.1.0.jar, /Users/claratorres1414/.gradle/caches/modules-2/files-2.1/org.springframework.boot/spring-boot-netty/4.1.0/b570590821eda412d77a1f815007037c6652dc7e/spring-boot-netty-4.1.0.jar, /Users/claratorres1414/.gradle/caches/modules-2/files-2.1/org.springframework.boot/spring-boot-web-server/4.1.0/e67513b382c2cef7b8bc364e8e85cd7f0940e331/spring-boot-web-server-4.1.0.jar, /Users/claratorres1414/.gradle/caches/modules-2/files-2.1/org.springframework.boot/spring-boot-persistence/4.1.0/12b6d5aa8a97c458a5c8eba8e8cb0e38e326d9d8/spring-boot-persistence-4.1.0.jar, /Users/claratorres1414/.gradle/caches/modules-2/files-2.1/org.springframework.boot/spring-boot/4.1.0/bcf26d4c27ab080ef60c13220e96a37d687f9e26/spring-boot-4.1.0.jar, /Users/claratorres1414/.gradle/caches/modules-2/files-2.1/org.springframework/spring-webmvc/7.0.8/d08172cf66f9625a42935d596ca4c83d21265996/spring-webmvc-7.0.8.jar, /Users/claratorres1414/.gradle/caches/modules-2/files-2.1/org.springframework/spring-web/7.0.8/d7cddac31ee023d25d37f48e2ff0e168cf635c14/spring-web-7.0.8.jar, /Users/claratorres1414/.gradle/caches/modules-2/files-2.1/org.springframework/spring-orm/7.0.8/8c40fad8ecc72337353818da54ef2d104b3fa7a9/spring-orm-7.0.8.jar, /Users/claratorres1414/.gradle/caches/modules-2/files-2.1/org.springframework/spring-jdbc/7.0.8/f979da380cd01fd363510ca98a7f544d1959a914/spring-jdbc-7.0.8.jar, /Users/claratorres1414/.gradle/caches/modules-2/files-2.1/org.springframework.data/spring-data-keyvalue/4.1.0/9ade00273c269ca0d50c4d2d5f564d21a84f94f7/spring-data-keyvalue-4.1.0.jar, /Users/claratorres1414/.gradle/caches/modules-2/files-2.1/org.springframework/spring-context-support/7.0.8/1c9bd9da34fca09f3423d86f8e33bd9c099232eb/spring-context-support-7.0.8.jar, /Users/claratorres1414/.gradle/caches/modules-2/files-2.1/org.springframework/spring-context/7.0.8/6c58b590fd8d71afc36797cf6555e82500f1eb64/spring-context-7.0.8.jar, /Users/claratorres1414/.gradle/caches/modules-2/files-2.1/org.springframework/spring-aop/7.0.8/b73e58e9b7dbc4db6b4ebbe3336be0e901b0d261/spring-aop-7.0.8.jar, /Users/claratorres1414/.gradle/caches/modules-2/files-2.1/org.springframework.data/spring-data-commons/4.1.0/e8d1077d09c20e9ecf3574a72ce5cc90a29b902a/spring-data-commons-4.1.0.jar, /Users/claratorres1414/.gradle/caches/modules-2/files-2.1/org.springframework/spring-tx/7.0.8/96c66acfb3920457421a9cb3648a32e62f42f815/spring-tx-7.0.8.jar, /Users/claratorres1414/.gradle/caches/modules-2/files-2.1/org.springframework/spring-beans/7.0.8/829cdf4c82a9409e0e10922b9e57e2ef12d5f04d/spring-beans-7.0.8.jar, /Users/claratorres1414/.gradle/caches/modules-2/files-2.1/org.springframework/spring-expression/7.0.8/bb844eefd513820e356b575d7ea0f7084147af59/spring-expression-7.0.8.jar, /Users/claratorres1414/.gradle/caches/modules-2/files-2.1/org.springframework/spring-core/7.0.8/25f5ebd179f92d7d12779e3761c96da4b0109ad/spring-core-7.0.8.jar, /Users/claratorres1414/.gradle/caches/modules-2/files-2.1/org.xmlunit/xmlunit-core/2.11.0/85521d7f60fb599a4ac1bdec0d19628c3a264156/xmlunit-core-2.11.0.jar, /Users/claratorres1414/.gradle/caches/modules-2/files-2.1/ch.qos.logback/logback-classic/1.5.34/e598899bad5824511cd3019299254230468e1fa2/logback-classic-1.5.34.jar, /Users/claratorres1414/.gradle/caches/modules-2/files-2.1/org.apache.logging.log4j/log4j-to-slf4j/2.25.4/68df56640a5d245192e91bd2ac89e504b477cc10/log4j-to-slf4j-2.25.4.jar, /Users/claratorres1414/.gradle/caches/modules-2/files-2.1/org.slf4j/jul-to-slf4j/2.0.18/79739c98001d5c9d078d087d5a348ec9e474ec8f/jul-to-slf4j-2.0.18.jar, /Users/claratorres1414/.gradle/caches/modules-2/files-2.1/com.zaxxer/HikariCP/7.0.2/c2b43c946b86a14a96342379e22b004c56c6166d/HikariCP-7.0.2.jar, /Users/claratorres1414/.gradle/caches/modules-2/files-2.1/org.springframework/spring-aspects/7.0.8/daf535194ee6cd1e1e23c7368c58b5f02fe18f65/spring-aspects-7.0.8.jar, /Users/claratorres1414/.gradle/caches/modules-2/files-2.1/com.fasterxml.jackson.core/jackson-annotations/2.21/b1bc1868bf02dc0bd6c7836257a036a331005309/jackson-annotations-2.21.jar, /Users/claratorres1414/.gradle/caches/modules-2/files-2.1/io.lettuce/lettuce-core/7.5.2.RELEASE/e67339dc0eb3ceac40fad8213cc2750b7944bb75/lettuce-core-7.5.2.RELEASE.jar, /Users/claratorres1414/.gradle/caches/modules-2/files-2.1/redis.clients.authentication/redis-authx-core/0.1.1-beta2/4037345ff29fb22c737bab2ed116a34262718ae5/redis-authx-core-0.1.1-beta2.jar, /Users/claratorres1414/.gradle/caches/modules-2/files-2.1/org.slf4j/slf4j-api/2.0.18/78a9e7a37cd6360e0b818e86341b24123d28d4df/slf4j-api-2.0.18.jar, /Users/claratorres1414/.gradle/caches/modules-2/files-2.1/org.eclipse.angus/angus-activation/2.0.3/7f80607ea5014fef0b1779e6c33d63a88a45a563/angus-activation-2.0.3.jar, /Users/claratorres1414/.gradle/caches/modules-2/files-2.1/jakarta.activation/jakarta.activation-api/2.1.4/9e5c2a0d75dde71a0bedc4dbdbe47b78a5dc50f8/jakarta.activation-api-2.1.4.jar, /Users/claratorres1414/.gradle/caches/modules-2/files-2.1/net.minidev/accessors-smart/2.6.0/2d96f1d9b6ab7f13261aa81b15703574185747a0/accessors-smart-2.6.0.jar, /Users/claratorres1414/.gradle/caches/modules-2/files-2.1/net.bytebuddy/byte-buddy/1.18.10/5b34812ced047973a6d42654d50c3b69124ce587/byte-buddy-1.18.10.jar, /Users/claratorres1414/.gradle/caches/modules-2/files-2.1/net.bytebuddy/byte-buddy-agent/1.18.10/9426d28828bdcdf42666bb7a68c468279ea78f59/byte-buddy-agent-1.18.10.jar, /Users/claratorres1414/.gradle/caches/modules-2/files-2.1/org.objenesis/objenesis/3.3/1049c09f1de4331e8193e579448d0916d75b7631/objenesis-3.3.jar, /Users/claratorres1414/.gradle/caches/modules-2/files-2.1/com.vaadin.external.google/android-json/0.0.20131108.vaadin1/fa26d351fe62a6a17f5cda1287c1c6110dec413f/android-json-0.0.20131108.vaadin1.jar, /Users/claratorres1414/.gradle/caches/modules-2/files-2.1/commons-logging/commons-logging/1.3.6/63e78ca6cd446c0ad166d14f03ed99e7efb3896d/commons-logging-1.3.6.jar, /Users/claratorres1414/.gradle/caches/modules-2/files-2.1/io.micrometer/micrometer-observation/1.17.0/2037bdaeb5725bdddb2390cbf93be3c19f8b8b48/micrometer-observation-1.17.0.jar, /Users/claratorres1414/.gradle/caches/modules-2/files-2.1/io.projectreactor/reactor-core/3.8.6/76285d63d5da4ed8679357628dd5309b0feb77ff/reactor-core-3.8.6.jar, /Users/claratorres1414/.gradle/caches/modules-2/files-2.1/io.micrometer/micrometer-commons/1.17.0/2edbb561cdd2b2777fbcd83aa9f2204ebabf592b/micrometer-commons-1.17.0.jar, /Users/claratorres1414/.gradle/caches/modules-2/files-2.1/org.jspecify/jspecify/1.0.0/7425a601c1c7ec76645a78d22b8c6a627edee507/jspecify-1.0.0.jar, /Users/claratorres1414/.gradle/caches/modules-2/files-2.1/org.opentest4j/opentest4j/1.3.0/152ea56b3a72f655d4fd677fc0ef2596c3dd5e6e/opentest4j-1.3.0.jar, /Users/claratorres1414/.gradle/caches/modules-2/files-2.1/ch.qos.logback/logback-core/1.5.34/378692f76c337b3325c15bffb89e013dc1f897b4/logback-core-1.5.34.jar, /Users/claratorres1414/.gradle/caches/modules-2/files-2.1/org.apache.logging.log4j/log4j-api/2.25.4/89ff2217b193fb187b134aa6ebcbfa8a28b018a9/log4j-api-2.25.4.jar, /Users/claratorres1414/.gradle/caches/modules-2/files-2.1/org.apache.tomcat.embed/tomcat-embed-websocket/11.0.22/5686ff1ad745491d981d771514027d8fc55aed4f/tomcat-embed-websocket-11.0.22.jar, /Users/claratorres1414/.gradle/caches/modules-2/files-2.1/org.apache.tomcat.embed/tomcat-embed-core/11.0.22/cc7307efaa60c0d31784bf053ec4aa48a404f44b/tomcat-embed-core-11.0.22.jar, /Users/claratorres1414/.gradle/caches/modules-2/files-2.1/org.apache.tomcat.embed/tomcat-embed-el/11.0.22/db92447e16c3561e9ca7bf9311b6b6389816699e/tomcat-embed-el-11.0.22.jar, /Users/claratorres1414/.gradle/caches/modules-2/files-2.1/org.antlr/antlr4-runtime/4.13.2/fc3db6d844df652a3d5db31c87fa12757f13691d/antlr4-runtime-4.13.2.jar, /Users/claratorres1414/.gradle/caches/modules-2/files-2.1/org.aspectj/aspectjweaver/1.9.25.1/a713c790da4d794c7dfb542b550d4e44898d5e23/aspectjweaver-1.9.25.1.jar, /Users/claratorres1414/.gradle/caches/modules-2/files-2.1/io.netty/netty-resolver-dns/4.2.15.Final/1b3eaebe62b905c780e181b5f3fd18c013ca73a4/netty-resolver-dns-4.2.15.Final.jar, /Users/claratorres1414/.gradle/caches/modules-2/files-2.1/io.netty/netty-handler/4.2.15.Final/d5344afd1148e3b9927a74be019605ebb0937a93/netty-handler-4.2.15.Final.jar, /Users/claratorres1414/.gradle/caches/modules-2/files-2.1/io.netty/netty-transport-native-unix-common/4.2.15.Final/efb6943b4de9e0226a5ac35330f232605424af02/netty-transport-native-unix-common-4.2.15.Final.jar, /Users/claratorres1414/.gradle/caches/modules-2/files-2.1/io.netty/netty-codec-dns/4.2.15.Final/3da23523d91eaf8af81d2b9080a61d9b1af0762c/netty-codec-dns-4.2.15.Final.jar, /Users/claratorres1414/.gradle/caches/modules-2/files-2.1/io.netty/netty-codec-base/4.2.15.Final/e97149fdd5fb04858efa90e314651c8d700dc68b/netty-codec-base-4.2.15.Final.jar, /Users/claratorres1414/.gradle/caches/modules-2/files-2.1/io.netty/netty-transport/4.2.15.Final/a000c3a6196ee40207b73ac619dcb339409dd62f/netty-transport-4.2.15.Final.jar, /Users/claratorres1414/.gradle/caches/modules-2/files-2.1/io.netty/netty-resolver/4.2.15.Final/b961a16d379b508b473e064ba06842bba280f4e3/netty-resolver-4.2.15.Final.jar, /Users/claratorres1414/.gradle/caches/modules-2/files-2.1/io.netty/netty-buffer/4.2.15.Final/2beb620803bf871cda2dd5d46b8f831e8015dd34/netty-buffer-4.2.15.Final.jar, /Users/claratorres1414/.gradle/caches/modules-2/files-2.1/io.netty/netty-common/4.2.15.Final/7222492c1af9c2d4d78d521eea340a619e242fda/netty-common-4.2.15.Final.jar, /Users/claratorres1414/.gradle/caches/modules-2/files-2.1/org.ow2.asm/asm/9.7.1/f0ed132a49244b042cd0e15702ab9f2ce3cc8436/asm-9.7.1.jar, /Users/claratorres1414/.gradle/caches/modules-2/files-2.1/jakarta.persistence/jakarta.persistence-api/3.2.0/bb75a113f3fa191c2c7ee7b206d8e674251b3129/jakarta.persistence-api-3.2.0.jar, /Users/claratorres1414/.gradle/caches/modules-2/files-2.1/org.hibernate.models/hibernate-models/1.1.1/c890a4cc781fd8720e0e2613b4a24b33cdaa80a1/hibernate-models-1.1.1.jar, /Users/claratorres1414/.gradle/caches/modules-2/files-2.1/org.jboss.logging/jboss-logging/3.6.3.Final/1cc9f976725720bb4a66f80af3e3aa6b9890d969/jboss-logging-3.6.3.Final.jar, /Users/claratorres1414/.gradle/caches/modules-2/files-2.1/jakarta.inject/jakarta.inject-api/2.0.1/4c28afe1991a941d7702fe1362c365f0a8641d1e/jakarta.inject-api-2.0.1.jar, /Users/claratorres1414/.gradle/caches/modules-2/files-2.1/jakarta.transaction/jakarta.transaction-api/2.0.1/51a520e3fae406abb84e2e1148e6746ce3f80a1a/jakarta.transaction-api-2.0.1.jar, /Users/claratorres1414/.gradle/caches/modules-2/files-2.1/org.reactivestreams/reactive-streams/1.0.4/3864a1320d97d7b045f729a326e1e077661f31b7/reactive-streams-1.0.4.jar, /Users/claratorres1414/.gradle/caches/modules-2/files-2.1/org.glassfish.jaxb/txw2/4.0.9/70325ebdebca3e7aae1dfa395fd41fc25d8a6f4e/txw2-4.0.9.jar, /Users/claratorres1414/.gradle/caches/modules-2/files-2.1/com.sun.istack/istack-commons-runtime/4.1.2/18ec117c85f3ba0ac65409136afa8e42bc74e739/istack-commons-runtime-4.1.2.jar]
2026-08-21T16:48:36.761-0300 [DEBUG] [org.gradle.process.internal.worker.DefaultWorkerProcessBuilder] Using application module path []
2026-08-21T16:48:36.762-0300 [DEBUG] [org.gradle.process.internal.worker.DefaultWorkerProcessBuilder] Using implementation classpath [file:/Users/claratorres1414/.gradle/wrapper/dists/gradle-9.5.1-bin/iq79hdu3mqx29lgffhp8bfmx/gradle-9.5.1/lib/gradle-classloaders-9.5.1.jar, file:/Users/claratorres1414/.gradle/wrapper/dists/gradle-9.5.1-bin/iq79hdu3mqx29lgffhp8bfmx/gradle-9.5.1/lib/gradle-worker-main-9.5.1.jar, file:/Users/claratorres1414/.gradle/wrapper/dists/gradle-9.5.1-bin/iq79hdu3mqx29lgffhp8bfmx/gradle-9.5.1/lib/gradle-logging-9.5.1.jar, file:/Users/claratorres1414/.gradle/wrapper/dists/gradle-9.5.1-bin/iq79hdu3mqx29lgffhp8bfmx/gradle-9.5.1/lib/gradle-logging-api-9.5.1.jar, file:/Users/claratorres1414/.gradle/wrapper/dists/gradle-9.5.1-bin/iq79hdu3mqx29lgffhp8bfmx/gradle-9.5.1/lib/gradle-messaging-9.5.1.jar, file:/Users/claratorres1414/.gradle/wrapper/dists/gradle-9.5.1-bin/iq79hdu3mqx29lgffhp8bfmx/gradle-9.5.1/lib/gradle-files-9.5.1.jar, file:/Users/claratorres1414/.gradle/wrapper/dists/gradle-9.5.1-bin/iq79hdu3mqx29lgffhp8bfmx/gradle-9.5.1/lib/gradle-file-temp-9.5.1.jar, file:/Users/claratorres1414/.gradle/wrapper/dists/gradle-9.5.1-bin/iq79hdu3mqx29lgffhp8bfmx/gradle-9.5.1/lib/gradle-hashing-9.5.1.jar, file:/Users/claratorres1414/.gradle/wrapper/dists/gradle-9.5.1-bin/iq79hdu3mqx29lgffhp8bfmx/gradle-9.5.1/lib/gradle-base-asm-9.5.1.jar, file:/Users/claratorres1414/.gradle/wrapper/dists/gradle-9.5.1-bin/iq79hdu3mqx29lgffhp8bfmx/gradle-9.5.1/lib/gradle-base-services-9.5.1.jar, file:/Users/claratorres1414/.gradle/wrapper/dists/gradle-9.5.1-bin/iq79hdu3mqx29lgffhp8bfmx/gradle-9.5.1/lib/gradle-stdlib-java-extensions-9.5.1.jar, file:/Users/claratorres1414/.gradle/wrapper/dists/gradle-9.5.1-bin/iq79hdu3mqx29lgffhp8bfmx/gradle-9.5.1/lib/gradle-enterprise-logging-9.5.1.jar, file:/Users/claratorres1414/.gradle/wrapper/dists/gradle-9.5.1-bin/iq79hdu3mqx29lgffhp8bfmx/gradle-9.5.1/lib/gradle-enterprise-workers-9.5.1.jar, file:/Users/claratorres1414/.gradle/wrapper/dists/gradle-9.5.1-bin/iq79hdu3mqx29lgffhp8bfmx/gradle-9.5.1/lib/gradle-cli-9.5.1.jar, file:/Users/claratorres1414/.gradle/wrapper/dists/gradle-9.5.1-bin/iq79hdu3mqx29lgffhp8bfmx/gradle-9.5.1/lib/gradle-concurrent-9.5.1.jar, file:/Users/claratorres1414/.gradle/wrapper/dists/gradle-9.5.1-bin/iq79hdu3mqx29lgffhp8bfmx/gradle-9.5.1/lib/gradle-io-9.5.1.jar, file:/Users/claratorres1414/.gradle/wrapper/dists/gradle-9.5.1-bin/iq79hdu3mqx29lgffhp8bfmx/gradle-9.5.1/lib/gradle-native-9.5.1.jar, file:/Users/claratorres1414/.gradle/wrapper/dists/gradle-9.5.1-bin/iq79hdu3mqx29lgffhp8bfmx/gradle-9.5.1/lib/gradle-serialization-9.5.1.jar, file:/Users/claratorres1414/.gradle/wrapper/dists/gradle-9.5.1-bin/iq79hdu3mqx29lgffhp8bfmx/gradle-9.5.1/lib/gradle-service-lookup-9.5.1.jar, file:/Users/claratorres1414/.gradle/wrapper/dists/gradle-9.5.1-bin/iq79hdu3mqx29lgffhp8bfmx/gradle-9.5.1/lib/gradle-service-provider-9.5.1.jar, file:/Users/claratorres1414/.gradle/wrapper/dists/gradle-9.5.1-bin/iq79hdu3mqx29lgffhp8bfmx/gradle-9.5.1/lib/gradle-service-registry-builder-9.5.1.jar, file:/Users/claratorres1414/.gradle/wrapper/dists/gradle-9.5.1-bin/iq79hdu3mqx29lgffhp8bfmx/gradle-9.5.1/lib/gradle-service-registry-impl-9.5.1.jar, file:/Users/claratorres1414/.gradle/wrapper/dists/gradle-9.5.1-bin/iq79hdu3mqx29lgffhp8bfmx/gradle-9.5.1/lib/gradle-collections-9.5.1.jar, file:/Users/claratorres1414/.gradle/wrapper/dists/gradle-9.5.1-bin/iq79hdu3mqx29lgffhp8bfmx/gradle-9.5.1/lib/gradle-time-9.5.1.jar, file:/Users/claratorres1414/.gradle/wrapper/dists/gradle-9.5.1-bin/iq79hdu3mqx29lgffhp8bfmx/gradle-9.5.1/lib/plugins/gradle-testing-base-infrastructure-9.5.1.jar, file:/Users/claratorres1414/.gradle/wrapper/dists/gradle-9.5.1-bin/iq79hdu3mqx29lgffhp8bfmx/gradle-9.5.1/lib/plugins/gradle-testing-jvm-infrastructure-9.5.1.jar, file:/Users/claratorres1414/.gradle/wrapper/dists/gradle-9.5.1-bin/iq79hdu3mqx29lgffhp8bfmx/gradle-9.5.1/lib/gradle-process-memory-services-9.5.1.jar, file:/Users/claratorres1414/.gradle/wrapper/dists/gradle-9.5.1-bin/iq79hdu3mqx29lgffhp8bfmx/gradle-9.5.1/lib/gradle-process-services-9.5.1.jar, file:/Users/claratorres1414/.gradle/wrapper/dists/gradle-9.5.1-bin/iq79hdu3mqx29lgffhp8bfmx/gradle-9.5.1/lib/gradle-build-operations-9.5.1.jar, file:/Users/claratorres1414/.gradle/wrapper/dists/gradle-9.5.1-bin/iq79hdu3mqx29lgffhp8bfmx/gradle-9.5.1/lib/gradle-problems-api-9.5.1.jar, file:/Users/claratorres1414/.gradle/wrapper/dists/gradle-9.5.1-bin/iq79hdu3mqx29lgffhp8bfmx/gradle-9.5.1/lib/slf4j-api-2.0.17.jar, file:/Users/claratorres1414/.gradle/wrapper/dists/gradle-9.5.1-bin/iq79hdu3mqx29lgffhp8bfmx/gradle-9.5.1/lib/jul-to-slf4j-2.0.17.jar, file:/Users/claratorres1414/.gradle/wrapper/dists/gradle-9.5.1-bin/iq79hdu3mqx29lgffhp8bfmx/gradle-9.5.1/lib/native-platform-0.22-milestone-29.jar, file:/Users/claratorres1414/.gradle/wrapper/dists/gradle-9.5.1-bin/iq79hdu3mqx29lgffhp8bfmx/gradle-9.5.1/lib/kryo-2.24.0.jar, file:/Users/claratorres1414/.gradle/wrapper/dists/gradle-9.5.1-bin/iq79hdu3mqx29lgffhp8bfmx/gradle-9.5.1/lib/commons-lang3-3.20.0.jar, file:/Users/claratorres1414/.gradle/wrapper/dists/gradle-9.5.1-bin/iq79hdu3mqx29lgffhp8bfmx/gradle-9.5.1/lib/javax.inject-1.jar]
2026-08-21T16:48:36.762-0300 [DEBUG] [org.gradle.process.internal.worker.DefaultWorkerProcessBuilder] Using implementation module path null
2026-08-21T16:48:36.762-0300 [DEBUG] [org.gradle.process.internal.worker.child.WorkerProcessClassPathProvider] Using worker process classpath: [/Users/claratorres1414/.gradle/caches/9.5.1/workerMain/gradle-worker.jar]
2026-08-21T16:48:36.765-0300 [INFO] [org.gradle.process.internal.DefaultExecHandle] Starting process 'Gradle Test Executor 7'. Working directory: /Users/claratorres1414/Desktop/spring-bootstrap Command: /Library/Java/JavaVirtualMachines/temurin-21.jdk/Contents/Home/bin/java -Dorg.gradle.internal.worker.tmpdir=/Users/claratorres1414/Desktop/spring-bootstrap/build/tmp/test/work @/Users/claratorres1414/.gradle/.tmp/gradle-worker-classpath6519153797899261493txt -Xmx512m -Dfile.encoding=UTF-8 -Duser.country=BR -Duser.language=pt -Duser.variant -ea worker.org.gradle.process.internal.worker.GradleWorkerMain 'Gradle Test Executor 7'
2026-08-21T16:48:36.765-0300 [DEBUG] [org.gradle.process.internal.DefaultExecHandle] Changing state to: STARTING
2026-08-21T16:48:36.765-0300 [DEBUG] [org.gradle.process.internal.DefaultExecHandle] Waiting until process started: Gradle Test Executor 7.
2026-08-21T16:48:36.768-0300 [DEBUG] [org.gradle.process.internal.DefaultExecHandle] Changing state to: STARTED
2026-08-21T16:48:36.768-0300 [DEBUG] [org.gradle.process.internal.ExecHandleRunner] waiting until streams are handled...
2026-08-21T16:48:36.768-0300 [INFO] [org.gradle.process.internal.DefaultExecHandle] Successfully started process 'Gradle Test Executor 7'
2026-08-21T16:48:37.056-0300 [DEBUG] [TestEventLogger] 
2026-08-21T16:48:37.056-0300 [DEBUG] [TestEventLogger] Gradle Test Executor 7 STARTED
2026-08-21T16:48:37.223-0300 [DEBUG] [TestEventLogger] 
2026-08-21T16:48:37.223-0300 [DEBUG] [TestEventLogger] SpringBootstrapApplicationTests STARTED
2026-08-21T16:48:37.308-0300 [DEBUG] [TestEventLogger] 
2026-08-21T16:48:37.308-0300 [DEBUG] [TestEventLogger] SpringBootstrapApplicationTests STANDARD_OUT
2026-08-21T16:48:37.309-0300 [DEBUG] [TestEventLogger]     16:48:37.305 [Test worker] INFO org.springframework.test.context.support.AnnotationConfigContextLoaderUtils -- Could not detect default configuration classes for test class [com.starter.spring_bootstrap.SpringBootstrapApplicationTests]: SpringBootstrapApplicationTests does not declare any static, non-private, non-final, nested classes annotated with @Configuration.
2026-08-21T16:48:37.352-0300 [DEBUG] [TestEventLogger]     16:48:37.352 [Test worker] INFO org.springframework.boot.test.context.SpringBootTestContextBootstrapper -- Found @SpringBootConfiguration com.starter.spring_bootstrap.SpringBootstrapApplication for test class com.starter.spring_bootstrap.SpringBootstrapApplicationTests
2026-08-21T16:48:37.388-0300 [DEBUG] [TestEventLogger]     16:48:37.388 [Test worker] INFO org.springframework.test.context.support.AnnotationConfigContextLoaderUtils -- Could not detect default configuration classes for test class [com.starter.spring_bootstrap.SpringBootstrapApplicationTests]: SpringBootstrapApplicationTests does not declare any static, non-private, non-final, nested classes annotated with @Configuration.
2026-08-21T16:48:37.389-0300 [DEBUG] [TestEventLogger]     16:48:37.389 [Test worker] INFO org.springframework.boot.test.context.SpringBootTestContextBootstrapper -- Found @SpringBootConfiguration com.starter.spring_bootstrap.SpringBootstrapApplication for test class com.starter.spring_bootstrap.SpringBootstrapApplicationTests
2026-08-21T16:48:37.531-0300 [DEBUG] [TestEventLogger] 
2026-08-21T16:48:37.531-0300 [DEBUG] [TestEventLogger]       .   ____          _            __ _ _
2026-08-21T16:48:37.531-0300 [DEBUG] [TestEventLogger]      /\\ / ___'_ __ _ _(_)_ __  __ _ \ \ \ \
2026-08-21T16:48:37.531-0300 [DEBUG] [TestEventLogger]     ( ( )\___ | '_ | '_| | '_ \/ _` | \ \ \ \
2026-08-21T16:48:37.531-0300 [DEBUG] [TestEventLogger]      \\/  ___)| |_)| | | | | || (_| |  ) ) ) )
2026-08-21T16:48:37.531-0300 [DEBUG] [TestEventLogger]       '  |____| .__|_| |_|_| |_\__, | / / / /
2026-08-21T16:48:37.531-0300 [DEBUG] [TestEventLogger]      =========|_|==============|___/=/_/_/_/
2026-08-21T16:48:37.531-0300 [DEBUG] [TestEventLogger] 
2026-08-21T16:48:37.531-0300 [DEBUG] [TestEventLogger]     [32m :: Spring Boot :: [39m              [2m (v4.1.0)[0;39m
2026-08-21T16:48:37.531-0300 [DEBUG] [TestEventLogger] 
2026-08-21T16:48:37.679-0300 [DEBUG] [TestEventLogger]     [2m2026-08-21T16:48:37.676-03:00[0;39m [31mERROR[0;39m [35m6202[0;39m [2m--- [${APP_NAME}] [    Test worker] [0;39m[36mo.s.boot.SpringApplication              [0;39m [2m:[0;39m Application run failed
2026-08-21T16:48:37.679-0300 [DEBUG] [TestEventLogger] 
2026-08-21T16:48:37.679-0300 [DEBUG] [TestEventLogger]     org.springframework.util.PlaceholderResolutionException: Could not resolve placeholder 'APP_NAME' in value "${APP_NAME}"
2026-08-21T16:48:37.679-0300 [DEBUG] [TestEventLogger]     	at org.springframework.util.PlaceholderResolutionException.withValue(PlaceholderResolutionException.java:81) ~[spring-core-7.0.8.jar:7.0.8]
2026-08-21T16:48:37.679-0300 [DEBUG] [TestEventLogger]     	at org.springframework.util.PlaceholderParser$ParsedValue.resolve(PlaceholderParser.java:296) ~[spring-core-7.0.8.jar:7.0.8]
2026-08-21T16:48:37.679-0300 [DEBUG] [TestEventLogger]     	at org.springframework.util.PlaceholderParser.replacePlaceholders(PlaceholderParser.java:129) ~[spring-core-7.0.8.jar:7.0.8]
2026-08-21T16:48:37.679-0300 [DEBUG] [TestEventLogger]     	at org.springframework.util.PropertyPlaceholderHelper.replacePlaceholders(PropertyPlaceholderHelper.java:96) ~[spring-core-7.0.8.jar:7.0.8]
2026-08-21T16:48:37.679-0300 [DEBUG] [TestEventLogger]     	at org.springframework.core.env.AbstractPropertyResolver.doResolvePlaceholders(AbstractPropertyResolver.java:286) ~[spring-core-7.0.8.jar:7.0.8]
2026-08-21T16:48:37.679-0300 [DEBUG] [TestEventLogger]     	at org.springframework.core.env.AbstractPropertyResolver.resolveRequiredPlaceholders(AbstractPropertyResolver.java:257) ~[spring-core-7.0.8.jar:7.0.8]
2026-08-21T16:48:37.679-0300 [DEBUG] [TestEventLogger]     	at org.springframework.core.env.AbstractPropertyResolver.resolveNestedPlaceholders(AbstractPropertyResolver.java:277) ~[spring-core-7.0.8.jar:7.0.8]
2026-08-21T16:48:37.679-0300 [DEBUG] [TestEventLogger]     	at org.springframework.boot.context.properties.source.ConfigurationPropertySourcesPropertyResolver.getProperty(ConfigurationPropertySourcesPropertyResolver.java:83) ~[spring-boot-4.1.0.jar:4.1.0]
2026-08-21T16:48:37.679-0300 [DEBUG] [TestEventLogger]     	at org.springframework.boot.context.properties.source.ConfigurationPropertySourcesPropertyResolver.getProperty(ConfigurationPropertySourcesPropertyResolver.java:64) ~[spring-boot-4.1.0.jar:4.1.0]
2026-08-21T16:48:37.680-0300 [DEBUG] [TestEventLogger]     	at org.springframework.core.env.AbstractEnvironment.getProperty(AbstractEnvironment.java:552) ~[spring-core-7.0.8.jar:7.0.8]
2026-08-21T16:48:37.680-0300 [DEBUG] [TestEventLogger]     	at org.springframework.boot.context.ContextIdApplicationContextInitializer.getApplicationId(ContextIdApplicationContextInitializer.java:68) ~[spring-boot-4.1.0.jar:4.1.0]
2026-08-21T16:48:37.680-0300 [DEBUG] [TestEventLogger]     	at org.springframework.boot.context.ContextIdApplicationContextInitializer.getContextId(ContextIdApplicationContextInitializer.java:64) ~[spring-boot-4.1.0.jar:4.1.0]
2026-08-21T16:48:37.680-0300 [DEBUG] [TestEventLogger]     	at org.springframework.boot.context.ContextIdApplicationContextInitializer.initialize(ContextIdApplicationContextInitializer.java:54) ~[spring-boot-4.1.0.jar:4.1.0]
2026-08-21T16:48:37.680-0300 [DEBUG] [TestEventLogger]     	at org.springframework.boot.SpringApplication.applyInitializers(SpringApplication.java:623) ~[spring-boot-4.1.0.jar:4.1.0]
2026-08-21T16:48:37.680-0300 [DEBUG] [TestEventLogger]     	at org.springframework.boot.SpringApplication.prepareContext(SpringApplication.java:393) ~[spring-boot-4.1.0.jar:4.1.0]
2026-08-21T16:48:37.680-0300 [DEBUG] [TestEventLogger]     	at org.springframework.boot.SpringApplication.run(SpringApplication.java:320) ~[spring-boot-4.1.0.jar:4.1.0]
2026-08-21T16:48:37.680-0300 [DEBUG] [TestEventLogger]     	at org.springframework.boot.test.context.SpringBootContextLoader.lambda$loadContext$2(SpringBootContextLoader.java:155) ~[spring-boot-test-4.1.0.jar:4.1.0]
2026-08-21T16:48:37.680-0300 [DEBUG] [TestEventLogger]     	at org.springframework.util.function.ThrowingSupplier.get(ThrowingSupplier.java:58) ~[spring-core-7.0.8.jar:7.0.8]
2026-08-21T16:48:37.680-0300 [DEBUG] [TestEventLogger]     	at org.springframework.util.function.ThrowingSupplier.get(ThrowingSupplier.java:46) ~[spring-core-7.0.8.jar:7.0.8]
2026-08-21T16:48:37.680-0300 [DEBUG] [TestEventLogger]     	at org.springframework.boot.SpringApplication.withHook(SpringApplication.java:1465) ~[spring-boot-4.1.0.jar:4.1.0]
2026-08-21T16:48:37.680-0300 [DEBUG] [TestEventLogger]     	at org.springframework.boot.test.context.SpringBootContextLoader$ContextLoaderHook.run(SpringBootContextLoader.java:600) ~[spring-boot-test-4.1.0.jar:4.1.0]
2026-08-21T16:48:37.680-0300 [DEBUG] [TestEventLogger]     	at org.springframework.boot.test.context.SpringBootContextLoader.loadContext(SpringBootContextLoader.java:155) ~[spring-boot-test-4.1.0.jar:4.1.0]
2026-08-21T16:48:37.680-0300 [DEBUG] [TestEventLogger]     	at org.springframework.boot.test.context.SpringBootContextLoader.loadContext(SpringBootContextLoader.java:114) ~[spring-boot-test-4.1.0.jar:4.1.0]
2026-08-21T16:48:37.680-0300 [DEBUG] [TestEventLogger]     	at org.springframework.test.context.cache.DefaultCacheAwareContextLoaderDelegate.loadContextInternal(DefaultCacheAwareContextLoaderDelegate.java:247) ~[spring-test-7.0.8.jar:7.0.8]
2026-08-21T16:48:37.681-0300 [DEBUG] [TestEventLogger]     	at org.springframework.test.context.cache.DefaultCacheAwareContextLoaderDelegate.lambda$loadContext$0(DefaultCacheAwareContextLoaderDelegate.java:167) ~[spring-test-7.0.8.jar:7.0.8]
2026-08-21T16:48:37.681-0300 [DEBUG] [TestEventLogger]     	at org.springframework.test.context.cache.DefaultContextCache.put(DefaultContextCache.java:214) ~[spring-test-7.0.8.jar:7.0.8]
2026-08-21T16:48:37.681-0300 [DEBUG] [TestEventLogger]     	at org.springframework.test.context.cache.DefaultCacheAwareContextLoaderDelegate.loadContext(DefaultCacheAwareContextLoaderDelegate.java:160) ~[spring-test-7.0.8.jar:7.0.8]
2026-08-21T16:48:37.681-0300 [DEBUG] [TestEventLogger]     	at org.springframework.test.context.support.DefaultTestContext.getApplicationContext(DefaultTestContext.java:128) ~[spring-test-7.0.8.jar:7.0.8]
2026-08-21T16:48:37.681-0300 [DEBUG] [TestEventLogger]     	at org.springframework.test.context.web.ServletTestExecutionListener.setUpRequestContextIfNecessary(ServletTestExecutionListener.java:200) ~[spring-test-7.0.8.jar:7.0.8]
2026-08-21T16:48:37.681-0300 [DEBUG] [TestEventLogger]     	at org.springframework.test.context.web.ServletTestExecutionListener.prepareTestInstance(ServletTestExecutionListener.java:139) ~[spring-test-7.0.8.jar:7.0.8]
2026-08-21T16:48:37.681-0300 [DEBUG] [TestEventLogger]     	at org.springframework.test.context.TestContextManager.prepareTestInstance(TestContextManager.java:260) ~[spring-test-7.0.8.jar:7.0.8]
2026-08-21T16:48:37.681-0300 [DEBUG] [TestEventLogger]     	at org.springframework.test.context.junit.jupiter.SpringExtension.postProcessTestInstance(SpringExtension.java:242) ~[spring-test-7.0.8.jar:7.0.8]
2026-08-21T16:48:37.681-0300 [DEBUG] [TestEventLogger]     	at org.junit.jupiter.engine.descriptor.ClassBasedTestDescriptor.lambda$invokeTestInstancePostProcessors$1(ClassBasedTestDescriptor.java:423) ~[junit-jupiter-engine-6.0.3.jar:6.0.3]
2026-08-21T16:48:37.681-0300 [DEBUG] [TestEventLogger]     	at org.junit.jupiter.engine.descriptor.ClassBasedTestDescriptor.executeAndMaskThrowable(ClassBasedTestDescriptor.java:428) ~[junit-jupiter-engine-6.0.3.jar:6.0.3]
2026-08-21T16:48:37.681-0300 [DEBUG] [TestEventLogger]     	at org.junit.jupiter.engine.descriptor.ClassBasedTestDescriptor.lambda$invokeTestInstancePostProcessors$0(ClassBasedTestDescriptor.java:422) ~[junit-jupiter-engine-6.0.3.jar:6.0.3]
2026-08-21T16:48:37.681-0300 [DEBUG] [TestEventLogger]     	at java.base/java.util.stream.ForEachOps$ForEachOp$OfRef.accept(ForEachOps.java:184) ~[na:na]
2026-08-21T16:48:37.681-0300 [DEBUG] [TestEventLogger]     	at java.base/java.util.stream.ReferencePipeline$3$1.accept(ReferencePipeline.java:197) ~[na:na]
2026-08-21T16:48:37.681-0300 [DEBUG] [TestEventLogger]     	at java.base/java.util.stream.ReferencePipeline$2$1.accept(ReferencePipeline.java:179) ~[na:na]
2026-08-21T16:48:37.681-0300 [DEBUG] [TestEventLogger]     	at java.base/java.util.stream.ReferencePipeline$3$1.accept(ReferencePipeline.java:197) ~[na:na]
2026-08-21T16:48:37.681-0300 [DEBUG] [TestEventLogger]     	at java.base/java.util.ArrayList$ArrayListSpliterator.forEachRemaining(ArrayList.java:1708) ~[na:na]
2026-08-21T16:48:37.681-0300 [DEBUG] [TestEventLogger]     	at java.base/java.util.stream.AbstractPipeline.copyInto(AbstractPipeline.java:509) ~[na:na]
2026-08-21T16:48:37.681-0300 [DEBUG] [TestEventLogger]     	at java.base/java.util.stream.AbstractPipeline.wrapAndCopyInto(AbstractPipeline.java:499) ~[na:na]
2026-08-21T16:48:37.681-0300 [DEBUG] [TestEventLogger]     	at java.base/java.util.stream.ForEachOps$ForEachOp.evaluateSequential(ForEachOps.java:151) ~[na:na]
2026-08-21T16:48:37.681-0300 [DEBUG] [TestEventLogger]     	at java.base/java.util.stream.ForEachOps$ForEachOp$OfRef.evaluateSequential(ForEachOps.java:174) ~[na:na]
2026-08-21T16:48:37.681-0300 [DEBUG] [TestEventLogger]     	at java.base/java.util.stream.AbstractPipeline.evaluate(AbstractPipeline.java:234) ~[na:na]
2026-08-21T16:48:37.681-0300 [DEBUG] [TestEventLogger]     	at java.base/java.util.stream.ReferencePipeline.forEach(ReferencePipeline.java:596) ~[na:na]
2026-08-21T16:48:37.682-0300 [DEBUG] [TestEventLogger]     	at org.junit.jupiter.engine.descriptor.ClassBasedTestDescriptor.invokeTestInstancePostProcessors(ClassBasedTestDescriptor.java:422) ~[junit-jupiter-engine-6.0.3.jar:6.0.3]
2026-08-21T16:48:37.682-0300 [DEBUG] [TestEventLogger]     	at org.junit.jupiter.engine.descriptor.ClassBasedTestDescriptor.lambda$instantiateAndPostProcessTestInstance$0(ClassBasedTestDescriptor.java:334) ~[junit-jupiter-engine-6.0.3.jar:6.0.3]
2026-08-21T16:48:37.682-0300 [DEBUG] [TestEventLogger]     	at org.junit.platform.engine.support.hierarchical.ThrowableCollector.execute(ThrowableCollector.java:74) ~[junit-platform-engine-6.0.3.jar:6.0.3]
2026-08-21T16:48:37.682-0300 [DEBUG] [TestEventLogger]     	at org.junit.jupiter.engine.descriptor.ClassBasedTestDescriptor.instantiateAndPostProcessTestInstance(ClassBasedTestDescriptor.java:333) ~[junit-jupiter-engine-6.0.3.jar:6.0.3]
2026-08-21T16:48:37.682-0300 [DEBUG] [TestEventLogger]     	at org.junit.jupiter.engine.descriptor.ClassBasedTestDescriptor.lambda$testInstancesProvider$1(ClassBasedTestDescriptor.java:322) ~[junit-jupiter-engine-6.0.3.jar:6.0.3]
2026-08-21T16:48:37.682-0300 [DEBUG] [TestEventLogger]     	at java.base/java.util.Optional.orElseGet(Optional.java:364) ~[na:na]
2026-08-21T16:48:37.682-0300 [DEBUG] [TestEventLogger]     	at org.junit.jupiter.engine.descriptor.ClassBasedTestDescriptor.lambda$testInstancesProvider$0(ClassBasedTestDescriptor.java:321) ~[junit-jupiter-engine-6.0.3.jar:6.0.3]
2026-08-21T16:48:37.682-0300 [DEBUG] [TestEventLogger]     	at org.junit.jupiter.engine.execution.TestInstancesProvider.getTestInstances(TestInstancesProvider.java:27) ~[junit-jupiter-engine-6.0.3.jar:6.0.3]
2026-08-21T16:48:37.682-0300 [DEBUG] [TestEventLogger]     	at org.junit.jupiter.engine.descriptor.TestMethodTestDescriptor.lambda$prepare$0(TestMethodTestDescriptor.java:127) ~[junit-jupiter-engine-6.0.3.jar:6.0.3]
2026-08-21T16:48:37.682-0300 [DEBUG] [TestEventLogger]     	at org.junit.platform.engine.support.hierarchical.ThrowableCollector.execute(ThrowableCollector.java:74) ~[junit-platform-engine-6.0.3.jar:6.0.3]
2026-08-21T16:48:37.682-0300 [DEBUG] [TestEventLogger]     	at org.junit.jupiter.engine.descriptor.TestMethodTestDescriptor.prepare(TestMethodTestDescriptor.java:126) ~[junit-jupiter-engine-6.0.3.jar:6.0.3]
2026-08-21T16:48:37.682-0300 [DEBUG] [TestEventLogger]     	at org.junit.jupiter.engine.descriptor.TestMethodTestDescriptor.prepare(TestMethodTestDescriptor.java:70) ~[junit-jupiter-engine-6.0.3.jar:6.0.3]
2026-08-21T16:48:37.682-0300 [DEBUG] [TestEventLogger]     	at org.junit.platform.engine.support.hierarchical.NodeTestTask.lambda$prepare$0(NodeTestTask.java:144) ~[junit-platform-engine-6.0.3.jar:6.0.3]
2026-08-21T16:48:37.682-0300 [DEBUG] [TestEventLogger]     	at org.junit.platform.engine.support.hierarchical.ThrowableCollector.execute(ThrowableCollector.java:74) ~[junit-platform-engine-6.0.3.jar:6.0.3]
2026-08-21T16:48:37.682-0300 [DEBUG] [TestEventLogger]     	at org.junit.platform.engine.support.hierarchical.NodeTestTask.prepare(NodeTestTask.java:144) ~[junit-platform-engine-6.0.3.jar:6.0.3]
2026-08-21T16:48:37.682-0300 [DEBUG] [TestEventLogger]     	at org.junit.platform.engine.support.hierarchical.NodeTestTask.execute(NodeTestTask.java:110) ~[junit-platform-engine-6.0.3.jar:6.0.3]
2026-08-21T16:48:37.682-0300 [DEBUG] [TestEventLogger]     	at java.base/java.util.ArrayList.forEach(ArrayList.java:1596) ~[na:na]
2026-08-21T16:48:37.682-0300 [DEBUG] [TestEventLogger]     	at org.junit.platform.engine.support.hierarchical.SameThreadHierarchicalTestExecutorService.invokeAll(SameThreadHierarchicalTestExecutorService.java:42) ~[junit-platform-engine-6.0.3.jar:6.0.3]
2026-08-21T16:48:37.682-0300 [DEBUG] [TestEventLogger]     	at org.junit.platform.engine.support.hierarchical.NodeTestTask.lambda$executeRecursively$2(NodeTestTask.java:180) ~[junit-platform-engine-6.0.3.jar:6.0.3]
2026-08-21T16:48:37.682-0300 [DEBUG] [TestEventLogger]     	at org.junit.platform.engine.support.hierarchical.ThrowableCollector.execute(ThrowableCollector.java:74) ~[junit-platform-engine-6.0.3.jar:6.0.3]
2026-08-21T16:48:37.682-0300 [DEBUG] [TestEventLogger]     	at org.junit.platform.engine.support.hierarchical.NodeTestTask.lambda$executeRecursively$1(NodeTestTask.java:166) ~[junit-platform-engine-6.0.3.jar:6.0.3]
2026-08-21T16:48:37.682-0300 [DEBUG] [TestEventLogger]     	at org.junit.platform.engine.support.hierarchical.Node.around(Node.java:138) ~[junit-platform-engine-6.0.3.jar:6.0.3]
2026-08-21T16:48:37.682-0300 [DEBUG] [TestEventLogger]     	at org.junit.platform.engine.support.hierarchical.NodeTestTask.lambda$executeRecursively$0(NodeTestTask.java:164) ~[junit-platform-engine-6.0.3.jar:6.0.3]
2026-08-21T16:48:37.682-0300 [DEBUG] [TestEventLogger]     	at org.junit.platform.engine.support.hierarchical.ThrowableCollector.execute(ThrowableCollector.java:74) ~[junit-platform-engine-6.0.3.jar:6.0.3]
2026-08-21T16:48:37.682-0300 [DEBUG] [TestEventLogger]     	at org.junit.platform.engine.support.hierarchical.NodeTestTask.executeRecursively(NodeTestTask.java:163) ~[junit-platform-engine-6.0.3.jar:6.0.3]
2026-08-21T16:48:37.682-0300 [DEBUG] [TestEventLogger]     	at org.junit.platform.engine.support.hierarchical.NodeTestTask.execute(NodeTestTask.java:116) ~[junit-platform-engine-6.0.3.jar:6.0.3]
2026-08-21T16:48:37.682-0300 [DEBUG] [TestEventLogger]     	at java.base/java.util.ArrayList.forEach(ArrayList.java:1596) ~[na:na]
2026-08-21T16:48:37.682-0300 [DEBUG] [TestEventLogger]     	at org.junit.platform.engine.support.hierarchical.SameThreadHierarchicalTestExecutorService.invokeAll(SameThreadHierarchicalTestExecutorService.java:42) ~[junit-platform-engine-6.0.3.jar:6.0.3]
2026-08-21T16:48:37.683-0300 [DEBUG] [TestEventLogger]     	at org.junit.platform.engine.support.hierarchical.NodeTestTask.lambda$executeRecursively$2(NodeTestTask.java:180) ~[junit-platform-engine-6.0.3.jar:6.0.3]
2026-08-21T16:48:37.683-0300 [DEBUG] [TestEventLogger]     	at org.junit.platform.engine.support.hierarchical.ThrowableCollector.execute(ThrowableCollector.java:74) ~[junit-platform-engine-6.0.3.jar:6.0.3]
2026-08-21T16:48:37.683-0300 [DEBUG] [TestEventLogger]     	at org.junit.platform.engine.support.hierarchical.NodeTestTask.lambda$executeRecursively$1(NodeTestTask.java:166) ~[junit-platform-engine-6.0.3.jar:6.0.3]
2026-08-21T16:48:37.683-0300 [DEBUG] [TestEventLogger]     	at org.junit.platform.engine.support.hierarchical.Node.around(Node.java:138) ~[junit-platform-engine-6.0.3.jar:6.0.3]
2026-08-21T16:48:37.683-0300 [DEBUG] [TestEventLogger]     	at org.junit.platform.engine.support.hierarchical.NodeTestTask.lambda$executeRecursively$0(NodeTestTask.java:164) ~[junit-platform-engine-6.0.3.jar:6.0.3]
2026-08-21T16:48:37.683-0300 [DEBUG] [TestEventLogger]     	at org.junit.platform.engine.support.hierarchical.ThrowableCollector.execute(ThrowableCollector.java:74) ~[junit-platform-engine-6.0.3.jar:6.0.3]
2026-08-21T16:48:37.683-0300 [DEBUG] [TestEventLogger]     	at org.junit.platform.engine.support.hierarchical.NodeTestTask.executeRecursively(NodeTestTask.java:163) ~[junit-platform-engine-6.0.3.jar:6.0.3]
2026-08-21T16:48:37.683-0300 [DEBUG] [TestEventLogger]     	at org.junit.platform.engine.support.hierarchical.NodeTestTask.execute(NodeTestTask.java:116) ~[junit-platform-engine-6.0.3.jar:6.0.3]
2026-08-21T16:48:37.683-0300 [DEBUG] [TestEventLogger]     	at org.junit.platform.engine.support.hierarchical.SameThreadHierarchicalTestExecutorService.submit(SameThreadHierarchicalTestExecutorService.java:36) ~[junit-platform-engine-6.0.3.jar:6.0.3]
2026-08-21T16:48:37.683-0300 [DEBUG] [TestEventLogger]     	at org.junit.platform.engine.support.hierarchical.HierarchicalTestExecutor.execute(HierarchicalTestExecutor.java:52) ~[junit-platform-engine-6.0.3.jar:6.0.3]
2026-08-21T16:48:37.683-0300 [DEBUG] [TestEventLogger]     	at org.junit.platform.engine.support.hierarchical.HierarchicalTestEngine.execute(HierarchicalTestEngine.java:58) ~[junit-platform-engine-6.0.3.jar:6.0.3]
2026-08-21T16:48:37.683-0300 [DEBUG] [TestEventLogger]     	at org.junit.platform.launcher.core.EngineExecutionOrchestrator.executeEngine(EngineExecutionOrchestrator.java:246) ~[junit-platform-launcher-6.0.3.jar:6.0.3]
2026-08-21T16:48:37.683-0300 [DEBUG] [TestEventLogger]     	at org.junit.platform.launcher.core.EngineExecutionOrchestrator.failOrExecuteEngine(EngineExecutionOrchestrator.java:218) ~[junit-platform-launcher-6.0.3.jar:6.0.3]
2026-08-21T16:48:37.683-0300 [DEBUG] [TestEventLogger]     	at org.junit.platform.launcher.core.EngineExecutionOrchestrator.execute(EngineExecutionOrchestrator.java:179) ~[junit-platform-launcher-6.0.3.jar:6.0.3]
2026-08-21T16:48:37.683-0300 [DEBUG] [TestEventLogger]     	at org.junit.platform.launcher.core.EngineExecutionOrchestrator.execute(EngineExecutionOrchestrator.java:108) ~[junit-platform-launcher-6.0.3.jar:6.0.3]
2026-08-21T16:48:37.683-0300 [DEBUG] [TestEventLogger]     	at org.junit.platform.launcher.core.EngineExecutionOrchestrator.lambda$execute$0(EngineExecutionOrchestrator.java:66) ~[junit-platform-launcher-6.0.3.jar:6.0.3]
2026-08-21T16:48:37.683-0300 [DEBUG] [TestEventLogger]     	at org.junit.platform.launcher.core.EngineExecutionOrchestrator.withInterceptedStreams(EngineExecutionOrchestrator.java:157) ~[junit-platform-launcher-6.0.3.jar:6.0.3]
2026-08-21T16:48:37.683-0300 [DEBUG] [TestEventLogger]     	at org.junit.platform.launcher.core.EngineExecutionOrchestrator.execute(EngineExecutionOrchestrator.java:65) ~[junit-platform-launcher-6.0.3.jar:6.0.3]
2026-08-21T16:48:37.683-0300 [DEBUG] [TestEventLogger]     	at org.junit.platform.launcher.core.DefaultLauncher.execute(DefaultLauncher.java:125) ~[junit-platform-launcher-6.0.3.jar:6.0.3]
2026-08-21T16:48:37.683-0300 [DEBUG] [TestEventLogger]     	at org.junit.platform.launcher.core.DefaultLauncher.execute(DefaultLauncher.java:114) ~[junit-platform-launcher-6.0.3.jar:6.0.3]
2026-08-21T16:48:37.683-0300 [DEBUG] [TestEventLogger]     	at org.junit.platform.launcher.core.DefaultLauncher.execute(DefaultLauncher.java:93) ~[junit-platform-launcher-6.0.3.jar:6.0.3]
2026-08-21T16:48:37.683-0300 [DEBUG] [TestEventLogger]     	at org.junit.platform.launcher.core.DelegatingLauncher.execute(DelegatingLauncher.java:48) ~[junit-platform-launcher-6.0.3.jar:6.0.3]
2026-08-21T16:48:37.683-0300 [DEBUG] [TestEventLogger]     	at org.junit.platform.launcher.core.InterceptingLauncher.lambda$execute$0(InterceptingLauncher.java:41) ~[junit-platform-launcher-6.0.3.jar:6.0.3]
2026-08-21T16:48:37.683-0300 [DEBUG] [TestEventLogger]     	at org.junit.platform.launcher.core.ClasspathAlignmentCheckingLauncherInterceptor.intercept(ClasspathAlignmentCheckingLauncherInterceptor.java:25) ~[junit-platform-launcher-6.0.3.jar:6.0.3]
2026-08-21T16:48:37.684-0300 [DEBUG] [TestEventLogger]     	at org.junit.platform.launcher.core.InterceptingLauncher.execute(InterceptingLauncher.java:40) ~[junit-platform-launcher-6.0.3.jar:6.0.3]
2026-08-21T16:48:37.684-0300 [DEBUG] [TestEventLogger]     	at org.junit.platform.launcher.core.DelegatingLauncher.execute(DelegatingLauncher.java:48) ~[junit-platform-launcher-6.0.3.jar:6.0.3]
2026-08-21T16:48:37.684-0300 [DEBUG] [TestEventLogger]     	at org.gradle.api.internal.tasks.testing.junitplatform.JUnitPlatformTestDefinitionProcessor$CollectThenExecuteTestDefinitionConsumer.processAllTestDefinitions(JUnitPlatformTestDefinitionProcessor.java:179) ~[na:na]
2026-08-21T16:48:37.684-0300 [DEBUG] [TestEventLogger]     	at org.gradle.api.internal.tasks.testing.junitplatform.JUnitPlatformTestDefinitionProcessor$CollectThenExecuteTestDefinitionConsumer.access$000(JUnitPlatformTestDefinitionProcessor.java:122) ~[na:na]
2026-08-21T16:48:37.684-0300 [DEBUG] [TestEventLogger]     	at org.gradle.api.internal.tasks.testing.junitplatform.JUnitPlatformTestDefinitionProcessor.stop(JUnitPlatformTestDefinitionProcessor.java:116) ~[na:na]
2026-08-21T16:48:37.684-0300 [DEBUG] [TestEventLogger]     	at org.gradle.api.internal.tasks.testing.SuiteTestDefinitionProcessor.stop(SuiteTestDefinitionProcessor.java:63) ~[na:na]
2026-08-21T16:48:37.684-0300 [DEBUG] [TestEventLogger]     	at java.base/jdk.internal.reflect.DirectMethodHandleAccessor.invoke(DirectMethodHandleAccessor.java:103) ~[na:na]
2026-08-21T16:48:37.684-0300 [DEBUG] [TestEventLogger]     	at java.base/java.lang.reflect.Method.invoke(Method.java:580) ~[na:na]
2026-08-21T16:48:37.684-0300 [DEBUG] [TestEventLogger]     	at org.gradle.internal.dispatch.MethodInvocation.invokeOn(MethodInvocation.java:77) ~[na:na]
2026-08-21T16:48:37.684-0300 [DEBUG] [TestEventLogger]     	at org.gradle.internal.dispatch.ReflectionDispatch.dispatch(ReflectionDispatch.java:28) ~[na:na]
2026-08-21T16:48:37.684-0300 [DEBUG] [TestEventLogger]     	at org.gradle.internal.dispatch.ReflectionDispatch.dispatch(ReflectionDispatch.java:19) ~[na:na]
2026-08-21T16:48:37.684-0300 [DEBUG] [TestEventLogger]     	at org.gradle.internal.dispatch.ContextClassLoaderDispatch.dispatch(ContextClassLoaderDispatch.java:33) ~[na:na]
2026-08-21T16:48:37.684-0300 [DEBUG] [TestEventLogger]     	at org.gradle.internal.dispatch.ProxyDispatchAdapter$DispatchingInvocationHandler.invoke(ProxyDispatchAdapter.java:88) ~[na:na]
2026-08-21T16:48:37.684-0300 [DEBUG] [TestEventLogger]     	at jdk.proxy1/jdk.proxy1.$Proxy4.stop(Unknown Source) ~[na:na]
2026-08-21T16:48:37.684-0300 [DEBUG] [TestEventLogger]     	at org.gradle.api.internal.tasks.testing.worker.TestWorker$3.run(TestWorker.java:195) ~[na:na]
2026-08-21T16:48:37.684-0300 [DEBUG] [TestEventLogger]     	at org.gradle.api.internal.tasks.testing.worker.TestWorker.executeAndMaintainThreadName(TestWorker.java:126) ~[na:na]
2026-08-21T16:48:37.684-0300 [DEBUG] [TestEventLogger]     	at org.gradle.api.internal.tasks.testing.worker.TestWorker.execute(TestWorker.java:103) ~[na:na]
2026-08-21T16:48:37.684-0300 [DEBUG] [TestEventLogger]     	at org.gradle.api.internal.tasks.testing.worker.TestWorker.execute(TestWorker.java:63) ~[na:na]
2026-08-21T16:48:37.684-0300 [DEBUG] [TestEventLogger]     	at org.gradle.process.internal.worker.child.ActionExecutionWorker.execute(ActionExecutionWorker.java:56) ~[na:na]
2026-08-21T16:48:37.684-0300 [DEBUG] [TestEventLogger]     	at org.gradle.process.internal.worker.child.SystemApplicationClassLoaderWorker.call(SystemApplicationClassLoaderWorker.java:122) ~[na:na]
2026-08-21T16:48:37.684-0300 [DEBUG] [TestEventLogger]     	at org.gradle.process.internal.worker.child.SystemApplicationClassLoaderWorker.call(SystemApplicationClassLoaderWorker.java:72) ~[na:na]
2026-08-21T16:48:37.684-0300 [DEBUG] [TestEventLogger]     	at worker.org.gradle.process.internal.worker.GradleWorkerMain.run(GradleWorkerMain.java:69) ~[gradle-worker.jar:na]
2026-08-21T16:48:37.684-0300 [DEBUG] [TestEventLogger]     	at worker.org.gradle.process.internal.worker.GradleWorkerMain.main(GradleWorkerMain.java:74) ~[gradle-worker.jar:na]
2026-08-21T16:48:37.684-0300 [DEBUG] [TestEventLogger] 
2026-08-21T16:48:37.685-0300 [DEBUG] [TestEventLogger]     [2m2026-08-21T16:48:37.683-03:00[0;39m [33m WARN[0;39m [35m6202[0;39m [2m--- [${APP_NAME}] [    Test worker] [0;39m[36mo.s.test.context.TestContextManager     [0;39m [2m:[0;39m Caught exception while allowing TestExecutionListener [org.springframework.test.context.web.ServletTestExecutionListener] to prepare test instance [com.starter.spring_bootstrap.SpringBootstrapApplicationTests@459f703f]
2026-08-21T16:48:37.685-0300 [DEBUG] [TestEventLogger] 
2026-08-21T16:48:37.685-0300 [DEBUG] [TestEventLogger]     java.lang.IllegalStateException: Failed to load ApplicationContext for [WebMergedContextConfiguration@7e5843db testClass = com.starter.spring_bootstrap.SpringBootstrapApplicationTests, locations = [], classes = [com.starter.spring_bootstrap.SpringBootstrapApplication], contextInitializerClasses = [], activeProfiles = [], propertySourceDescriptors = [], propertySourceProperties = ["org.springframework.boot.test.context.SpringBootTestContextBootstrapper=true"], contextCustomizers = [org.springframework.boot.test.autoconfigure.OnFailureConditionReportContextCustomizerFactory$OnFailureConditionReportContextCustomizer@62315f22, org.springframework.boot.test.context.PropertyMappingContextCustomizer@0, org.springframework.boot.test.context.filter.ExcludeFilterContextCustomizer@36074e47, org.springframework.boot.test.json.DuplicateJsonObjectContextCustomizerFactory$DuplicateJsonObjectContextCustomizer@6813a331, org.springframework.test.context.support.DynamicPropertiesContextCustomizer@0, org.springframework.boot.web.server.context.SpringBootTestRandomPortContextCustomizer@46baf579, org.springframework.boot.test.context.SpringBootTestAnnotation@e885e8e3], resourceBasePath = "src/main/webapp", contextLoader = org.springframework.boot.test.context.SpringBootContextLoader, parent = null]
2026-08-21T16:48:37.685-0300 [DEBUG] [TestEventLogger]     	at org.springframework.test.context.cache.DefaultCacheAwareContextLoaderDelegate.lambda$loadContext$0(DefaultCacheAwareContextLoaderDelegate.java:195) ~[spring-test-7.0.8.jar:7.0.8]
2026-08-21T16:48:37.685-0300 [DEBUG] [TestEventLogger]     	at org.springframework.test.context.cache.DefaultContextCache.put(DefaultContextCache.java:214) ~[spring-test-7.0.8.jar:7.0.8]
2026-08-21T16:48:37.685-0300 [DEBUG] [TestEventLogger]     	at org.springframework.test.context.cache.DefaultCacheAwareContextLoaderDelegate.loadContext(DefaultCacheAwareContextLoaderDelegate.java:160) ~[spring-test-7.0.8.jar:7.0.8]
2026-08-21T16:48:37.685-0300 [DEBUG] [TestEventLogger]     	at org.springframework.test.context.support.DefaultTestContext.getApplicationContext(DefaultTestContext.java:128) ~[spring-test-7.0.8.jar:7.0.8]
2026-08-21T16:48:37.685-0300 [DEBUG] [TestEventLogger]     	at org.springframework.test.context.web.ServletTestExecutionListener.setUpRequestContextIfNecessary(ServletTestExecutionListener.java:200) ~[spring-test-7.0.8.jar:7.0.8]
2026-08-21T16:48:37.685-0300 [DEBUG] [TestEventLogger]     	at org.springframework.test.context.web.ServletTestExecutionListener.prepareTestInstance(ServletTestExecutionListener.java:139) ~[spring-test-7.0.8.jar:7.0.8]
2026-08-21T16:48:37.685-0300 [DEBUG] [TestEventLogger]     	at org.springframework.test.context.TestContextManager.prepareTestInstance(TestContextManager.java:260) ~[spring-test-7.0.8.jar:7.0.8]
2026-08-21T16:48:37.685-0300 [DEBUG] [TestEventLogger]     	at org.springframework.test.context.junit.jupiter.SpringExtension.postProcessTestInstance(SpringExtension.java:242) ~[spring-test-7.0.8.jar:7.0.8]
2026-08-21T16:48:37.685-0300 [DEBUG] [TestEventLogger]     	at org.junit.jupiter.engine.descriptor.ClassBasedTestDescriptor.lambda$invokeTestInstancePostProcessors$1(ClassBasedTestDescriptor.java:423) ~[junit-jupiter-engine-6.0.3.jar:6.0.3]
2026-08-21T16:48:37.685-0300 [DEBUG] [TestEventLogger]     	at org.junit.jupiter.engine.descriptor.ClassBasedTestDescriptor.executeAndMaskThrowable(ClassBasedTestDescriptor.java:428) ~[junit-jupiter-engine-6.0.3.jar:6.0.3]
2026-08-21T16:48:37.685-0300 [DEBUG] [TestEventLogger]     	at org.junit.jupiter.engine.descriptor.ClassBasedTestDescriptor.lambda$invokeTestInstancePostProcessors$0(ClassBasedTestDescriptor.java:422) ~[junit-jupiter-engine-6.0.3.jar:6.0.3]
2026-08-21T16:48:37.685-0300 [DEBUG] [TestEventLogger]     	at java.base/java.util.stream.ForEachOps$ForEachOp$OfRef.accept(ForEachOps.java:184) ~[na:na]
2026-08-21T16:48:37.685-0300 [DEBUG] [TestEventLogger]     	at java.base/java.util.stream.ReferencePipeline$3$1.accept(ReferencePipeline.java:197) ~[na:na]
2026-08-21T16:48:37.685-0300 [DEBUG] [TestEventLogger]     	at java.base/java.util.stream.ReferencePipeline$2$1.accept(ReferencePipeline.java:179) ~[na:na]
2026-08-21T16:48:37.685-0300 [DEBUG] [TestEventLogger]     	at java.base/java.util.stream.ReferencePipeline$3$1.accept(ReferencePipeline.java:197) ~[na:na]
2026-08-21T16:48:37.685-0300 [DEBUG] [TestEventLogger]     	at java.base/java.util.ArrayList$ArrayListSpliterator.forEachRemaining(ArrayList.java:1708) ~[na:na]
2026-08-21T16:48:37.685-0300 [DEBUG] [TestEventLogger]     	at java.base/java.util.stream.AbstractPipeline.copyInto(AbstractPipeline.java:509) ~[na:na]
2026-08-21T16:48:37.686-0300 [DEBUG] [TestEventLogger]     	at java.base/java.util.stream.AbstractPipeline.wrapAndCopyInto(AbstractPipeline.java:499) ~[na:na]
2026-08-21T16:48:37.686-0300 [DEBUG] [TestEventLogger]     	at java.base/java.util.stream.ForEachOps$ForEachOp.evaluateSequential(ForEachOps.java:151) ~[na:na]
2026-08-21T16:48:37.686-0300 [DEBUG] [TestEventLogger]     	at java.base/java.util.stream.ForEachOps$ForEachOp$OfRef.evaluateSequential(ForEachOps.java:174) ~[na:na]
2026-08-21T16:48:37.686-0300 [DEBUG] [TestEventLogger]     	at java.base/java.util.stream.AbstractPipeline.evaluate(AbstractPipeline.java:234) ~[na:na]
2026-08-21T16:48:37.686-0300 [DEBUG] [TestEventLogger]     	at java.base/java.util.stream.ReferencePipeline.forEach(ReferencePipeline.java:596) ~[na:na]
2026-08-21T16:48:37.686-0300 [DEBUG] [TestEventLogger]     	at org.junit.jupiter.engine.descriptor.ClassBasedTestDescriptor.invokeTestInstancePostProcessors(ClassBasedTestDescriptor.java:422) ~[junit-jupiter-engine-6.0.3.jar:6.0.3]
2026-08-21T16:48:37.686-0300 [DEBUG] [TestEventLogger]     	at org.junit.jupiter.engine.descriptor.ClassBasedTestDescriptor.lambda$instantiateAndPostProcessTestInstance$0(ClassBasedTestDescriptor.java:334) ~[junit-jupiter-engine-6.0.3.jar:6.0.3]
2026-08-21T16:48:37.686-0300 [DEBUG] [TestEventLogger]     	at org.junit.platform.engine.support.hierarchical.ThrowableCollector.execute(ThrowableCollector.java:74) ~[junit-platform-engine-6.0.3.jar:6.0.3]
2026-08-21T16:48:37.686-0300 [DEBUG] [TestEventLogger]     	at org.junit.jupiter.engine.descriptor.ClassBasedTestDescriptor.instantiateAndPostProcessTestInstance(ClassBasedTestDescriptor.java:333) ~[junit-jupiter-engine-6.0.3.jar:6.0.3]
2026-08-21T16:48:37.686-0300 [DEBUG] [TestEventLogger]     	at org.junit.jupiter.engine.descriptor.ClassBasedTestDescriptor.lambda$testInstancesProvider$1(ClassBasedTestDescriptor.java:322) ~[junit-jupiter-engine-6.0.3.jar:6.0.3]
2026-08-21T16:48:37.686-0300 [DEBUG] [TestEventLogger]     	at java.base/java.util.Optional.orElseGet(Optional.java:364) ~[na:na]
2026-08-21T16:48:37.686-0300 [DEBUG] [TestEventLogger]     	at org.junit.jupiter.engine.descriptor.ClassBasedTestDescriptor.lambda$testInstancesProvider$0(ClassBasedTestDescriptor.java:321) ~[junit-jupiter-engine-6.0.3.jar:6.0.3]
2026-08-21T16:48:37.686-0300 [DEBUG] [TestEventLogger]     	at org.junit.jupiter.engine.execution.TestInstancesProvider.getTestInstances(TestInstancesProvider.java:27) ~[junit-jupiter-engine-6.0.3.jar:6.0.3]
2026-08-21T16:48:37.686-0300 [DEBUG] [TestEventLogger]     	at org.junit.jupiter.engine.descriptor.TestMethodTestDescriptor.lambda$prepare$0(TestMethodTestDescriptor.java:127) ~[junit-jupiter-engine-6.0.3.jar:6.0.3]
2026-08-21T16:48:37.686-0300 [DEBUG] [TestEventLogger]     	at org.junit.platform.engine.support.hierarchical.ThrowableCollector.execute(ThrowableCollector.java:74) ~[junit-platform-engine-6.0.3.jar:6.0.3]
2026-08-21T16:48:37.686-0300 [DEBUG] [TestEventLogger]     	at org.junit.jupiter.engine.descriptor.TestMethodTestDescriptor.prepare(TestMethodTestDescriptor.java:126) ~[junit-jupiter-engine-6.0.3.jar:6.0.3]
2026-08-21T16:48:37.686-0300 [DEBUG] [TestEventLogger]     	at org.junit.jupiter.engine.descriptor.TestMethodTestDescriptor.prepare(TestMethodTestDescriptor.java:70) ~[junit-jupiter-engine-6.0.3.jar:6.0.3]
2026-08-21T16:48:37.686-0300 [DEBUG] [TestEventLogger]     	at org.junit.platform.engine.support.hierarchical.NodeTestTask.lambda$prepare$0(NodeTestTask.java:144) ~[junit-platform-engine-6.0.3.jar:6.0.3]
2026-08-21T16:48:37.686-0300 [DEBUG] [TestEventLogger]     	at org.junit.platform.engine.support.hierarchical.ThrowableCollector.execute(ThrowableCollector.java:74) ~[junit-platform-engine-6.0.3.jar:6.0.3]
2026-08-21T16:48:37.686-0300 [DEBUG] [TestEventLogger]     	at org.junit.platform.engine.support.hierarchical.NodeTestTask.prepare(NodeTestTask.java:144) ~[junit-platform-engine-6.0.3.jar:6.0.3]
2026-08-21T16:48:37.686-0300 [DEBUG] [TestEventLogger]     	at org.junit.platform.engine.support.hierarchical.NodeTestTask.execute(NodeTestTask.java:110) ~[junit-platform-engine-6.0.3.jar:6.0.3]
2026-08-21T16:48:37.686-0300 [DEBUG] [TestEventLogger]     	at java.base/java.util.ArrayList.forEach(ArrayList.java:1596) ~[na:na]
2026-08-21T16:48:37.686-0300 [DEBUG] [TestEventLogger]     	at org.junit.platform.engine.support.hierarchical.SameThreadHierarchicalTestExecutorService.invokeAll(SameThreadHierarchicalTestExecutorService.java:42) ~[junit-platform-engine-6.0.3.jar:6.0.3]
2026-08-21T16:48:37.686-0300 [DEBUG] [TestEventLogger]     	at org.junit.platform.engine.support.hierarchical.NodeTestTask.lambda$executeRecursively$2(NodeTestTask.java:180) ~[junit-platform-engine-6.0.3.jar:6.0.3]
2026-08-21T16:48:37.686-0300 [DEBUG] [TestEventLogger]     	at org.junit.platform.engine.support.hierarchical.ThrowableCollector.execute(ThrowableCollector.java:74) ~[junit-platform-engine-6.0.3.jar:6.0.3]
2026-08-21T16:48:37.686-0300 [DEBUG] [TestEventLogger]     	at org.junit.platform.engine.support.hierarchical.NodeTestTask.lambda$executeRecursively$1(NodeTestTask.java:166) ~[junit-platform-engine-6.0.3.jar:6.0.3]
2026-08-21T16:48:37.687-0300 [DEBUG] [TestEventLogger]     	at org.junit.platform.engine.support.hierarchical.Node.around(Node.java:138) ~[junit-platform-engine-6.0.3.jar:6.0.3]
2026-08-21T16:48:37.687-0300 [DEBUG] [TestEventLogger]     	at org.junit.platform.engine.support.hierarchical.NodeTestTask.lambda$executeRecursively$0(NodeTestTask.java:164) ~[junit-platform-engine-6.0.3.jar:6.0.3]
2026-08-21T16:48:37.687-0300 [DEBUG] [TestEventLogger]     	at org.junit.platform.engine.support.hierarchical.ThrowableCollector.execute(ThrowableCollector.java:74) ~[junit-platform-engine-6.0.3.jar:6.0.3]
2026-08-21T16:48:37.687-0300 [DEBUG] [TestEventLogger]     	at org.junit.platform.engine.support.hierarchical.NodeTestTask.executeRecursively(NodeTestTask.java:163) ~[junit-platform-engine-6.0.3.jar:6.0.3]
2026-08-21T16:48:37.687-0300 [DEBUG] [TestEventLogger]     	at org.junit.platform.engine.support.hierarchical.NodeTestTask.execute(NodeTestTask.java:116) ~[junit-platform-engine-6.0.3.jar:6.0.3]
2026-08-21T16:48:37.687-0300 [DEBUG] [TestEventLogger]     	at java.base/java.util.ArrayList.forEach(ArrayList.java:1596) ~[na:na]
2026-08-21T16:48:37.687-0300 [DEBUG] [TestEventLogger]     	at org.junit.platform.engine.support.hierarchical.SameThreadHierarchicalTestExecutorService.invokeAll(SameThreadHierarchicalTestExecutorService.java:42) ~[junit-platform-engine-6.0.3.jar:6.0.3]
2026-08-21T16:48:37.687-0300 [DEBUG] [TestEventLogger]     	at org.junit.platform.engine.support.hierarchical.NodeTestTask.lambda$executeRecursively$2(NodeTestTask.java:180) ~[junit-platform-engine-6.0.3.jar:6.0.3]
2026-08-21T16:48:37.687-0300 [DEBUG] [TestEventLogger]     	at org.junit.platform.engine.support.hierarchical.ThrowableCollector.execute(ThrowableCollector.java:74) ~[junit-platform-engine-6.0.3.jar:6.0.3]
2026-08-21T16:48:37.687-0300 [DEBUG] [TestEventLogger]     	at org.junit.platform.engine.support.hierarchical.NodeTestTask.lambda$executeRecursively$1(NodeTestTask.java:166) ~[junit-platform-engine-6.0.3.jar:6.0.3]
2026-08-21T16:48:37.687-0300 [DEBUG] [TestEventLogger]     	at org.junit.platform.engine.support.hierarchical.Node.around(Node.java:138) ~[junit-platform-engine-6.0.3.jar:6.0.3]
2026-08-21T16:48:37.687-0300 [DEBUG] [TestEventLogger]     	at org.junit.platform.engine.support.hierarchical.NodeTestTask.lambda$executeRecursively$0(NodeTestTask.java:164) ~[junit-platform-engine-6.0.3.jar:6.0.3]
2026-08-21T16:48:37.687-0300 [DEBUG] [TestEventLogger]     	at org.junit.platform.engine.support.hierarchical.ThrowableCollector.execute(ThrowableCollector.java:74) ~[junit-platform-engine-6.0.3.jar:6.0.3]
2026-08-21T16:48:37.687-0300 [DEBUG] [TestEventLogger]     	at org.junit.platform.engine.support.hierarchical.NodeTestTask.executeRecursively(NodeTestTask.java:163) ~[junit-platform-engine-6.0.3.jar:6.0.3]
2026-08-21T16:48:37.687-0300 [DEBUG] [TestEventLogger]     	at org.junit.platform.engine.support.hierarchical.NodeTestTask.execute(NodeTestTask.java:116) ~[junit-platform-engine-6.0.3.jar:6.0.3]
2026-08-21T16:48:37.687-0300 [DEBUG] [TestEventLogger]     	at org.junit.platform.engine.support.hierarchical.SameThreadHierarchicalTestExecutorService.submit(SameThreadHierarchicalTestExecutorService.java:36) ~[junit-platform-engine-6.0.3.jar:6.0.3]
2026-08-21T16:48:37.687-0300 [DEBUG] [TestEventLogger]     	at org.junit.platform.engine.support.hierarchical.HierarchicalTestExecutor.execute(HierarchicalTestExecutor.java:52) ~[junit-platform-engine-6.0.3.jar:6.0.3]
2026-08-21T16:48:37.687-0300 [DEBUG] [TestEventLogger]     	at org.junit.platform.engine.support.hierarchical.HierarchicalTestEngine.execute(HierarchicalTestEngine.java:58) ~[junit-platform-engine-6.0.3.jar:6.0.3]
2026-08-21T16:48:37.687-0300 [DEBUG] [TestEventLogger]     	at org.junit.platform.launcher.core.EngineExecutionOrchestrator.executeEngine(EngineExecutionOrchestrator.java:246) ~[junit-platform-launcher-6.0.3.jar:6.0.3]
2026-08-21T16:48:37.687-0300 [DEBUG] [TestEventLogger]     	at org.junit.platform.launcher.core.EngineExecutionOrchestrator.failOrExecuteEngine(EngineExecutionOrchestrator.java:218) ~[junit-platform-launcher-6.0.3.jar:6.0.3]
2026-08-21T16:48:37.687-0300 [DEBUG] [TestEventLogger]     	at org.junit.platform.launcher.core.EngineExecutionOrchestrator.execute(EngineExecutionOrchestrator.java:179) ~[junit-platform-launcher-6.0.3.jar:6.0.3]
2026-08-21T16:48:37.687-0300 [DEBUG] [TestEventLogger]     	at org.junit.platform.launcher.core.EngineExecutionOrchestrator.execute(EngineExecutionOrchestrator.java:108) ~[junit-platform-launcher-6.0.3.jar:6.0.3]
2026-08-21T16:48:37.688-0300 [DEBUG] [TestEventLogger]     	at org.junit.platform.launcher.core.EngineExecutionOrchestrator.lambda$execute$0(EngineExecutionOrchestrator.java:66) ~[junit-platform-launcher-6.0.3.jar:6.0.3]
2026-08-21T16:48:37.688-0300 [DEBUG] [TestEventLogger]     	at org.junit.platform.launcher.core.EngineExecutionOrchestrator.withInterceptedStreams(EngineExecutionOrchestrator.java:157) ~[junit-platform-launcher-6.0.3.jar:6.0.3]
2026-08-21T16:48:37.688-0300 [DEBUG] [TestEventLogger]     	at org.junit.platform.launcher.core.EngineExecutionOrchestrator.execute(EngineExecutionOrchestrator.java:65) ~[junit-platform-launcher-6.0.3.jar:6.0.3]
2026-08-21T16:48:37.688-0300 [DEBUG] [TestEventLogger]     	at org.junit.platform.launcher.core.DefaultLauncher.execute(DefaultLauncher.java:125) ~[junit-platform-launcher-6.0.3.jar:6.0.3]
2026-08-21T16:48:37.688-0300 [DEBUG] [TestEventLogger]     	at org.junit.platform.launcher.core.DefaultLauncher.execute(DefaultLauncher.java:114) ~[junit-platform-launcher-6.0.3.jar:6.0.3]
2026-08-21T16:48:37.688-0300 [DEBUG] [TestEventLogger]     	at org.junit.platform.launcher.core.DefaultLauncher.execute(DefaultLauncher.java:93) ~[junit-platform-launcher-6.0.3.jar:6.0.3]
2026-08-21T16:48:37.688-0300 [DEBUG] [TestEventLogger]     	at org.junit.platform.launcher.core.DelegatingLauncher.execute(DelegatingLauncher.java:48) ~[junit-platform-launcher-6.0.3.jar:6.0.3]
2026-08-21T16:48:37.688-0300 [DEBUG] [TestEventLogger]     	at org.junit.platform.launcher.core.InterceptingLauncher.lambda$execute$0(InterceptingLauncher.java:41) ~[junit-platform-launcher-6.0.3.jar:6.0.3]
2026-08-21T16:48:37.688-0300 [DEBUG] [TestEventLogger]     	at org.junit.platform.launcher.core.ClasspathAlignmentCheckingLauncherInterceptor.intercept(ClasspathAlignmentCheckingLauncherInterceptor.java:25) ~[junit-platform-launcher-6.0.3.jar:6.0.3]
2026-08-21T16:48:37.688-0300 [DEBUG] [TestEventLogger]     	at org.junit.platform.launcher.core.InterceptingLauncher.execute(InterceptingLauncher.java:40) ~[junit-platform-launcher-6.0.3.jar:6.0.3]
2026-08-21T16:48:37.688-0300 [DEBUG] [TestEventLogger]     	at org.junit.platform.launcher.core.DelegatingLauncher.execute(DelegatingLauncher.java:48) ~[junit-platform-launcher-6.0.3.jar:6.0.3]
2026-08-21T16:48:37.688-0300 [DEBUG] [TestEventLogger]     	at org.gradle.api.internal.tasks.testing.junitplatform.JUnitPlatformTestDefinitionProcessor$CollectThenExecuteTestDefinitionConsumer.processAllTestDefinitions(JUnitPlatformTestDefinitionProcessor.java:179) ~[na:na]
2026-08-21T16:48:37.688-0300 [DEBUG] [TestEventLogger]     	at org.gradle.api.internal.tasks.testing.junitplatform.JUnitPlatformTestDefinitionProcessor$CollectThenExecuteTestDefinitionConsumer.access$000(JUnitPlatformTestDefinitionProcessor.java:122) ~[na:na]
2026-08-21T16:48:37.688-0300 [DEBUG] [TestEventLogger]     	at org.gradle.api.internal.tasks.testing.junitplatform.JUnitPlatformTestDefinitionProcessor.stop(JUnitPlatformTestDefinitionProcessor.java:116) ~[na:na]
2026-08-21T16:48:37.688-0300 [DEBUG] [TestEventLogger]     	at org.gradle.api.internal.tasks.testing.SuiteTestDefinitionProcessor.stop(SuiteTestDefinitionProcessor.java:63) ~[na:na]
2026-08-21T16:48:37.688-0300 [DEBUG] [TestEventLogger]     	at java.base/jdk.internal.reflect.DirectMethodHandleAccessor.invoke(DirectMethodHandleAccessor.java:103) ~[na:na]
2026-08-21T16:48:37.688-0300 [DEBUG] [TestEventLogger]     	at java.base/java.lang.reflect.Method.invoke(Method.java:580) ~[na:na]
2026-08-21T16:48:37.688-0300 [DEBUG] [TestEventLogger]     	at org.gradle.internal.dispatch.MethodInvocation.invokeOn(MethodInvocation.java:77) ~[na:na]
2026-08-21T16:48:37.688-0300 [DEBUG] [TestEventLogger]     	at org.gradle.internal.dispatch.ReflectionDispatch.dispatch(ReflectionDispatch.java:28) ~[na:na]
2026-08-21T16:48:37.688-0300 [DEBUG] [TestEventLogger]     	at org.gradle.internal.dispatch.ReflectionDispatch.dispatch(ReflectionDispatch.java:19) ~[na:na]
2026-08-21T16:48:37.688-0300 [DEBUG] [TestEventLogger]     	at org.gradle.internal.dispatch.ContextClassLoaderDispatch.dispatch(ContextClassLoaderDispatch.java:33) ~[na:na]
2026-08-21T16:48:37.688-0300 [DEBUG] [TestEventLogger]     	at org.gradle.internal.dispatch.ProxyDispatchAdapter$DispatchingInvocationHandler.invoke(ProxyDispatchAdapter.java:88) ~[na:na]
2026-08-21T16:48:37.688-0300 [DEBUG] [TestEventLogger]     	at jdk.proxy1/jdk.proxy1.$Proxy4.stop(Unknown Source) ~[na:na]
2026-08-21T16:48:37.688-0300 [DEBUG] [TestEventLogger]     	at org.gradle.api.internal.tasks.testing.worker.TestWorker$3.run(TestWorker.java:195) ~[na:na]
2026-08-21T16:48:37.689-0300 [DEBUG] [TestEventLogger]     	at org.gradle.api.internal.tasks.testing.worker.TestWorker.executeAndMaintainThreadName(TestWorker.java:126) ~[na:na]
2026-08-21T16:48:37.689-0300 [DEBUG] [TestEventLogger]     	at org.gradle.api.internal.tasks.testing.worker.TestWorker.execute(TestWorker.java:103) ~[na:na]
2026-08-21T16:48:37.689-0300 [DEBUG] [TestEventLogger]     	at org.gradle.api.internal.tasks.testing.worker.TestWorker.execute(TestWorker.java:63) ~[na:na]
2026-08-21T16:48:37.689-0300 [DEBUG] [TestEventLogger]     	at org.gradle.process.internal.worker.child.ActionExecutionWorker.execute(ActionExecutionWorker.java:56) ~[na:na]
2026-08-21T16:48:37.689-0300 [DEBUG] [TestEventLogger]     	at org.gradle.process.internal.worker.child.SystemApplicationClassLoaderWorker.call(SystemApplicationClassLoaderWorker.java:122) ~[na:na]
2026-08-21T16:48:37.689-0300 [DEBUG] [TestEventLogger]     	at org.gradle.process.internal.worker.child.SystemApplicationClassLoaderWorker.call(SystemApplicationClassLoaderWorker.java:72) ~[na:na]
2026-08-21T16:48:37.689-0300 [DEBUG] [TestEventLogger]     	at worker.org.gradle.process.internal.worker.GradleWorkerMain.run(GradleWorkerMain.java:69) ~[gradle-worker.jar:na]
2026-08-21T16:48:37.689-0300 [DEBUG] [TestEventLogger]     	at worker.org.gradle.process.internal.worker.GradleWorkerMain.main(GradleWorkerMain.java:74) ~[gradle-worker.jar:na]
2026-08-21T16:48:37.689-0300 [DEBUG] [TestEventLogger]     Caused by: org.springframework.util.PlaceholderResolutionException: Could not resolve placeholder 'APP_NAME' in value "${APP_NAME}"
2026-08-21T16:48:37.689-0300 [DEBUG] [TestEventLogger]     	at org.springframework.util.PlaceholderResolutionException.withValue(PlaceholderResolutionException.java:81) ~[spring-core-7.0.8.jar:7.0.8]
2026-08-21T16:48:37.689-0300 [DEBUG] [TestEventLogger]     	at org.springframework.util.PlaceholderParser$ParsedValue.resolve(PlaceholderParser.java:296) ~[spring-core-7.0.8.jar:7.0.8]
2026-08-21T16:48:37.689-0300 [DEBUG] [TestEventLogger]     	at org.springframework.util.PlaceholderParser.replacePlaceholders(PlaceholderParser.java:129) ~[spring-core-7.0.8.jar:7.0.8]
2026-08-21T16:48:37.689-0300 [DEBUG] [TestEventLogger]     	at org.springframework.util.PropertyPlaceholderHelper.replacePlaceholders(PropertyPlaceholderHelper.java:96) ~[spring-core-7.0.8.jar:7.0.8]
2026-08-21T16:48:37.689-0300 [DEBUG] [TestEventLogger]     	at org.springframework.core.env.AbstractPropertyResolver.doResolvePlaceholders(AbstractPropertyResolver.java:286) ~[spring-core-7.0.8.jar:7.0.8]
2026-08-21T16:48:37.689-0300 [DEBUG] [TestEventLogger]     	at org.springframework.core.env.AbstractPropertyResolver.resolveRequiredPlaceholders(AbstractPropertyResolver.java:257) ~[spring-core-7.0.8.jar:7.0.8]
2026-08-21T16:48:37.689-0300 [DEBUG] [TestEventLogger]     	at org.springframework.core.env.AbstractPropertyResolver.resolveNestedPlaceholders(AbstractPropertyResolver.java:277) ~[spring-core-7.0.8.jar:7.0.8]
2026-08-21T16:48:37.689-0300 [DEBUG] [TestEventLogger]     	at org.springframework.boot.context.properties.source.ConfigurationPropertySourcesPropertyResolver.getProperty(ConfigurationPropertySourcesPropertyResolver.java:83) ~[spring-boot-4.1.0.jar:4.1.0]
2026-08-21T16:48:37.689-0300 [DEBUG] [TestEventLogger]     	at org.springframework.boot.context.properties.source.ConfigurationPropertySourcesPropertyResolver.getProperty(ConfigurationPropertySourcesPropertyResolver.java:64) ~[spring-boot-4.1.0.jar:4.1.0]
2026-08-21T16:48:37.689-0300 [DEBUG] [TestEventLogger]     	at org.springframework.core.env.AbstractEnvironment.getProperty(AbstractEnvironment.java:552) ~[spring-core-7.0.8.jar:7.0.8]
2026-08-21T16:48:37.689-0300 [DEBUG] [TestEventLogger]     	at org.springframework.boot.context.ContextIdApplicationContextInitializer.getApplicationId(ContextIdApplicationContextInitializer.java:68) ~[spring-boot-4.1.0.jar:4.1.0]
2026-08-21T16:48:37.690-0300 [DEBUG] [TestEventLogger]     	at org.springframework.boot.context.ContextIdApplicationContextInitializer.getContextId(ContextIdApplicationContextInitializer.java:64) ~[spring-boot-4.1.0.jar:4.1.0]
2026-08-21T16:48:37.690-0300 [DEBUG] [TestEventLogger]     	at org.springframework.boot.context.ContextIdApplicationContextInitializer.initialize(ContextIdApplicationContextInitializer.java:54) ~[spring-boot-4.1.0.jar:4.1.0]
2026-08-21T16:48:37.690-0300 [DEBUG] [TestEventLogger]     	at org.springframework.boot.SpringApplication.applyInitializers(SpringApplication.java:623) ~[spring-boot-4.1.0.jar:4.1.0]
2026-08-21T16:48:37.690-0300 [DEBUG] [TestEventLogger]     	at org.springframework.boot.SpringApplication.prepareContext(SpringApplication.java:393) ~[spring-boot-4.1.0.jar:4.1.0]
2026-08-21T16:48:37.690-0300 [DEBUG] [TestEventLogger]     	at org.springframework.boot.SpringApplication.run(SpringApplication.java:320) ~[spring-boot-4.1.0.jar:4.1.0]
2026-08-21T16:48:37.690-0300 [DEBUG] [TestEventLogger]     	at org.springframework.boot.test.context.SpringBootContextLoader.lambda$loadContext$2(SpringBootContextLoader.java:155) ~[spring-boot-test-4.1.0.jar:4.1.0]
2026-08-21T16:48:37.690-0300 [DEBUG] [TestEventLogger]     	at org.springframework.util.function.ThrowingSupplier.get(ThrowingSupplier.java:58) ~[spring-core-7.0.8.jar:7.0.8]
2026-08-21T16:48:37.690-0300 [DEBUG] [TestEventLogger]     	at org.springframework.util.function.ThrowingSupplier.get(ThrowingSupplier.java:46) ~[spring-core-7.0.8.jar:7.0.8]
2026-08-21T16:48:37.690-0300 [DEBUG] [TestEventLogger]     	at org.springframework.boot.SpringApplication.withHook(SpringApplication.java:1465) ~[spring-boot-4.1.0.jar:4.1.0]
2026-08-21T16:48:37.690-0300 [DEBUG] [TestEventLogger]     	at org.springframework.boot.test.context.SpringBootContextLoader$ContextLoaderHook.run(SpringBootContextLoader.java:600) ~[spring-boot-test-4.1.0.jar:4.1.0]
2026-08-21T16:48:37.690-0300 [DEBUG] [TestEventLogger]     	at org.springframework.boot.test.context.SpringBootContextLoader.loadContext(SpringBootContextLoader.java:155) ~[spring-boot-test-4.1.0.jar:4.1.0]
2026-08-21T16:48:37.690-0300 [DEBUG] [TestEventLogger]     	at org.springframework.boot.test.context.SpringBootContextLoader.loadContext(SpringBootContextLoader.java:114) ~[spring-boot-test-4.1.0.jar:4.1.0]
2026-08-21T16:48:37.691-0300 [DEBUG] [TestEventLogger]     	at org.springframework.test.context.cache.DefaultCacheAwareContextLoaderDelegate.loadContextInternal(DefaultCacheAwareContextLoaderDelegate.java:247) ~[spring-test-7.0.8.jar:7.0.8]
2026-08-21T16:48:37.691-0300 [DEBUG] [TestEventLogger]     	at org.springframework.test.context.cache.DefaultCacheAwareContextLoaderDelegate.lambda$loadContext$0(DefaultCacheAwareContextLoaderDelegate.java:167) ~[spring-test-7.0.8.jar:7.0.8]
2026-08-21T16:48:37.691-0300 [DEBUG] [TestEventLogger]     	... 96 common frames omitted
2026-08-21T16:48:37.691-0300 [DEBUG] [TestEventLogger] 
2026-08-21T16:48:37.693-0300 [DEBUG] [TestEventLogger] 
2026-08-21T16:48:37.693-0300 [DEBUG] [TestEventLogger] SpringBootstrapApplicationTests > contextLoads() STARTED
2026-08-21T16:48:37.717-0300 [DEBUG] [TestEventLogger] 
2026-08-21T16:48:37.717-0300 [DEBUG] [TestEventLogger] SpringBootstrapApplicationTests > contextLoads() FAILED
2026-08-21T16:48:37.717-0300 [DEBUG] [TestEventLogger]     java.lang.IllegalStateException: Failed to load ApplicationContext for [WebMergedContextConfiguration@7e5843db testClass = com.starter.spring_bootstrap.SpringBootstrapApplicationTests, locations = [], classes = [com.starter.spring_bootstrap.SpringBootstrapApplication], contextInitializerClasses = [], activeProfiles = [], propertySourceDescriptors = [], propertySourceProperties = ["org.springframework.boot.test.context.SpringBootTestContextBootstrapper=true"], contextCustomizers = [org.springframework.boot.test.autoconfigure.OnFailureConditionReportContextCustomizerFactory$OnFailureConditionReportContextCustomizer@62315f22, org.springframework.boot.test.context.PropertyMappingContextCustomizer@0, org.springframework.boot.test.context.filter.ExcludeFilterContextCustomizer@36074e47, org.springframework.boot.test.json.DuplicateJsonObjectContextCustomizerFactory$DuplicateJsonObjectContextCustomizer@6813a331, org.springframework.test.context.support.DynamicPropertiesContextCustomizer@0, org.springframework.boot.web.server.context.SpringBootTestRandomPortContextCustomizer@46baf579, org.springframework.boot.test.context.SpringBootTestAnnotation@e885e8e3], resourceBasePath = "src/main/webapp", contextLoader = org.springframework.boot.test.context.SpringBootContextLoader, parent = null]
2026-08-21T16:48:37.717-0300 [DEBUG] [TestEventLogger]         at org.springframework.test.context.cache.DefaultCacheAwareContextLoaderDelegate.lambda$loadContext$0(DefaultCacheAwareContextLoaderDelegate.java:195)
2026-08-21T16:48:37.717-0300 [DEBUG] [TestEventLogger]         at org.springframework.test.context.cache.DefaultContextCache.put(DefaultContextCache.java:214)
2026-08-21T16:48:37.717-0300 [DEBUG] [TestEventLogger]         at org.springframework.test.context.cache.DefaultCacheAwareContextLoaderDelegate.loadContext(DefaultCacheAwareContextLoaderDelegate.java:160)
2026-08-21T16:48:37.717-0300 [DEBUG] [TestEventLogger]         at org.springframework.test.context.support.DefaultTestContext.getApplicationContext(DefaultTestContext.java:128)
2026-08-21T16:48:37.717-0300 [DEBUG] [TestEventLogger]         at org.springframework.test.context.web.ServletTestExecutionListener.setUpRequestContextIfNecessary(ServletTestExecutionListener.java:200)
2026-08-21T16:48:37.717-0300 [DEBUG] [TestEventLogger]         at org.springframework.test.context.web.ServletTestExecutionListener.prepareTestInstance(ServletTestExecutionListener.java:139)
2026-08-21T16:48:37.717-0300 [DEBUG] [TestEventLogger]         at org.springframework.test.context.TestContextManager.prepareTestInstance(TestContextManager.java:260)
2026-08-21T16:48:37.717-0300 [DEBUG] [TestEventLogger]         at org.springframework.test.context.junit.jupiter.SpringExtension.postProcessTestInstance(SpringExtension.java:242)
2026-08-21T16:48:37.718-0300 [DEBUG] [TestEventLogger]         at java.base/java.util.stream.ForEachOps$ForEachOp$OfRef.accept(ForEachOps.java:184)
2026-08-21T16:48:37.718-0300 [DEBUG] [TestEventLogger]         at java.base/java.util.stream.ReferencePipeline$3$1.accept(ReferencePipeline.java:197)
2026-08-21T16:48:37.718-0300 [DEBUG] [TestEventLogger]         at java.base/java.util.stream.ReferencePipeline$2$1.accept(ReferencePipeline.java:179)
2026-08-21T16:48:37.718-0300 [DEBUG] [TestEventLogger]         at java.base/java.util.stream.ReferencePipeline$3$1.accept(ReferencePipeline.java:197)
2026-08-21T16:48:37.718-0300 [DEBUG] [TestEventLogger]         at java.base/java.util.ArrayList$ArrayListSpliterator.forEachRemaining(ArrayList.java:1708)
2026-08-21T16:48:37.718-0300 [DEBUG] [TestEventLogger]         at java.base/java.util.stream.AbstractPipeline.copyInto(AbstractPipeline.java:509)
2026-08-21T16:48:37.718-0300 [DEBUG] [TestEventLogger]         at java.base/java.util.stream.AbstractPipeline.wrapAndCopyInto(AbstractPipeline.java:499)
2026-08-21T16:48:37.718-0300 [DEBUG] [TestEventLogger]         at java.base/java.util.stream.ForEachOps$ForEachOp.evaluateSequential(ForEachOps.java:151)
2026-08-21T16:48:37.718-0300 [DEBUG] [TestEventLogger]         at java.base/java.util.stream.ForEachOps$ForEachOp$OfRef.evaluateSequential(ForEachOps.java:174)
2026-08-21T16:48:37.718-0300 [DEBUG] [TestEventLogger]         at java.base/java.util.stream.AbstractPipeline.evaluate(AbstractPipeline.java:234)
2026-08-21T16:48:37.718-0300 [DEBUG] [TestEventLogger]         at java.base/java.util.stream.ReferencePipeline.forEach(ReferencePipeline.java:596)
2026-08-21T16:48:37.718-0300 [DEBUG] [TestEventLogger]         at java.base/java.util.Optional.orElseGet(Optional.java:364)
2026-08-21T16:48:37.718-0300 [DEBUG] [TestEventLogger]         at java.base/java.util.ArrayList.forEach(ArrayList.java:1596)
2026-08-21T16:48:37.718-0300 [DEBUG] [TestEventLogger]         at java.base/java.util.ArrayList.forEach(ArrayList.java:1596)
2026-08-21T16:48:37.718-0300 [DEBUG] [TestEventLogger] 
2026-08-21T16:48:37.718-0300 [DEBUG] [TestEventLogger]         Caused by:
2026-08-21T16:48:37.718-0300 [DEBUG] [TestEventLogger]         org.springframework.util.PlaceholderResolutionException: Could not resolve placeholder 'APP_NAME' in value "${APP_NAME}"
2026-08-21T16:48:37.718-0300 [DEBUG] [TestEventLogger]             at app//org.springframework.util.PlaceholderResolutionException.withValue(PlaceholderResolutionException.java:81)
2026-08-21T16:48:37.718-0300 [DEBUG] [TestEventLogger]             at app//org.springframework.util.PlaceholderParser$ParsedValue.resolve(PlaceholderParser.java:296)
2026-08-21T16:48:37.718-0300 [DEBUG] [TestEventLogger]             at app//org.springframework.util.PlaceholderParser.replacePlaceholders(PlaceholderParser.java:129)
2026-08-21T16:48:37.718-0300 [DEBUG] [TestEventLogger]             at app//org.springframework.util.PropertyPlaceholderHelper.replacePlaceholders(PropertyPlaceholderHelper.java:96)
2026-08-21T16:48:37.718-0300 [DEBUG] [TestEventLogger]             at app//org.springframework.core.env.AbstractPropertyResolver.doResolvePlaceholders(AbstractPropertyResolver.java:286)
2026-08-21T16:48:37.718-0300 [DEBUG] [TestEventLogger]             at app//org.springframework.core.env.AbstractPropertyResolver.resolveRequiredPlaceholders(AbstractPropertyResolver.java:257)
2026-08-21T16:48:37.718-0300 [DEBUG] [TestEventLogger]             at app//org.springframework.core.env.AbstractPropertyResolver.resolveNestedPlaceholders(AbstractPropertyResolver.java:277)
2026-08-21T16:48:37.718-0300 [DEBUG] [TestEventLogger]             at app//org.springframework.boot.context.properties.source.ConfigurationPropertySourcesPropertyResolver.getProperty(ConfigurationPropertySourcesPropertyResolver.java:83)
2026-08-21T16:48:37.718-0300 [DEBUG] [TestEventLogger]             at app//org.springframework.boot.context.properties.source.ConfigurationPropertySourcesPropertyResolver.getProperty(ConfigurationPropertySourcesPropertyResolver.java:64)
2026-08-21T16:48:37.718-0300 [DEBUG] [TestEventLogger]             at app//org.springframework.core.env.AbstractEnvironment.getProperty(AbstractEnvironment.java:552)
2026-08-21T16:48:37.718-0300 [DEBUG] [TestEventLogger]             at app//org.springframework.boot.context.ContextIdApplicationContextInitializer.getApplicationId(ContextIdApplicationContextInitializer.java:68)
2026-08-21T16:48:37.718-0300 [DEBUG] [TestEventLogger]             at app//org.springframework.boot.context.ContextIdApplicationContextInitializer.getContextId(ContextIdApplicationContextInitializer.java:64)
2026-08-21T16:48:37.718-0300 [DEBUG] [TestEventLogger]             at app//org.springframework.boot.context.ContextIdApplicationContextInitializer.initialize(ContextIdApplicationContextInitializer.java:54)
2026-08-21T16:48:37.718-0300 [DEBUG] [TestEventLogger]             at app//org.springframework.boot.SpringApplication.applyInitializers(SpringApplication.java:623)
2026-08-21T16:48:37.718-0300 [DEBUG] [TestEventLogger]             at app//org.springframework.boot.SpringApplication.prepareContext(SpringApplication.java:393)
2026-08-21T16:48:37.718-0300 [DEBUG] [TestEventLogger]             at app//org.springframework.boot.SpringApplication.run(SpringApplication.java:320)
2026-08-21T16:48:37.718-0300 [DEBUG] [TestEventLogger]             at app//org.springframework.boot.test.context.SpringBootContextLoader.lambda$loadContext$2(SpringBootContextLoader.java:155)
2026-08-21T16:48:37.718-0300 [DEBUG] [TestEventLogger]             at app//org.springframework.util.function.ThrowingSupplier.get(ThrowingSupplier.java:58)
2026-08-21T16:48:37.718-0300 [DEBUG] [TestEventLogger]             at app//org.springframework.util.function.ThrowingSupplier.get(ThrowingSupplier.java:46)
2026-08-21T16:48:37.718-0300 [DEBUG] [TestEventLogger]             at app//org.springframework.boot.SpringApplication.withHook(SpringApplication.java:1465)
2026-08-21T16:48:37.718-0300 [DEBUG] [TestEventLogger]             at app//org.springframework.boot.test.context.SpringBootContextLoader$ContextLoaderHook.run(SpringBootContextLoader.java:600)
2026-08-21T16:48:37.718-0300 [DEBUG] [TestEventLogger]             at app//org.springframework.boot.test.context.SpringBootContextLoader.loadContext(SpringBootContextLoader.java:155)
2026-08-21T16:48:37.718-0300 [DEBUG] [TestEventLogger]             at app//org.springframework.boot.test.context.SpringBootContextLoader.loadContext(SpringBootContextLoader.java:114)
2026-08-21T16:48:37.718-0300 [DEBUG] [TestEventLogger]             at app//org.springframework.test.context.cache.DefaultCacheAwareContextLoaderDelegate.loadContextInternal(DefaultCacheAwareContextLoaderDelegate.java:247)
2026-08-21T16:48:37.718-0300 [DEBUG] [TestEventLogger]             at app//org.springframework.test.context.cache.DefaultCacheAwareContextLoaderDelegate.lambda$loadContext$0(DefaultCacheAwareContextLoaderDelegate.java:167)
2026-08-21T16:48:37.718-0300 [DEBUG] [TestEventLogger]             ... 21 more
2026-08-21T16:48:37.719-0300 [DEBUG] [TestEventLogger] 
2026-08-21T16:48:37.719-0300 [DEBUG] [TestEventLogger] SpringBootstrapApplicationTests FAILED
2026-08-21T16:48:37.719-0300 [DEBUG] [TestEventLogger] 
2026-08-21T16:48:37.722-0300 [DEBUG] [TestEventLogger] Gradle Test Executor 7 FAILED
2026-08-21T16:48:37.736-0300 [DEBUG] [org.gradle.internal.resources.AbstractTrackedResourceLock] Dispatch org.gradle.api.internal.tasks.testing.processors.RestartEveryNTestDefinitionProcessor@2db5a002: released lock on worker lease
2026-08-21T16:48:37.737-0300 [DEBUG] [org.gradle.internal.resources.AbstractTrackedResourceLock] Execution worker Thread 2: acquired lock on state of build :
2026-08-21T16:48:37.737-0300 [DEBUG] [org.gradle.internal.resources.AbstractTrackedResourceLock] Execution worker Thread 2: acquired lock on worker lease
2026-08-21T16:48:37.737-0300 [DEBUG] [TestEventLogger] 
2026-08-21T16:48:37.737-0300 [DEBUG] [TestEventLogger] Gradle Test Run :test FAILED
2026-08-21T16:48:37.737-0300 [ERROR] [org.gradle.api.internal.tasks.testing.logging.TestCountLogger] 
1 test completed, 1 failed
2026-08-21T16:48:37.738-0300 [INFO] [org.gradle.api.internal.tasks.testing.report.generic.GenericHtmlTestReportGenerator] Generating HTML test report...
2026-08-21T16:48:37.739-0300 [DEBUG] [org.gradle.internal.operations.DefaultBuildOperationRunner] Build operation 'Delete old generic HTML results' completed
2026-08-21T16:48:37.739-0300 [DEBUG] [org.gradle.internal.resources.AbstractTrackedResourceLock] Execution worker Thread 2: released lock on state of build :
2026-08-21T16:48:37.739-0300 [DEBUG] [org.gradle.internal.resources.AbstractTrackedResourceLock] Execution worker Thread 2: released lock on worker lease
2026-08-21T16:48:37.740-0300 [DEBUG] [org.gradle.internal.operations.DefaultBuildOperationRunner] Build operation 'Generate generic HTML test report for :' completed
2026-08-21T16:48:37.741-0300 [DEBUG] [org.gradle.internal.operations.DefaultBuildOperationRunner] Build operation 'Generate generic HTML test report for :com.starter.spring_bootstrap.SpringBootstrapApplicationTests, :com.starter.spring_bootstrap.SpringBootstrapApplicationTests:contextLoads()' completed
2026-08-21T16:48:37.741-0300 [DEBUG] [org.gradle.internal.resources.AbstractTrackedResourceLock] Execution worker Thread 2: acquired lock on state of build :
2026-08-21T16:48:37.741-0300 [DEBUG] [org.gradle.internal.resources.AbstractTrackedResourceLock] Execution worker Thread 2: acquired lock on worker lease
2026-08-21T16:48:37.741-0300 [INFO] [org.gradle.api.internal.tasks.testing.report.generic.GenericHtmlTestReportGenerator] Finished generating test html results (0.002 secs) into: /Users/claratorres1414/Desktop/spring-bootstrap/build/reports/tests/test
2026-08-21T16:48:37.742-0300 [DEBUG] [org.gradle.internal.operations.DefaultBuildOperationRunner] Build operation 'Delete old JUnit XML results' completed
2026-08-21T16:48:37.742-0300 [DEBUG] [org.gradle.internal.resources.AbstractTrackedResourceLock] Build operations Thread 5: acquired lock on worker lease
2026-08-21T16:48:37.742-0300 [DEBUG] [org.gradle.internal.resources.AbstractTrackedResourceLock] Build operations Thread 5: released lock on worker lease
2026-08-21T16:48:37.743-0300 [DEBUG] [org.gradle.internal.operations.DefaultBuildOperationRunner] Build operation 'Generate junit XML test report for com.starter.spring_bootstrap.SpringBootstrapApplicationTests' completed
2026-08-21T16:48:37.743-0300 [INFO] [org.gradle.api.internal.tasks.testing.junit.result.Binary2JUnitXmlReportGenerator] Finished generating test XML results (0.001 secs) into: /Users/claratorres1414/Desktop/spring-bootstrap/build/test-results/test
2026-08-21T16:48:37.743-0300 [DEBUG] [org.gradle.internal.operations.DefaultBuildOperationRunner] Build operation 'Execute executeTests for :test' completed
2026-08-21T16:48:37.743-0300 [DEBUG] [org.gradle.internal.operations.DefaultBuildOperationRunner] Build operation 'Executing task ':test'' completed
2026-08-21T16:48:37.743-0300 [DEBUG] [org.gradle.internal.vfs.impl.AbstractVirtualFileSystem] Invalidating VFS paths: [/Users/claratorres1414/Desktop/spring-bootstrap/build/test-results/test/binary, /Users/claratorres1414/Desktop/spring-bootstrap/build/reports/tests/test, /Users/claratorres1414/Desktop/spring-bootstrap/build/test-results/test]
2026-08-21T16:48:37.744-0300 [DEBUG] [org.gradle.internal.operations.DefaultBuildOperationRunner] Build operation 'Snapshot outputs after executing task ':test'' completed
2026-08-21T16:48:37.745-0300 [DEBUG] [org.gradle.api.internal.tasks.execution.ResolveTaskExecutionModeExecuter] Removed task artifact state for task ':test' from context.
2026-08-21T16:48:37.745-0300 [DEBUG] [org.gradle.internal.operations.DefaultBuildOperationRunner] Completing Build operation 'Task :test'
2026-08-21T16:48:37.745-0300 [DEBUG] [org.gradle.internal.operations.DefaultBuildOperationRunner] Build operation 'Task :test' completed
2026-08-21T16:48:37.745-0300 [DEBUG] [org.gradle.execution.plan.DefaultFinalizedExecutionPlan] Node :test completed, executed: true
2026-08-21T16:48:37.745-0300 [DEBUG] [org.gradle.execution.plan.DefaultFinalizedExecutionPlan] Node :test failed
2026-08-21T16:48:37.745-0300 [DEBUG] [org.gradle.internal.resources.AbstractTrackedResourceLock] Execution worker Thread 2: released lock on state of build :
2026-08-21T16:48:37.745-0300 [DEBUG] [org.gradle.internal.resources.AbstractTrackedResourceLock] Execution worker Thread 2: released lock on task execution for build :
2026-08-21T16:48:37.745-0300 [DEBUG] [org.gradle.internal.resources.AbstractTrackedResourceLock] Execution worker Thread 2: released lock on worker lease
2026-08-21T16:48:37.745-0300 [DEBUG] [org.gradle.internal.resources.AbstractTrackedResourceLock] Execution worker: acquired lock on worker lease
2026-08-21T16:48:37.745-0300 [DEBUG] [org.gradle.internal.resources.AbstractTrackedResourceLock] Execution worker: released lock on worker lease
2026-08-21T16:48:37.745-0300 [DEBUG] [org.gradle.internal.resources.AbstractTrackedResourceLock] Execution worker Thread 11: acquired lock on worker lease
2026-08-21T16:48:37.745-0300 [DEBUG] [org.gradle.internal.resources.AbstractTrackedResourceLock] Execution worker Thread 11: released lock on worker lease
2026-08-21T16:48:37.745-0300 [DEBUG] [org.gradle.internal.resources.AbstractTrackedResourceLock] included builds: acquired lock on worker lease
2026-08-21T16:48:37.745-0300 [DEBUG] [org.gradle.internal.resources.AbstractTrackedResourceLock] Execution worker Thread 10: acquired lock on worker lease
2026-08-21T16:48:37.745-0300 [DEBUG] [org.gradle.internal.resources.AbstractTrackedResourceLock] Execution worker Thread 10: released lock on worker lease
2026-08-21T16:48:37.745-0300 [DEBUG] [org.gradle.internal.resources.AbstractTrackedResourceLock] Execution worker Thread 9: acquired lock on worker lease
2026-08-21T16:48:37.745-0300 [DEBUG] [org.gradle.internal.resources.AbstractTrackedResourceLock] Execution worker Thread 9: released lock on worker lease
2026-08-21T16:48:37.745-0300 [DEBUG] [org.gradle.internal.resources.AbstractTrackedResourceLock] Execution worker Thread 8: acquired lock on worker lease
2026-08-21T16:48:37.745-0300 [DEBUG] [org.gradle.internal.resources.AbstractTrackedResourceLock] Execution worker Thread 8: released lock on worker lease
2026-08-21T16:48:37.745-0300 [DEBUG] [org.gradle.internal.resources.AbstractTrackedResourceLock] Execution worker Thread 7: acquired lock on worker lease
2026-08-21T16:48:37.745-0300 [DEBUG] [org.gradle.internal.resources.AbstractTrackedResourceLock] Execution worker Thread 7: released lock on worker lease
2026-08-21T16:48:37.746-0300 [DEBUG] [org.gradle.internal.resources.AbstractTrackedResourceLock] Execution worker Thread 6: acquired lock on worker lease
2026-08-21T16:48:37.746-0300 [DEBUG] [org.gradle.internal.resources.AbstractTrackedResourceLock] Execution worker Thread 6: released lock on worker lease
2026-08-21T16:48:37.746-0300 [DEBUG] [org.gradle.internal.resources.AbstractTrackedResourceLock] Execution worker Thread 5: acquired lock on worker lease
2026-08-21T16:48:37.746-0300 [DEBUG] [org.gradle.internal.resources.AbstractTrackedResourceLock] Execution worker Thread 5: released lock on worker lease
2026-08-21T16:48:37.746-0300 [DEBUG] [org.gradle.internal.resources.AbstractTrackedResourceLock] Execution worker Thread 4: acquired lock on worker lease
2026-08-21T16:48:37.746-0300 [DEBUG] [org.gradle.internal.resources.AbstractTrackedResourceLock] Execution worker Thread 4: released lock on worker lease
2026-08-21T16:48:37.746-0300 [DEBUG] [org.gradle.internal.resources.AbstractTrackedResourceLock] Execution worker Thread 3: acquired lock on worker lease
2026-08-21T16:48:37.746-0300 [DEBUG] [org.gradle.internal.resources.AbstractTrackedResourceLock] Execution worker Thread 3: released lock on worker lease
2026-08-21T16:48:37.746-0300 [DEBUG] [org.gradle.internal.operations.DefaultBuildOperationRunner] Completing Build operation 'Run tasks'
2026-08-21T16:48:37.746-0300 [DEBUG] [org.gradle.internal.operations.DefaultBuildOperationRunner] Build operation 'Run tasks' completed
2026-08-21T16:48:37.746-0300 [DEBUG] [org.gradle.internal.resources.AbstractTrackedResourceLock] included builds: released lock on worker lease
2026-08-21T16:48:37.746-0300 [DEBUG] [org.gradle.internal.resources.AbstractTrackedResourceLock] Execution worker Thread 2: acquired lock on worker lease
2026-08-21T16:48:37.746-0300 [DEBUG] [org.gradle.internal.resources.AbstractTrackedResourceLock] Execution worker Thread 2: released lock on worker lease
2026-08-21T16:48:37.746-0300 [DEBUG] [org.gradle.internal.resources.AbstractTrackedResourceLock] Daemon worker Thread 6: acquired lock on worker lease
2026-08-21T16:48:37.746-0300 [DEBUG] [org.gradle.internal.resources.AbstractTrackedResourceLock] Execution worker Thread 3: acquired lock on worker lease
2026-08-21T16:48:37.746-0300 [DEBUG] [org.gradle.internal.resources.AbstractTrackedResourceLock] Execution worker Thread 3: released lock on worker lease
2026-08-21T16:48:37.746-0300 [DEBUG] [org.gradle.internal.operations.DefaultBuildOperationRunner] Completing Build operation 'Run main tasks'
2026-08-21T16:48:37.746-0300 [DEBUG] [org.gradle.internal.operations.DefaultBuildOperationRunner] Build operation 'Run main tasks' completed
2026-08-21T16:48:37.746-0300 [DEBUG] [org.gradle.internal.resources.AbstractTrackedResourceLock] Execution worker Thread 4: acquired lock on worker lease
2026-08-21T16:48:37.746-0300 [DEBUG] [org.gradle.internal.resources.AbstractTrackedResourceLock] Execution worker Thread 4: released lock on worker lease
2026-08-21T16:48:37.746-0300 [DEBUG] [org.gradle.internal.resources.AbstractTrackedResourceLock] Execution worker Thread 5: acquired lock on worker lease
2026-08-21T16:48:37.746-0300 [DEBUG] [org.gradle.internal.resources.AbstractTrackedResourceLock] Execution worker Thread 5: released lock on worker lease
2026-08-21T16:48:37.746-0300 [DEBUG] [org.gradle.internal.resources.AbstractTrackedResourceLock] Execution worker Thread 6: acquired lock on worker lease
2026-08-21T16:48:37.746-0300 [DEBUG] [org.gradle.internal.resources.AbstractTrackedResourceLock] Execution worker Thread 6: released lock on worker lease
2026-08-21T16:48:37.746-0300 [DEBUG] [org.gradle.internal.resources.AbstractTrackedResourceLock] Execution worker Thread 7: acquired lock on worker lease
2026-08-21T16:48:37.746-0300 [DEBUG] [org.gradle.internal.resources.AbstractTrackedResourceLock] Execution worker Thread 7: released lock on worker lease
2026-08-21T16:48:37.746-0300 [DEBUG] [org.gradle.internal.resources.AbstractTrackedResourceLock] Execution worker Thread 8: acquired lock on worker lease
2026-08-21T16:48:37.746-0300 [DEBUG] [org.gradle.internal.resources.AbstractTrackedResourceLock] Execution worker Thread 8: released lock on worker lease
2026-08-21T16:48:37.746-0300 [DEBUG] [org.gradle.internal.resources.AbstractTrackedResourceLock] Execution worker Thread 9: acquired lock on worker lease
2026-08-21T16:48:37.746-0300 [DEBUG] [org.gradle.internal.resources.AbstractTrackedResourceLock] Execution worker Thread 9: released lock on worker lease
2026-08-21T16:48:37.746-0300 [DEBUG] [org.gradle.internal.resources.AbstractTrackedResourceLock] Execution worker Thread 10: acquired lock on worker lease
2026-08-21T16:48:37.746-0300 [DEBUG] [org.gradle.internal.resources.AbstractTrackedResourceLock] Execution worker Thread 10: released lock on worker lease
2026-08-21T16:48:37.746-0300 [DEBUG] [org.gradle.internal.resources.AbstractTrackedResourceLock] Execution worker Thread 11: acquired lock on worker lease
2026-08-21T16:48:37.746-0300 [DEBUG] [org.gradle.internal.resources.AbstractTrackedResourceLock] Execution worker Thread 11: released lock on worker lease
2026-08-21T16:48:37.746-0300 [DEBUG] [org.gradle.internal.resources.AbstractTrackedResourceLock] Execution worker: acquired lock on worker lease
2026-08-21T16:48:37.746-0300 [DEBUG] [org.gradle.internal.resources.AbstractTrackedResourceLock] Execution worker: released lock on worker lease
2026-08-21T16:48:37.746-0300 [DEBUG] [org.gradle.internal.operations.DefaultBuildOperationRunner] Build operation 'Finish root build tree' started
2026-08-21T16:48:37.747-0300 [DEBUG] [org.gradle.internal.resources.AbstractTrackedResourceLock] Daemon worker Thread 6: acquired lock on All projects of :
2026-08-21T16:48:37.747-0300 [DEBUG] [org.gradle.internal.resources.AbstractTrackedResourceLock] Daemon worker Thread 6: released lock on All projects of :
2026-08-21T16:48:37.747-0300 [DEBUG] [org.gradle.internal.resources.AbstractTrackedResourceLock] Execution worker Thread 2: acquired lock on worker lease
2026-08-21T16:48:37.747-0300 [DEBUG] [org.gradle.internal.resources.AbstractTrackedResourceLock] Execution worker Thread 2: released lock on worker lease
2026-08-21T16:48:37.747-0300 [DEBUG] [org.gradle.internal.resources.AbstractTrackedResourceLock] Execution worker: acquired lock on worker lease
2026-08-21T16:48:37.747-0300 [DEBUG] [org.gradle.internal.resources.AbstractTrackedResourceLock] Execution worker: released lock on worker lease
2026-08-21T16:48:37.747-0300 [DEBUG] [org.gradle.internal.resources.AbstractTrackedResourceLock] Execution worker Thread 11: acquired lock on worker lease
2026-08-21T16:48:37.747-0300 [DEBUG] [org.gradle.internal.resources.AbstractTrackedResourceLock] Execution worker Thread 11: released lock on worker lease
2026-08-21T16:48:37.747-0300 [DEBUG] [org.gradle.internal.operations.DefaultBuildOperationRunner] Completing Build operation 'Finish root build tree'
2026-08-21T16:48:37.747-0300 [DEBUG] [org.gradle.internal.operations.DefaultBuildOperationRunner] Build operation 'Finish root build tree' completed
2026-08-21T16:48:37.747-0300 [DEBUG] [org.gradle.internal.resources.AbstractTrackedResourceLock] Execution worker Thread 10: acquired lock on worker lease
2026-08-21T16:48:37.747-0300 [DEBUG] [org.gradle.internal.resources.AbstractTrackedResourceLock] Execution worker Thread 10: released lock on worker lease
2026-08-21T16:48:37.747-0300 [DEBUG] [org.gradle.internal.resources.AbstractTrackedResourceLock] Execution worker Thread 9: acquired lock on worker lease
2026-08-21T16:48:37.747-0300 [DEBUG] [org.gradle.internal.resources.AbstractTrackedResourceLock] Execution worker Thread 9: released lock on worker lease
2026-08-21T16:48:37.747-0300 [DEBUG] [org.gradle.internal.resources.AbstractTrackedResourceLock] Execution worker Thread 8: acquired lock on worker lease
2026-08-21T16:48:37.747-0300 [DEBUG] [org.gradle.internal.resources.AbstractTrackedResourceLock] Execution worker Thread 8: released lock on worker lease
2026-08-21T16:48:37.747-0300 [DEBUG] [org.gradle.internal.resources.AbstractTrackedResourceLock] Execution worker Thread 7: acquired lock on worker lease
2026-08-21T16:48:37.747-0300 [DEBUG] [org.gradle.internal.resources.AbstractTrackedResourceLock] Execution worker Thread 7: released lock on worker lease
2026-08-21T16:48:37.747-0300 [ERROR] [org.gradle.internal.buildevents.BuildExceptionReporter] 
2026-08-21T16:48:37.747-0300 [DEBUG] [org.gradle.internal.resources.AbstractTrackedResourceLock] Execution worker Thread 6: acquired lock on worker lease
2026-08-21T16:48:37.747-0300 [DEBUG] [org.gradle.internal.resources.AbstractTrackedResourceLock] Execution worker Thread 6: released lock on worker lease
2026-08-21T16:48:37.747-0300 [ERROR] [org.gradle.internal.buildevents.BuildExceptionReporter] FAILURE: Build failed with an exception.
2026-08-21T16:48:37.748-0300 [DEBUG] [org.gradle.internal.resources.AbstractTrackedResourceLock] Execution worker Thread 5: acquired lock on worker lease
2026-08-21T16:48:37.748-0300 [DEBUG] [org.gradle.internal.resources.AbstractTrackedResourceLock] Execution worker Thread 5: released lock on worker lease
2026-08-21T16:48:37.748-0300 [ERROR] [org.gradle.internal.buildevents.BuildExceptionReporter] 
2026-08-21T16:48:37.748-0300 [DEBUG] [org.gradle.internal.resources.AbstractTrackedResourceLock] Execution worker Thread 4: acquired lock on worker lease
2026-08-21T16:48:37.748-0300 [DEBUG] [org.gradle.internal.resources.AbstractTrackedResourceLock] Execution worker Thread 4: released lock on worker lease
2026-08-21T16:48:37.748-0300 [ERROR] [org.gradle.internal.buildevents.BuildExceptionReporter] * What went wrong:
2026-08-21T16:48:37.748-0300 [DEBUG] [org.gradle.internal.resources.AbstractTrackedResourceLock] Execution worker Thread 3: acquired lock on worker lease
2026-08-21T16:48:37.748-0300 [ERROR] [org.gradle.internal.buildevents.BuildExceptionReporter] Execution failed for task ':test'.
2026-08-21T16:48:37.748-0300 [DEBUG] [org.gradle.internal.resources.AbstractTrackedResourceLock] Execution worker Thread 3: released lock on worker lease
2026-08-21T16:48:37.748-0300 [ERROR] [org.gradle.internal.buildevents.BuildExceptionReporter] > There were failing tests. See the report at: file:///Users/claratorres1414/Desktop/spring-bootstrap/build/reports/tests/test/index.html
2026-08-21T16:48:37.748-0300 [ERROR] [org.gradle.internal.buildevents.BuildExceptionReporter] 
2026-08-21T16:48:37.748-0300 [ERROR] [org.gradle.internal.buildevents.BuildExceptionReporter] * Try:
2026-08-21T16:48:37.748-0300 [ERROR] [org.gradle.internal.buildevents.BuildExceptionReporter] > Run with --scan to get full insights from a Build Scan (powered by Develocity).
2026-08-21T16:48:37.748-0300 [ERROR] [org.gradle.internal.buildevents.BuildResultLogger] 
2026-08-21T16:48:37.748-0300 [ERROR] [org.gradle.internal.buildevents.BuildResultLogger] BUILD FAILED in 2s
2026-08-21T16:48:37.748-0300 [LIFECYCLE] [org.gradle.internal.buildevents.TaskExecutionStatisticsReporter] 4 actionable tasks: 1 executed, 3 up-to-date
2026-08-21T16:48:37.748-0300 [DEBUG] [org.gradle.internal.operations.DefaultBuildOperationRunner] Build operation 'Build finished for file system watching' started
2026-08-21T16:48:37.749-0300 [INFO] [org.gradle.internal.watch.registry.impl.HierarchicalFileWatcherUpdater] Watched directory hierarchies: [/Users/claratorres1414/Desktop/spring-bootstrap]
2026-08-21T16:48:37.749-0300 [DEBUG] [org.gradle.internal.operations.DefaultBuildOperationRunner] Completing Build operation 'Build finished for file system watching'
2026-08-21T16:48:37.749-0300 [DEBUG] [org.gradle.internal.operations.DefaultBuildOperationRunner] Build operation 'Build finished for file system watching' completed
2026-08-21T16:48:37.749-0300 [DEBUG] [org.gradle.internal.operations.DefaultBuildOperationRunner] Build operation 'Develocity plugin build finished' started
2026-08-21T16:48:37.749-0300 [DEBUG] [org.gradle.internal.operations.DefaultBuildOperationRunner] Completing Build operation 'Develocity plugin build finished'
2026-08-21T16:48:37.749-0300 [DEBUG] [org.gradle.internal.operations.DefaultBuildOperationRunner] Build operation 'Develocity plugin build finished' completed
2026-08-21T16:48:37.750-0300 [DEBUG] [org.gradle.cache.internal.LockOnDemandCrossProcessCacheAccess] Releasing file lock for cache directory md-supplier (/Users/claratorres1414/.gradle/caches/9.5.1/md-supplier)
2026-08-21T16:48:37.750-0300 [DEBUG] [org.gradle.cache.internal.DefaultFileLockManager] Releasing lock on cache directory md-supplier (/Users/claratorres1414/.gradle/caches/9.5.1/md-supplier).
2026-08-21T16:48:37.750-0300 [DEBUG] [org.gradle.cache.internal.LockOnDemandCrossProcessCacheAccess] Releasing file lock for Build Output Cleanup Cache (/Users/claratorres1414/Desktop/spring-bootstrap/.gradle/buildOutputCleanup)
2026-08-21T16:48:37.750-0300 [DEBUG] [org.gradle.cache.internal.btree.BTreePersistentIndexedCache] Closing cache outputFiles.bin (/Users/claratorres1414/Desktop/spring-bootstrap/.gradle/buildOutputCleanup/outputFiles.bin)
2026-08-21T16:48:37.750-0300 [DEBUG] [org.gradle.cache.internal.DefaultFileLockManager] Releasing lock on Build Output Cleanup Cache (/Users/claratorres1414/Desktop/spring-bootstrap/.gradle/buildOutputCleanup).
2026-08-21T16:48:37.750-0300 [DEBUG] [org.gradle.cache.internal.LockOnDemandCrossProcessCacheAccess] Releasing file lock for execution history cache (/Users/claratorres1414/Desktop/spring-bootstrap/.gradle/9.5.1/executionHistory)
2026-08-21T16:48:37.750-0300 [DEBUG] [org.gradle.cache.internal.btree.BTreePersistentIndexedCache] Closing cache executionHistory.bin (/Users/claratorres1414/Desktop/spring-bootstrap/.gradle/9.5.1/executionHistory/executionHistory.bin)
2026-08-21T16:48:37.750-0300 [DEBUG] [org.gradle.cache.internal.DefaultFileLockManager] Releasing lock on execution history cache (/Users/claratorres1414/Desktop/spring-bootstrap/.gradle/9.5.1/executionHistory).
2026-08-21T16:48:37.751-0300 [DEBUG] [org.gradle.cache.internal.LockOnDemandCrossProcessCacheAccess] Releasing file lock for cache directory md-rule (/Users/claratorres1414/.gradle/caches/9.5.1/md-rule)
2026-08-21T16:48:37.751-0300 [DEBUG] [org.gradle.cache.internal.DefaultFileLockManager] Releasing lock on cache directory md-rule (/Users/claratorres1414/.gradle/caches/9.5.1/md-rule).
2026-08-21T16:48:37.751-0300 [DEBUG] [org.gradle.internal.watch.vfs.impl.WatchingVirtualFileSystem] Handling VFS change MODIFIED /Users/claratorres1414/Desktop/spring-bootstrap/build/reports/tests/test/index.html
2026-08-21T16:48:37.751-0300 [DEBUG] [org.gradle.internal.watch.vfs.impl.WatchingVirtualFileSystem] Handling VFS change MODIFIED /Users/claratorres1414/Desktop/spring-bootstrap/build/reports/tests/test/qXQclqNZyTU/index.html
2026-08-21T16:48:37.751-0300 [DEBUG] [org.gradle.api.internal.artifacts.ivyservice.resolveengine.store.CachedStoreFactory] Resolution result cache closed. Cache reads: 0, disk reads: 0 (avg: 0.0 secs, total: 0.0 secs)
2026-08-21T16:48:37.752-0300 [DEBUG] [org.gradle.api.internal.artifacts.ivyservice.resolveengine.store.CachedStoreFactory] Resolution result cache closed. Cache reads: 10, disk reads: 5 (avg: 0.0 secs, total: 0.001 secs)
2026-08-21T16:48:37.752-0300 [DEBUG] [org.gradle.api.internal.artifacts.ivyservice.resolveengine.store.ResolutionResultsStoreFactory] Deleted 6 resolution results binary files in 0.001 secs
2026-08-21T16:48:37.752-0300 [DEBUG] [org.gradle.internal.operations.DefaultBuildOperationRunner] Completing Build operation 'Run build'
2026-08-21T16:48:37.753-0300 [DEBUG] [org.gradle.internal.operations.DefaultBuildOperationRunner] Build operation 'Run build' completed
2026-08-21T16:48:37.753-0300 [DEBUG] [org.gradle.internal.resources.AbstractTrackedResourceLock] Daemon worker Thread 6: released lock on worker lease
2026-08-21T16:48:37.755-0300 [DEBUG] [org.gradle.deployment.internal.DefaultDeploymentRegistry] Stopping 0 deployment handles
2026-08-21T16:48:37.755-0300 [DEBUG] [org.gradle.deployment.internal.DefaultDeploymentRegistry] Stopped deployment handles
2026-08-21T16:48:37.755-0300 [DEBUG] [org.gradle.cache.internal.LockOnDemandCrossProcessCacheAccess] Releasing file lock for file hash cache (/Users/claratorres1414/Desktop/spring-bootstrap/.gradle/9.5.1/fileHashes)
2026-08-21T16:48:37.755-0300 [DEBUG] [org.gradle.cache.internal.btree.BTreePersistentIndexedCache] Closing cache fileHashes.bin (/Users/claratorres1414/Desktop/spring-bootstrap/.gradle/9.5.1/fileHashes/fileHashes.bin)
2026-08-21T16:48:37.755-0300 [DEBUG] [org.gradle.cache.internal.DefaultFileLockManager] Releasing lock on file hash cache (/Users/claratorres1414/Desktop/spring-bootstrap/.gradle/9.5.1/fileHashes).
2026-08-21T16:48:37.756-0300 [DEBUG] [org.gradle.cache.internal.LockOnDemandCrossProcessCacheAccess] Releasing file lock for checksums cache (/Users/claratorres1414/Desktop/spring-bootstrap/.gradle/9.5.1/checksums)
2026-08-21T16:48:37.756-0300 [DEBUG] [org.gradle.cache.internal.DefaultFileLockManager] Releasing lock on checksums cache (/Users/claratorres1414/Desktop/spring-bootstrap/.gradle/9.5.1/checksums).
2026-08-21T16:48:37.756-0300 [DEBUG] [org.gradle.cache.internal.DefaultCacheCleanupExecutor] VCS Checkout Cache (/Users/claratorres1414/Desktop/spring-bootstrap/.gradle/vcs-1) has last been fully cleaned up 0 hours ago
2026-08-21T16:48:37.756-0300 [DEBUG] [org.gradle.cache.internal.DefaultCacheCleanupExecutor] Skipping cleanup for VCS Checkout Cache (/Users/claratorres1414/Desktop/spring-bootstrap/.gradle/vcs-1) as it is not yet due
2026-08-21T16:48:37.756-0300 [DEBUG] [org.gradle.cache.internal.DefaultCacheCoordinator] Cache VCS Checkout Cache (/Users/claratorres1414/Desktop/spring-bootstrap/.gradle/vcs-1) was closed 0 times.
2026-08-21T16:48:37.756-0300 [DEBUG] [org.gradle.cache.internal.DefaultCacheCoordinator] Cache VCS metadata (/Users/claratorres1414/Desktop/spring-bootstrap/.gradle/9.5.1/vcsMetadata) was closed 0 times.
2026-08-21T16:48:37.756-0300 [DEBUG] [org.gradle.cache.internal.DefaultCacheCoordinator] Cache Compressed Files Expansion Cache (/Users/claratorres1414/Desktop/spring-bootstrap/.gradle/9.5.1/expanded) was closed 0 times.
2026-08-21T16:48:37.756-0300 [DEBUG] [org.gradle.internal.operations.DefaultBuildOperationRunner] Build operation 'Deleting unused version-specific caches in /Users/claratorres1414/Desktop/spring-bootstrap/.gradle' started
2026-08-21T16:48:37.756-0300 [DEBUG] [org.gradle.internal.operations.DefaultBuildOperationRunner] Completing Build operation 'Deleting unused version-specific caches in /Users/claratorres1414/Desktop/spring-bootstrap/.gradle'
2026-08-21T16:48:37.756-0300 [DEBUG] [org.gradle.internal.operations.DefaultBuildOperationRunner] Build operation 'Deleting unused version-specific caches in /Users/claratorres1414/Desktop/spring-bootstrap/.gradle' completed
2026-08-21T16:48:37.769-0300 [DEBUG] [org.gradle.launcher.daemon.server.exec.ExecuteBuild] The daemon has finished executing the build.
2026-08-21T16:48:37.814-0300 [DEBUG] [org.gradle.launcher.daemon.client.DaemonClientConnection] thread 3: dispatching class org.gradle.launcher.daemon.protocol.CloseInput
2026-08-21T16:48:37.815-0300 [DEBUG] [org.gradle.launcher.daemon.client.DaemonClient] Received result Success[value=org.gradle.launcher.exec.BuildActionResult@6492fab5] from daemon DaemonInfo{pid=3855, address=[84728b73-e756-4b01-97ad-8df383ce37aa port:50033, addresses:[/127.0.0.1]], state=Idle, lastBusy=1787341271268, context=DefaultDaemonContext[uid=54c4bf81-9486-4488-80b5-29e5439be90e,javaHome=/Users/claratorres1414/Library/Java/JavaVirtualMachines/openjdk-24.0.1/Contents/Home,javaVersion=24,javaVendor=Oracle Corporation,daemonRegistryDir=/Users/claratorres1414/.gradle/daemon,pid=3855,idleTimeout=10800000,priority=NORMAL,applyInstrumentationAgent=true,nativeServicesMode=ENABLED,daemonOpts=-XX:MaxMetaspaceSize=384m,-XX:+HeapDumpOnOutOfMemoryError,-Xms256m,-Xmx512m,-Dfile.encoding=UTF-8,-Duser.country=BR,-Duser.language=pt,-Duser.variant]} (build should be done).
2026-08-21T16:48:37.815-0300 [DEBUG] [org.gradle.launcher.daemon.client.DaemonClientConnection] thread 3: dispatching class org.gradle.launcher.daemon.protocol.Finished
2026-08-21T16:48:37.815-0300 [DEBUG] [org.gradle.launcher.daemon.client.DaemonClientConnection] thread 3: connection stop
2026-08-21T16:48:37.816-0300 [DEBUG] [org.gradle.cache.internal.DefaultCacheCoordinator] Cache cache directory jvms (/Users/claratorres1414/.gradle/caches/9.5.1/jvms) was closed 0 times.
2026-08-21T16:48:37.816-0300 [LIFECYCLE] [org.gradle.launcher.cli.DebugLoggerWarningAction] 
#############################################################################
   WARNING WARNING WARNING WARNING WARNING WARNING WARNING WARNING WARNING

   Debug level logging will leak security sensitive information!

   For more details, please refer to https://docs.gradle.org/9.5.1/userguide/logging.html#sec:debug_security in the Gradle documentation.
#############################################################################

